Configuration input file is: jedivar.pass2.yaml
Full configuration is:YAMLConfiguration[path=jedivar.pass2.yaml, root={_member => {date => 2026-05-30T20:00:00Z , state variables => (water_vapor_mixing_ratio_wrt_moist_air,air_pressure_at_surface,air_temperature,northward_wind,eastward_wind,cloud_liquid_water,cloud_liquid_ice,rain_water,snow_water,graupel,equivalent_reflectivity_factor,upward_air_velocity) , stream name => ensemble} , output => {filename => mpasout.nc , stream name => analysis} , variational => {minimizer => {algorithm => DRPCG} , iterations => ({geometry => {nml_file => ./namelist.atmosphere , streams_file => ./streams.atmosphere , deallocate non-da fields => true , interpolation type => unstructured} , gradient norm reduction => 0.001 , ninner => 75})} , cost function => {cost type => 3D-Var , time window => {begin => 2026-05-30T18:00:00Z , length => PT4H} , jb evaluation => false , geometry => {nml_file => ./namelist.atmosphere , streams_file => ./streams.atmosphere , deallocate non-da fields => true , interpolation type => unstructured} , analysis variables => (water_vapor_mixing_ratio_wrt_moist_air,air_pressure_at_surface,air_temperature,northward_wind,eastward_wind,cloud_liquid_water,cloud_liquid_ice,rain_water,snow_water,graupel,equivalent_reflectivity_factor,upward_air_velocity) , background => {state variables => (water_vapor_mixing_ratio_wrt_moist_air,air_pressure_at_surface,air_temperature,northward_wind,eastward_wind,air_potential_temperature,dry_air_density,u,water_vapor_mixing_ratio_wrt_dry_air,air_pressure,landmask,seaice_fraction,snowc,skin_temperature_at_surface,ivgtyp,isltyp,snowh,vegetation_area_fraction,air_temperature_at_2m,water_vapor_mixing_ratio_wrt_moist_air_at_2m,eastward_wind_at_10m,northward_wind_at_10m,lai,smois,tslb,pressure_p,cloud_liquid_water,cloud_liquid_ice,graupel,rain_water,snow_water,cldfrac,equivalent_reflectivity_factor,w,upward_air_velocity) , filename => mpasout.nc , date => 2026-05-30T20:00:00Z} , background error => {covariance model => ensemble , localization => {localization method => SABER , saber central block => {saber block name => diffusion , active variables => (water_vapor_mixing_ratio_wrt_moist_air,air_pressure_at_surface,air_temperature,northward_wind,eastward_wind,cloud_liquid_water,cloud_liquid_ice,rain_water,snow_water,graupel,equivalent_reflectivity_factor,upward_air_velocity) , read => {groups => ({variables => (water_vapor_mixing_ratio_wrt_moist_air,air_pressure_at_surface,air_temperature,northward_wind,eastward_wind,cloud_liquid_water,cloud_liquid_ice,rain_water,snow_water,graupel,equivalent_reflectivity_factor,upward_air_velocity) , multivariate strategy => duplicated , horizontal => {filepath => data/diffusionloc/mpas_conus3km.diffusion_hz} , vertical => {levels => 59 , filepath => data/diffusionloc/mpas_conus3km.diffusion_vt}})}}} , members from template => {template => {date => 2026-05-30T20:00:00Z , state variables => (water_vapor_mixing_ratio_wrt_moist_air,air_pressure_at_surface,air_temperature,northward_wind,eastward_wind,cloud_liquid_water,cloud_liquid_ice,rain_water,snow_water,graupel,equivalent_reflectivity_factor,upward_air_velocity) , stream name => ensemble , filename => ./data/ens/mem%iMember%.nc} , pattern => %iMember% , start => 1 , zero padding => 3 , nmembers => 30}} , observations => {observers => ({obs space => {name => refl10cm , distribution => {name => RoundRobin , halo size => 500000} , obsdatain => {engine => {type => H5File , obsfile => data/obs/ioda_mrms_refl.nc , missing file action => warn}} , obsdataout => {engine => {type => H5File , allow overwrite => true , obsfile => jdiag_mrms_refl.nc}} , io pool => {write multiple files => false} , _source => mrms , simulated variables => (equivalentReflectivityFactor)} , obs operator => {name => VertInterp , vertical coordinate => height_above_mean_sea_level , observation vertical coordinate => height , interpolation method => linear , observation alias file => obsop_name_map.yaml} , obs localizations => ({localization method => Horizontal Gaspari-Cohn , lengthscale => 200000}) , _obsname => refl10cm , obs filters => ({filter => Background Check , filter variables => ({name => equivalentReflectivityFactor}) , threshold => 12 , action => {name => reject}})})}}}]
OOPS_STATS ObjectCountHelper started.
OOPS_STATS Run start                                - Runtime:      2.94 sec,  Memory: total:   104.17 GB, per task: min =   128.97 MB, max =   130.55 MB
Run: Starting oops::Variational<MPAS, UFO and IODA observations>
OOPS_STATS Variational start                        - Runtime:     2.94 sec,  Local Memory:   130.55 MB
==> create geom
atlas::mpi::push(world)
Increase halo 1
atlas::mpi::pop(world)
atlas::mpi::push(world)
atlas::mpi::pop(world)
atlas::mpi::push(world)
atlas::mpi::pop(world)
atlas::mpi::push(world)
atlas::mpi::pop(world)
refl10cm: read database from data/obs/ioda_mrms_refl.nc (io pool size: 800)
refl10cm processed vars: 1 Variables: equivalentReflectivityFactor
refl10cm assimilated vars: 1 Variables: equivalentReflectivityFactor
refl10cm: 0 observations are outside of time window out of 3920248
refl10cm: 0 observations were rejected by QC checks out of 3920248
No bias-correction is performed for this ObsSpace.
3DVar window: TimeWindow: start = 2026-05-30T18:00:00Z, end = 2026-05-30T22:00:00Z, inclusive upper bound.

OOPS_STATS IncrementalAssimilation start            - Runtime:    40.17 sec,  Local Memory:     2.49 GB
Running incremental assimilation with 1 outer iterations.
Minimizer algorithm=DRPCG
QNewtonLMP: maxouter : 1
IncrementalAssimilation: Configuration for outer iteration 0:
LocalConfiguration[root={geometry => {nml_file => ./namelist.atmosphere , streams_file => ./streams.atmosphere , deallocate non-da fields => true , interpolation type => unstructured} , gradient norm reduction => 0.001 , ninner => 75 , iteration => 0 , total iterations => 1}]
OOPS_STATS IncrementalAssimilation iteration 0      - Runtime:    40.17 sec,  Local Memory:     2.49 GB
==> create geom
atlas::mpi::push(world)
Increase halo 1
atlas::mpi::pop(world)
atlas::mpi::push(world)
atlas::mpi::pop(world)
atlas::mpi::push(world)
atlas::mpi::pop(world)
atlas::mpi::push(world)
atlas::mpi::pop(world)
Key "mesh[address=0x43b4b60],halo[size=1]" not found in cache "NodeColumnsHaloExchangeCache" , creating new, removable with key "mesh[address=0x43b4b60],halo[size=1]"
Key "mesh[address=0x19fd4190],halo[size=1]" not found in cache "NodeColumnsHaloExchangeCache" , creating new, removable with key "mesh[address=0x19fd4190],halo[size=1]"
processWhere: selected 0 obs.
BackgroundCheck obserr: 
refl10cm equivalentReflectivityFactor nlocs = 3920248, nobs = 3920248, min = 5, max = 5, avg = 5
processing a float: 12
ObsErrorDiagonal covariance updated 3786824
Observer::finalize QC = 
refl10cm equivalentReflectivityFactor nlocs = 3920248, nobs = 3920248, min = 0, max = 19, avg = 0
CostJo Observations: 
refl10cm nobs= 3920248 Min=0, Max=61.8869, RMS=4.05512

Jo Observations:
Jo Obs :refl10cm:equivalentReflectivityFactor   : Nobs=  3786824, Min= 0.000000e+00, Max= 5.994599e+01, RMS= 4.113686e+00
Jo Observations Equivalent:
Jo H(x):refl10cm:equivalentReflectivityFactor   : Nobs=  3786824, Min= 0.000000e+00, Max= 6.263839e+01, RMS= 3.814374e+00
Jo Bias Corrected Departures:
Jo Dep :refl10cm:equivalentReflectivityFactor   : Nobs=  3786824, Min=-5.994599e+01, Max= 5.966399e+01, RMS= 4.168429e+00
Jo Observations Errors:
UFO Diagonal observation error covariance, inverse variances: refl10cm nobs= 3786824 Min=0.04, Max=0.04, RMS=0.04



CostJo   : Nonlinear Jo(refl10cm) = 1.31598e+06, nobs = 3786824, Jo/n = 0.347516, err = 5
CostJo   : Nonlinear Jo = 1.31598e+06
Increment:diff x1 4
Increment:diff x2 35
Increment:diff x1 5
Increment:diff x2 36
Increment:diff x1 6
Increment:diff x2 37
Increment:diff x1 7
Increment:diff x2 38
Increment:diff x1 8
Increment:diff x2 39
Increment:diff x1 9
Increment:diff x2 40
Increment:diff x1 10
Increment:diff x2 41
Increment:diff x1 11
Increment:diff x2 42
Increment:diff x1 12
Increment:diff x2 43
Increment:diff x1 13
Increment:diff x2 44
Increment:diff x1 14
Increment:diff x2 45
Increment:diff x1 15
Increment:diff x2 46
Increment:diff x1 16
Increment:diff x2 47
Increment:diff x1 17
Increment:diff x2 48
Increment:diff x1 18
Increment:diff x2 49
Increment:diff x1 19
Increment:diff x2 50
Increment:diff x1 20
Increment:diff x2 51
Increment:diff x1 21
Increment:diff x2 52
Increment:diff x1 22
Increment:diff x2 53
Increment:diff x1 23
Increment:diff x2 54
Increment:diff x1 24
Increment:diff x2 55
Increment:diff x1 25
Increment:diff x2 56
Increment:diff x1 26
Increment:diff x2 57
Increment:diff x1 27
Increment:diff x2 58
Increment:diff x1 28
Increment:diff x2 59
Increment:diff x1 29
Increment:diff x2 60
Increment:diff x1 30
Increment:diff x2 61
Increment:diff x1 31
Increment:diff x2 62
Increment:diff x1 32
Increment:diff x2 63
Increment:diff x1 33
Increment:diff x2 64
Info     : Prepare ensemble configuration
Info     : Read full ensemble
Info     : Creating central block: 
Info     : SaberCentralBlock using multivariate strategy: deprecated
Info     : Creating single central block.
Info     : Read data

==================================================================================
 saber::Diffusion read
----------------------------------------------------------------------------------

group 1 of 1
atlas::mpi::push(world)
atlas::mpi::pop(world)
variables: [water_vapor_mixing_ratio_wrt_moist_air,air_pressure_at_surface,air_temperature,northward_wind,eastward_wind,cloud_liquid_water,cloud_liquid_ice,rain_water,snow_water,graupel,equivalent_reflectivity_factor,upward_air_velocity]
multivariate strategy: duplicated
Reading horizontal parameters
  levels: 1
Key "mesh[address=0x19fd4190]" not found in cache "NodeColumnsGatherScatterCache" , creating new, removable with key "mesh[address=0x19fd4190]"
  Info     : Reading file: data/diffusionloc/mpas_conus3km.diffusion_hz.nc
atlas::mpi::push(world)
atlas::mpi::pop(world)
  hzScales:  min: 4087.19  mean: 4087.19  max: 4087.19
  hzNorm:    min: 2.4414  mean: 3.71484  max: 4.05626
Reading vertical parameters
  levels: 59
  vertical strategy: normal
  Info     : Reading file: data/diffusionloc/mpas_conus3km.diffusion_vt.nc
atlas::mpi::push(world)
atlas::mpi::pop(world)
  vtScales:  min: 11  mean: 11  max: 11
  vtNorm:    min: 3.7178  mean: 4.83632  max: 5.25235
Diffusion: horizontal iterations: 6
Diffusion: vertical iterations: 242
Increment:diff x1 2
Increment:diff x2 1
==================================================================================

CostJb: FG-BG
  Valid time: 2026-05-30T20:00:00Z
  Resolution: nCellsGlobal = 2341818, nFields = 12
Fld=1  Min=0, Max=0, RMS=0 : water_vapor_mixing_ratio_wrt_moist_air
Fld=2  Min=0, Max=0, RMS=0 : air_pressure_at_surface
Fld=3  Min=0, Max=0, RMS=0 : air_temperature
Fld=4  Min=0, Max=0, RMS=0 : northward_wind
Fld=5  Min=0, Max=0, RMS=0 : eastward_wind
Fld=6  Min=0, Max=0, RMS=0 : cloud_liquid_water
Fld=7  Min=0, Max=0, RMS=0 : cloud_liquid_ice
Fld=8  Min=0, Max=0, RMS=0 : rain_water
Fld=9  Min=0, Max=0, RMS=0 : snow_water
Fld=10  Min=0, Max=0, RMS=0 : graupel
Fld=11  Min=0, Max=0, RMS=0 : equivalent_reflectivity_factor
Fld=12  Min=0, Max=0, RMS=0 : upward_air_velocity
Increment:diff x1 2
Increment:diff x2 1
CostJb: FG-BG
  Valid time: 2026-05-30T20:00:00Z
  Resolution: nCellsGlobal = 2341818, nFields = 12
Fld=1  Min=0, Max=0, RMS=0 : water_vapor_mixing_ratio_wrt_moist_air
Fld=2  Min=0, Max=0, RMS=0 : air_pressure_at_surface
Fld=3  Min=0, Max=0, RMS=0 : air_temperature
Fld=4  Min=0, Max=0, RMS=0 : northward_wind
Fld=5  Min=0, Max=0, RMS=0 : eastward_wind
Fld=6  Min=0, Max=0, RMS=0 : cloud_liquid_water
Fld=7  Min=0, Max=0, RMS=0 : cloud_liquid_ice
Fld=8  Min=0, Max=0, RMS=0 : rain_water
Fld=9  Min=0, Max=0, RMS=0 : snow_water
Fld=10  Min=0, Max=0, RMS=0 : graupel
Fld=11  Min=0, Max=0, RMS=0 : equivalent_reflectivity_factor
Fld=12  Min=0, Max=0, RMS=0 : upward_air_velocity
CostFunction: Nonlinear J = 1.31598e+06
OOPS_STATS IncrementalAssimilation linearize 0      - Runtime:   164.28 sec,  Local Memory:     7.26 GB

DRPCGMinimizer: max iter = 75, requested norm reduction = 0.001
CostFunction::computeGradientFG: gradient:
  Valid time: 2026-05-30T20:00:00Z
  Resolution: nCellsGlobal = 2341818, nFields = 12
Fld=1  Min=0, Max=0, RMS=0 : water_vapor_mixing_ratio_wrt_moist_air
Fld=2  Min=0, Max=0, RMS=0 : air_pressure_at_surface
Fld=3  Min=0, Max=0, RMS=0 : air_temperature
Fld=4  Min=0, Max=0, RMS=0 : northward_wind
Fld=5  Min=0, Max=0, RMS=0 : eastward_wind
Fld=6  Min=0, Max=0, RMS=0 : cloud_liquid_water
Fld=7  Min=0, Max=0, RMS=0 : cloud_liquid_ice
Fld=8  Min=0, Max=0, RMS=0 : rain_water
Fld=9  Min=0, Max=0, RMS=0 : snow_water
Fld=10  Min=0, Max=0, RMS=0 : graupel
Fld=11  Min=-2.07332, Max=1.9471, RMS=0.0160952 : equivalent_reflectivity_factor
Fld=12  Min=0, Max=0, RMS=0 : upward_air_velocity
DRPCGMinimizer rhs
  Valid time: 2026-05-30T20:00:00Z
  Resolution: nCellsGlobal = 2341818, nFields = 12
Fld=1  Min=-0, Max=-0, RMS=0 : water_vapor_mixing_ratio_wrt_moist_air
Fld=2  Min=-0, Max=-0, RMS=0 : air_pressure_at_surface
Fld=3  Min=-0, Max=-0, RMS=0 : air_temperature
Fld=4  Min=-0, Max=-0, RMS=0 : northward_wind
Fld=5  Min=-0, Max=-0, RMS=0 : eastward_wind
Fld=6  Min=-0, Max=-0, RMS=0 : cloud_liquid_water
Fld=7  Min=-0, Max=-0, RMS=0 : cloud_liquid_ice
Fld=8  Min=-0, Max=-0, RMS=0 : rain_water
Fld=9  Min=-0, Max=-0, RMS=0 : snow_water
Fld=10  Min=-0, Max=-0, RMS=0 : graupel
Fld=11  Min=-1.9471, Max=2.07332, RMS=0.0160952 : equivalent_reflectivity_factor
Fld=12  Min=-0, Max=-0, RMS=0 : upward_air_velocity
Initial RHS squared norm = 35793.1
OOPS_STATS DRPCG start                              - Runtime:   164.43 sec,  Local Memory:     7.26 GB
normr0 35793.1
  Residual norm ( 0) = 7504.397731393927
  Norm reduction ( 0) = 1

  Quadratic cost function: J   ( 0) = 1315982.055029808
  Quadratic cost function: Jb  ( 0) = 0
  Quadratic cost function: JoJc( 0) = 1315982.055029808


 DRPCG Starting Iteration 1
OOPS_STATS DRPCG iteration 1                        - Runtime:   170.14 sec,  Local Memory:     7.26 GB
rdots 2.4792e+07      iteration    0
DRPCG end of iteration 1
  Residual norm ( 1) = 4979.159303047568
  Norm reduction ( 1) = 0.6634988551070173

  Quadratic cost function: J   ( 1) = 892270.2334801101
  Quadratic cost function: Jb  ( 1) = 6375.870251747288
  Quadratic cost function: JoJc( 1) = 885894.3632283628

 DRPCG Starting Iteration 2
OOPS_STATS DRPCG iteration 2                        - Runtime:   176.00 sec,  Local Memory:     7.26 GB
rdots 1.29377e+07      iteration    1
DRPCG end of iteration 2
  Residual norm ( 2) = 3596.901567955368
  Norm reduction ( 2) = 0.4793058279557966

  Quadratic cost function: J   ( 2) = 711957.8459683104
  Quadratic cost function: Jb  ( 2) = 15579.89938565934
  Quadratic cost function: JoJc( 2) = 696377.946582651

 DRPCG Starting Iteration 3
OOPS_STATS DRPCG iteration 3                        - Runtime:   181.84 sec,  Local Memory:     7.26 GB
rdots 7.60821e+06      iteration    2
DRPCG end of iteration 3
  Residual norm ( 3) = 2758.298747798965
  Norm reduction ( 3) = 0.3675576437346714

  Quadratic cost function: J   ( 3) = 620620.0859462924
  Quadratic cost function: Jb  ( 3) = 24414.65428173566
  Quadratic cost function: JoJc( 3) = 596205.4316645567

 DRPCG Starting Iteration 4
OOPS_STATS DRPCG iteration 4                        - Runtime:   188.11 sec,  Local Memory:     7.26 GB
rdots 5.06194e+06      iteration    3
DRPCG end of iteration 4
  Residual norm ( 4) = 2249.875164982493
  Norm reduction ( 4) = 0.2998075589158016

  Quadratic cost function: J   ( 4) = 567025.7725581808
  Quadratic cost function: Jb  ( 4) = 32456.92532938918
  Quadratic cost function: JoJc( 4) = 534568.8472287917

 DRPCG Starting Iteration 5
OOPS_STATS DRPCG iteration 5                        - Runtime:   193.99 sec,  Local Memory:     7.26 GB
rdots 3.0785e+06      iteration    4
DRPCG end of iteration 5
  Residual norm ( 5) = 1754.565057146811
  Norm reduction ( 5) = 0.2338049127922361

  Quadratic cost function: J   ( 5) = 528459.7084319033
  Quadratic cost function: Jb  ( 5) = 40728.45740810597
  Quadratic cost function: JoJc( 5) = 487731.2510237973

 DRPCG Starting Iteration 6
rdots 2.21686e+06      iteration    5
DRPCG end of iteration 6
  Residual norm ( 6) = 1488.913668779824
  Norm reduction ( 6) = 0.1984054846335099

  Quadratic cost function: J   ( 6) = 501182.8784405238
  Quadratic cost function: Jb  ( 6) = 48730.10190517882
  Quadratic cost function: JoJc( 6) = 452452.776535345

 DRPCG Starting Iteration 7
rdots 1.67568e+06      iteration    6
DRPCG end of iteration 7
  Residual norm ( 7) = 1294.481035463163
  Norm reduction ( 7) = 0.1724963257274899

  Quadratic cost function: J   ( 7) = 483036.7351222745
  Quadratic cost function: Jb  ( 7) = 55651.34904739057
  Quadratic cost function: JoJc( 7) = 427385.3860748839

 DRPCG Starting Iteration 8
rdots 1.17786e+06      iteration    7
DRPCG end of iteration 8
  Residual norm ( 8) = 1085.292021446759
  Norm reduction ( 8) = 0.1446208024005104

  Quadratic cost function: J   ( 8) = 469669.6444470091
  Quadratic cost function: Jb  ( 8) = 62007.97193855295
  Quadratic cost function: JoJc( 8) = 407661.6725084562

 DRPCG Starting Iteration 9
rdots 838332      iteration    8
DRPCG end of iteration 9
  Residual norm ( 9) = 915.6048918448789
  Norm reduction ( 9) = 0.1220091104732541

  Quadratic cost function: J   ( 9) = 459335.1771686053
  Quadratic cost function: Jb  ( 9) = 68003.75531526215
  Quadratic cost function: JoJc( 9) = 391331.4218533431

 DRPCG Starting Iteration 10
OOPS_STATS DRPCG iteration 10                       - Runtime:   224.29 sec,  Local Memory:     7.26 GB
rdots 704118      iteration    9
DRPCG end of iteration 10
  Residual norm (10) = 839.1172011308835
  Norm reduction (10) = 0.1118167281593455

  Quadratic cost function: J   (10) = 451908.9548445225
  Quadratic cost function: Jb  (10) = 73152.37688231174
  Quadratic cost function: JoJc(10) = 378756.5779622108

 DRPCG Starting Iteration 11
rdots 503896      iteration    10
DRPCG end of iteration 11
  Residual norm (11) = 709.8561179765838
  Norm reduction (11) = 0.09459201702582593

  Quadratic cost function: J   (11) = 446832.6055156535
  Quadratic cost function: Jb  (11) = 77237.38979580109
  Quadratic cost function: JoJc(11) = 369595.2157198524

 DRPCG Starting Iteration 12
rdots 385981      iteration    11
DRPCG end of iteration 12
  Residual norm (12) = 621.2733037310935
  Norm reduction (12) = 0.0827878966398671

  Quadratic cost function: J   (12) = 442541.0557405481
  Quadratic cost function: Jb  (12) = 81190.04272567091
  Quadratic cost function: JoJc(12) = 361351.0130148772

 DRPCG Starting Iteration 13
rdots 283727      iteration    12
DRPCG end of iteration 13
  Residual norm (13) = 532.6601124720029
  Norm reduction (13) = 0.07097972835896885

  Quadratic cost function: J   (13) = 439447.9102983415
  Quadratic cost function: Jb  (13) = 84421.24879797184
  Quadratic cost function: JoJc(13) = 355026.6615003697

 DRPCG Starting Iteration 14
rdots 197534      iteration    13
DRPCG end of iteration 14
  Residual norm (14) = 444.4478317750626
  Norm reduction (14) = 0.05922498349411277

  Quadratic cost function: J   (14) = 436947.3621293495
  Quadratic cost function: Jb  (14) = 87353.71755715788
  Quadratic cost function: JoJc(14) = 349593.6445721916

 DRPCG Starting Iteration 15
OOPS_STATS DRPCG iteration 15                       - Runtime:   254.01 sec,  Local Memory:     7.26 GB
rdots 149987      iteration    14
DRPCG end of iteration 15
  Residual norm (15) = 387.2810131204031
  Norm reduction (15) = 0.05160720779766912

  Quadratic cost function: J   (15) = 434974.9011424953
  Quadratic cost function: Jb  (15) = 89942.70834705976
  Quadratic cost function: JoJc(15) = 345032.1927954355

 DRPCG Starting Iteration 16
rdots 113076      iteration    15
DRPCG end of iteration 16
  Residual norm (16) = 336.267540043759
  Norm reduction (16) = 0.04480939738002106

  Quadratic cost function: J   (16) = 433550.3955405619
  Quadratic cost function: Jb  (16) = 92018.19808141713
  Quadratic cost function: JoJc(16) = 341532.1974591448

 DRPCG Starting Iteration 17
rdots 83115.1      iteration    16
DRPCG end of iteration 17
  Residual norm (17) = 288.296870946545
  Norm reduction (17) = 0.03841705640686963

  Quadratic cost function: J   (17) = 432501.196636298
  Quadratic cost function: Jb  (17) = 93696.77865677873
  Quadratic cost function: JoJc(17) = 338804.4179795192

 DRPCG Starting Iteration 18
rdots 63283.4      iteration    17
DRPCG end of iteration 18
  Residual norm (18) = 251.5619381543302
  Norm reduction (18) = 0.03352193569138067

  Quadratic cost function: J   (18) = 431719.8378525807
  Quadratic cost function: Jb  (18) = 95058.72384036449
  Quadratic cost function: JoJc(18) = 336661.1140122162

 DRPCG Starting Iteration 19
rdots 49668.6      iteration    18
DRPCG end of iteration 19
  Residual norm (19) = 222.8646228310166
  Norm reduction (19) = 0.02969786927719515

  Quadratic cost function: J   (19) = 431137.872623024
  Quadratic cost function: Jb  (19) = 96156.8198667176
  Quadratic cost function: JoJc(19) = 334981.0527563064

 DRPCG Starting Iteration 20
OOPS_STATS DRPCG iteration 20                       - Runtime:   284.04 sec,  Local Memory:     7.26 GB
rdots 37483.3      iteration    19
DRPCG end of iteration 20
  Residual norm (20) = 193.6061052890612
  Norm reduction (20) = 0.02579901975066283

  Quadratic cost function: J   (20) = 430712.5061998019
  Quadratic cost function: Jb  (20) = 97019.68483343987
  Quadratic cost function: JoJc(20) = 333692.821366362

 DRPCG Starting Iteration 21
rdots 28172.1      iteration    20
DRPCG end of iteration 21
  Residual norm (21) = 167.8454673484493
  Norm reduction (21) = 0.02236628086039256

  Quadratic cost function: J   (21) = 430393.5826902483
  Quadratic cost function: Jb  (21) = 97710.95517123872
  Quadratic cost function: JoJc(21) = 332682.6275190095

 DRPCG Starting Iteration 22
rdots 20532.3      iteration    21
DRPCG end of iteration 22
  Residual norm (22) = 143.291073988696
  Norm reduction (22) = 0.01909428032968609

  Quadratic cost function: J   (22) = 430146.2663336368
  Quadratic cost function: Jb  (22) = 98281.78018233612
  Quadratic cost function: JoJc(22) = 331864.4861513007

 DRPCG Starting Iteration 23
rdots 14864.3      iteration    22
DRPCG end of iteration 23
  Residual norm (23) = 121.9194339751118
  Norm reduction (23) = 0.01624639822394722

  Quadratic cost function: J   (23) = 429956.6543371906
  Quadratic cost function: Jb  (23) = 98746.79993928928
  Quadratic cost function: JoJc(23) = 331209.8543979013

 DRPCG Starting Iteration 24
rdots 11205.1      iteration    23
DRPCG end of iteration 24
  Residual norm (24) = 105.8541875847941
  Norm reduction (24) = 0.01410562064720574

  Quadratic cost function: J   (24) = 429809.7237822351
  Quadratic cost function: Jb  (24) = 99129.11805846659
  Quadratic cost function: JoJc(24) = 330680.6057237685

 DRPCG Starting Iteration 25
OOPS_STATS DRPCG iteration 25                       - Runtime:   313.87 sec,  Local Memory:     7.26 GB
rdots 8369.69      iteration    24
DRPCG end of iteration 25
  Residual norm (25) = 91.48602056092822
  Norm reduction (25) = 0.01219098771620343

  Quadratic cost function: J   (25) = 429702.4975472018
  Quadratic cost function: Jb  (25) = 99424.35264609865
  Quadratic cost function: JoJc(25) = 330278.1449011032

 DRPCG Starting Iteration 26
rdots 6189.07      iteration    25
DRPCG end of iteration 26
  Residual norm (26) = 78.67062052577953
  Norm reduction (26) = 0.01048326905657846

  Quadratic cost function: J   (26) = 429622.9760500864
  Quadratic cost function: Jb  (26) = 99655.19229166623
  Quadratic cost function: JoJc(26) = 329967.7837584202

 DRPCG Starting Iteration 27
rdots 4698.8      iteration    26
DRPCG end of iteration 27
  Residual norm (27) = 68.54780667314721
  Norm reduction (27) = 0.009134351499839094

  Quadratic cost function: J   (27) = 429562.5488185321
  Quadratic cost function: Jb  (27) = 99839.71324638592
  Quadratic cost function: JoJc(27) = 329722.8355721462

 DRPCG Starting Iteration 28
rdots 3337.54      iteration    27
DRPCG end of iteration 28
  Residual norm (28) = 57.77143447217466
  Norm reduction (28) = 0.007698343896471987

  Quadratic cost function: J   (28) = 429518.0031433199
  Quadratic cost function: Jb  (28) = 99982.47832517573
  Quadratic cost function: JoJc(28) = 329535.5248181442

 DRPCG Starting Iteration 29
rdots 2452.56      iteration    28
DRPCG end of iteration 29
  Residual norm (29) = 49.52327755793083
  Norm reduction (29) = 0.006599234119848812

  Quadratic cost function: J   (29) = 429484.6603179029
  Quadratic cost function: Jb  (29) = 100094.3851144861
  Quadratic cost function: JoJc(29) = 329390.2752034168

 DRPCG Starting Iteration 30
OOPS_STATS DRPCG iteration 30                       - Runtime:   344.27 sec,  Local Memory:     7.26 GB
rdots 1730.94      iteration    29
DRPCG end of iteration 30
  Residual norm (30) = 41.60461899767813
  Norm reduction (30) = 0.005544031711382941

  Quadratic cost function: J   (30) = 429459.053531344
  Quadratic cost function: Jb  (30) = 100184.3127912509
  Quadratic cost function: JoJc(30) = 329274.7407400932

 DRPCG Starting Iteration 31
rdots 1312.52      iteration    30
DRPCG end of iteration 31
  Residual norm (31) = 36.22871960594164
  Norm reduction (31) = 0.004827665177497492

  Quadratic cost function: J   (31) = 429440.754691351
  Quadratic cost function: Jb  (31) = 100251.4543407728
  Quadratic cost function: JoJc(31) = 329189.3003505782

 DRPCG Starting Iteration 32
rdots 1014.83      iteration    31
DRPCG end of iteration 32
  Residual norm (32) = 31.85640854683792
  Norm reduction (32) = 0.004245032004842933

  Quadratic cost function: J   (32) = 429427.968399005
  Quadratic cost function: Jb  (32) = 100300.3103765522
  Quadratic cost function: JoJc(32) = 329127.6580224528

 DRPCG Starting Iteration 33
rdots 753.376      iteration    32
DRPCG end of iteration 33
  Residual norm (33) = 27.44769409202606
  Norm reduction (33) = 0.003657547890512422

  Quadratic cost function: J   (33) = 429418.4743808799
  Quadratic cost function: Jb  (33) = 100337.9870899236
  Quadratic cost function: JoJc(33) = 329080.4872909563

 DRPCG Starting Iteration 34
rdots 555.949      iteration    33
DRPCG end of iteration 34
  Residual norm (34) = 23.57857403145535
  Norm reduction (34) = 0.003141967533625871

  Quadratic cost function: J   (34) = 429411.3624333481
  Quadratic cost function: Jb  (34) = 100367.2603213992
  Quadratic cost function: JoJc(34) = 329044.1021119488

 DRPCG Starting Iteration 35
OOPS_STATS DRPCG iteration 35                       - Runtime:   375.06 sec,  Local Memory:     7.26 GB
rdots 411.245      iteration    34
DRPCG end of iteration 35
  Residual norm (35) = 20.27917394499235
  Norm reduction (35) = 0.002702305324270911

  Quadratic cost function: J   (35) = 429406.0530203892
  Quadratic cost function: Jb  (35) = 100389.9018844895
  Quadratic cost function: JoJc(35) = 329016.1511358997

 DRPCG Starting Iteration 36
rdots 308.878      iteration    35
DRPCG end of iteration 36
  Residual norm (36) = 17.57492516221688
  Norm reduction (36) = 0.002341950119287238

  Quadratic cost function: J   (36) = 429402.1499072334
  Quadratic cost function: Jb  (36) = 100407.1240086455
  Quadratic cost function: JoJc(36) = 328995.0258985879

 DRPCG Starting Iteration 37
rdots 224.854      iteration    36
DRPCG end of iteration 37
  Residual norm (37) = 14.99512680547753
  Norm reduction (37) = 0.001998178580373859

  Quadratic cost function: J   (37) = 429399.1799665673
  Quadratic cost function: Jb  (37) = 100420.6708248302
  Quadratic cost function: JoJc(37) = 328978.5091417371

 DRPCG Starting Iteration 38
rdots 167.187      iteration    37
DRPCG end of iteration 38
  Residual norm (38) = 12.93009685783976
  Norm reduction (38) = 0.001723002607357542

  Quadratic cost function: J   (38) = 429396.9729265046
  Quadratic cost function: Jb  (38) = 100431.070690616
  Quadratic cost function: JoJc(38) = 328965.9022358885

 DRPCG Starting Iteration 39
rdots 128.406      iteration    38
DRPCG end of iteration 39
  Residual norm (39) = 11.33165330545507
  Norm reduction (39) = 0.001510001696478612

  Quadratic cost function: J   (39) = 429395.3899944156
  Quadratic cost function: Jb  (39) = 100438.7650440062
  Quadratic cost function: JoJc(39) = 328956.6249504094

 DRPCG Starting Iteration 40
OOPS_STATS DRPCG iteration 40                       - Runtime:   405.94 sec,  Local Memory:     7.26 GB
rdots 88.8376      iteration    39
DRPCG end of iteration 40
  Residual norm (40) = 9.425372212783014
  Norm reduction (40) = 0.001255979833445244

  Quadratic cost function: J   (40) = 429394.1582353364
  Quadratic cost function: Jb  (40) = 100444.9362117837
  Quadratic cost function: JoJc(40) = 328949.2220235527

 DRPCG Starting Iteration 41
rdots 64.8532      iteration    40
DRPCG end of iteration 41
  Residual norm (41) = 8.053150788537337
  Norm reduction (41) = 0.001073124196875621

  Quadratic cost function: J   (41) = 429393.2326676503
  Quadratic cost function: Jb  (41) = 100449.715981698
  Quadratic cost function: JoJc(41) = 328943.5166859524

 DRPCG Starting Iteration 42
rdots 48.153      iteration    41
DRPCG end of iteration 42
  Residual norm (42) = 6.939233675030325
  Norm reduction (42) = 0.0009246889521860905

  Quadratic cost function: J   (42) = 429392.5511062823
  Quadratic cost function: Jb  (42) = 100453.3423168198
  Quadratic cost function: JoJc(42) = 328939.2087894625

DRPCG: Achieved required reduction in residual norm.
OOPS_STATS DRPCG end                                - Runtime:   424.57 sec,  Local Memory:     7.26 GB
DRPCGMinimizer: reduction in residual norm = 0.000924689
DRPCGMinimizer output increment:
  Valid time: 2026-05-30T20:00:00Z
  Resolution: nCellsGlobal = 2341818, nFields = 12
Fld=1  Min=-0.0165958, Max=0.0093706, RMS=0.000109868 : water_vapor_mixing_ratio_wrt_moist_air
Fld=2  Min=-143.12, Max=148.33, RMS=2.30334 : air_pressure_at_surface
Fld=3  Min=-10.8295, Max=10.065, RMS=0.0977466 : air_temperature
Fld=4  Min=-31.0806, Max=26.4978, RMS=0.349012 : northward_wind
Fld=5  Min=-42.1414, Max=33.5652, RMS=0.363003 : eastward_wind
Fld=6  Min=-0.0038142, Max=0.00678837, RMS=2.01385e-05 : cloud_liquid_water
Fld=7  Min=-0.00190062, Max=0.0028059, RMS=4.37706e-06 : cloud_liquid_ice
Fld=8  Min=-0.00616673, Max=0.00722014, RMS=3.62471e-05 : rain_water
Fld=9  Min=-0.0055886, Max=0.00583356, RMS=5.14438e-05 : snow_water
Fld=10  Min=-0.007886, Max=0.0114215, RMS=3.25968e-05 : graupel
Fld=11  Min=-84.9847, Max=115.039, RMS=2.22797 : equivalent_reflectivity_factor
Fld=12  Min=0, Max=0, RMS=0 : upward_air_velocity
CostFunction::addIncrement: First guess:
  Valid time: 2026-05-30T20:00:00Z
  Resolution: nCellsGlobal = 2341818, nFields = 35
Fld=1  Min=0, Max=0.0238934, RMS=0.00613135 : water_vapor_mixing_ratio_wrt_moist_air
Fld=2  Min=63133.3, Max=103030, RMS=96565.7 : air_pressure_at_surface
Fld=3  Min=185.542, Max=313.805, RMS=260.451 : air_temperature
Fld=4  Min=-52.7287, Max=57.9604, RMS=8.11789 : northward_wind
Fld=5  Min=-30.028, Max=75.7185, RMS=10.3731 : eastward_wind
Fld=6  Min=270.28, Max=642.12, RMS=355.653 : air_potential_temperature
Fld=7  Min=0.0383986, Max=1.3049, RMS=0.782347 : dry_air_density
Fld=8  Min=-74.777, Max=74.7611, RMS=9.35541 : u
Fld=9  Min=0, Max=0.0244783, RMS=0.00620871 : water_vapor_mixing_ratio_wrt_dry_air
Fld=10  Min=2444.3, Max=102919, RMS=64336.5 : air_pressure
Fld=11  Min=0, Max=1, RMS=0.790008 : landmask
Fld=12  Min=0, Max=1, RMS=0.0414578 : seaice_fraction
Fld=13  Min=0, Max=1, RMS=0.0552059 : snowc
Fld=14  Min=265.39, Max=324.348, RMS=297.848 : skin_temperature_at_surface
Fld=15  Min=1, Max=19, RMS=12.7664 : ivgtyp
Fld=16  Min=1, Max=16, RMS=9.97061 : isltyp
Fld=17  Min=0, Max=7.5, RMS=0.159474 : snowh
Fld=18  Min=0, Max=0.916551, RMS=0.406985 : vegetation_area_fraction
Fld=19  Min=266.673, Max=314.714, RMS=294.763 : air_temperature_at_2m
Fld=20  Min=0.000629028, Max=0.0232991, RMS=0.0114953 : water_vapor_mixing_ratio_wrt_moist_air_at_2m
Fld=21  Min=-22.954, Max=17.9147, RMS=3.84811 : eastward_wind_at_10m
Fld=22  Min=-21.5332, Max=19.386, RMS=4.78869 : northward_wind_at_10m
Fld=23  Min=0, Max=6.54882, RMS=1.62881 : lai
Fld=24  Min=0.00200001, Max=1, RMS=0.634244 : smois
Fld=25  Min=262.359, Max=326.494, RMS=292.929 : tslb
Fld=26  Min=-927.341, Max=5845.3, RMS=3138.68 : pressure_p
Fld=27  Min=0, Max=0.00922814, RMS=4.73911e-05 : cloud_liquid_water
Fld=28  Min=0, Max=0.00315185, RMS=9.16314e-06 : cloud_liquid_ice
Fld=29  Min=0, Max=0.0164902, RMS=4.28535e-05 : graupel
Fld=30  Min=0, Max=0.0111142, RMS=6.80517e-05 : rain_water
Fld=31  Min=0, Max=0.0055352, RMS=7.72334e-05 : snow_water
Fld=32  Min=0, Max=1, RMS=0.210234 : cldfrac
Fld=33  Min=0, Max=74.6935, RMS=4.37093 : equivalent_reflectivity_factor
Fld=34  Min=-9.70922, Max=37.5308, RMS=0.189538 : w
Fld=35  Min=0, Max=0, RMS=0 : upward_air_velocity
CostFunction::addIncrement: Increment:
  Valid time: 2026-05-30T20:00:00Z
  Resolution: nCellsGlobal = 2341818, nFields = 12
Fld=1  Min=-0.0165958, Max=0.0093706, RMS=0.000109868 : water_vapor_mixing_ratio_wrt_moist_air
Fld=2  Min=-143.12, Max=148.33, RMS=2.30334 : air_pressure_at_surface
Fld=3  Min=-10.8295, Max=10.065, RMS=0.0977466 : air_temperature
Fld=4  Min=-31.0806, Max=26.4978, RMS=0.349012 : northward_wind
Fld=5  Min=-42.1414, Max=33.5652, RMS=0.363003 : eastward_wind
Fld=6  Min=-0.0038142, Max=0.00678837, RMS=2.01385e-05 : cloud_liquid_water
Fld=7  Min=-0.00190062, Max=0.0028059, RMS=4.37706e-06 : cloud_liquid_ice
Fld=8  Min=-0.00616673, Max=0.00722014, RMS=3.62471e-05 : rain_water
Fld=9  Min=-0.0055886, Max=0.00583356, RMS=5.14438e-05 : snow_water
Fld=10  Min=-0.007886, Max=0.0114215, RMS=3.25968e-05 : graupel
Fld=11  Min=-84.9847, Max=115.039, RMS=2.22797 : equivalent_reflectivity_factor
Fld=12  Min=0, Max=0, RMS=0 : upward_air_velocity
CostFunction::addIncrement: Analysis: 
  Valid time: 2026-05-30T20:00:00Z
  Resolution: nCellsGlobal = 2341818, nFields = 35
Fld=1  Min=0, Max=0.0241719, RMS=0.0061315 : water_vapor_mixing_ratio_wrt_moist_air
Fld=2  Min=63133.2, Max=103030, RMS=96565.7 : air_pressure_at_surface
Fld=3  Min=184.326, Max=313.805, RMS=260.452 : air_temperature
Fld=4  Min=-52.7287, Max=57.7696, RMS=8.11937 : northward_wind
Fld=5  Min=-54.9504, Max=75.7185, RMS=10.3763 : eastward_wind
Fld=6  Min=270.28, Max=642.12, RMS=355.654 : air_potential_temperature
Fld=7  Min=0.0383986, Max=1.3049, RMS=0.782342 : dry_air_density
Fld=8  Min=-74.777, Max=74.7611, RMS=9.35742 : u
Fld=9  Min=0, Max=0.0247707, RMS=0.00620888 : water_vapor_mixing_ratio_wrt_dry_air
Fld=10  Min=2432.61, Max=102919, RMS=64336.6 : air_pressure
Fld=11  Min=0, Max=1, RMS=0.790008 : landmask
Fld=12  Min=0, Max=1, RMS=0.0414578 : seaice_fraction
Fld=13  Min=0, Max=1, RMS=0.0552059 : snowc
Fld=14  Min=265.39, Max=324.348, RMS=297.848 : skin_temperature_at_surface
Fld=15  Min=1, Max=19, RMS=12.7664 : ivgtyp
Fld=16  Min=1, Max=16, RMS=9.97061 : isltyp
Fld=17  Min=0, Max=7.5, RMS=0.159474 : snowh
Fld=18  Min=0, Max=0.916551, RMS=0.406985 : vegetation_area_fraction
Fld=19  Min=266.673, Max=314.714, RMS=294.769 : air_temperature_at_2m
Fld=20  Min=0.000629028, Max=0.0234294, RMS=0.0114947 : water_vapor_mixing_ratio_wrt_moist_air_at_2m
Fld=21  Min=-22.954, Max=17.9147, RMS=3.84811 : eastward_wind_at_10m
Fld=22  Min=-21.5332, Max=19.386, RMS=4.78869 : northward_wind_at_10m
Fld=23  Min=0, Max=6.54882, RMS=1.62881 : lai
Fld=24  Min=0.00200001, Max=1, RMS=0.634244 : smois
Fld=25  Min=262.359, Max=326.494, RMS=292.929 : tslb
Fld=26  Min=-928.255, Max=5847.82, RMS=3138.77 : pressure_p
Fld=27  Min=0, Max=0.00879633, RMS=4.76568e-05 : cloud_liquid_water
Fld=28  Min=0, Max=0.00283143, RMS=9.42682e-06 : cloud_liquid_ice
Fld=29  Min=0, Max=0.0157982, RMS=4.23481e-05 : graupel
Fld=30  Min=0, Max=0.0106144, RMS=6.42647e-05 : rain_water
Fld=31  Min=0, Max=0.0066183, RMS=8.4949e-05 : snow_water
Fld=32  Min=0, Max=1, RMS=0.210234 : cldfrac
Fld=33  Min=0, Max=115.039, RMS=4.08751 : equivalent_reflectivity_factor
Fld=34  Min=-9.70922, Max=37.5308, RMS=0.189538 : w
Fld=35  Min=0, Max=0, RMS=0 : upward_air_velocity
OOPS_STATS IncrementalAssimilation end              - Runtime:   424.99 sec,  Local Memory:     7.26 GB
Variational: incremental assimilation done 1 iterations.
QC refl10cm equivalentReflectivityFactor: 133415 H(x) failed.
QC refl10cm equivalentReflectivityFactor: 9 rejected by first-guess check.
QC refl10cm equivalentReflectivityFactor: 3786824 passed out of 3920248 observations.
ObsErrorDiagonal covariance updated 3786824
Observer::finalize QC = 
refl10cm equivalentReflectivityFactor nlocs = 3920248, nobs = 3920248, min = 0, max = 19, avg = 0
Jo Observations:
Jo Obs :refl10cm:equivalentReflectivityFactor   : Nobs=  3786824, Min= 0.000000e+00, Max= 5.994599e+01, RMS= 4.113686e+00
Jo Observations Equivalent:
Jo H(x):refl10cm:equivalentReflectivityFactor   : Nobs=  3786824, Min= 0.000000e+00, Max= 6.495132e+01, RMS= 3.532680e+00
Jo Bias Corrected Departures:
Jo Dep :refl10cm:equivalentReflectivityFactor   : Nobs=  3786824, Min=-5.630916e+01, Max= 5.509003e+01, RMS= 2.094204e+00
Jo Observations Errors:
UFO Diagonal observation error covariance, inverse variances: refl10cm nobs= 3786824 Min=0.04, Max=0.04, RMS=0.04



CostJo   : Nonlinear Jo(refl10cm) = 332157, nobs = 3786824, Jo/n = 0.0877138, err = 5
CostJo   : Nonlinear Jo = 332157
Increment:diff x1 2
Increment:diff x2 1
CostJb: FG-BG
  Valid time: 2026-05-30T20:00:00Z
  Resolution: nCellsGlobal = 2341818, nFields = 12
Fld=1  Min=-0.0153315, Max=0.0093706, RMS=0.00010963 : water_vapor_mixing_ratio_wrt_moist_air
Fld=2  Min=-143.12, Max=148.33, RMS=2.30334 : air_pressure_at_surface
Fld=3  Min=-10.8295, Max=10.065, RMS=0.0977466 : air_temperature
Fld=4  Min=-31.0806, Max=26.4978, RMS=0.349012 : northward_wind
Fld=5  Min=-42.1414, Max=33.5652, RMS=0.363003 : eastward_wind
Fld=6  Min=-0.00243143, Max=0.00678837, RMS=1.59582e-05 : cloud_liquid_water
Fld=7  Min=-0.00125423, Max=0.0028059, RMS=3.94008e-06 : cloud_liquid_ice
Fld=8  Min=-0.0056163, Max=0.00722014, RMS=2.55234e-05 : rain_water
Fld=9  Min=-0.00389511, Max=0.00583356, RMS=4.8351e-05 : snow_water
Fld=10  Min=-0.007886, Max=0.0114215, RMS=2.64439e-05 : graupel
Fld=11  Min=-65.4765, Max=115.039, RMS=2.14939 : equivalent_reflectivity_factor
Fld=12  Min=0, Max=0, RMS=0 : upward_air_velocity
CostFunction: Nonlinear J = 332157
OOPS_STATS Variational end                          - Runtime:   430.04 sec,  Local Memory:     7.26 GB
==> destruct MPAS corelist and domain:  0
Tried to erase key "mesh[address=0x43b4b60],halo[size=0]" from cache "NodeColumnsHaloExchangeCache" but it was not found.
Erased key "mesh[address=0x43b4b60],halo[size=1]" from cache "NodeColumnsHaloExchangeCache".
==> destruct MPAS corelist and domain:  1
refl10cm: save database to jdiag_mrms_refl.nc (io pool size: 4)
QC refl10cm equivalentReflectivityFactor: 133415 H(x) failed.
QC refl10cm equivalentReflectivityFactor: 9 rejected by first-guess check.
QC refl10cm equivalentReflectivityFactor: 3786824 passed out of 3920248 observations.
Erased key "mesh[address=0x19fd4190]" from cache "NodeColumnsGatherScatterCache".
Tried to erase key "mesh[address=0x19fd4190],halo[size=0]" from cache "NodeColumnsHaloExchangeCache" but it was not found.
Erased key "mesh[address=0x19fd4190],halo[size=1]" from cache "NodeColumnsHaloExchangeCache".

Run: Finishing oops::Variational<MPAS, UFO and IODA observations>
OOPS_STATS  
OOPS_STATS ----------------------------------------------------------------------------------
OOPS_STATS --------------------------- Object counts ----------------------------------------
OOPS_STATS ----------------------------------------------------------------------------------
OOPS_STATS                                      Total  Simult. Remain    Avg (Mb)    HWM (Mb)
OOPS_STATS ioda::ObsDataVector             :        8       5        
OOPS_STATS ioda::ObsVector                 :      104       8        
OOPS_STATS mpas::Geometry                  :        2       2        
OOPS_STATS mpas::Increment                 :     3054     131        
OOPS_STATS mpas::LinVarChaModel2GeoVars    :        1       1        
OOPS_STATS mpas::ModelBias                 :        4       3        
OOPS_STATS mpas::ModelBiasCovariance       :        1       1        
OOPS_STATS mpas::State                     :       75      34        
OOPS_STATS mpas::VarChaModel2GeoVars       :        3       1        
OOPS_STATS oops::ControlIncrement          :      186      98               15.22     1491.60
OOPS_STATS oops::ControlVariable           :        4       3        
OOPS_STATS oops::Diffusion                 :        1       1        
OOPS_STATS oops::EnsembleCovariance        :        1       1             3554.63     3554.63
OOPS_STATS oops::GeoVaLs                   :       88       1        
OOPS_STATS oops::Geometry                  :        2       2        
OOPS_STATS oops::GetValues                 :        3       2        
OOPS_STATS oops::Increment                 :     2968     131               15.02     1993.88
OOPS_STATS oops::LinearObsOperator         :        1       1        
OOPS_STATS oops::LocalInterpolator         :     2400    1600        
OOPS_STATS oops::Localization              :        1       1        
OOPS_STATS oops::ModelAuxControl           :        4       3        
OOPS_STATS oops::ModelAuxCovariance        :        1       1        
OOPS_STATS oops::ModelAuxIncrement         :      186      98        
OOPS_STATS oops::ObsAuxControl             :        4       3        
OOPS_STATS oops::ObsAuxCovariance          :        1       1        
OOPS_STATS oops::ObsAuxIncrement           :      186      98        
OOPS_STATS oops::ObsAuxIncrements          :      186      98        
OOPS_STATS oops::ObsAuxPreconditioner      :        2       2        
OOPS_STATS oops::ObsDataVector             :        4       4        
OOPS_STATS oops::ObsDiagnostics            :        2       1        
OOPS_STATS oops::ObsError                  :        1       1        
OOPS_STATS oops::ObsOperator               :        2       2        
OOPS_STATS oops::ObsSpace                  :        1       1        
OOPS_STATS oops::ObsSpaces                 :        1       1        
OOPS_STATS oops::ObsVector                 :      104       7                0.04        0.24
OOPS_STATS oops::SampledLocations          :        8       4        
OOPS_STATS oops::State                     :       72      34               21.39      702.08
OOPS_STATS oops::UnstructuredInterpolator  :     2400    1600        
OOPS_STATS oops::VariableChange            :        3       1        
OOPS_STATS ufo::BackgroundCheck            :        1       1        
OOPS_STATS ufo::FinalCheck                 :        2       2        
OOPS_STATS ufo::GeoVaLs                    :       91       2        
OOPS_STATS ufo::ObsBias                    :        4       3        
OOPS_STATS ufo::ObsBiasCovariance          :        1       1        
OOPS_STATS ufo::ObsBiasPreconditioner      :        1       1        
OOPS_STATS ufo::ObsFilter                  :        9       6        
OOPS_STATS ufo::ObsFilterData              :        3       3        
OOPS_STATS ufo::ObsVertInterp              :        2       2        
OOPS_STATS ufo::ObsVertInterpTLAD          :        1       1        
OOPS_STATS ufo::SampledLocations           :        4       3        
OOPS_STATS ----------------------------- Object counts --------------------------------------
OOPS_STATS  
OOPS_STATS --------------------------------------------------------------------------------------------
OOPS_STATS ------------------------------------ Timing Statistics -------------------------------------
OOPS_STATS --------------------------------------------------------------------------------------------
OOPS_STATS Name                                                :   total (ms)   count    time/call (ms)
OOPS_STATS ObsFilter::Background Check::ObsFilter              :         0.88       1            0.8819
OOPS_STATS ObsFilter::Background Check::postFilter             :        19.28       1           19.2770
OOPS_STATS ObsFilter::Background Check::preProcess             :         0.00       1            0.0041
OOPS_STATS ObsFilter::Background Check::priorFilter            :         0.01       1            0.0115
OOPS_STATS ObsFilter::Final Check::ObsFilter                   :         0.68       2            0.3399
OOPS_STATS ObsFilter::Final Check::postFilter                  :         0.05       2            0.0233
OOPS_STATS ObsFilter::Final Check::preProcess                  :         0.00       2            0.0003
OOPS_STATS ObsFilter::Final Check::priorFilter                 :         0.00       2            0.0012
OOPS_STATS ObsFilter::QCmanager::ObsFilter                     :         0.25       2            0.1248
OOPS_STATS ObsFilter::QCmanager::postFilter                    :         0.23       2            0.1159
OOPS_STATS ObsFilter::QCmanager::preProcess                    :         0.00       2            0.0001
OOPS_STATS ObsFilter::QCmanager::priorFilter                   :         0.00       2            0.0001
OOPS_STATS ioda::ObsSpace::get_db(DateTime)                    :         0.74       4            0.1861
OOPS_STATS ioda::ObsSpace::get_db(double)                      :         0.27       5            0.0549
OOPS_STATS ioda::ObsSpace::get_db(float)                       :         0.65      12            0.0544
OOPS_STATS ioda::ObsSpace::load                                :       718.48       1          718.4838
OOPS_STATS ioda::ObsSpace::put_db(double)                      :         0.28       6            0.0475
OOPS_STATS ioda::ObsSpace::put_db(float)                       :         0.08       2            0.0404
OOPS_STATS ioda::ObsSpace::put_db(int)                         :         0.43       2            0.2173
OOPS_STATS mpas::LinVarChaModel2GeoVars::LinVarChaModel2GeoVar :         2.86       1            2.8619
OOPS_STATS mpas::LinVarChaModel2GeoVars::changeVarAD           :      1103.80      43           25.6698
OOPS_STATS mpas::LinVarChaModel2GeoVars::changeVarTL           :       151.22      42            3.6005
OOPS_STATS mpas::LinVarChaModel2GeoVars::~LinVarChaModel2GeoVa :         0.03       1            0.0333
OOPS_STATS mpas::VarChaModel2GeoVars::VarChaModel2GeoVars      :         0.05       3            0.0170
OOPS_STATS mpas::VarChaModel2GeoVars::changeVar                :        12.41       3            4.1359
OOPS_STATS mpas::VarChaModel2GeoVars::~VarChaModel2GeoVars     :         0.01       3            0.0021
OOPS_STATS oops::Covariance::EnsembleCovariance                :     97783.05       1        97783.0483
OOPS_STATS oops::Covariance::ensemble::Constructor             :         0.01       1            0.0060
OOPS_STATS oops::Covariance::ensemble::multiply                :    235717.81      43         5481.8096
OOPS_STATS oops::Diffusion::Diffusion                          :         0.00       1            0.0001
OOPS_STATS oops::Diffusion::calculateDerivedGeom               :         1.89       1            1.8885
OOPS_STATS oops::Diffusion::multiplySqrtAD                     :     59233.74    1290           45.9176
OOPS_STATS oops::Diffusion::multiplySqrtTL                     :     50188.08    1290           38.9055
OOPS_STATS oops::Diffusion::setParameters                      :        58.03       1           58.0279
OOPS_STATS oops::GeoVaLs::GeoVaLs                              :        24.18      88            0.2748
OOPS_STATS oops::GeoVaLs::fill                                 :        32.27   29856            0.0011
OOPS_STATS oops::GeoVaLs::fillAD                               :        21.28   26746            0.0008
OOPS_STATS oops::GeoVaLs::~GeoVaLs                             :         0.48      88            0.0054
OOPS_STATS oops::Geometry::Geometry                            :     56158.41       2        28079.2059
OOPS_STATS oops::Geometry::variableSizes                       :         4.34      11            0.3947
OOPS_STATS oops::Geometry::~Geometry                           :       448.35       2          224.1749
OOPS_STATS oops::GeometryData::containingTriangleAndBarycentri :        44.55   18537            0.0024
OOPS_STATS oops::GeometryData::setGlobalTree                   :      1819.72       2          909.8616
OOPS_STATS oops::GeometryData::setLocalTree                    :        41.58       2           20.7920
OOPS_STATS oops::GeometryData::setMeshAndTriangulation         :         0.29       2            0.1457
OOPS_STATS oops::GetValues::GetValues                          :       307.37       3          102.4583
OOPS_STATS oops::GetValues::fillGeoVaLs                        :        51.66       3           17.2215
OOPS_STATS oops::GetValues::fillGeoVaLsAD                      :       113.01      43            2.6281
OOPS_STATS oops::GetValues::fillGeoVaLsTL                      :       773.06      42           18.4061
OOPS_STATS oops::GetValues::finalize                           :        17.65       3            5.8828
OOPS_STATS oops::GetValues::finalizeAD                         :       641.62      43           14.9214
OOPS_STATS oops::GetValues::finalizeTL                         :        98.64      42            2.3486
OOPS_STATS oops::GetValues::initialize                         :         1.79       3            0.5981
OOPS_STATS oops::GetValues::initializeAD                       :         5.39      43            0.1253
OOPS_STATS oops::GetValues::initializeTL                       :        28.44      42            0.6772
OOPS_STATS oops::GetValues::process                            :        16.43       3            5.4783
OOPS_STATS oops::GetValues::processAD                          :       124.59      43            2.8975
OOPS_STATS oops::GetValues::processTL                          :       135.26      42            3.2206
OOPS_STATS oops::Increment::Increment                          :     28190.26    2968            9.4981
OOPS_STATS oops::Increment::axpy                               :      6033.00     987            6.1125
OOPS_STATS oops::Increment::diff                               :       313.50      33            9.5001
OOPS_STATS oops::Increment::dot_product_with                   :      9130.91    1075            8.4939
OOPS_STATS oops::Increment::fromFieldSet                       :     12452.21    1333            9.3415
OOPS_STATS oops::Increment::operator*=                         :       204.96     127            1.6139
OOPS_STATS oops::Increment::operator+=                         :     10676.85    1489            7.1705
OOPS_STATS oops::Increment::operator+=(State, Increment)       :       143.40       1          143.3971
OOPS_STATS oops::Increment::operator-=                         :       139.21      30            4.6405
OOPS_STATS oops::Increment::operator=                          :      5199.07    1644            3.1624
OOPS_STATS oops::Increment::print                              :     28006.19    1297           21.5931
OOPS_STATS oops::Increment::schur_product_with                 :     11562.43    2580            4.4816
OOPS_STATS oops::Increment::serialSize                         :         4.74     186            0.0255
OOPS_STATS oops::Increment::toFieldSet                         :      9840.59    1375            7.1568
OOPS_STATS oops::Increment::zero                               :       127.62     130            0.9817
OOPS_STATS oops::Increment::~Increment                         :       172.80    2968            0.0582
OOPS_STATS oops::LinearObsOper::refl10cm::LinearObsOperator    :         3.66       1            3.6569
OOPS_STATS oops::LinearObsOper::refl10cm::requiredVars         :         0.09      87            0.0011
OOPS_STATS oops::LinearObsOper::refl10cm::setTrajectory        :         0.83       1            0.8301
OOPS_STATS oops::LinearObsOper::refl10cm::simulateObsAD        :         3.10      43            0.0721
OOPS_STATS oops::LinearObsOper::refl10cm::simulateObsTL        :         6.61      42            0.1573
OOPS_STATS oops::LinearObsOper::refl10cm::~LinearObsOperator   :         0.14       1            0.1421
OOPS_STATS oops::LinearVariableChange::LinearVariableChange    :         0.05       1            0.0520
OOPS_STATS oops::LinearVariableChange::changeVarAD             :      1733.93      43           40.3241
OOPS_STATS oops::LinearVariableChange::changeVarTL             :       633.18      42           15.0758
OOPS_STATS oops::LinearVariableChange::changeVarTraj           :         2.88       1            2.8776
OOPS_STATS oops::LinearVariableChange::~LinearVariableChange   :         0.45       1            0.4450
OOPS_STATS oops::LocalInterpolator::LocalInterpolator          :        51.64    2400            0.0215
OOPS_STATS oops::LocalInterpolator::apply                      :        15.13    2400            0.0063
OOPS_STATS oops::LocalInterpolator::applyAD                    :       107.81   34400            0.0031
OOPS_STATS oops::LocalInterpolator::applyTL                    :       118.40   33600            0.0035
OOPS_STATS oops::LocalInterpolator::preprocess                 :      1377.86      45           30.6192
OOPS_STATS oops::LocalInterpolator::preprocessAD               :        82.40      43            1.9164
OOPS_STATS oops::LocalInterpolator::~LocalInterpolator         :       107.92    2400            0.0450
OOPS_STATS oops::Localization::Localization                    :      7774.15       1         7774.1526
OOPS_STATS oops::Localization::multiply                        :    194186.42    1290          150.5321
OOPS_STATS oops::Localization::~Localization                   :         0.34       1            0.3444
OOPS_STATS oops::ModelAuxControl::ModelAuxControl              :         0.01       4            0.0029
OOPS_STATS oops::ModelAuxControl::print                        :         0.00       3            0.0010
OOPS_STATS oops::ModelAuxControl::~ModelAuxControl             :         0.00       4            0.0009
OOPS_STATS oops::ModelAuxCovariance::ModelAuxCovariance        :         0.00       1            0.0034
OOPS_STATS oops::ModelAuxCovariance::linearize                 :         0.00       1            0.0001
OOPS_STATS oops::ModelAuxCovariance::multiply                  :         0.00      43            0.0001
OOPS_STATS oops::ModelAuxCovariance::~ModelAuxCovariance       :         0.00       1            0.0009
OOPS_STATS oops::ModelAuxIncrement::ModelAuxIncrement          :         0.15     186            0.0008
OOPS_STATS oops::ModelAuxIncrement::axpy                       :         0.40     987            0.0004
OOPS_STATS oops::ModelAuxIncrement::diff                       :         0.00       3            0.0003
OOPS_STATS oops::ModelAuxIncrement::dot_product_with           :         0.26    1075            0.0002
OOPS_STATS oops::ModelAuxIncrement::operator*=                 :         0.04      83            0.0005
OOPS_STATS oops::ModelAuxIncrement::operator+=                 :         0.06     126            0.0005
OOPS_STATS oops::ModelAuxIncrement::operator+=ModelAuxControl  :         0.00       1            0.0001
OOPS_STATS oops::ModelAuxIncrement::operator=                  :         0.02      46            0.0004
OOPS_STATS oops::ModelAuxIncrement::print                      :         0.01       7            0.0014
OOPS_STATS oops::ModelAuxIncrement::serialSize                 :         0.01     186            0.0001
OOPS_STATS oops::ModelAuxIncrement::zero                       :         0.01      43            0.0002
OOPS_STATS oops::ModelAuxIncrement::~ModelAuxIncrement         :         0.03     186            0.0002
OOPS_STATS oops::ObsAuxControl::ObsAuxControl                  :         0.18       4            0.0450
OOPS_STATS oops::ObsAuxControl::print                          :         0.00       3            0.0009
OOPS_STATS oops::ObsAuxControl::requiredHdiagnostics           :         0.00       2            0.0001
OOPS_STATS oops::ObsAuxControl::requiredVars                   :         0.00       6            0.0002
OOPS_STATS oops::ObsAuxControl::write                          :         0.19       1            0.1853
OOPS_STATS oops::ObsAuxControl::~ObsAuxControl                 :         0.01       4            0.0026
OOPS_STATS oops::ObsAuxCovariance::ObsAuxCovariance            :         0.09       1            0.0936
OOPS_STATS oops::ObsAuxCovariance::inverseMultiply             :         0.05      43            0.0012
OOPS_STATS oops::ObsAuxCovariance::linearize                   :         0.04       1            0.0419
OOPS_STATS oops::ObsAuxCovariance::multiply                    :         0.23      43            0.0053
OOPS_STATS oops::ObsAuxCovariance::preconditioner              :         0.02       1            0.0233
OOPS_STATS oops::ObsAuxCovariance::write                       :         0.02       1            0.0224
OOPS_STATS oops::ObsAuxCovariance::~ObsAuxCovariance           :         0.00       1            0.0039
OOPS_STATS oops::ObsAuxIncrement::ObsAuxIncrement              :         0.81     186            0.0044
OOPS_STATS oops::ObsAuxIncrement::axpy                         :         1.21     987            0.0012
OOPS_STATS oops::ObsAuxIncrement::diff                         :         0.02       3            0.0060
OOPS_STATS oops::ObsAuxIncrement::dot_product_with             :         0.52    1075            0.0005
OOPS_STATS oops::ObsAuxIncrement::operator*=                   :         0.09      83            0.0010
OOPS_STATS oops::ObsAuxIncrement::operator+=                   :         0.15     126            0.0012
OOPS_STATS oops::ObsAuxIncrement::operator=                    :         0.04      46            0.0009
OOPS_STATS oops::ObsAuxIncrement::print                        :         0.01       7            0.0011
OOPS_STATS oops::ObsAuxIncrement::serialSize                   :         0.01     372            0.0000
OOPS_STATS oops::ObsAuxIncrement::zero                         :         0.05      43            0.0011
OOPS_STATS oops::ObsAuxIncrement::~ObsAuxIncrement             :         0.21     186            0.0011
OOPS_STATS oops::ObsAuxPreconditioner::multiply                :         0.04      43            0.0010
OOPS_STATS oops::ObsAuxPreconditioner::~ObsAuxPreconditioner   :         0.00       2            0.0017
OOPS_STATS oops::ObsDataVector::ObsDataVector                  :         0.10       4            0.0261
OOPS_STATS oops::ObsDataVector::mask                           :         0.01       2            0.0044
OOPS_STATS oops::ObsDataVector::operator=                      :         0.03       2            0.0127
OOPS_STATS oops::ObsDataVector::print                          :         2.40       2            1.1988
OOPS_STATS oops::ObsDataVector::save                           :         0.53       4            0.1333
OOPS_STATS oops::ObsDataVector::~ObsDataVector                 :         0.01       4            0.0032
OOPS_STATS oops::ObsDiagnostics::ObsDiagnostics                :         1.73       2            0.8665
OOPS_STATS oops::ObsDiagnostics::~ObsDiagnostics               :         0.02       2            0.0100
OOPS_STATS oops::ObsError::getRMSE                             :         0.67       4            0.1678
OOPS_STATS oops::ObsError::inverseMultiply                     :         0.41      44            0.0094
OOPS_STATS oops::ObsError::obserrors                           :         0.04       6            0.0073
OOPS_STATS oops::ObsError::update                              :        12.66       2            6.3325
OOPS_STATS oops::ObsError::~ObsError                           :         0.01       1            0.0083
OOPS_STATS oops::ObsOperator::refl10cm::ObsOperator            :        28.19       2           14.0945
OOPS_STATS oops::ObsOperator::refl10cm::computeReducedVars     :         0.07       3            0.0226
OOPS_STATS oops::ObsOperator::refl10cm::locations              :         2.31       3            0.7687
OOPS_STATS oops::ObsOperator::refl10cm::requiredVars           :         0.00       3            0.0008
OOPS_STATS oops::ObsOperator::refl10cm::simulateObs            :         1.71       2            0.8560
OOPS_STATS oops::ObsOperator::refl10cm::~ObsOperator           :         0.03       2            0.0162
OOPS_STATS oops::ObsSpace::ObsSpace                            :       737.32       1          737.3247
OOPS_STATS oops::ObsSpace::obsvariables                        :         0.00       3            0.0000
OOPS_STATS oops::ObsSpace::save                                :      2682.39       1         2682.3930
OOPS_STATS oops::ObsSpace::~ObsSpace                           :         0.72       1            0.7185
OOPS_STATS oops::ObsVector::ObsVector                          :         1.09     102            0.0107
OOPS_STATS oops::ObsVector::dot_product                        :         0.49       4            0.1229
OOPS_STATS oops::ObsVector::info                               :         1.20       6            0.2004
OOPS_STATS oops::ObsVector::operator*=                         :         0.01       2            0.0050
OOPS_STATS oops::ObsVector::operator-=                         :         0.02       2            0.0113
OOPS_STATS oops::ObsVector::operator=                          :         0.40       4            0.0990
OOPS_STATS oops::ObsVector::rms                                :         0.33       4            0.0813
OOPS_STATS oops::ObsVector::save                               :         0.31       6            0.0517
OOPS_STATS oops::ObsVector::zero                               :         0.04      44            0.0008
OOPS_STATS oops::ObsVector::~ObsVector                         :         0.21     102            0.0020
OOPS_STATS oops::Parameters::deserialize                       :        14.44      97            0.1489
OOPS_STATS oops::Parameters::serialize                         :         2.10      80            0.0262
OOPS_STATS oops::Run::execute                                  :    430652.31       1       430652.3085
OOPS_STATS oops::SampledLocations::SampledLocations            :         0.00       4            0.0002
OOPS_STATS oops::SampledLocations::latitudes                   :         0.00       3            0.0001
OOPS_STATS oops::SampledLocations::longitudes                  :         0.00       3            0.0000
OOPS_STATS oops::SampledLocations::times                       :         0.00       3            0.0000
OOPS_STATS oops::SampledLocations::~SampledLocations           :         0.17       8            0.0209
OOPS_STATS oops::State::State                                  :     91716.51      72         1273.8404
OOPS_STATS oops::State::print                                  :        95.52       3           31.8409
OOPS_STATS oops::State::toFieldSet                             :        24.37       5            4.8743
OOPS_STATS oops::State::variables                              :         0.00      58            0.0000
OOPS_STATS oops::State::write                                  :      4811.56       1         4811.5606
OOPS_STATS oops::State::zero                                   :        56.68      30            1.8895
OOPS_STATS oops::State::~State                                 :         8.93      72            0.1241
OOPS_STATS oops::UnstructuredInterpolator::UnstructuredInterpo :        50.19    2400            0.0209
OOPS_STATS oops::UnstructuredInterpolator::apply               :       123.55   36000            0.0034
OOPS_STATS oops::UnstructuredInterpolator::applyAD             :        75.44   34400            0.0022
OOPS_STATS oops::VariableChange::VariableChange                :         0.39       3            0.1288
OOPS_STATS oops::VariableChange::changeVar                     :        19.76       3            6.5854
OOPS_STATS oops::VariableChange::~VariableChange               :         0.02       3            0.0078
OOPS_STATS oops::util::FieldSetHelpers::readFieldSet           :      7617.49       2         3808.7448
OOPS_STATS saber::Localization::Localization                   :      7774.14       1         7774.1368
OOPS_STATS saber::Localization::multiply                       :    184786.03    1290          143.2450
OOPS_STATS saber::Localization::~Localization                  :         0.00       1            0.0001
OOPS_STATS ufo::ObsFilter::ObsFilter                           :         1.82       5            0.3632
OOPS_STATS ufo::ObsFilter::checkFilterData                     :         0.01      15            0.0004
OOPS_STATS ufo::ObsFilter::postFilter                          :        19.56       5            3.9123
OOPS_STATS ufo::ObsFilter::preProcess                          :         0.01       5            0.0017
OOPS_STATS ufo::ObsFilter::priorFilter                         :         0.02       5            0.0043
OOPS_STATS ufo::ObsFilter::~ObsFilter                          :        29.77       9            3.3081
OOPS_STATS util::Timers::measured                              :    430070.33       1       430070.3341
OOPS_STATS ------------------------------------ Timing Statistics -------------------------------------

OOPS_STATS ------------------------------------------------------------------------------------------------------------------
OOPS_STATS ---------------------------------- Parallel Timing Statistics ( 800 MPI tasks) -----------------------------------
OOPS_STATS ------------------------------------------------------------------------------------------------------------------
OOPS_STATS Name                                                :     min (ms)    max (ms)    avg (ms)     % total   imbal (%)
OOPS_STATS oops::Covariance::EnsembleCovariance                :     97775.66    97783.46    97776.99       22.70        0.01
OOPS_STATS oops::Covariance::ensemble::multiply                :    235180.67   235804.63   235583.33       54.69        0.26
OOPS_STATS oops::Diffusion::multiplySqrtAD                     :     58093.75    60478.36    59278.72       13.76        4.02
OOPS_STATS oops::Diffusion::multiplySqrtTL                     :     46691.90    54638.46    49733.95       11.55       15.98
OOPS_STATS oops::Geometry::Geometry                            :     55210.84    56553.88    56451.31       13.11        2.38
OOPS_STATS oops::Geometry::~Geometry                           :       448.35      641.16      556.06        0.13       34.67
OOPS_STATS oops::GeometryData::setGlobalTree                   :      1819.72     2018.14     1924.00        0.45       10.31
OOPS_STATS oops::GetValues::fillGeoVaLsTL                      :       306.24      894.10      670.51        0.16       87.67
OOPS_STATS oops::GetValues::finalizeAD                         :       571.82     1089.43      662.46        0.15       78.13
OOPS_STATS oops::Increment::Increment                          :     23833.06    30003.95    26155.56        6.07       23.59
OOPS_STATS oops::Increment::axpy                               :      5032.69     6570.06     5946.02        1.38       25.86
OOPS_STATS oops::Increment::dot_product_with                   :      8656.82    10578.83     9422.96        2.19       20.40
OOPS_STATS oops::Increment::fromFieldSet                       :      9749.04    13542.51    10997.55        2.55       34.49
OOPS_STATS oops::Increment::operator+=                         :      9042.70    11524.90    10533.17        2.45       23.57
OOPS_STATS oops::Increment::operator=                          :      4253.88     7187.57     5766.92        1.34       50.87
OOPS_STATS oops::Increment::print                              :     22881.55    38628.97    30472.22        7.07       51.68
OOPS_STATS oops::Increment::schur_product_with                 :      8349.76    14030.16    12099.59        2.81       46.95
OOPS_STATS oops::Increment::toFieldSet                         :      9353.06    16133.21    11230.19        2.61       60.37
OOPS_STATS oops::LinearVariableChange::changeVarAD             :      1239.06     2449.31     1789.20        0.42       67.64
OOPS_STATS oops::LinearVariableChange::changeVarTL             :       438.57      996.26      758.00        0.18       73.57
OOPS_STATS oops::LocalInterpolator::preprocess                 :        67.91     1422.03     1373.86        0.32       98.56
OOPS_STATS oops::Localization::Localization                    :      7737.78     7956.41     7824.02        1.82        2.79
OOPS_STATS oops::Localization::multiply                        :    190296.32   205832.44   196369.02       45.59        7.91
OOPS_STATS oops::ObsSpace::ObsSpace                            :       657.49      743.09      710.23        0.16       12.05
OOPS_STATS oops::ObsSpace::save                                :      2510.69     2684.88     2593.46        0.60        6.72
OOPS_STATS oops::State::State                                  :     91610.48    91874.03    91707.17       21.29        0.29
OOPS_STATS oops::State::write                                  :      3599.11     4837.02     4810.47        1.12       25.73
OOPS_STATS oops::util::FieldSetHelpers::readFieldSet           :      7442.97     7617.49     7519.44        1.75        2.32
OOPS_STATS saber::Localization::Localization                   :      7737.77     7956.39     7824.00        1.82        2.79
OOPS_STATS saber::Localization::multiply                       :    178390.11   191701.28   185532.04       43.07        7.17
OOPS_STATS util::Timers::measured                              :    430070.33   430542.88   430435.09       99.93        0.11
OOPS_STATS oops::Run::execute                                  :    430627.72   430832.60   430743.54      100.00        0.05
OOPS_STATS ---------------------------------- Parallel Timing Statistics ( 800 MPI tasks) -----------------------------------

OOPS_STATS Run end                                  - Runtime:    433.47 sec,  Memory: total:  4173.47 GB, per task: min =     4.92 GB, max =     7.26 GB
Run: Finishing oops::Variational<MPAS, UFO and IODA observations> with status = 0
OOPS Ending   2026-05-30 23:09:10 (UTC+0000)
