Configuration input file is: jedivar.pass2.yaml
Full configuration is:YAMLConfiguration[path=jedivar.pass2.yaml, root={_member => {date => 2026-05-25T10:00:00Z , state variables => (water_vapor_mixing_ratio_wrt_moist_air,air_pressure_at_surface,air_temperature,northward_wind,eastward_wind,cloud_liquid_water,cloud_liquid_ice,rain_water,snow_water,graupel,equivalent_reflectivity_factor,upward_air_velocity) , stream name => ensemble} , output => {filename => mpasout.nc , stream name => analysis} , variational => {minimizer => {algorithm => DRPCG} , iterations => ({geometry => {nml_file => ./namelist.atmosphere , streams_file => ./streams.atmosphere , deallocate non-da fields => true , interpolation type => unstructured} , gradient norm reduction => 0.001 , ninner => 75})} , cost function => {cost type => 3D-Var , time window => {begin => 2026-05-25T08:00:00Z , length => PT4H} , jb evaluation => false , geometry => {nml_file => ./namelist.atmosphere , streams_file => ./streams.atmosphere , deallocate non-da fields => true , interpolation type => unstructured} , analysis variables => (water_vapor_mixing_ratio_wrt_moist_air,air_pressure_at_surface,air_temperature,northward_wind,eastward_wind,cloud_liquid_water,cloud_liquid_ice,rain_water,snow_water,graupel,equivalent_reflectivity_factor,upward_air_velocity) , background => {state variables => (water_vapor_mixing_ratio_wrt_moist_air,air_pressure_at_surface,air_temperature,northward_wind,eastward_wind,air_potential_temperature,dry_air_density,u,water_vapor_mixing_ratio_wrt_dry_air,air_pressure,landmask,seaice_fraction,snowc,skin_temperature_at_surface,ivgtyp,isltyp,snowh,vegetation_area_fraction,air_temperature_at_2m,water_vapor_mixing_ratio_wrt_moist_air_at_2m,eastward_wind_at_10m,northward_wind_at_10m,lai,smois,tslb,pressure_p,cloud_liquid_water,cloud_liquid_ice,graupel,rain_water,snow_water,cldfrac,equivalent_reflectivity_factor,w,upward_air_velocity) , filename => mpasout.nc , date => 2026-05-25T10:00:00Z} , background error => {covariance model => ensemble , localization => {localization method => SABER , saber central block => {saber block name => diffusion , active variables => (water_vapor_mixing_ratio_wrt_moist_air,air_pressure_at_surface,air_temperature,northward_wind,eastward_wind,cloud_liquid_water,cloud_liquid_ice,rain_water,snow_water,graupel,equivalent_reflectivity_factor,upward_air_velocity) , read => {groups => ({variables => (water_vapor_mixing_ratio_wrt_moist_air,air_pressure_at_surface,air_temperature,northward_wind,eastward_wind,cloud_liquid_water,cloud_liquid_ice,rain_water,snow_water,graupel,equivalent_reflectivity_factor,upward_air_velocity) , multivariate strategy => duplicated , horizontal => {filepath => data/diffusionloc/mpas_conus3km.diffusion_hz} , vertical => {levels => 59 , filepath => data/diffusionloc/mpas_conus3km.diffusion_vt}})}}} , members from template => {template => {date => 2026-05-25T10:00:00Z , state variables => (water_vapor_mixing_ratio_wrt_moist_air,air_pressure_at_surface,air_temperature,northward_wind,eastward_wind,cloud_liquid_water,cloud_liquid_ice,rain_water,snow_water,graupel,equivalent_reflectivity_factor,upward_air_velocity) , stream name => ensemble , filename => ./data/ens/mem%iMember%.nc} , pattern => %iMember% , start => 1 , zero padding => 3 , nmembers => 30}} , observations => {observers => ({obs space => {name => refl10cm , distribution => {name => RoundRobin , halo size => 500000} , obsdatain => {engine => {type => H5File , obsfile => data/obs/ioda_mrms_refl.nc , missing file action => warn}} , obsdataout => {engine => {type => H5File , allow overwrite => true , obsfile => jdiag_mrms_refl.nc}} , io pool => {write multiple files => false} , _source => mrms , simulated variables => (equivalentReflectivityFactor)} , obs operator => {name => VertInterp , vertical coordinate => height_above_mean_sea_level , observation vertical coordinate => height , interpolation method => linear , observation alias file => obsop_name_map.yaml} , obs localizations => ({localization method => Horizontal Gaspari-Cohn , lengthscale => 200000}) , _obsname => refl10cm , obs filters => ({filter => Background Check , filter variables => ({name => equivalentReflectivityFactor}) , threshold => 12 , action => {name => reject}})})}}}]
OOPS_STATS ObjectCountHelper started.
OOPS_STATS Run start                                - Runtime:      1.53 sec,  Memory: total:   104.07 GB, per task: min =   128.97 MB, max =   130.55 MB
Run: Starting oops::Variational<MPAS, UFO and IODA observations>
OOPS_STATS Variational start                        - Runtime:     1.53 sec,  Local Memory:   130.55 MB
==> create geom
atlas::mpi::push(world)
Increase halo 1
atlas::mpi::pop(world)
atlas::mpi::push(world)
atlas::mpi::pop(world)
atlas::mpi::push(world)
atlas::mpi::pop(world)
atlas::mpi::push(world)
atlas::mpi::pop(world)
refl10cm: read database from data/obs/ioda_mrms_refl.nc (io pool size: 800)
refl10cm processed vars: 1 Variables: equivalentReflectivityFactor
refl10cm assimilated vars: 1 Variables: equivalentReflectivityFactor
refl10cm: 0 observations are outside of time window out of 3878227
refl10cm: 0 observations were rejected by QC checks out of 3878227
No bias-correction is performed for this ObsSpace.
3DVar window: TimeWindow: start = 2026-05-25T08:00:00Z, end = 2026-05-25T12:00:00Z, inclusive upper bound.

OOPS_STATS IncrementalAssimilation start            - Runtime:    30.23 sec,  Local Memory:     2.49 GB
Running incremental assimilation with 1 outer iterations.
Minimizer algorithm=DRPCG
QNewtonLMP: maxouter : 1
IncrementalAssimilation: Configuration for outer iteration 0:
LocalConfiguration[root={geometry => {nml_file => ./namelist.atmosphere , streams_file => ./streams.atmosphere , deallocate non-da fields => true , interpolation type => unstructured} , gradient norm reduction => 0.001 , ninner => 75 , iteration => 0 , total iterations => 1}]
OOPS_STATS IncrementalAssimilation iteration 0      - Runtime:    30.23 sec,  Local Memory:     2.49 GB
==> create geom
atlas::mpi::push(world)
Increase halo 1
atlas::mpi::pop(world)
atlas::mpi::push(world)
atlas::mpi::pop(world)
atlas::mpi::push(world)
atlas::mpi::pop(world)
atlas::mpi::push(world)
atlas::mpi::pop(world)
Key "mesh[address=0x4412880],halo[size=1]" not found in cache "NodeColumnsHaloExchangeCache" , creating new, removable with key "mesh[address=0x4412880],halo[size=1]"
Key "mesh[address=0x785aff0],halo[size=1]" not found in cache "NodeColumnsHaloExchangeCache" , creating new, removable with key "mesh[address=0x785aff0],halo[size=1]"
processWhere: selected 0 obs.
BackgroundCheck obserr: 
refl10cm equivalentReflectivityFactor nlocs = 3878227, nobs = 3878227, min = 5, max = 5, avg = 5
processing a float: 12
ObsErrorDiagonal covariance updated 3744448
Observer::finalize QC = 
refl10cm equivalentReflectivityFactor nlocs = 3878227, nobs = 3878227, min = 0, max = 19, avg = 0
CostJo Observations: 
refl10cm nobs= 3878227 Min=0, Max=52.0032, RMS=4.88504

Jo Observations:
Jo Obs :refl10cm:equivalentReflectivityFactor   : Nobs=  3744448, Min= 0.000000e+00, Max= 5.200323e+01, RMS= 4.891785e+00
Jo Observations Equivalent:
Jo H(x):refl10cm:equivalentReflectivityFactor   : Nobs=  3744448, Min= 0.000000e+00, Max= 6.441401e+01, RMS= 4.841874e+00
Jo Bias Corrected Departures:
Jo Dep :refl10cm:equivalentReflectivityFactor   : Nobs=  3744448, Min=-5.019862e+01, Max= 5.936346e+01, RMS= 4.085816e+00
Jo Observations Errors:
UFO Diagonal observation error covariance, inverse variances: refl10cm nobs= 3744448 Min=0.04, Max=0.04, RMS=0.04



CostJo   : Nonlinear Jo(refl10cm) = 1.25019e+06, nobs = 3744448, Jo/n = 0.333878, err = 5
CostJo   : Nonlinear Jo = 1.25019e+06
Increment:diff x1 4
Increment:diff x2 35
Increment:diff x1 5
Increment:diff x2 36
Increment:diff x1 6
Increment:diff x2 37
Increment:diff x1 7
Increment:diff x2 38
Increment:diff x1 8
Increment:diff x2 39
Increment:diff x1 9
Increment:diff x2 40
Increment:diff x1 10
Increment:diff x2 41
Increment:diff x1 11
Increment:diff x2 42
Increment:diff x1 12
Increment:diff x2 43
Increment:diff x1 13
Increment:diff x2 44
Increment:diff x1 14
Increment:diff x2 45
Increment:diff x1 15
Increment:diff x2 46
Increment:diff x1 16
Increment:diff x2 47
Increment:diff x1 17
Increment:diff x2 48
Increment:diff x1 18
Increment:diff x2 49
Increment:diff x1 19
Increment:diff x2 50
Increment:diff x1 20
Increment:diff x2 51
Increment:diff x1 21
Increment:diff x2 52
Increment:diff x1 22
Increment:diff x2 53
Increment:diff x1 23
Increment:diff x2 54
Increment:diff x1 24
Increment:diff x2 55
Increment:diff x1 25
Increment:diff x2 56
Increment:diff x1 26
Increment:diff x2 57
Increment:diff x1 27
Increment:diff x2 58
Increment:diff x1 28
Increment:diff x2 59
Increment:diff x1 29
Increment:diff x2 60
Increment:diff x1 30
Increment:diff x2 61
Increment:diff x1 31
Increment:diff x2 62
Increment:diff x1 32
Increment:diff x2 63
Increment:diff x1 33
Increment:diff x2 64
Info     : Prepare ensemble configuration
Info     : Read full ensemble
Info     : Creating central block: 
Info     : SaberCentralBlock using multivariate strategy: deprecated
Info     : Creating single central block.
Info     : Read data

==================================================================================
 saber::Diffusion read
----------------------------------------------------------------------------------

group 1 of 1
atlas::mpi::push(world)
atlas::mpi::pop(world)
variables: [water_vapor_mixing_ratio_wrt_moist_air,air_pressure_at_surface,air_temperature,northward_wind,eastward_wind,cloud_liquid_water,cloud_liquid_ice,rain_water,snow_water,graupel,equivalent_reflectivity_factor,upward_air_velocity]
multivariate strategy: duplicated
Reading horizontal parameters
  levels: 1
Key "mesh[address=0x785aff0]" not found in cache "NodeColumnsGatherScatterCache" , creating new, removable with key "mesh[address=0x785aff0]"
  Info     : Reading file: data/diffusionloc/mpas_conus3km.diffusion_hz.nc
atlas::mpi::push(world)
atlas::mpi::pop(world)
  hzScales:  min: 4087.19  mean: 4087.19  max: 4087.19
  hzNorm:    min: 2.4414  mean: 3.71484  max: 4.05626
Reading vertical parameters
  levels: 59
  vertical strategy: normal
  Info     : Reading file: data/diffusionloc/mpas_conus3km.diffusion_vt.nc
atlas::mpi::push(world)
atlas::mpi::pop(world)
  vtScales:  min: 11  mean: 11  max: 11
  vtNorm:    min: 3.7178  mean: 4.83632  max: 5.25235
Diffusion: horizontal iterations: 6
Diffusion: vertical iterations: 242
Increment:diff x1 2
Increment:diff x2 1
==================================================================================

CostJb: FG-BG
  Valid time: 2026-05-25T10:00:00Z
  Resolution: nCellsGlobal = 2341818, nFields = 12
Fld=1  Min=0, Max=0, RMS=0 : water_vapor_mixing_ratio_wrt_moist_air
Fld=2  Min=0, Max=0, RMS=0 : air_pressure_at_surface
Fld=3  Min=0, Max=0, RMS=0 : air_temperature
Fld=4  Min=0, Max=0, RMS=0 : northward_wind
Fld=5  Min=0, Max=0, RMS=0 : eastward_wind
Fld=6  Min=0, Max=0, RMS=0 : cloud_liquid_water
Fld=7  Min=0, Max=0, RMS=0 : cloud_liquid_ice
Fld=8  Min=0, Max=0, RMS=0 : rain_water
Fld=9  Min=0, Max=0, RMS=0 : snow_water
Fld=10  Min=0, Max=0, RMS=0 : graupel
Fld=11  Min=0, Max=0, RMS=0 : equivalent_reflectivity_factor
Fld=12  Min=0, Max=0, RMS=0 : upward_air_velocity
Increment:diff x1 2
Increment:diff x2 1
CostJb: FG-BG
  Valid time: 2026-05-25T10:00:00Z
  Resolution: nCellsGlobal = 2341818, nFields = 12
Fld=1  Min=0, Max=0, RMS=0 : water_vapor_mixing_ratio_wrt_moist_air
Fld=2  Min=0, Max=0, RMS=0 : air_pressure_at_surface
Fld=3  Min=0, Max=0, RMS=0 : air_temperature
Fld=4  Min=0, Max=0, RMS=0 : northward_wind
Fld=5  Min=0, Max=0, RMS=0 : eastward_wind
Fld=6  Min=0, Max=0, RMS=0 : cloud_liquid_water
Fld=7  Min=0, Max=0, RMS=0 : cloud_liquid_ice
Fld=8  Min=0, Max=0, RMS=0 : rain_water
Fld=9  Min=0, Max=0, RMS=0 : snow_water
Fld=10  Min=0, Max=0, RMS=0 : graupel
Fld=11  Min=0, Max=0, RMS=0 : equivalent_reflectivity_factor
Fld=12  Min=0, Max=0, RMS=0 : upward_air_velocity
CostFunction: Nonlinear J = 1.25019e+06
OOPS_STATS IncrementalAssimilation linearize 0      - Runtime:   134.58 sec,  Local Memory:     7.25 GB

DRPCGMinimizer: max iter = 75, requested norm reduction = 0.001
CostFunction::computeGradientFG: gradient:
  Valid time: 2026-05-25T10:00:00Z
  Resolution: nCellsGlobal = 2341818, nFields = 12
Fld=1  Min=0, Max=0, RMS=0 : water_vapor_mixing_ratio_wrt_moist_air
Fld=2  Min=0, Max=0, RMS=0 : air_pressure_at_surface
Fld=3  Min=0, Max=0, RMS=0 : air_temperature
Fld=4  Min=0, Max=0, RMS=0 : northward_wind
Fld=5  Min=0, Max=0, RMS=0 : eastward_wind
Fld=6  Min=0, Max=0, RMS=0 : cloud_liquid_water
Fld=7  Min=0, Max=0, RMS=0 : cloud_liquid_ice
Fld=8  Min=0, Max=0, RMS=0 : rain_water
Fld=9  Min=0, Max=0, RMS=0 : snow_water
Fld=10  Min=0, Max=0, RMS=0 : graupel
Fld=11  Min=-1.41665, Max=1.76191, RMS=0.0157035 : equivalent_reflectivity_factor
Fld=12  Min=0, Max=0, RMS=0 : upward_air_velocity
DRPCGMinimizer rhs
  Valid time: 2026-05-25T10:00:00Z
  Resolution: nCellsGlobal = 2341818, nFields = 12
Fld=1  Min=-0, Max=-0, RMS=0 : water_vapor_mixing_ratio_wrt_moist_air
Fld=2  Min=-0, Max=-0, RMS=0 : air_pressure_at_surface
Fld=3  Min=-0, Max=-0, RMS=0 : air_temperature
Fld=4  Min=-0, Max=-0, RMS=0 : northward_wind
Fld=5  Min=-0, Max=-0, RMS=0 : eastward_wind
Fld=6  Min=-0, Max=-0, RMS=0 : cloud_liquid_water
Fld=7  Min=-0, Max=-0, RMS=0 : cloud_liquid_ice
Fld=8  Min=-0, Max=-0, RMS=0 : rain_water
Fld=9  Min=-0, Max=-0, RMS=0 : snow_water
Fld=10  Min=-0, Max=-0, RMS=0 : graupel
Fld=11  Min=-1.76191, Max=1.41665, RMS=0.0157035 : equivalent_reflectivity_factor
Fld=12  Min=-0, Max=-0, RMS=0 : upward_air_velocity
Initial RHS squared norm = 34072
OOPS_STATS DRPCG start                              - Runtime:   134.73 sec,  Local Memory:     7.25 GB
normr0 34072
  Residual norm ( 0) = 7033.684469060883
  Norm reduction ( 0) = 1

  Quadratic cost function: J   ( 0) = 1250188.312814438
  Quadratic cost function: Jb  ( 0) = 0
  Quadratic cost function: JoJc( 0) = 1250188.312814438


 DRPCG Starting Iteration 1
OOPS_STATS DRPCG iteration 1                        - Runtime:   140.05 sec,  Local Memory:     7.25 GB
rdots 1.95338e+07      iteration    0
DRPCG end of iteration 1
  Residual norm ( 1) = 4419.704707360838
  Norm reduction ( 1) = 0.6283626635231967

  Quadratic cost function: J   ( 1) = 765573.4144704012
  Quadratic cost function: Jb  ( 1) = 9494.186409800284
  Quadratic cost function: JoJc( 1) = 756079.2280606009

 DRPCG Starting Iteration 2
OOPS_STATS DRPCG iteration 2                        - Runtime:   145.70 sec,  Local Memory:     7.25 GB
rdots 9.02975e+06      iteration    1
DRPCG end of iteration 2
  Residual norm ( 2) = 3004.953621029317
  Norm reduction ( 2) = 0.4272232617552334

  Quadratic cost function: J   ( 2) = 592818.8509353976
  Quadratic cost function: Jb  ( 2) = 20525.25542399463
  Quadratic cost function: JoJc( 2) = 572293.5955114029

 DRPCG Starting Iteration 3
OOPS_STATS DRPCG iteration 3                        - Runtime:   151.43 sec,  Local Memory:     7.25 GB
rdots 4.88952e+06      iteration    2
DRPCG end of iteration 3
  Residual norm ( 3) = 2211.226966334832
  Norm reduction ( 3) = 0.3143767645622108

  Quadratic cost function: J   ( 3) = 505779.9901772582
  Quadratic cost function: Jb  ( 3) = 30990.29687121587
  Quadratic cost function: JoJc( 3) = 474789.6933060423

 DRPCG Starting Iteration 4
OOPS_STATS DRPCG iteration 4                        - Runtime:   157.20 sec,  Local Memory:     7.25 GB
rdots 2.91929e+06      iteration    3
DRPCG end of iteration 4
  Residual norm ( 4) = 1708.594291729618
  Norm reduction ( 4) = 0.2429159708891156

  Quadratic cost function: J   ( 4) = 454000.4646878003
  Quadratic cost function: Jb  ( 4) = 40931.234876039
  Quadratic cost function: JoJc( 4) = 413069.2298117613

 DRPCG Starting Iteration 5
OOPS_STATS DRPCG iteration 5                        - Runtime:   162.81 sec,  Local Memory:     7.25 GB
rdots 1.96116e+06      iteration    4
DRPCG end of iteration 5
  Residual norm ( 5) = 1400.415981017981
  Norm reduction ( 5) = 0.1991013368850992

  Quadratic cost function: J   ( 5) = 421316.2019385212
  Quadratic cost function: Jb  ( 5) = 50072.92764230331
  Quadratic cost function: JoJc( 5) = 371243.2742962179

 DRPCG Starting Iteration 6
rdots 1.45243e+06      iteration    5
DRPCG end of iteration 6
  Residual norm ( 6) = 1205.167528820607
  Norm reduction ( 6) = 0.1713422793020906

  Quadratic cost function: J   ( 6) = 401060.6126704516
  Quadratic cost function: Jb  ( 6) = 57720.69389906826
  Quadratic cost function: JoJc( 6) = 343339.9187713834

 DRPCG Starting Iteration 7
rdots 1.01945e+06      iteration    6
DRPCG end of iteration 7
  Residual norm ( 7) = 1009.679166970323
  Norm reduction ( 7) = 0.14354911304475

  Quadratic cost function: J   ( 7) = 388347.57473676
  Quadratic cost function: Jb  ( 7) = 63781.93131715208
  Quadratic cost function: JoJc( 7) = 324565.6434196079

 DRPCG Starting Iteration 8
rdots 671694      iteration    7
DRPCG end of iteration 8
  Residual norm ( 8) = 819.5692531258259
  Norm reduction ( 8) = 0.1165206168588982

  Quadratic cost function: J   ( 8) = 378256.8178869759
  Quadratic cost function: Jb  ( 8) = 69679.81674993204
  Quadratic cost function: JoJc( 8) = 308577.0011370439

 DRPCG Starting Iteration 9
rdots 518099      iteration    8
DRPCG end of iteration 9
  Residual norm ( 9) = 719.7912586740108
  Norm reduction ( 9) = 0.1023348803660672

  Quadratic cost function: J   ( 9) = 370870.9949526776
  Quadratic cost function: Jb  ( 9) = 74910.00076028789
  Quadratic cost function: JoJc( 9) = 295960.9941923898

 DRPCG Starting Iteration 10
OOPS_STATS DRPCG iteration 10                       - Runtime:   191.56 sec,  Local Memory:     7.25 GB
rdots 343329      iteration    9
DRPCG end of iteration 10
  Residual norm (10) = 585.942550928385
  Norm reduction (10) = 0.08330520845877784

  Quadratic cost function: J   (10) = 365782.8961036517
  Quadratic cost function: Jb  (10) = 79171.19810076742
  Quadratic cost function: JoJc(10) = 286611.6980028843

 DRPCG Starting Iteration 11
rdots 229670      iteration    10
DRPCG end of iteration 11
  Residual norm (11) = 479.2391473799183
  Norm reduction (11) = 0.06813486580012949

  Quadratic cost function: J   (11) = 361580.7999139051
  Quadratic cost function: Jb  (11) = 83287.26975803681
  Quadratic cost function: JoJc(11) = 278293.5301558683

 DRPCG Starting Iteration 12
rdots 175147      iteration    11
DRPCG end of iteration 12
  Residual norm (12) = 418.5060027117951
  Norm reduction (12) = 0.05950025261336081

  Quadratic cost function: J   (12) = 358650.91792751
  Quadratic cost function: Jb  (12) = 86618.08409718538
  Quadratic cost function: JoJc(12) = 272032.8338303246

 DRPCG Starting Iteration 13
rdots 136102      iteration    12
DRPCG end of iteration 13
  Residual norm (13) = 368.9201900516639
  Norm reduction (13) = 0.05245048902526631

  Quadratic cost function: J   (13) = 356708.2180559483
  Quadratic cost function: Jb  (13) = 89127.08795479478
  Quadratic cost function: JoJc(13) = 267581.1301011535

 DRPCG Starting Iteration 14
rdots 91754.1      iteration    13
DRPCG end of iteration 14
  Residual norm (14) = 302.9094690393942
  Norm reduction (14) = 0.04306554699344336

  Quadratic cost function: J   (14) = 355284.5484987139
  Quadratic cost function: Jb  (14) = 91180.57566681995
  Quadratic cost function: JoJc(14) = 264103.9728318939

 DRPCG Starting Iteration 15
OOPS_STATS DRPCG iteration 15                       - Runtime:   220.77 sec,  Local Memory:     7.25 GB
rdots 65484.7      iteration    14
DRPCG end of iteration 15
  Residual norm (15) = 255.8997747522226
  Norm reduction (15) = 0.03638203787472281

  Quadratic cost function: J   (15) = 354221.6873818173
  Quadratic cost function: Jb  (15) = 92879.12949579681
  Quadratic cost function: JoJc(15) = 261342.5578860205

 DRPCG Starting Iteration 16
rdots 45252.3      iteration    15
DRPCG end of iteration 16
  Residual norm (16) = 212.7258913240233
  Norm reduction (16) = 0.03024387748124645

  Quadratic cost function: J   (16) = 353446.1552362809
  Quadratic cost function: Jb  (16) = 94243.94520511921
  Quadratic cost function: JoJc(16) = 259202.2100311617

 DRPCG Starting Iteration 17
rdots 32537.6      iteration    16
DRPCG end of iteration 17
  Residual norm (17) = 180.3818506272477
  Norm reduction (17) = 0.02564542828452067

  Quadratic cost function: J   (17) = 352877.5516310057
  Quadratic cost function: Jb  (17) = 95339.62752785912
  Quadratic cost function: JoJc(17) = 257537.9241031466

 DRPCG Starting Iteration 18
rdots 23446      iteration    17
DRPCG end of iteration 18
  Residual norm (18) = 153.1208568688148
  Norm reduction (18) = 0.0217696511042468

  Quadratic cost function: J   (18) = 352482.6109667581
  Quadratic cost function: Jb  (18) = 96167.273711569
  Quadratic cost function: JoJc(18) = 256315.3372551891

 DRPCG Starting Iteration 19
rdots 18846.9      iteration    18
DRPCG end of iteration 19
  Residual norm (19) = 137.2839825419202
  Norm reduction (19) = 0.01951807522014845

  Quadratic cost function: J   (19) = 352209.4672461424
  Quadratic cost function: Jb  (19) = 96784.6033715002
  Quadratic cost function: JoJc(19) = 255424.8638746422

 DRPCG Starting Iteration 20
OOPS_STATS DRPCG iteration 20                       - Runtime:   249.14 sec,  Local Memory:     7.25 GB
rdots 13000      iteration    19
DRPCG end of iteration 20
  Residual norm (20) = 114.0174531779776
  Norm reduction (20) = 0.01621020301372729

  Quadratic cost function: J   (20) = 352018.4718932745
  Quadratic cost function: Jb  (20) = 97246.43513361584
  Quadratic cost function: JoJc(20) = 254772.0367596586

 DRPCG Starting Iteration 21
rdots 8846.35      iteration    20
DRPCG end of iteration 21
  Residual norm (21) = 94.05503155154987
  Norm reduction (21) = 0.01337208570632794

  Quadratic cost function: J   (21) = 351866.4232100458
  Quadratic cost function: Jb  (21) = 97638.65550226942
  Quadratic cost function: JoJc(21) = 254227.7677077764

 DRPCG Starting Iteration 22
rdots 6220.61      iteration    21
DRPCG end of iteration 22
  Residual norm (22) = 78.87084029212023
  Norm reduction (22) = 0.01121330372993698

  Quadratic cost function: J   (22) = 351752.7489150108
  Quadratic cost function: Jb  (22) = 97951.61955529824
  Quadratic cost function: JoJc(22) = 253801.1293597126

 DRPCG Starting Iteration 23
rdots 4729.45      iteration    22
DRPCG end of iteration 23
  Residual norm (23) = 68.77102634526089
  Norm reduction (23) = 0.009777382913288829

  Quadratic cost function: J   (23) = 351676.6377751223
  Quadratic cost function: Jb  (23) = 98174.33381517559
  Quadratic cost function: JoJc(23) = 253502.3039599467

 DRPCG Starting Iteration 24
rdots 3415.24      iteration    23
DRPCG end of iteration 24
  Residual norm (24) = 58.44006562933376
  Norm reduction (24) = 0.008308599267765634

  Quadratic cost function: J   (24) = 351624.5496373184
  Quadratic cost function: Jb  (24) = 98335.27324608304
  Quadratic cost function: JoJc(24) = 253289.2763912353

 DRPCG Starting Iteration 25
OOPS_STATS DRPCG iteration 25                       - Runtime:   278.69 sec,  Local Memory:     7.25 GB
rdots 2382.36      iteration    24
DRPCG end of iteration 25
  Residual norm (25) = 48.80939721809694
  Norm reduction (25) = 0.006939378277884823

  Quadratic cost function: J   (25) = 351584.6150863948
  Quadratic cost function: Jb  (25) = 98465.20674403495
  Quadratic cost function: JoJc(25) = 253119.4083423599

 DRPCG Starting Iteration 26
rdots 1633.38      iteration    25
DRPCG end of iteration 26
  Residual norm (26) = 40.41504634020161
  Norm reduction (26) = 0.005745928256801334

  Quadratic cost function: J   (26) = 351556.1346251945
  Quadratic cost function: Jb  (26) = 98562.669963117
  Quadratic cost function: JoJc(26) = 252993.4646620775

 DRPCG Starting Iteration 27
rdots 1184.78      iteration    26
DRPCG end of iteration 27
  Residual norm (27) = 34.42064879459527
  Norm reduction (27) = 0.004893686793316024

  Quadratic cost function: J   (27) = 351535.2132998406
  Quadratic cost function: Jb  (27) = 98637.8521592366
  Quadratic cost function: JoJc(27) = 252897.361140604

 DRPCG Starting Iteration 28
rdots 864.474      iteration    27
DRPCG end of iteration 28
  Residual norm (28) = 29.40193585710584
  Norm reduction (28) = 0.004180161334566022

  Quadratic cost function: J   (28) = 351521.0059433442
  Quadratic cost function: Jb  (28) = 98691.33248255188
  Quadratic cost function: JoJc(28) = 252829.6734607923

 DRPCG Starting Iteration 29
rdots 637.754      iteration    28
DRPCG end of iteration 29
  Residual norm (29) = 25.2537820760371
  Norm reduction (29) = 0.003590405880036429

  Quadratic cost function: J   (29) = 351510.823087652
  Quadratic cost function: Jb  (29) = 98731.35995949368
  Quadratic cost function: JoJc(29) = 252779.4631281583

 DRPCG Starting Iteration 30
OOPS_STATS DRPCG iteration 30                       - Runtime:   309.31 sec,  Local Memory:     7.25 GB
rdots 459.142      iteration    29
DRPCG end of iteration 30
  Residual norm (30) = 21.42760988645681
  Norm reduction (30) = 0.003046427513305522

  Quadratic cost function: J   (30) = 351503.7303046361
  Quadratic cost function: Jb  (30) = 98760.40062818219
  Quadratic cost function: JoJc(30) = 252743.3296764539

 DRPCG Starting Iteration 31
rdots 322.577      iteration    30
DRPCG end of iteration 31
  Residual norm (31) = 17.96042268270961
  Norm reduction (31) = 0.002553487117841615

  Quadratic cost function: J   (31) = 351498.5774683112
  Quadratic cost function: Jb  (31) = 98782.32796852058
  Quadratic cost function: JoJc(31) = 252716.2494997906

 DRPCG Starting Iteration 32
rdots 222.926      iteration    31
DRPCG end of iteration 32
  Residual norm (32) = 14.93069714066916
  Norm reduction (32) = 0.002122741957838019

  Quadratic cost function: J   (32) = 351494.6228718412
  Quadratic cost function: Jb  (32) = 98799.81767132315
  Quadratic cost function: JoJc(32) = 252694.8052005181

 DRPCG Starting Iteration 33
rdots 162.415      iteration    32
DRPCG end of iteration 33
  Residual norm (33) = 12.74420080210443
  Norm reduction (33) = 0.001811881220740344

  Quadratic cost function: J   (33) = 351491.9006019814
  Quadratic cost function: Jb  (33) = 98812.32125932057
  Quadratic cost function: JoJc(33) = 252679.5793426609

 DRPCG Starting Iteration 34
rdots 111.429      iteration    33
DRPCG end of iteration 34
  Residual norm (34) = 10.55599684301124
  Norm reduction (34) = 0.001500777706114623

  Quadratic cost function: J   (34) = 351489.8650177247
  Quadratic cost function: Jb  (34) = 98822.02057814837
  Quadratic cost function: JoJc(34) = 252667.8444395763

 DRPCG Starting Iteration 35
OOPS_STATS DRPCG iteration 35                       - Runtime:   340.88 sec,  Local Memory:     7.25 GB
rdots 72.3176      iteration    34
DRPCG end of iteration 35
  Residual norm (35) = 8.503978017712353
  Norm reduction (35) = 0.001209036040089495

  Quadratic cost function: J   (35) = 351488.346654045
  Quadratic cost function: Jb  (35) = 98829.52965917965
  Quadratic cost function: JoJc(35) = 252658.8169948654

 DRPCG Starting Iteration 36
rdots 53.248      iteration    35
DRPCG end of iteration 36
  Residual norm (36) = 7.29711980225371
  Norm reduction (36) = 0.001037453390801308

  Quadratic cost function: J   (36) = 351487.3545325705
  Quadratic cost function: Jb  (36) = 98834.6156202071
  Quadratic cost function: JoJc(36) = 252652.7389123634

 DRPCG Starting Iteration 37
rdots 38.5776      iteration    36
DRPCG end of iteration 37
  Residual norm (37) = 6.211084929416609
  Norm reduction (37) = 0.0008830485582254012

  Quadratic cost function: J   (37) = 351486.6719396675
  Quadratic cost function: Jb  (37) = 98838.23379655436
  Quadratic cost function: JoJc(37) = 252648.4381431132

DRPCG: Achieved required reduction in residual norm.
OOPS_STATS DRPCG end                                - Runtime:   359.97 sec,  Local Memory:     7.25 GB
DRPCGMinimizer: reduction in residual norm = 0.000883049
DRPCGMinimizer output increment:
  Valid time: 2026-05-25T10:00:00Z
  Resolution: nCellsGlobal = 2341818, nFields = 12
Fld=1  Min=-0.0104933, Max=0.00849069, RMS=8.8139e-05 : water_vapor_mixing_ratio_wrt_moist_air
Fld=2  Min=-80.3724, Max=98.4297, RMS=2.33019 : air_pressure_at_surface
Fld=3  Min=-7.82512, Max=5.66558, RMS=0.0958637 : air_temperature
Fld=4  Min=-26.2259, Max=27.3225, RMS=0.372909 : northward_wind
Fld=5  Min=-21.1103, Max=26.5622, RMS=0.355802 : eastward_wind
Fld=6  Min=-0.00331291, Max=0.00318001, RMS=1.5532e-05 : cloud_liquid_water
Fld=7  Min=-0.00110173, Max=0.000573453, RMS=3.04632e-06 : cloud_liquid_ice
Fld=8  Min=-0.00526376, Max=0.00402377, RMS=2.86658e-05 : rain_water
Fld=9  Min=-0.00465951, Max=0.00456796, RMS=4.88115e-05 : snow_water
Fld=10  Min=-0.00915868, Max=0.0075685, RMS=1.91183e-05 : graupel
Fld=11  Min=-80.3193, Max=62.7579, RMS=2.23651 : equivalent_reflectivity_factor
Fld=12  Min=0, Max=0, RMS=0 : upward_air_velocity
CostFunction::addIncrement: First guess:
  Valid time: 2026-05-25T10:00:00Z
  Resolution: nCellsGlobal = 2341818, nFields = 35
Fld=1  Min=0, Max=0.0216032, RMS=0.00605603 : water_vapor_mixing_ratio_wrt_moist_air
Fld=2  Min=63760.5, Max=103098, RMS=96518.6 : air_pressure_at_surface
Fld=3  Min=196.388, Max=306.658, RMS=259.773 : air_temperature
Fld=4  Min=-38.3815, Max=60.6905, RMS=7.15278 : northward_wind
Fld=5  Min=-21.9486, Max=67.1284, RMS=11.8429 : eastward_wind
Fld=6  Min=271.346, Max=648.526, RMS=355.469 : air_potential_temperature
Fld=7  Min=0.0382822, Max=1.27827, RMS=0.784044 : dry_air_density
Fld=8  Min=-67.5276, Max=67.533, RMS=9.88089 : u
Fld=9  Min=0, Max=0.0220802, RMS=0.00612911 : water_vapor_mixing_ratio_wrt_dry_air
Fld=10  Min=2431.51, Max=102987, RMS=64291.5 : air_pressure
Fld=11  Min=0, Max=1, RMS=0.790008 : landmask
Fld=12  Min=0, Max=1, RMS=0.0594327 : seaice_fraction
Fld=13  Min=0, Max=1, RMS=0.0655349 : snowc
Fld=14  Min=253.489, Max=304.21, RMS=288.757 : skin_temperature_at_surface
Fld=15  Min=1, Max=19, RMS=12.7664 : ivgtyp
Fld=16  Min=1, Max=16, RMS=9.97061 : isltyp
Fld=17  Min=0, Max=7.5, RMS=0.165446 : snowh
Fld=18  Min=0, Max=0.912829, RMS=0.396548 : vegetation_area_fraction
Fld=19  Min=265.243, Max=304.766, RMS=289.067 : air_temperature_at_2m
Fld=20  Min=0.000566532, Max=0.0215998, RMS=0.0111333 : water_vapor_mixing_ratio_wrt_moist_air_at_2m
Fld=21  Min=-15.9981, Max=18.4798, RMS=3.67032 : eastward_wind_at_10m
Fld=22  Min=-14.7491, Max=18.5792, RMS=3.6728 : northward_wind_at_10m
Fld=23  Min=0, Max=6.53699, RMS=1.55998 : lai
Fld=24  Min=0.00200001, Max=1, RMS=0.635366 : smois
Fld=25  Min=261.92, Max=310.595, RMS=289.297 : tslb
Fld=26  Min=-911.477, Max=5779.87, RMS=3110.99 : pressure_p
Fld=27  Min=0, Max=0.00726005, RMS=6.20463e-05 : cloud_liquid_water
Fld=28  Min=0, Max=0.00193767, RMS=3.89593e-06 : cloud_liquid_ice
Fld=29  Min=0, Max=0.0102705, RMS=2.13466e-05 : graupel
Fld=30  Min=0, Max=0.00857229, RMS=4.24961e-05 : rain_water
Fld=31  Min=0, Max=0.00535835, RMS=6.53061e-05 : snow_water
Fld=32  Min=0, Max=1, RMS=0.248711 : cldfrac
Fld=33  Min=0, Max=71.5609, RMS=4.69721 : equivalent_reflectivity_factor
Fld=34  Min=-8.4625, Max=30.609, RMS=0.133407 : w
Fld=35  Min=0, Max=0, RMS=0 : upward_air_velocity
CostFunction::addIncrement: Increment:
  Valid time: 2026-05-25T10:00:00Z
  Resolution: nCellsGlobal = 2341818, nFields = 12
Fld=1  Min=-0.0104933, Max=0.00849069, RMS=8.8139e-05 : water_vapor_mixing_ratio_wrt_moist_air
Fld=2  Min=-80.3724, Max=98.4297, RMS=2.33019 : air_pressure_at_surface
Fld=3  Min=-7.82512, Max=5.66558, RMS=0.0958637 : air_temperature
Fld=4  Min=-26.2259, Max=27.3225, RMS=0.372909 : northward_wind
Fld=5  Min=-21.1103, Max=26.5622, RMS=0.355802 : eastward_wind
Fld=6  Min=-0.00331291, Max=0.00318001, RMS=1.5532e-05 : cloud_liquid_water
Fld=7  Min=-0.00110173, Max=0.000573453, RMS=3.04632e-06 : cloud_liquid_ice
Fld=8  Min=-0.00526376, Max=0.00402377, RMS=2.86658e-05 : rain_water
Fld=9  Min=-0.00465951, Max=0.00456796, RMS=4.88115e-05 : snow_water
Fld=10  Min=-0.00915868, Max=0.0075685, RMS=1.91183e-05 : graupel
Fld=11  Min=-80.3193, Max=62.7579, RMS=2.23651 : equivalent_reflectivity_factor
Fld=12  Min=0, Max=0, RMS=0 : upward_air_velocity
CostFunction::addIncrement: Analysis: 
  Valid time: 2026-05-25T10:00:00Z
  Resolution: nCellsGlobal = 2341818, nFields = 35
Fld=1  Min=0, Max=0.0216032, RMS=0.0060551 : water_vapor_mixing_ratio_wrt_moist_air
Fld=2  Min=63760.5, Max=103098, RMS=96518.6 : air_pressure_at_surface
Fld=3  Min=195.557, Max=306.658, RMS=259.773 : air_temperature
Fld=4  Min=-38.3815, Max=60.7724, RMS=7.16081 : northward_wind
Fld=5  Min=-24.1565, Max=67.1284, RMS=11.8441 : eastward_wind
Fld=6  Min=271.346, Max=648.812, RMS=355.469 : air_potential_temperature
Fld=7  Min=0.0382822, Max=1.27827, RMS=0.784045 : dry_air_density
Fld=8  Min=-67.5276, Max=67.533, RMS=9.88415 : u
Fld=9  Min=0, Max=0.0220802, RMS=0.00612817 : water_vapor_mixing_ratio_wrt_dry_air
Fld=10  Min=2428.13, Max=102987, RMS=64291.5 : air_pressure
Fld=11  Min=0, Max=1, RMS=0.790008 : landmask
Fld=12  Min=0, Max=1, RMS=0.0594327 : seaice_fraction
Fld=13  Min=0, Max=1, RMS=0.0655349 : snowc
Fld=14  Min=253.489, Max=304.21, RMS=288.757 : skin_temperature_at_surface
Fld=15  Min=1, Max=19, RMS=12.7664 : ivgtyp
Fld=16  Min=1, Max=16, RMS=9.97061 : isltyp
Fld=17  Min=0, Max=7.5, RMS=0.165446 : snowh
Fld=18  Min=0, Max=0.912829, RMS=0.396548 : vegetation_area_fraction
Fld=19  Min=265.243, Max=304.766, RMS=289.068 : air_temperature_at_2m
Fld=20  Min=0.000566532, Max=0.0215998, RMS=0.0111328 : water_vapor_mixing_ratio_wrt_moist_air_at_2m
Fld=21  Min=-15.9981, Max=18.4798, RMS=3.67032 : eastward_wind_at_10m
Fld=22  Min=-14.7491, Max=18.5792, RMS=3.6728 : northward_wind_at_10m
Fld=23  Min=0, Max=6.53699, RMS=1.55998 : lai
Fld=24  Min=0.00200001, Max=1, RMS=0.635366 : smois
Fld=25  Min=261.92, Max=310.595, RMS=289.297 : tslb
Fld=26  Min=-944.564, Max=5781.35, RMS=3110.99 : pressure_p
Fld=27  Min=0, Max=0.00695544, RMS=6.13659e-05 : cloud_liquid_water
Fld=28  Min=0, Max=0.00186957, RMS=4.48786e-06 : cloud_liquid_ice
Fld=29  Min=0, Max=0.0101876, RMS=1.97369e-05 : graupel
Fld=30  Min=0, Max=0.00676099, RMS=3.675e-05 : rain_water
Fld=31  Min=0, Max=0.00660656, RMS=7.34113e-05 : snow_water
Fld=32  Min=0, Max=1, RMS=0.248711 : cldfrac
Fld=33  Min=0, Max=78.0006, RMS=4.28253 : equivalent_reflectivity_factor
Fld=34  Min=-8.4625, Max=30.609, RMS=0.133407 : w
Fld=35  Min=0, Max=0, RMS=0 : upward_air_velocity
OOPS_STATS IncrementalAssimilation end              - Runtime:   360.26 sec,  Local Memory:     7.25 GB
Variational: incremental assimilation done 1 iterations.
QC refl10cm equivalentReflectivityFactor: 133777 H(x) failed.
QC refl10cm equivalentReflectivityFactor: 2 rejected by first-guess check.
QC refl10cm equivalentReflectivityFactor: 3744448 passed out of 3878227 observations.
ObsErrorDiagonal covariance updated 3744448
Observer::finalize QC = 
refl10cm equivalentReflectivityFactor nlocs = 3878227, nobs = 3878227, min = 0, max = 19, avg = 0
Jo Observations:
Jo Obs :refl10cm:equivalentReflectivityFactor   : Nobs=  3744448, Min= 0.000000e+00, Max= 5.200323e+01, RMS= 4.891785e+00
Jo Observations Equivalent:
Jo H(x):refl10cm:equivalentReflectivityFactor   : Nobs=  3744448, Min= 0.000000e+00, Max= 5.245859e+01, RMS= 4.531152e+00
Jo Bias Corrected Departures:
Jo Dep :refl10cm:equivalentReflectivityFactor   : Nobs=  3744448, Min=-4.484984e+01, Max= 4.997139e+01, RMS= 1.839896e+00
Jo Observations Errors:
UFO Diagonal observation error covariance, inverse variances: refl10cm nobs= 3744448 Min=0.04, Max=0.04, RMS=0.04



CostJo   : Nonlinear Jo(refl10cm) = 253515, nobs = 3744448, Jo/n = 0.0677043, err = 5
CostJo   : Nonlinear Jo = 253515
Increment:diff x1 2
Increment:diff x2 1
CostJb: FG-BG
  Valid time: 2026-05-25T10:00:00Z
  Resolution: nCellsGlobal = 2341818, nFields = 12
Fld=1  Min=-0.00997849, Max=0.00849069, RMS=8.79071e-05 : water_vapor_mixing_ratio_wrt_moist_air
Fld=2  Min=-80.3724, Max=98.4297, RMS=2.33019 : air_pressure_at_surface
Fld=3  Min=-7.82512, Max=5.66558, RMS=0.0958637 : air_temperature
Fld=4  Min=-26.2259, Max=27.3225, RMS=0.372909 : northward_wind
Fld=5  Min=-21.1103, Max=26.5622, RMS=0.355802 : eastward_wind
Fld=6  Min=-0.00239749, Max=0.00318001, RMS=1.21674e-05 : cloud_liquid_water
Fld=7  Min=-0.000811658, Max=0.000573453, RMS=2.63683e-06 : cloud_liquid_ice
Fld=8  Min=-0.00421667, Max=0.00402377, RMS=1.99569e-05 : rain_water
Fld=9  Min=-0.0044408, Max=0.00456796, RMS=4.59968e-05 : snow_water
Fld=10  Min=-0.00581891, Max=0.0075685, RMS=1.43689e-05 : graupel
Fld=11  Min=-59.7989, Max=62.7579, RMS=2.18146 : equivalent_reflectivity_factor
Fld=12  Min=0, Max=0, RMS=0 : upward_air_velocity
CostFunction: Nonlinear J = 253515
OOPS_STATS Variational end                          - Runtime:   365.33 sec,  Local Memory:     7.25 GB
==> destruct MPAS corelist and domain:  0
Tried to erase key "mesh[address=0x4412880],halo[size=0]" from cache "NodeColumnsHaloExchangeCache" but it was not found.
Erased key "mesh[address=0x4412880],halo[size=1]" from cache "NodeColumnsHaloExchangeCache".
==> destruct MPAS corelist and domain:  1
refl10cm: save database to jdiag_mrms_refl.nc (io pool size: 4)
QC refl10cm equivalentReflectivityFactor: 133777 H(x) failed.
QC refl10cm equivalentReflectivityFactor: 2 rejected by first-guess check.
QC refl10cm equivalentReflectivityFactor: 3744448 passed out of 3878227 observations.
Erased key "mesh[address=0x785aff0]" from cache "NodeColumnsGatherScatterCache".
Tried to erase key "mesh[address=0x785aff0],halo[size=0]" from cache "NodeColumnsHaloExchangeCache" but it was not found.
Erased key "mesh[address=0x785aff0],halo[size=1]" from cache "NodeColumnsHaloExchangeCache".

Run: Finishing oops::Variational<MPAS, UFO and IODA observations>
OOPS_STATS  
OOPS_STATS ----------------------------------------------------------------------------------
OOPS_STATS --------------------------- Object counts ----------------------------------------
OOPS_STATS ----------------------------------------------------------------------------------
OOPS_STATS                                      Total  Simult. Remain    Avg (Mb)    HWM (Mb)
OOPS_STATS ioda::ObsDataVector             :        8       5        
OOPS_STATS ioda::ObsVector                 :       94       8        
OOPS_STATS mpas::Geometry                  :        2       2        
OOPS_STATS mpas::Increment                 :     2704     121        
OOPS_STATS mpas::LinVarChaModel2GeoVars    :        1       1        
OOPS_STATS mpas::ModelBias                 :        4       3        
OOPS_STATS mpas::ModelBiasCovariance       :        1       1        
OOPS_STATS mpas::State                     :       75      34        
OOPS_STATS mpas::VarChaModel2GeoVars       :        3       1        
OOPS_STATS oops::ControlIncrement          :      166      88               15.22     1339.40
OOPS_STATS oops::ControlVariable           :        4       3        
OOPS_STATS oops::Diffusion                 :        1       1        
OOPS_STATS oops::EnsembleCovariance        :        1       1             3547.05     3547.05
OOPS_STATS oops::GeoVaLs                   :       78       1        
OOPS_STATS oops::Geometry                  :        2       2        
OOPS_STATS oops::GetValues                 :        3       2        
OOPS_STATS oops::Increment                 :     2628     121               15.02     1841.67
OOPS_STATS oops::LinearObsOperator         :        1       1        
OOPS_STATS oops::LocalInterpolator         :     2400    1600        
OOPS_STATS oops::Localization              :        1       1        
OOPS_STATS oops::ModelAuxControl           :        4       3        
OOPS_STATS oops::ModelAuxCovariance        :        1       1        
OOPS_STATS oops::ModelAuxIncrement         :      166      88        
OOPS_STATS oops::ObsAuxControl             :        4       3        
OOPS_STATS oops::ObsAuxCovariance          :        1       1        
OOPS_STATS oops::ObsAuxIncrement           :      166      88        
OOPS_STATS oops::ObsAuxIncrements          :      166      88        
OOPS_STATS oops::ObsAuxPreconditioner      :        2       2        
OOPS_STATS oops::ObsDataVector             :        4       4        
OOPS_STATS oops::ObsDiagnostics            :        2       1        
OOPS_STATS oops::ObsError                  :        1       1        
OOPS_STATS oops::ObsOperator               :        2       2        
OOPS_STATS oops::ObsSpace                  :        1       1        
OOPS_STATS oops::ObsSpaces                 :        1       1        
OOPS_STATS oops::ObsVector                 :       94       7                0.04        0.23
OOPS_STATS oops::SampledLocations          :        8       4        
OOPS_STATS oops::State                     :       72      34               21.39      702.08
OOPS_STATS oops::UnstructuredInterpolator  :     2400    1600        
OOPS_STATS oops::VariableChange            :        3       1        
OOPS_STATS ufo::BackgroundCheck            :        1       1        
OOPS_STATS ufo::FinalCheck                 :        2       2        
OOPS_STATS ufo::GeoVaLs                    :       81       2        
OOPS_STATS ufo::ObsBias                    :        4       3        
OOPS_STATS ufo::ObsBiasCovariance          :        1       1        
OOPS_STATS ufo::ObsBiasPreconditioner      :        1       1        
OOPS_STATS ufo::ObsFilter                  :        9       6        
OOPS_STATS ufo::ObsFilterData              :        3       3        
OOPS_STATS ufo::ObsVertInterp              :        2       2        
OOPS_STATS ufo::ObsVertInterpTLAD          :        1       1        
OOPS_STATS ufo::SampledLocations           :        4       3        
OOPS_STATS ----------------------------- Object counts --------------------------------------
OOPS_STATS  
OOPS_STATS --------------------------------------------------------------------------------------------
OOPS_STATS ------------------------------------ Timing Statistics -------------------------------------
OOPS_STATS --------------------------------------------------------------------------------------------
OOPS_STATS Name                                                :   total (ms)   count    time/call (ms)
OOPS_STATS ObsFilter::Background Check::ObsFilter              :         0.15       1            0.1536
OOPS_STATS ObsFilter::Background Check::postFilter             :        21.51       1           21.5084
OOPS_STATS ObsFilter::Background Check::preProcess             :         0.01       1            0.0055
OOPS_STATS ObsFilter::Background Check::priorFilter            :         0.02       1            0.0249
OOPS_STATS ObsFilter::Final Check::ObsFilter                   :         3.86       2            1.9325
OOPS_STATS ObsFilter::Final Check::postFilter                  :         0.04       2            0.0216
OOPS_STATS ObsFilter::Final Check::preProcess                  :         0.32       2            0.1625
OOPS_STATS ObsFilter::Final Check::priorFilter                 :         0.00       2            0.0023
OOPS_STATS ObsFilter::QCmanager::ObsFilter                     :         1.30       2            0.6499
OOPS_STATS ObsFilter::QCmanager::postFilter                    :         0.22       2            0.1109
OOPS_STATS ObsFilter::QCmanager::preProcess                    :         0.00       2            0.0001
OOPS_STATS ObsFilter::QCmanager::priorFilter                   :         0.00       2            0.0001
OOPS_STATS ioda::ObsSpace::get_db(DateTime)                    :         1.34       4            0.3338
OOPS_STATS ioda::ObsSpace::get_db(double)                      :         7.93       5            1.5852
OOPS_STATS ioda::ObsSpace::get_db(float)                       :         1.54      12            0.1283
OOPS_STATS ioda::ObsSpace::load                                :       664.53       1          664.5323
OOPS_STATS ioda::ObsSpace::put_db(double)                      :         0.30       6            0.0507
OOPS_STATS ioda::ObsSpace::put_db(float)                       :         0.08       2            0.0405
OOPS_STATS ioda::ObsSpace::put_db(int)                         :         2.06       2            1.0281
OOPS_STATS mpas::LinVarChaModel2GeoVars::LinVarChaModel2GeoVar :         3.04       1            3.0445
OOPS_STATS mpas::LinVarChaModel2GeoVars::changeVarAD           :       837.28      38           22.0337
OOPS_STATS mpas::LinVarChaModel2GeoVars::changeVarTL           :       133.01      37            3.5949
OOPS_STATS mpas::LinVarChaModel2GeoVars::~LinVarChaModel2GeoVa :         0.03       1            0.0321
OOPS_STATS mpas::VarChaModel2GeoVars::VarChaModel2GeoVars      :         0.05       3            0.0160
OOPS_STATS mpas::VarChaModel2GeoVars::changeVar                :        13.64       3            4.5457
OOPS_STATS mpas::VarChaModel2GeoVars::~VarChaModel2GeoVars     :         0.01       3            0.0019
OOPS_STATS oops::Covariance::EnsembleCovariance                :     80099.44       1        80099.4439
OOPS_STATS oops::Covariance::ensemble::Constructor             :         0.01       1            0.0099
OOPS_STATS oops::Covariance::ensemble::multiply                :    205585.77      38         5410.1519
OOPS_STATS oops::Diffusion::Diffusion                          :         0.00       1            0.0001
OOPS_STATS oops::Diffusion::calculateDerivedGeom               :         1.93       1            1.9295
OOPS_STATS oops::Diffusion::multiplySqrtAD                     :     52062.97    1140           45.6693
OOPS_STATS oops::Diffusion::multiplySqrtTL                     :     44502.30    1140           39.0371
OOPS_STATS oops::Diffusion::setParameters                      :         5.83       1            5.8301
OOPS_STATS oops::GeoVaLs::GeoVaLs                              :        23.13      78            0.2965
OOPS_STATS oops::GeoVaLs::fill                                 :        27.67   26832            0.0010
OOPS_STATS oops::GeoVaLs::fillAD                               :        20.86   23712            0.0009
OOPS_STATS oops::GeoVaLs::~GeoVaLs                             :         0.43      78            0.0056
OOPS_STATS oops::Geometry::Geometry                            :     46199.76       2        23099.8798
OOPS_STATS oops::Geometry::variableSizes                       :         4.07      11            0.3703
OOPS_STATS oops::Geometry::~Geometry                           :       472.22       2          236.1122
OOPS_STATS oops::GeometryData::containingTriangleAndBarycentri :        45.52   20682            0.0022
OOPS_STATS oops::GeometryData::setGlobalTree                   :      1813.42       2          906.7109
OOPS_STATS oops::GeometryData::setLocalTree                    :         3.15       2            1.5774
OOPS_STATS oops::GeometryData::setMeshAndTriangulation         :         0.28       2            0.1416
OOPS_STATS oops::GetValues::GetValues                          :       320.13       3          106.7096
OOPS_STATS oops::GetValues::fillGeoVaLs                        :       113.10       3           37.6995
OOPS_STATS oops::GetValues::fillGeoVaLsAD                      :       106.58      38            2.8046
OOPS_STATS oops::GetValues::fillGeoVaLsTL                      :       663.78      37           17.9400
OOPS_STATS oops::GetValues::finalize                           :        19.15       3            6.3831
OOPS_STATS oops::GetValues::finalizeAD                         :       564.58      38           14.8573
OOPS_STATS oops::GetValues::finalizeTL                         :       101.82      37            2.7519
OOPS_STATS oops::GetValues::initialize                         :         2.27       3            0.7562
OOPS_STATS oops::GetValues::initializeAD                       :         4.41      38            0.1161
OOPS_STATS oops::GetValues::initializeTL                       :        16.02      37            0.4329
OOPS_STATS oops::GetValues::process                            :        17.37       3            5.7912
OOPS_STATS oops::GetValues::processAD                          :       115.82      38            3.0480
OOPS_STATS oops::GetValues::processTL                          :       125.47      37            3.3912
OOPS_STATS oops::Increment::Increment                          :     24812.03    2628            9.4414
OOPS_STATS oops::Increment::axpy                               :      4716.11     777            6.0696
OOPS_STATS oops::Increment::diff                               :       352.95      33           10.6955
OOPS_STATS oops::Increment::dot_product_with                   :      6890.06     855            8.0585
OOPS_STATS oops::Increment::fromFieldSet                       :      9845.06    1178            8.3574
OOPS_STATS oops::Increment::operator*=                         :       225.62     112            2.0145
OOPS_STATS oops::Increment::operator+=                         :      9566.03    1319            7.2525
OOPS_STATS oops::Increment::operator+=(State, Increment)       :        45.77       1           45.7682
OOPS_STATS oops::Increment::operator-=                         :       151.46      30            5.0485
OOPS_STATS oops::Increment::operator=                          :      5348.66    1454            3.6786
OOPS_STATS oops::Increment::print                              :     22645.88    1147           19.7436
OOPS_STATS oops::Increment::schur_product_with                 :     10747.83    2280            4.7140
OOPS_STATS oops::Increment::serialSize                         :         4.83     166            0.0291
OOPS_STATS oops::Increment::toFieldSet                         :      9263.40    1215            7.6242
OOPS_STATS oops::Increment::zero                               :       114.90     115            0.9992
OOPS_STATS oops::Increment::~Increment                         :       121.04    2628            0.0461
OOPS_STATS oops::LinearObsOper::refl10cm::LinearObsOperator    :         0.88       1            0.8769
OOPS_STATS oops::LinearObsOper::refl10cm::requiredVars         :         0.08      77            0.0011
OOPS_STATS oops::LinearObsOper::refl10cm::setTrajectory        :        13.91       1           13.9071
OOPS_STATS oops::LinearObsOper::refl10cm::simulateObsAD        :         3.54      38            0.0931
OOPS_STATS oops::LinearObsOper::refl10cm::simulateObsTL        :        10.60      37            0.2865
OOPS_STATS oops::LinearObsOper::refl10cm::~LinearObsOperator   :         1.27       1            1.2699
OOPS_STATS oops::LinearVariableChange::LinearVariableChange    :         0.03       1            0.0343
OOPS_STATS oops::LinearVariableChange::changeVarAD             :      1393.99      38           36.6839
OOPS_STATS oops::LinearVariableChange::changeVarTL             :       604.76      37           16.3449
OOPS_STATS oops::LinearVariableChange::changeVarTraj           :         3.06       1            3.0579
OOPS_STATS oops::LinearVariableChange::~LinearVariableChange   :         0.04       1            0.0442
OOPS_STATS oops::LocalInterpolator::LocalInterpolator          :        53.75    2400            0.0224
OOPS_STATS oops::LocalInterpolator::apply                      :        16.09    2400            0.0067
OOPS_STATS oops::LocalInterpolator::applyAD                    :       100.92   30400            0.0033
OOPS_STATS oops::LocalInterpolator::applyTL                    :       110.88   29600            0.0037
OOPS_STATS oops::LocalInterpolator::preprocess                 :      1226.23      40           30.6556
OOPS_STATS oops::LocalInterpolator::preprocessAD               :        57.45      38            1.5118
OOPS_STATS oops::LocalInterpolator::~LocalInterpolator         :         1.47    2400            0.0006
OOPS_STATS oops::Localization::Localization                    :      7564.42       1         7564.4193
OOPS_STATS oops::Localization::multiply                        :    168792.34    1140          148.0635
OOPS_STATS oops::Localization::~Localization                   :         0.74       1            0.7377
OOPS_STATS oops::ModelAuxControl::ModelAuxControl              :         0.01       4            0.0031
OOPS_STATS oops::ModelAuxControl::print                        :         0.00       3            0.0003
OOPS_STATS oops::ModelAuxControl::~ModelAuxControl             :         0.00       4            0.0009
OOPS_STATS oops::ModelAuxCovariance::ModelAuxCovariance        :         0.00       1            0.0032
OOPS_STATS oops::ModelAuxCovariance::linearize                 :         0.00       1            0.0001
OOPS_STATS oops::ModelAuxCovariance::multiply                  :         0.01      38            0.0002
OOPS_STATS oops::ModelAuxCovariance::~ModelAuxCovariance       :         0.00       1            0.0006
OOPS_STATS oops::ModelAuxIncrement::ModelAuxIncrement          :         0.15     166            0.0009
OOPS_STATS oops::ModelAuxIncrement::axpy                       :         0.31     777            0.0004
OOPS_STATS oops::ModelAuxIncrement::diff                       :         0.00       3            0.0001
OOPS_STATS oops::ModelAuxIncrement::dot_product_with           :         0.23     855            0.0003
OOPS_STATS oops::ModelAuxIncrement::operator*=                 :         0.03      73            0.0004
OOPS_STATS oops::ModelAuxIncrement::operator+=                 :         0.05     111            0.0005
OOPS_STATS oops::ModelAuxIncrement::operator+=ModelAuxControl  :         0.00       1            0.0001
OOPS_STATS oops::ModelAuxIncrement::operator=                  :         0.02      41            0.0004
OOPS_STATS oops::ModelAuxIncrement::print                      :         0.00       7            0.0004
OOPS_STATS oops::ModelAuxIncrement::serialSize                 :         0.01     166            0.0001
OOPS_STATS oops::ModelAuxIncrement::zero                       :         0.01      38            0.0003
OOPS_STATS oops::ModelAuxIncrement::~ModelAuxIncrement         :         0.03     166            0.0002
OOPS_STATS oops::ObsAuxControl::ObsAuxControl                  :         0.34       4            0.0849
OOPS_STATS oops::ObsAuxControl::print                          :         0.53       3            0.1757
OOPS_STATS oops::ObsAuxControl::requiredHdiagnostics           :         0.00       2            0.0002
OOPS_STATS oops::ObsAuxControl::requiredVars                   :         0.00       6            0.0003
OOPS_STATS oops::ObsAuxControl::write                          :         0.07       1            0.0691
OOPS_STATS oops::ObsAuxControl::~ObsAuxControl                 :         1.63       4            0.4076
OOPS_STATS oops::ObsAuxCovariance::ObsAuxCovariance            :         0.08       1            0.0780
OOPS_STATS oops::ObsAuxCovariance::inverseMultiply             :         0.05      38            0.0013
OOPS_STATS oops::ObsAuxCovariance::linearize                   :         6.51       1            6.5122
OOPS_STATS oops::ObsAuxCovariance::multiply                    :         0.25      38            0.0067
OOPS_STATS oops::ObsAuxCovariance::preconditioner              :         0.41       1            0.4085
OOPS_STATS oops::ObsAuxCovariance::write                       :         0.03       1            0.0320
OOPS_STATS oops::ObsAuxCovariance::~ObsAuxCovariance           :         0.00       1            0.0037
OOPS_STATS oops::ObsAuxIncrement::ObsAuxIncrement              :         4.23     166            0.0255
OOPS_STATS oops::ObsAuxIncrement::axpy                         :         1.37     777            0.0018
OOPS_STATS oops::ObsAuxIncrement::diff                         :         0.02       3            0.0069
OOPS_STATS oops::ObsAuxIncrement::dot_product_with             :         0.75     855            0.0009
OOPS_STATS oops::ObsAuxIncrement::operator*=                   :         0.12      73            0.0016
OOPS_STATS oops::ObsAuxIncrement::operator+=                   :         0.45     111            0.0040
OOPS_STATS oops::ObsAuxIncrement::operator=                    :         0.05      41            0.0012
OOPS_STATS oops::ObsAuxIncrement::print                        :         0.01       7            0.0009
OOPS_STATS oops::ObsAuxIncrement::serialSize                   :         0.01     332            0.0000
OOPS_STATS oops::ObsAuxIncrement::zero                         :         0.06      38            0.0015
OOPS_STATS oops::ObsAuxIncrement::~ObsAuxIncrement             :         1.14     166            0.0068
OOPS_STATS oops::ObsAuxPreconditioner::multiply                :         0.20      38            0.0054
OOPS_STATS oops::ObsAuxPreconditioner::~ObsAuxPreconditioner   :         0.63       2            0.3162
OOPS_STATS oops::ObsDataVector::ObsDataVector                  :         0.23       4            0.0578
OOPS_STATS oops::ObsDataVector::mask                           :         0.01       2            0.0040
OOPS_STATS oops::ObsDataVector::operator=                      :         0.01       2            0.0058
OOPS_STATS oops::ObsDataVector::print                          :         1.25       2            0.6243
OOPS_STATS oops::ObsDataVector::save                           :         2.16       4            0.5390
OOPS_STATS oops::ObsDataVector::~ObsDataVector                 :         0.19       4            0.0469
OOPS_STATS oops::ObsDiagnostics::ObsDiagnostics                :         0.07       2            0.0362
OOPS_STATS oops::ObsDiagnostics::~ObsDiagnostics               :         0.01       2            0.0071
OOPS_STATS oops::ObsError::getRMSE                             :         0.83       4            0.2075
OOPS_STATS oops::ObsError::inverseMultiply                     :         0.70      39            0.0180
OOPS_STATS oops::ObsError::obserrors                           :         0.04       6            0.0070
OOPS_STATS oops::ObsError::update                              :         7.89       2            3.9444
OOPS_STATS oops::ObsError::~ObsError                           :         0.78       1            0.7848
OOPS_STATS oops::ObsOperator::refl10cm::ObsOperator            :        15.83       2            7.9146
OOPS_STATS oops::ObsOperator::refl10cm::computeReducedVars     :         0.76       3            0.2535
OOPS_STATS oops::ObsOperator::refl10cm::locations              :         1.58       3            0.5278
OOPS_STATS oops::ObsOperator::refl10cm::requiredVars           :         0.00       3            0.0016
OOPS_STATS oops::ObsOperator::refl10cm::simulateObs            :        10.20       2            5.1013
OOPS_STATS oops::ObsOperator::refl10cm::~ObsOperator           :         1.67       2            0.8339
OOPS_STATS oops::ObsSpace::ObsSpace                            :       666.70       1          666.7041
OOPS_STATS oops::ObsSpace::obsvariables                        :         0.00       3            0.0000
OOPS_STATS oops::ObsSpace::save                                :      3074.07       1         3074.0653
OOPS_STATS oops::ObsSpace::~ObsSpace                           :         3.05       1            3.0518
OOPS_STATS oops::ObsVector::ObsVector                          :         1.16      92            0.0126
OOPS_STATS oops::ObsVector::dot_product                        :         0.46       4            0.1161
OOPS_STATS oops::ObsVector::info                               :         1.36       6            0.2270
OOPS_STATS oops::ObsVector::operator*=                         :         0.01       2            0.0048
OOPS_STATS oops::ObsVector::operator-=                         :         0.02       2            0.0106
OOPS_STATS oops::ObsVector::operator=                          :         0.41       4            0.1023
OOPS_STATS oops::ObsVector::rms                                :         0.49       4            0.1216
OOPS_STATS oops::ObsVector::save                               :         0.33       6            0.0556
OOPS_STATS oops::ObsVector::zero                               :         0.03      39            0.0009
OOPS_STATS oops::ObsVector::~ObsVector                         :         0.19      92            0.0021
OOPS_STATS oops::Parameters::deserialize                       :        53.33      97            0.5498
OOPS_STATS oops::Parameters::serialize                         :         1.97      80            0.0246
OOPS_STATS oops::Run::execute                                  :    367586.23       1       367586.2304
OOPS_STATS oops::SampledLocations::SampledLocations            :         0.00       4            0.0002
OOPS_STATS oops::SampledLocations::latitudes                   :         0.00       3            0.0001
OOPS_STATS oops::SampledLocations::longitudes                  :         0.00       3            0.0000
OOPS_STATS oops::SampledLocations::times                       :         0.00       3            0.0000
OOPS_STATS oops::SampledLocations::~SampledLocations           :         0.70       8            0.0879
OOPS_STATS oops::State::State                                  :     74132.24      72         1029.6144
OOPS_STATS oops::State::print                                  :       176.60       3           58.8667
OOPS_STATS oops::State::toFieldSet                             :        24.22       5            4.8448
OOPS_STATS oops::State::variables                              :         0.00      58            0.0000
OOPS_STATS oops::State::write                                  :      4583.21       1         4583.2076
OOPS_STATS oops::State::zero                                   :        68.57      30            2.2858
OOPS_STATS oops::State::~State                                 :         6.62      72            0.0919
OOPS_STATS oops::UnstructuredInterpolator::UnstructuredInterpo :        52.41    2400            0.0218
OOPS_STATS oops::UnstructuredInterpolator::apply               :       118.54   32000            0.0037
OOPS_STATS oops::UnstructuredInterpolator::applyAD             :        71.30   30400            0.0023
OOPS_STATS oops::VariableChange::VariableChange                :         0.30       3            0.1013
OOPS_STATS oops::VariableChange::changeVar                     :        19.75       3            6.5835
OOPS_STATS oops::VariableChange::~VariableChange               :         0.02       3            0.0065
OOPS_STATS oops::util::FieldSetHelpers::readFieldSet           :      7505.83       2         3752.9154
OOPS_STATS saber::Localization::Localization                   :      7564.35       1         7564.3469
OOPS_STATS saber::Localization::multiply                       :    159332.80    1140          139.7656
OOPS_STATS saber::Localization::~Localization                  :         0.00       1            0.0001
OOPS_STATS ufo::ObsFilter::ObsFilter                           :         5.32       5            1.0647
OOPS_STATS ufo::ObsFilter::checkFilterData                     :         0.01      15            0.0005
OOPS_STATS ufo::ObsFilter::postFilter                          :        21.78       5            4.3557
OOPS_STATS ufo::ObsFilter::preProcess                          :         0.34       5            0.0670
OOPS_STATS ufo::ObsFilter::priorFilter                         :         0.04       5            0.0071
OOPS_STATS ufo::ObsFilter::~ObsFilter                          :       153.68       9           17.0757
OOPS_STATS util::Timers::measured                              :    367276.70       1       367276.7035
OOPS_STATS ------------------------------------ Timing Statistics -------------------------------------

OOPS_STATS ------------------------------------------------------------------------------------------------------------------
OOPS_STATS ---------------------------------- Parallel Timing Statistics ( 800 MPI tasks) -----------------------------------
OOPS_STATS ------------------------------------------------------------------------------------------------------------------
OOPS_STATS Name                                                :     min (ms)    max (ms)    avg (ms)     % total   imbal (%)
OOPS_STATS oops::Covariance::EnsembleCovariance                :     80098.66    80100.92    80099.36       21.79        0.00
OOPS_STATS oops::Covariance::ensemble::multiply                :    205206.72   205712.63   205500.89       55.90        0.25
OOPS_STATS oops::Diffusion::multiplySqrtAD                     :     50882.63    53648.27    52370.46       14.24        5.28
OOPS_STATS oops::Diffusion::multiplySqrtTL                     :     41597.63    48212.01    43950.27       11.95       15.05
OOPS_STATS oops::Geometry::Geometry                            :     45131.93    46376.69    46287.83       12.59        2.69
OOPS_STATS oops::Geometry::~Geometry                           :       441.48      635.65      551.64        0.15       35.20
OOPS_STATS oops::GeometryData::setGlobalTree                   :      1813.42     1965.07     1892.27        0.51        8.01
OOPS_STATS oops::GetValues::fillGeoVaLsTL                      :       267.44      754.69      579.13        0.16       84.13
OOPS_STATS oops::GetValues::finalizeAD                         :       495.21      948.61      578.88        0.16       78.32
OOPS_STATS oops::Increment::Increment                          :     20407.65    28080.89    23155.10        6.30       33.14
OOPS_STATS oops::Increment::axpy                               :      3968.40     5138.01     4657.34        1.27       25.11
OOPS_STATS oops::Increment::dot_product_with                   :      6473.43     8003.32     7077.75        1.93       21.62
OOPS_STATS oops::Increment::fromFieldSet                       :      8573.68    12506.80     9580.97        2.61       41.05
OOPS_STATS oops::Increment::operator+=                         :      7867.21    10671.05     9317.54        2.53       30.09
OOPS_STATS oops::Increment::operator=                          :      3731.23     6876.19     5117.68        1.39       61.45
OOPS_STATS oops::Increment::print                              :     14595.22    30354.67    24377.09        6.63       64.65
OOPS_STATS oops::Increment::schur_product_with                 :      7741.23    13355.53    10665.11        2.90       52.64
OOPS_STATS oops::Increment::toFieldSet                         :      8063.40    14445.85     9918.12        2.70       64.35
OOPS_STATS oops::LinearVariableChange::changeVarAD             :       994.17     2064.61     1469.46        0.40       72.85
OOPS_STATS oops::LinearVariableChange::changeVarTL             :       326.48      920.13      691.76        0.19       85.82
OOPS_STATS oops::LocalInterpolator::preprocess                 :        71.68     1342.07     1233.02        0.34      103.03
OOPS_STATS oops::Localization::Localization                    :      7529.16     7806.48     7609.41        2.07        3.64
OOPS_STATS oops::Localization::multiply                        :    163128.84   178353.43   170946.72       46.50        8.91
OOPS_STATS oops::ObsSpace::ObsSpace                            :       607.46      673.18      641.26        0.17       10.25
OOPS_STATS oops::ObsSpace::save                                :      2913.45     3085.53     2994.89        0.81        5.75
OOPS_STATS oops::State::State                                  :     74011.68    74285.55    74127.85       20.16        0.37
OOPS_STATS oops::State::write                                  :      3412.49     4612.60     4585.01        1.25       26.17
OOPS_STATS oops::util::FieldSetHelpers::readFieldSet           :      7326.65     7552.11     7403.97        2.01        3.05
OOPS_STATS saber::Localization::Localization                   :      7529.14     7806.45     7609.39        2.07        3.64
OOPS_STATS saber::Localization::multiply                       :    152095.06   167057.97   161337.89       43.88        9.27
OOPS_STATS util::Timers::measured                              :    367276.70   367456.99   367384.32       99.93        0.05
OOPS_STATS oops::Run::execute                                  :    367580.25   367716.64   367647.75      100.00        0.04
OOPS_STATS ---------------------------------- Parallel Timing Statistics ( 800 MPI tasks) -----------------------------------

OOPS_STATS Run end                                  - Runtime:    369.12 sec,  Memory: total:  4026.16 GB, per task: min =     4.73 GB, max =     7.25 GB
Run: Finishing oops::Variational<MPAS, UFO and IODA observations> with status = 0
OOPS Ending   2026-05-25 13:43:19 (UTC+0000)
