Configuration input file is: jedivar.pass2.yaml
Full configuration is:YAMLConfiguration[path=jedivar.pass2.yaml, root={_member => {date => 2026-05-22T21:00:00Z , state variables => (water_vapor_mixing_ratio_wrt_moist_air,air_pressure_at_surface,air_temperature,northward_wind,eastward_wind,cloud_liquid_water,cloud_liquid_ice,rain_water,snow_water,graupel,equivalent_reflectivity_factor,upward_air_velocity) , stream name => ensemble} , output => {filename => mpasout.nc , stream name => analysis} , variational => {minimizer => {algorithm => DRPCG} , iterations => ({geometry => {nml_file => ./namelist.atmosphere , streams_file => ./streams.atmosphere , deallocate non-da fields => true , interpolation type => unstructured} , gradient norm reduction => 0.001 , ninner => 75})} , cost function => {cost type => 3D-Var , time window => {begin => 2026-05-22T19:00:00Z , length => PT4H} , jb evaluation => false , geometry => {nml_file => ./namelist.atmosphere , streams_file => ./streams.atmosphere , deallocate non-da fields => true , interpolation type => unstructured} , analysis variables => (water_vapor_mixing_ratio_wrt_moist_air,air_pressure_at_surface,air_temperature,northward_wind,eastward_wind,cloud_liquid_water,cloud_liquid_ice,rain_water,snow_water,graupel,equivalent_reflectivity_factor,upward_air_velocity) , background => {state variables => (water_vapor_mixing_ratio_wrt_moist_air,air_pressure_at_surface,air_temperature,northward_wind,eastward_wind,air_potential_temperature,dry_air_density,u,water_vapor_mixing_ratio_wrt_dry_air,air_pressure,landmask,seaice_fraction,snowc,skin_temperature_at_surface,ivgtyp,isltyp,snowh,vegetation_area_fraction,air_temperature_at_2m,water_vapor_mixing_ratio_wrt_moist_air_at_2m,eastward_wind_at_10m,northward_wind_at_10m,lai,smois,tslb,pressure_p,cloud_liquid_water,cloud_liquid_ice,graupel,rain_water,snow_water,cldfrac,equivalent_reflectivity_factor,w,upward_air_velocity) , filename => mpasout.nc , date => 2026-05-22T21:00:00Z} , background error => {covariance model => ensemble , localization => {localization method => SABER , saber central block => {saber block name => diffusion , active variables => (water_vapor_mixing_ratio_wrt_moist_air,air_pressure_at_surface,air_temperature,northward_wind,eastward_wind,cloud_liquid_water,cloud_liquid_ice,rain_water,snow_water,graupel,equivalent_reflectivity_factor,upward_air_velocity) , read => {groups => ({variables => (water_vapor_mixing_ratio_wrt_moist_air,air_pressure_at_surface,air_temperature,northward_wind,eastward_wind,cloud_liquid_water,cloud_liquid_ice,rain_water,snow_water,graupel,equivalent_reflectivity_factor,upward_air_velocity) , multivariate strategy => duplicated , horizontal => {filepath => data/diffusionloc/mpas_conus3km.diffusion_hz} , vertical => {levels => 59 , filepath => data/diffusionloc/mpas_conus3km.diffusion_vt}})}}} , members from template => {template => {date => 2026-05-22T21:00:00Z , state variables => (water_vapor_mixing_ratio_wrt_moist_air,air_pressure_at_surface,air_temperature,northward_wind,eastward_wind,cloud_liquid_water,cloud_liquid_ice,rain_water,snow_water,graupel,equivalent_reflectivity_factor,upward_air_velocity) , stream name => ensemble , filename => ./data/ens/mem%iMember%.nc} , pattern => %iMember% , start => 1 , zero padding => 3 , nmembers => 30}} , observations => {observers => ({obs space => {name => refl10cm , distribution => {name => RoundRobin , halo size => 500000} , obsdatain => {engine => {type => H5File , obsfile => data/obs/ioda_mrms_refl.nc , missing file action => warn}} , obsdataout => {engine => {type => H5File , allow overwrite => true , obsfile => jdiag_mrms_refl.nc}} , io pool => {write multiple files => false} , _source => mrms , simulated variables => (equivalentReflectivityFactor)} , obs operator => {name => VertInterp , vertical coordinate => height_above_mean_sea_level , observation vertical coordinate => height , interpolation method => linear , observation alias file => obsop_name_map.yaml} , obs localizations => ({localization method => Horizontal Gaspari-Cohn , lengthscale => 200000}) , _obsname => refl10cm , obs filters => ({filter => Background Check , filter variables => ({name => equivalentReflectivityFactor}) , threshold => 12 , action => {name => reject}})})}}}]
OOPS_STATS ObjectCountHelper started.
OOPS_STATS Run start                                - Runtime:      0.97 sec,  Memory: total:   104.34 GB, per task: min =   128.97 MB, max =   130.55 MB
Run: Starting oops::Variational<MPAS, UFO and IODA observations>
OOPS_STATS Variational start                        - Runtime:     0.97 sec,  Local Memory:   130.55 MB
==> create geom
atlas::mpi::push(world)
Increase halo 1
atlas::mpi::pop(world)
atlas::mpi::push(world)
atlas::mpi::pop(world)
atlas::mpi::push(world)
atlas::mpi::pop(world)
atlas::mpi::push(world)
atlas::mpi::pop(world)
refl10cm: read database from data/obs/ioda_mrms_refl.nc (io pool size: 800)
refl10cm processed vars: 1 Variables: equivalentReflectivityFactor
refl10cm assimilated vars: 1 Variables: equivalentReflectivityFactor
refl10cm: 0 observations are outside of time window out of 3893763
refl10cm: 0 observations were rejected by QC checks out of 3893763
No bias-correction is performed for this ObsSpace.
3DVar window: TimeWindow: start = 2026-05-22T19:00:00Z, end = 2026-05-22T23:00:00Z, inclusive upper bound.

OOPS_STATS IncrementalAssimilation start            - Runtime:    36.39 sec,  Local Memory:     2.50 GB
Running incremental assimilation with 1 outer iterations.
Minimizer algorithm=DRPCG
QNewtonLMP: maxouter : 1
IncrementalAssimilation: Configuration for outer iteration 0:
LocalConfiguration[root={geometry => {nml_file => ./namelist.atmosphere , streams_file => ./streams.atmosphere , deallocate non-da fields => true , interpolation type => unstructured} , gradient norm reduction => 0.001 , ninner => 75 , iteration => 0 , total iterations => 1}]
OOPS_STATS IncrementalAssimilation iteration 0      - Runtime:    36.39 sec,  Local Memory:     2.50 GB
==> create geom
atlas::mpi::push(world)
Increase halo 1
atlas::mpi::pop(world)
atlas::mpi::push(world)
atlas::mpi::pop(world)
atlas::mpi::push(world)
atlas::mpi::pop(world)
atlas::mpi::push(world)
atlas::mpi::pop(world)
Key "mesh[address=0x3defc20],halo[size=1]" not found in cache "NodeColumnsHaloExchangeCache" , creating new, removable with key "mesh[address=0x3defc20],halo[size=1]"
Key "mesh[address=0x6d804b0],halo[size=1]" not found in cache "NodeColumnsHaloExchangeCache" , creating new, removable with key "mesh[address=0x6d804b0],halo[size=1]"
processWhere: selected 0 obs.
BackgroundCheck obserr: 
refl10cm equivalentReflectivityFactor nlocs = 3893763, nobs = 3893763, min = 5, max = 5, avg = 5
processing a float: 12
ObsErrorDiagonal covariance updated 3760776
Observer::finalize QC = 
refl10cm equivalentReflectivityFactor nlocs = 3893763, nobs = 3893763, min = 0, max = 19, avg = 0
CostJo Observations: 
refl10cm nobs= 3893763 Min=0, Max=59.7405, RMS=5.50201

Jo Observations:
Jo Obs :refl10cm:equivalentReflectivityFactor   : Nobs=  3760776, Min= 0.000000e+00, Max= 5.974049e+01, RMS= 5.576117e+00
Jo Observations Equivalent:
Jo H(x):refl10cm:equivalentReflectivityFactor   : Nobs=  3760776, Min= 0.000000e+00, Max= 6.310019e+01, RMS= 5.252533e+00
Jo Bias Corrected Departures:
Jo Dep :refl10cm:equivalentReflectivityFactor   : Nobs=  3760776, Min=-5.974049e+01, Max= 5.970405e+01, RMS= 4.652952e+00
Jo Observations Errors:
UFO Diagonal observation error covariance, inverse variances: refl10cm nobs= 3760776 Min=0.04, Max=0.04, RMS=0.04



CostJo   : Nonlinear Jo(refl10cm) = 1.62841e+06, nobs = 3760776, Jo/n = 0.432999, err = 5
CostJo   : Nonlinear Jo = 1.62841e+06
Increment:diff x1 4
Increment:diff x2 35
Increment:diff x1 5
Increment:diff x2 36
Increment:diff x1 6
Increment:diff x2 37
Increment:diff x1 7
Increment:diff x2 38
Increment:diff x1 8
Increment:diff x2 39
Increment:diff x1 9
Increment:diff x2 40
Increment:diff x1 10
Increment:diff x2 41
Increment:diff x1 11
Increment:diff x2 42
Increment:diff x1 12
Increment:diff x2 43
Increment:diff x1 13
Increment:diff x2 44
Increment:diff x1 14
Increment:diff x2 45
Increment:diff x1 15
Increment:diff x2 46
Increment:diff x1 16
Increment:diff x2 47
Increment:diff x1 17
Increment:diff x2 48
Increment:diff x1 18
Increment:diff x2 49
Increment:diff x1 19
Increment:diff x2 50
Increment:diff x1 20
Increment:diff x2 51
Increment:diff x1 21
Increment:diff x2 52
Increment:diff x1 22
Increment:diff x2 53
Increment:diff x1 23
Increment:diff x2 54
Increment:diff x1 24
Increment:diff x2 55
Increment:diff x1 25
Increment:diff x2 56
Increment:diff x1 26
Increment:diff x2 57
Increment:diff x1 27
Increment:diff x2 58
Increment:diff x1 28
Increment:diff x2 59
Increment:diff x1 29
Increment:diff x2 60
Increment:diff x1 30
Increment:diff x2 61
Increment:diff x1 31
Increment:diff x2 62
Increment:diff x1 32
Increment:diff x2 63
Increment:diff x1 33
Increment:diff x2 64
Info     : Prepare ensemble configuration
Info     : Read full ensemble
Info     : Creating central block: 
Info     : SaberCentralBlock using multivariate strategy: deprecated
Info     : Creating single central block.
Info     : Read data

==================================================================================
 saber::Diffusion read
----------------------------------------------------------------------------------

group 1 of 1
atlas::mpi::push(world)
atlas::mpi::pop(world)
variables: [water_vapor_mixing_ratio_wrt_moist_air,air_pressure_at_surface,air_temperature,northward_wind,eastward_wind,cloud_liquid_water,cloud_liquid_ice,rain_water,snow_water,graupel,equivalent_reflectivity_factor,upward_air_velocity]
multivariate strategy: duplicated
Reading horizontal parameters
  levels: 1
Key "mesh[address=0x6d804b0]" not found in cache "NodeColumnsGatherScatterCache" , creating new, removable with key "mesh[address=0x6d804b0]"
  Info     : Reading file: data/diffusionloc/mpas_conus3km.diffusion_hz.nc
atlas::mpi::push(world)
atlas::mpi::pop(world)
  hzScales:  min: 4087.19  mean: 4087.19  max: 4087.19
  hzNorm:    min: 2.4414  mean: 3.71484  max: 4.05626
Reading vertical parameters
  levels: 59
  vertical strategy: normal
  Info     : Reading file: data/diffusionloc/mpas_conus3km.diffusion_vt.nc
atlas::mpi::push(world)
atlas::mpi::pop(world)
  vtScales:  min: 11  mean: 11  max: 11
  vtNorm:    min: 3.7178  mean: 4.83632  max: 5.25235
Diffusion: horizontal iterations: 6
Diffusion: vertical iterations: 242
Increment:diff x1 2
Increment:diff x2 1
==================================================================================

CostJb: FG-BG
  Valid time: 2026-05-22T21:00:00Z
  Resolution: nCellsGlobal = 2341818, nFields = 12
Fld=1  Min=0, Max=0, RMS=0 : water_vapor_mixing_ratio_wrt_moist_air
Fld=2  Min=0, Max=0, RMS=0 : air_pressure_at_surface
Fld=3  Min=0, Max=0, RMS=0 : air_temperature
Fld=4  Min=0, Max=0, RMS=0 : northward_wind
Fld=5  Min=0, Max=0, RMS=0 : eastward_wind
Fld=6  Min=0, Max=0, RMS=0 : cloud_liquid_water
Fld=7  Min=0, Max=0, RMS=0 : cloud_liquid_ice
Fld=8  Min=0, Max=0, RMS=0 : rain_water
Fld=9  Min=0, Max=0, RMS=0 : snow_water
Fld=10  Min=0, Max=0, RMS=0 : graupel
Fld=11  Min=0, Max=0, RMS=0 : equivalent_reflectivity_factor
Fld=12  Min=0, Max=0, RMS=0 : upward_air_velocity
Increment:diff x1 2
Increment:diff x2 1
CostJb: FG-BG
  Valid time: 2026-05-22T21:00:00Z
  Resolution: nCellsGlobal = 2341818, nFields = 12
Fld=1  Min=0, Max=0, RMS=0 : water_vapor_mixing_ratio_wrt_moist_air
Fld=2  Min=0, Max=0, RMS=0 : air_pressure_at_surface
Fld=3  Min=0, Max=0, RMS=0 : air_temperature
Fld=4  Min=0, Max=0, RMS=0 : northward_wind
Fld=5  Min=0, Max=0, RMS=0 : eastward_wind
Fld=6  Min=0, Max=0, RMS=0 : cloud_liquid_water
Fld=7  Min=0, Max=0, RMS=0 : cloud_liquid_ice
Fld=8  Min=0, Max=0, RMS=0 : rain_water
Fld=9  Min=0, Max=0, RMS=0 : snow_water
Fld=10  Min=0, Max=0, RMS=0 : graupel
Fld=11  Min=0, Max=0, RMS=0 : equivalent_reflectivity_factor
Fld=12  Min=0, Max=0, RMS=0 : upward_air_velocity
CostFunction: Nonlinear J = 1.62841e+06
OOPS_STATS IncrementalAssimilation linearize 0      - Runtime:   129.97 sec,  Local Memory:     7.27 GB

DRPCGMinimizer: max iter = 75, requested norm reduction = 0.001
CostFunction::computeGradientFG: gradient:
  Valid time: 2026-05-22T21:00:00Z
  Resolution: nCellsGlobal = 2341818, nFields = 12
Fld=1  Min=0, Max=0, RMS=0 : water_vapor_mixing_ratio_wrt_moist_air
Fld=2  Min=0, Max=0, RMS=0 : air_pressure_at_surface
Fld=3  Min=0, Max=0, RMS=0 : air_temperature
Fld=4  Min=0, Max=0, RMS=0 : northward_wind
Fld=5  Min=0, Max=0, RMS=0 : eastward_wind
Fld=6  Min=0, Max=0, RMS=0 : cloud_liquid_water
Fld=7  Min=0, Max=0, RMS=0 : cloud_liquid_ice
Fld=8  Min=0, Max=0, RMS=0 : rain_water
Fld=9  Min=0, Max=0, RMS=0 : snow_water
Fld=10  Min=0, Max=0, RMS=0 : graupel
Fld=11  Min=-1.82044, Max=1.83217, RMS=0.0179407 : equivalent_reflectivity_factor
Fld=12  Min=0, Max=0, RMS=0 : upward_air_velocity
DRPCGMinimizer rhs
  Valid time: 2026-05-22T21:00:00Z
  Resolution: nCellsGlobal = 2341818, nFields = 12
Fld=1  Min=-0, Max=-0, RMS=0 : water_vapor_mixing_ratio_wrt_moist_air
Fld=2  Min=-0, Max=-0, RMS=0 : air_pressure_at_surface
Fld=3  Min=-0, Max=-0, RMS=0 : air_temperature
Fld=4  Min=-0, Max=-0, RMS=0 : northward_wind
Fld=5  Min=-0, Max=-0, RMS=0 : eastward_wind
Fld=6  Min=-0, Max=-0, RMS=0 : cloud_liquid_water
Fld=7  Min=-0, Max=-0, RMS=0 : cloud_liquid_ice
Fld=8  Min=-0, Max=-0, RMS=0 : rain_water
Fld=9  Min=-0, Max=-0, RMS=0 : snow_water
Fld=10  Min=-0, Max=-0, RMS=0 : graupel
Fld=11  Min=-1.83217, Max=1.82044, RMS=0.0179407 : equivalent_reflectivity_factor
Fld=12  Min=-0, Max=-0, RMS=0 : upward_air_velocity
Initial RHS squared norm = 44471.6
OOPS_STATS DRPCG start                              - Runtime:   130.12 sec,  Local Memory:     7.27 GB
normr0 44471.6
  Residual norm ( 0) = 8648.438929666907
  Norm reduction ( 0) = 1

  Quadratic cost function: J   ( 0) = 1628413.129503915
  Quadratic cost function: Jb  ( 0) = 0
  Quadratic cost function: JoJc( 0) = 1628413.129503915


 DRPCG Starting Iteration 1
OOPS_STATS DRPCG iteration 1                        - Runtime:   135.69 sec,  Local Memory:     7.27 GB
rdots 3.62275e+07      iteration    0
DRPCG end of iteration 1
  Residual norm ( 1) = 6018.925257852864
  Norm reduction ( 1) = 0.6959551089857416

  Quadratic cost function: J   ( 1) = 1039783.983443134
  Quadratic cost function: Jb  ( 1) = 9264.84321895565
  Quadratic cost function: JoJc( 1) = 1030519.140224179

 DRPCG Starting Iteration 2
OOPS_STATS DRPCG iteration 2                        - Runtime:   141.40 sec,  Local Memory:     7.27 GB
rdots 1.80217e+07      iteration    1
DRPCG end of iteration 2
  Residual norm ( 2) = 4245.196466190334
  Norm reduction ( 2) = 0.4908627442147917

  Quadratic cost function: J   ( 2) = 805076.9611731651
  Quadratic cost function: Jb  ( 2) = 21167.48552740589
  Quadratic cost function: JoJc( 2) = 783909.4756457593

 DRPCG Starting Iteration 3
OOPS_STATS DRPCG iteration 3                        - Runtime:   147.21 sec,  Local Memory:     7.27 GB
rdots 9.71467e+06      iteration    2
DRPCG end of iteration 3
  Residual norm ( 3) = 3116.836920283672
  Norm reduction ( 3) = 0.3603930079903699

  Quadratic cost function: J   ( 3) = 688432.0176073723
  Quadratic cost function: Jb  ( 3) = 31951.27720878384
  Quadratic cost function: JoJc( 3) = 656480.7403985884

 DRPCG Starting Iteration 4
OOPS_STATS DRPCG iteration 4                        - Runtime:   153.09 sec,  Local Memory:     7.27 GB
rdots 5.88329e+06      iteration    3
DRPCG end of iteration 4
  Residual norm ( 4) = 2425.55000936003
  Norm reduction ( 4) = 0.2804610206634656

  Quadratic cost function: J   ( 4) = 613178.8567470744
  Quadratic cost function: Jb  ( 4) = 42860.2827446746
  Quadratic cost function: JoJc( 4) = 570318.5740023998

 DRPCG Starting Iteration 5
OOPS_STATS DRPCG iteration 5                        - Runtime:   158.92 sec,  Local Memory:     7.27 GB
rdots 3.75372e+06      iteration    4
DRPCG end of iteration 5
  Residual norm ( 5) = 1937.452605422423
  Norm reduction ( 5) = 0.2240233897907681

  Quadratic cost function: J   ( 5) = 564325.4445019788
  Quadratic cost function: Jb  ( 5) = 53171.52936649368
  Quadratic cost function: JoJc( 5) = 511153.9151354851

 DRPCG Starting Iteration 6
rdots 2.72995e+06      iteration    5
DRPCG end of iteration 6
  Residual norm ( 6) = 1652.25591446764
  Norm reduction ( 6) = 0.191046722755927

  Quadratic cost function: J   ( 6) = 532976.6622147514
  Quadratic cost function: Jb  ( 6) = 62169.15169496569
  Quadratic cost function: JoJc( 6) = 470807.5105197857

 DRPCG Starting Iteration 7
rdots 1.97855e+06      iteration    6
DRPCG end of iteration 7
  Residual norm ( 7) = 1406.60896851012
  Norm reduction ( 7) = 0.1626431058771776

  Quadratic cost function: J   ( 7) = 510743.8822839358
  Quadratic cost function: Jb  ( 7) = 70427.21148103788
  Quadratic cost function: JoJc( 7) = 440316.6708028979

 DRPCG Starting Iteration 8
rdots 1.486e+06      iteration    7
DRPCG end of iteration 8
  Residual norm ( 8) = 1219.016096717224
  Norm reduction ( 8) = 0.1409521540974995

  Quadratic cost function: J   ( 8) = 495249.51066643
  Quadratic cost function: Jb  ( 8) = 77596.61082622995
  Quadratic cost function: JoJc( 8) = 417652.8998402

 DRPCG Starting Iteration 9
rdots 1.01327e+06      iteration    8
DRPCG end of iteration 9
  Residual norm ( 9) = 1006.615272080808
  Norm reduction ( 9) = 0.1163927132129934

  Quadratic cost function: J   ( 9) = 483153.395362556
  Quadratic cost function: Jb  ( 9) = 84396.74980269858
  Quadratic cost function: JoJc( 9) = 398756.6455598574

 DRPCG Starting Iteration 10
OOPS_STATS DRPCG iteration 10                       - Runtime:   190.94 sec,  Local Memory:     7.27 GB
rdots 779336      iteration    9
DRPCG end of iteration 10
  Residual norm (10) = 882.8002189632631
  Norm reduction (10) = 0.102076250539849

  Quadratic cost function: J   (10) = 474157.2332029301
  Quadratic cost function: Jb  (10) = 90441.3912535358
  Quadratic cost function: JoJc(10) = 383715.8419493943

 DRPCG Starting Iteration 11
rdots 626090      iteration    10
DRPCG end of iteration 11
  Residual norm (11) = 791.2581815127672
  Norm reduction (11) = 0.09149144579127441

  Quadratic cost function: J   (11) = 467939.9960752327
  Quadratic cost function: Jb  (11) = 95317.20259731603
  Quadratic cost function: JoJc(11) = 372622.7934779167

 DRPCG Starting Iteration 12
rdots 446285      iteration    11
DRPCG end of iteration 12
  Residual norm (12) = 668.0455365502393
  Norm reduction (12) = 0.07724463825010427

  Quadratic cost function: J   (12) = 463046.8750824621
  Quadratic cost function: Jb  (12) = 99714.96710370216
  Quadratic cost function: JoJc(12) = 363331.90797876

 DRPCG Starting Iteration 13
rdots 313763      iteration    12
DRPCG end of iteration 13
  Residual norm (13) = 560.1453341218402
  Norm reduction (13) = 0.06476837481043692

  Quadratic cost function: J   (13) = 459119.9892056296
  Quadratic cost function: Jb  (13) = 103732.3460384262
  Quadratic cost function: JoJc(13) = 355387.6431672033

 DRPCG Starting Iteration 14
rdots 253323      iteration    13
DRPCG end of iteration 14
  Residual norm (14) = 503.3124633343282
  Norm reduction (14) = 0.0581969147758916

  Quadratic cost function: J   (14) = 456151.5604395755
  Quadratic cost function: Jb  (14) = 107164.647084326
  Quadratic cost function: JoJc(14) = 348986.9133552494

 DRPCG Starting Iteration 15
OOPS_STATS DRPCG iteration 15                       - Runtime:   221.37 sec,  Local Memory:     7.27 GB
rdots 198718      iteration    14
DRPCG end of iteration 15
  Residual norm (15) = 445.7780874145324
  Norm reduction (15) = 0.05154434124352444

  Quadratic cost function: J   (15) = 454088.8326656166
  Quadratic cost function: Jb  (15) = 109821.4910654757
  Quadratic cost function: JoJc(15) = 344267.341600141

 DRPCG Starting Iteration 16
rdots 160657      iteration    15
DRPCG end of iteration 16
  Residual norm (16) = 400.8207728310525
  Norm reduction (16) = 0.0463460256921176

  Quadratic cost function: J   (16) = 452531.6313009963
  Quadratic cost function: Jb  (16) = 112025.4882625555
  Quadratic cost function: JoJc(16) = 340506.1430384407

 DRPCG Starting Iteration 17
rdots 107484      iteration    16
DRPCG end of iteration 17
  Residual norm (17) = 327.8477723850961
  Norm reduction (17) = 0.03790831791162606

  Quadratic cost function: J   (17) = 451308.2829989297
  Quadratic cost function: Jb  (17) = 113914.7555221995
  Quadratic cost function: JoJc(17) = 337393.5274767302

 DRPCG Starting Iteration 18
rdots 81365.5      iteration    17
DRPCG end of iteration 18
  Residual norm (18) = 285.2463526184379
  Norm reduction (18) = 0.03298240930394407

  Quadratic cost function: J   (18) = 450291.47893877
  Quadratic cost function: Jb  (18) = 115625.8280807536
  Quadratic cost function: JoJc(18) = 334665.6508580164

 DRPCG Starting Iteration 19
rdots 62465.1      iteration    18
DRPCG end of iteration 19
  Residual norm (19) = 249.9302083432738
  Norm reduction (19) = 0.02889888110164407

  Quadratic cost function: J   (19) = 449569.6342851059
  Quadratic cost function: Jb  (19) = 116943.6733067714
  Quadratic cost function: JoJc(19) = 332625.9609783344

 DRPCG Starting Iteration 20
OOPS_STATS DRPCG iteration 20                       - Runtime:   252.48 sec,  Local Memory:     7.27 GB
rdots 48077.2      iteration    19
DRPCG end of iteration 20
  Residual norm (20) = 219.2651580139215
  Norm reduction (20) = 0.02535314867770784

  Quadratic cost function: J   (20) = 449031.2205978194
  Quadratic cost function: Jb  (20) = 118001.4282800131
  Quadratic cost function: JoJc(20) = 331029.7923178064

 DRPCG Starting Iteration 21
rdots 36140      iteration    20
DRPCG end of iteration 21
  Residual norm (21) = 190.105302919745
  Norm reduction (21) = 0.02198145867315119

  Quadratic cost function: J   (21) = 448623.5550831954
  Quadratic cost function: Jb  (21) = 118858.8174882727
  Quadratic cost function: JoJc(21) = 329764.7375949228

 DRPCG Starting Iteration 22
rdots 26157      iteration    21
DRPCG end of iteration 22
  Residual norm (22) = 161.7312178476737
  Norm reduction (22) = 0.01870062553056644

  Quadratic cost function: J   (22) = 448304.8313887001
  Quadratic cost function: Jb  (22) = 119574.1649713731
  Quadratic cost function: JoJc(22) = 328730.6664173269

 DRPCG Starting Iteration 23
rdots 20150.7      iteration    22
DRPCG end of iteration 23
  Residual norm (23) = 141.9530690787609
  Norm reduction (23) = 0.0164137216245832

  Quadratic cost function: J   (23) = 448070.7290254161
  Quadratic cost function: Jb  (23) = 120132.962072305
  Quadratic cost function: JoJc(23) = 327937.766953111

 DRPCG Starting Iteration 24
rdots 13879.5      iteration    23
DRPCG end of iteration 24
  Residual norm (24) = 117.8112717755303
  Norm reduction (24) = 0.0136222586218884

  Quadratic cost function: J   (24) = 447887.4880500445
  Quadratic cost function: Jb  (24) = 120596.7795189453
  Quadratic cost function: JoJc(24) = 327290.7085310992

 DRPCG Starting Iteration 25
OOPS_STATS DRPCG iteration 25                       - Runtime:   284.03 sec,  Local Memory:     7.27 GB
rdots 10045.3      iteration    24
DRPCG end of iteration 25
  Residual norm (25) = 100.226478804763
  Norm reduction (25) = 0.01158896762986372

  Quadratic cost function: J   (25) = 447745.8600715061
  Quadratic cost function: Jb  (25) = 120976.6173017606
  Quadratic cost function: JoJc(25) = 326769.2427697455

 DRPCG Starting Iteration 26
rdots 7985.38      iteration    25
DRPCG end of iteration 26
  Residual norm (26) = 89.36095702267012
  Norm reduction (26) = 0.01033261120872733

  Quadratic cost function: J   (26) = 447644.2821042403
  Quadratic cost function: Jb  (26) = 121264.5693424006
  Quadratic cost function: JoJc(26) = 326379.7127618397

 DRPCG Starting Iteration 27
rdots 5876.66      iteration    26
DRPCG end of iteration 27
  Residual norm (27) = 76.6593722341177
  Norm reduction (27) = 0.008863954854459521

  Quadratic cost function: J   (27) = 447570.7290576813
  Quadratic cost function: Jb  (27) = 121484.0207558872
  Quadratic cost function: JoJc(27) = 326086.7083017941

 DRPCG Starting Iteration 28
rdots 4351.44      iteration    27
DRPCG end of iteration 28
  Residual norm (28) = 65.9654590942931
  Norm reduction (28) = 0.007627441163746962

  Quadratic cost function: J   (28) = 447515.1309211322
  Quadratic cost function: Jb  (28) = 121658.0980033535
  Quadratic cost function: JoJc(28) = 325857.0329177787

 DRPCG Starting Iteration 29
rdots 3173.11      iteration    28
DRPCG end of iteration 29
  Residual norm (29) = 56.33035391353893
  Norm reduction (29) = 0.006513355112020023

  Quadratic cost function: J   (29) = 447472.351452305
  Quadratic cost function: Jb  (29) = 121798.5005079473
  Quadratic cost function: JoJc(29) = 325673.8509443576

 DRPCG Starting Iteration 30
OOPS_STATS DRPCG iteration 30                       - Runtime:   315.76 sec,  Local Memory:     7.27 GB
rdots 2357.9      iteration    29
DRPCG end of iteration 30
  Residual norm (30) = 48.55816176186114
  Norm reduction (30) = 0.005614673602572499

  Quadratic cost function: J   (30) = 447440.7592019574
  Quadratic cost function: Jb  (30) = 121907.0326181148
  Quadratic cost function: JoJc(30) = 325533.7265838426

 DRPCG Starting Iteration 31
rdots 1778.16      iteration    30
DRPCG end of iteration 31
  Residual norm (31) = 42.16824254998183
  Norm reduction (31) = 0.004875821277448267

  Quadratic cost function: J   (31) = 447417.816839051
  Quadratic cost function: Jb  (31) = 121989.3295284609
  Quadratic cost function: JoJc(31) = 325428.4873105901

 DRPCG Starting Iteration 32
rdots 1306.97      iteration    31
DRPCG end of iteration 32
  Residual norm (32) = 36.15208996371012
  Norm reduction (32) = 0.004180186766388198

  Quadratic cost function: J   (32) = 447401.2044393306
  Quadratic cost function: Jb  (32) = 122051.3814330251
  Quadratic cost function: JoJc(32) = 325349.8230063056

 DRPCG Starting Iteration 33
rdots 1020.05      iteration    32
DRPCG end of iteration 33
  Residual norm (33) = 31.93818521987689
  Norm reduction (33) = 0.003692942215307634

  Quadratic cost function: J   (33) = 447388.5601247861
  Quadratic cost function: Jb  (33) = 122100.4830866726
  Quadratic cost function: JoJc(33) = 325288.0770381135

 DRPCG Starting Iteration 34
rdots 776.498      iteration    33
DRPCG end of iteration 34
  Residual norm (34) = 27.86571407624292
  Norm reduction (34) = 0.003222051320805957

  Quadratic cost function: J   (34) = 447379.645496848
  Quadratic cost function: Jb  (34) = 122136.3964369128
  Quadratic cost function: JoJc(34) = 325243.2490599353

 DRPCG Starting Iteration 35
OOPS_STATS DRPCG iteration 35                       - Runtime:   348.63 sec,  Local Memory:     7.27 GB
rdots 606.572      iteration    34
DRPCG end of iteration 35
  Residual norm (35) = 24.62868391900077
  Norm reduction (35) = 0.002847760632790795

  Quadratic cost function: J   (35) = 447372.9156107348
  Quadratic cost function: Jb  (35) = 122164.4556241551
  Quadratic cost function: JoJc(35) = 325208.4599865797

 DRPCG Starting Iteration 36
rdots 437.745      iteration    35
DRPCG end of iteration 36
  Residual norm (36) = 20.92236002949771
  Norm reduction (36) = 0.002419206541162861

  Quadratic cost function: J   (36) = 447367.9411673076
  Quadratic cost function: Jb  (36) = 122185.8866441167
  Quadratic cost function: JoJc(36) = 325182.0545231908

 DRPCG Starting Iteration 37
rdots 306.289      iteration    36
DRPCG end of iteration 37
  Residual norm (37) = 17.50110676041145
  Norm reduction (37) = 0.002023614539310333

  Quadratic cost function: J   (37) = 447363.9351321803
  Quadratic cost function: Jb  (37) = 122203.7139664449
  Quadratic cost function: JoJc(37) = 325160.2211657355

 DRPCG Starting Iteration 38
rdots 233.317      iteration    37
DRPCG end of iteration 38
  Residual norm (38) = 15.27471710029791
  Norm reduction (38) = 0.001766181992440364

  Quadratic cost function: J   (38) = 447360.8121286677
  Quadratic cost function: Jb  (38) = 122218.0834981848
  Quadratic cost function: JoJc(38) = 325142.7286304829

 DRPCG Starting Iteration 39
rdots 181.541      iteration    38
DRPCG end of iteration 39
  Residual norm (39) = 13.47370010895838
  Norm reduction (39) = 0.001557934353070273

  Quadratic cost function: J   (39) = 447358.5887780827
  Quadratic cost function: Jb  (39) = 122228.6514432319
  Quadratic cost function: JoJc(39) = 325129.9373348509

 DRPCG Starting Iteration 40
OOPS_STATS DRPCG iteration 40                       - Runtime:   381.12 sec,  Local Memory:     7.27 GB
rdots 126.84      iteration    39
DRPCG end of iteration 40
  Residual norm (40) = 11.26233452604709
  Norm reduction (40) = 0.001302239007251781

  Quadratic cost function: J   (40) = 447356.9571647439
  Quadratic cost function: Jb  (40) = 122236.6463786956
  Quadratic cost function: JoJc(40) = 325120.3107860483

 DRPCG Starting Iteration 41
rdots 90.8555      iteration    40
DRPCG end of iteration 41
  Residual norm (41) = 9.531813534200621
  Norm reduction (41) = 0.001102142665481912

  Quadratic cost function: J   (41) = 447355.6860465321
  Quadratic cost function: Jb  (41) = 122243.0643638805
  Quadratic cost function: JoJc(41) = 325112.6216826517

 DRPCG Starting Iteration 42
rdots 67.5827      iteration    41
DRPCG end of iteration 42
  Residual norm (42) = 8.220867291382811
  Norm reduction (42) = 0.0009505608304849805

  Quadratic cost function: J   (42) = 447354.7326015783
  Quadratic cost function: Jb  (42) = 122248.0261213227
  Quadratic cost function: JoJc(42) = 325106.7064802556

DRPCG: Achieved required reduction in residual norm.
OOPS_STATS DRPCG end                                - Runtime:   400.89 sec,  Local Memory:     7.27 GB
DRPCGMinimizer: reduction in residual norm = 0.000950561
DRPCGMinimizer output increment:
  Valid time: 2026-05-22T21:00:00Z
  Resolution: nCellsGlobal = 2341818, nFields = 12
Fld=1  Min=-0.0121268, Max=0.0120714, RMS=0.000101406 : water_vapor_mixing_ratio_wrt_moist_air
Fld=2  Min=-122.715, Max=125.316, RMS=2.47049 : air_pressure_at_surface
Fld=3  Min=-10.0043, Max=8.03864, RMS=0.101079 : air_temperature
Fld=4  Min=-46.7273, Max=27.6879, RMS=0.39156 : northward_wind
Fld=5  Min=-26.0987, Max=29.346, RMS=0.397386 : eastward_wind
Fld=6  Min=-0.00476591, Max=0.0056544, RMS=2.2913e-05 : cloud_liquid_water
Fld=7  Min=-0.00186624, Max=0.00270011, RMS=5.43245e-06 : cloud_liquid_ice
Fld=8  Min=-0.00890465, Max=0.00536976, RMS=4.39534e-05 : rain_water
Fld=9  Min=-0.0058509, Max=0.00790601, RMS=5.81927e-05 : snow_water
Fld=10  Min=-0.00802536, Max=0.00981544, RMS=3.59888e-05 : graupel
Fld=11  Min=-75.6373, Max=85.7506, RMS=2.58167 : equivalent_reflectivity_factor
Fld=12  Min=0, Max=0, RMS=0 : upward_air_velocity
CostFunction::addIncrement: First guess:
  Valid time: 2026-05-22T21:00:00Z
  Resolution: nCellsGlobal = 2341818, nFields = 35
Fld=1  Min=0, Max=0.0219326, RMS=0.00576853 : water_vapor_mixing_ratio_wrt_moist_air
Fld=2  Min=63058.7, Max=103504, RMS=96584.9 : air_pressure_at_surface
Fld=3  Min=184.985, Max=311.791, RMS=259.353 : air_temperature
Fld=4  Min=-37.5842, Max=46.511, RMS=6.77305 : northward_wind
Fld=5  Min=-23.9461, Max=78.5116, RMS=12.1863 : eastward_wind
Fld=6  Min=269.725, Max=646.579, RMS=355.473 : air_potential_temperature
Fld=7  Min=0.038535, Max=1.31326, RMS=0.785804 : dry_air_density
Fld=8  Min=-80.6393, Max=80.6551, RMS=9.91077 : u
Fld=9  Min=0, Max=0.0224245, RMS=0.00584029 : water_vapor_mixing_ratio_wrt_dry_air
Fld=10  Min=2436.75, Max=103394, RMS=64290.7 : air_pressure
Fld=11  Min=0, Max=1, RMS=0.790008 : landmask
Fld=12  Min=0, Max=1, RMS=0.064856 : seaice_fraction
Fld=13  Min=0, Max=1, RMS=0.0714284 : snowc
Fld=14  Min=264.972, Max=322.055, RMS=295.838 : skin_temperature_at_surface
Fld=15  Min=1, Max=19, RMS=12.7664 : ivgtyp
Fld=16  Min=1, Max=16, RMS=9.97061 : isltyp
Fld=17  Min=0, Max=7.49864, RMS=0.17144 : snowh
Fld=18  Min=0, Max=0.910596, RMS=0.390433 : vegetation_area_fraction
Fld=19  Min=267.738, Max=313.382, RMS=293.167 : air_temperature_at_2m
Fld=20  Min=0.000987258, Max=0.022974, RMS=0.0108214 : water_vapor_mixing_ratio_wrt_moist_air_at_2m
Fld=21  Min=-16.8889, Max=21.3395, RMS=3.916 : eastward_wind_at_10m
Fld=22  Min=-21.8484, Max=18.7119, RMS=3.6717 : northward_wind_at_10m
Fld=23  Min=0, Max=6.54311, RMS=1.52022 : lai
Fld=24  Min=0.00200001, Max=1, RMS=0.634679 : smois
Fld=25  Min=262.612, Max=322.055, RMS=291.424 : tslb
Fld=26  Min=-953.017, Max=5941.48, RMS=3063.69 : pressure_p
Fld=27  Min=0, Max=0.00949863, RMS=5.35597e-05 : cloud_liquid_water
Fld=28  Min=0, Max=0.00378377, RMS=8.68247e-06 : cloud_liquid_ice
Fld=29  Min=0, Max=0.0154743, RMS=4.12619e-05 : graupel
Fld=30  Min=0, Max=0.0114331, RMS=6.3113e-05 : rain_water
Fld=31  Min=0, Max=0.00640338, RMS=8.07179e-05 : snow_water
Fld=32  Min=0, Max=1, RMS=0.219258 : cldfrac
Fld=33  Min=0, Max=72.4726, RMS=4.81995 : equivalent_reflectivity_factor
Fld=34  Min=-9.44117, Max=43.3742, RMS=0.223568 : w
Fld=35  Min=0, Max=0, RMS=0 : upward_air_velocity
CostFunction::addIncrement: Increment:
  Valid time: 2026-05-22T21:00:00Z
  Resolution: nCellsGlobal = 2341818, nFields = 12
Fld=1  Min=-0.0121268, Max=0.0120714, RMS=0.000101406 : water_vapor_mixing_ratio_wrt_moist_air
Fld=2  Min=-122.715, Max=125.316, RMS=2.47049 : air_pressure_at_surface
Fld=3  Min=-10.0043, Max=8.03864, RMS=0.101079 : air_temperature
Fld=4  Min=-46.7273, Max=27.6879, RMS=0.39156 : northward_wind
Fld=5  Min=-26.0987, Max=29.346, RMS=0.397386 : eastward_wind
Fld=6  Min=-0.00476591, Max=0.0056544, RMS=2.2913e-05 : cloud_liquid_water
Fld=7  Min=-0.00186624, Max=0.00270011, RMS=5.43245e-06 : cloud_liquid_ice
Fld=8  Min=-0.00890465, Max=0.00536976, RMS=4.39534e-05 : rain_water
Fld=9  Min=-0.0058509, Max=0.00790601, RMS=5.81927e-05 : snow_water
Fld=10  Min=-0.00802536, Max=0.00981544, RMS=3.59888e-05 : graupel
Fld=11  Min=-75.6373, Max=85.7506, RMS=2.58167 : equivalent_reflectivity_factor
Fld=12  Min=0, Max=0, RMS=0 : upward_air_velocity
CostFunction::addIncrement: Analysis: 
  Valid time: 2026-05-22T21:00:00Z
  Resolution: nCellsGlobal = 2341818, nFields = 35
Fld=1  Min=0, Max=0.0225973, RMS=0.00576845 : water_vapor_mixing_ratio_wrt_moist_air
Fld=2  Min=63058.7, Max=103504, RMS=96584.9 : air_pressure_at_surface
Fld=3  Min=183.807, Max=311.791, RMS=259.354 : air_temperature
Fld=4  Min=-43.9112, Max=48.7202, RMS=6.77974 : northward_wind
Fld=5  Min=-27.6879, Max=78.5116, RMS=12.1922 : eastward_wind
Fld=6  Min=269.725, Max=646.768, RMS=355.473 : air_potential_temperature
Fld=7  Min=0.038428, Max=1.31326, RMS=0.785802 : dry_air_density
Fld=8  Min=-80.6393, Max=80.6551, RMS=9.91638 : u
Fld=9  Min=0, Max=0.0231198, RMS=0.00584021 : water_vapor_mixing_ratio_wrt_dry_air
Fld=10  Min=2422.11, Max=103394, RMS=64290.7 : air_pressure
Fld=11  Min=0, Max=1, RMS=0.790008 : landmask
Fld=12  Min=0, Max=1, RMS=0.064856 : seaice_fraction
Fld=13  Min=0, Max=1, RMS=0.0714284 : snowc
Fld=14  Min=264.972, Max=322.055, RMS=295.838 : skin_temperature_at_surface
Fld=15  Min=1, Max=19, RMS=12.7664 : ivgtyp
Fld=16  Min=1, Max=16, RMS=9.97061 : isltyp
Fld=17  Min=0, Max=7.49864, RMS=0.17144 : snowh
Fld=18  Min=0, Max=0.910596, RMS=0.390433 : vegetation_area_fraction
Fld=19  Min=267.738, Max=313.382, RMS=293.171 : air_temperature_at_2m
Fld=20  Min=0.000987396, Max=0.022974, RMS=0.0108207 : water_vapor_mixing_ratio_wrt_moist_air_at_2m
Fld=21  Min=-16.8889, Max=21.3395, RMS=3.916 : eastward_wind_at_10m
Fld=22  Min=-21.8484, Max=18.7119, RMS=3.6717 : northward_wind_at_10m
Fld=23  Min=0, Max=6.54311, RMS=1.52022 : lai
Fld=24  Min=0.00200001, Max=1, RMS=0.634679 : smois
Fld=25  Min=262.612, Max=322.055, RMS=291.424 : tslb
Fld=26  Min=-961.165, Max=5941.48, RMS=3063.74 : pressure_p
Fld=27  Min=0, Max=0.00927624, RMS=5.3437e-05 : cloud_liquid_water
Fld=28  Min=0, Max=0.00351406, RMS=9.46141e-06 : cloud_liquid_ice
Fld=29  Min=0, Max=0.0150537, RMS=4.22402e-05 : graupel
Fld=30  Min=0, Max=0.0113819, RMS=5.83857e-05 : rain_water
Fld=31  Min=0, Max=0.00933155, RMS=9.39514e-05 : snow_water
Fld=32  Min=0, Max=1, RMS=0.219258 : cldfrac
Fld=33  Min=0, Max=116, RMS=4.5326 : equivalent_reflectivity_factor
Fld=34  Min=-9.44117, Max=43.3742, RMS=0.223568 : w
Fld=35  Min=0, Max=0, RMS=0 : upward_air_velocity
OOPS_STATS IncrementalAssimilation end              - Runtime:   401.15 sec,  Local Memory:     7.27 GB
Variational: incremental assimilation done 1 iterations.
QC refl10cm equivalentReflectivityFactor: 132982 H(x) failed.
QC refl10cm equivalentReflectivityFactor: 5 rejected by first-guess check.
QC refl10cm equivalentReflectivityFactor: 3760776 passed out of 3893763 observations.
ObsErrorDiagonal covariance updated 3760776
Observer::finalize QC = 
refl10cm equivalentReflectivityFactor nlocs = 3893763, nobs = 3893763, min = 0, max = 19, avg = 0
Jo Observations:
Jo Obs :refl10cm:equivalentReflectivityFactor   : Nobs=  3760776, Min= 0.000000e+00, Max= 5.974049e+01, RMS= 5.576117e+00
Jo Observations Equivalent:
Jo H(x):refl10cm:equivalentReflectivityFactor   : Nobs=  3760776, Min= 0.000000e+00, Max= 6.018085e+01, RMS= 5.190835e+00
Jo Bias Corrected Departures:
Jo Dep :refl10cm:equivalentReflectivityFactor   : Nobs=  3760776, Min=-5.218053e+01, Max= 5.159506e+01, RMS= 2.092192e+00
Jo Observations Errors:
UFO Diagonal observation error covariance, inverse variances: refl10cm nobs= 3760776 Min=0.04, Max=0.04, RMS=0.04



CostJo   : Nonlinear Jo(refl10cm) = 329238, nobs = 3760776, Jo/n = 0.0875454, err = 5
CostJo   : Nonlinear Jo = 329238
Increment:diff x1 2
Increment:diff x2 1
CostJb: FG-BG
  Valid time: 2026-05-22T21:00:00Z
  Resolution: nCellsGlobal = 2341818, nFields = 12
Fld=1  Min=-0.00896131, Max=0.0120714, RMS=0.000101072 : water_vapor_mixing_ratio_wrt_moist_air
Fld=2  Min=-122.715, Max=125.316, RMS=2.47049 : air_pressure_at_surface
Fld=3  Min=-10.0043, Max=8.03864, RMS=0.101079 : air_temperature
Fld=4  Min=-46.7273, Max=27.6879, RMS=0.39156 : northward_wind
Fld=5  Min=-26.0987, Max=29.346, RMS=0.397386 : eastward_wind
Fld=6  Min=-0.00259748, Max=0.0056544, RMS=1.84722e-05 : cloud_liquid_water
Fld=7  Min=-0.00186624, Max=0.00270011, RMS=5.06816e-06 : cloud_liquid_ice
Fld=8  Min=-0.00496608, Max=0.00536976, RMS=3.21516e-05 : rain_water
Fld=9  Min=-0.00396769, Max=0.00790601, RMS=5.51709e-05 : snow_water
Fld=10  Min=-0.00802536, Max=0.00981544, RMS=3.01729e-05 : graupel
Fld=11  Min=-64.893, Max=85.7506, RMS=2.50971 : equivalent_reflectivity_factor
Fld=12  Min=0, Max=0, RMS=0 : upward_air_velocity
CostFunction: Nonlinear J = 329238
OOPS_STATS Variational end                          - Runtime:   418.81 sec,  Local Memory:     7.27 GB
==> destruct MPAS corelist and domain:  0
Tried to erase key "mesh[address=0x3defc20],halo[size=0]" from cache "NodeColumnsHaloExchangeCache" but it was not found.
Erased key "mesh[address=0x3defc20],halo[size=1]" from cache "NodeColumnsHaloExchangeCache".
==> destruct MPAS corelist and domain:  1
refl10cm: save database to jdiag_mrms_refl.nc (io pool size: 4)
QC refl10cm equivalentReflectivityFactor: 132982 H(x) failed.
QC refl10cm equivalentReflectivityFactor: 5 rejected by first-guess check.
QC refl10cm equivalentReflectivityFactor: 3760776 passed out of 3893763 observations.
Erased key "mesh[address=0x6d804b0]" from cache "NodeColumnsGatherScatterCache".
Tried to erase key "mesh[address=0x6d804b0],halo[size=0]" from cache "NodeColumnsHaloExchangeCache" but it was not found.
Erased key "mesh[address=0x6d804b0],halo[size=1]" from cache "NodeColumnsHaloExchangeCache".

Run: Finishing oops::Variational<MPAS, UFO and IODA observations>
OOPS_STATS  
OOPS_STATS ----------------------------------------------------------------------------------
OOPS_STATS --------------------------- Object counts ----------------------------------------
OOPS_STATS ----------------------------------------------------------------------------------
OOPS_STATS                                      Total  Simult. Remain    Avg (Mb)    HWM (Mb)
OOPS_STATS ioda::ObsDataVector             :        8       5        
OOPS_STATS ioda::ObsVector                 :      104       8        
OOPS_STATS mpas::Geometry                  :        2       2        
OOPS_STATS mpas::Increment                 :     3054     131        
OOPS_STATS mpas::LinVarChaModel2GeoVars    :        1       1        
OOPS_STATS mpas::ModelBias                 :        4       3        
OOPS_STATS mpas::ModelBiasCovariance       :        1       1        
OOPS_STATS mpas::State                     :       75      34        
OOPS_STATS mpas::VarChaModel2GeoVars       :        3       1        
OOPS_STATS oops::ControlIncrement          :      186      98               15.22     1491.60
OOPS_STATS oops::ControlVariable           :        4       3        
OOPS_STATS oops::Diffusion                 :        1       1        
OOPS_STATS oops::EnsembleCovariance        :        1       1             3554.06     3554.06
OOPS_STATS oops::GeoVaLs                   :       88       1        
OOPS_STATS oops::Geometry                  :        2       2        
OOPS_STATS oops::GetValues                 :        3       2        
OOPS_STATS oops::Increment                 :     2968     131               15.02     1993.88
OOPS_STATS oops::LinearObsOperator         :        1       1        
OOPS_STATS oops::LocalInterpolator         :     2400    1600        
OOPS_STATS oops::Localization              :        1       1        
OOPS_STATS oops::ModelAuxControl           :        4       3        
OOPS_STATS oops::ModelAuxCovariance        :        1       1        
OOPS_STATS oops::ModelAuxIncrement         :      186      98        
OOPS_STATS oops::ObsAuxControl             :        4       3        
OOPS_STATS oops::ObsAuxCovariance          :        1       1        
OOPS_STATS oops::ObsAuxIncrement           :      186      98        
OOPS_STATS oops::ObsAuxIncrements          :      186      98        
OOPS_STATS oops::ObsAuxPreconditioner      :        2       2        
OOPS_STATS oops::ObsDataVector             :        4       4        
OOPS_STATS oops::ObsDiagnostics            :        2       1        
OOPS_STATS oops::ObsError                  :        1       1        
OOPS_STATS oops::ObsOperator               :        2       2        
OOPS_STATS oops::ObsSpace                  :        1       1        
OOPS_STATS oops::ObsSpaces                 :        1       1        
OOPS_STATS oops::ObsVector                 :      104       7                0.04        0.23
OOPS_STATS oops::SampledLocations          :        8       4        
OOPS_STATS oops::State                     :       72      34               21.39      702.08
OOPS_STATS oops::UnstructuredInterpolator  :     2400    1600        
OOPS_STATS oops::VariableChange            :        3       1        
OOPS_STATS ufo::BackgroundCheck            :        1       1        
OOPS_STATS ufo::FinalCheck                 :        2       2        
OOPS_STATS ufo::GeoVaLs                    :       91       2        
OOPS_STATS ufo::ObsBias                    :        4       3        
OOPS_STATS ufo::ObsBiasCovariance          :        1       1        
OOPS_STATS ufo::ObsBiasPreconditioner      :        1       1        
OOPS_STATS ufo::ObsFilter                  :        9       6        
OOPS_STATS ufo::ObsFilterData              :        3       3        
OOPS_STATS ufo::ObsVertInterp              :        2       2        
OOPS_STATS ufo::ObsVertInterpTLAD          :        1       1        
OOPS_STATS ufo::SampledLocations           :        4       3        
OOPS_STATS ----------------------------- Object counts --------------------------------------
OOPS_STATS  
OOPS_STATS --------------------------------------------------------------------------------------------
OOPS_STATS ------------------------------------ Timing Statistics -------------------------------------
OOPS_STATS --------------------------------------------------------------------------------------------
OOPS_STATS Name                                                :   total (ms)   count    time/call (ms)
OOPS_STATS ObsFilter::Background Check::ObsFilter              :         0.31       1            0.3089
OOPS_STATS ObsFilter::Background Check::postFilter             :        23.78       1           23.7825
OOPS_STATS ObsFilter::Background Check::preProcess             :         0.01       1            0.0075
OOPS_STATS ObsFilter::Background Check::priorFilter            :         0.03       1            0.0251
OOPS_STATS ObsFilter::Final Check::ObsFilter                   :         0.03       2            0.0125
OOPS_STATS ObsFilter::Final Check::postFilter                  :         0.05       2            0.0235
OOPS_STATS ObsFilter::Final Check::preProcess                  :         0.00       2            0.0003
OOPS_STATS ObsFilter::Final Check::priorFilter                 :         0.00       2            0.0022
OOPS_STATS ObsFilter::QCmanager::ObsFilter                     :         0.47       2            0.2369
OOPS_STATS ObsFilter::QCmanager::postFilter                    :         0.22       2            0.1116
OOPS_STATS ObsFilter::QCmanager::preProcess                    :         0.00       2            0.0003
OOPS_STATS ObsFilter::QCmanager::priorFilter                   :         0.00       2            0.0001
OOPS_STATS ioda::ObsSpace::get_db(DateTime)                    :         0.80       4            0.2003
OOPS_STATS ioda::ObsSpace::get_db(double)                      :         0.29       5            0.0573
OOPS_STATS ioda::ObsSpace::get_db(float)                       :         0.82      12            0.0684
OOPS_STATS ioda::ObsSpace::load                                :       647.66       1          647.6613
OOPS_STATS ioda::ObsSpace::put_db(double)                      :         0.32       6            0.0531
OOPS_STATS ioda::ObsSpace::put_db(float)                       :         0.08       2            0.0404
OOPS_STATS ioda::ObsSpace::put_db(int)                         :         0.36       2            0.1787
OOPS_STATS mpas::LinVarChaModel2GeoVars::LinVarChaModel2GeoVar :         3.00       1            2.9996
OOPS_STATS mpas::LinVarChaModel2GeoVars::changeVarAD           :       887.35      43           20.6362
OOPS_STATS mpas::LinVarChaModel2GeoVars::changeVarTL           :       150.53      42            3.5841
OOPS_STATS mpas::LinVarChaModel2GeoVars::~LinVarChaModel2GeoVa :         0.03       1            0.0340
OOPS_STATS mpas::VarChaModel2GeoVars::VarChaModel2GeoVars      :         0.07       3            0.0250
OOPS_STATS mpas::VarChaModel2GeoVars::changeVar                :        13.01       3            4.3355
OOPS_STATS mpas::VarChaModel2GeoVars::~VarChaModel2GeoVars     :         0.01       3            0.0020
OOPS_STATS oops::Covariance::EnsembleCovariance                :     69404.57       1        69404.5734
OOPS_STATS oops::Covariance::ensemble::Constructor             :         0.01       1            0.0093
OOPS_STATS oops::Covariance::ensemble::multiply                :    245569.32      43         5710.9144
OOPS_STATS oops::Diffusion::Diffusion                          :         0.00       1            0.0001
OOPS_STATS oops::Diffusion::calculateDerivedGeom               :         1.94       1            1.9388
OOPS_STATS oops::Diffusion::multiplySqrtAD                     :     59197.84    1290           45.8898
OOPS_STATS oops::Diffusion::multiplySqrtTL                     :     50563.63    1290           39.1966
OOPS_STATS oops::Diffusion::setParameters                      :        32.19       1           32.1877
OOPS_STATS oops::GeoVaLs::GeoVaLs                              :        19.13      88            0.2174
OOPS_STATS oops::GeoVaLs::fill                                 :        29.26   29712            0.0010
OOPS_STATS oops::GeoVaLs::fillAD                               :        23.37   26617            0.0009
OOPS_STATS oops::GeoVaLs::~GeoVaLs                             :         0.50      88            0.0057
OOPS_STATS oops::Geometry::Geometry                            :     52778.12       2        26389.0617
OOPS_STATS oops::Geometry::variableSizes                       :         5.40      11            0.4905
OOPS_STATS oops::Geometry::~Geometry                           :       539.09       2          269.5451
OOPS_STATS oops::GeometryData::containingTriangleAndBarycentri :        44.79   20595            0.0022
OOPS_STATS oops::GeometryData::setGlobalTree                   :      1809.27       2          904.6329
OOPS_STATS oops::GeometryData::setLocalTree                    :         3.18       2            1.5888
OOPS_STATS oops::GeometryData::setMeshAndTriangulation         :         0.29       2            0.1448
OOPS_STATS oops::GetValues::GetValues                          :       264.27       3           88.0904
OOPS_STATS oops::GetValues::fillGeoVaLs                        :        61.25       3           20.4164
OOPS_STATS oops::GetValues::fillGeoVaLsAD                      :       118.11      43            2.7467
OOPS_STATS oops::GetValues::fillGeoVaLsTL                      :       871.30      42           20.7452
OOPS_STATS oops::GetValues::finalize                           :        20.31       3            6.7714
OOPS_STATS oops::GetValues::finalizeAD                         :       654.38      43           15.2181
OOPS_STATS oops::GetValues::finalizeTL                         :       100.63      42            2.3959
OOPS_STATS oops::GetValues::initialize                         :         2.51       3            0.8355
OOPS_STATS oops::GetValues::initializeAD                       :         5.33      43            0.1240
OOPS_STATS oops::GetValues::initializeTL                       :        18.58      42            0.4424
OOPS_STATS oops::GetValues::process                            :        16.12       3            5.3740
OOPS_STATS oops::GetValues::processAD                          :       133.96      43            3.1153
OOPS_STATS oops::GetValues::processTL                          :       136.29      42            3.2449
OOPS_STATS oops::Increment::Increment                          :     32931.19    2968           11.0954
OOPS_STATS oops::Increment::axpy                               :      6002.20     987            6.0813
OOPS_STATS oops::Increment::diff                               :       370.75      33           11.2348
OOPS_STATS oops::Increment::dot_product_with                   :      9338.96    1075            8.6874
OOPS_STATS oops::Increment::fromFieldSet                       :     11774.94    1333            8.8334
OOPS_STATS oops::Increment::operator*=                         :       221.10     127            1.7409
OOPS_STATS oops::Increment::operator+=                         :     12630.23    1489            8.4824
OOPS_STATS oops::Increment::operator+=(State, Increment)       :        68.81       1           68.8088
OOPS_STATS oops::Increment::operator-=                         :       157.21      30            5.2402
OOPS_STATS oops::Increment::operator=                          :      7449.36    1644            4.5312
OOPS_STATS oops::Increment::print                              :     27377.10    1297           21.1080
OOPS_STATS oops::Increment::schur_product_with                 :     13587.68    2580            5.2665
OOPS_STATS oops::Increment::serialSize                         :         5.09     186            0.0274
OOPS_STATS oops::Increment::toFieldSet                         :     11156.78    1375            8.1140
OOPS_STATS oops::Increment::zero                               :       150.21     130            1.1554
OOPS_STATS oops::Increment::~Increment                         :       193.03    2968            0.0650
OOPS_STATS oops::LinearObsOper::refl10cm::LinearObsOperator    :         0.56       1            0.5565
OOPS_STATS oops::LinearObsOper::refl10cm::requiredVars         :         0.10      87            0.0012
OOPS_STATS oops::LinearObsOper::refl10cm::setTrajectory        :         0.91       1            0.9141
OOPS_STATS oops::LinearObsOper::refl10cm::simulateObsAD        :         3.95      43            0.0918
OOPS_STATS oops::LinearObsOper::refl10cm::simulateObsTL        :         7.09      42            0.1688
OOPS_STATS oops::LinearObsOper::refl10cm::~LinearObsOperator   :         0.05       1            0.0457
OOPS_STATS oops::LinearVariableChange::LinearVariableChange    :         0.05       1            0.0499
OOPS_STATS oops::LinearVariableChange::changeVarAD             :      1642.57      43           38.1992
OOPS_STATS oops::LinearVariableChange::changeVarTL             :       782.00      42           18.6190
OOPS_STATS oops::LinearVariableChange::changeVarTraj           :         3.02       1            3.0176
OOPS_STATS oops::LinearVariableChange::~LinearVariableChange   :         0.05       1            0.0465
OOPS_STATS oops::LocalInterpolator::LocalInterpolator          :        52.54    2400            0.0219
OOPS_STATS oops::LocalInterpolator::apply                      :        14.85    2400            0.0062
OOPS_STATS oops::LocalInterpolator::applyAD                    :       116.63   34400            0.0034
OOPS_STATS oops::LocalInterpolator::applyTL                    :       119.72   33600            0.0036
OOPS_STATS oops::LocalInterpolator::preprocess                 :      1473.68      45           32.7484
OOPS_STATS oops::LocalInterpolator::preprocessAD               :        92.45      43            2.1501
OOPS_STATS oops::LocalInterpolator::~LocalInterpolator         :         1.44    2400            0.0006
OOPS_STATS oops::Localization::Localization                    :      7625.17       1         7625.1741
OOPS_STATS oops::Localization::multiply                        :    196360.77    1290          152.2177
OOPS_STATS oops::Localization::~Localization                   :         0.36       1            0.3559
OOPS_STATS oops::ModelAuxControl::ModelAuxControl              :         0.01       4            0.0019
OOPS_STATS oops::ModelAuxControl::print                        :         0.00       3            0.0007
OOPS_STATS oops::ModelAuxControl::~ModelAuxControl             :         0.00       4            0.0009
OOPS_STATS oops::ModelAuxCovariance::ModelAuxCovariance        :         0.00       1            0.0035
OOPS_STATS oops::ModelAuxCovariance::linearize                 :         0.00       1            0.0001
OOPS_STATS oops::ModelAuxCovariance::multiply                  :         0.01      43            0.0002
OOPS_STATS oops::ModelAuxCovariance::~ModelAuxCovariance       :         0.00       1            0.0005
OOPS_STATS oops::ModelAuxIncrement::ModelAuxIncrement          :         0.15     186            0.0008
OOPS_STATS oops::ModelAuxIncrement::axpy                       :         0.36     987            0.0004
OOPS_STATS oops::ModelAuxIncrement::diff                       :         0.00       3            0.0002
OOPS_STATS oops::ModelAuxIncrement::dot_product_with           :         0.32    1075            0.0003
OOPS_STATS oops::ModelAuxIncrement::operator*=                 :         0.05      83            0.0006
OOPS_STATS oops::ModelAuxIncrement::operator+=                 :         0.08     126            0.0007
OOPS_STATS oops::ModelAuxIncrement::operator+=ModelAuxControl  :         0.00       1            0.0001
OOPS_STATS oops::ModelAuxIncrement::operator=                  :         0.02      46            0.0004
OOPS_STATS oops::ModelAuxIncrement::print                      :         0.01       7            0.0012
OOPS_STATS oops::ModelAuxIncrement::serialSize                 :         0.01     186            0.0001
OOPS_STATS oops::ModelAuxIncrement::zero                       :         0.01      43            0.0003
OOPS_STATS oops::ModelAuxIncrement::~ModelAuxIncrement         :         0.04     186            0.0002
OOPS_STATS oops::ObsAuxControl::ObsAuxControl                  :         0.16       4            0.0400
OOPS_STATS oops::ObsAuxControl::print                          :         0.00       3            0.0011
OOPS_STATS oops::ObsAuxControl::requiredHdiagnostics           :         0.00       2            0.0002
OOPS_STATS oops::ObsAuxControl::requiredVars                   :         0.00       6            0.0002
OOPS_STATS oops::ObsAuxControl::write                          :         0.03       1            0.0276
OOPS_STATS oops::ObsAuxControl::~ObsAuxControl                 :         0.01       4            0.0019
OOPS_STATS oops::ObsAuxCovariance::ObsAuxCovariance            :         0.10       1            0.0964
OOPS_STATS oops::ObsAuxCovariance::inverseMultiply             :         0.04      43            0.0009
OOPS_STATS oops::ObsAuxCovariance::linearize                   :         0.02       1            0.0187
OOPS_STATS oops::ObsAuxCovariance::multiply                    :         0.22      43            0.0051
OOPS_STATS oops::ObsAuxCovariance::preconditioner              :         0.02       1            0.0194
OOPS_STATS oops::ObsAuxCovariance::write                       :         0.02       1            0.0228
OOPS_STATS oops::ObsAuxCovariance::~ObsAuxCovariance           :         0.02       1            0.0158
OOPS_STATS oops::ObsAuxIncrement::ObsAuxIncrement              :         0.89     186            0.0048
OOPS_STATS oops::ObsAuxIncrement::axpy                         :         1.04     987            0.0010
OOPS_STATS oops::ObsAuxIncrement::diff                         :         0.01       3            0.0048
OOPS_STATS oops::ObsAuxIncrement::dot_product_with             :         0.59    1075            0.0005
OOPS_STATS oops::ObsAuxIncrement::operator*=                   :         0.09      83            0.0011
OOPS_STATS oops::ObsAuxIncrement::operator+=                   :         0.18     126            0.0014
OOPS_STATS oops::ObsAuxIncrement::operator=                    :         0.04      46            0.0009
OOPS_STATS oops::ObsAuxIncrement::print                        :         0.01       7            0.0008
OOPS_STATS oops::ObsAuxIncrement::serialSize                   :         0.01     372            0.0000
OOPS_STATS oops::ObsAuxIncrement::zero                         :         0.06      43            0.0013
OOPS_STATS oops::ObsAuxIncrement::~ObsAuxIncrement             :         0.22     186            0.0012
OOPS_STATS oops::ObsAuxPreconditioner::multiply                :         0.02      43            0.0006
OOPS_STATS oops::ObsAuxPreconditioner::~ObsAuxPreconditioner   :         0.00       2            0.0010
OOPS_STATS oops::ObsDataVector::ObsDataVector                  :         0.30       4            0.0747
OOPS_STATS oops::ObsDataVector::mask                           :         0.01       2            0.0040
OOPS_STATS oops::ObsDataVector::operator=                      :         0.02       2            0.0079
OOPS_STATS oops::ObsDataVector::print                          :         5.02       2            2.5124
OOPS_STATS oops::ObsDataVector::save                           :         0.46       4            0.1146
OOPS_STATS oops::ObsDataVector::~ObsDataVector                 :         0.05       4            0.0125
OOPS_STATS oops::ObsDiagnostics::ObsDiagnostics                :         0.07       2            0.0361
OOPS_STATS oops::ObsDiagnostics::~ObsDiagnostics               :         0.02       2            0.0088
OOPS_STATS oops::ObsError::getRMSE                             :         0.67       4            0.1667
OOPS_STATS oops::ObsError::inverseMultiply                     :         0.42      44            0.0096
OOPS_STATS oops::ObsError::obserrors                           :         0.04       6            0.0074
OOPS_STATS oops::ObsError::update                              :        80.95       2           40.4751
OOPS_STATS oops::ObsError::~ObsError                           :         0.01       1            0.0095
OOPS_STATS oops::ObsOperator::refl10cm::ObsOperator            :         4.70       2            2.3516
OOPS_STATS oops::ObsOperator::refl10cm::computeReducedVars     :         0.10       3            0.0322
OOPS_STATS oops::ObsOperator::refl10cm::locations              :         1.84       3            0.6130
OOPS_STATS oops::ObsOperator::refl10cm::requiredVars           :         0.01       3            0.0020
OOPS_STATS oops::ObsOperator::refl10cm::simulateObs            :         1.25       2            0.6248
OOPS_STATS oops::ObsOperator::refl10cm::~ObsOperator           :         0.04       2            0.0195
OOPS_STATS oops::ObsSpace::ObsSpace                            :       649.41       1          649.4056
OOPS_STATS oops::ObsSpace::obsvariables                        :         0.00       3            0.0001
OOPS_STATS oops::ObsSpace::save                                :      2542.52       1         2542.5216
OOPS_STATS oops::ObsSpace::~ObsSpace                           :         0.65       1            0.6543
OOPS_STATS oops::ObsVector::ObsVector                          :         1.40     102            0.0138
OOPS_STATS oops::ObsVector::dot_product                        :         0.50       4            0.1254
OOPS_STATS oops::ObsVector::info                               :         1.32       6            0.2203
OOPS_STATS oops::ObsVector::operator*=                         :         0.01       2            0.0046
OOPS_STATS oops::ObsVector::operator-=                         :         0.02       2            0.0104
OOPS_STATS oops::ObsVector::operator=                          :         0.40       4            0.1004
OOPS_STATS oops::ObsVector::rms                                :         0.34       4            0.0848
OOPS_STATS oops::ObsVector::save                               :         0.35       6            0.0582
OOPS_STATS oops::ObsVector::zero                               :         0.05      44            0.0010
OOPS_STATS oops::ObsVector::~ObsVector                         :         0.24     102            0.0024
OOPS_STATS oops::Parameters::deserialize                       :         3.62      97            0.0373
OOPS_STATS oops::Parameters::serialize                         :         2.12      80            0.0265
OOPS_STATS oops::Run::execute                                  :    421198.37       1       421198.3692
OOPS_STATS oops::SampledLocations::SampledLocations            :         0.00       4            0.0004
OOPS_STATS oops::SampledLocations::latitudes                   :         0.00       3            0.0000
OOPS_STATS oops::SampledLocations::longitudes                  :         0.00       3            0.0000
OOPS_STATS oops::SampledLocations::times                       :         0.00       3            0.0000
OOPS_STATS oops::SampledLocations::~SampledLocations           :         0.18       8            0.0220
OOPS_STATS oops::State::State                                  :     63427.16      72          880.9328
OOPS_STATS oops::State::print                                  :       114.87       3           38.2908
OOPS_STATS oops::State::toFieldSet                             :        23.99       5            4.7987
OOPS_STATS oops::State::variables                              :         0.00      58            0.0000
OOPS_STATS oops::State::write                                  :     17160.89       1        17160.8918
OOPS_STATS oops::State::zero                                   :        69.66      30            2.3220
OOPS_STATS oops::State::~State                                 :         6.49      72            0.0902
OOPS_STATS oops::UnstructuredInterpolator::UnstructuredInterpo :        51.24    2400            0.0214
OOPS_STATS oops::UnstructuredInterpolator::apply               :       124.88   36000            0.0035
OOPS_STATS oops::UnstructuredInterpolator::applyAD             :        83.43   34400            0.0024
OOPS_STATS oops::VariableChange::VariableChange                :         1.47       3            0.4911
OOPS_STATS oops::VariableChange::changeVar                     :        20.26       3            6.7542
OOPS_STATS oops::VariableChange::~VariableChange               :         0.02       3            0.0065
OOPS_STATS oops::util::FieldSetHelpers::readFieldSet           :      7540.39       2         3770.1962
OOPS_STATS saber::Localization::Localization                   :      7625.16       1         7625.1593
OOPS_STATS saber::Localization::multiply                       :    184004.18    1290          142.6389
OOPS_STATS saber::Localization::~Localization                  :         0.00       1            0.0001
OOPS_STATS ufo::ObsFilter::ObsFilter                           :         0.82       5            0.1634
OOPS_STATS ufo::ObsFilter::checkFilterData                     :         0.01      15            0.0005
OOPS_STATS ufo::ObsFilter::postFilter                          :        24.06       5            4.8115
OOPS_STATS ufo::ObsFilter::preProcess                          :         0.01       5            0.0028
OOPS_STATS ufo::ObsFilter::priorFilter                         :         0.04       5            0.0076
OOPS_STATS ufo::ObsFilter::~ObsFilter                          :        69.69       9            7.7435
OOPS_STATS util::Timers::measured                              :    420780.05       1       420780.0498
OOPS_STATS ------------------------------------ Timing Statistics -------------------------------------

OOPS_STATS ------------------------------------------------------------------------------------------------------------------
OOPS_STATS ---------------------------------- Parallel Timing Statistics ( 800 MPI tasks) -----------------------------------
OOPS_STATS ------------------------------------------------------------------------------------------------------------------
OOPS_STATS Name                                                :     min (ms)    max (ms)    avg (ms)     % total   imbal (%)
OOPS_STATS oops::Covariance::EnsembleCovariance                :     69404.06    69404.80    69404.39       16.48        0.00
OOPS_STATS oops::Covariance::ensemble::multiply                :    245028.17   246260.43   245502.30       58.28        0.50
OOPS_STATS oops::Diffusion::multiplySqrtAD                     :     58137.64    62734.92    59388.73       14.10        7.74
OOPS_STATS oops::Diffusion::multiplySqrtTL                     :     47047.64    79522.14    50490.17       11.99       64.32
OOPS_STATS oops::Geometry::Geometry                            :     51723.58    52969.34    52890.01       12.56        2.36
OOPS_STATS oops::Geometry::~Geometry                           :       524.03      703.65      617.13        0.15       29.11
OOPS_STATS oops::GeometryData::setGlobalTree                   :      1809.27     1974.67     1888.86        0.45        8.76
OOPS_STATS oops::GetValues::fillGeoVaLsTL                      :       308.62     1068.29      739.09        0.18      102.78
OOPS_STATS oops::GetValues::finalizeAD                         :       591.58     1175.57      701.08        0.17       83.30
OOPS_STATS oops::Increment::Increment                          :     14602.79    36321.14    26110.64        6.20       83.18
OOPS_STATS oops::Increment::axpy                               :      5215.66     6569.86     5938.75        1.41       22.80
OOPS_STATS oops::Increment::dot_product_with                   :      8544.50    10803.47     9681.71        2.30       23.33
OOPS_STATS oops::Increment::fromFieldSet                       :      8851.96    18730.28    10998.93        2.61       89.81
OOPS_STATS oops::Increment::operator+=                         :      8008.75    14110.63    10541.35        2.50       57.89
OOPS_STATS oops::Increment::operator=                          :      3327.79     9236.95     5831.38        1.38      101.33
OOPS_STATS oops::Increment::print                              :     19074.67    55107.65    39289.26        9.33       91.71
OOPS_STATS oops::Increment::schur_product_with                 :      6629.87    16801.60    12063.81        2.86       84.32
OOPS_STATS oops::Increment::toFieldSet                         :      8716.87    17265.14    11304.53        2.68       75.62
OOPS_STATS oops::LinearVariableChange::changeVarAD             :      1161.82     2283.27     1684.62        0.40       66.57
OOPS_STATS oops::LinearVariableChange::changeVarTL             :       384.52     1446.52     1179.16        0.28       90.06
OOPS_STATS oops::LocalInterpolator::preprocess                 :       194.85     1558.31     1414.19        0.34       96.41
OOPS_STATS oops::Localization::Localization                    :      7590.05     7802.98     7663.69        1.82        2.78
OOPS_STATS oops::Localization::multiply                        :    191295.72   223055.89   206344.96       48.99       15.39
OOPS_STATS oops::ObsSpace::ObsSpace                            :       575.56      661.02      629.33        0.15       13.58
OOPS_STATS oops::ObsSpace::save                                :      2379.14     2544.16     2456.61        0.58        6.72
OOPS_STATS oops::State::State                                  :     63244.40    63614.92    63414.22       15.05        0.58
OOPS_STATS oops::State::write                                  :     15947.29    17192.68    17160.77        4.07        7.26
OOPS_STATS oops::util::FieldSetHelpers::readFieldSet           :      7360.59     7553.71     7433.11        1.76        2.60
OOPS_STATS saber::Localization::Localization                   :      7590.04     7802.95     7663.67        1.82        2.78
OOPS_STATS saber::Localization::multiply                       :    177740.68   217347.60   195520.86       46.42       20.26
OOPS_STATS util::Timers::measured                              :    420780.05   421048.98   420937.25       99.93        0.06
OOPS_STATS oops::Run::execute                                  :    421108.05   421301.02   421226.13      100.00        0.05
OOPS_STATS ---------------------------------- Parallel Timing Statistics ( 800 MPI tasks) -----------------------------------

OOPS_STATS Run end                                  - Runtime:    422.14 sec,  Memory: total:  4179.10 GB, per task: min =     4.90 GB, max =     7.27 GB
Run: Finishing oops::Variational<MPAS, UFO and IODA observations> with status = 0
OOPS Ending   2026-05-23 02:24:57 (UTC+0000)
