Configuration input file is: jedivar.pass2.yaml
Full configuration is:YAMLConfiguration[path=jedivar.pass2.yaml, root={_member => {date => 2026-05-30T22:00:00Z , state variables => (water_vapor_mixing_ratio_wrt_moist_air,air_pressure_at_surface,air_temperature,northward_wind,eastward_wind,cloud_liquid_water,cloud_liquid_ice,rain_water,snow_water,graupel,equivalent_reflectivity_factor,upward_air_velocity) , stream name => ensemble} , output => {filename => mpasout.nc , stream name => analysis} , variational => {minimizer => {algorithm => DRPCG} , iterations => ({geometry => {nml_file => ./namelist.atmosphere , streams_file => ./streams.atmosphere , deallocate non-da fields => true , interpolation type => unstructured} , gradient norm reduction => 0.001 , ninner => 75})} , cost function => {cost type => 3D-Var , time window => {begin => 2026-05-30T20:00:00Z , length => PT4H} , jb evaluation => false , geometry => {nml_file => ./namelist.atmosphere , streams_file => ./streams.atmosphere , deallocate non-da fields => true , interpolation type => unstructured} , analysis variables => (water_vapor_mixing_ratio_wrt_moist_air,air_pressure_at_surface,air_temperature,northward_wind,eastward_wind,cloud_liquid_water,cloud_liquid_ice,rain_water,snow_water,graupel,equivalent_reflectivity_factor,upward_air_velocity) , background => {state variables => (water_vapor_mixing_ratio_wrt_moist_air,air_pressure_at_surface,air_temperature,northward_wind,eastward_wind,air_potential_temperature,dry_air_density,u,water_vapor_mixing_ratio_wrt_dry_air,air_pressure,landmask,seaice_fraction,snowc,skin_temperature_at_surface,ivgtyp,isltyp,snowh,vegetation_area_fraction,air_temperature_at_2m,water_vapor_mixing_ratio_wrt_moist_air_at_2m,eastward_wind_at_10m,northward_wind_at_10m,lai,smois,tslb,pressure_p,cloud_liquid_water,cloud_liquid_ice,graupel,rain_water,snow_water,cldfrac,equivalent_reflectivity_factor,w,upward_air_velocity) , filename => mpasout.nc , date => 2026-05-30T22:00:00Z} , background error => {covariance model => ensemble , localization => {localization method => SABER , saber central block => {saber block name => diffusion , active variables => (water_vapor_mixing_ratio_wrt_moist_air,air_pressure_at_surface,air_temperature,northward_wind,eastward_wind,cloud_liquid_water,cloud_liquid_ice,rain_water,snow_water,graupel,equivalent_reflectivity_factor,upward_air_velocity) , read => {groups => ({variables => (water_vapor_mixing_ratio_wrt_moist_air,air_pressure_at_surface,air_temperature,northward_wind,eastward_wind,cloud_liquid_water,cloud_liquid_ice,rain_water,snow_water,graupel,equivalent_reflectivity_factor,upward_air_velocity) , multivariate strategy => duplicated , horizontal => {filepath => data/diffusionloc/mpas_conus3km.diffusion_hz} , vertical => {levels => 59 , filepath => data/diffusionloc/mpas_conus3km.diffusion_vt}})}}} , members from template => {template => {date => 2026-05-30T22:00:00Z , state variables => (water_vapor_mixing_ratio_wrt_moist_air,air_pressure_at_surface,air_temperature,northward_wind,eastward_wind,cloud_liquid_water,cloud_liquid_ice,rain_water,snow_water,graupel,equivalent_reflectivity_factor,upward_air_velocity) , stream name => ensemble , filename => ./data/ens/mem%iMember%.nc} , pattern => %iMember% , start => 1 , zero padding => 3 , nmembers => 30}} , observations => {observers => ({obs space => {name => refl10cm , distribution => {name => RoundRobin , halo size => 500000} , obsdatain => {engine => {type => H5File , obsfile => data/obs/ioda_mrms_refl.nc , missing file action => warn}} , obsdataout => {engine => {type => H5File , allow overwrite => true , obsfile => jdiag_mrms_refl.nc}} , io pool => {write multiple files => false} , _source => mrms , simulated variables => (equivalentReflectivityFactor)} , obs operator => {name => VertInterp , vertical coordinate => height_above_mean_sea_level , observation vertical coordinate => height , interpolation method => linear , observation alias file => obsop_name_map.yaml} , obs localizations => ({localization method => Horizontal Gaspari-Cohn , lengthscale => 200000}) , _obsname => refl10cm , obs filters => ({filter => Background Check , filter variables => ({name => equivalentReflectivityFactor}) , threshold => 12 , action => {name => reject}})})}}}]
OOPS_STATS ObjectCountHelper started.
OOPS_STATS Run start                                - Runtime:      1.65 sec,  Memory: total:   104.02 GB, per task: min =   128.97 MB, max =   130.55 MB
Run: Starting oops::Variational<MPAS, UFO and IODA observations>
OOPS_STATS Variational start                        - Runtime:     1.65 sec,  Local Memory:   130.55 MB
==> create geom
atlas::mpi::push(world)
Increase halo 1
atlas::mpi::pop(world)
atlas::mpi::push(world)
atlas::mpi::pop(world)
atlas::mpi::push(world)
atlas::mpi::pop(world)
atlas::mpi::push(world)
atlas::mpi::pop(world)
refl10cm: read database from data/obs/ioda_mrms_refl.nc (io pool size: 800)
refl10cm processed vars: 1 Variables: equivalentReflectivityFactor
refl10cm assimilated vars: 1 Variables: equivalentReflectivityFactor
refl10cm: 0 observations are outside of time window out of 3911202
refl10cm: 0 observations were rejected by QC checks out of 3911202
No bias-correction is performed for this ObsSpace.
3DVar window: TimeWindow: start = 2026-05-30T20:00:00Z, end = 2026-05-31T00:00:00Z, inclusive upper bound.

OOPS_STATS IncrementalAssimilation start            - Runtime:    31.73 sec,  Local Memory:     2.49 GB
Running incremental assimilation with 1 outer iterations.
Minimizer algorithm=DRPCG
QNewtonLMP: maxouter : 1
IncrementalAssimilation: Configuration for outer iteration 0:
LocalConfiguration[root={geometry => {nml_file => ./namelist.atmosphere , streams_file => ./streams.atmosphere , deallocate non-da fields => true , interpolation type => unstructured} , gradient norm reduction => 0.001 , ninner => 75 , iteration => 0 , total iterations => 1}]
OOPS_STATS IncrementalAssimilation iteration 0      - Runtime:    31.73 sec,  Local Memory:     2.49 GB
==> create geom
atlas::mpi::push(world)
Increase halo 1
atlas::mpi::pop(world)
atlas::mpi::push(world)
atlas::mpi::pop(world)
atlas::mpi::push(world)
atlas::mpi::pop(world)
atlas::mpi::push(world)
atlas::mpi::pop(world)
Key "mesh[address=0x4f024d0],halo[size=1]" not found in cache "NodeColumnsHaloExchangeCache" , creating new, removable with key "mesh[address=0x4f024d0],halo[size=1]"
Key "mesh[address=0x833e150],halo[size=1]" not found in cache "NodeColumnsHaloExchangeCache" , creating new, removable with key "mesh[address=0x833e150],halo[size=1]"
processWhere: selected 0 obs.
BackgroundCheck obserr: 
refl10cm equivalentReflectivityFactor nlocs = 3911202, nobs = 3911202, min = 5, max = 5, avg = 5
processing a float: 12
ObsErrorDiagonal covariance updated 3777662
Observer::finalize QC = 
refl10cm equivalentReflectivityFactor nlocs = 3911202, nobs = 3911202, min = 0, max = 19, avg = 0
CostJo Observations: 
refl10cm nobs= 3911202 Min=0, Max=65.2617, RMS=4.49014

Jo Observations:
Jo Obs :refl10cm:equivalentReflectivityFactor   : Nobs=  3777662, Min= 0.000000e+00, Max= 6.496783e+01, RMS= 4.554635e+00
Jo Observations Equivalent:
Jo H(x):refl10cm:equivalentReflectivityFactor   : Nobs=  3777662, Min= 0.000000e+00, Max= 6.291162e+01, RMS= 4.319636e+00
Jo Bias Corrected Departures:
Jo Dep :refl10cm:equivalentReflectivityFactor   : Nobs=  3777662, Min=-5.915574e+01, Max= 5.981194e+01, RMS= 4.459690e+00
Jo Observations Errors:
UFO Diagonal observation error covariance, inverse variances: refl10cm nobs= 3777662 Min=0.04, Max=0.04, RMS=0.04



CostJo   : Nonlinear Jo(refl10cm) = 1.50267e+06, nobs = 3777662, Jo/n = 0.397777, err = 5
CostJo   : Nonlinear Jo = 1.50267e+06
Increment:diff x1 4
Increment:diff x2 35
Increment:diff x1 5
Increment:diff x2 36
Increment:diff x1 6
Increment:diff x2 37
Increment:diff x1 7
Increment:diff x2 38
Increment:diff x1 8
Increment:diff x2 39
Increment:diff x1 9
Increment:diff x2 40
Increment:diff x1 10
Increment:diff x2 41
Increment:diff x1 11
Increment:diff x2 42
Increment:diff x1 12
Increment:diff x2 43
Increment:diff x1 13
Increment:diff x2 44
Increment:diff x1 14
Increment:diff x2 45
Increment:diff x1 15
Increment:diff x2 46
Increment:diff x1 16
Increment:diff x2 47
Increment:diff x1 17
Increment:diff x2 48
Increment:diff x1 18
Increment:diff x2 49
Increment:diff x1 19
Increment:diff x2 50
Increment:diff x1 20
Increment:diff x2 51
Increment:diff x1 21
Increment:diff x2 52
Increment:diff x1 22
Increment:diff x2 53
Increment:diff x1 23
Increment:diff x2 54
Increment:diff x1 24
Increment:diff x2 55
Increment:diff x1 25
Increment:diff x2 56
Increment:diff x1 26
Increment:diff x2 57
Increment:diff x1 27
Increment:diff x2 58
Increment:diff x1 28
Increment:diff x2 59
Increment:diff x1 29
Increment:diff x2 60
Increment:diff x1 30
Increment:diff x2 61
Increment:diff x1 31
Increment:diff x2 62
Increment:diff x1 32
Increment:diff x2 63
Increment:diff x1 33
Increment:diff x2 64
Info     : Prepare ensemble configuration
Info     : Read full ensemble
Info     : Creating central block: 
Info     : SaberCentralBlock using multivariate strategy: deprecated
Info     : Creating single central block.
Info     : Read data

==================================================================================
 saber::Diffusion read
----------------------------------------------------------------------------------

group 1 of 1
atlas::mpi::push(world)
atlas::mpi::pop(world)
variables: [water_vapor_mixing_ratio_wrt_moist_air,air_pressure_at_surface,air_temperature,northward_wind,eastward_wind,cloud_liquid_water,cloud_liquid_ice,rain_water,snow_water,graupel,equivalent_reflectivity_factor,upward_air_velocity]
multivariate strategy: duplicated
Reading horizontal parameters
  levels: 1
Key "mesh[address=0x833e150]" not found in cache "NodeColumnsGatherScatterCache" , creating new, removable with key "mesh[address=0x833e150]"
  Info     : Reading file: data/diffusionloc/mpas_conus3km.diffusion_hz.nc
atlas::mpi::push(world)
atlas::mpi::pop(world)
  hzScales:  min: 4087.19  mean: 4087.19  max: 4087.19
  hzNorm:    min: 2.4414  mean: 3.71484  max: 4.05626
Reading vertical parameters
  levels: 59
  vertical strategy: normal
  Info     : Reading file: data/diffusionloc/mpas_conus3km.diffusion_vt.nc
atlas::mpi::push(world)
atlas::mpi::pop(world)
  vtScales:  min: 11  mean: 11  max: 11
  vtNorm:    min: 3.7178  mean: 4.83632  max: 5.25235
Diffusion: horizontal iterations: 6
Diffusion: vertical iterations: 242
Increment:diff x1 2
Increment:diff x2 1
==================================================================================

CostJb: FG-BG
  Valid time: 2026-05-30T22:00:00Z
  Resolution: nCellsGlobal = 2341818, nFields = 12
Fld=1  Min=0, Max=0, RMS=0 : water_vapor_mixing_ratio_wrt_moist_air
Fld=2  Min=0, Max=0, RMS=0 : air_pressure_at_surface
Fld=3  Min=0, Max=0, RMS=0 : air_temperature
Fld=4  Min=0, Max=0, RMS=0 : northward_wind
Fld=5  Min=0, Max=0, RMS=0 : eastward_wind
Fld=6  Min=0, Max=0, RMS=0 : cloud_liquid_water
Fld=7  Min=0, Max=0, RMS=0 : cloud_liquid_ice
Fld=8  Min=0, Max=0, RMS=0 : rain_water
Fld=9  Min=0, Max=0, RMS=0 : snow_water
Fld=10  Min=0, Max=0, RMS=0 : graupel
Fld=11  Min=0, Max=0, RMS=0 : equivalent_reflectivity_factor
Fld=12  Min=0, Max=0, RMS=0 : upward_air_velocity
Increment:diff x1 2
Increment:diff x2 1
CostJb: FG-BG
  Valid time: 2026-05-30T22:00:00Z
  Resolution: nCellsGlobal = 2341818, nFields = 12
Fld=1  Min=0, Max=0, RMS=0 : water_vapor_mixing_ratio_wrt_moist_air
Fld=2  Min=0, Max=0, RMS=0 : air_pressure_at_surface
Fld=3  Min=0, Max=0, RMS=0 : air_temperature
Fld=4  Min=0, Max=0, RMS=0 : northward_wind
Fld=5  Min=0, Max=0, RMS=0 : eastward_wind
Fld=6  Min=0, Max=0, RMS=0 : cloud_liquid_water
Fld=7  Min=0, Max=0, RMS=0 : cloud_liquid_ice
Fld=8  Min=0, Max=0, RMS=0 : rain_water
Fld=9  Min=0, Max=0, RMS=0 : snow_water
Fld=10  Min=0, Max=0, RMS=0 : graupel
Fld=11  Min=0, Max=0, RMS=0 : equivalent_reflectivity_factor
Fld=12  Min=0, Max=0, RMS=0 : upward_air_velocity
CostFunction: Nonlinear J = 1.50267e+06
OOPS_STATS IncrementalAssimilation linearize 0      - Runtime:   116.46 sec,  Local Memory:     7.26 GB

DRPCGMinimizer: max iter = 75, requested norm reduction = 0.001
CostFunction::computeGradientFG: gradient:
  Valid time: 2026-05-30T22:00:00Z
  Resolution: nCellsGlobal = 2341818, nFields = 12
Fld=1  Min=0, Max=0, RMS=0 : water_vapor_mixing_ratio_wrt_moist_air
Fld=2  Min=0, Max=0, RMS=0 : air_pressure_at_surface
Fld=3  Min=0, Max=0, RMS=0 : air_temperature
Fld=4  Min=0, Max=0, RMS=0 : northward_wind
Fld=5  Min=0, Max=0, RMS=0 : eastward_wind
Fld=6  Min=0, Max=0, RMS=0 : cloud_liquid_water
Fld=7  Min=0, Max=0, RMS=0 : cloud_liquid_ice
Fld=8  Min=0, Max=0, RMS=0 : rain_water
Fld=9  Min=0, Max=0, RMS=0 : snow_water
Fld=10  Min=0, Max=0, RMS=0 : graupel
Fld=11  Min=-2.04406, Max=1.99803, RMS=0.0172024 : equivalent_reflectivity_factor
Fld=12  Min=0, Max=0, RMS=0 : upward_air_velocity
DRPCGMinimizer rhs
  Valid time: 2026-05-30T22:00:00Z
  Resolution: nCellsGlobal = 2341818, nFields = 12
Fld=1  Min=-0, Max=-0, RMS=0 : water_vapor_mixing_ratio_wrt_moist_air
Fld=2  Min=-0, Max=-0, RMS=0 : air_pressure_at_surface
Fld=3  Min=-0, Max=-0, RMS=0 : air_temperature
Fld=4  Min=-0, Max=-0, RMS=0 : northward_wind
Fld=5  Min=-0, Max=-0, RMS=0 : eastward_wind
Fld=6  Min=-0, Max=-0, RMS=0 : cloud_liquid_water
Fld=7  Min=-0, Max=-0, RMS=0 : cloud_liquid_ice
Fld=8  Min=-0, Max=-0, RMS=0 : rain_water
Fld=9  Min=-0, Max=-0, RMS=0 : snow_water
Fld=10  Min=-0, Max=-0, RMS=0 : graupel
Fld=11  Min=-1.99803, Max=2.04406, RMS=0.0172024 : equivalent_reflectivity_factor
Fld=12  Min=-0, Max=-0, RMS=0 : upward_air_velocity
Initial RHS squared norm = 40886.9
OOPS_STATS DRPCG start                              - Runtime:   116.60 sec,  Local Memory:     7.26 GB
normr0 40886.9
  Residual norm ( 0) = 8413.501307835091
  Norm reduction ( 0) = 1

  Quadratic cost function: J   ( 0) = 1502665.897293002
  Quadratic cost function: Jb  ( 0) = 0
  Quadratic cost function: JoJc( 0) = 1502665.897293002


 DRPCG Starting Iteration 1
OOPS_STATS DRPCG iteration 1                        - Runtime:   122.18 sec,  Local Memory:     7.26 GB
rdots 3.30027e+07      iteration    0
DRPCG end of iteration 1
  Residual norm ( 1) = 5744.801584741326
  Norm reduction ( 1) = 0.6828074750985619

  Quadratic cost function: J   ( 1) = 1013010.199803735
  Quadratic cost function: Jb  ( 1) = 6774.201129162341
  Quadratic cost function: JoJc( 1) = 1006235.998674573

 DRPCG Starting Iteration 2
OOPS_STATS DRPCG iteration 2                        - Runtime:   127.82 sec,  Local Memory:     7.26 GB
rdots 1.81282e+07      iteration    1
DRPCG end of iteration 2
  Residual norm ( 2) = 4257.722160410837
  Norm reduction ( 2) = 0.5060582989921003

  Quadratic cost function: J   ( 2) = 818128.1319774516
  Quadratic cost function: Jb  ( 2) = 15541.0583228019
  Quadratic cost function: JoJc( 2) = 802587.0736546497

 DRPCG Starting Iteration 3
OOPS_STATS DRPCG iteration 3                        - Runtime:   133.60 sec,  Local Memory:     7.26 GB
rdots 9.64241e+06      iteration    2
DRPCG end of iteration 3
  Residual norm ( 3) = 3105.222429402696
  Norm reduction ( 3) = 0.3690761213183567

  Quadratic cost function: J   ( 3) = 703996.2568515304
  Quadratic cost function: Jb  ( 3) = 25246.20053968878
  Quadratic cost function: JoJc( 3) = 678750.0563118416

 DRPCG Starting Iteration 4
OOPS_STATS DRPCG iteration 4                        - Runtime:   139.50 sec,  Local Memory:     7.26 GB
rdots 6.92255e+06      iteration    3
DRPCG end of iteration 4
  Residual norm ( 4) = 2631.074366842087
  Norm reduction ( 4) = 0.3127205036970629

  Quadratic cost function: J   ( 4) = 635574.0055196496
  Quadratic cost function: Jb  ( 4) = 34523.40685458822
  Quadratic cost function: JoJc( 4) = 601050.5986650614

 DRPCG Starting Iteration 5
OOPS_STATS DRPCG iteration 5                        - Runtime:   145.58 sec,  Local Memory:     7.26 GB
rdots 4.8776e+06      iteration    4
DRPCG end of iteration 5
  Residual norm ( 5) = 2208.529692660637
  Norm reduction ( 5) = 0.2624982883884428

  Quadratic cost function: J   ( 5) = 594100.9645739404
  Quadratic cost function: Jb  ( 5) = 42496.71079958751
  Quadratic cost function: JoJc( 5) = 551604.2537743528

 DRPCG Starting Iteration 6
rdots 3.48792e+06      iteration    5
DRPCG end of iteration 6
  Residual norm ( 6) = 1867.598441626704
  Norm reduction ( 6) = 0.2219763655218665

  Quadratic cost function: J   ( 6) = 562083.6212044554
  Quadratic cost function: Jb  ( 6) = 50708.97235645697
  Quadratic cost function: JoJc( 6) = 511374.6488479984

 DRPCG Starting Iteration 7
rdots 2.71135e+06      iteration    6
DRPCG end of iteration 7
  Residual norm ( 7) = 1646.617250513066
  Norm reduction ( 7) = 0.1957112966726052

  Quadratic cost function: J   ( 7) = 540823.6944230255
  Quadratic cost function: Jb  ( 7) = 57673.40961173856
  Quadratic cost function: JoJc( 7) = 483150.2848112869

 DRPCG Starting Iteration 8
rdots 1.63632e+06      iteration    7
DRPCG end of iteration 8
  Residual norm ( 8) = 1279.188528087054
  Norm reduction ( 8) = 0.1520399749502394

  Quadratic cost function: J   ( 8) = 522220.1627317304
  Quadratic cost function: Jb  ( 8) = 65268.0551697056
  Quadratic cost function: JoJc( 8) = 456952.1075620248

 DRPCG Starting Iteration 9
rdots 1.14939e+06      iteration    8
DRPCG end of iteration 9
  Residual norm ( 9) = 1072.093917435064
  Norm reduction ( 9) = 0.1274254175769456

  Quadratic cost function: J   ( 9) = 507403.5123213873
  Quadratic cost function: Jb  ( 9) = 72781.71819117191
  Quadratic cost function: JoJc( 9) = 434621.7941302154

 DRPCG Starting Iteration 10
OOPS_STATS DRPCG iteration 10                       - Runtime:   175.25 sec,  Local Memory:     7.26 GB
rdots 906108      iteration    9
DRPCG end of iteration 10
  Residual norm (10) = 951.8973148662748
  Norm reduction (10) = 0.1131392603433506

  Quadratic cost function: J   (10) = 496787.5500556206
  Quadratic cost function: Jb  (10) = 79343.73298992378
  Quadratic cost function: JoJc(10) = 417443.8170656968

 DRPCG Starting Iteration 11
rdots 672846      iteration    10
DRPCG end of iteration 11
  Residual norm (11) = 820.2721553081143
  Norm reduction (11) = 0.09749474389981186

  Quadratic cost function: J   (11) = 489351.0854337902
  Quadratic cost function: Jb  (11) = 84784.57436404361
  Quadratic cost function: JoJc(11) = 404566.5110697466

 DRPCG Starting Iteration 12
rdots 463658      iteration    11
DRPCG end of iteration 12
  Residual norm (12) = 680.9246309195212
  Norm reduction (12) = 0.0809323735750072

  Quadratic cost function: J   (12) = 483294.4797166869
  Quadratic cost function: Jb  (12) = 89944.84422194152
  Quadratic cost function: JoJc(12) = 393349.6354947453

 DRPCG Starting Iteration 13
rdots 368608      iteration    12
DRPCG end of iteration 13
  Residual norm (13) = 607.1306969079127
  Norm reduction (13) = 0.07216147887711397

  Quadratic cost function: J   (13) = 478887.1536431862
  Quadratic cost function: Jb  (13) = 94270.64531257866
  Quadratic cost function: JoJc(13) = 384616.5083306076

 DRPCG Starting Iteration 14
rdots 282853      iteration    13
DRPCG end of iteration 14
  Residual norm (14) = 531.8390036410917
  Norm reduction (14) = 0.06321256563492961

  Quadratic cost function: J   (14) = 475669.8721851727
  Quadratic cost function: Jb  (14) = 97849.39743982159
  Quadratic cost function: JoJc(14) = 377820.4747453511

 DRPCG Starting Iteration 15
OOPS_STATS DRPCG iteration 15                       - Runtime:   205.72 sec,  Local Memory:     7.26 GB
rdots 224997      iteration    14
DRPCG end of iteration 15
  Residual norm (15) = 474.3381196754455
  Norm reduction (15) = 0.05637820716016495

  Quadratic cost function: J   (15) = 473337.7301673836
  Quadratic cost function: Jb  (15) = 100744.7163700743
  Quadratic cost function: JoJc(15) = 372593.0137973093

 DRPCG Starting Iteration 16
rdots 158016      iteration    15
DRPCG end of iteration 16
  Residual norm (16) = 397.5120371575035
  Norm reduction (16) = 0.04724692165761234

  Quadratic cost function: J   (16) = 471490.3096239343
  Quadratic cost function: Jb  (16) = 103279.924210623
  Quadratic cost function: JoJc(16) = 368210.3854133113

 DRPCG Starting Iteration 17
rdots 115583      iteration    16
DRPCG end of iteration 17
  Residual norm (17) = 339.9754977384609
  Norm reduction (17) = 0.04040832529756167

  Quadratic cost function: J   (17) = 470066.9693401062
  Quadratic cost function: Jb  (17) = 105427.6047628267
  Quadratic cost function: JoJc(17) = 364639.3645772795

 DRPCG Starting Iteration 18
rdots 94948.6      iteration    17
DRPCG end of iteration 18
  Residual norm (18) = 308.1373486876792
  Norm reduction (18) = 0.03662415175483787

  Quadratic cost function: J   (18) = 469040.0282372916
  Quadratic cost function: Jb  (18) = 107118.4902571692
  Quadratic cost function: JoJc(18) = 361921.5379801224

 DRPCG Starting Iteration 19
rdots 65547.4      iteration    18
DRPCG end of iteration 19
  Residual norm (19) = 256.0222173530497
  Norm reduction (19) = 0.03042992542410713

  Quadratic cost function: J   (19) = 468231.1753759693
  Quadratic cost function: Jb  (19) = 108562.3953821336
  Quadratic cost function: JoJc(19) = 359668.7799938357

 DRPCG Starting Iteration 20
OOPS_STATS DRPCG iteration 20                       - Runtime:   236.06 sec,  Local Memory:     7.26 GB
rdots 50281.9      iteration    19
DRPCG end of iteration 20
  Residual norm (20) = 224.236163521595
  Norm reduction (20) = 0.02665194374104091

  Quadratic cost function: J   (20) = 467618.785106182
  Quadratic cost function: Jb  (20) = 109742.9992110189
  Quadratic cost function: JoJc(20) = 357875.785895163

 DRPCG Starting Iteration 21
rdots 35609.8      iteration    20
DRPCG end of iteration 21
  Residual norm (21) = 188.7056981152381
  Norm reduction (21) = 0.02242891410018627

  Quadratic cost function: J   (21) = 467153.3089839844
  Quadratic cost function: Jb  (21) = 110708.0910198857
  Quadratic cost function: JoJc(21) = 356445.2179640987

 DRPCG Starting Iteration 22
rdots 28458.3      iteration    21
DRPCG end of iteration 22
  Residual norm (22) = 168.69602831443
  Norm reduction (22) = 0.02005063315998198

  Quadratic cost function: J   (22) = 466802.6142249496
  Quadratic cost function: Jb  (22) = 111487.2099836679
  Quadratic cost function: JoJc(22) = 355315.4042412817

 DRPCG Starting Iteration 23
rdots 21374.6      iteration    22
DRPCG end of iteration 23
  Residual norm (23) = 146.2003844583258
  Norm reduction (23) = 0.01737687784301839

  Quadratic cost function: J   (23) = 466555.9330610515
  Quadratic cost function: Jb  (23) = 112071.0205158973
  Quadratic cost function: JoJc(23) = 354484.9125451542

 DRPCG Starting Iteration 24
rdots 15703.5      iteration    23
DRPCG end of iteration 24
  Residual norm (24) = 125.3135320163003
  Norm reduction (24) = 0.01489433797313395

  Quadratic cost function: J   (24) = 466367.059128416
  Quadratic cost function: Jb  (24) = 112544.7232033171
  Quadratic cost function: JoJc(24) = 353822.3359250989

 DRPCG Starting Iteration 25
OOPS_STATS DRPCG iteration 25                       - Runtime:   266.44 sec,  Local Memory:     7.26 GB
rdots 11252.9      iteration    24
DRPCG end of iteration 25
  Residual norm (25) = 106.079617239398
  Norm reduction (25) = 0.0126082606227934

  Quadratic cost function: J   (25) = 466219.182022389
  Quadratic cost function: Jb  (25) = 112937.1921675287
  Quadratic cost function: JoJc(25) = 353281.9898548604

 DRPCG Starting Iteration 26
rdots 8563.4      iteration    25
DRPCG end of iteration 26
  Residual norm (26) = 92.53863403147324
  Norm reduction (26) = 0.01099882565481941

  Quadratic cost function: J   (26) = 466109.9037151043
  Quadratic cost function: Jb  (26) = 113243.5311762346
  Quadratic cost function: JoJc(26) = 352866.3725388697

 DRPCG Starting Iteration 27
rdots 6286.93      iteration    26
DRPCG end of iteration 27
  Residual norm (27) = 79.29018976636121
  Norm reduction (27) = 0.009424160865408324

  Quadratic cost function: J   (27) = 466026.8073846418
  Quadratic cost function: Jb  (27) = 113489.0001139508
  Quadratic cost function: JoJc(27) = 352537.807270691

 DRPCG Starting Iteration 28
rdots 4669.21      iteration    27
DRPCG end of iteration 28
  Residual norm (28) = 68.33158610040465
  Norm reduction (28) = 0.008121658700732679

  Quadratic cost function: J   (28) = 465966.4015518879
  Quadratic cost function: Jb  (28) = 113676.5436381299
  Quadratic cost function: JoJc(28) = 352289.857913758

 DRPCG Starting Iteration 29
rdots 3707.35      iteration    28
DRPCG end of iteration 29
  Residual norm (29) = 60.88801952993805
  Norm reduction (29) = 0.007236941827445365

  Quadratic cost function: J   (29) = 465922.2292309585
  Quadratic cost function: Jb  (29) = 113820.2243515209
  Quadratic cost function: JoJc(29) = 352102.0048794376

 DRPCG Starting Iteration 30
OOPS_STATS DRPCG iteration 30                       - Runtime:   297.15 sec,  Local Memory:     7.26 GB
rdots 2657.64      iteration    29
DRPCG end of iteration 30
  Residual norm (30) = 51.55227785508592
  Norm reduction (30) = 0.006127327490527368

  Quadratic cost function: J   (30) = 465889.9685554582
  Quadratic cost function: Jb  (30) = 113929.8209453297
  Quadratic cost function: JoJc(30) = 351960.1476101285

 DRPCG Starting Iteration 31
rdots 1915.25      iteration    30
DRPCG end of iteration 31
  Residual norm (31) = 43.76352216859744
  Norm reduction (31) = 0.005201582619098492

  Quadratic cost function: J   (31) = 465864.0262414617
  Quadratic cost function: Jb  (31) = 114021.7842228353
  Quadratic cost function: JoJc(31) = 351842.2420186264

 DRPCG Starting Iteration 32
rdots 1459.86      iteration    31
DRPCG end of iteration 32
  Residual norm (32) = 38.20814122589773
  Norm reduction (32) = 0.004541289033890838

  Quadratic cost function: J   (32) = 465845.5067401767
  Quadratic cost function: Jb  (32) = 114090.2253483396
  Quadratic cost function: JoJc(32) = 351755.2813918371

 DRPCG Starting Iteration 33
rdots 1090.7      iteration    32
DRPCG end of iteration 33
  Residual norm (33) = 33.0257340014795
  Norm reduction (33) = 0.003925325829654797

  Quadratic cost function: J   (33) = 465831.3903659179
  Quadratic cost function: Jb  (33) = 114144.5094893857
  Quadratic cost function: JoJc(33) = 351686.8808765323

 DRPCG Starting Iteration 34
rdots 809.062      iteration    33
DRPCG end of iteration 34
  Residual norm (34) = 28.44401772749959
  Norm reduction (34) = 0.003380758698047748

  Quadratic cost function: J   (34) = 465820.8548898243
  Quadratic cost function: Jb  (34) = 114186.6213316429
  Quadratic cost function: JoJc(34) = 351634.2335581814

 DRPCG Starting Iteration 35
OOPS_STATS DRPCG iteration 35                       - Runtime:   329.00 sec,  Local Memory:     7.26 GB
rdots 624.372      iteration    34
DRPCG end of iteration 35
  Residual norm (35) = 24.98743038446746
  Norm reduction (35) = 0.00296992054439902

  Quadratic cost function: J   (35) = 465813.4469295923
  Quadratic cost function: Jb  (35) = 114217.3250972396
  Quadratic cost function: JoJc(35) = 351596.1218323527

 DRPCG Starting Iteration 36
rdots 463.359      iteration    35
DRPCG end of iteration 36
  Residual norm (36) = 21.52576379724286
  Norm reduction (36) = 0.002558478689151323

  Quadratic cost function: J   (36) = 465807.7986592089
  Quadratic cost function: Jb  (36) = 114241.5511270577
  Quadratic cost function: JoJc(36) = 351566.2475321513

 DRPCG Starting Iteration 37
rdots 340.146      iteration    36
DRPCG end of iteration 37
  Residual norm (37) = 18.44305331023529
  Norm reduction (37) = 0.002192078260338553

  Quadratic cost function: J   (37) = 465803.536721485
  Quadratic cost function: Jb  (37) = 114260.4533490839
  Quadratic cost function: JoJc(37) = 351543.083372401

 DRPCG Starting Iteration 38
rdots 244.902      iteration    37
DRPCG end of iteration 38
  Residual norm (38) = 15.64935115643452
  Norm reduction (38) = 0.001860028373901961

  Quadratic cost function: J   (38) = 465800.2774874151
  Quadratic cost function: Jb  (38) = 114275.3924001833
  Quadratic cost function: JoJc(38) = 351524.8850872318

 DRPCG Starting Iteration 39
rdots 179.794      iteration    38
DRPCG end of iteration 39
  Residual norm (39) = 13.4087194312743
  Norm reduction (39) = 0.001593714547686277

  Quadratic cost function: J   (39) = 465797.8083660426
  Quadratic cost function: Jb  (39) = 114287.0860307732
  Quadratic cost function: JoJc(39) = 351510.7223352693

 DRPCG Starting Iteration 40
OOPS_STATS DRPCG iteration 40                       - Runtime:   361.83 sec,  Local Memory:     7.26 GB
rdots 133.617      iteration    39
DRPCG end of iteration 40
  Residual norm (40) = 11.55929549127431
  Norm reduction (40) = 0.001373898341289814

  Quadratic cost function: J   (40) = 465796.0147767519
  Quadratic cost function: Jb  (40) = 114295.8550125121
  Quadratic cost function: JoJc(40) = 351500.1597642398

 DRPCG Starting Iteration 41
rdots 103.874      iteration    40
DRPCG end of iteration 41
  Residual norm (41) = 10.19184119978137
  Norm reduction (41) = 0.001211367399478526

  Quadratic cost function: J   (41) = 465794.7340473668
  Quadratic cost function: Jb  (41) = 114302.3079427408
  Quadratic cost function: JoJc(41) = 351492.426104626

 DRPCG Starting Iteration 42
rdots 78.7518      iteration    41
DRPCG end of iteration 42
  Residual norm (42) = 8.874218838080834
  Norm reduction (42) = 0.001054759310468841

  Quadratic cost function: J   (42) = 465793.7952078491
  Quadratic cost function: Jb  (42) = 114307.1747090185
  Quadratic cost function: JoJc(42) = 351486.6204988306

 DRPCG Starting Iteration 43
rdots 59.1339      iteration    42
DRPCG end of iteration 43
  Residual norm (43) = 7.689854120954117
  Norm reduction (43) = 0.0009139897694902506

  Quadratic cost function: J   (43) = 465793.0897761786
  Quadratic cost function: Jb  (43) = 114310.9330057229
  Quadratic cost function: JoJc(43) = 351482.1567704557

DRPCG: Achieved required reduction in residual norm.
OOPS_STATS DRPCG end                                - Runtime:   388.00 sec,  Local Memory:     7.26 GB
DRPCGMinimizer: reduction in residual norm = 0.00091399
DRPCGMinimizer output increment:
  Valid time: 2026-05-30T22:00:00Z
  Resolution: nCellsGlobal = 2341818, nFields = 12
Fld=1  Min=-0.0166043, Max=0.013472, RMS=0.000121024 : water_vapor_mixing_ratio_wrt_moist_air
Fld=2  Min=-171.087, Max=136.733, RMS=3.09823 : air_pressure_at_surface
Fld=3  Min=-11.2497, Max=10.0359, RMS=0.120722 : air_temperature
Fld=4  Min=-30.9133, Max=29.3666, RMS=0.404216 : northward_wind
Fld=5  Min=-43.4933, Max=36.862, RMS=0.407443 : eastward_wind
Fld=6  Min=-0.00682923, Max=0.00683259, RMS=2.27833e-05 : cloud_liquid_water
Fld=7  Min=-0.00295412, Max=0.00255364, RMS=5.81743e-06 : cloud_liquid_ice
Fld=8  Min=-0.00638959, Max=0.0077759, RMS=3.92195e-05 : rain_water
Fld=9  Min=-0.00701032, Max=0.00613039, RMS=6.73773e-05 : snow_water
Fld=10  Min=-0.0096856, Max=0.00935909, RMS=4.39963e-05 : graupel
Fld=11  Min=-80.1039, Max=103.354, RMS=2.4076 : equivalent_reflectivity_factor
Fld=12  Min=0, Max=0, RMS=0 : upward_air_velocity
CostFunction::addIncrement: First guess:
  Valid time: 2026-05-30T22:00:00Z
  Resolution: nCellsGlobal = 2341818, nFields = 35
Fld=1  Min=0, Max=0.023325, RMS=0.00611545 : water_vapor_mixing_ratio_wrt_moist_air
Fld=2  Min=63188.1, Max=103039, RMS=96521.1 : air_pressure_at_surface
Fld=3  Min=180.024, Max=314.887, RMS=260.675 : air_temperature
Fld=4  Min=-53.467, Max=59.4908, RMS=8.18587 : northward_wind
Fld=5  Min=-33.5226, Max=67.4743, RMS=10.3583 : eastward_wind
Fld=6  Min=269.197, Max=642.904, RMS=355.877 : air_potential_temperature
Fld=7  Min=0.0384622, Max=1.30965, RMS=0.781386 : dry_air_density
Fld=8  Min=-65.4507, Max=65.4687, RMS=9.37526 : u
Fld=9  Min=0, Max=0.0238821, RMS=0.00619281 : water_vapor_mixing_ratio_wrt_dry_air
Fld=10  Min=2438.26, Max=102929, RMS=64317.8 : air_pressure
Fld=11  Min=0, Max=1, RMS=0.790008 : landmask
Fld=12  Min=0, Max=1, RMS=0.0414578 : seaice_fraction
Fld=13  Min=0, Max=1, RMS=0.0542214 : snowc
Fld=14  Min=265.39, Max=322.813, RMS=297.163 : skin_temperature_at_surface
Fld=15  Min=1, Max=19, RMS=12.7664 : ivgtyp
Fld=16  Min=1, Max=16, RMS=9.97061 : isltyp
Fld=17  Min=0, Max=7.49999, RMS=0.157397 : snowh
Fld=18  Min=0, Max=0.916551, RMS=0.406985 : vegetation_area_fraction
Fld=19  Min=266.24, Max=315.493, RMS=294.941 : air_temperature_at_2m
Fld=20  Min=0.000596253, Max=0.0234126, RMS=0.011534 : water_vapor_mixing_ratio_wrt_moist_air_at_2m
Fld=21  Min=-23.2763, Max=25.9902, RMS=4.03433 : eastward_wind_at_10m
Fld=22  Min=-22.5853, Max=25.9203, RMS=4.86129 : northward_wind_at_10m
Fld=23  Min=0, Max=6.54882, RMS=1.62881 : lai
Fld=24  Min=0.00200001, Max=1, RMS=0.634067 : smois
Fld=25  Min=262.409, Max=325.053, RMS=292.947 : tslb
Fld=26  Min=-928.117, Max=5853.7, RMS=3127.22 : pressure_p
Fld=27  Min=0, Max=0.00833212, RMS=5.008e-05 : cloud_liquid_water
Fld=28  Min=0, Max=0.00579809, RMS=8.95306e-06 : cloud_liquid_ice
Fld=29  Min=0, Max=0.0260979, RMS=5.70168e-05 : graupel
Fld=30  Min=0, Max=0.0108538, RMS=7.03612e-05 : rain_water
Fld=31  Min=0, Max=0.00710685, RMS=0.000104746 : snow_water
Fld=32  Min=0, Max=1, RMS=0.212107 : cldfrac
Fld=33  Min=0, Max=74.2136, RMS=4.70152 : equivalent_reflectivity_factor
Fld=34  Min=-17.094, Max=57.0726, RMS=0.239158 : w
Fld=35  Min=0, Max=0, RMS=0 : upward_air_velocity
CostFunction::addIncrement: Increment:
  Valid time: 2026-05-30T22:00:00Z
  Resolution: nCellsGlobal = 2341818, nFields = 12
Fld=1  Min=-0.0166043, Max=0.013472, RMS=0.000121024 : water_vapor_mixing_ratio_wrt_moist_air
Fld=2  Min=-171.087, Max=136.733, RMS=3.09823 : air_pressure_at_surface
Fld=3  Min=-11.2497, Max=10.0359, RMS=0.120722 : air_temperature
Fld=4  Min=-30.9133, Max=29.3666, RMS=0.404216 : northward_wind
Fld=5  Min=-43.4933, Max=36.862, RMS=0.407443 : eastward_wind
Fld=6  Min=-0.00682923, Max=0.00683259, RMS=2.27833e-05 : cloud_liquid_water
Fld=7  Min=-0.00295412, Max=0.00255364, RMS=5.81743e-06 : cloud_liquid_ice
Fld=8  Min=-0.00638959, Max=0.0077759, RMS=3.92195e-05 : rain_water
Fld=9  Min=-0.00701032, Max=0.00613039, RMS=6.73773e-05 : snow_water
Fld=10  Min=-0.0096856, Max=0.00935909, RMS=4.39963e-05 : graupel
Fld=11  Min=-80.1039, Max=103.354, RMS=2.4076 : equivalent_reflectivity_factor
Fld=12  Min=0, Max=0, RMS=0 : upward_air_velocity
CostFunction::addIncrement: Analysis: 
  Valid time: 2026-05-30T22:00:00Z
  Resolution: nCellsGlobal = 2341818, nFields = 35
Fld=1  Min=0, Max=0.0238915, RMS=0.00611482 : water_vapor_mixing_ratio_wrt_moist_air
Fld=2  Min=63188.1, Max=103039, RMS=96521.1 : air_pressure_at_surface
Fld=3  Min=180.684, Max=314.887, RMS=260.677 : air_temperature
Fld=4  Min=-53.467, Max=59.6437, RMS=8.18849 : northward_wind
Fld=5  Min=-40.8779, Max=67.4743, RMS=10.3601 : eastward_wind
Fld=6  Min=269.197, Max=643.6, RMS=355.879 : air_potential_temperature
Fld=7  Min=0.0383701, Max=1.30965, RMS=0.781382 : dry_air_density
Fld=8  Min=-65.7441, Max=65.4687, RMS=9.37684 : u
Fld=9  Min=0, Max=0.0244763, RMS=0.00619219 : water_vapor_mixing_ratio_wrt_dry_air
Fld=10  Min=2431.42, Max=102929, RMS=64317.9 : air_pressure
Fld=11  Min=0, Max=1, RMS=0.790008 : landmask
Fld=12  Min=0, Max=1, RMS=0.0414578 : seaice_fraction
Fld=13  Min=0, Max=1, RMS=0.0542214 : snowc
Fld=14  Min=265.39, Max=322.813, RMS=297.163 : skin_temperature_at_surface
Fld=15  Min=1, Max=19, RMS=12.7664 : ivgtyp
Fld=16  Min=1, Max=16, RMS=9.97061 : isltyp
Fld=17  Min=0, Max=7.49999, RMS=0.157397 : snowh
Fld=18  Min=0, Max=0.916551, RMS=0.406985 : vegetation_area_fraction
Fld=19  Min=266.241, Max=315.493, RMS=294.946 : air_temperature_at_2m
Fld=20  Min=0.000589945, Max=0.0236363, RMS=0.0115331 : water_vapor_mixing_ratio_wrt_moist_air_at_2m
Fld=21  Min=-23.2763, Max=25.9902, RMS=4.03433 : eastward_wind_at_10m
Fld=22  Min=-22.5853, Max=25.9203, RMS=4.86129 : northward_wind_at_10m
Fld=23  Min=0, Max=6.54882, RMS=1.62881 : lai
Fld=24  Min=0.00200001, Max=1, RMS=0.634067 : smois
Fld=25  Min=262.409, Max=325.053, RMS=292.947 : tslb
Fld=26  Min=-955.361, Max=5853.88, RMS=3127.3 : pressure_p
Fld=27  Min=0, Max=0.00742116, RMS=5.08995e-05 : cloud_liquid_water
Fld=28  Min=0, Max=0.00496073, RMS=1.01392e-05 : cloud_liquid_ice
Fld=29  Min=0, Max=0.0207056, RMS=5.77499e-05 : graupel
Fld=30  Min=0, Max=0.0103167, RMS=6.60884e-05 : rain_water
Fld=31  Min=0, Max=0.00799375, RMS=0.000119925 : snow_water
Fld=32  Min=0, Max=1, RMS=0.212107 : cldfrac
Fld=33  Min=0, Max=103.354, RMS=4.40136 : equivalent_reflectivity_factor
Fld=34  Min=-17.094, Max=57.0726, RMS=0.239158 : w
Fld=35  Min=0, Max=0, RMS=0 : upward_air_velocity
OOPS_STATS IncrementalAssimilation end              - Runtime:   388.63 sec,  Local Memory:     7.26 GB
Variational: incremental assimilation done 1 iterations.
QC refl10cm equivalentReflectivityFactor: 133533 H(x) failed.
QC refl10cm equivalentReflectivityFactor: 7 rejected by first-guess check.
QC refl10cm equivalentReflectivityFactor: 3777662 passed out of 3911202 observations.
ObsErrorDiagonal covariance updated 3777662
Observer::finalize QC = 
refl10cm equivalentReflectivityFactor nlocs = 3911202, nobs = 3911202, min = 0, max = 19, avg = 0
Jo Observations:
Jo Obs :refl10cm:equivalentReflectivityFactor   : Nobs=  3777662, Min= 0.000000e+00, Max= 6.496783e+01, RMS= 4.554635e+00
Jo Observations Equivalent:
Jo H(x):refl10cm:equivalentReflectivityFactor   : Nobs=  3777662, Min= 0.000000e+00, Max= 7.041895e+01, RMS= 4.080672e+00
Jo Bias Corrected Departures:
Jo Dep :refl10cm:equivalentReflectivityFactor   : Nobs=  3777662, Min=-5.422990e+01, Max= 5.555213e+01, RMS= 2.167481e+00
Jo Observations Errors:
UFO Diagonal observation error covariance, inverse variances: refl10cm nobs= 3777662 Min=0.04, Max=0.04, RMS=0.04



CostJo   : Nonlinear Jo(refl10cm) = 354947, nobs = 3777662, Jo/n = 0.0939595, err = 5
CostJo   : Nonlinear Jo = 354947
Increment:diff x1 2
Increment:diff x2 1
CostJb: FG-BG
  Valid time: 2026-05-30T22:00:00Z
  Resolution: nCellsGlobal = 2341818, nFields = 12
Fld=1  Min=-0.0122687, Max=0.013472, RMS=0.000120415 : water_vapor_mixing_ratio_wrt_moist_air
Fld=2  Min=-171.087, Max=136.733, RMS=3.09823 : air_pressure_at_surface
Fld=3  Min=-11.2497, Max=10.0359, RMS=0.120722 : air_temperature
Fld=4  Min=-30.9133, Max=29.3666, RMS=0.404216 : northward_wind
Fld=5  Min=-43.4933, Max=36.862, RMS=0.407443 : eastward_wind
Fld=6  Min=-0.00427252, Max=0.00683259, RMS=1.79339e-05 : cloud_liquid_water
Fld=7  Min=-0.00127231, Max=0.00255364, RMS=5.4568e-06 : cloud_liquid_ice
Fld=8  Min=-0.00505768, Max=0.0077759, RMS=2.79952e-05 : rain_water
Fld=9  Min=-0.00426451, Max=0.00613039, RMS=6.37886e-05 : snow_water
Fld=10  Min=-0.0096856, Max=0.00935909, RMS=3.84644e-05 : graupel
Fld=11  Min=-67.8915, Max=103.354, RMS=2.325 : equivalent_reflectivity_factor
Fld=12  Min=0, Max=0, RMS=0 : upward_air_velocity
CostFunction: Nonlinear J = 354947
OOPS_STATS Variational end                          - Runtime:   395.33 sec,  Local Memory:     7.26 GB
==> destruct MPAS corelist and domain:  0
Tried to erase key "mesh[address=0x4f024d0],halo[size=0]" from cache "NodeColumnsHaloExchangeCache" but it was not found.
Erased key "mesh[address=0x4f024d0],halo[size=1]" from cache "NodeColumnsHaloExchangeCache".
==> destruct MPAS corelist and domain:  1
refl10cm: save database to jdiag_mrms_refl.nc (io pool size: 4)
QC refl10cm equivalentReflectivityFactor: 133533 H(x) failed.
QC refl10cm equivalentReflectivityFactor: 7 rejected by first-guess check.
QC refl10cm equivalentReflectivityFactor: 3777662 passed out of 3911202 observations.
Erased key "mesh[address=0x833e150]" from cache "NodeColumnsGatherScatterCache".
Tried to erase key "mesh[address=0x833e150],halo[size=0]" from cache "NodeColumnsHaloExchangeCache" but it was not found.
Erased key "mesh[address=0x833e150],halo[size=1]" from cache "NodeColumnsHaloExchangeCache".

Run: Finishing oops::Variational<MPAS, UFO and IODA observations>
OOPS_STATS  
OOPS_STATS ----------------------------------------------------------------------------------
OOPS_STATS --------------------------- Object counts ----------------------------------------
OOPS_STATS ----------------------------------------------------------------------------------
OOPS_STATS                                      Total  Simult. Remain    Avg (Mb)    HWM (Mb)
OOPS_STATS ioda::ObsDataVector             :        8       5        
OOPS_STATS ioda::ObsVector                 :      106       8        
OOPS_STATS mpas::Geometry                  :        2       2        
OOPS_STATS mpas::Increment                 :     3124     133        
OOPS_STATS mpas::LinVarChaModel2GeoVars    :        1       1        
OOPS_STATS mpas::ModelBias                 :        4       3        
OOPS_STATS mpas::ModelBiasCovariance       :        1       1        
OOPS_STATS mpas::State                     :       75      34        
OOPS_STATS mpas::VarChaModel2GeoVars       :        3       1        
OOPS_STATS oops::ControlIncrement          :      190     100               15.22     1522.04
OOPS_STATS oops::ControlVariable           :        4       3        
OOPS_STATS oops::Diffusion                 :        1       1        
OOPS_STATS oops::EnsembleCovariance        :        1       1             3545.26     3545.26
OOPS_STATS oops::GeoVaLs                   :       90       1        
OOPS_STATS oops::Geometry                  :        2       2        
OOPS_STATS oops::GetValues                 :        3       2        
OOPS_STATS oops::Increment                 :     3036     133               15.02     2024.32
OOPS_STATS oops::LinearObsOperator         :        1       1        
OOPS_STATS oops::LocalInterpolator         :     2400    1600        
OOPS_STATS oops::Localization              :        1       1        
OOPS_STATS oops::ModelAuxControl           :        4       3        
OOPS_STATS oops::ModelAuxCovariance        :        1       1        
OOPS_STATS oops::ModelAuxIncrement         :      190     100        
OOPS_STATS oops::ObsAuxControl             :        4       3        
OOPS_STATS oops::ObsAuxCovariance          :        1       1        
OOPS_STATS oops::ObsAuxIncrement           :      190     100        
OOPS_STATS oops::ObsAuxIncrements          :      190     100        
OOPS_STATS oops::ObsAuxPreconditioner      :        2       2        
OOPS_STATS oops::ObsDataVector             :        4       4        
OOPS_STATS oops::ObsDiagnostics            :        2       1        
OOPS_STATS oops::ObsError                  :        1       1        
OOPS_STATS oops::ObsOperator               :        2       2        
OOPS_STATS oops::ObsSpace                  :        1       1                2.86        2.86
OOPS_STATS oops::ObsSpaces                 :        1       1        
OOPS_STATS oops::ObsVector                 :      106       7                0.04        0.23
OOPS_STATS oops::SampledLocations          :        8       4        
OOPS_STATS oops::State                     :       72      34               21.39      702.08
OOPS_STATS oops::UnstructuredInterpolator  :     2400    1600        
OOPS_STATS oops::VariableChange            :        3       1        
OOPS_STATS ufo::BackgroundCheck            :        1       1        
OOPS_STATS ufo::FinalCheck                 :        2       2        
OOPS_STATS ufo::GeoVaLs                    :       93       2        
OOPS_STATS ufo::ObsBias                    :        4       3        
OOPS_STATS ufo::ObsBiasCovariance          :        1       1        
OOPS_STATS ufo::ObsBiasPreconditioner      :        1       1        
OOPS_STATS ufo::ObsFilter                  :        9       6        
OOPS_STATS ufo::ObsFilterData              :        3       3        
OOPS_STATS ufo::ObsVertInterp              :        2       2        
OOPS_STATS ufo::ObsVertInterpTLAD          :        1       1        
OOPS_STATS ufo::SampledLocations           :        4       3        
OOPS_STATS ----------------------------- Object counts --------------------------------------
OOPS_STATS  
OOPS_STATS --------------------------------------------------------------------------------------------
OOPS_STATS ------------------------------------ Timing Statistics -------------------------------------
OOPS_STATS --------------------------------------------------------------------------------------------
OOPS_STATS Name                                                :   total (ms)   count    time/call (ms)
OOPS_STATS ObsFilter::Background Check::ObsFilter              :         0.09       1            0.0898
OOPS_STATS ObsFilter::Background Check::postFilter             :        77.85       1           77.8482
OOPS_STATS ObsFilter::Background Check::preProcess             :         0.00       1            0.0024
OOPS_STATS ObsFilter::Background Check::priorFilter            :         0.02       1            0.0220
OOPS_STATS ObsFilter::Final Check::ObsFilter                   :         0.01       2            0.0048
OOPS_STATS ObsFilter::Final Check::postFilter                  :         0.05       2            0.0233
OOPS_STATS ObsFilter::Final Check::preProcess                  :         0.00       2            0.0003
OOPS_STATS ObsFilter::Final Check::priorFilter                 :         0.00       2            0.0022
OOPS_STATS ObsFilter::QCmanager::ObsFilter                     :         4.06       2            2.0290
OOPS_STATS ObsFilter::QCmanager::postFilter                    :         0.22       2            0.1098
OOPS_STATS ObsFilter::QCmanager::preProcess                    :         0.00       2            0.0001
OOPS_STATS ObsFilter::QCmanager::priorFilter                   :         0.00       2            0.0001
OOPS_STATS ioda::ObsSpace::get_db(DateTime)                    :         2.72       4            0.6795
OOPS_STATS ioda::ObsSpace::get_db(double)                      :         0.30       5            0.0596
OOPS_STATS ioda::ObsSpace::get_db(float)                       :         4.12      12            0.3437
OOPS_STATS ioda::ObsSpace::load                                :       694.54       1          694.5444
OOPS_STATS ioda::ObsSpace::put_db(double)                      :         0.95       6            0.1588
OOPS_STATS ioda::ObsSpace::put_db(float)                       :         0.08       2            0.0419
OOPS_STATS ioda::ObsSpace::put_db(int)                         :        12.31       2            6.1570
OOPS_STATS mpas::LinVarChaModel2GeoVars::LinVarChaModel2GeoVar :         3.03       1            3.0286
OOPS_STATS mpas::LinVarChaModel2GeoVars::changeVarAD           :       906.34      44           20.5986
OOPS_STATS mpas::LinVarChaModel2GeoVars::changeVarTL           :       154.30      43            3.5883
OOPS_STATS mpas::LinVarChaModel2GeoVars::~LinVarChaModel2GeoVa :         0.03       1            0.0314
OOPS_STATS mpas::VarChaModel2GeoVars::VarChaModel2GeoVars      :         0.04       3            0.0126
OOPS_STATS mpas::VarChaModel2GeoVars::changeVar                :        11.89       3            3.9631
OOPS_STATS mpas::VarChaModel2GeoVars::~VarChaModel2GeoVars     :         0.01       3            0.0020
OOPS_STATS oops::Covariance::EnsembleCovariance                :     59406.83       1        59406.8271
OOPS_STATS oops::Covariance::ensemble::Constructor             :         0.01       1            0.0057
OOPS_STATS oops::Covariance::ensemble::multiply                :    245568.08      44         5581.0928
OOPS_STATS oops::Diffusion::Diffusion                          :         0.00       1            0.0001
OOPS_STATS oops::Diffusion::calculateDerivedGeom               :         1.83       1            1.8289
OOPS_STATS oops::Diffusion::multiplySqrtAD                     :     60936.36    1320           46.1639
OOPS_STATS oops::Diffusion::multiplySqrtTL                     :     52155.45    1320           39.5117
OOPS_STATS oops::Diffusion::setParameters                      :         3.48       1            3.4845
OOPS_STATS oops::GeoVaLs::GeoVaLs                              :        19.11      90            0.2123
OOPS_STATS oops::GeoVaLs::fill                                 :        30.50   30527            0.0010
OOPS_STATS oops::GeoVaLs::fillAD                               :        21.75   27412            0.0008
OOPS_STATS oops::GeoVaLs::~GeoVaLs                             :         0.51      90            0.0057
OOPS_STATS oops::Geometry::Geometry                            :     48266.36       2        24133.1811
OOPS_STATS oops::Geometry::variableSizes                       :         3.73      11            0.3391
OOPS_STATS oops::Geometry::~Geometry                           :       406.21       2          203.1061
OOPS_STATS oops::GeometryData::containingTriangleAndBarycentri :        41.39   18399            0.0022
OOPS_STATS oops::GeometryData::setGlobalTree                   :      1845.91       2          922.9565
OOPS_STATS oops::GeometryData::setLocalTree                    :         3.19       2            1.5955
OOPS_STATS oops::GeometryData::setMeshAndTriangulation         :         0.31       2            0.1526
OOPS_STATS oops::GetValues::GetValues                          :       336.11       3          112.0382
OOPS_STATS oops::GetValues::fillGeoVaLs                        :        51.17       3           17.0568
OOPS_STATS oops::GetValues::fillGeoVaLsAD                      :       114.23      44            2.5962
OOPS_STATS oops::GetValues::fillGeoVaLsTL                      :       865.67      43           20.1320
OOPS_STATS oops::GetValues::finalize                           :        15.19       3            5.0627
OOPS_STATS oops::GetValues::finalizeAD                         :       654.50      44           14.8749
OOPS_STATS oops::GetValues::finalizeTL                         :       103.04      43            2.3962
OOPS_STATS oops::GetValues::initialize                         :         2.44       3            0.8141
OOPS_STATS oops::GetValues::initializeAD                       :         5.47      44            0.1244
OOPS_STATS oops::GetValues::initializeTL                       :        17.88      43            0.4157
OOPS_STATS oops::GetValues::process                            :        15.92       3            5.3058
OOPS_STATS oops::GetValues::processAD                          :       124.61      44            2.8320
OOPS_STATS oops::GetValues::processTL                          :       139.28      43            3.2390
OOPS_STATS oops::Increment::Increment                          :     27087.23    3036            8.9220
OOPS_STATS oops::Increment::axpy                               :      6215.48    1032            6.0227
OOPS_STATS oops::Increment::diff                               :       282.42      33            8.5581
OOPS_STATS oops::Increment::dot_product_with                   :     10018.61    1122            8.9292
OOPS_STATS oops::Increment::fromFieldSet                       :     13915.51    1364           10.2020
OOPS_STATS oops::Increment::operator*=                         :       209.61     130            1.6124
OOPS_STATS oops::Increment::operator+=                         :     11646.02    1523            7.6468
OOPS_STATS oops::Increment::operator+=(State, Increment)       :       163.95       1          163.9532
OOPS_STATS oops::Increment::operator-=                         :       142.61      30            4.7538
OOPS_STATS oops::Increment::operator=                          :      4941.72    1682            2.9380
OOPS_STATS oops::Increment::print                              :     31783.97    1327           23.9517
OOPS_STATS oops::Increment::schur_product_with                 :     11106.86    2640            4.2071
OOPS_STATS oops::Increment::serialSize                         :         5.10     190            0.0268
OOPS_STATS oops::Increment::toFieldSet                         :      9537.36    1407            6.7785
OOPS_STATS oops::Increment::zero                               :       121.46     133            0.9132
OOPS_STATS oops::Increment::~Increment                         :       216.47    3036            0.0713
OOPS_STATS oops::LinearObsOper::refl10cm::LinearObsOperator    :         0.56       1            0.5551
OOPS_STATS oops::LinearObsOper::refl10cm::requiredVars         :         0.09      89            0.0010
OOPS_STATS oops::LinearObsOper::refl10cm::setTrajectory        :         0.89       1            0.8897
OOPS_STATS oops::LinearObsOper::refl10cm::simulateObsAD        :         2.78      44            0.0632
OOPS_STATS oops::LinearObsOper::refl10cm::simulateObsTL        :         8.58      43            0.1996
OOPS_STATS oops::LinearObsOper::refl10cm::~LinearObsOperator   :         1.37       1            1.3725
OOPS_STATS oops::LinearVariableChange::LinearVariableChange    :         0.05       1            0.0478
OOPS_STATS oops::LinearVariableChange::changeVarAD             :      1581.42      44           35.9413
OOPS_STATS oops::LinearVariableChange::changeVarTL             :       895.73      43           20.8310
OOPS_STATS oops::LinearVariableChange::changeVarTraj           :         3.04       1            3.0424
OOPS_STATS oops::LinearVariableChange::~LinearVariableChange   :         0.40       1            0.4011
OOPS_STATS oops::LocalInterpolator::LocalInterpolator          :        48.39    2400            0.0202
OOPS_STATS oops::LocalInterpolator::apply                      :        14.66    2400            0.0061
OOPS_STATS oops::LocalInterpolator::applyAD                    :       107.58   35200            0.0031
OOPS_STATS oops::LocalInterpolator::applyTL                    :       121.50   34400            0.0035
OOPS_STATS oops::LocalInterpolator::preprocess                 :      1414.42      46           30.7482
OOPS_STATS oops::LocalInterpolator::preprocessAD               :       110.47      44            2.5107
OOPS_STATS oops::LocalInterpolator::~LocalInterpolator         :        71.01    2400            0.0296
OOPS_STATS oops::Localization::Localization                    :      7562.79       1         7562.7942
OOPS_STATS oops::Localization::multiply                        :    203741.23    1320          154.3494
OOPS_STATS oops::Localization::~Localization                   :         0.54       1            0.5363
OOPS_STATS oops::ModelAuxControl::ModelAuxControl              :         0.01       4            0.0017
OOPS_STATS oops::ModelAuxControl::print                        :         0.00       3            0.0008
OOPS_STATS oops::ModelAuxControl::~ModelAuxControl             :         0.00       4            0.0011
OOPS_STATS oops::ModelAuxCovariance::ModelAuxCovariance        :         0.00       1            0.0030
OOPS_STATS oops::ModelAuxCovariance::linearize                 :         0.00       1            0.0001
OOPS_STATS oops::ModelAuxCovariance::multiply                  :         0.01      44            0.0001
OOPS_STATS oops::ModelAuxCovariance::~ModelAuxCovariance       :         0.00       1            0.0008
OOPS_STATS oops::ModelAuxIncrement::ModelAuxIncrement          :         0.16     190            0.0009
OOPS_STATS oops::ModelAuxIncrement::axpy                       :         0.38    1032            0.0004
OOPS_STATS oops::ModelAuxIncrement::diff                       :         0.00       3            0.0009
OOPS_STATS oops::ModelAuxIncrement::dot_product_with           :         0.30    1122            0.0003
OOPS_STATS oops::ModelAuxIncrement::operator*=                 :         0.04      85            0.0004
OOPS_STATS oops::ModelAuxIncrement::operator+=                 :         0.06     129            0.0005
OOPS_STATS oops::ModelAuxIncrement::operator+=ModelAuxControl  :         0.00       1            0.0003
OOPS_STATS oops::ModelAuxIncrement::operator=                  :         0.01      47            0.0003
OOPS_STATS oops::ModelAuxIncrement::print                      :         0.00       7            0.0005
OOPS_STATS oops::ModelAuxIncrement::serialSize                 :         0.01     190            0.0001
OOPS_STATS oops::ModelAuxIncrement::zero                       :         0.01      44            0.0002
OOPS_STATS oops::ModelAuxIncrement::~ModelAuxIncrement         :         0.04     190            0.0002
OOPS_STATS oops::ObsAuxControl::ObsAuxControl                  :         0.26       4            0.0656
OOPS_STATS oops::ObsAuxControl::print                          :         0.00       3            0.0009
OOPS_STATS oops::ObsAuxControl::requiredHdiagnostics           :         0.00       2            0.0001
OOPS_STATS oops::ObsAuxControl::requiredVars                   :         0.00       6            0.0002
OOPS_STATS oops::ObsAuxControl::write                          :         0.02       1            0.0249
OOPS_STATS oops::ObsAuxControl::~ObsAuxControl                 :         0.01       4            0.0018
OOPS_STATS oops::ObsAuxCovariance::ObsAuxCovariance            :         0.09       1            0.0879
OOPS_STATS oops::ObsAuxCovariance::inverseMultiply             :         0.05      44            0.0011
OOPS_STATS oops::ObsAuxCovariance::linearize                   :         0.02       1            0.0163
OOPS_STATS oops::ObsAuxCovariance::multiply                    :         0.15      44            0.0034
OOPS_STATS oops::ObsAuxCovariance::preconditioner              :         0.02       1            0.0183
OOPS_STATS oops::ObsAuxCovariance::write                       :         0.04       1            0.0387
OOPS_STATS oops::ObsAuxCovariance::~ObsAuxCovariance           :         0.00       1            0.0020
OOPS_STATS oops::ObsAuxIncrement::ObsAuxIncrement              :         0.87     190            0.0046
OOPS_STATS oops::ObsAuxIncrement::axpy                         :         1.15    1032            0.0011
OOPS_STATS oops::ObsAuxIncrement::diff                         :         0.02       3            0.0075
OOPS_STATS oops::ObsAuxIncrement::dot_product_with             :         0.51    1122            0.0005
OOPS_STATS oops::ObsAuxIncrement::operator*=                   :         0.11      85            0.0013
OOPS_STATS oops::ObsAuxIncrement::operator+=                   :         0.15     129            0.0011
OOPS_STATS oops::ObsAuxIncrement::operator=                    :         0.03      47            0.0007
OOPS_STATS oops::ObsAuxIncrement::print                        :         0.00       7            0.0007
OOPS_STATS oops::ObsAuxIncrement::serialSize                   :         0.01     380            0.0000
OOPS_STATS oops::ObsAuxIncrement::zero                         :         0.05      44            0.0012
OOPS_STATS oops::ObsAuxIncrement::~ObsAuxIncrement             :         0.37     190            0.0019
OOPS_STATS oops::ObsAuxPreconditioner::multiply                :         0.04      44            0.0010
OOPS_STATS oops::ObsAuxPreconditioner::~ObsAuxPreconditioner   :         0.00       2            0.0011
OOPS_STATS oops::ObsDataVector::ObsDataVector                  :         0.15       4            0.0383
OOPS_STATS oops::ObsDataVector::mask                           :         0.01       2            0.0041
OOPS_STATS oops::ObsDataVector::operator=                      :         0.25       2            0.1232
OOPS_STATS oops::ObsDataVector::print                          :         3.41       2            1.7031
OOPS_STATS oops::ObsDataVector::save                           :        12.42       4            3.1057
OOPS_STATS oops::ObsDataVector::~ObsDataVector                 :         0.05       4            0.0136
OOPS_STATS oops::ObsDiagnostics::ObsDiagnostics                :         0.07       2            0.0334
OOPS_STATS oops::ObsDiagnostics::~ObsDiagnostics               :         0.03       2            0.0172
OOPS_STATS oops::ObsError::getRMSE                             :         1.00       4            0.2508
OOPS_STATS oops::ObsError::inverseMultiply                     :         0.43      45            0.0096
OOPS_STATS oops::ObsError::obserrors                           :         0.05       6            0.0077
OOPS_STATS oops::ObsError::update                              :        41.92       2           20.9622
OOPS_STATS oops::ObsError::~ObsError                           :         0.02       1            0.0164
OOPS_STATS oops::ObsOperator::refl10cm::ObsOperator            :        20.83       2           10.4139
OOPS_STATS oops::ObsOperator::refl10cm::computeReducedVars     :         0.09       3            0.0309
OOPS_STATS oops::ObsOperator::refl10cm::locations              :        19.00       3            6.3343
OOPS_STATS oops::ObsOperator::refl10cm::requiredVars           :         0.00       3            0.0009
OOPS_STATS oops::ObsOperator::refl10cm::simulateObs            :         2.88       2            1.4422
OOPS_STATS oops::ObsOperator::refl10cm::~ObsOperator           :         0.28       2            0.1400
OOPS_STATS oops::ObsSpace::ObsSpace                            :       697.13       1          697.1251
OOPS_STATS oops::ObsSpace::obsvariables                        :         0.00       3            0.0000
OOPS_STATS oops::ObsSpace::save                                :      3010.65       1         3010.6455
OOPS_STATS oops::ObsSpace::~ObsSpace                           :         2.11       1            2.1106
OOPS_STATS oops::ObsVector::ObsVector                          :         6.07     104            0.0584
OOPS_STATS oops::ObsVector::dot_product                        :         0.76       4            0.1893
OOPS_STATS oops::ObsVector::info                               :         2.19       6            0.3650
OOPS_STATS oops::ObsVector::operator*=                         :         0.02       2            0.0101
OOPS_STATS oops::ObsVector::operator-=                         :         0.02       2            0.0118
OOPS_STATS oops::ObsVector::operator=                          :         0.39       4            0.0987
OOPS_STATS oops::ObsVector::rms                                :         0.67       4            0.1666
OOPS_STATS oops::ObsVector::save                               :         0.99       6            0.1645
OOPS_STATS oops::ObsVector::zero                               :         0.60      45            0.0134
OOPS_STATS oops::ObsVector::~ObsVector                         :         0.68     104            0.0066
OOPS_STATS oops::Parameters::deserialize                       :        47.64      97            0.4911
OOPS_STATS oops::Parameters::serialize                         :         1.90      80            0.0238
OOPS_STATS oops::Run::execute                                  :    397384.99       1       397384.9943
OOPS_STATS oops::SampledLocations::SampledLocations            :         0.00       4            0.0002
OOPS_STATS oops::SampledLocations::latitudes                   :         0.00       3            0.0000
OOPS_STATS oops::SampledLocations::longitudes                  :         0.00       3            0.0000
OOPS_STATS oops::SampledLocations::times                       :         0.00       3            0.0000
OOPS_STATS oops::SampledLocations::~SampledLocations           :       151.69       8           18.9611
OOPS_STATS oops::State::State                                  :     53539.59      72          743.6054
OOPS_STATS oops::State::print                                  :       126.58       3           42.1946
OOPS_STATS oops::State::toFieldSet                             :        23.00       5            4.6008
OOPS_STATS oops::State::variables                              :         0.00      58            0.0000
OOPS_STATS oops::State::write                                  :      6376.08       1         6376.0778
OOPS_STATS oops::State::zero                                   :        53.04      30            1.7681
OOPS_STATS oops::State::~State                                 :         8.84      72            0.1227
OOPS_STATS oops::UnstructuredInterpolator::UnstructuredInterpo :        47.31    2400            0.0197
OOPS_STATS oops::UnstructuredInterpolator::apply               :       126.35   36800            0.0034
OOPS_STATS oops::UnstructuredInterpolator::applyAD             :        75.08   35200            0.0021
OOPS_STATS oops::VariableChange::VariableChange                :         0.25       3            0.0819
OOPS_STATS oops::VariableChange::changeVar                     :        17.53       3            5.8431
OOPS_STATS oops::VariableChange::~VariableChange               :         0.02       3            0.0065
OOPS_STATS oops::util::FieldSetHelpers::readFieldSet           :      7509.00       2         3754.4984
OOPS_STATS saber::Localization::Localization                   :      7562.78       1         7562.7817
OOPS_STATS saber::Localization::multiply                       :    195582.32    1320          148.1684
OOPS_STATS saber::Localization::~Localization                  :         0.00       1            0.0001
OOPS_STATS ufo::ObsFilter::ObsFilter                           :         4.16       5            0.8325
OOPS_STATS ufo::ObsFilter::checkFilterData                     :         0.01      15            0.0004
OOPS_STATS ufo::ObsFilter::postFilter                          :        78.13       5           15.6252
OOPS_STATS ufo::ObsFilter::preProcess                          :         0.01       5            0.0014
OOPS_STATS ufo::ObsFilter::priorFilter                         :         0.03       5            0.0065
OOPS_STATS ufo::ObsFilter::~ObsFilter                          :        60.67       9            6.7407
OOPS_STATS util::Timers::measured                              :    396951.40       1       396951.4019
OOPS_STATS ------------------------------------ Timing Statistics -------------------------------------

OOPS_STATS ------------------------------------------------------------------------------------------------------------------
OOPS_STATS ---------------------------------- Parallel Timing Statistics ( 800 MPI tasks) -----------------------------------
OOPS_STATS ------------------------------------------------------------------------------------------------------------------
OOPS_STATS Name                                                :     min (ms)    max (ms)    avg (ms)     % total   imbal (%)
OOPS_STATS oops::Covariance::EnsembleCovariance                :     59406.00    59407.31    59406.81       14.95        0.00
OOPS_STATS oops::Covariance::ensemble::multiply                :    244951.07   246007.48   245358.83       61.74        0.43
OOPS_STATS oops::Diffusion::multiplySqrtAD                     :     59559.97    62401.64    60695.68       15.27        4.68
OOPS_STATS oops::Diffusion::multiplySqrtTL                     :     47929.96    78542.03    51706.96       13.01       59.20
OOPS_STATS oops::Geometry::Geometry                            :     47150.92    48423.33    48361.05       12.17        2.63
OOPS_STATS oops::Geometry::~Geometry                           :       385.95      577.63      487.28        0.12       39.34
OOPS_STATS oops::GeometryData::setGlobalTree                   :      1838.90     1986.29     1897.80        0.48        7.77
OOPS_STATS oops::GetValues::fillGeoVaLsTL                      :       302.29     1043.25      716.69        0.18      103.39
OOPS_STATS oops::GetValues::finalizeAD                         :       594.61     1143.90      697.88        0.18       78.71
OOPS_STATS oops::Increment::Increment                          :     16160.23    34609.47    26240.68        6.60       70.31
OOPS_STATS oops::Increment::axpy                               :      5480.72     6875.81     6223.42        1.57       22.42
OOPS_STATS oops::Increment::dot_product_with                   :      9423.17    11355.78    10275.79        2.59       18.81
OOPS_STATS oops::Increment::fromFieldSet                       :      9229.23    20867.13    11322.45        2.85      102.79
OOPS_STATS oops::Increment::operator+=                         :      8416.98    15173.80    10663.34        2.68       63.36
OOPS_STATS oops::Increment::operator=                          :      3572.49     8833.49     5738.67        1.44       91.68
OOPS_STATS oops::Increment::print                              :     17945.17    50529.88    35535.97        8.94       91.70
OOPS_STATS oops::Increment::schur_product_with                 :      6904.41    16434.75    11933.01        3.00       79.87
OOPS_STATS oops::Increment::toFieldSet                         :      8866.23    16990.14    11595.60        2.92       70.06
OOPS_STATS oops::LinearVariableChange::changeVarAD             :      1051.45     2256.06     1667.21        0.42       72.25
OOPS_STATS oops::LinearVariableChange::changeVarTL             :       324.62     1285.89      984.74        0.25       97.62
OOPS_STATS oops::LocalInterpolator::preprocess                 :       179.66     1460.48     1389.52        0.35       92.18
OOPS_STATS oops::Localization::Localization                    :      7526.38     7698.16     7575.77        1.91        2.27
OOPS_STATS oops::Localization::multiply                        :    192504.82   221546.37   206331.66       51.92       14.08
OOPS_STATS oops::ObsSpace::ObsSpace                            :       624.98      719.35      681.61        0.17       13.84
OOPS_STATS oops::ObsSpace::save                                :      2849.43     3021.47     2931.30        0.74        5.87
OOPS_STATS oops::State::State                                  :     53432.06    53671.55    53518.30       13.47        0.45
OOPS_STATS oops::State::write                                  :      5175.14     6401.80     6375.66        1.60       19.24
OOPS_STATS oops::util::FieldSetHelpers::readFieldSet           :      7330.18     7509.00     7372.39        1.86        2.43
OOPS_STATS saber::Localization::Localization                   :      7526.37     7698.13     7575.75        1.91        2.27
OOPS_STATS saber::Localization::multiply                       :    178998.73   215397.61   195419.42       49.17       18.63
OOPS_STATS util::Timers::measured                              :    396849.43   397164.48   397074.79       99.92        0.08
OOPS_STATS oops::Run::execute                                  :    397343.54   397470.30   397408.65      100.00        0.03
OOPS_STATS ---------------------------------- Parallel Timing Statistics ( 800 MPI tasks) -----------------------------------

OOPS_STATS Run end                                  - Runtime:    399.00 sec,  Memory: total:  4201.60 GB, per task: min =     4.94 GB, max =     7.26 GB
Run: Finishing oops::Variational<MPAS, UFO and IODA observations> with status = 0
OOPS Ending   2026-05-31 01:54:09 (UTC+0000)
