Configuration input file is: jedivar.pass2.yaml
Full configuration is:YAMLConfiguration[path=jedivar.pass2.yaml, root={_member => {date => 2026-06-05T00:00:00Z , state variables => (water_vapor_mixing_ratio_wrt_moist_air,air_pressure_at_surface,air_temperature,northward_wind,eastward_wind,cloud_liquid_water,cloud_liquid_ice,rain_water,snow_water,graupel,equivalent_reflectivity_factor,upward_air_velocity) , stream name => ensemble} , output => {filename => mpasout.nc , stream name => analysis} , variational => {minimizer => {algorithm => DRPCG} , iterations => ({geometry => {nml_file => ./namelist.atmosphere , streams_file => ./streams.atmosphere , deallocate non-da fields => true , interpolation type => unstructured} , gradient norm reduction => 0.001 , ninner => 75})} , cost function => {cost type => 3D-Var , time window => {begin => 2026-06-04T22:00:00Z , length => PT4H} , jb evaluation => false , geometry => {nml_file => ./namelist.atmosphere , streams_file => ./streams.atmosphere , deallocate non-da fields => true , interpolation type => unstructured} , analysis variables => (water_vapor_mixing_ratio_wrt_moist_air,air_pressure_at_surface,air_temperature,northward_wind,eastward_wind,cloud_liquid_water,cloud_liquid_ice,rain_water,snow_water,graupel,equivalent_reflectivity_factor,upward_air_velocity) , background => {state variables => (water_vapor_mixing_ratio_wrt_moist_air,air_pressure_at_surface,air_temperature,northward_wind,eastward_wind,air_potential_temperature,dry_air_density,u,water_vapor_mixing_ratio_wrt_dry_air,air_pressure,landmask,seaice_fraction,snowc,skin_temperature_at_surface,ivgtyp,isltyp,snowh,vegetation_area_fraction,air_temperature_at_2m,water_vapor_mixing_ratio_wrt_moist_air_at_2m,eastward_wind_at_10m,northward_wind_at_10m,lai,smois,tslb,pressure_p,cloud_liquid_water,cloud_liquid_ice,graupel,rain_water,snow_water,cldfrac,equivalent_reflectivity_factor,w,upward_air_velocity) , filename => mpasout.nc , date => 2026-06-05T00:00:00Z} , background error => {covariance model => ensemble , localization => {localization method => SABER , saber central block => {saber block name => diffusion , active variables => (water_vapor_mixing_ratio_wrt_moist_air,air_pressure_at_surface,air_temperature,northward_wind,eastward_wind,cloud_liquid_water,cloud_liquid_ice,rain_water,snow_water,graupel,equivalent_reflectivity_factor,upward_air_velocity) , read => {groups => ({variables => (water_vapor_mixing_ratio_wrt_moist_air,air_pressure_at_surface,air_temperature,northward_wind,eastward_wind,cloud_liquid_water,cloud_liquid_ice,rain_water,snow_water,graupel,equivalent_reflectivity_factor,upward_air_velocity) , multivariate strategy => duplicated , horizontal => {filepath => data/diffusionloc/mpas_conus3km.diffusion_hz} , vertical => {levels => 59 , filepath => data/diffusionloc/mpas_conus3km.diffusion_vt}})}}} , members from template => {template => {date => 2026-06-05T00:00:00Z , state variables => (water_vapor_mixing_ratio_wrt_moist_air,air_pressure_at_surface,air_temperature,northward_wind,eastward_wind,cloud_liquid_water,cloud_liquid_ice,rain_water,snow_water,graupel,equivalent_reflectivity_factor,upward_air_velocity) , stream name => ensemble , filename => ./data/ens/mem%iMember%.nc} , pattern => %iMember% , start => 1 , zero padding => 3 , nmembers => 30}} , observations => {observers => ({obs space => {name => refl10cm , distribution => {name => RoundRobin , halo size => 500000} , obsdatain => {engine => {type => H5File , obsfile => data/obs/ioda_mrms_refl.nc , missing file action => warn}} , obsdataout => {engine => {type => H5File , allow overwrite => true , obsfile => jdiag_mrms_refl.nc}} , io pool => {write multiple files => false} , _source => mrms , simulated variables => (equivalentReflectivityFactor)} , obs operator => {name => VertInterp , vertical coordinate => height_above_mean_sea_level , observation vertical coordinate => height , interpolation method => linear , observation alias file => obsop_name_map.yaml} , obs localizations => ({localization method => Horizontal Gaspari-Cohn , lengthscale => 200000}) , _obsname => refl10cm , obs filters => ({filter => Background Check , filter variables => ({name => equivalentReflectivityFactor}) , threshold => 12 , action => {name => reject}})})}}}]
OOPS_STATS ObjectCountHelper started.
OOPS_STATS Run start                                - Runtime:      1.11 sec,  Memory: total:   104.04 GB, per task: min =   128.97 MB, max =   130.55 MB
Run: Starting oops::Variational<MPAS, UFO and IODA observations>
OOPS_STATS Variational start                        - Runtime:     1.11 sec,  Local Memory:   130.55 MB
==> create geom
atlas::mpi::push(world)
Increase halo 1
atlas::mpi::pop(world)
atlas::mpi::push(world)
atlas::mpi::pop(world)
atlas::mpi::push(world)
atlas::mpi::pop(world)
atlas::mpi::push(world)
atlas::mpi::pop(world)
refl10cm: read database from data/obs/ioda_mrms_refl.nc (io pool size: 800)
refl10cm processed vars: 1 Variables: equivalentReflectivityFactor
refl10cm assimilated vars: 1 Variables: equivalentReflectivityFactor
refl10cm: 0 observations are outside of time window out of 3935453
refl10cm: 0 observations were rejected by QC checks out of 3935453
No bias-correction is performed for this ObsSpace.
3DVar window: TimeWindow: start = 2026-06-04T22:00:00Z, end = 2026-06-05T02:00:00Z, inclusive upper bound.

OOPS_STATS IncrementalAssimilation start            - Runtime:    31.74 sec,  Local Memory:     2.28 GB
Running incremental assimilation with 1 outer iterations.
Minimizer algorithm=DRPCG
QNewtonLMP: maxouter : 1
IncrementalAssimilation: Configuration for outer iteration 0:
LocalConfiguration[root={geometry => {nml_file => ./namelist.atmosphere , streams_file => ./streams.atmosphere , deallocate non-da fields => true , interpolation type => unstructured} , gradient norm reduction => 0.001 , ninner => 75 , iteration => 0 , total iterations => 1}]
OOPS_STATS IncrementalAssimilation iteration 0      - Runtime:    31.74 sec,  Local Memory:     2.28 GB
==> create geom
atlas::mpi::push(world)
Increase halo 1
atlas::mpi::pop(world)
atlas::mpi::push(world)
atlas::mpi::pop(world)
atlas::mpi::push(world)
atlas::mpi::pop(world)
atlas::mpi::push(world)
atlas::mpi::pop(world)
Key "mesh[address=0x4223430],halo[size=1]" not found in cache "NodeColumnsHaloExchangeCache" , creating new, removable with key "mesh[address=0x4223430],halo[size=1]"
Key "mesh[address=0x7470f40],halo[size=1]" not found in cache "NodeColumnsHaloExchangeCache" , creating new, removable with key "mesh[address=0x7470f40],halo[size=1]"
processWhere: selected 0 obs.
BackgroundCheck obserr: 
refl10cm equivalentReflectivityFactor nlocs = 3935453, nobs = 3935453, min = 5, max = 5, avg = 5
processing a float: 12
ObsErrorDiagonal covariance updated 3798243
Observer::finalize QC = 
refl10cm equivalentReflectivityFactor nlocs = 3935453, nobs = 3935453, min = 0, max = 19, avg = 0
CostJo Observations: 
refl10cm nobs= 3935453 Min=0, Max=62.1296, RMS=4.41648

Jo Observations:
Jo Obs :refl10cm:equivalentReflectivityFactor   : Nobs=  3798243, Min= 0.000000e+00, Max= 5.825333e+01, RMS= 4.392449e+00
Jo Observations Equivalent:
Jo H(x):refl10cm:equivalentReflectivityFactor   : Nobs=  3798243, Min= 0.000000e+00, Max= 6.340954e+01, RMS= 4.271302e+00
Jo Bias Corrected Departures:
Jo Dep :refl10cm:equivalentReflectivityFactor   : Nobs=  3798243, Min=-5.825333e+01, Max= 5.945628e+01, RMS= 4.186496e+00
Jo Observations Errors:
UFO Diagonal observation error covariance, inverse variances: refl10cm nobs= 3798243 Min=0.04, Max=0.04, RMS=0.04



CostJo   : Nonlinear Jo(refl10cm) = 1.33142e+06, nobs = 3798243, Jo/n = 0.350535, err = 5
CostJo   : Nonlinear Jo = 1.33142e+06
Increment:diff x1 4
Increment:diff x2 35
Increment:diff x1 5
Increment:diff x2 36
Increment:diff x1 6
Increment:diff x2 37
Increment:diff x1 7
Increment:diff x2 38
Increment:diff x1 8
Increment:diff x2 39
Increment:diff x1 9
Increment:diff x2 40
Increment:diff x1 10
Increment:diff x2 41
Increment:diff x1 11
Increment:diff x2 42
Increment:diff x1 12
Increment:diff x2 43
Increment:diff x1 13
Increment:diff x2 44
Increment:diff x1 14
Increment:diff x2 45
Increment:diff x1 15
Increment:diff x2 46
Increment:diff x1 16
Increment:diff x2 47
Increment:diff x1 17
Increment:diff x2 48
Increment:diff x1 18
Increment:diff x2 49
Increment:diff x1 19
Increment:diff x2 50
Increment:diff x1 20
Increment:diff x2 51
Increment:diff x1 21
Increment:diff x2 52
Increment:diff x1 22
Increment:diff x2 53
Increment:diff x1 23
Increment:diff x2 54
Increment:diff x1 24
Increment:diff x2 55
Increment:diff x1 25
Increment:diff x2 56
Increment:diff x1 26
Increment:diff x2 57
Increment:diff x1 27
Increment:diff x2 58
Increment:diff x1 28
Increment:diff x2 59
Increment:diff x1 29
Increment:diff x2 60
Increment:diff x1 30
Increment:diff x2 61
Increment:diff x1 31
Increment:diff x2 62
Increment:diff x1 32
Increment:diff x2 63
Increment:diff x1 33
Increment:diff x2 64
Info     : Prepare ensemble configuration
Info     : Read full ensemble
Info     : Creating central block: 
Info     : SaberCentralBlock using multivariate strategy: deprecated
Info     : Creating single central block.
Info     : Read data

==================================================================================
 saber::Diffusion read
----------------------------------------------------------------------------------

group 1 of 1
atlas::mpi::push(world)
atlas::mpi::pop(world)
variables: [water_vapor_mixing_ratio_wrt_moist_air,air_pressure_at_surface,air_temperature,northward_wind,eastward_wind,cloud_liquid_water,cloud_liquid_ice,rain_water,snow_water,graupel,equivalent_reflectivity_factor,upward_air_velocity]
multivariate strategy: duplicated
Reading horizontal parameters
  levels: 1
Key "mesh[address=0x7470f40]" not found in cache "NodeColumnsGatherScatterCache" , creating new, removable with key "mesh[address=0x7470f40]"
  Info     : Reading file: data/diffusionloc/mpas_conus3km.diffusion_hz.nc
atlas::mpi::push(world)
atlas::mpi::pop(world)
  hzScales:  min: 4087.19  mean: 4087.19  max: 4087.19
  hzNorm:    min: 2.4414  mean: 3.71484  max: 4.05626
Reading vertical parameters
  levels: 59
  vertical strategy: normal
  Info     : Reading file: data/diffusionloc/mpas_conus3km.diffusion_vt.nc
atlas::mpi::push(world)
atlas::mpi::pop(world)
  vtScales:  min: 11  mean: 11  max: 11
  vtNorm:    min: 3.7178  mean: 4.83632  max: 5.25235
Diffusion: horizontal iterations: 6
Diffusion: vertical iterations: 242
Increment:diff x1 2
Increment:diff x2 1
==================================================================================

CostJb: FG-BG
  Valid time: 2026-06-05T00:00:00Z
  Resolution: nCellsGlobal = 2341818, nFields = 12
Fld=1  Min=0, Max=0, RMS=0 : water_vapor_mixing_ratio_wrt_moist_air
Fld=2  Min=0, Max=0, RMS=0 : air_pressure_at_surface
Fld=3  Min=0, Max=0, RMS=0 : air_temperature
Fld=4  Min=0, Max=0, RMS=0 : northward_wind
Fld=5  Min=0, Max=0, RMS=0 : eastward_wind
Fld=6  Min=0, Max=0, RMS=0 : cloud_liquid_water
Fld=7  Min=0, Max=0, RMS=0 : cloud_liquid_ice
Fld=8  Min=0, Max=0, RMS=0 : rain_water
Fld=9  Min=0, Max=0, RMS=0 : snow_water
Fld=10  Min=0, Max=0, RMS=0 : graupel
Fld=11  Min=0, Max=0, RMS=0 : equivalent_reflectivity_factor
Fld=12  Min=0, Max=0, RMS=0 : upward_air_velocity
Increment:diff x1 2
Increment:diff x2 1
CostJb: FG-BG
  Valid time: 2026-06-05T00:00:00Z
  Resolution: nCellsGlobal = 2341818, nFields = 12
Fld=1  Min=0, Max=0, RMS=0 : water_vapor_mixing_ratio_wrt_moist_air
Fld=2  Min=0, Max=0, RMS=0 : air_pressure_at_surface
Fld=3  Min=0, Max=0, RMS=0 : air_temperature
Fld=4  Min=0, Max=0, RMS=0 : northward_wind
Fld=5  Min=0, Max=0, RMS=0 : eastward_wind
Fld=6  Min=0, Max=0, RMS=0 : cloud_liquid_water
Fld=7  Min=0, Max=0, RMS=0 : cloud_liquid_ice
Fld=8  Min=0, Max=0, RMS=0 : rain_water
Fld=9  Min=0, Max=0, RMS=0 : snow_water
Fld=10  Min=0, Max=0, RMS=0 : graupel
Fld=11  Min=0, Max=0, RMS=0 : equivalent_reflectivity_factor
Fld=12  Min=0, Max=0, RMS=0 : upward_air_velocity
CostFunction: Nonlinear J = 1.33142e+06
OOPS_STATS IncrementalAssimilation linearize 0      - Runtime:   140.69 sec,  Local Memory:     7.02 GB

DRPCGMinimizer: max iter = 75, requested norm reduction = 0.001
CostFunction::computeGradientFG: gradient:
  Valid time: 2026-06-05T00:00:00Z
  Resolution: nCellsGlobal = 2341818, nFields = 12
Fld=1  Min=0, Max=0, RMS=0 : water_vapor_mixing_ratio_wrt_moist_air
Fld=2  Min=0, Max=0, RMS=0 : air_pressure_at_surface
Fld=3  Min=0, Max=0, RMS=0 : air_temperature
Fld=4  Min=0, Max=0, RMS=0 : northward_wind
Fld=5  Min=0, Max=0, RMS=0 : eastward_wind
Fld=6  Min=0, Max=0, RMS=0 : cloud_liquid_water
Fld=7  Min=0, Max=0, RMS=0 : cloud_liquid_ice
Fld=8  Min=0, Max=0, RMS=0 : rain_water
Fld=9  Min=0, Max=0, RMS=0 : snow_water
Fld=10  Min=0, Max=0, RMS=0 : graupel
Fld=11  Min=-1.83964, Max=2.02178, RMS=0.0162824 : equivalent_reflectivity_factor
Fld=12  Min=0, Max=0, RMS=0 : upward_air_velocity
DRPCGMinimizer rhs
  Valid time: 2026-06-05T00:00:00Z
  Resolution: nCellsGlobal = 2341818, nFields = 12
Fld=1  Min=-0, Max=-0, RMS=0 : water_vapor_mixing_ratio_wrt_moist_air
Fld=2  Min=-0, Max=-0, RMS=0 : air_pressure_at_surface
Fld=3  Min=-0, Max=-0, RMS=0 : air_temperature
Fld=4  Min=-0, Max=-0, RMS=0 : northward_wind
Fld=5  Min=-0, Max=-0, RMS=0 : eastward_wind
Fld=6  Min=-0, Max=-0, RMS=0 : cloud_liquid_water
Fld=7  Min=-0, Max=-0, RMS=0 : cloud_liquid_ice
Fld=8  Min=-0, Max=-0, RMS=0 : rain_water
Fld=9  Min=-0, Max=-0, RMS=0 : snow_water
Fld=10  Min=-0, Max=-0, RMS=0 : graupel
Fld=11  Min=-2.02178, Max=1.83964, RMS=0.0162824 : equivalent_reflectivity_factor
Fld=12  Min=-0, Max=-0, RMS=0 : upward_air_velocity
Initial RHS squared norm = 36630.4
OOPS_STATS DRPCG start                              - Runtime:   140.83 sec,  Local Memory:     7.02 GB
normr0 36630.4
  Residual norm ( 0) = 7399.036538255594
  Norm reduction ( 0) = 1

  Quadratic cost function: J   ( 0) = 1331417.281162744
  Quadratic cost function: Jb  ( 0) = 0
  Quadratic cost function: JoJc( 0) = 1331417.281162744


 DRPCG Starting Iteration 1
OOPS_STATS DRPCG iteration 1                        - Runtime:   146.22 sec,  Local Memory:     7.02 GB
rdots 2.18774e+07      iteration    0
DRPCG end of iteration 1
  Residual norm ( 1) = 4677.332869130037
  Norm reduction ( 1) = 0.6321543142741083

  Quadratic cost function: J   ( 1) = 898923.9837717209
  Quadratic cost function: Jb  ( 1) = 6833.424719393385
  Quadratic cost function: JoJc( 1) = 892090.5590523275

 DRPCG Starting Iteration 2
OOPS_STATS DRPCG iteration 2                        - Runtime:   151.81 sec,  Local Memory:     7.02 GB
rdots 1.07224e+07      iteration    1
DRPCG end of iteration 2
  Residual norm ( 2) = 3274.502551734346
  Norm reduction ( 2) = 0.4425579647842025

  Quadratic cost function: J   ( 2) = 731359.6914963822
  Quadratic cost function: Jb  ( 2) = 15721.05841114931
  Quadratic cost function: JoJc( 2) = 715638.6330852329

 DRPCG Starting Iteration 3
OOPS_STATS DRPCG iteration 3                        - Runtime:   157.56 sec,  Local Memory:     7.02 GB
rdots 6.618e+06      iteration    2
DRPCG end of iteration 3
  Residual norm ( 3) = 2572.547720605144
  Norm reduction ( 3) = 0.3476868518359352

  Quadratic cost function: J   ( 3) = 644541.7964557201
  Quadratic cost function: Jb  ( 3) = 24557.5886421789
  Quadratic cost function: JoJc( 3) = 619984.2078135412

 DRPCG Starting Iteration 4
OOPS_STATS DRPCG iteration 4                        - Runtime:   163.18 sec,  Local Memory:     7.02 GB
rdots 4.30077e+06      iteration    3
DRPCG end of iteration 4
  Residual norm ( 4) = 2073.829426040215
  Norm reduction ( 4) = 0.2802837119830123

  Quadratic cost function: J   ( 4) = 594086.2684565792
  Quadratic cost function: Jb  ( 4) = 32640.54605797982
  Quadratic cost function: JoJc( 4) = 561445.7223985994

 DRPCG Starting Iteration 5
OOPS_STATS DRPCG iteration 5                        - Runtime:   168.68 sec,  Local Memory:     7.02 GB
rdots 2.47714e+06      iteration    4
DRPCG end of iteration 5
  Residual norm ( 5) = 1573.892177852754
  Norm reduction ( 5) = 0.2127158272182038

  Quadratic cost function: J   ( 5) = 554288.8357739989
  Quadratic cost function: Jb  ( 5) = 41967.6404276546
  Quadratic cost function: JoJc( 5) = 512321.1953463443

 DRPCG Starting Iteration 6
rdots 1.84191e+06      iteration    5
DRPCG end of iteration 6
  Residual norm ( 6) = 1357.1708344923
  Norm reduction ( 6) = 0.1834253456480792

  Quadratic cost function: J   ( 6) = 527540.1120922519
  Quadratic cost function: Jb  ( 6) = 50739.74406447381
  Quadratic cost function: JoJc( 6) = 476800.3680277781

 DRPCG Starting Iteration 7
rdots 1.39643e+06      iteration    6
DRPCG end of iteration 7
  Residual norm ( 7) = 1181.705880186367
  Norm reduction ( 7) = 0.1597107777582306

  Quadratic cost function: J   ( 7) = 510703.2262621395
  Quadratic cost function: Jb  ( 7) = 57955.43197592944
  Quadratic cost function: JoJc( 7) = 452747.7942862101

 DRPCG Starting Iteration 8
rdots 984551      iteration    7
DRPCG end of iteration 8
  Residual norm ( 8) = 992.2455139023465
  Norm reduction ( 8) = 0.1341046917084531

  Quadratic cost function: J   ( 8) = 497833.6603270967
  Quadratic cost function: Jb  ( 8) = 64845.42360399979
  Quadratic cost function: JoJc( 8) = 432988.2367230969

 DRPCG Starting Iteration 9
rdots 756068      iteration    8
DRPCG end of iteration 9
  Residual norm ( 9) = 869.5218833790979
  Norm reduction ( 9) = 0.117518257800643

  Quadratic cost function: J   ( 9) = 488917.2776922225
  Quadratic cost function: Jb  ( 9) = 70636.59204128577
  Quadratic cost function: JoJc( 9) = 418280.6856509367

 DRPCG Starting Iteration 10
OOPS_STATS DRPCG iteration 10                       - Runtime:   197.13 sec,  Local Memory:     7.02 GB
rdots 531313      iteration    9
DRPCG end of iteration 10
  Residual norm (10) = 728.9121104331196
  Norm reduction (10) = 0.09851446288505136

  Quadratic cost function: J   (10) = 482252.1782689155
  Quadratic cost function: Jb  (10) = 75751.72516928698
  Quadratic cost function: JoJc(10) = 406500.4530996286

 DRPCG Starting Iteration 11
rdots 377059      iteration    10
DRPCG end of iteration 11
  Residual norm (11) = 614.0510543623651
  Norm reduction (11) = 0.08299067739259125

  Quadratic cost function: J   (11) = 476954.9086744876
  Quadratic cost function: Jb  (11) = 80498.3671125401
  Quadratic cost function: JoJc(11) = 396456.5415619475

 DRPCG Starting Iteration 12
rdots 303299      iteration    11
DRPCG end of iteration 12
  Residual norm (12) = 550.7256971269015
  Norm reduction (12) = 0.07443208237713898

  Quadratic cost function: J   (12) = 473106.6124961027
  Quadratic cost function: Jb  (12) = 84477.38758990783
  Quadratic cost function: JoJc(12) = 388629.2249061948

 DRPCG Starting Iteration 13
rdots 228714      iteration    12
DRPCG end of iteration 13
  Residual norm (13) = 478.2410258185837
  Norm reduction (13) = 0.06463558104435775

  Quadratic cost function: J   (13) = 470439.4437721109
  Quadratic cost function: Jb  (13) = 87597.51524404679
  Quadratic cost function: JoJc(13) = 382841.928528064

 DRPCG Starting Iteration 14
rdots 159647      iteration    13
DRPCG end of iteration 14
  Residual norm (14) = 399.5586702513319
  Norm reduction (14) = 0.05400144575384573

  Quadratic cost function: J   (14) = 468293.0315623118
  Quadratic cost function: Jb  (14) = 90404.41268601848
  Quadratic cost function: JoJc(14) = 377888.6188762933

 DRPCG Starting Iteration 15
OOPS_STATS DRPCG iteration 15                       - Runtime:   227.94 sec,  Local Memory:     7.02 GB
rdots 120144      iteration    14
DRPCG end of iteration 15
  Residual norm (15) = 346.6186078044126
  Norm reduction (15) = 0.04684645169844395

  Quadratic cost function: J   (15) = 466746.5536307477
  Quadratic cost function: Jb  (15) = 92647.99347575605
  Quadratic cost function: JoJc(15) = 374098.5601549917

 DRPCG Starting Iteration 16
rdots 99625      iteration    15
DRPCG end of iteration 16
  Residual norm (16) = 315.6343033527979
  Norm reduction (16) = 0.04265883831237469

  Quadratic cost function: J   (16) = 465612.0999715821
  Quadratic cost function: Jb  (16) = 94455.20716311359
  Quadratic cost function: JoJc(16) = 371156.8928084685

 DRPCG Starting Iteration 17
rdots 74880.2      iteration    16
DRPCG end of iteration 17
  Residual norm (17) = 273.6423835130623
  Norm reduction (17) = 0.03698351563723682

  Quadratic cost function: J   (17) = 464791.4502289327
  Quadratic cost function: Jb  (17) = 95876.58672747522
  Quadratic cost function: JoJc(17) = 368914.8635014574

 DRPCG Starting Iteration 18
rdots 52929.3      iteration    17
DRPCG end of iteration 18
  Residual norm (18) = 230.0636595364261
  Norm reduction (18) = 0.03109373204834399

  Quadratic cost function: J   (18) = 464179.3542326947
  Quadratic cost function: Jb  (18) = 97019.31614246609
  Quadratic cost function: JoJc(18) = 367160.0380902286

 DRPCG Starting Iteration 19
rdots 36297.3      iteration    18
DRPCG end of iteration 19
  Residual norm (19) = 190.5184952796884
  Norm reduction (19) = 0.02574909507401964

  Quadratic cost function: J   (19) = 463662.5175570939
  Quadratic cost function: Jb  (19) = 98058.15936754586
  Quadratic cost function: JoJc(19) = 365604.358189548

 DRPCG Starting Iteration 20
OOPS_STATS DRPCG iteration 20                       - Runtime:   257.44 sec,  Local Memory:     7.02 GB
rdots 27444.1      iteration    19
DRPCG end of iteration 20
  Residual norm (20) = 165.6624823457409
  Norm reduction (20) = 0.02238973702713972

  Quadratic cost function: J   (20) = 463279.473678121
  Quadratic cost function: Jb  (20) = 98886.91453667748
  Quadratic cost function: JoJc(20) = 364392.5591414435

 DRPCG Starting Iteration 21
rdots 20084.2      iteration    20
DRPCG end of iteration 21
  Residual norm (21) = 141.7188549672414
  Norm reduction (21) = 0.01915369038043069

  Quadratic cost function: J   (21) = 463003.3130781786
  Quadratic cost function: Jb  (21) = 99526.80910637205
  Quadratic cost function: JoJc(21) = 363476.5039718065

 DRPCG Starting Iteration 22
rdots 14346.1      iteration    21
DRPCG end of iteration 22
  Residual norm (22) = 119.7751163652634
  Norm reduction (22) = 0.0161879341649395

  Quadratic cost function: J   (22) = 462793.9108942313
  Quadratic cost function: Jb  (22) = 100044.366594908
  Quadratic cost function: JoJc(22) = 362749.5442993233

 DRPCG Starting Iteration 23
rdots 10923.2      iteration    22
DRPCG end of iteration 23
  Residual norm (23) = 104.5140275665565
  Norm reduction (23) = 0.01412535632527055

  Quadratic cost function: J   (23) = 462640.8574270722
  Quadratic cost function: Jb  (23) = 100446.710264636
  Quadratic cost function: JoJc(23) = 362194.1471624363

 DRPCG Starting Iteration 24
rdots 8203.23      iteration    23
DRPCG end of iteration 24
  Residual norm (24) = 90.57169825570406
  Norm reduction (24) = 0.01224101243282377

  Quadratic cost function: J   (24) = 462530.751828225
  Quadratic cost function: Jb  (24) = 100753.2724256739
  Quadratic cost function: JoJc(24) = 361777.4794025511

 DRPCG Starting Iteration 25
OOPS_STATS DRPCG iteration 25                       - Runtime:   287.47 sec,  Local Memory:     7.02 GB
rdots 6354.54      iteration    24
DRPCG end of iteration 25
  Residual norm (25) = 79.71539430315255
  Norm reduction (25) = 0.0107737532976079

  Quadratic cost function: J   (25) = 462452.0079558056
  Quadratic cost function: Jb  (25) = 100984.3966337893
  Quadratic cost function: JoJc(25) = 361467.6113220163

 DRPCG Starting Iteration 26
rdots 4290.64      iteration    25
DRPCG end of iteration 26
  Residual norm (26) = 65.50295151889674
  Norm reduction (26) = 0.008852902831365096

  Quadratic cost function: J   (26) = 462391.7744036249
  Quadratic cost function: Jb  (26) = 101170.2104682465
  Quadratic cost function: JoJc(26) = 361221.5639353784

 DRPCG Starting Iteration 27
rdots 3110.16      iteration    26
DRPCG end of iteration 27
  Residual norm (27) = 55.76880651182417
  Norm reduction (27) = 0.00753730654301814

  Quadratic cost function: J   (27) = 462346.1835438893
  Quadratic cost function: Jb  (27) = 101317.8810541415
  Quadratic cost function: JoJc(27) = 361028.3024897478

 DRPCG Starting Iteration 28
rdots 2345.38      iteration    27
DRPCG end of iteration 28
  Residual norm (28) = 48.42909050154832
  Norm reduction (28) = 0.006545323874419739

  Quadratic cost function: J   (28) = 462313.7199799386
  Quadratic cost function: Jb  (28) = 101428.0728680172
  Quadratic cost function: JoJc(28) = 360885.6471119213

 DRPCG Starting Iteration 29
rdots 1631.6      iteration    28
DRPCG end of iteration 29
  Residual norm (29) = 40.3930157559137
  Norm reduction (29) = 0.005459226420503231

  Quadratic cost function: J   (29) = 462287.9135227634
  Quadratic cost function: Jb  (29) = 101519.7926086232
  Quadratic cost function: JoJc(29) = 360768.1209141403

 DRPCG Starting Iteration 30
OOPS_STATS DRPCG iteration 30                       - Runtime:   317.87 sec,  Local Memory:     7.02 GB
rdots 1193.59      iteration    29
DRPCG end of iteration 30
  Residual norm (30) = 34.54830011831319
  Norm reduction (30) = 0.004669297136145558

  Quadratic cost function: J   (30) = 462269.6760492679
  Quadratic cost function: Jb  (30) = 101587.6035062619
  Quadratic cost function: JoJc(30) = 360682.072543006

 DRPCG Starting Iteration 31
rdots 854.3      iteration    30
DRPCG end of iteration 31
  Residual norm (31) = 29.22840520581737
  Norm reduction (31) = 0.003950298806431938

  Quadratic cost function: J   (31) = 462256.2157133862
  Quadratic cost function: Jb  (31) = 101639.8514611661
  Quadratic cost function: JoJc(31) = 360616.3642522201

 DRPCG Starting Iteration 32
rdots 639.028      iteration    31
DRPCG end of iteration 32
  Residual norm (32) = 25.27900852627724
  Norm reduction (32) = 0.00341652705667501

  Quadratic cost function: J   (32) = 462246.6359251678
  Quadratic cost function: Jb  (32) = 101678.6020634415
  Quadratic cost function: JoJc(32) = 360568.0338617263

 DRPCG Starting Iteration 33
rdots 438.188      iteration    32
DRPCG end of iteration 33
  Residual norm (33) = 20.93294585422962
  Norm reduction (33) = 0.002829144814463208

  Quadratic cost function: J   (33) = 462239.5078821905
  Quadratic cost function: Jb  (33) = 101708.6018543497
  Quadratic cost function: JoJc(33) = 360530.9060278408

 DRPCG Starting Iteration 34
rdots 330.567      iteration    33
DRPCG end of iteration 34
  Residual norm (34) = 18.18150010536044
  Norm reduction (34) = 0.002457279405413902

  Quadratic cost function: J   (34) = 462234.5472169835
  Quadratic cost function: Jb  (34) = 101730.287153238
  Quadratic cost function: JoJc(34) = 360504.2600637455

 DRPCG Starting Iteration 35
OOPS_STATS DRPCG iteration 35                       - Runtime:   348.71 sec,  Local Memory:     7.02 GB
rdots 230.471      iteration    34
DRPCG end of iteration 35
  Residual norm (35) = 15.18126470551098
  Norm reduction (35) = 0.002051789395419061

  Quadratic cost function: J   (35) = 462230.8723946996
  Quadratic cost function: Jb  (35) = 101746.9457965457
  Quadratic cost function: JoJc(35) = 360483.9265981539

 DRPCG Starting Iteration 36
rdots 165.589      iteration    35
DRPCG end of iteration 36
  Residual norm (36) = 12.8681277589342
  Norm reduction (36) = 0.001739162618322196

  Quadratic cost function: J   (36) = 462228.2278911723
  Quadratic cost function: Jb  (36) = 101759.365573941
  Quadratic cost function: JoJc(36) = 360468.8623172313

 DRPCG Starting Iteration 37
rdots 121.612      iteration    36
DRPCG end of iteration 37
  Residual norm (37) = 11.02779618306699
  Norm reduction (37) = 0.001490436778633197

  Quadratic cost function: J   (37) = 462226.3134881207
  Quadratic cost function: Jb  (37) = 101768.6702654974
  Quadratic cost function: JoJc(37) = 360457.6432226233

 DRPCG Starting Iteration 38
rdots 88.7139      iteration    37
DRPCG end of iteration 38
  Residual norm (38) = 9.418807246971594
  Norm reduction (38) = 0.001272977528665129

  Quadratic cost function: J   (38) = 462224.9457194754
  Quadratic cost function: Jb  (38) = 101775.5417430347
  Quadratic cost function: JoJc(38) = 360449.4039764407

 DRPCG Starting Iteration 39
rdots 61.8919      iteration    38
DRPCG end of iteration 39
  Residual norm (39) = 7.867139168820927
  Norm reduction (39) = 0.001063265349230955

  Quadratic cost function: J   (39) = 462223.9380596819
  Quadratic cost function: Jb  (39) = 101780.7691714705
  Quadratic cost function: JoJc(39) = 360443.1688882114

 DRPCG Starting Iteration 40
OOPS_STATS DRPCG iteration 40                       - Runtime:   382.15 sec,  Local Memory:     7.02 GB
rdots 43.3881      iteration    39
DRPCG end of iteration 40
  Residual norm (40) = 6.586968194397851
  Norm reduction (40) = 0.0008902467450107772

  Quadratic cost function: J   (40) = 462223.2086591602
  Quadratic cost function: Jb  (40) = 101784.674101082
  Quadratic cost function: JoJc(40) = 360438.5345580782

DRPCG: Achieved required reduction in residual norm.
OOPS_STATS DRPCG end                                - Runtime:   388.34 sec,  Local Memory:     7.02 GB
DRPCGMinimizer: reduction in residual norm = 0.000890247
DRPCGMinimizer output increment:
  Valid time: 2026-06-05T00:00:00Z
  Resolution: nCellsGlobal = 2341818, nFields = 12
Fld=1  Min=-0.011751, Max=0.00925226, RMS=0.000106649 : water_vapor_mixing_ratio_wrt_moist_air
Fld=2  Min=-124.688, Max=115.727, RMS=2.1915 : air_pressure_at_surface
Fld=3  Min=-16.3189, Max=10.0053, RMS=0.108345 : air_temperature
Fld=4  Min=-28.3946, Max=30.6129, RMS=0.355313 : northward_wind
Fld=5  Min=-29.8701, Max=36.0944, RMS=0.396278 : eastward_wind
Fld=6  Min=-0.00517781, Max=0.00458494, RMS=1.87459e-05 : cloud_liquid_water
Fld=7  Min=-0.00137461, Max=0.00199415, RMS=4.70876e-06 : cloud_liquid_ice
Fld=8  Min=-0.00554147, Max=0.00714853, RMS=3.086e-05 : rain_water
Fld=9  Min=-0.00642075, Max=0.0075804, RMS=6.34629e-05 : snow_water
Fld=10  Min=-0.00658211, Max=0.0158532, RMS=3.16778e-05 : graupel
Fld=11  Min=-76.1467, Max=89.876, RMS=2.21814 : equivalent_reflectivity_factor
Fld=12  Min=0, Max=0, RMS=0 : upward_air_velocity
CostFunction::addIncrement: First guess:
  Valid time: 2026-06-05T00:00:00Z
  Resolution: nCellsGlobal = 2341818, nFields = 35
Fld=1  Min=0, Max=0.0234812, RMS=0.00589338 : water_vapor_mixing_ratio_wrt_moist_air
Fld=2  Min=63705, Max=102561, RMS=96462.3 : air_pressure_at_surface
Fld=3  Min=186.052, Max=318.613, RMS=261.841 : air_temperature
Fld=4  Min=-36.2737, Max=50.9722, RMS=6.98302 : northward_wind
Fld=5  Min=-33.7802, Max=68.8905, RMS=10.8187 : eastward_wind
Fld=6  Min=268.978, Max=646.704, RMS=356.53 : air_potential_temperature
Fld=7  Min=0.0384828, Max=1.30606, RMS=0.777902 : dry_air_density
Fld=8  Min=-73.4926, Max=73.4928, RMS=9.11124 : u
Fld=9  Min=0, Max=0.0240458, RMS=0.00596186 : water_vapor_mixing_ratio_wrt_dry_air
Fld=10  Min=2450.08, Max=102452, RMS=64346.9 : air_pressure
Fld=11  Min=0, Max=1, RMS=0.790008 : landmask
Fld=12  Min=0, Max=0.994171, RMS=0.0250003 : seaice_fraction
Fld=13  Min=0, Max=1, RMS=0.0465059 : snowc
Fld=14  Min=270.718, Max=323.185, RMS=296.158 : skin_temperature_at_surface
Fld=15  Min=1, Max=19, RMS=12.7664 : ivgtyp
Fld=16  Min=1, Max=16, RMS=9.97061 : isltyp
Fld=17  Min=0, Max=7.49978, RMS=0.145522 : snowh
Fld=18  Min=0, Max=0.926014, RMS=0.417708 : vegetation_area_fraction
Fld=19  Min=268.979, Max=318.892, RMS=295.118 : air_temperature_at_2m
Fld=20  Min=0.000771472, Max=0.023596, RMS=0.0111922 : water_vapor_mixing_ratio_wrt_moist_air_at_2m
Fld=21  Min=-19.7655, Max=22.3646, RMS=3.9488 : eastward_wind_at_10m
Fld=22  Min=-16.3886, Max=18.6834, RMS=4.18382 : northward_wind_at_10m
Fld=23  Min=0, Max=6.56065, RMS=1.70048 : lai
Fld=24  Min=0.00200001, Max=1, RMS=0.633076 : smois
Fld=25  Min=262.487, Max=323.185, RMS=293.054 : tslb
Fld=26  Min=-879.305, Max=5781.15, RMS=3185.55 : pressure_p
Fld=27  Min=0, Max=0.00653493, RMS=4.878e-05 : cloud_liquid_water
Fld=28  Min=0, Max=0.003601, RMS=7.06115e-06 : cloud_liquid_ice
Fld=29  Min=0, Max=0.0150546, RMS=4.94882e-05 : graupel
Fld=30  Min=0, Max=0.0112229, RMS=6.56639e-05 : rain_water
Fld=31  Min=0, Max=0.00786606, RMS=0.000100146 : snow_water
Fld=32  Min=0, Max=1, RMS=0.200328 : cldfrac
Fld=33  Min=0, Max=72.1668, RMS=4.43018 : equivalent_reflectivity_factor
Fld=34  Min=-10.7284, Max=36.2466, RMS=0.230817 : w
Fld=35  Min=0, Max=0, RMS=0 : upward_air_velocity
CostFunction::addIncrement: Increment:
  Valid time: 2026-06-05T00:00:00Z
  Resolution: nCellsGlobal = 2341818, nFields = 12
Fld=1  Min=-0.011751, Max=0.00925226, RMS=0.000106649 : water_vapor_mixing_ratio_wrt_moist_air
Fld=2  Min=-124.688, Max=115.727, RMS=2.1915 : air_pressure_at_surface
Fld=3  Min=-16.3189, Max=10.0053, RMS=0.108345 : air_temperature
Fld=4  Min=-28.3946, Max=30.6129, RMS=0.355313 : northward_wind
Fld=5  Min=-29.8701, Max=36.0944, RMS=0.396278 : eastward_wind
Fld=6  Min=-0.00517781, Max=0.00458494, RMS=1.87459e-05 : cloud_liquid_water
Fld=7  Min=-0.00137461, Max=0.00199415, RMS=4.70876e-06 : cloud_liquid_ice
Fld=8  Min=-0.00554147, Max=0.00714853, RMS=3.086e-05 : rain_water
Fld=9  Min=-0.00642075, Max=0.0075804, RMS=6.34629e-05 : snow_water
Fld=10  Min=-0.00658211, Max=0.0158532, RMS=3.16778e-05 : graupel
Fld=11  Min=-76.1467, Max=89.876, RMS=2.21814 : equivalent_reflectivity_factor
Fld=12  Min=0, Max=0, RMS=0 : upward_air_velocity
CostFunction::addIncrement: Analysis: 
  Valid time: 2026-06-05T00:00:00Z
  Resolution: nCellsGlobal = 2341818, nFields = 35
Fld=1  Min=0, Max=0.0234812, RMS=0.0058925 : water_vapor_mixing_ratio_wrt_moist_air
Fld=2  Min=63705.1, Max=102561, RMS=96462.4 : air_pressure_at_surface
Fld=3  Min=184.856, Max=318.613, RMS=261.843 : air_temperature
Fld=4  Min=-36.2737, Max=59.279, RMS=6.99371 : northward_wind
Fld=5  Min=-33.7802, Max=68.8905, RMS=10.8212 : eastward_wind
Fld=6  Min=268.615, Max=646.704, RMS=356.532 : air_potential_temperature
Fld=7  Min=0.0384448, Max=1.30606, RMS=0.777897 : dry_air_density
Fld=8  Min=-73.4926, Max=73.4928, RMS=9.11635 : u
Fld=9  Min=0, Max=0.0240458, RMS=0.00596098 : water_vapor_mixing_ratio_wrt_dry_air
Fld=10  Min=2450.08, Max=102452, RMS=64347 : air_pressure
Fld=11  Min=0, Max=1, RMS=0.790008 : landmask
Fld=12  Min=0, Max=0.994171, RMS=0.0250003 : seaice_fraction
Fld=13  Min=0, Max=1, RMS=0.0465059 : snowc
Fld=14  Min=270.718, Max=323.185, RMS=296.158 : skin_temperature_at_surface
Fld=15  Min=1, Max=19, RMS=12.7664 : ivgtyp
Fld=16  Min=1, Max=16, RMS=9.97061 : isltyp
Fld=17  Min=0, Max=7.49978, RMS=0.145522 : snowh
Fld=18  Min=0, Max=0.926014, RMS=0.417708 : vegetation_area_fraction
Fld=19  Min=268.979, Max=318.892, RMS=295.122 : air_temperature_at_2m
Fld=20  Min=0.000771472, Max=0.023596, RMS=0.0111919 : water_vapor_mixing_ratio_wrt_moist_air_at_2m
Fld=21  Min=-19.7655, Max=22.3646, RMS=3.9488 : eastward_wind_at_10m
Fld=22  Min=-16.3886, Max=18.6834, RMS=4.18382 : northward_wind_at_10m
Fld=23  Min=0, Max=6.56065, RMS=1.70048 : lai
Fld=24  Min=0.00200001, Max=1, RMS=0.633076 : smois
Fld=25  Min=262.487, Max=323.185, RMS=293.054 : tslb
Fld=26  Min=-890.617, Max=5791.3, RMS=3185.7 : pressure_p
Fld=27  Min=0, Max=0.00654766, RMS=4.87107e-05 : cloud_liquid_water
Fld=28  Min=0, Max=0.003601, RMS=7.60217e-06 : cloud_liquid_ice
Fld=29  Min=0, Max=0.0158583, RMS=4.96482e-05 : graupel
Fld=30  Min=0, Max=0.0107366, RMS=6.1438e-05 : rain_water
Fld=31  Min=0, Max=0.00783635, RMS=0.000108975 : snow_water
Fld=32  Min=0, Max=1, RMS=0.200328 : cldfrac
Fld=33  Min=0, Max=89.876, RMS=4.04749 : equivalent_reflectivity_factor
Fld=34  Min=-10.7284, Max=36.2466, RMS=0.230817 : w
Fld=35  Min=0, Max=0, RMS=0 : upward_air_velocity
OOPS_STATS IncrementalAssimilation end              - Runtime:   388.52 sec,  Local Memory:     7.02 GB
Variational: incremental assimilation done 1 iterations.
QC refl10cm equivalentReflectivityFactor: 137202 H(x) failed.
QC refl10cm equivalentReflectivityFactor: 8 rejected by first-guess check.
QC refl10cm equivalentReflectivityFactor: 3798243 passed out of 3935453 observations.
ObsErrorDiagonal covariance updated 3798243
Observer::finalize QC = 
refl10cm equivalentReflectivityFactor nlocs = 3935453, nobs = 3935453, min = 0, max = 19, avg = 0
Jo Observations:
Jo Obs :refl10cm:equivalentReflectivityFactor   : Nobs=  3798243, Min= 0.000000e+00, Max= 5.825333e+01, RMS= 4.392449e+00
Jo Observations Equivalent:
Jo H(x):refl10cm:equivalentReflectivityFactor   : Nobs=  3798243, Min= 0.000000e+00, Max= 6.232457e+01, RMS= 3.923335e+00
Jo Bias Corrected Departures:
Jo Dep :refl10cm:equivalentReflectivityFactor   : Nobs=  3798243, Min=-5.363628e+01, Max= 5.231420e+01, RMS= 2.183894e+00
Jo Observations Errors:
UFO Diagonal observation error covariance, inverse variances: refl10cm nobs= 3798243 Min=0.04, Max=0.04, RMS=0.04



CostJo   : Nonlinear Jo(refl10cm) = 362306, nobs = 3798243, Jo/n = 0.0953879, err = 5
CostJo   : Nonlinear Jo = 362306
Increment:diff x1 2
Increment:diff x2 1
CostJb: FG-BG
  Valid time: 2026-06-05T00:00:00Z
  Resolution: nCellsGlobal = 2341818, nFields = 12
Fld=1  Min=-0.00944868, Max=0.00925226, RMS=0.000106466 : water_vapor_mixing_ratio_wrt_moist_air
Fld=2  Min=-124.688, Max=115.727, RMS=2.1915 : air_pressure_at_surface
Fld=3  Min=-16.3189, Max=10.0053, RMS=0.108345 : air_temperature
Fld=4  Min=-28.3946, Max=30.6129, RMS=0.355313 : northward_wind
Fld=5  Min=-29.8701, Max=36.0944, RMS=0.396278 : eastward_wind
Fld=6  Min=-0.00247961, Max=0.00458494, RMS=1.43833e-05 : cloud_liquid_water
Fld=7  Min=-0.0010824, Max=0.00199415, RMS=4.22e-06 : cloud_liquid_ice
Fld=8  Min=-0.00483443, Max=0.00714853, RMS=2.20448e-05 : rain_water
Fld=9  Min=-0.00540377, Max=0.0075804, RMS=5.90821e-05 : snow_water
Fld=10  Min=-0.0048243, Max=0.0158532, RMS=2.56e-05 : graupel
Fld=11  Min=-66.4136, Max=89.876, RMS=2.13753 : equivalent_reflectivity_factor
Fld=12  Min=0, Max=0, RMS=0 : upward_air_velocity
CostFunction: Nonlinear J = 362306
OOPS_STATS Variational end                          - Runtime:   408.93 sec,  Local Memory:     7.02 GB
==> destruct MPAS corelist and domain:  0
Tried to erase key "mesh[address=0x4223430],halo[size=0]" from cache "NodeColumnsHaloExchangeCache" but it was not found.
Erased key "mesh[address=0x4223430],halo[size=1]" from cache "NodeColumnsHaloExchangeCache".
==> destruct MPAS corelist and domain:  1
refl10cm: save database to jdiag_mrms_refl.nc (io pool size: 4)
QC refl10cm equivalentReflectivityFactor: 137202 H(x) failed.
QC refl10cm equivalentReflectivityFactor: 8 rejected by first-guess check.
QC refl10cm equivalentReflectivityFactor: 3798243 passed out of 3935453 observations.
Erased key "mesh[address=0x7470f40]" from cache "NodeColumnsGatherScatterCache".
Tried to erase key "mesh[address=0x7470f40],halo[size=0]" from cache "NodeColumnsHaloExchangeCache" but it was not found.
Erased key "mesh[address=0x7470f40],halo[size=1]" from cache "NodeColumnsHaloExchangeCache".

Run: Finishing oops::Variational<MPAS, UFO and IODA observations>
OOPS_STATS  
OOPS_STATS ----------------------------------------------------------------------------------
OOPS_STATS --------------------------- Object counts ----------------------------------------
OOPS_STATS ----------------------------------------------------------------------------------
OOPS_STATS                                      Total  Simult. Remain    Avg (Mb)    HWM (Mb)
OOPS_STATS ioda::ObsDataVector             :        8       5        
OOPS_STATS ioda::ObsVector                 :      100       8        
OOPS_STATS mpas::Geometry                  :        2       2        
OOPS_STATS mpas::Increment                 :     2914     127        
OOPS_STATS mpas::LinVarChaModel2GeoVars    :        1       1        
OOPS_STATS mpas::ModelBias                 :        4       3        
OOPS_STATS mpas::ModelBiasCovariance       :        1       1        
OOPS_STATS mpas::State                     :       75      34        
OOPS_STATS mpas::VarChaModel2GeoVars       :        3       1        
OOPS_STATS oops::ControlIncrement          :      178      94               15.22     1430.72
OOPS_STATS oops::ControlVariable           :        4       3        
OOPS_STATS oops::Diffusion                 :        1       1        
OOPS_STATS oops::EnsembleCovariance        :        1       1             3533.82     3533.82
OOPS_STATS oops::GeoVaLs                   :       84       1        
OOPS_STATS oops::Geometry                  :        2       2        
OOPS_STATS oops::GetValues                 :        3       2        
OOPS_STATS oops::Increment                 :     2832     127               15.02     1932.99
OOPS_STATS oops::LinearObsOperator         :        1       1        
OOPS_STATS oops::LocalInterpolator         :     2400    1600        
OOPS_STATS oops::Localization              :        1       1        
OOPS_STATS oops::ModelAuxControl           :        4       3        
OOPS_STATS oops::ModelAuxCovariance        :        1       1        
OOPS_STATS oops::ModelAuxIncrement         :      178      94        
OOPS_STATS oops::ObsAuxControl             :        4       3        
OOPS_STATS oops::ObsAuxCovariance          :        1       1        
OOPS_STATS oops::ObsAuxIncrement           :      178      94        
OOPS_STATS oops::ObsAuxIncrements          :      178      94        
OOPS_STATS oops::ObsAuxPreconditioner      :        2       2        
OOPS_STATS oops::ObsDataVector             :        4       4        
OOPS_STATS oops::ObsDiagnostics            :        2       1        
OOPS_STATS oops::ObsError                  :        1       1        
OOPS_STATS oops::ObsOperator               :        2       2        
OOPS_STATS oops::ObsSpace                  :        1       1                4.64        4.64
OOPS_STATS oops::ObsSpaces                 :        1       1        
OOPS_STATS oops::ObsVector                 :      100       7                0.04        0.24
OOPS_STATS oops::SampledLocations          :        8       4        
OOPS_STATS oops::State                     :       72      34               21.39      702.08
OOPS_STATS oops::UnstructuredInterpolator  :     2400    1600        
OOPS_STATS oops::VariableChange            :        3       1        
OOPS_STATS ufo::BackgroundCheck            :        1       1        
OOPS_STATS ufo::FinalCheck                 :        2       2        
OOPS_STATS ufo::GeoVaLs                    :       87       2        
OOPS_STATS ufo::ObsBias                    :        4       3        
OOPS_STATS ufo::ObsBiasCovariance          :        1       1        
OOPS_STATS ufo::ObsBiasPreconditioner      :        1       1        
OOPS_STATS ufo::ObsFilter                  :        9       6        
OOPS_STATS ufo::ObsFilterData              :        3       3        
OOPS_STATS ufo::ObsVertInterp              :        2       2        
OOPS_STATS ufo::ObsVertInterpTLAD          :        1       1        
OOPS_STATS ufo::SampledLocations           :        4       3        
OOPS_STATS ----------------------------- Object counts --------------------------------------
OOPS_STATS  
OOPS_STATS --------------------------------------------------------------------------------------------
OOPS_STATS ------------------------------------ Timing Statistics -------------------------------------
OOPS_STATS --------------------------------------------------------------------------------------------
OOPS_STATS Name                                                :   total (ms)   count    time/call (ms)
OOPS_STATS ObsFilter::Background Check::ObsFilter              :         0.10       1            0.0957
OOPS_STATS ObsFilter::Background Check::postFilter             :        23.42       1           23.4170
OOPS_STATS ObsFilter::Background Check::preProcess             :         0.00       1            0.0027
OOPS_STATS ObsFilter::Background Check::priorFilter            :         0.02       1            0.0234
OOPS_STATS ObsFilter::Final Check::ObsFilter                   :         3.72       2            1.8596
OOPS_STATS ObsFilter::Final Check::postFilter                  :         0.04       2            0.0221
OOPS_STATS ObsFilter::Final Check::preProcess                  :         0.43       2            0.2156
OOPS_STATS ObsFilter::Final Check::priorFilter                 :         0.01       2            0.0027
OOPS_STATS ObsFilter::QCmanager::ObsFilter                     :         1.22       2            0.6106
OOPS_STATS ObsFilter::QCmanager::postFilter                    :         0.22       2            0.1117
OOPS_STATS ObsFilter::QCmanager::preProcess                    :         0.00       2            0.0001
OOPS_STATS ObsFilter::QCmanager::priorFilter                   :         0.00       2            0.0001
OOPS_STATS ioda::ObsSpace::get_db(DateTime)                    :         0.69       4            0.1728
OOPS_STATS ioda::ObsSpace::get_db(double)                      :         0.29       5            0.0582
OOPS_STATS ioda::ObsSpace::get_db(float)                       :         1.71      12            0.1428
OOPS_STATS ioda::ObsSpace::load                                :       707.00       1          706.9999
OOPS_STATS ioda::ObsSpace::put_db(double)                      :         0.29       6            0.0484
OOPS_STATS ioda::ObsSpace::put_db(float)                       :         0.08       2            0.0412
OOPS_STATS ioda::ObsSpace::put_db(int)                         :         0.50       2            0.2511
OOPS_STATS mpas::LinVarChaModel2GeoVars::LinVarChaModel2GeoVar :         2.96       1            2.9595
OOPS_STATS mpas::LinVarChaModel2GeoVars::changeVarAD           :      2782.64      41           67.8692
OOPS_STATS mpas::LinVarChaModel2GeoVars::changeVarTL           :       143.75      40            3.5937
OOPS_STATS mpas::LinVarChaModel2GeoVars::~LinVarChaModel2GeoVa :         0.03       1            0.0337
OOPS_STATS mpas::VarChaModel2GeoVars::VarChaModel2GeoVars      :         0.03       3            0.0091
OOPS_STATS mpas::VarChaModel2GeoVars::changeVar                :        12.08       3            4.0260
OOPS_STATS mpas::VarChaModel2GeoVars::~VarChaModel2GeoVars     :         0.01       3            0.0022
OOPS_STATS oops::Covariance::EnsembleCovariance                :     86440.35       1        86440.3462
OOPS_STATS oops::Covariance::ensemble::Constructor             :         0.01       1            0.0058
OOPS_STATS oops::Covariance::ensemble::multiply                :    222985.69      41         5438.6754
OOPS_STATS oops::Diffusion::Diffusion                          :         0.00       1            0.0001
OOPS_STATS oops::Diffusion::calculateDerivedGeom               :         1.87       1            1.8710
OOPS_STATS oops::Diffusion::multiplySqrtAD                     :     56832.25    1230           46.2051
OOPS_STATS oops::Diffusion::multiplySqrtTL                     :     48531.80    1230           39.4567
OOPS_STATS oops::Diffusion::setParameters                      :         5.58       1            5.5772
OOPS_STATS oops::GeoVaLs::GeoVaLs                              :        24.74      84            0.2945
OOPS_STATS oops::GeoVaLs::fill                                 :        31.18   28796            0.0011
OOPS_STATS oops::GeoVaLs::fillAD                               :        23.48   25666            0.0009
OOPS_STATS oops::GeoVaLs::~GeoVaLs                             :         0.49      84            0.0059
OOPS_STATS oops::Geometry::Geometry                            :     46333.44       2        23166.7180
OOPS_STATS oops::Geometry::variableSizes                       :         3.77      11            0.3425
OOPS_STATS oops::Geometry::~Geometry                           :       459.05       2          229.5268
OOPS_STATS oops::GeometryData::containingTriangleAndBarycentri :        45.15   20529            0.0022
OOPS_STATS oops::GeometryData::setGlobalTree                   :      1791.82       2          895.9109
OOPS_STATS oops::GeometryData::setLocalTree                    :         3.17       2            1.5864
OOPS_STATS oops::GeometryData::setMeshAndTriangulation         :         0.28       2            0.1381
OOPS_STATS oops::GetValues::GetValues                          :       306.89       3          102.2967
OOPS_STATS oops::GetValues::fillGeoVaLs                        :        51.20       3           17.0658
OOPS_STATS oops::GetValues::fillGeoVaLsAD                      :       118.82      41            2.8980
OOPS_STATS oops::GetValues::fillGeoVaLsTL                      :       956.90      40           23.9224
OOPS_STATS oops::GetValues::finalize                           :        12.68       3            4.2255
OOPS_STATS oops::GetValues::finalizeAD                         :       780.52      41           19.0370
OOPS_STATS oops::GetValues::finalizeTL                         :       102.88      40            2.5719
OOPS_STATS oops::GetValues::initialize                         :         1.62       3            0.5408
OOPS_STATS oops::GetValues::initializeAD                       :         4.88      41            0.1189
OOPS_STATS oops::GetValues::initializeTL                       :        18.70      40            0.4675
OOPS_STATS oops::GetValues::process                            :        16.04       3            5.3480
OOPS_STATS oops::GetValues::processAD                          :       124.39      41            3.0340
OOPS_STATS oops::GetValues::processTL                          :       136.16      40            3.4040
OOPS_STATS oops::Increment::Increment                          :     25366.37    2832            8.9571
OOPS_STATS oops::Increment::axpy                               :      5469.46     900            6.0772
OOPS_STATS oops::Increment::diff                               :       319.35      33            9.6771
OOPS_STATS oops::Increment::dot_product_with                   :      8187.81     984            8.3209
OOPS_STATS oops::Increment::fromFieldSet                       :     10623.55    1271            8.3584
OOPS_STATS oops::Increment::operator*=                         :       218.36     121            1.8046
OOPS_STATS oops::Increment::operator+=                         :     10243.37    1421            7.2086
OOPS_STATS oops::Increment::operator+=(State, Increment)       :        47.35       1           47.3467
OOPS_STATS oops::Increment::operator-=                         :       118.20      30            3.9400
OOPS_STATS oops::Increment::operator=                          :      5354.13    1568            3.4146
OOPS_STATS oops::Increment::print                              :     26178.84    1237           21.1632
OOPS_STATS oops::Increment::schur_product_with                 :     11358.98    2460            4.6175
OOPS_STATS oops::Increment::serialSize                         :         4.90     178            0.0276
OOPS_STATS oops::Increment::toFieldSet                         :      9992.45    1311            7.6220
OOPS_STATS oops::Increment::zero                               :       126.35     124            1.0189
OOPS_STATS oops::Increment::~Increment                         :       139.54    2832            0.0493
OOPS_STATS oops::LinearObsOper::refl10cm::LinearObsOperator    :         0.53       1            0.5295
OOPS_STATS oops::LinearObsOper::refl10cm::requiredVars         :         0.10      83            0.0012
OOPS_STATS oops::LinearObsOper::refl10cm::setTrajectory        :        16.73       1           16.7305
OOPS_STATS oops::LinearObsOper::refl10cm::simulateObsAD        :         3.71      41            0.0904
OOPS_STATS oops::LinearObsOper::refl10cm::simulateObsTL        :         9.70      40            0.2424
OOPS_STATS oops::LinearObsOper::refl10cm::~LinearObsOperator   :         2.12       1            2.1189
OOPS_STATS oops::LinearVariableChange::LinearVariableChange    :         0.04       1            0.0352
OOPS_STATS oops::LinearVariableChange::changeVarAD             :      3363.07      41           82.0261
OOPS_STATS oops::LinearVariableChange::changeVarTL             :       497.35      40           12.4336
OOPS_STATS oops::LinearVariableChange::changeVarTraj           :         2.98       1            2.9757
OOPS_STATS oops::LinearVariableChange::~LinearVariableChange   :         0.05       1            0.0453
OOPS_STATS oops::LocalInterpolator::LocalInterpolator          :        52.46    2400            0.0219
OOPS_STATS oops::LocalInterpolator::apply                      :        14.79    2400            0.0062
OOPS_STATS oops::LocalInterpolator::applyAD                    :       107.78   32800            0.0033
OOPS_STATS oops::LocalInterpolator::applyTL                    :       120.33   32000            0.0038
OOPS_STATS oops::LocalInterpolator::preprocess                 :      1300.13      43           30.2357
OOPS_STATS oops::LocalInterpolator::preprocessAD               :       179.97      41            4.3894
OOPS_STATS oops::LocalInterpolator::~LocalInterpolator         :         1.29    2400            0.0005
OOPS_STATS oops::Localization::Localization                    :      7670.22       1         7670.2222
OOPS_STATS oops::Localization::multiply                        :    184741.75    1230          150.1965
OOPS_STATS oops::Localization::~Localization                   :         0.36       1            0.3598
OOPS_STATS oops::ModelAuxControl::ModelAuxControl              :         0.01       4            0.0020
OOPS_STATS oops::ModelAuxControl::print                        :         0.00       3            0.0009
OOPS_STATS oops::ModelAuxControl::~ModelAuxControl             :         0.01       4            0.0013
OOPS_STATS oops::ModelAuxCovariance::ModelAuxCovariance        :         0.00       1            0.0030
OOPS_STATS oops::ModelAuxCovariance::linearize                 :         0.00       1            0.0001
OOPS_STATS oops::ModelAuxCovariance::multiply                  :         0.01      41            0.0003
OOPS_STATS oops::ModelAuxCovariance::~ModelAuxCovariance       :         0.00       1            0.0003
OOPS_STATS oops::ModelAuxIncrement::ModelAuxIncrement          :         0.18     178            0.0010
OOPS_STATS oops::ModelAuxIncrement::axpy                       :         0.38     900            0.0004
OOPS_STATS oops::ModelAuxIncrement::diff                       :         0.00       3            0.0002
OOPS_STATS oops::ModelAuxIncrement::dot_product_with           :         0.24     984            0.0002
OOPS_STATS oops::ModelAuxIncrement::operator*=                 :         0.04      79            0.0005
OOPS_STATS oops::ModelAuxIncrement::operator+=                 :         0.07     120            0.0006
OOPS_STATS oops::ModelAuxIncrement::operator+=ModelAuxControl  :         0.00       1            0.0001
OOPS_STATS oops::ModelAuxIncrement::operator=                  :         0.02      44            0.0004
OOPS_STATS oops::ModelAuxIncrement::print                      :         0.00       7            0.0007
OOPS_STATS oops::ModelAuxIncrement::serialSize                 :         0.01     178            0.0001
OOPS_STATS oops::ModelAuxIncrement::zero                       :         0.01      41            0.0003
OOPS_STATS oops::ModelAuxIncrement::~ModelAuxIncrement         :         0.04     178            0.0002
OOPS_STATS oops::ObsAuxControl::ObsAuxControl                  :         0.29       4            0.0735
OOPS_STATS oops::ObsAuxControl::print                          :         0.79       3            0.2631
OOPS_STATS oops::ObsAuxControl::requiredHdiagnostics           :         0.00       2            0.0001
OOPS_STATS oops::ObsAuxControl::requiredVars                   :         0.00       6            0.0002
OOPS_STATS oops::ObsAuxControl::write                          :         0.43       1            0.4332
OOPS_STATS oops::ObsAuxControl::~ObsAuxControl                 :         1.43       4            0.3564
OOPS_STATS oops::ObsAuxCovariance::ObsAuxCovariance            :         0.10       1            0.0973
OOPS_STATS oops::ObsAuxCovariance::inverseMultiply             :         0.04      41            0.0010
OOPS_STATS oops::ObsAuxCovariance::linearize                   :         3.98       1            3.9841
OOPS_STATS oops::ObsAuxCovariance::multiply                    :         0.24      41            0.0060
OOPS_STATS oops::ObsAuxCovariance::preconditioner              :         2.08       1            2.0823
OOPS_STATS oops::ObsAuxCovariance::write                       :         0.02       1            0.0245
OOPS_STATS oops::ObsAuxCovariance::~ObsAuxCovariance           :         0.00       1            0.0039
OOPS_STATS oops::ObsAuxIncrement::ObsAuxIncrement              :         5.99     178            0.0337
OOPS_STATS oops::ObsAuxIncrement::axpy                         :         1.03     900            0.0011
OOPS_STATS oops::ObsAuxIncrement::diff                         :         0.02       3            0.0053
OOPS_STATS oops::ObsAuxIncrement::dot_product_with             :         0.90     984            0.0009
OOPS_STATS oops::ObsAuxIncrement::operator*=                   :         0.12      79            0.0016
OOPS_STATS oops::ObsAuxIncrement::operator+=                   :         0.18     120            0.0015
OOPS_STATS oops::ObsAuxIncrement::operator=                    :         0.04      44            0.0009
OOPS_STATS oops::ObsAuxIncrement::print                        :         0.01       7            0.0008
OOPS_STATS oops::ObsAuxIncrement::serialSize                   :         0.01     356            0.0000
OOPS_STATS oops::ObsAuxIncrement::zero                         :         0.06      41            0.0014
OOPS_STATS oops::ObsAuxIncrement::~ObsAuxIncrement             :         3.99     178            0.0224
OOPS_STATS oops::ObsAuxPreconditioner::multiply                :         0.06      41            0.0014
OOPS_STATS oops::ObsAuxPreconditioner::~ObsAuxPreconditioner   :         0.04       2            0.0211
OOPS_STATS oops::ObsDataVector::ObsDataVector                  :         0.10       4            0.0250
OOPS_STATS oops::ObsDataVector::mask                           :         0.01       2            0.0039
OOPS_STATS oops::ObsDataVector::operator=                      :         0.01       2            0.0075
OOPS_STATS oops::ObsDataVector::print                          :         2.78       2            1.3905
OOPS_STATS oops::ObsDataVector::save                           :         0.60       4            0.1509
OOPS_STATS oops::ObsDataVector::~ObsDataVector                 :         0.06       4            0.0148
OOPS_STATS oops::ObsDiagnostics::ObsDiagnostics                :         0.07       2            0.0360
OOPS_STATS oops::ObsDiagnostics::~ObsDiagnostics               :         0.02       2            0.0080
OOPS_STATS oops::ObsError::getRMSE                             :         0.65       4            0.1635
OOPS_STATS oops::ObsError::inverseMultiply                     :         0.86      42            0.0204
OOPS_STATS oops::ObsError::obserrors                           :         0.04       6            0.0069
OOPS_STATS oops::ObsError::update                              :        11.59       2            5.7961
OOPS_STATS oops::ObsError::~ObsError                           :         0.03       1            0.0295
OOPS_STATS oops::ObsOperator::refl10cm::ObsOperator            :         3.77       2            1.8860
OOPS_STATS oops::ObsOperator::refl10cm::computeReducedVars     :         1.49       3            0.4954
OOPS_STATS oops::ObsOperator::refl10cm::locations              :         1.43       3            0.4758
OOPS_STATS oops::ObsOperator::refl10cm::requiredVars           :         0.00       3            0.0008
OOPS_STATS oops::ObsOperator::refl10cm::simulateObs            :         2.85       2            1.4232
OOPS_STATS oops::ObsOperator::refl10cm::~ObsOperator           :         1.19       2            0.5947
OOPS_STATS oops::ObsSpace::ObsSpace                            :       710.01       1          710.0099
OOPS_STATS oops::ObsSpace::obsvariables                        :         0.00       3            0.0000
OOPS_STATS oops::ObsSpace::save                                :      2398.43       1         2398.4306
OOPS_STATS oops::ObsSpace::~ObsSpace                           :         0.66       1            0.6619
OOPS_STATS oops::ObsVector::ObsVector                          :         1.21      98            0.0124
OOPS_STATS oops::ObsVector::dot_product                        :         0.45       4            0.1136
OOPS_STATS oops::ObsVector::info                               :         1.95       6            0.3248
OOPS_STATS oops::ObsVector::operator*=                         :         0.01       2            0.0048
OOPS_STATS oops::ObsVector::operator-=                         :         0.02       2            0.0108
OOPS_STATS oops::ObsVector::operator=                          :         0.41       4            0.1030
OOPS_STATS oops::ObsVector::rms                                :         0.32       4            0.0795
OOPS_STATS oops::ObsVector::save                               :         0.32       6            0.0527
OOPS_STATS oops::ObsVector::zero                               :         0.04      42            0.0009
OOPS_STATS oops::ObsVector::~ObsVector                         :         0.21      98            0.0021
OOPS_STATS oops::Parameters::deserialize                       :        10.17      97            0.1048
OOPS_STATS oops::Parameters::serialize                         :         1.87      80            0.0234
OOPS_STATS oops::Run::execute                                  :    410935.69       1       410935.6861
OOPS_STATS oops::SampledLocations::SampledLocations            :         0.00       4            0.0002
OOPS_STATS oops::SampledLocations::latitudes                   :         0.00       3            0.0001
OOPS_STATS oops::SampledLocations::longitudes                  :         0.00       3            0.0000
OOPS_STATS oops::SampledLocations::times                       :         0.00       3            0.0000
OOPS_STATS oops::SampledLocations::~SampledLocations           :         1.58       8            0.1972
OOPS_STATS oops::State::State                                  :     80381.92      72         1116.4155
OOPS_STATS oops::State::print                                  :        57.42       3           19.1403
OOPS_STATS oops::State::toFieldSet                             :        24.83       5            4.9664
OOPS_STATS oops::State::variables                              :         0.00      58            0.0001
OOPS_STATS oops::State::write                                  :     20178.19       1        20178.1904
OOPS_STATS oops::State::zero                                   :        54.94      30            1.8313
OOPS_STATS oops::State::~State                                 :        18.17      72            0.2523
OOPS_STATS oops::UnstructuredInterpolator::UnstructuredInterpo :        51.13    2400            0.0213
OOPS_STATS oops::UnstructuredInterpolator::apply               :       125.94   34400            0.0037
OOPS_STATS oops::UnstructuredInterpolator::applyAD             :        77.60   32800            0.0024
OOPS_STATS oops::VariableChange::VariableChange                :         0.17       3            0.0581
OOPS_STATS oops::VariableChange::changeVar                     :        16.21       3            5.4017
OOPS_STATS oops::VariableChange::~VariableChange               :         0.02       3            0.0076
OOPS_STATS oops::util::FieldSetHelpers::readFieldSet           :      7613.32       2         3806.6589
OOPS_STATS saber::Localization::Localization                   :      7670.20       1         7670.2027
OOPS_STATS saber::Localization::multiply                       :    175121.26    1230          142.3750
OOPS_STATS saber::Localization::~Localization                  :         0.00       1            0.0001
OOPS_STATS ufo::ObsFilter::ObsFilter                           :         5.04       5            1.0084
OOPS_STATS ufo::ObsFilter::checkFilterData                     :         0.01      15            0.0004
OOPS_STATS ufo::ObsFilter::postFilter                          :        23.69       5            4.7380
OOPS_STATS ufo::ObsFilter::preProcess                          :         0.44       5            0.0874
OOPS_STATS ufo::ObsFilter::priorFilter                         :         0.04       5            0.0071
OOPS_STATS ufo::ObsFilter::~ObsFilter                          :        29.03       9            3.2250
OOPS_STATS util::Timers::measured                              :    410601.99       1       410601.9947
OOPS_STATS ------------------------------------ Timing Statistics -------------------------------------

OOPS_STATS ------------------------------------------------------------------------------------------------------------------
OOPS_STATS ---------------------------------- Parallel Timing Statistics ( 800 MPI tasks) -----------------------------------
OOPS_STATS ------------------------------------------------------------------------------------------------------------------
OOPS_STATS Name                                                :     min (ms)    max (ms)    avg (ms)     % total   imbal (%)
OOPS_STATS oops::Covariance::EnsembleCovariance                :     86440.01    86441.26    86440.51       21.03        0.00
OOPS_STATS oops::Covariance::ensemble::multiply                :    222549.66   223250.77   222911.82       54.24        0.31
OOPS_STATS oops::Diffusion::multiplySqrtAD                     :     55594.86    60056.69    56832.98       13.83        7.85
OOPS_STATS oops::Diffusion::multiplySqrtTL                     :     44199.59    56260.27    47944.87       11.67       25.16
OOPS_STATS oops::Geometry::Geometry                            :     45196.65    46476.97    46415.20       11.29        2.76
OOPS_STATS oops::Geometry::~Geometry                           :       437.28      627.29      538.31        0.13       35.30
OOPS_STATS oops::GeometryData::setGlobalTree                   :      1791.82     1940.79     1883.09        0.46        7.91
OOPS_STATS oops::GetValues::fillGeoVaLsTL                      :       406.08     1213.09      930.49        0.23       86.73
OOPS_STATS oops::GetValues::finalizeAD                         :       648.51     2359.18      765.50        0.19      223.47
OOPS_STATS oops::Increment::Increment                          :     18932.89    27267.28    24785.11        6.03       33.63
OOPS_STATS oops::Increment::axpy                               :      4807.52     6058.51     5456.91        1.33       22.92
OOPS_STATS oops::Increment::dot_product_with                   :      7644.52     9348.59     8312.18        2.02       20.50
OOPS_STATS oops::Increment::fromFieldSet                       :      9182.70    15150.33    10357.38        2.52       57.62
OOPS_STATS oops::Increment::operator+=                         :      8137.84    11560.03     9982.10        2.43       34.28
OOPS_STATS oops::Increment::operator=                          :      3777.12     6315.92     5429.75        1.32       46.76
OOPS_STATS oops::Increment::print                              :     19536.21    34292.61    26776.23        6.52       55.11
OOPS_STATS oops::Increment::schur_product_with                 :      7902.15    13128.93    11367.42        2.77       45.98
OOPS_STATS oops::Increment::toFieldSet                         :      8765.23    15942.88    10735.32        2.61       66.86
OOPS_STATS oops::LinearVariableChange::changeVarAD             :      1710.74     4177.32     3492.02        0.85       70.63
OOPS_STATS oops::LinearVariableChange::changeVarTL             :       418.44      782.05      551.08        0.13       65.98
OOPS_STATS oops::LocalInterpolator::preprocess                 :        68.76     1360.93     1302.00        0.32       99.24
OOPS_STATS oops::Localization::Localization                    :      7587.71     7860.47     7703.43        1.87        3.54
OOPS_STATS oops::Localization::multiply                        :    183345.81   193914.51   185997.68       45.26        5.68
OOPS_STATS oops::ObsSpace::ObsSpace                            :       649.13      710.46      679.31        0.17        9.03
OOPS_STATS oops::ObsSpace::save                                :      2229.38     2403.04     2311.00        0.56        7.51
OOPS_STATS oops::State::State                                  :     80248.29    80657.79    80366.49       19.55        0.51
OOPS_STATS oops::State::write                                  :     18947.76    20204.46    20178.80        4.91        6.23
OOPS_STATS oops::util::FieldSetHelpers::readFieldSet           :      7396.97     7625.36     7495.77        1.82        3.05
OOPS_STATS saber::Localization::Localization                   :      7587.69     7860.44     7703.41        1.87        3.54
OOPS_STATS saber::Localization::multiply                       :    172823.19   182909.96   175701.15       42.75        5.74
OOPS_STATS util::Timers::measured                              :    410601.99   410812.29   410707.90       99.93        0.05
OOPS_STATS oops::Run::execute                                  :    410915.18   411079.94   410978.96      100.00        0.04
OOPS_STATS ---------------------------------- Parallel Timing Statistics ( 800 MPI tasks) -----------------------------------

OOPS_STATS Run end                                  - Runtime:    412.15 sec,  Memory: total:  4071.65 GB, per task: min =     4.78 GB, max =     7.02 GB
Run: Finishing oops::Variational<MPAS, UFO and IODA observations> with status = 0
OOPS Ending   2026-06-05 04:55:58 (UTC+0000)
