Configuration input file is: jedivar.pass2.yaml
Full configuration is:YAMLConfiguration[path=jedivar.pass2.yaml, root={_member => {date => 2026-05-22T09:00:00Z , state variables => (water_vapor_mixing_ratio_wrt_moist_air,air_pressure_at_surface,air_temperature,northward_wind,eastward_wind,cloud_liquid_water,cloud_liquid_ice,rain_water,snow_water,graupel,equivalent_reflectivity_factor,upward_air_velocity) , stream name => ensemble} , output => {filename => mpasout.nc , stream name => analysis} , variational => {minimizer => {algorithm => DRPCG} , iterations => ({geometry => {nml_file => ./namelist.atmosphere , streams_file => ./streams.atmosphere , deallocate non-da fields => true , interpolation type => unstructured} , gradient norm reduction => 0.001 , ninner => 75})} , cost function => {cost type => 3D-Var , time window => {begin => 2026-05-22T07:00:00Z , length => PT4H} , jb evaluation => false , geometry => {nml_file => ./namelist.atmosphere , streams_file => ./streams.atmosphere , deallocate non-da fields => true , interpolation type => unstructured} , analysis variables => (water_vapor_mixing_ratio_wrt_moist_air,air_pressure_at_surface,air_temperature,northward_wind,eastward_wind,cloud_liquid_water,cloud_liquid_ice,rain_water,snow_water,graupel,equivalent_reflectivity_factor,upward_air_velocity) , background => {state variables => (water_vapor_mixing_ratio_wrt_moist_air,air_pressure_at_surface,air_temperature,northward_wind,eastward_wind,air_potential_temperature,dry_air_density,u,water_vapor_mixing_ratio_wrt_dry_air,air_pressure,landmask,seaice_fraction,snowc,skin_temperature_at_surface,ivgtyp,isltyp,snowh,vegetation_area_fraction,air_temperature_at_2m,water_vapor_mixing_ratio_wrt_moist_air_at_2m,eastward_wind_at_10m,northward_wind_at_10m,lai,smois,tslb,pressure_p,cloud_liquid_water,cloud_liquid_ice,graupel,rain_water,snow_water,cldfrac,equivalent_reflectivity_factor,w,upward_air_velocity) , filename => mpasout.nc , date => 2026-05-22T09:00:00Z} , background error => {covariance model => ensemble , localization => {localization method => SABER , saber central block => {saber block name => diffusion , active variables => (water_vapor_mixing_ratio_wrt_moist_air,air_pressure_at_surface,air_temperature,northward_wind,eastward_wind,cloud_liquid_water,cloud_liquid_ice,rain_water,snow_water,graupel,equivalent_reflectivity_factor,upward_air_velocity) , read => {groups => ({variables => (water_vapor_mixing_ratio_wrt_moist_air,air_pressure_at_surface,air_temperature,northward_wind,eastward_wind,cloud_liquid_water,cloud_liquid_ice,rain_water,snow_water,graupel,equivalent_reflectivity_factor,upward_air_velocity) , multivariate strategy => duplicated , horizontal => {filepath => data/diffusionloc/mpas_conus3km.diffusion_hz} , vertical => {levels => 59 , filepath => data/diffusionloc/mpas_conus3km.diffusion_vt}})}}} , members from template => {template => {date => 2026-05-22T09:00:00Z , state variables => (water_vapor_mixing_ratio_wrt_moist_air,air_pressure_at_surface,air_temperature,northward_wind,eastward_wind,cloud_liquid_water,cloud_liquid_ice,rain_water,snow_water,graupel,equivalent_reflectivity_factor,upward_air_velocity) , stream name => ensemble , filename => ./data/ens/mem%iMember%.nc} , pattern => %iMember% , start => 1 , zero padding => 3 , nmembers => 30}} , observations => {observers => ({obs space => {name => refl10cm , distribution => {name => RoundRobin , halo size => 500000} , obsdatain => {engine => {type => H5File , obsfile => data/obs/ioda_mrms_refl.nc , missing file action => warn}} , obsdataout => {engine => {type => H5File , allow overwrite => true , obsfile => jdiag_mrms_refl.nc}} , io pool => {write multiple files => false} , _source => mrms , simulated variables => (equivalentReflectivityFactor)} , obs operator => {name => VertInterp , vertical coordinate => height_above_mean_sea_level , observation vertical coordinate => height , interpolation method => linear , observation alias file => obsop_name_map.yaml} , obs localizations => ({localization method => Horizontal Gaspari-Cohn , lengthscale => 200000}) , _obsname => refl10cm , obs filters => ({filter => Background Check , filter variables => ({name => equivalentReflectivityFactor}) , threshold => 12 , action => {name => reject}})})}}}]
OOPS_STATS ObjectCountHelper started.
OOPS_STATS Run start                                - Runtime:      1.19 sec,  Memory: total:   104.32 GB, per task: min =   128.97 MB, max =   130.55 MB
Run: Starting oops::Variational<MPAS, UFO and IODA observations>
OOPS_STATS Variational start                        - Runtime:     1.19 sec,  Local Memory:   130.55 MB
==> create geom
atlas::mpi::push(world)
Increase halo 1
atlas::mpi::pop(world)
atlas::mpi::push(world)
atlas::mpi::pop(world)
atlas::mpi::push(world)
atlas::mpi::pop(world)
atlas::mpi::push(world)
atlas::mpi::pop(world)
refl10cm: read database from data/obs/ioda_mrms_refl.nc (io pool size: 800)
refl10cm processed vars: 1 Variables: equivalentReflectivityFactor
refl10cm assimilated vars: 1 Variables: equivalentReflectivityFactor
refl10cm: 0 observations are outside of time window out of 3900850
refl10cm: 0 observations were rejected by QC checks out of 3900850
No bias-correction is performed for this ObsSpace.
3DVar window: TimeWindow: start = 2026-05-22T07:00:00Z, end = 2026-05-22T11:00:00Z, inclusive upper bound.

OOPS_STATS IncrementalAssimilation start            - Runtime:    36.49 sec,  Local Memory:     2.50 GB
Running incremental assimilation with 1 outer iterations.
Minimizer algorithm=DRPCG
QNewtonLMP: maxouter : 1
IncrementalAssimilation: Configuration for outer iteration 0:
LocalConfiguration[root={geometry => {nml_file => ./namelist.atmosphere , streams_file => ./streams.atmosphere , deallocate non-da fields => true , interpolation type => unstructured} , gradient norm reduction => 0.001 , ninner => 75 , iteration => 0 , total iterations => 1}]
OOPS_STATS IncrementalAssimilation iteration 0      - Runtime:    36.49 sec,  Local Memory:     2.50 GB
==> create geom
atlas::mpi::push(world)
Increase halo 1
atlas::mpi::pop(world)
atlas::mpi::push(world)
atlas::mpi::pop(world)
atlas::mpi::push(world)
atlas::mpi::pop(world)
atlas::mpi::push(world)
atlas::mpi::pop(world)
Key "mesh[address=0x510eac0],halo[size=1]" not found in cache "NodeColumnsHaloExchangeCache" , creating new, removable with key "mesh[address=0x510eac0],halo[size=1]"
Key "mesh[address=0x8495ae0],halo[size=1]" not found in cache "NodeColumnsHaloExchangeCache" , creating new, removable with key "mesh[address=0x8495ae0],halo[size=1]"
processWhere: selected 0 obs.
BackgroundCheck obserr: 
refl10cm equivalentReflectivityFactor nlocs = 3900850, nobs = 3900850, min = 5, max = 5, avg = 5
processing a float: 12
ObsErrorDiagonal covariance updated 3768513
Observer::finalize QC = 
refl10cm equivalentReflectivityFactor nlocs = 3900850, nobs = 3900850, min = 0, max = 19, avg = 0
CostJo Observations: 
refl10cm nobs= 3900850 Min=0, Max=58.661, RMS=4.34999

Jo Observations:
Jo Obs :refl10cm:equivalentReflectivityFactor   : Nobs=  3768513, Min= 0.000000e+00, Max= 5.866101e+01, RMS= 4.394922e+00
Jo Observations Equivalent:
Jo H(x):refl10cm:equivalentReflectivityFactor   : Nobs=  3768513, Min= 0.000000e+00, Max= 5.704077e+01, RMS= 4.331684e+00
Jo Bias Corrected Departures:
Jo Dep :refl10cm:equivalentReflectivityFactor   : Nobs=  3768513, Min=-5.011642e+01, Max= 5.704077e+01, RMS= 3.831351e+00
Jo Observations Errors:
UFO Diagonal observation error covariance, inverse variances: refl10cm nobs= 3768513 Min=0.04, Max=0.04, RMS=0.04



CostJo   : Nonlinear Jo(refl10cm) = 1.10638e+06, nobs = 3768513, Jo/n = 0.293585, err = 5
CostJo   : Nonlinear Jo = 1.10638e+06
Increment:diff x1 4
Increment:diff x2 35
Increment:diff x1 5
Increment:diff x2 36
Increment:diff x1 6
Increment:diff x2 37
Increment:diff x1 7
Increment:diff x2 38
Increment:diff x1 8
Increment:diff x2 39
Increment:diff x1 9
Increment:diff x2 40
Increment:diff x1 10
Increment:diff x2 41
Increment:diff x1 11
Increment:diff x2 42
Increment:diff x1 12
Increment:diff x2 43
Increment:diff x1 13
Increment:diff x2 44
Increment:diff x1 14
Increment:diff x2 45
Increment:diff x1 15
Increment:diff x2 46
Increment:diff x1 16
Increment:diff x2 47
Increment:diff x1 17
Increment:diff x2 48
Increment:diff x1 18
Increment:diff x2 49
Increment:diff x1 19
Increment:diff x2 50
Increment:diff x1 20
Increment:diff x2 51
Increment:diff x1 21
Increment:diff x2 52
Increment:diff x1 22
Increment:diff x2 53
Increment:diff x1 23
Increment:diff x2 54
Increment:diff x1 24
Increment:diff x2 55
Increment:diff x1 25
Increment:diff x2 56
Increment:diff x1 26
Increment:diff x2 57
Increment:diff x1 27
Increment:diff x2 58
Increment:diff x1 28
Increment:diff x2 59
Increment:diff x1 29
Increment:diff x2 60
Increment:diff x1 30
Increment:diff x2 61
Increment:diff x1 31
Increment:diff x2 62
Increment:diff x1 32
Increment:diff x2 63
Increment:diff x1 33
Increment:diff x2 64
Info     : Prepare ensemble configuration
Info     : Read full ensemble
Info     : Creating central block: 
Info     : SaberCentralBlock using multivariate strategy: deprecated
Info     : Creating single central block.
Info     : Read data

==================================================================================
 saber::Diffusion read
----------------------------------------------------------------------------------

group 1 of 1
atlas::mpi::push(world)
atlas::mpi::pop(world)
variables: [water_vapor_mixing_ratio_wrt_moist_air,air_pressure_at_surface,air_temperature,northward_wind,eastward_wind,cloud_liquid_water,cloud_liquid_ice,rain_water,snow_water,graupel,equivalent_reflectivity_factor,upward_air_velocity]
multivariate strategy: duplicated
Reading horizontal parameters
  levels: 1
Key "mesh[address=0x8495ae0]" not found in cache "NodeColumnsGatherScatterCache" , creating new, removable with key "mesh[address=0x8495ae0]"
  Info     : Reading file: data/diffusionloc/mpas_conus3km.diffusion_hz.nc
atlas::mpi::push(world)
atlas::mpi::pop(world)
  hzScales:  min: 4087.19  mean: 4087.19  max: 4087.19
  hzNorm:    min: 2.4414  mean: 3.71484  max: 4.05626
Reading vertical parameters
  levels: 59
  vertical strategy: normal
  Info     : Reading file: data/diffusionloc/mpas_conus3km.diffusion_vt.nc
atlas::mpi::push(world)
atlas::mpi::pop(world)
  vtScales:  min: 11  mean: 11  max: 11
  vtNorm:    min: 3.7178  mean: 4.83632  max: 5.25235
Diffusion: horizontal iterations: 6
Diffusion: vertical iterations: 242
Increment:diff x1 2
Increment:diff x2 1
==================================================================================

CostJb: FG-BG
  Valid time: 2026-05-22T09:00:00Z
  Resolution: nCellsGlobal = 2341818, nFields = 12
Fld=1  Min=0, Max=0, RMS=0 : water_vapor_mixing_ratio_wrt_moist_air
Fld=2  Min=0, Max=0, RMS=0 : air_pressure_at_surface
Fld=3  Min=0, Max=0, RMS=0 : air_temperature
Fld=4  Min=0, Max=0, RMS=0 : northward_wind
Fld=5  Min=0, Max=0, RMS=0 : eastward_wind
Fld=6  Min=0, Max=0, RMS=0 : cloud_liquid_water
Fld=7  Min=0, Max=0, RMS=0 : cloud_liquid_ice
Fld=8  Min=0, Max=0, RMS=0 : rain_water
Fld=9  Min=0, Max=0, RMS=0 : snow_water
Fld=10  Min=0, Max=0, RMS=0 : graupel
Fld=11  Min=0, Max=0, RMS=0 : equivalent_reflectivity_factor
Fld=12  Min=0, Max=0, RMS=0 : upward_air_velocity
Increment:diff x1 2
Increment:diff x2 1
CostJb: FG-BG
  Valid time: 2026-05-22T09:00:00Z
  Resolution: nCellsGlobal = 2341818, nFields = 12
Fld=1  Min=0, Max=0, RMS=0 : water_vapor_mixing_ratio_wrt_moist_air
Fld=2  Min=0, Max=0, RMS=0 : air_pressure_at_surface
Fld=3  Min=0, Max=0, RMS=0 : air_temperature
Fld=4  Min=0, Max=0, RMS=0 : northward_wind
Fld=5  Min=0, Max=0, RMS=0 : eastward_wind
Fld=6  Min=0, Max=0, RMS=0 : cloud_liquid_water
Fld=7  Min=0, Max=0, RMS=0 : cloud_liquid_ice
Fld=8  Min=0, Max=0, RMS=0 : rain_water
Fld=9  Min=0, Max=0, RMS=0 : snow_water
Fld=10  Min=0, Max=0, RMS=0 : graupel
Fld=11  Min=0, Max=0, RMS=0 : equivalent_reflectivity_factor
Fld=12  Min=0, Max=0, RMS=0 : upward_air_velocity
CostFunction: Nonlinear J = 1.10638e+06
OOPS_STATS IncrementalAssimilation linearize 0      - Runtime:   122.24 sec,  Local Memory:     7.26 GB

DRPCGMinimizer: max iter = 75, requested norm reduction = 0.001
CostFunction::computeGradientFG: gradient:
  Valid time: 2026-05-22T09:00:00Z
  Resolution: nCellsGlobal = 2341818, nFields = 12
Fld=1  Min=0, Max=0, RMS=0 : water_vapor_mixing_ratio_wrt_moist_air
Fld=2  Min=0, Max=0, RMS=0 : air_pressure_at_surface
Fld=3  Min=0, Max=0, RMS=0 : air_temperature
Fld=4  Min=0, Max=0, RMS=0 : northward_wind
Fld=5  Min=0, Max=0, RMS=0 : eastward_wind
Fld=6  Min=0, Max=0, RMS=0 : cloud_liquid_water
Fld=7  Min=0, Max=0, RMS=0 : cloud_liquid_ice
Fld=8  Min=0, Max=0, RMS=0 : rain_water
Fld=9  Min=0, Max=0, RMS=0 : snow_water
Fld=10  Min=0, Max=0, RMS=0 : graupel
Fld=11  Min=-1.43514, Max=1.81307, RMS=0.0147396 : equivalent_reflectivity_factor
Fld=12  Min=0, Max=0, RMS=0 : upward_air_velocity
DRPCGMinimizer rhs
  Valid time: 2026-05-22T09:00:00Z
  Resolution: nCellsGlobal = 2341818, nFields = 12
Fld=1  Min=-0, Max=-0, RMS=0 : water_vapor_mixing_ratio_wrt_moist_air
Fld=2  Min=-0, Max=-0, RMS=0 : air_pressure_at_surface
Fld=3  Min=-0, Max=-0, RMS=0 : air_temperature
Fld=4  Min=-0, Max=-0, RMS=0 : northward_wind
Fld=5  Min=-0, Max=-0, RMS=0 : eastward_wind
Fld=6  Min=-0, Max=-0, RMS=0 : cloud_liquid_water
Fld=7  Min=-0, Max=-0, RMS=0 : cloud_liquid_ice
Fld=8  Min=-0, Max=-0, RMS=0 : rain_water
Fld=9  Min=-0, Max=-0, RMS=0 : snow_water
Fld=10  Min=-0, Max=-0, RMS=0 : graupel
Fld=11  Min=-1.81307, Max=1.43514, RMS=0.0147396 : equivalent_reflectivity_factor
Fld=12  Min=-0, Max=-0, RMS=0 : upward_air_velocity
Initial RHS squared norm = 30017.7
OOPS_STATS DRPCG start                              - Runtime:   122.52 sec,  Local Memory:     7.26 GB
normr0 30017.7
  Residual norm ( 0) = 6844.347089600142
  Norm reduction ( 0) = 1

  Quadratic cost function: J   ( 0) = 1106378.838387239
  Quadratic cost function: Jb  ( 0) = 0
  Quadratic cost function: JoJc( 0) = 1106378.838387239


 DRPCG Starting Iteration 1
OOPS_STATS DRPCG iteration 1                        - Runtime:   128.07 sec,  Local Memory:     7.26 GB
rdots 1.67302e+07      iteration    0
DRPCG end of iteration 1
  Residual norm ( 1) = 4090.261046169469
  Norm reduction ( 1) = 0.5976115753078252

  Quadratic cost function: J   ( 1) = 615150.2555103126
  Quadratic cost function: Jb  ( 1) = 10302.27653150275
  Quadratic cost function: JoJc( 1) = 604847.9789788099

 DRPCG Starting Iteration 2
OOPS_STATS DRPCG iteration 2                        - Runtime:   133.78 sec,  Local Memory:     7.26 GB
rdots 1.07895e+07      iteration    1
DRPCG end of iteration 2
  Residual norm ( 2) = 3284.741793722414
  Norm reduction ( 2) = 0.4799204001085096

  Quadratic cost function: J   ( 2) = 493183.0364367316
  Quadratic cost function: Jb  ( 2) = 17831.63636081434
  Quadratic cost function: JoJc( 2) = 475351.4000759172

 DRPCG Starting Iteration 3
OOPS_STATS DRPCG iteration 3                        - Runtime:   139.59 sec,  Local Memory:     7.26 GB
rdots 4.47671e+06      iteration    2
DRPCG end of iteration 3
  Residual norm ( 3) = 2115.824169873938
  Norm reduction ( 3) = 0.309134551795144

  Quadratic cost function: J   ( 3) = 420490.6235844707
  Quadratic cost function: Jb  ( 3) = 25594.34679839482
  Quadratic cost function: JoJc( 3) = 394896.2767860759

 DRPCG Starting Iteration 4
OOPS_STATS DRPCG iteration 4                        - Runtime:   145.50 sec,  Local Memory:     7.26 GB
rdots 2.64591e+06      iteration    3
DRPCG end of iteration 4
  Residual norm ( 4) = 1626.625535697532
  Norm reduction ( 4) = 0.2376597087206695

  Quadratic cost function: J   ( 4) = 370707.3041842037
  Quadratic cost function: Jb  ( 4) = 34137.28338933561
  Quadratic cost function: JoJc( 4) = 336570.0207948681

 DRPCG Starting Iteration 5
OOPS_STATS DRPCG iteration 5                        - Runtime:   151.36 sec,  Local Memory:     7.26 GB
rdots 1.84935e+06      iteration    4
DRPCG end of iteration 5
  Residual norm ( 5) = 1359.909444537771
  Norm reduction ( 5) = 0.1986908943592484

  Quadratic cost function: J   ( 5) = 342368.3893257832
  Quadratic cost function: Jb  ( 5) = 41365.98603115299
  Quadratic cost function: JoJc( 5) = 301002.4032946302

 DRPCG Starting Iteration 6
rdots 1.19248e+06      iteration    5
DRPCG end of iteration 6
  Residual norm ( 6) = 1092.007109163337
  Norm reduction ( 6) = 0.1595487626310801

  Quadratic cost function: J   ( 6) = 324346.9487108234
  Quadratic cost function: Jb  ( 6) = 47609.32823233421
  Quadratic cost function: JoJc( 6) = 276737.6204784892

 DRPCG Starting Iteration 7
rdots 785801      iteration    6
DRPCG end of iteration 7
  Residual norm ( 7) = 886.4538917852657
  Norm reduction ( 7) = 0.1295162095347584

  Quadratic cost function: J   ( 7) = 311168.003471171
  Quadratic cost function: Jb  ( 7) = 53548.4623908396
  Quadratic cost function: JoJc( 7) = 257619.5410803314

 DRPCG Starting Iteration 8
rdots 560666      iteration    7
DRPCG end of iteration 8
  Residual norm ( 8) = 748.7762391195007
  Norm reduction ( 8) = 0.1094006819521547

  Quadratic cost function: J   ( 8) = 301828.0565231055
  Quadratic cost function: Jb  ( 8) = 58885.8331125915
  Quadratic cost function: JoJc( 8) = 242942.223410514

 DRPCG Starting Iteration 9
rdots 410203      iteration    8
DRPCG end of iteration 9
  Residual norm ( 9) = 640.4707477638387
  Norm reduction ( 9) = 0.09357660261517452

  Quadratic cost function: J   ( 9) = 295505.5081339425
  Quadratic cost function: Jb  ( 9) = 63320.22528925192
  Quadratic cost function: JoJc( 9) = 232185.2828446906

 DRPCG Starting Iteration 10
OOPS_STATS DRPCG iteration 10                       - Runtime:   181.75 sec,  Local Memory:     7.26 GB
rdots 319766      iteration    9
DRPCG end of iteration 10
  Residual norm (10) = 565.4784769201556
  Norm reduction (10) = 0.08261978381829724

  Quadratic cost function: J   (10) = 291276.0870231717
  Quadratic cost function: Jb  (10) = 66838.88064460584
  Quadratic cost function: JoJc(10) = 224437.2063785659

 DRPCG Starting Iteration 11
rdots 207313      iteration    10
DRPCG end of iteration 11
  Residual norm (11) = 455.3159042077125
  Norm reduction (11) = 0.06652437380032297

  Quadratic cost function: J   (11) = 288042.1769257439
  Quadratic cost function: Jb  (11) = 69963.93629751061
  Quadratic cost function: JoJc(11) = 218078.2406282333

 DRPCG Starting Iteration 12
rdots 141910      iteration    11
DRPCG end of iteration 12
  Residual norm (12) = 376.7099456097038
  Norm reduction (12) = 0.05503957363326994

  Quadratic cost function: J   (12) = 285528.6452214017
  Quadratic cost function: Jb  (12) = 72765.15207686626
  Quadratic cost function: JoJc(12) = 212763.4931445355

 DRPCG Starting Iteration 13
rdots 99868      iteration    12
DRPCG end of iteration 13
  Residual norm (13) = 316.0190333929555
  Norm reduction (13) = 0.04617226877245027

  Quadratic cost function: J   (13) = 283738.3516445732
  Quadratic cost function: Jb  (13) = 75045.91323587798
  Quadratic cost function: JoJc(13) = 208692.4384086952

 DRPCG Starting Iteration 14
rdots 71753.7      iteration    13
DRPCG end of iteration 14
  Residual norm (14) = 267.8688082997646
  Norm reduction (14) = 0.03913723322225816

  Quadratic cost function: J   (14) = 282460.1431259543
  Quadratic cost function: Jb  (14) = 76884.66250456868
  Quadratic cost function: JoJc(14) = 205575.4806213856

 DRPCG Starting Iteration 15
OOPS_STATS DRPCG iteration 15                       - Runtime:   211.19 sec,  Local Memory:     7.26 GB
rdots 52032.1      iteration    14
DRPCG end of iteration 15
  Residual norm (15) = 228.1053581064401
  Norm reduction (15) = 0.03332755559007842

  Quadratic cost function: J   (15) = 281585.246530704
  Quadratic cost function: Jb  (15) = 78287.61173208055
  Quadratic cost function: JoJc(15) = 203297.6347986234

 DRPCG Starting Iteration 16
rdots 38608      iteration    15
DRPCG end of iteration 16
  Residual norm (16) = 196.4891706716237
  Norm reduction (16) = 0.02870824172114026

  Quadratic cost function: J   (16) = 280954.0696970655
  Quadratic cost function: Jb  (16) = 79403.64260302097
  Quadratic cost function: JoJc(16) = 201550.4270940445

 DRPCG Starting Iteration 17
rdots 26785.1      iteration    16
DRPCG end of iteration 17
  Residual norm (17) = 163.661436130019
  Norm reduction (17) = 0.02391191358174974

  Quadratic cost function: J   (17) = 280509.5239045632
  Quadratic cost function: Jb  (17) = 80262.86079539018
  Quadratic cost function: JoJc(17) = 200246.663109173

 DRPCG Starting Iteration 18
rdots 19185.7      iteration    17
DRPCG end of iteration 18
  Residual norm (18) = 138.5125513308893
  Norm reduction (18) = 0.02023751126551669

  Quadratic cost function: J   (18) = 280177.5109947566
  Quadratic cost function: Jb  (18) = 80960.10019442975
  Quadratic cost function: JoJc(18) = 199217.4108003268

 DRPCG Starting Iteration 19
rdots 13322.9      iteration    18
DRPCG end of iteration 19
  Residual norm (19) = 115.4248874885218
  Norm reduction (19) = 0.01686426564542698

  Quadratic cost function: J   (19) = 279946.5739195745
  Quadratic cost function: Jb  (19) = 81484.19079342265
  Quadratic cost function: JoJc(19) = 198462.3831261519

 DRPCG Starting Iteration 20
OOPS_STATS DRPCG iteration 20                       - Runtime:   241.86 sec,  Local Memory:     7.26 GB
rdots 9410.38      iteration    19
DRPCG end of iteration 20
  Residual norm (20) = 97.00710895556666
  Norm reduction (20) = 0.01417331816835636

  Quadratic cost function: J   (20) = 279778.1893481365
  Quadratic cost function: Jb  (20) = 81894.9444601734
  Quadratic cost function: JoJc(20) = 197883.2448879631

 DRPCG Starting Iteration 21
rdots 6507.3      iteration    20
DRPCG end of iteration 21
  Residual norm (21) = 80.66783742814225
  Norm reduction (21) = 0.01178605298242626

  Quadratic cost function: J   (21) = 279659.335725208
  Quadratic cost function: Jb  (21) = 82205.37076763678
  Quadratic cost function: JoJc(21) = 197453.9649575713

 DRPCG Starting Iteration 22
rdots 4735      iteration    21
DRPCG end of iteration 22
  Residual norm (22) = 68.81130377463469
  Norm reduction (22) = 0.01005374258111372

  Quadratic cost function: J   (22) = 279573.5380141324
  Quadratic cost function: Jb  (22) = 82444.45275915184
  Quadratic cost function: JoJc(22) = 197129.0852549806

 DRPCG Starting Iteration 23
rdots 3317.27      iteration    22
DRPCG end of iteration 23
  Residual norm (23) = 57.59572195073707
  Norm reduction (23) = 0.008415079071348194

  Quadratic cost function: J   (23) = 279513.3108171585
  Quadratic cost function: Jb  (23) = 82622.89175280082
  Quadratic cost function: JoJc(23) = 196890.4190643577

 DRPCG Starting Iteration 24
rdots 2431.63      iteration    23
DRPCG end of iteration 24
  Residual norm (24) = 49.31158998909839
  Norm reduction (24) = 0.007204717899831005

  Quadratic cost function: J   (24) = 279472.6384141415
  Quadratic cost function: Jb  (24) = 82750.36180693022
  Quadratic cost function: JoJc(24) = 196722.2766072113

 DRPCG Starting Iteration 25
OOPS_STATS DRPCG iteration 25                       - Runtime:   273.11 sec,  Local Memory:     7.26 GB
rdots 1558.55      iteration    24
DRPCG end of iteration 25
  Residual norm (25) = 39.47841291483768
  Norm reduction (25) = 0.005768031982893503

  Quadratic cost function: J   (25) = 279441.1761422295
  Quadratic cost function: Jb  (25) = 82854.4506954969
  Quadratic cost function: JoJc(25) = 196586.7254467326

 DRPCG Starting Iteration 26
rdots 1078.62      iteration    25
DRPCG end of iteration 26
  Residual norm (26) = 32.84242365999199
  Norm reduction (26) = 0.004798474307344151

  Quadratic cost function: J   (26) = 279419.2577644477
  Quadratic cost function: Jb  (26) = 82930.9511244623
  Quadratic cost function: JoJc(26) = 196488.3066399854

 DRPCG Starting Iteration 27
rdots 778.99      iteration    26
DRPCG end of iteration 27
  Residual norm (27) = 27.91040125265879
  Norm reduction (27) = 0.004077876368232133

  Quadratic cost function: J   (27) = 279404.2762860777
  Quadratic cost function: Jb  (27) = 82985.95784153634
  Quadratic cost function: JoJc(27) = 196418.3184445414

 DRPCG Starting Iteration 28
rdots 528.336      iteration    27
DRPCG end of iteration 28
  Residual norm (28) = 22.98556860403055
  Norm reduction (28) = 0.003358328895820713

  Quadratic cost function: J   (28) = 279393.6921678386
  Quadratic cost function: Jb  (28) = 83026.73490629451
  Quadratic cost function: JoJc(28) = 196366.9572615441

 DRPCG Starting Iteration 29
rdots 353.502      iteration    28
DRPCG end of iteration 29
  Residual norm (29) = 18.80164423143167
  Norm reduction (29) = 0.002747032548948375

  Quadratic cost function: J   (29) = 279386.2350586231
  Quadratic cost function: Jb  (29) = 83056.83014417926
  Quadratic cost function: JoJc(29) = 196329.4049144439

 DRPCG Starting Iteration 30
OOPS_STATS DRPCG iteration 30                       - Runtime:   305.17 sec,  Local Memory:     7.26 GB
rdots 258.84      iteration    29
DRPCG end of iteration 30
  Residual norm (30) = 16.08851902441189
  Norm reduction (30) = 0.002350628747168316

  Quadratic cost function: J   (30) = 279381.1222626076
  Quadratic cost function: Jb  (30) = 83078.40716794471
  Quadratic cost function: JoJc(30) = 196302.7150946629

 DRPCG Starting Iteration 31
rdots 182.881      iteration    30
DRPCG end of iteration 31
  Residual norm (31) = 13.5233556857386
  Norm reduction (31) = 0.001975843058322845

  Quadratic cost function: J   (31) = 279377.6586275962
  Quadratic cost function: Jb  (31) = 83093.65263578932
  Quadratic cost function: JoJc(31) = 196284.0059918069

 DRPCG Starting Iteration 32
rdots 123.335      iteration    31
DRPCG end of iteration 32
  Residual norm (32) = 11.10564412049773
  Norm reduction (32) = 0.001622600954497551

  Quadratic cost function: J   (32) = 279375.2136902559
  Quadratic cost function: Jb  (32) = 83104.85165465926
  Quadratic cost function: JoJc(32) = 196270.3620355966

 DRPCG Starting Iteration 33
rdots 85.6868      iteration    32
DRPCG end of iteration 33
  Residual norm (33) = 9.256715907543626
  Norm reduction (33) = 0.001352461496525948

  Quadratic cost function: J   (33) = 279373.4424754203
  Quadratic cost function: Jb  (33) = 83113.28956262357
  Quadratic cost function: JoJc(33) = 196260.1529127967

 DRPCG Starting Iteration 34
rdots 59.7773      iteration    33
DRPCG end of iteration 34
  Residual norm (34) = 7.7315803947365
  Norm reduction (34) = 0.001129630086481805

  Quadratic cost function: J   (34) = 279372.2581293413
  Quadratic cost function: Jb  (34) = 83119.14961612481
  Quadratic cost function: JoJc(34) = 196253.1085132165

 DRPCG Starting Iteration 35
OOPS_STATS DRPCG iteration 35                       - Runtime:   337.83 sec,  Local Memory:     7.26 GB
rdots 40.5829      iteration    34
DRPCG end of iteration 35
  Residual norm (35) = 6.370468417745887
  Norm reduction (35) = 0.0009307634949469023

  Quadratic cost function: J   (35) = 279371.420492837
  Quadratic cost function: Jb  (35) = 83123.44679201127
  Quadratic cost function: JoJc(35) = 196247.9737008257

DRPCG: Achieved required reduction in residual norm.
OOPS_STATS DRPCG end                                - Runtime:   344.27 sec,  Local Memory:     7.26 GB
DRPCGMinimizer: reduction in residual norm = 0.000930763
DRPCGMinimizer output increment:
  Valid time: 2026-05-22T09:00:00Z
  Resolution: nCellsGlobal = 2341818, nFields = 12
Fld=1  Min=-0.0114646, Max=0.00836668, RMS=7.62872e-05 : water_vapor_mixing_ratio_wrt_moist_air
Fld=2  Min=-155.871, Max=174.277, RMS=2.81921 : air_pressure_at_surface
Fld=3  Min=-7.02621, Max=7.30432, RMS=0.0866592 : air_temperature
Fld=4  Min=-35.3545, Max=40.1382, RMS=0.388314 : northward_wind
Fld=5  Min=-22.3455, Max=24.2253, RMS=0.342049 : eastward_wind
Fld=6  Min=-0.00511405, Max=0.00478898, RMS=1.68578e-05 : cloud_liquid_water
Fld=7  Min=-0.000981979, Max=0.000908834, RMS=2.24734e-06 : cloud_liquid_ice
Fld=8  Min=-0.00475984, Max=0.00349618, RMS=2.92028e-05 : rain_water
Fld=9  Min=-0.00637213, Max=0.00556444, RMS=5.86189e-05 : snow_water
Fld=10  Min=-0.00571418, Max=0.00502918, RMS=1.9382e-05 : graupel
Fld=11  Min=-98.413, Max=61.1407, RMS=2.21001 : equivalent_reflectivity_factor
Fld=12  Min=0, Max=0, RMS=0 : upward_air_velocity
CostFunction::addIncrement: First guess:
  Valid time: 2026-05-22T09:00:00Z
  Resolution: nCellsGlobal = 2341818, nFields = 35
Fld=1  Min=0, Max=0.0207468, RMS=0.00564438 : water_vapor_mixing_ratio_wrt_moist_air
Fld=2  Min=62870, Max=102999, RMS=96657.5 : air_pressure_at_surface
Fld=3  Min=194.31, Max=307.93, RMS=257.952 : air_temperature
Fld=4  Min=-36.9249, Max=55.7084, RMS=6.84119 : northward_wind
Fld=5  Min=-22.5722, Max=77.0263, RMS=12.7089 : eastward_wind
Fld=6  Min=265.624, Max=645.975, RMS=354.347 : air_potential_temperature
Fld=7  Min=0.0382753, Max=1.33256, RMS=0.791872 : dry_air_density
Fld=8  Min=-75.9735, Max=76.2076, RMS=10.2799 : u
Fld=9  Min=0, Max=0.0211864, RMS=0.00571275 : water_vapor_mixing_ratio_wrt_dry_air
Fld=10  Min=2425.39, Max=102883, RMS=64277.6 : air_pressure
Fld=11  Min=0, Max=1, RMS=0.790008 : landmask
Fld=12  Min=0, Max=1, RMS=0.0644891 : seaice_fraction
Fld=13  Min=0, Max=1, RMS=0.0779305 : snowc
Fld=14  Min=247.272, Max=303.907, RMS=286.749 : skin_temperature_at_surface
Fld=15  Min=1, Max=19, RMS=12.7664 : ivgtyp
Fld=16  Min=1, Max=16, RMS=9.97061 : isltyp
Fld=17  Min=0, Max=7.5, RMS=0.175448 : snowh
Fld=18  Min=0, Max=0.910596, RMS=0.390433 : vegetation_area_fraction
Fld=19  Min=258.115, Max=303.652, RMS=286.831 : air_temperature_at_2m
Fld=20  Min=4.66572e-05, Max=0.0211553, RMS=0.0105299 : water_vapor_mixing_ratio_wrt_moist_air_at_2m
Fld=21  Min=-15.7471, Max=19.0926, RMS=3.36409 : eastward_wind_at_10m
Fld=22  Min=-15.2496, Max=19.2492, RMS=3.50443 : northward_wind_at_10m
Fld=23  Min=0, Max=6.54311, RMS=1.52022 : lai
Fld=24  Min=0.00200001, Max=1, RMS=0.634939 : smois
Fld=25  Min=258.964, Max=308.903, RMS=288.213 : tslb
Fld=26  Min=-996.424, Max=5647.36, RMS=3036.57 : pressure_p
Fld=27  Min=0, Max=0.00621997, RMS=5.67477e-05 : cloud_liquid_water
Fld=28  Min=0, Max=0.00208872, RMS=3.56844e-06 : cloud_liquid_ice
Fld=29  Min=0, Max=0.00936349, RMS=2.44463e-05 : graupel
Fld=30  Min=0, Max=0.0099631, RMS=4.77853e-05 : rain_water
Fld=31  Min=0, Max=0.005685, RMS=7.78456e-05 : snow_water
Fld=32  Min=0, Max=1, RMS=0.221113 : cldfrac
Fld=33  Min=0, Max=71.4497, RMS=4.08307 : equivalent_reflectivity_factor
Fld=34  Min=-8.25165, Max=28.7221, RMS=0.128346 : w
Fld=35  Min=0, Max=0, RMS=0 : upward_air_velocity
CostFunction::addIncrement: Increment:
  Valid time: 2026-05-22T09:00:00Z
  Resolution: nCellsGlobal = 2341818, nFields = 12
Fld=1  Min=-0.0114646, Max=0.00836668, RMS=7.62872e-05 : water_vapor_mixing_ratio_wrt_moist_air
Fld=2  Min=-155.871, Max=174.277, RMS=2.81921 : air_pressure_at_surface
Fld=3  Min=-7.02621, Max=7.30432, RMS=0.0866592 : air_temperature
Fld=4  Min=-35.3545, Max=40.1382, RMS=0.388314 : northward_wind
Fld=5  Min=-22.3455, Max=24.2253, RMS=0.342049 : eastward_wind
Fld=6  Min=-0.00511405, Max=0.00478898, RMS=1.68578e-05 : cloud_liquid_water
Fld=7  Min=-0.000981979, Max=0.000908834, RMS=2.24734e-06 : cloud_liquid_ice
Fld=8  Min=-0.00475984, Max=0.00349618, RMS=2.92028e-05 : rain_water
Fld=9  Min=-0.00637213, Max=0.00556444, RMS=5.86189e-05 : snow_water
Fld=10  Min=-0.00571418, Max=0.00502918, RMS=1.9382e-05 : graupel
Fld=11  Min=-98.413, Max=61.1407, RMS=2.21001 : equivalent_reflectivity_factor
Fld=12  Min=0, Max=0, RMS=0 : upward_air_velocity
CostFunction::addIncrement: Analysis: 
  Valid time: 2026-05-22T09:00:00Z
  Resolution: nCellsGlobal = 2341818, nFields = 35
Fld=1  Min=0, Max=0.0207469, RMS=0.00564346 : water_vapor_mixing_ratio_wrt_moist_air
Fld=2  Min=62870, Max=102999, RMS=96657.4 : air_pressure_at_surface
Fld=3  Min=194.135, Max=307.93, RMS=257.952 : air_temperature
Fld=4  Min=-42.6251, Max=54.8658, RMS=6.84541 : northward_wind
Fld=5  Min=-22.5722, Max=77.0263, RMS=12.71 : eastward_wind
Fld=6  Min=265.624, Max=645.975, RMS=354.347 : air_potential_temperature
Fld=7  Min=0.0382753, Max=1.33256, RMS=0.791874 : dry_air_density
Fld=8  Min=-75.9735, Max=76.2076, RMS=10.2817 : u
Fld=9  Min=0, Max=0.0211864, RMS=0.00571181 : water_vapor_mixing_ratio_wrt_dry_air
Fld=10  Min=2418.81, Max=102883, RMS=64277.5 : air_pressure
Fld=11  Min=0, Max=1, RMS=0.790008 : landmask
Fld=12  Min=0, Max=1, RMS=0.0644891 : seaice_fraction
Fld=13  Min=0, Max=1, RMS=0.0779305 : snowc
Fld=14  Min=247.272, Max=303.907, RMS=286.749 : skin_temperature_at_surface
Fld=15  Min=1, Max=19, RMS=12.7664 : ivgtyp
Fld=16  Min=1, Max=16, RMS=9.97061 : isltyp
Fld=17  Min=0, Max=7.5, RMS=0.175448 : snowh
Fld=18  Min=0, Max=0.910596, RMS=0.390433 : vegetation_area_fraction
Fld=19  Min=258.115, Max=303.652, RMS=286.831 : air_temperature_at_2m
Fld=20  Min=4.66572e-05, Max=0.0211553, RMS=0.0105291 : water_vapor_mixing_ratio_wrt_moist_air_at_2m
Fld=21  Min=-15.7471, Max=19.0926, RMS=3.36409 : eastward_wind_at_10m
Fld=22  Min=-15.2496, Max=19.2492, RMS=3.50443 : northward_wind_at_10m
Fld=23  Min=0, Max=6.54311, RMS=1.52022 : lai
Fld=24  Min=0.00200001, Max=1, RMS=0.634939 : smois
Fld=25  Min=258.964, Max=308.903, RMS=288.213 : tslb
Fld=26  Min=-996.424, Max=5664.18, RMS=3036.52 : pressure_p
Fld=27  Min=0, Max=0.00609503, RMS=5.63839e-05 : cloud_liquid_water
Fld=28  Min=0, Max=0.00193996, RMS=3.81671e-06 : cloud_liquid_ice
Fld=29  Min=0, Max=0.00803431, RMS=2.36621e-05 : graupel
Fld=30  Min=0, Max=0.00826258, RMS=4.26447e-05 : rain_water
Fld=31  Min=0, Max=0.00745769, RMS=8.95336e-05 : snow_water
Fld=32  Min=0, Max=1, RMS=0.221113 : cldfrac
Fld=33  Min=0, Max=70.9328, RMS=3.69189 : equivalent_reflectivity_factor
Fld=34  Min=-8.25165, Max=28.7221, RMS=0.128346 : w
Fld=35  Min=0, Max=0, RMS=0 : upward_air_velocity
OOPS_STATS IncrementalAssimilation end              - Runtime:   344.58 sec,  Local Memory:     7.26 GB
Variational: incremental assimilation done 1 iterations.
QC refl10cm equivalentReflectivityFactor: 132336 H(x) failed.
QC refl10cm equivalentReflectivityFactor: 1 rejected by first-guess check.
QC refl10cm equivalentReflectivityFactor: 3768513 passed out of 3900850 observations.
ObsErrorDiagonal covariance updated 3768513
Observer::finalize QC = 
refl10cm equivalentReflectivityFactor nlocs = 3900850, nobs = 3900850, min = 0, max = 19, avg = 0
Jo Observations:
Jo Obs :refl10cm:equivalentReflectivityFactor   : Nobs=  3768513, Min= 0.000000e+00, Max= 5.866101e+01, RMS= 4.394922e+00
Jo Observations Equivalent:
Jo H(x):refl10cm:equivalentReflectivityFactor   : Nobs=  3768513, Min= 0.000000e+00, Max= 5.714504e+01, RMS= 4.059210e+00
Jo Bias Corrected Departures:
Jo Dep :refl10cm:equivalentReflectivityFactor   : Nobs=  3768513, Min=-4.897837e+01, Max= 5.588724e+01, RMS= 1.619459e+00
Jo Observations Errors:
UFO Diagonal observation error covariance, inverse variances: refl10cm nobs= 3768513 Min=0.04, Max=0.04, RMS=0.04



CostJo   : Nonlinear Jo(refl10cm) = 197670, nobs = 3768513, Jo/n = 0.052453, err = 5
CostJo   : Nonlinear Jo = 197670
Increment:diff x1 2
Increment:diff x2 1
CostJb: FG-BG
  Valid time: 2026-05-22T09:00:00Z
  Resolution: nCellsGlobal = 2341818, nFields = 12
Fld=1  Min=-0.0114646, Max=0.00836668, RMS=7.61984e-05 : water_vapor_mixing_ratio_wrt_moist_air
Fld=2  Min=-155.871, Max=174.277, RMS=2.81921 : air_pressure_at_surface
Fld=3  Min=-7.02621, Max=7.30432, RMS=0.0866592 : air_temperature
Fld=4  Min=-35.3545, Max=40.1382, RMS=0.388314 : northward_wind
Fld=5  Min=-22.3455, Max=24.2253, RMS=0.342049 : eastward_wind
Fld=6  Min=-0.00218873, Max=0.00478898, RMS=1.36196e-05 : cloud_liquid_water
Fld=7  Min=-0.000933709, Max=0.000908834, RMS=2.00436e-06 : cloud_liquid_ice
Fld=8  Min=-0.0046256, Max=0.00349618, RMS=2.16476e-05 : rain_water
Fld=9  Min=-0.00467475, Max=0.00556444, RMS=5.59193e-05 : snow_water
Fld=10  Min=-0.0048078, Max=0.00502918, RMS=1.61603e-05 : graupel
Fld=11  Min=-59.5312, Max=61.1407, RMS=2.15384 : equivalent_reflectivity_factor
Fld=12  Min=0, Max=0, RMS=0 : upward_air_velocity
CostFunction: Nonlinear J = 197670
OOPS_STATS Variational end                          - Runtime:   363.21 sec,  Local Memory:     7.26 GB
==> destruct MPAS corelist and domain:  0
Tried to erase key "mesh[address=0x510eac0],halo[size=0]" from cache "NodeColumnsHaloExchangeCache" but it was not found.
Erased key "mesh[address=0x510eac0],halo[size=1]" from cache "NodeColumnsHaloExchangeCache".
==> destruct MPAS corelist and domain:  1
refl10cm: save database to jdiag_mrms_refl.nc (io pool size: 4)
QC refl10cm equivalentReflectivityFactor: 132336 H(x) failed.
QC refl10cm equivalentReflectivityFactor: 1 rejected by first-guess check.
QC refl10cm equivalentReflectivityFactor: 3768513 passed out of 3900850 observations.
Erased key "mesh[address=0x8495ae0]" from cache "NodeColumnsGatherScatterCache".
Tried to erase key "mesh[address=0x8495ae0],halo[size=0]" from cache "NodeColumnsHaloExchangeCache" but it was not found.
Erased key "mesh[address=0x8495ae0],halo[size=1]" from cache "NodeColumnsHaloExchangeCache".

Run: Finishing oops::Variational<MPAS, UFO and IODA observations>
OOPS_STATS  
OOPS_STATS ----------------------------------------------------------------------------------
OOPS_STATS --------------------------- Object counts ----------------------------------------
OOPS_STATS ----------------------------------------------------------------------------------
OOPS_STATS                                      Total  Simult. Remain    Avg (Mb)    HWM (Mb)
OOPS_STATS ioda::ObsDataVector             :        8       5        
OOPS_STATS ioda::ObsVector                 :       90       8        
OOPS_STATS mpas::Geometry                  :        2       2        
OOPS_STATS mpas::Increment                 :     2564     117        
OOPS_STATS mpas::LinVarChaModel2GeoVars    :        1       1        
OOPS_STATS mpas::ModelBias                 :        4       3        
OOPS_STATS mpas::ModelBiasCovariance       :        1       1        
OOPS_STATS mpas::State                     :       75      34        
OOPS_STATS mpas::VarChaModel2GeoVars       :        3       1        
OOPS_STATS oops::ControlIncrement          :      158      84               15.22     1278.52
OOPS_STATS oops::ControlVariable           :        4       3        
OOPS_STATS oops::Diffusion                 :        1       1        
OOPS_STATS oops::EnsembleCovariance        :        1       1             3553.76     3553.76
OOPS_STATS oops::GeoVaLs                   :       74       1        
OOPS_STATS oops::Geometry                  :        2       2        
OOPS_STATS oops::GetValues                 :        3       2        
OOPS_STATS oops::Increment                 :     2492     117               15.02     1780.79
OOPS_STATS oops::LinearObsOperator         :        1       1        
OOPS_STATS oops::LocalInterpolator         :     2400    1600        
OOPS_STATS oops::Localization              :        1       1        
OOPS_STATS oops::ModelAuxControl           :        4       3        
OOPS_STATS oops::ModelAuxCovariance        :        1       1        
OOPS_STATS oops::ModelAuxIncrement         :      158      84        
OOPS_STATS oops::ObsAuxControl             :        4       3        
OOPS_STATS oops::ObsAuxCovariance          :        1       1        
OOPS_STATS oops::ObsAuxIncrement           :      158      84        
OOPS_STATS oops::ObsAuxIncrements          :      158      84        
OOPS_STATS oops::ObsAuxPreconditioner      :        2       2        
OOPS_STATS oops::ObsDataVector             :        4       4        
OOPS_STATS oops::ObsDiagnostics            :        2       1        
OOPS_STATS oops::ObsError                  :        1       1        
OOPS_STATS oops::ObsOperator               :        2       2        
OOPS_STATS oops::ObsSpace                  :        1       1        
OOPS_STATS oops::ObsSpaces                 :        1       1        
OOPS_STATS oops::ObsVector                 :       90       7                0.04        0.23
OOPS_STATS oops::SampledLocations          :        8       4        
OOPS_STATS oops::State                     :       72      34               21.39      702.08
OOPS_STATS oops::UnstructuredInterpolator  :     2400    1600        
OOPS_STATS oops::VariableChange            :        3       1        
OOPS_STATS ufo::BackgroundCheck            :        1       1        
OOPS_STATS ufo::FinalCheck                 :        2       2        
OOPS_STATS ufo::GeoVaLs                    :       77       2        
OOPS_STATS ufo::ObsBias                    :        4       3        
OOPS_STATS ufo::ObsBiasCovariance          :        1       1        
OOPS_STATS ufo::ObsBiasPreconditioner      :        1       1        
OOPS_STATS ufo::ObsFilter                  :        9       6        
OOPS_STATS ufo::ObsFilterData              :        3       3        
OOPS_STATS ufo::ObsVertInterp              :        2       2        
OOPS_STATS ufo::ObsVertInterpTLAD          :        1       1        
OOPS_STATS ufo::SampledLocations           :        4       3        
OOPS_STATS ----------------------------- Object counts --------------------------------------
OOPS_STATS  
OOPS_STATS --------------------------------------------------------------------------------------------
OOPS_STATS ------------------------------------ Timing Statistics -------------------------------------
OOPS_STATS --------------------------------------------------------------------------------------------
OOPS_STATS Name                                                :   total (ms)   count    time/call (ms)
OOPS_STATS ObsFilter::Background Check::ObsFilter              :         0.15       1            0.1478
OOPS_STATS ObsFilter::Background Check::postFilter             :        30.84       1           30.8449
OOPS_STATS ObsFilter::Background Check::preProcess             :         0.01       1            0.0064
OOPS_STATS ObsFilter::Background Check::priorFilter            :         2.82       1            2.8202
OOPS_STATS ObsFilter::Final Check::ObsFilter                   :         0.01       2            0.0056
OOPS_STATS ObsFilter::Final Check::postFilter                  :         0.39       2            0.1942
OOPS_STATS ObsFilter::Final Check::preProcess                  :         0.00       2            0.0003
OOPS_STATS ObsFilter::Final Check::priorFilter                 :         0.00       2            0.0020
OOPS_STATS ObsFilter::QCmanager::ObsFilter                     :         0.23       2            0.1152
OOPS_STATS ObsFilter::QCmanager::postFilter                    :         0.81       2            0.4065
OOPS_STATS ObsFilter::QCmanager::preProcess                    :         0.00       2            0.0002
OOPS_STATS ObsFilter::QCmanager::priorFilter                   :         0.00       2            0.0001
OOPS_STATS ioda::ObsSpace::get_db(DateTime)                    :         1.26       4            0.3146
OOPS_STATS ioda::ObsSpace::get_db(double)                      :         0.28       5            0.0566
OOPS_STATS ioda::ObsSpace::get_db(float)                       :         1.43      12            0.1192
OOPS_STATS ioda::ObsSpace::load                                :       680.34       1          680.3440
OOPS_STATS ioda::ObsSpace::put_db(double)                      :         0.30       6            0.0507
OOPS_STATS ioda::ObsSpace::put_db(float)                       :         0.08       2            0.0407
OOPS_STATS ioda::ObsSpace::put_db(int)                         :         1.09       2            0.5461
OOPS_STATS mpas::LinVarChaModel2GeoVars::LinVarChaModel2GeoVar :         3.12       1            3.1218
OOPS_STATS mpas::LinVarChaModel2GeoVars::changeVarAD           :       976.23      36           27.1175
OOPS_STATS mpas::LinVarChaModel2GeoVars::changeVarTL           :       126.33      35            3.6094
OOPS_STATS mpas::LinVarChaModel2GeoVars::~LinVarChaModel2GeoVa :         0.03       1            0.0313
OOPS_STATS mpas::VarChaModel2GeoVars::VarChaModel2GeoVars      :         0.03       3            0.0116
OOPS_STATS mpas::VarChaModel2GeoVars::changeVar                :        13.16       3            4.3875
OOPS_STATS mpas::VarChaModel2GeoVars::~VarChaModel2GeoVars     :         0.01       3            0.0020
OOPS_STATS oops::Covariance::EnsembleCovariance                :     61344.99       1        61344.9940
OOPS_STATS oops::Covariance::ensemble::Constructor             :         0.01       1            0.0059
OOPS_STATS oops::Covariance::ensemble::multiply                :    202883.75      36         5635.6598
OOPS_STATS oops::Diffusion::Diffusion                          :         0.00       1            0.0003
OOPS_STATS oops::Diffusion::calculateDerivedGeom               :         1.93       1            1.9294
OOPS_STATS oops::Diffusion::multiplySqrtAD                     :     49567.66    1080           45.8960
OOPS_STATS oops::Diffusion::multiplySqrtTL                     :     41859.40    1080           38.7587
OOPS_STATS oops::Diffusion::setParameters                      :         3.96       1            3.9629
OOPS_STATS oops::GeoVaLs::GeoVaLs                              :        24.59      74            0.3323
OOPS_STATS oops::GeoVaLs::fill                                 :        27.77   25748            0.0011
OOPS_STATS oops::GeoVaLs::fillAD                               :        19.42   22608            0.0009
OOPS_STATS oops::GeoVaLs::~GeoVaLs                             :         0.41      74            0.0056
OOPS_STATS oops::Geometry::Geometry                            :     52785.75       2        26392.8772
OOPS_STATS oops::Geometry::variableSizes                       :         4.35      11            0.3957
OOPS_STATS oops::Geometry::~Geometry                           :       557.82       2          278.9106
OOPS_STATS oops::GeometryData::containingTriangleAndBarycentri :        44.93   20628            0.0022
OOPS_STATS oops::GeometryData::setGlobalTree                   :      1807.43       2          903.7150
OOPS_STATS oops::GeometryData::setLocalTree                    :         3.16       2            1.5820
OOPS_STATS oops::GeometryData::setMeshAndTriangulation         :         0.56       2            0.2807
OOPS_STATS oops::GetValues::GetValues                          :       235.91       3           78.6358
OOPS_STATS oops::GetValues::fillGeoVaLs                        :        62.96       3           20.9868
OOPS_STATS oops::GetValues::fillGeoVaLsAD                      :        99.75      36            2.7707
OOPS_STATS oops::GetValues::fillGeoVaLsTL                      :       637.38      35           18.2109
OOPS_STATS oops::GetValues::finalize                           :        15.85       3            5.2834
OOPS_STATS oops::GetValues::finalizeAD                         :       537.87      36           14.9407
OOPS_STATS oops::GetValues::finalizeTL                         :        89.01      35            2.5431
OOPS_STATS oops::GetValues::initialize                         :         3.17       3            1.0561
OOPS_STATS oops::GetValues::initializeAD                       :         4.12      36            0.1146
OOPS_STATS oops::GetValues::initializeTL                       :        16.74      35            0.4784
OOPS_STATS oops::GetValues::process                            :        17.08       3            5.6923
OOPS_STATS oops::GetValues::processAD                          :       110.11      36            3.0586
OOPS_STATS oops::GetValues::processTL                          :       117.06      35            3.3445
OOPS_STATS oops::Increment::Increment                          :     26271.02    2492           10.5421
OOPS_STATS oops::Increment::axpy                               :      4213.44     700            6.0192
OOPS_STATS oops::Increment::diff                               :       362.20      33           10.9759
OOPS_STATS oops::Increment::dot_product_with                   :      6594.42     774            8.5199
OOPS_STATS oops::Increment::fromFieldSet                       :      9757.37    1116            8.7432
OOPS_STATS oops::Increment::operator*=                         :       202.25     106            1.9080
OOPS_STATS oops::Increment::operator+=                         :      9739.10    1251            7.7850
OOPS_STATS oops::Increment::operator+=(State, Increment)       :        47.72       1           47.7213
OOPS_STATS oops::Increment::operator-=                         :       157.14      30            5.2380
OOPS_STATS oops::Increment::operator=                          :      5433.06    1378            3.9427
OOPS_STATS oops::Increment::print                              :     25053.60    1087           23.0484
OOPS_STATS oops::Increment::schur_product_with                 :     10653.15    2160            4.9320
OOPS_STATS oops::Increment::serialSize                         :         4.48     158            0.0283
OOPS_STATS oops::Increment::toFieldSet                         :      8701.82    1151            7.5602
OOPS_STATS oops::Increment::zero                               :       114.47     109            1.0502
OOPS_STATS oops::Increment::~Increment                         :       130.06    2492            0.0522
OOPS_STATS oops::LinearObsOper::refl10cm::LinearObsOperator    :        20.70       1           20.6974
OOPS_STATS oops::LinearObsOper::refl10cm::requiredVars         :         1.30      73            0.0179
OOPS_STATS oops::LinearObsOper::refl10cm::setTrajectory        :         1.28       1            1.2834
OOPS_STATS oops::LinearObsOper::refl10cm::simulateObsAD        :         2.84      36            0.0788
OOPS_STATS oops::LinearObsOper::refl10cm::simulateObsTL        :         6.13      35            0.1752
OOPS_STATS oops::LinearObsOper::refl10cm::~LinearObsOperator   :         0.49       1            0.4945
OOPS_STATS oops::LinearVariableChange::LinearVariableChange    :         0.04       1            0.0352
OOPS_STATS oops::LinearVariableChange::changeVarAD             :      1561.07      36           43.3630
OOPS_STATS oops::LinearVariableChange::changeVarTL             :       718.53      35           20.5294
OOPS_STATS oops::LinearVariableChange::changeVarTraj           :         3.13       1            3.1334
OOPS_STATS oops::LinearVariableChange::~LinearVariableChange   :         0.04       1            0.0437
OOPS_STATS oops::LocalInterpolator::LocalInterpolator          :        52.02    2400            0.0217
OOPS_STATS oops::LocalInterpolator::apply                      :        15.78    2400            0.0066
OOPS_STATS oops::LocalInterpolator::applyAD                    :        95.49   28800            0.0033
OOPS_STATS oops::LocalInterpolator::applyTL                    :       102.56   28000            0.0037
OOPS_STATS oops::LocalInterpolator::preprocess                 :      1258.68      38           33.1232
OOPS_STATS oops::LocalInterpolator::preprocessAD               :        49.00      36            1.3612
OOPS_STATS oops::LocalInterpolator::~LocalInterpolator         :         1.72    2400            0.0007
OOPS_STATS oops::Localization::Localization                    :      7664.67       1         7664.6734
OOPS_STATS oops::Localization::multiply                        :    164411.10    1080          152.2325
OOPS_STATS oops::Localization::~Localization                   :         0.37       1            0.3651
OOPS_STATS oops::ModelAuxControl::ModelAuxControl              :         0.01       4            0.0019
OOPS_STATS oops::ModelAuxControl::print                        :         0.00       3            0.0007
OOPS_STATS oops::ModelAuxControl::~ModelAuxControl             :         0.00       4            0.0009
OOPS_STATS oops::ModelAuxCovariance::ModelAuxCovariance        :         0.00       1            0.0020
OOPS_STATS oops::ModelAuxCovariance::linearize                 :         0.00       1            0.0001
OOPS_STATS oops::ModelAuxCovariance::multiply                  :         0.01      36            0.0002
OOPS_STATS oops::ModelAuxCovariance::~ModelAuxCovariance       :         0.00       1            0.0005
OOPS_STATS oops::ModelAuxIncrement::ModelAuxIncrement          :         0.13     158            0.0008
OOPS_STATS oops::ModelAuxIncrement::axpy                       :         0.27     700            0.0004
OOPS_STATS oops::ModelAuxIncrement::diff                       :         0.00       3            0.0002
OOPS_STATS oops::ModelAuxIncrement::dot_product_with           :         0.17     774            0.0002
OOPS_STATS oops::ModelAuxIncrement::operator*=                 :         0.03      69            0.0005
OOPS_STATS oops::ModelAuxIncrement::operator+=                 :         0.05     105            0.0005
OOPS_STATS oops::ModelAuxIncrement::operator+=ModelAuxControl  :         0.00       1            0.0001
OOPS_STATS oops::ModelAuxIncrement::operator=                  :         0.01      39            0.0004
OOPS_STATS oops::ModelAuxIncrement::print                      :         0.01       7            0.0010
OOPS_STATS oops::ModelAuxIncrement::serialSize                 :         0.01     158            0.0000
OOPS_STATS oops::ModelAuxIncrement::zero                       :         0.01      36            0.0002
OOPS_STATS oops::ModelAuxIncrement::~ModelAuxIncrement         :         0.03     158            0.0002
OOPS_STATS oops::ObsAuxControl::ObsAuxControl                  :         0.32       4            0.0790
OOPS_STATS oops::ObsAuxControl::print                          :         0.01       3            0.0020
OOPS_STATS oops::ObsAuxControl::requiredHdiagnostics           :         0.00       2            0.0001
OOPS_STATS oops::ObsAuxControl::requiredVars                   :         0.00       6            0.0001
OOPS_STATS oops::ObsAuxControl::write                          :         0.03       1            0.0350
OOPS_STATS oops::ObsAuxControl::~ObsAuxControl                 :         0.01       4            0.0016
OOPS_STATS oops::ObsAuxCovariance::ObsAuxCovariance            :         0.05       1            0.0521
OOPS_STATS oops::ObsAuxCovariance::inverseMultiply             :         0.03      36            0.0009
OOPS_STATS oops::ObsAuxCovariance::linearize                   :         0.68       1            0.6779
OOPS_STATS oops::ObsAuxCovariance::multiply                    :         0.20      36            0.0055
OOPS_STATS oops::ObsAuxCovariance::preconditioner              :         0.44       1            0.4431
OOPS_STATS oops::ObsAuxCovariance::write                       :         0.48       1            0.4831
OOPS_STATS oops::ObsAuxCovariance::~ObsAuxCovariance           :         0.00       1            0.0020
OOPS_STATS oops::ObsAuxIncrement::ObsAuxIncrement              :         1.02     158            0.0065
OOPS_STATS oops::ObsAuxIncrement::axpy                         :         0.67     700            0.0010
OOPS_STATS oops::ObsAuxIncrement::diff                         :         0.01       3            0.0045
OOPS_STATS oops::ObsAuxIncrement::dot_product_with             :         0.38     774            0.0005
OOPS_STATS oops::ObsAuxIncrement::operator*=                   :         0.08      69            0.0011
OOPS_STATS oops::ObsAuxIncrement::operator+=                   :         0.27     105            0.0026
OOPS_STATS oops::ObsAuxIncrement::operator=                    :         0.03      39            0.0007
OOPS_STATS oops::ObsAuxIncrement::print                        :         0.01       7            0.0010
OOPS_STATS oops::ObsAuxIncrement::serialSize                   :         0.01     316            0.0000
OOPS_STATS oops::ObsAuxIncrement::zero                         :         0.05      36            0.0014
OOPS_STATS oops::ObsAuxIncrement::~ObsAuxIncrement             :         0.82     158            0.0052
OOPS_STATS oops::ObsAuxPreconditioner::multiply                :         0.02      36            0.0007
OOPS_STATS oops::ObsAuxPreconditioner::~ObsAuxPreconditioner   :         0.04       2            0.0217
OOPS_STATS oops::ObsDataVector::ObsDataVector                  :         0.09       4            0.0223
OOPS_STATS oops::ObsDataVector::mask                           :         0.01       2            0.0041
OOPS_STATS oops::ObsDataVector::operator=                      :         0.07       2            0.0346
OOPS_STATS oops::ObsDataVector::print                          :        19.81       2            9.9025
OOPS_STATS oops::ObsDataVector::save                           :         1.19       4            0.2980
OOPS_STATS oops::ObsDataVector::~ObsDataVector                 :         0.02       4            0.0041
OOPS_STATS oops::ObsDiagnostics::ObsDiagnostics                :         2.71       2            1.3564
OOPS_STATS oops::ObsDiagnostics::~ObsDiagnostics               :         0.29       2            0.1427
OOPS_STATS oops::ObsError::getRMSE                             :         1.64       4            0.4110
OOPS_STATS oops::ObsError::inverseMultiply                     :         0.34      37            0.0091
OOPS_STATS oops::ObsError::obserrors                           :         0.36       6            0.0596
OOPS_STATS oops::ObsError::update                              :        34.62       2           17.3077
OOPS_STATS oops::ObsError::~ObsError                           :         1.99       1            1.9945
OOPS_STATS oops::ObsOperator::refl10cm::ObsOperator            :        17.54       2            8.7708
OOPS_STATS oops::ObsOperator::refl10cm::computeReducedVars     :         3.71       3            1.2359
OOPS_STATS oops::ObsOperator::refl10cm::locations              :         3.96       3            1.3193
OOPS_STATS oops::ObsOperator::refl10cm::requiredVars           :         0.00       3            0.0015
OOPS_STATS oops::ObsOperator::refl10cm::simulateObs            :         3.82       2            1.9081
OOPS_STATS oops::ObsOperator::refl10cm::~ObsOperator           :         0.02       2            0.0118
OOPS_STATS oops::ObsSpace::ObsSpace                            :       682.70       1          682.6995
OOPS_STATS oops::ObsSpace::obsvariables                        :         0.00       3            0.0001
OOPS_STATS oops::ObsSpace::save                                :      2533.33       1         2533.3329
OOPS_STATS oops::ObsSpace::~ObsSpace                           :         1.10       1            1.1008
OOPS_STATS oops::ObsVector::ObsVector                          :         1.09      88            0.0123
OOPS_STATS oops::ObsVector::dot_product                        :         0.89       4            0.2222
OOPS_STATS oops::ObsVector::info                               :        16.50       6            2.7499
OOPS_STATS oops::ObsVector::operator*=                         :         0.01       2            0.0048
OOPS_STATS oops::ObsVector::operator-=                         :         0.02       2            0.0113
OOPS_STATS oops::ObsVector::operator=                          :         0.41       4            0.1022
OOPS_STATS oops::ObsVector::rms                                :         1.26       4            0.3156
OOPS_STATS oops::ObsVector::save                               :         0.33       6            0.0554
OOPS_STATS oops::ObsVector::zero                               :         0.03      37            0.0009
OOPS_STATS oops::ObsVector::~ObsVector                         :         0.18      88            0.0021
OOPS_STATS oops::Parameters::deserialize                       :        11.70      97            0.1206
OOPS_STATS oops::Parameters::serialize                         :         1.59      80            0.0199
OOPS_STATS oops::Run::execute                                  :    365466.14       1       365466.1441
OOPS_STATS oops::SampledLocations::SampledLocations            :         0.00       4            0.0003
OOPS_STATS oops::SampledLocations::latitudes                   :         0.00       3            0.0001
OOPS_STATS oops::SampledLocations::longitudes                  :         0.00       3            0.0000
OOPS_STATS oops::SampledLocations::times                       :         0.00       3            0.0000
OOPS_STATS oops::SampledLocations::~SampledLocations           :         0.18       8            0.0219
OOPS_STATS oops::State::State                                  :     55402.36      72          769.4773
OOPS_STATS oops::State::print                                  :       189.27       3           63.0900
OOPS_STATS oops::State::toFieldSet                             :        25.94       5            5.1880
OOPS_STATS oops::State::variables                              :         0.00      58            0.0000
OOPS_STATS oops::State::write                                  :     18242.34       1        18242.3419
OOPS_STATS oops::State::zero                                   :        69.82      30            2.3274
OOPS_STATS oops::State::~State                                 :         6.27      72            0.0871
OOPS_STATS oops::UnstructuredInterpolator::UnstructuredInterpo :        51.06    2400            0.0213
OOPS_STATS oops::UnstructuredInterpolator::apply               :       110.45   30400            0.0036
OOPS_STATS oops::UnstructuredInterpolator::applyAD             :        68.51   28800            0.0024
OOPS_STATS oops::VariableChange::VariableChange                :         0.26       3            0.0872
OOPS_STATS oops::VariableChange::changeVar                     :        20.92       3            6.9738
OOPS_STATS oops::VariableChange::~VariableChange               :         0.03       3            0.0087
OOPS_STATS oops::util::FieldSetHelpers::readFieldSet           :      7608.74       2         3804.3686
OOPS_STATS saber::Localization::Localization                   :      7664.66       1         7664.6628
OOPS_STATS saber::Localization::multiply                       :    154992.38    1080          143.5115
OOPS_STATS saber::Localization::~Localization                  :         0.00       1            0.0001
OOPS_STATS ufo::ObsFilter::ObsFilter                           :         0.40       5            0.0794
OOPS_STATS ufo::ObsFilter::checkFilterData                     :         0.84      15            0.0561
OOPS_STATS ufo::ObsFilter::postFilter                          :        32.05       5            6.4105
OOPS_STATS ufo::ObsFilter::preProcess                          :         0.01       5            0.0024
OOPS_STATS ufo::ObsFilter::priorFilter                         :         2.83       5            0.5663
OOPS_STATS ufo::ObsFilter::~ObsFilter                          :       116.53       9           12.9473
OOPS_STATS util::Timers::measured                              :    364986.53       1       364986.5292
OOPS_STATS ------------------------------------ Timing Statistics -------------------------------------

OOPS_STATS ------------------------------------------------------------------------------------------------------------------
OOPS_STATS ---------------------------------- Parallel Timing Statistics ( 800 MPI tasks) -----------------------------------
OOPS_STATS ------------------------------------------------------------------------------------------------------------------
OOPS_STATS Name                                                :     min (ms)    max (ms)    avg (ms)     % total   imbal (%)
OOPS_STATS oops::Covariance::EnsembleCovariance                :     61344.28    61345.94    61345.07       16.79        0.00
OOPS_STATS oops::Covariance::ensemble::multiply                :    202449.64   203422.01   202817.27       55.50        0.48
OOPS_STATS oops::Diffusion::multiplySqrtAD                     :     48735.57    50314.11    49512.70       13.55        3.19
OOPS_STATS oops::Diffusion::multiplySqrtTL                     :     39526.68    67125.26    42524.79       11.64       64.90
OOPS_STATS oops::Geometry::Geometry                            :     51605.39    53009.06    52923.38       14.48        2.65
OOPS_STATS oops::Geometry::~Geometry                           :       528.08      718.19      630.29        0.17       30.16
OOPS_STATS oops::GeometryData::setGlobalTree                   :      1807.43     1958.23     1891.75        0.52        7.97
OOPS_STATS oops::GetValues::fillGeoVaLsTL                      :       250.42      714.16      551.57        0.15       84.08
OOPS_STATS oops::GetValues::finalizeAD                         :       473.77      942.66      548.98        0.15       85.41
OOPS_STATS oops::Increment::Increment                          :     12403.74    30718.63    21527.16        5.89       85.08
OOPS_STATS oops::Increment::axpy                               :      3636.99     4608.68     4202.25        1.15       23.12
OOPS_STATS oops::Increment::dot_product_with                   :      6003.55     7564.43     6789.73        1.86       22.99
OOPS_STATS oops::Increment::fromFieldSet                       :      7321.24    17585.48     9327.75        2.55      110.04
OOPS_STATS oops::Increment::operator+=                         :      6783.85    11214.08     8754.03        2.40       50.61
OOPS_STATS oops::Increment::operator=                          :      2728.22     7763.79     4744.56        1.30      106.13
OOPS_STATS oops::Increment::print                              :     15912.38    45258.17    31067.56        8.50       94.46
OOPS_STATS oops::Increment::schur_product_with                 :      5370.06    13499.75     9760.42        2.67       83.29
OOPS_STATS oops::Increment::toFieldSet                         :      7153.33    16805.78     9524.45        2.61      101.34
OOPS_STATS oops::LinearVariableChange::changeVarAD             :      1002.29     2192.54     1597.72        0.44       74.50
OOPS_STATS oops::LinearVariableChange::changeVarTL             :       336.48     1164.92      922.62        0.25       89.79
OOPS_STATS oops::LocalInterpolator::preprocess                 :        60.94     1322.90     1265.60        0.35       99.71
OOPS_STATS oops::Localization::Localization                    :      7635.79     7848.00     7685.30        2.10        2.76
OOPS_STATS oops::Localization::multiply                        :    158901.93   184410.34   170873.68       46.76       14.93
OOPS_STATS oops::ObsSpace::ObsSpace                            :       616.97      684.57      652.66        0.18       10.36
OOPS_STATS oops::ObsSpace::save                                :      2374.74     2547.28     2455.39        0.67        7.03
OOPS_STATS oops::State::State                                  :     55263.63    55498.58    55371.69       15.15        0.42
OOPS_STATS oops::State::write                                  :     17051.19    18271.75    18245.92        4.99        6.69
OOPS_STATS oops::util::FieldSetHelpers::readFieldSet           :      7428.12     7608.74     7478.20        2.05        2.42
OOPS_STATS saber::Localization::Localization                   :      7635.77     7847.98     7685.28        2.10        2.76
OOPS_STATS saber::Localization::multiply                       :    146093.01   179789.09   161957.45       44.32       20.81
OOPS_STATS util::Timers::measured                              :    364984.46   365222.78   365137.74       99.91        0.07
OOPS_STATS oops::Run::execute                                  :    365310.35   365536.81   365457.87      100.00        0.06
OOPS_STATS ---------------------------------- Parallel Timing Statistics ( 800 MPI tasks) -----------------------------------

OOPS_STATS Run end                                  - Runtime:    366.60 sec,  Memory: total:  3970.79 GB, per task: min =     4.67 GB, max =     7.26 GB
Run: Finishing oops::Variational<MPAS, UFO and IODA observations> with status = 0
OOPS Ending   2026-05-22 13:09:44 (UTC+0000)
