Configuration input file is: jedivar.pass2.yaml
Full configuration is:YAMLConfiguration[path=jedivar.pass2.yaml, root={_member => {date => 2026-06-06T09:00:00Z , state variables => (water_vapor_mixing_ratio_wrt_moist_air,air_pressure_at_surface,air_temperature,northward_wind,eastward_wind,cloud_liquid_water,cloud_liquid_ice,rain_water,snow_water,graupel,equivalent_reflectivity_factor,upward_air_velocity) , stream name => ensemble} , output => {filename => mpasout.nc , stream name => analysis} , variational => {minimizer => {algorithm => DRPCG} , iterations => ({geometry => {nml_file => ./namelist.atmosphere , streams_file => ./streams.atmosphere , deallocate non-da fields => true , interpolation type => unstructured} , gradient norm reduction => 0.001 , ninner => 75})} , cost function => {cost type => 3D-Var , time window => {begin => 2026-06-06T07:00:00Z , length => PT4H} , jb evaluation => false , geometry => {nml_file => ./namelist.atmosphere , streams_file => ./streams.atmosphere , deallocate non-da fields => true , interpolation type => unstructured} , analysis variables => (water_vapor_mixing_ratio_wrt_moist_air,air_pressure_at_surface,air_temperature,northward_wind,eastward_wind,cloud_liquid_water,cloud_liquid_ice,rain_water,snow_water,graupel,equivalent_reflectivity_factor,upward_air_velocity) , background => {state variables => (water_vapor_mixing_ratio_wrt_moist_air,air_pressure_at_surface,air_temperature,northward_wind,eastward_wind,air_potential_temperature,dry_air_density,u,water_vapor_mixing_ratio_wrt_dry_air,air_pressure,landmask,seaice_fraction,snowc,skin_temperature_at_surface,ivgtyp,isltyp,snowh,vegetation_area_fraction,air_temperature_at_2m,water_vapor_mixing_ratio_wrt_moist_air_at_2m,eastward_wind_at_10m,northward_wind_at_10m,lai,smois,tslb,pressure_p,cloud_liquid_water,cloud_liquid_ice,graupel,rain_water,snow_water,cldfrac,equivalent_reflectivity_factor,w,upward_air_velocity) , filename => mpasout.nc , date => 2026-06-06T09:00:00Z} , background error => {covariance model => ensemble , localization => {localization method => SABER , saber central block => {saber block name => diffusion , active variables => (water_vapor_mixing_ratio_wrt_moist_air,air_pressure_at_surface,air_temperature,northward_wind,eastward_wind,cloud_liquid_water,cloud_liquid_ice,rain_water,snow_water,graupel,equivalent_reflectivity_factor,upward_air_velocity) , read => {groups => ({variables => (water_vapor_mixing_ratio_wrt_moist_air,air_pressure_at_surface,air_temperature,northward_wind,eastward_wind,cloud_liquid_water,cloud_liquid_ice,rain_water,snow_water,graupel,equivalent_reflectivity_factor,upward_air_velocity) , multivariate strategy => duplicated , horizontal => {filepath => data/diffusionloc/mpas_conus3km.diffusion_hz} , vertical => {levels => 59 , filepath => data/diffusionloc/mpas_conus3km.diffusion_vt}})}}} , members from template => {template => {date => 2026-06-06T09:00:00Z , state variables => (water_vapor_mixing_ratio_wrt_moist_air,air_pressure_at_surface,air_temperature,northward_wind,eastward_wind,cloud_liquid_water,cloud_liquid_ice,rain_water,snow_water,graupel,equivalent_reflectivity_factor,upward_air_velocity) , stream name => ensemble , filename => ./data/ens/mem%iMember%.nc} , pattern => %iMember% , start => 1 , zero padding => 3 , nmembers => 30}} , observations => {observers => ({obs space => {name => refl10cm , distribution => {name => RoundRobin , halo size => 500000} , obsdatain => {engine => {type => H5File , obsfile => data/obs/ioda_mrms_refl.nc , missing file action => warn}} , obsdataout => {engine => {type => H5File , allow overwrite => true , obsfile => jdiag_mrms_refl.nc}} , io pool => {write multiple files => false} , _source => mrms , simulated variables => (equivalentReflectivityFactor)} , obs operator => {name => VertInterp , vertical coordinate => height_above_mean_sea_level , observation vertical coordinate => height , interpolation method => linear , observation alias file => obsop_name_map.yaml} , obs localizations => ({localization method => Horizontal Gaspari-Cohn , lengthscale => 200000}) , _obsname => refl10cm , obs filters => ({filter => Background Check , filter variables => ({name => equivalentReflectivityFactor}) , threshold => 12 , action => {name => reject}})})}}}]
OOPS_STATS ObjectCountHelper started.
OOPS_STATS Run start                                - Runtime:      0.97 sec,  Memory: total:   104.06 GB, per task: min =   128.97 MB, max =   130.55 MB
Run: Starting oops::Variational<MPAS, UFO and IODA observations>
OOPS_STATS Variational start                        - Runtime:     0.97 sec,  Local Memory:   130.55 MB
==> create geom
atlas::mpi::push(world)
Increase halo 1
atlas::mpi::pop(world)
atlas::mpi::push(world)
atlas::mpi::pop(world)
atlas::mpi::push(world)
atlas::mpi::pop(world)
atlas::mpi::push(world)
atlas::mpi::pop(world)
refl10cm: read database from data/obs/ioda_mrms_refl.nc (io pool size: 800)
refl10cm processed vars: 1 Variables: equivalentReflectivityFactor
refl10cm assimilated vars: 1 Variables: equivalentReflectivityFactor
refl10cm: 0 observations are outside of time window out of 3883534
refl10cm: 0 observations were rejected by QC checks out of 3883534
No bias-correction is performed for this ObsSpace.
3DVar window: TimeWindow: start = 2026-06-06T07:00:00Z, end = 2026-06-06T11:00:00Z, inclusive upper bound.

OOPS_STATS IncrementalAssimilation start            - Runtime:    33.37 sec,  Local Memory:     2.28 GB
Running incremental assimilation with 1 outer iterations.
Minimizer algorithm=DRPCG
QNewtonLMP: maxouter : 1
IncrementalAssimilation: Configuration for outer iteration 0:
LocalConfiguration[root={geometry => {nml_file => ./namelist.atmosphere , streams_file => ./streams.atmosphere , deallocate non-da fields => true , interpolation type => unstructured} , gradient norm reduction => 0.001 , ninner => 75 , iteration => 0 , total iterations => 1}]
OOPS_STATS IncrementalAssimilation iteration 0      - Runtime:    33.37 sec,  Local Memory:     2.28 GB
==> create geom
atlas::mpi::push(world)
Increase halo 1
atlas::mpi::pop(world)
atlas::mpi::push(world)
atlas::mpi::pop(world)
atlas::mpi::push(world)
atlas::mpi::pop(world)
atlas::mpi::push(world)
atlas::mpi::pop(world)
Key "mesh[address=0x3ae8030],halo[size=1]" not found in cache "NodeColumnsHaloExchangeCache" , creating new, removable with key "mesh[address=0x3ae8030],halo[size=1]"
Key "mesh[address=0x6fe1a80],halo[size=1]" not found in cache "NodeColumnsHaloExchangeCache" , creating new, removable with key "mesh[address=0x6fe1a80],halo[size=1]"
processWhere: selected 0 obs.
BackgroundCheck obserr: 
refl10cm equivalentReflectivityFactor nlocs = 3883534, nobs = 3883534, min = 5, max = 5, avg = 5
processing a float: 12
ObsErrorDiagonal covariance updated 3790101
Observer::finalize QC = 
refl10cm equivalentReflectivityFactor nlocs = 3883534, nobs = 3883534, min = 0, max = 19, avg = 0
CostJo Observations: 
refl10cm nobs= 3883534 Min=0, Max=57.3465, RMS=4.29951

Jo Observations:
Jo Obs :refl10cm:equivalentReflectivityFactor   : Nobs=  3790101, Min= 0.000000e+00, Max= 5.734652e+01, RMS= 4.342007e+00
Jo Observations Equivalent:
Jo H(x):refl10cm:equivalentReflectivityFactor   : Nobs=  3790101, Min= 0.000000e+00, Max= 5.833558e+01, RMS= 4.260153e+00
Jo Bias Corrected Departures:
Jo Dep :refl10cm:equivalentReflectivityFactor   : Nobs=  3790101, Min=-5.734652e+01, Max= 5.833558e+01, RMS= 3.995433e+00
Jo Observations Errors:
UFO Diagonal observation error covariance, inverse variances: refl10cm nobs= 3790101 Min=0.04, Max=0.04, RMS=0.04



CostJo   : Nonlinear Jo(refl10cm) = 1.21006e+06, nobs = 3790101, Jo/n = 0.31927, err = 5
CostJo   : Nonlinear Jo = 1.21006e+06
Increment:diff x1 4
Increment:diff x2 35
Increment:diff x1 5
Increment:diff x2 36
Increment:diff x1 6
Increment:diff x2 37
Increment:diff x1 7
Increment:diff x2 38
Increment:diff x1 8
Increment:diff x2 39
Increment:diff x1 9
Increment:diff x2 40
Increment:diff x1 10
Increment:diff x2 41
Increment:diff x1 11
Increment:diff x2 42
Increment:diff x1 12
Increment:diff x2 43
Increment:diff x1 13
Increment:diff x2 44
Increment:diff x1 14
Increment:diff x2 45
Increment:diff x1 15
Increment:diff x2 46
Increment:diff x1 16
Increment:diff x2 47
Increment:diff x1 17
Increment:diff x2 48
Increment:diff x1 18
Increment:diff x2 49
Increment:diff x1 19
Increment:diff x2 50
Increment:diff x1 20
Increment:diff x2 51
Increment:diff x1 21
Increment:diff x2 52
Increment:diff x1 22
Increment:diff x2 53
Increment:diff x1 23
Increment:diff x2 54
Increment:diff x1 24
Increment:diff x2 55
Increment:diff x1 25
Increment:diff x2 56
Increment:diff x1 26
Increment:diff x2 57
Increment:diff x1 27
Increment:diff x2 58
Increment:diff x1 28
Increment:diff x2 59
Increment:diff x1 29
Increment:diff x2 60
Increment:diff x1 30
Increment:diff x2 61
Increment:diff x1 31
Increment:diff x2 62
Increment:diff x1 32
Increment:diff x2 63
Increment:diff x1 33
Increment:diff x2 64
Info     : Prepare ensemble configuration
Info     : Read full ensemble
Info     : Creating central block: 
Info     : SaberCentralBlock using multivariate strategy: deprecated
Info     : Creating single central block.
Info     : Read data

==================================================================================
 saber::Diffusion read
----------------------------------------------------------------------------------

group 1 of 1
atlas::mpi::push(world)
atlas::mpi::pop(world)
variables: [water_vapor_mixing_ratio_wrt_moist_air,air_pressure_at_surface,air_temperature,northward_wind,eastward_wind,cloud_liquid_water,cloud_liquid_ice,rain_water,snow_water,graupel,equivalent_reflectivity_factor,upward_air_velocity]
multivariate strategy: duplicated
Reading horizontal parameters
  levels: 1
Key "mesh[address=0x6fe1a80]" not found in cache "NodeColumnsGatherScatterCache" , creating new, removable with key "mesh[address=0x6fe1a80]"
  Info     : Reading file: data/diffusionloc/mpas_conus3km.diffusion_hz.nc
atlas::mpi::push(world)
atlas::mpi::pop(world)
  hzScales:  min: 4087.19  mean: 4087.19  max: 4087.19
  hzNorm:    min: 2.4414  mean: 3.71484  max: 4.05626
Reading vertical parameters
  levels: 59
  vertical strategy: normal
  Info     : Reading file: data/diffusionloc/mpas_conus3km.diffusion_vt.nc
atlas::mpi::push(world)
atlas::mpi::pop(world)
  vtScales:  min: 11  mean: 11  max: 11
  vtNorm:    min: 3.7178  mean: 4.83632  max: 5.25235
Diffusion: horizontal iterations: 6
Diffusion: vertical iterations: 242
Increment:diff x1 2
Increment:diff x2 1
==================================================================================

CostJb: FG-BG
  Valid time: 2026-06-06T09:00:00Z
  Resolution: nCellsGlobal = 2341818, nFields = 12
Fld=1  Min=0, Max=0, RMS=0 : water_vapor_mixing_ratio_wrt_moist_air
Fld=2  Min=0, Max=0, RMS=0 : air_pressure_at_surface
Fld=3  Min=0, Max=0, RMS=0 : air_temperature
Fld=4  Min=0, Max=0, RMS=0 : northward_wind
Fld=5  Min=0, Max=0, RMS=0 : eastward_wind
Fld=6  Min=0, Max=0, RMS=0 : cloud_liquid_water
Fld=7  Min=0, Max=0, RMS=0 : cloud_liquid_ice
Fld=8  Min=0, Max=0, RMS=0 : rain_water
Fld=9  Min=0, Max=0, RMS=0 : snow_water
Fld=10  Min=0, Max=0, RMS=0 : graupel
Fld=11  Min=0, Max=0, RMS=0 : equivalent_reflectivity_factor
Fld=12  Min=0, Max=0, RMS=0 : upward_air_velocity
Increment:diff x1 2
Increment:diff x2 1
CostJb: FG-BG
  Valid time: 2026-06-06T09:00:00Z
  Resolution: nCellsGlobal = 2341818, nFields = 12
Fld=1  Min=0, Max=0, RMS=0 : water_vapor_mixing_ratio_wrt_moist_air
Fld=2  Min=0, Max=0, RMS=0 : air_pressure_at_surface
Fld=3  Min=0, Max=0, RMS=0 : air_temperature
Fld=4  Min=0, Max=0, RMS=0 : northward_wind
Fld=5  Min=0, Max=0, RMS=0 : eastward_wind
Fld=6  Min=0, Max=0, RMS=0 : cloud_liquid_water
Fld=7  Min=0, Max=0, RMS=0 : cloud_liquid_ice
Fld=8  Min=0, Max=0, RMS=0 : rain_water
Fld=9  Min=0, Max=0, RMS=0 : snow_water
Fld=10  Min=0, Max=0, RMS=0 : graupel
Fld=11  Min=0, Max=0, RMS=0 : equivalent_reflectivity_factor
Fld=12  Min=0, Max=0, RMS=0 : upward_air_velocity
CostFunction: Nonlinear J = 1.21006e+06
OOPS_STATS IncrementalAssimilation linearize 0      - Runtime:   136.01 sec,  Local Memory:     7.01 GB

DRPCGMinimizer: max iter = 75, requested norm reduction = 0.001
CostFunction::computeGradientFG: gradient:
  Valid time: 2026-06-06T09:00:00Z
  Resolution: nCellsGlobal = 2341818, nFields = 12
Fld=1  Min=0, Max=0, RMS=0 : water_vapor_mixing_ratio_wrt_moist_air
Fld=2  Min=0, Max=0, RMS=0 : air_pressure_at_surface
Fld=3  Min=0, Max=0, RMS=0 : air_temperature
Fld=4  Min=0, Max=0, RMS=0 : northward_wind
Fld=5  Min=0, Max=0, RMS=0 : eastward_wind
Fld=6  Min=0, Max=0, RMS=0 : cloud_liquid_water
Fld=7  Min=0, Max=0, RMS=0 : cloud_liquid_ice
Fld=8  Min=0, Max=0, RMS=0 : rain_water
Fld=9  Min=0, Max=0, RMS=0 : snow_water
Fld=10  Min=0, Max=0, RMS=0 : graupel
Fld=11  Min=-1.64512, Max=1.83321, RMS=0.0154676 : equivalent_reflectivity_factor
Fld=12  Min=0, Max=0, RMS=0 : upward_air_velocity
DRPCGMinimizer rhs
  Valid time: 2026-06-06T09:00:00Z
  Resolution: nCellsGlobal = 2341818, nFields = 12
Fld=1  Min=-0, Max=-0, RMS=0 : water_vapor_mixing_ratio_wrt_moist_air
Fld=2  Min=-0, Max=-0, RMS=0 : air_pressure_at_surface
Fld=3  Min=-0, Max=-0, RMS=0 : air_temperature
Fld=4  Min=-0, Max=-0, RMS=0 : northward_wind
Fld=5  Min=-0, Max=-0, RMS=0 : eastward_wind
Fld=6  Min=-0, Max=-0, RMS=0 : cloud_liquid_water
Fld=7  Min=-0, Max=-0, RMS=0 : cloud_liquid_ice
Fld=8  Min=-0, Max=-0, RMS=0 : rain_water
Fld=9  Min=-0, Max=-0, RMS=0 : snow_water
Fld=10  Min=-0, Max=-0, RMS=0 : graupel
Fld=11  Min=-1.83321, Max=1.64512, RMS=0.0154676 : equivalent_reflectivity_factor
Fld=12  Min=-0, Max=-0, RMS=0 : upward_air_velocity
Initial RHS squared norm = 33056.3
OOPS_STATS DRPCG start                              - Runtime:   136.15 sec,  Local Memory:     7.01 GB
normr0 33056.3
  Residual norm ( 0) = 8214.915402721797
  Norm reduction ( 0) = 1

  Quadratic cost function: J   ( 0) = 1210064.387173661
  Quadratic cost function: Jb  ( 0) = 0
  Quadratic cost function: JoJc( 0) = 1210064.387173661


 DRPCG Starting Iteration 1
OOPS_STATS DRPCG iteration 1                        - Runtime:   141.69 sec,  Local Memory:     7.01 GB
rdots 2.68627e+07      iteration    0
DRPCG end of iteration 1
  Residual norm ( 1) = 5182.92383526962
  Norm reduction ( 1) = 0.6309162762105126

  Quadratic cost function: J   ( 1) = 765670.1076470092
  Quadratic cost function: Jb  ( 1) = 5852.76011891629
  Quadratic cost function: JoJc( 1) = 759817.3475280929

 DRPCG Starting Iteration 2
OOPS_STATS DRPCG iteration 2                        - Runtime:   147.35 sec,  Local Memory:     7.01 GB
rdots 1.63176e+07      iteration    1
DRPCG end of iteration 2
  Residual norm ( 2) = 4039.503310602365
  Norm reduction ( 2) = 0.4917279256782098

  Quadratic cost function: J   ( 2) = 618669.8557716156
  Quadratic cost function: Jb  ( 2) = 11974.07085339013
  Quadratic cost function: JoJc( 2) = 606695.7849182255

 DRPCG Starting Iteration 3
OOPS_STATS DRPCG iteration 3                        - Runtime:   153.07 sec,  Local Memory:     7.01 GB
rdots 8.89373e+06      iteration    2
DRPCG end of iteration 3
  Residual norm ( 3) = 2982.236530309988
  Norm reduction ( 3) = 0.363027053123627

  Quadratic cost function: J   ( 3) = 526990.4455453369
  Quadratic cost function: Jb  ( 3) = 19099.60561751054
  Quadratic cost function: JoJc( 3) = 507890.8399278264

 DRPCG Starting Iteration 4
OOPS_STATS DRPCG iteration 4                        - Runtime:   158.78 sec,  Local Memory:     7.01 GB
rdots 5.59378e+06      iteration    3
DRPCG end of iteration 4
  Residual norm ( 4) = 2365.118300238373
  Norm reduction ( 4) = 0.2879053750760175

  Quadratic cost function: J   ( 4) = 472128.2123204828
  Quadratic cost function: Jb  ( 4) = 25862.7000850532
  Quadratic cost function: JoJc( 4) = 446265.5122354296

 DRPCG Starting Iteration 5
OOPS_STATS DRPCG iteration 5                        - Runtime:   164.45 sec,  Local Memory:     7.01 GB
rdots 3.22817e+06      iteration    4
DRPCG end of iteration 5
  Residual norm ( 5) = 1796.710758671136
  Norm reduction ( 5) = 0.2187132393446003

  Quadratic cost function: J   ( 5) = 430623.6872021449
  Quadratic cost function: Jb  ( 5) = 33401.02062203019
  Quadratic cost function: JoJc( 5) = 397222.6665801147

 DRPCG Starting Iteration 6
rdots 2.3734e+06      iteration    5
DRPCG end of iteration 6
  Residual norm ( 6) = 1540.583565119623
  Norm reduction ( 6) = 0.1875349275793139

  Quadratic cost function: J   ( 6) = 404116.9351630128
  Quadratic cost function: Jb  ( 6) = 40109.20978523225
  Quadratic cost function: JoJc( 6) = 364007.7253777806

 DRPCG Starting Iteration 7
rdots 1.66499e+06      iteration    6
DRPCG end of iteration 7
  Residual norm ( 7) = 1290.345328380791
  Norm reduction ( 7) = 0.1570734773425991

  Quadratic cost function: J   ( 7) = 385136.4701564112
  Quadratic cost function: Jb  ( 7) = 46449.69087800569
  Quadratic cost function: JoJc( 7) = 338686.7792784055

 DRPCG Starting Iteration 8
rdots 1.23765e+06      iteration    7
DRPCG end of iteration 8
  Residual norm ( 8) = 1112.495402991194
  Norm reduction ( 8) = 0.1354238416895441

  Quadratic cost function: J   ( 8) = 371519.6714151471
  Quadratic cost function: Jb  ( 8) = 52229.30752390173
  Quadratic cost function: JoJc( 8) = 319290.3638912454

 DRPCG Starting Iteration 9
rdots 973948      iteration    8
DRPCG end of iteration 9
  Residual norm ( 9) = 986.8878138318869
  Norm reduction ( 9) = 0.120133655120162

  Quadratic cost function: J   ( 9) = 362433.3706665447
  Quadratic cost function: Jb  ( 9) = 56935.71384649982
  Quadratic cost function: JoJc( 9) = 305497.6568200449

 DRPCG Starting Iteration 10
OOPS_STATS DRPCG iteration 10                       - Runtime:   193.68 sec,  Local Memory:     7.01 GB
rdots 697739      iteration    9
DRPCG end of iteration 10
  Residual norm (10) = 835.3074289091094
  Norm reduction (10) = 0.1016818053454759

  Quadratic cost function: J   (10) = 355188.6878190939
  Quadratic cost function: Jb  (10) = 61398.03246403404
  Quadratic cost function: JoJc(10) = 293790.6553550599

 DRPCG Starting Iteration 11
rdots 561842      iteration    10
DRPCG end of iteration 11
  Residual norm (11) = 749.5613781620449
  Norm reduction (11) = 0.09124395583108469

  Quadratic cost function: J   (11) = 349848.3480256933
  Quadratic cost function: Jb  (11) = 65249.12976743955
  Quadratic cost function: JoJc(11) = 284599.2182582538

 DRPCG Starting Iteration 12
rdots 426657      iteration    11
DRPCG end of iteration 12
  Residual norm (12) = 653.1900626852436
  Norm reduction (12) = 0.07951269497782365

  Quadratic cost function: J   (12) = 345741.7513407065
  Quadratic cost function: Jb  (12) = 68658.83773599417
  Quadratic cost function: JoJc(12) = 277082.9136047123

 DRPCG Starting Iteration 13
rdots 301563      iteration    12
DRPCG end of iteration 13
  Residual norm (13) = 549.1473749977041
  Norm reduction (13) = 0.0668475995280193

  Quadratic cost function: J   (13) = 342503.8109973642
  Quadratic cost function: Jb  (13) = 71719.11136228206
  Quadratic cost function: JoJc(13) = 270784.6996350822

 DRPCG Starting Iteration 14
rdots 228315      iteration    13
DRPCG end of iteration 14
  Residual norm (14) = 477.8229795579372
  Norm reduction (14) = 0.0581652952140716

  Quadratic cost function: J   (14) = 339912.3933498714
  Quadratic cost function: Jb  (14) = 74488.65082613003
  Quadratic cost function: JoJc(14) = 265423.7425237413

 DRPCG Starting Iteration 15
OOPS_STATS DRPCG iteration 15                       - Runtime:   225.00 sec,  Local Memory:     7.01 GB
rdots 177858      iteration    14
DRPCG end of iteration 15
  Residual norm (15) = 421.732359858442
  Norm reduction (15) = 0.05133739535756047

  Quadratic cost function: J   (15) = 337972.6121780258
  Quadratic cost function: Jb  (15) = 76813.47675086019
  Quadratic cost function: JoJc(15) = 261159.1354271656

 DRPCG Starting Iteration 16
rdots 125261      iteration    15
DRPCG end of iteration 16
  Residual norm (16) = 353.9227435867845
  Norm reduction (16) = 0.04308294440494438

  Quadratic cost function: J   (16) = 336463.7583760889
  Quadratic cost function: Jb  (16) = 78822.52230416096
  Quadratic cost function: JoJc(16) = 257641.236071928

 DRPCG Starting Iteration 17
rdots 103704      iteration    16
DRPCG end of iteration 17
  Residual norm (17) = 322.0307265207215
  Norm reduction (17) = 0.03920073558079796

  Quadratic cost function: J   (17) = 335363.9809375275
  Quadratic cost function: Jb  (17) = 80434.98554247248
  Quadratic cost function: JoJc(17) = 254928.995395055

 DRPCG Starting Iteration 18
rdots 71218.8      iteration    17
DRPCG end of iteration 18
  Residual norm (18) = 266.868421188965
  Norm reduction (18) = 0.03248583924559286

  Quadratic cost function: J   (18) = 334504.4739309731
  Quadratic cost function: Jb  (18) = 81811.90628175056
  Quadratic cost function: JoJc(18) = 252692.5676492225

 DRPCG Starting Iteration 19
rdots 51919.7      iteration    18
DRPCG end of iteration 19
  Residual norm (19) = 227.8590438012121
  Norm reduction (19) = 0.02773723558074827

  Quadratic cost function: J   (19) = 333812.5719980721
  Quadratic cost function: Jb  (19) = 83019.79877240369
  Quadratic cost function: JoJc(19) = 250792.7732256684

 DRPCG Starting Iteration 20
OOPS_STATS DRPCG iteration 20                       - Runtime:   254.45 sec,  Local Memory:     7.01 GB
rdots 39650.9      iteration    19
DRPCG end of iteration 20
  Residual norm (20) = 199.1254398606361
  Norm reduction (20) = 0.02423949975122825

  Quadratic cost function: J   (20) = 333314.7853726752
  Quadratic cost function: Jb  (20) = 83962.45177026196
  Quadratic cost function: JoJc(20) = 249352.3336024132

 DRPCG Starting Iteration 21
rdots 30015.7      iteration    20
DRPCG end of iteration 21
  Residual norm (21) = 173.2504261477555
  Norm reduction (21) = 0.02108973953527915

  Quadratic cost function: J   (21) = 332960.9883304052
  Quadratic cost function: Jb  (21) = 84682.96049856469
  Quadratic cost function: JoJc(21) = 248278.0278318405

 DRPCG Starting Iteration 22
rdots 22081      iteration    21
DRPCG end of iteration 22
  Residual norm (22) = 148.5968727827079
  Norm reduction (22) = 0.01808866744184295

  Quadratic cost function: J   (22) = 332682.2494530603
  Quadratic cost function: Jb  (22) = 85290.55680398138
  Quadratic cost function: JoJc(22) = 247391.692649079

 DRPCG Starting Iteration 23
rdots 16830.5      iteration    22
DRPCG end of iteration 23
  Residual norm (23) = 129.7323760393321
  Norm reduction (23) = 0.01579229604681609

  Quadratic cost function: J   (23) = 332473.4147204228
  Quadratic cost function: Jb  (23) = 85776.58869277358
  Quadratic cost function: JoJc(23) = 246696.8260276492

 DRPCG Starting Iteration 24
rdots 13073.9      iteration    23
DRPCG end of iteration 24
  Residual norm (24) = 114.3409590326486
  Norm reduction (24) = 0.01391870194971999

  Quadratic cost function: J   (24) = 332317.4057770725
  Quadratic cost function: Jb  (24) = 86162.74042229718
  Quadratic cost function: JoJc(24) = 246154.6653547754

 DRPCG Starting Iteration 25
OOPS_STATS DRPCG iteration 25                       - Runtime:   286.91 sec,  Local Memory:     7.01 GB
rdots 9501.86      iteration    24
DRPCG end of iteration 25
  Residual norm (25) = 97.47746510653496
  Norm reduction (25) = 0.01186591222524803

  Quadratic cost function: J   (25) = 332204.2698196962
  Quadratic cost function: Jb  (25) = 86459.14121469838
  Quadratic cost function: JoJc(25) = 245745.1286049978

 DRPCG Starting Iteration 26
rdots 7254.75      iteration    25
DRPCG end of iteration 26
  Residual norm (26) = 85.17484262477205
  Norm reduction (26) = 0.01036831646453128

  Quadratic cost function: J   (26) = 332116.4673618473
  Quadratic cost function: Jb  (26) = 86701.84243832601
  Quadratic cost function: JoJc(26) = 245414.6249235213

 DRPCG Starting Iteration 27
rdots 5431.18      iteration    26
DRPCG end of iteration 27
  Residual norm (27) = 73.69657198209403
  Norm reduction (27) = 0.008971068887413813

  Quadratic cost function: J   (27) = 332053.6494595122
  Quadratic cost function: Jb  (27) = 86884.48635183035
  Quadratic cost function: JoJc(27) = 245169.1631076818

 DRPCG Starting Iteration 28
rdots 3653.99      iteration    27
DRPCG end of iteration 28
  Residual norm (28) = 60.44823723780105
  Norm reduction (28) = 0.007358351763156698

  Quadratic cost function: J   (28) = 332002.1689924884
  Quadratic cost function: Jb  (28) = 87041.68779153757
  Quadratic cost function: JoJc(28) = 244960.4812009509

 DRPCG Starting Iteration 29
rdots 2926.51      iteration    28
DRPCG end of iteration 29
  Residual norm (29) = 54.09724347684212
  Norm reduction (29) = 0.006585246569784324

  Quadratic cost function: J   (29) = 331963.6268484602
  Quadratic cost function: Jb  (29) = 87165.33091555364
  Quadratic cost function: JoJc(29) = 244798.2959329065

 DRPCG Starting Iteration 30
OOPS_STATS DRPCG iteration 30                       - Runtime:   317.80 sec,  Local Memory:     7.01 GB
rdots 2226.11      iteration    29
DRPCG end of iteration 30
  Residual norm (30) = 47.18163487246415
  Norm reduction (30) = 0.005743410925063422

  Quadratic cost function: J   (30) = 331937.3665857539
  Quadratic cost function: Jb  (30) = 87253.49610689186
  Quadratic cost function: JoJc(30) = 244683.870478862

 DRPCG Starting Iteration 31
rdots 1555.13      iteration    30
DRPCG end of iteration 31
  Residual norm (31) = 39.43509332612746
  Norm reduction (31) = 0.004800425980413831

  Quadratic cost function: J   (31) = 331916.4529143508
  Quadratic cost function: Jb  (31) = 87326.77879914152
  Quadratic cost function: JoJc(31) = 244589.6741152093

 DRPCG Starting Iteration 32
rdots 1288.15      iteration    31
DRPCG end of iteration 32
  Residual norm (32) = 35.89083539339046
  Norm reduction (32) = 0.00436898417499211

  Quadratic cost function: J   (32) = 331902.0311594037
  Quadratic cost function: Jb  (32) = 87379.42048259565
  Quadratic cost function: JoJc(32) = 244522.6106768081

 DRPCG Starting Iteration 33
rdots 915.298      iteration    32
DRPCG end of iteration 33
  Residual norm (33) = 30.25388716939726
  Norm reduction (33) = 0.003682799601244028

  Quadratic cost function: J   (33) = 331890.9378160295
  Quadratic cost function: Jb  (33) = 87421.48977041928
  Quadratic cost function: JoJc(33) = 244469.4480456102

 DRPCG Starting Iteration 34
rdots 716.06      iteration    33
DRPCG end of iteration 34
  Residual norm (34) = 26.75929636973244
  Norm reduction (34) = 0.003257403765943402

  Quadratic cost function: J   (34) = 331882.5661448441
  Quadratic cost function: Jb  (34) = 87454.44161162988
  Quadratic cost function: JoJc(34) = 244428.1245332142

 DRPCG Starting Iteration 35
OOPS_STATS DRPCG iteration 35                       - Runtime:   348.83 sec,  Local Memory:     7.01 GB
rdots 500.378      iteration    34
DRPCG end of iteration 35
  Residual norm (35) = 22.3691279157998
  Norm reduction (35) = 0.002722989442884388

  Quadratic cost function: J   (35) = 331876.1593073052
  Quadratic cost function: Jb  (35) = 87480.59175042523
  Quadratic cost function: JoJc(35) = 244395.56755688

 DRPCG Starting Iteration 36
rdots 394.412      iteration    35
DRPCG end of iteration 36
  Residual norm (36) = 19.85981206276345
  Norm reduction (36) = 0.002417530928703589

  Quadratic cost function: J   (36) = 331871.3277253958
  Quadratic cost function: Jb  (36) = 87501.02609250657
  Quadratic cost function: JoJc(36) = 244370.3016328892

 DRPCG Starting Iteration 37
rdots 277.298      iteration    36
DRPCG end of iteration 37
  Residual norm (37) = 16.65225677771754
  Norm reduction (37) = 0.002027075868876294

  Quadratic cost function: J   (37) = 331867.6571785419
  Quadratic cost function: Jb  (37) = 87517.09968759361
  Quadratic cost function: JoJc(37) = 244350.5574909483

 DRPCG Starting Iteration 38
rdots 209.78      iteration    37
DRPCG end of iteration 38
  Residual norm (38) = 14.48380054052958
  Norm reduction (38) = 0.001763110127187768

  Quadratic cost function: J   (38) = 331864.9946066374
  Quadratic cost function: Jb  (38) = 87529.1560025067
  Quadratic cost function: JoJc(38) = 244335.8386041307

 DRPCG Starting Iteration 39
rdots 164.398      iteration    38
DRPCG end of iteration 39
  Residual norm (39) = 12.82179516075685
  Norm reduction (39) = 0.001560794546527975

  Quadratic cost function: J   (39) = 331863.0576415231
  Quadratic cost function: Jb  (39) = 87538.20933220736
  Quadratic cost function: JoJc(39) = 244324.8483093157

 DRPCG Starting Iteration 40
OOPS_STATS DRPCG iteration 40                       - Runtime:   380.11 sec,  Local Memory:     7.01 GB
rdots 128.041      iteration    39
DRPCG end of iteration 40
  Residual norm (40) = 11.31553425211353
  Norm reduction (40) = 0.001377437709019428

  Quadratic cost function: J   (40) = 331861.6500312246
  Quadratic cost function: Jb  (40) = 87544.9878981853
  Quadratic cost function: JoJc(40) = 244316.6621330393

 DRPCG Starting Iteration 41
rdots 93.5172      iteration    40
DRPCG end of iteration 41
  Residual norm (41) = 9.670427771907333
  Norm reduction (41) = 0.001177179228005597

  Quadratic cost function: J   (41) = 331860.5674258128
  Quadratic cost function: Jb  (41) = 87550.35285513345
  Quadratic cost function: JoJc(41) = 244310.2145706794

 DRPCG Starting Iteration 42
rdots 65.1639      iteration    41
DRPCG end of iteration 42
  Residual norm (42) = 8.072418687964424
  Norm reduction (42) = 0.0009826539035678735

  Quadratic cost function: J   (42) = 331859.6835806032
  Quadratic cost function: Jb  (42) = 87554.86256120472
  Quadratic cost function: JoJc(42) = 244304.8210193985

DRPCG: Achieved required reduction in residual norm.
OOPS_STATS DRPCG end                                - Runtime:   399.23 sec,  Local Memory:     7.01 GB
DRPCGMinimizer: reduction in residual norm = 0.000982654
DRPCGMinimizer output increment:
  Valid time: 2026-06-06T09:00:00Z
  Resolution: nCellsGlobal = 2341818, nFields = 12
Fld=1  Min=-0.0109268, Max=0.0187501, RMS=0.000103721 : water_vapor_mixing_ratio_wrt_moist_air
Fld=2  Min=-87.0368, Max=104.26, RMS=1.85836 : air_pressure_at_surface
Fld=3  Min=-12.7748, Max=11.7006, RMS=0.0933491 : air_temperature
Fld=4  Min=-37.3981, Max=29.4996, RMS=0.34325 : northward_wind
Fld=5  Min=-32.6859, Max=32.4162, RMS=0.357328 : eastward_wind
Fld=6  Min=-0.00390348, Max=0.00420346, RMS=1.52131e-05 : cloud_liquid_water
Fld=7  Min=-0.000968107, Max=0.00131899, RMS=3.49365e-06 : cloud_liquid_ice
Fld=8  Min=-0.00603787, Max=0.0060207, RMS=2.8593e-05 : rain_water
Fld=9  Min=-0.00589713, Max=0.00770875, RMS=4.49187e-05 : snow_water
Fld=10  Min=-0.0057769, Max=0.00506946, RMS=2.05383e-05 : graupel
Fld=11  Min=-74.5667, Max=91.735, RMS=2.19633 : equivalent_reflectivity_factor
Fld=12  Min=0, Max=0, RMS=0 : upward_air_velocity
CostFunction::addIncrement: First guess:
  Valid time: 2026-06-06T09:00:00Z
  Resolution: nCellsGlobal = 2341818, nFields = 35
Fld=1  Min=0, Max=0.0217024, RMS=0.0061549 : water_vapor_mixing_ratio_wrt_moist_air
Fld=2  Min=63664.6, Max=102112, RMS=96232.9 : air_pressure_at_surface
Fld=3  Min=190.135, Max=310.632, RMS=260.894 : air_temperature
Fld=4  Min=-40.3143, Max=50.7054, RMS=7.87536 : northward_wind
Fld=5  Min=-22.7962, Max=53.8337, RMS=11.0397 : eastward_wind
Fld=6  Min=274.053, Max=644.811, RMS=356.066 : air_potential_temperature
Fld=7  Min=0.038299, Max=1.27204, RMS=0.779057 : dry_air_density
Fld=8  Min=-58.3223, Max=58.1988, RMS=9.55508 : u
Fld=9  Min=0, Max=0.0221838, RMS=0.00622872 : water_vapor_mixing_ratio_wrt_dry_air
Fld=10  Min=2439.72, Max=102004, RMS=64156.6 : air_pressure
Fld=11  Min=0, Max=1, RMS=0.790008 : landmask
Fld=12  Min=0, Max=0.997171, RMS=0.0232342 : seaice_fraction
Fld=13  Min=0, Max=1, RMS=0.0523134 : snowc
Fld=14  Min=253.524, Max=308.546, RMS=290.379 : skin_temperature_at_surface
Fld=15  Min=1, Max=19, RMS=12.7664 : ivgtyp
Fld=16  Min=1, Max=16, RMS=9.97061 : isltyp
Fld=17  Min=0, Max=7.5, RMS=0.154891 : snowh
Fld=18  Min=0, Max=0.930115, RMS=0.422073 : vegetation_area_fraction
Fld=19  Min=257.988, Max=308.966, RMS=290.445 : air_temperature_at_2m
Fld=20  Min=0.000158865, Max=0.0220225, RMS=0.0114661 : water_vapor_mixing_ratio_wrt_moist_air_at_2m
Fld=21  Min=-16.5696, Max=16.2341, RMS=3.20133 : eastward_wind_at_10m
Fld=22  Min=-13.0962, Max=13.7958, RMS=3.4261 : northward_wind_at_10m
Fld=23  Min=0, Max=6.56538, RMS=1.72987 : lai
Fld=24  Min=0.00200001, Max=1, RMS=0.633773 : smois
Fld=25  Min=261.547, Max=313.337, RMS=290.813 : tslb
Fld=26  Min=-888.976, Max=5621, RMS=3018.23 : pressure_p
Fld=27  Min=0, Max=0.00576757, RMS=4.51304e-05 : cloud_liquid_water
Fld=28  Min=0, Max=0.00173662, RMS=3.95066e-06 : cloud_liquid_ice
Fld=29  Min=0, Max=0.012473, RMS=2.67031e-05 : graupel
Fld=30  Min=0, Max=0.00868956, RMS=4.0635e-05 : rain_water
Fld=31  Min=0, Max=0.00639976, RMS=6.66239e-05 : snow_water
Fld=32  Min=0, Max=1, RMS=0.19541 : cldfrac
Fld=33  Min=0, Max=72.5394, RMS=3.61513 : equivalent_reflectivity_factor
Fld=34  Min=-9.10504, Max=29.7638, RMS=0.142864 : w
Fld=35  Min=0, Max=0, RMS=0 : upward_air_velocity
CostFunction::addIncrement: Increment:
  Valid time: 2026-06-06T09:00:00Z
  Resolution: nCellsGlobal = 2341818, nFields = 12
Fld=1  Min=-0.0109268, Max=0.0187501, RMS=0.000103721 : water_vapor_mixing_ratio_wrt_moist_air
Fld=2  Min=-87.0368, Max=104.26, RMS=1.85836 : air_pressure_at_surface
Fld=3  Min=-12.7748, Max=11.7006, RMS=0.0933491 : air_temperature
Fld=4  Min=-37.3981, Max=29.4996, RMS=0.34325 : northward_wind
Fld=5  Min=-32.6859, Max=32.4162, RMS=0.357328 : eastward_wind
Fld=6  Min=-0.00390348, Max=0.00420346, RMS=1.52131e-05 : cloud_liquid_water
Fld=7  Min=-0.000968107, Max=0.00131899, RMS=3.49365e-06 : cloud_liquid_ice
Fld=8  Min=-0.00603787, Max=0.0060207, RMS=2.8593e-05 : rain_water
Fld=9  Min=-0.00589713, Max=0.00770875, RMS=4.49187e-05 : snow_water
Fld=10  Min=-0.0057769, Max=0.00506946, RMS=2.05383e-05 : graupel
Fld=11  Min=-74.5667, Max=91.735, RMS=2.19633 : equivalent_reflectivity_factor
Fld=12  Min=0, Max=0, RMS=0 : upward_air_velocity
CostFunction::addIncrement: Analysis: 
  Valid time: 2026-06-06T09:00:00Z
  Resolution: nCellsGlobal = 2341818, nFields = 35
Fld=1  Min=0, Max=0.0274409, RMS=0.00615649 : water_vapor_mixing_ratio_wrt_moist_air
Fld=2  Min=63664.6, Max=102112, RMS=96232.9 : air_pressure_at_surface
Fld=3  Min=186.202, Max=310.632, RMS=260.895 : air_temperature
Fld=4  Min=-46.8399, Max=50.8114, RMS=7.88117 : northward_wind
Fld=5  Min=-25.9808, Max=60.8676, RMS=11.0445 : eastward_wind
Fld=6  Min=274.053, Max=644.811, RMS=356.066 : air_potential_temperature
Fld=7  Min=0.038299, Max=1.27204, RMS=0.779054 : dry_air_density
Fld=8  Min=-62.3046, Max=60.6934, RMS=9.56012 : u
Fld=9  Min=0, Max=0.0282152, RMS=0.00623036 : water_vapor_mixing_ratio_wrt_dry_air
Fld=10  Min=2434.75, Max=102004, RMS=64156.7 : air_pressure
Fld=11  Min=0, Max=1, RMS=0.790008 : landmask
Fld=12  Min=0, Max=0.997171, RMS=0.0232342 : seaice_fraction
Fld=13  Min=0, Max=1, RMS=0.0523134 : snowc
Fld=14  Min=253.524, Max=308.546, RMS=290.379 : skin_temperature_at_surface
Fld=15  Min=1, Max=19, RMS=12.7664 : ivgtyp
Fld=16  Min=1, Max=16, RMS=9.97061 : isltyp
Fld=17  Min=0, Max=7.5, RMS=0.154891 : snowh
Fld=18  Min=0, Max=0.930115, RMS=0.422073 : vegetation_area_fraction
Fld=19  Min=257.905, Max=308.966, RMS=290.446 : air_temperature_at_2m
Fld=20  Min=0.000158865, Max=0.0229407, RMS=0.0114663 : water_vapor_mixing_ratio_wrt_moist_air_at_2m
Fld=21  Min=-16.5696, Max=16.2341, RMS=3.20133 : eastward_wind_at_10m
Fld=22  Min=-13.0962, Max=13.7958, RMS=3.4261 : northward_wind_at_10m
Fld=23  Min=0, Max=6.56538, RMS=1.72987 : lai
Fld=24  Min=0.00200001, Max=1, RMS=0.633773 : smois
Fld=25  Min=261.547, Max=313.337, RMS=290.813 : tslb
Fld=26  Min=-900.271, Max=5621, RMS=3018.32 : pressure_p
Fld=27  Min=0, Max=0.00566694, RMS=4.52843e-05 : cloud_liquid_water
Fld=28  Min=0, Max=0.00152797, RMS=4.77529e-06 : cloud_liquid_ice
Fld=29  Min=0, Max=0.0121075, RMS=2.64166e-05 : graupel
Fld=30  Min=0, Max=0.00855799, RMS=3.57919e-05 : rain_water
Fld=31  Min=0, Max=0.00772083, RMS=7.20648e-05 : snow_water
Fld=32  Min=0, Max=1, RMS=0.19541 : cldfrac
Fld=33  Min=0, Max=91.735, RMS=3.20969 : equivalent_reflectivity_factor
Fld=34  Min=-9.10504, Max=29.7638, RMS=0.142864 : w
Fld=35  Min=0, Max=0, RMS=0 : upward_air_velocity
OOPS_STATS IncrementalAssimilation end              - Runtime:   399.40 sec,  Local Memory:     7.01 GB
Variational: incremental assimilation done 1 iterations.
QC refl10cm equivalentReflectivityFactor: 93428 H(x) failed.
QC refl10cm equivalentReflectivityFactor: 5 rejected by first-guess check.
QC refl10cm equivalentReflectivityFactor: 3790101 passed out of 3883534 observations.
ObsErrorDiagonal covariance updated 3790101
Observer::finalize QC = 
refl10cm equivalentReflectivityFactor nlocs = 3883534, nobs = 3883534, min = 0, max = 19, avg = 0
Jo Observations:
Jo Obs :refl10cm:equivalentReflectivityFactor   : Nobs=  3790101, Min= 0.000000e+00, Max= 5.734652e+01, RMS= 4.342007e+00
Jo Observations Equivalent:
Jo H(x):refl10cm:equivalentReflectivityFactor   : Nobs=  3790101, Min= 0.000000e+00, Max= 6.557078e+01, RMS= 3.931743e+00
Jo Bias Corrected Departures:
Jo Dep :refl10cm:equivalentReflectivityFactor   : Nobs=  3790101, Min=-5.117244e+01, Max= 5.374635e+01, RMS= 1.798860e+00
Jo Observations Errors:
UFO Diagonal observation error covariance, inverse variances: refl10cm nobs= 3790101 Min=0.04, Max=0.04, RMS=0.04



CostJo   : Nonlinear Jo(refl10cm) = 245288, nobs = 3790101, Jo/n = 0.064718, err = 5
CostJo   : Nonlinear Jo = 245288
Increment:diff x1 2
Increment:diff x2 1
CostJb: FG-BG
  Valid time: 2026-06-06T09:00:00Z
  Resolution: nCellsGlobal = 2341818, nFields = 12
Fld=1  Min=-0.00992822, Max=0.0187501, RMS=0.000103584 : water_vapor_mixing_ratio_wrt_moist_air
Fld=2  Min=-87.0368, Max=104.26, RMS=1.85836 : air_pressure_at_surface
Fld=3  Min=-12.7748, Max=11.7006, RMS=0.0933491 : air_temperature
Fld=4  Min=-37.3981, Max=29.4996, RMS=0.34325 : northward_wind
Fld=5  Min=-32.6859, Max=32.4162, RMS=0.357328 : eastward_wind
Fld=6  Min=-0.00187405, Max=0.00420346, RMS=1.20624e-05 : cloud_liquid_water
Fld=7  Min=-0.000750969, Max=0.00131899, RMS=3.10154e-06 : cloud_liquid_ice
Fld=8  Min=-0.0053379, Max=0.0060207, RMS=1.93955e-05 : rain_water
Fld=9  Min=-0.0041481, Max=0.00770875, RMS=4.12567e-05 : snow_water
Fld=10  Min=-0.00517588, Max=0.00506946, RMS=1.6001e-05 : graupel
Fld=11  Min=-62.047, Max=91.735, RMS=2.13793 : equivalent_reflectivity_factor
Fld=12  Min=0, Max=0, RMS=0 : upward_air_velocity
CostFunction: Nonlinear J = 245288
OOPS_STATS Variational end                          - Runtime:   403.08 sec,  Local Memory:     7.01 GB
==> destruct MPAS corelist and domain:  0
Tried to erase key "mesh[address=0x3ae8030],halo[size=0]" from cache "NodeColumnsHaloExchangeCache" but it was not found.
Erased key "mesh[address=0x3ae8030],halo[size=1]" from cache "NodeColumnsHaloExchangeCache".
==> destruct MPAS corelist and domain:  1
refl10cm: save database to jdiag_mrms_refl.nc (io pool size: 4)
QC refl10cm equivalentReflectivityFactor: 93428 H(x) failed.
QC refl10cm equivalentReflectivityFactor: 5 rejected by first-guess check.
QC refl10cm equivalentReflectivityFactor: 3790101 passed out of 3883534 observations.
Erased key "mesh[address=0x6fe1a80]" from cache "NodeColumnsGatherScatterCache".
Tried to erase key "mesh[address=0x6fe1a80],halo[size=0]" from cache "NodeColumnsHaloExchangeCache" but it was not found.
Erased key "mesh[address=0x6fe1a80],halo[size=1]" from cache "NodeColumnsHaloExchangeCache".

Run: Finishing oops::Variational<MPAS, UFO and IODA observations>
OOPS_STATS  
OOPS_STATS ----------------------------------------------------------------------------------
OOPS_STATS --------------------------- Object counts ----------------------------------------
OOPS_STATS ----------------------------------------------------------------------------------
OOPS_STATS                                      Total  Simult. Remain    Avg (Mb)    HWM (Mb)
OOPS_STATS ioda::ObsDataVector             :        8       5        
OOPS_STATS ioda::ObsVector                 :      104       8        
OOPS_STATS mpas::Geometry                  :        2       2        
OOPS_STATS mpas::Increment                 :     3054     131        
OOPS_STATS mpas::LinVarChaModel2GeoVars    :        1       1        
OOPS_STATS mpas::ModelBias                 :        4       3        
OOPS_STATS mpas::ModelBiasCovariance       :        1       1        
OOPS_STATS mpas::State                     :       75      34        
OOPS_STATS mpas::VarChaModel2GeoVars       :        3       1        
OOPS_STATS oops::ControlIncrement          :      186      98               15.22     1491.60
OOPS_STATS oops::ControlVariable           :        4       3        
OOPS_STATS oops::Diffusion                 :        1       1        
OOPS_STATS oops::EnsembleCovariance        :        1       1             3526.38     3526.38
OOPS_STATS oops::GeoVaLs                   :       88       1        
OOPS_STATS oops::Geometry                  :        2       2        
OOPS_STATS oops::GetValues                 :        3       2        
OOPS_STATS oops::Increment                 :     2968     131               15.02     1993.88
OOPS_STATS oops::LinearObsOperator         :        1       1        
OOPS_STATS oops::LocalInterpolator         :     2400    1600        
OOPS_STATS oops::Localization              :        1       1        
OOPS_STATS oops::ModelAuxControl           :        4       3        
OOPS_STATS oops::ModelAuxCovariance        :        1       1        
OOPS_STATS oops::ModelAuxIncrement         :      186      98        
OOPS_STATS oops::ObsAuxControl             :        4       3        
OOPS_STATS oops::ObsAuxCovariance          :        1       1        
OOPS_STATS oops::ObsAuxIncrement           :      186      98        
OOPS_STATS oops::ObsAuxIncrements          :      186      98        
OOPS_STATS oops::ObsAuxPreconditioner      :        2       2        
OOPS_STATS oops::ObsDataVector             :        4       4        
OOPS_STATS oops::ObsDiagnostics            :        2       1        
OOPS_STATS oops::ObsError                  :        1       1        
OOPS_STATS oops::ObsOperator               :        2       2        
OOPS_STATS oops::ObsSpace                  :        1       1                3.03        3.03
OOPS_STATS oops::ObsSpaces                 :        1       1        
OOPS_STATS oops::ObsVector                 :      104       7                0.04        0.23
OOPS_STATS oops::SampledLocations          :        8       4        
OOPS_STATS oops::State                     :       72      34               21.39      702.08
OOPS_STATS oops::UnstructuredInterpolator  :     2400    1600        
OOPS_STATS oops::VariableChange            :        3       1        
OOPS_STATS ufo::BackgroundCheck            :        1       1        
OOPS_STATS ufo::FinalCheck                 :        2       2        
OOPS_STATS ufo::GeoVaLs                    :       91       2        
OOPS_STATS ufo::ObsBias                    :        4       3        
OOPS_STATS ufo::ObsBiasCovariance          :        1       1        
OOPS_STATS ufo::ObsBiasPreconditioner      :        1       1        
OOPS_STATS ufo::ObsFilter                  :        9       6        
OOPS_STATS ufo::ObsFilterData              :        3       3        
OOPS_STATS ufo::ObsVertInterp              :        2       2        
OOPS_STATS ufo::ObsVertInterpTLAD          :        1       1        
OOPS_STATS ufo::SampledLocations           :        4       3        
OOPS_STATS ----------------------------- Object counts --------------------------------------
OOPS_STATS  
OOPS_STATS --------------------------------------------------------------------------------------------
OOPS_STATS ------------------------------------ Timing Statistics -------------------------------------
OOPS_STATS --------------------------------------------------------------------------------------------
OOPS_STATS Name                                                :   total (ms)   count    time/call (ms)
OOPS_STATS ObsFilter::Background Check::ObsFilter              :         0.09       1            0.0943
OOPS_STATS ObsFilter::Background Check::postFilter             :        11.02       1           11.0236
OOPS_STATS ObsFilter::Background Check::preProcess             :         0.00       1            0.0020
OOPS_STATS ObsFilter::Background Check::priorFilter            :         0.02       1            0.0244
OOPS_STATS ObsFilter::Final Check::ObsFilter                   :         3.29       2            1.6443
OOPS_STATS ObsFilter::Final Check::postFilter                  :         0.04       2            0.0216
OOPS_STATS ObsFilter::Final Check::preProcess                  :         0.37       2            0.1834
OOPS_STATS ObsFilter::Final Check::priorFilter                 :         0.00       2            0.0013
OOPS_STATS ObsFilter::QCmanager::ObsFilter                     :         1.03       2            0.5128
OOPS_STATS ObsFilter::QCmanager::postFilter                    :         0.21       2            0.1070
OOPS_STATS ObsFilter::QCmanager::preProcess                    :         0.00       2            0.0001
OOPS_STATS ObsFilter::QCmanager::priorFilter                   :         0.00       2            0.0001
OOPS_STATS ioda::ObsSpace::get_db(DateTime)                    :         3.27       4            0.8172
OOPS_STATS ioda::ObsSpace::get_db(double)                      :         0.82       5            0.1648
OOPS_STATS ioda::ObsSpace::get_db(float)                       :        15.54      12            1.2948
OOPS_STATS ioda::ObsSpace::load                                :       699.03       1          699.0263
OOPS_STATS ioda::ObsSpace::put_db(double)                      :         1.10       6            0.1837
OOPS_STATS ioda::ObsSpace::put_db(float)                       :         0.08       2            0.0383
OOPS_STATS ioda::ObsSpace::put_db(int)                         :         3.23       2            1.6158
OOPS_STATS mpas::LinVarChaModel2GeoVars::LinVarChaModel2GeoVar :         2.98       1            2.9845
OOPS_STATS mpas::LinVarChaModel2GeoVars::changeVarAD           :       840.07      43           19.5365
OOPS_STATS mpas::LinVarChaModel2GeoVars::changeVarTL           :       151.20      42            3.6000
OOPS_STATS mpas::LinVarChaModel2GeoVars::~LinVarChaModel2GeoVa :         0.04       1            0.0370
OOPS_STATS mpas::VarChaModel2GeoVars::VarChaModel2GeoVars      :         0.04       3            0.0142
OOPS_STATS mpas::VarChaModel2GeoVars::changeVar                :        12.63       3            4.2101
OOPS_STATS mpas::VarChaModel2GeoVars::~VarChaModel2GeoVars     :         0.01       3            0.0022
OOPS_STATS oops::Covariance::EnsembleCovariance                :     81191.09       1        81191.0918
OOPS_STATS oops::Covariance::ensemble::Constructor             :         0.01       1            0.0055
OOPS_STATS oops::Covariance::ensemble::multiply                :    239173.26      43         5562.1689
OOPS_STATS oops::Diffusion::Diffusion                          :         0.00       1            0.0001
OOPS_STATS oops::Diffusion::calculateDerivedGeom               :         1.88       1            1.8792
OOPS_STATS oops::Diffusion::multiplySqrtAD                     :     59611.67    1290           46.2106
OOPS_STATS oops::Diffusion::multiplySqrtTL                     :     50890.36    1290           39.4499
OOPS_STATS oops::Diffusion::setParameters                      :         5.18       1            5.1806
OOPS_STATS oops::GeoVaLs::GeoVaLs                              :        23.07      88            0.2621
OOPS_STATS oops::GeoVaLs::fill                                 :        30.67   30096            0.0010
OOPS_STATS oops::GeoVaLs::fillAD                               :        21.38   26961            0.0008
OOPS_STATS oops::GeoVaLs::~GeoVaLs                             :         0.52      88            0.0059
OOPS_STATS oops::Geometry::Geometry                            :     48255.91       2        24127.9558
OOPS_STATS oops::Geometry::variableSizes                       :         4.05      11            0.3681
OOPS_STATS oops::Geometry::~Geometry                           :       453.32       2          226.6583
OOPS_STATS oops::GeometryData::containingTriangleAndBarycentri :        44.86   20427            0.0022
OOPS_STATS oops::GeometryData::setGlobalTree                   :      1795.64       2          897.8200
OOPS_STATS oops::GeometryData::setLocalTree                    :         3.15       2            1.5764
OOPS_STATS oops::GeometryData::setMeshAndTriangulation         :         0.28       2            0.1423
OOPS_STATS oops::GetValues::GetValues                          :       239.61       3           79.8688
OOPS_STATS oops::GetValues::fillGeoVaLs                        :        50.09       3           16.6956
OOPS_STATS oops::GetValues::fillGeoVaLsAD                      :       115.48      43            2.6857
OOPS_STATS oops::GetValues::fillGeoVaLsTL                      :       777.33      42           18.5078
OOPS_STATS oops::GetValues::finalize                           :        18.46       3            6.1532
OOPS_STATS oops::GetValues::finalizeAD                         :       649.77      43           15.1110
OOPS_STATS oops::GetValues::finalizeTL                         :       102.94      42            2.4510
OOPS_STATS oops::GetValues::initialize                         :         1.80       3            0.5985
OOPS_STATS oops::GetValues::initializeAD                       :         5.20      43            0.1210
OOPS_STATS oops::GetValues::initializeTL                       :        20.19      42            0.4807
OOPS_STATS oops::GetValues::process                            :        17.38       3            5.7949
OOPS_STATS oops::GetValues::processAD                          :       126.51      43            2.9420
OOPS_STATS oops::GetValues::processTL                          :       140.04      42            3.3342
OOPS_STATS oops::Increment::Increment                          :     27452.46    2968            9.2495
OOPS_STATS oops::Increment::axpy                               :      6074.04     987            6.1540
OOPS_STATS oops::Increment::diff                               :       308.06      33            9.3351
OOPS_STATS oops::Increment::dot_product_with                   :      9086.29    1075            8.4524
OOPS_STATS oops::Increment::fromFieldSet                       :     11283.80    1333            8.4650
OOPS_STATS oops::Increment::operator*=                         :       248.47     127            1.9564
OOPS_STATS oops::Increment::operator+=                         :     10188.01    1489            6.8422
OOPS_STATS oops::Increment::operator+=(State, Increment)       :        47.77       1           47.7700
OOPS_STATS oops::Increment::operator-=                         :       101.81      30            3.3938
OOPS_STATS oops::Increment::operator=                          :      5413.54    1644            3.2929
OOPS_STATS oops::Increment::print                              :     33653.53    1297           25.9472
OOPS_STATS oops::Increment::schur_product_with                 :     11315.92    2580            4.3860
OOPS_STATS oops::Increment::serialSize                         :         5.12     186            0.0275
OOPS_STATS oops::Increment::toFieldSet                         :     10359.04    1375            7.5338
OOPS_STATS oops::Increment::zero                               :       132.28     130            1.0175
OOPS_STATS oops::Increment::~Increment                         :       156.93    2968            0.0529
OOPS_STATS oops::LinearObsOper::refl10cm::LinearObsOperator    :         0.54       1            0.5372
OOPS_STATS oops::LinearObsOper::refl10cm::requiredVars         :         0.11      87            0.0012
OOPS_STATS oops::LinearObsOper::refl10cm::setTrajectory        :        50.90       1           50.8952
OOPS_STATS oops::LinearObsOper::refl10cm::simulateObsAD        :         2.67      43            0.0620
OOPS_STATS oops::LinearObsOper::refl10cm::simulateObsTL        :        11.25      42            0.2678
OOPS_STATS oops::LinearObsOper::refl10cm::~LinearObsOperator   :         1.37       1            1.3650
OOPS_STATS oops::LinearVariableChange::LinearVariableChange    :         0.04       1            0.0394
OOPS_STATS oops::LinearVariableChange::changeVarAD             :      1460.52      43           33.9655
OOPS_STATS oops::LinearVariableChange::changeVarTL             :       459.91      42           10.9503
OOPS_STATS oops::LinearVariableChange::changeVarTraj           :         3.00       1            2.9985
OOPS_STATS oops::LinearVariableChange::~LinearVariableChange   :         0.05       1            0.0481
OOPS_STATS oops::LocalInterpolator::LocalInterpolator          :        51.87    2400            0.0216
OOPS_STATS oops::LocalInterpolator::apply                      :        16.14    2400            0.0067
OOPS_STATS oops::LocalInterpolator::applyAD                    :       109.77   34400            0.0032
OOPS_STATS oops::LocalInterpolator::applyTL                    :       123.57   33600            0.0037
OOPS_STATS oops::LocalInterpolator::preprocess                 :       188.03      45            4.1784
OOPS_STATS oops::LocalInterpolator::preprocessAD               :        59.70      43            1.3883
OOPS_STATS oops::LocalInterpolator::~LocalInterpolator         :         1.46    2400            0.0006
OOPS_STATS oops::Localization::Localization                    :      7600.54       1         7600.5395
OOPS_STATS oops::Localization::multiply                        :    199698.46    1290          154.8050
OOPS_STATS oops::Localization::~Localization                   :         0.35       1            0.3547
OOPS_STATS oops::ModelAuxControl::ModelAuxControl              :         0.00       4            0.0011
OOPS_STATS oops::ModelAuxControl::print                        :         0.00       3            0.0007
OOPS_STATS oops::ModelAuxControl::~ModelAuxControl             :         0.00       4            0.0008
OOPS_STATS oops::ModelAuxCovariance::ModelAuxCovariance        :         0.00       1            0.0026
OOPS_STATS oops::ModelAuxCovariance::linearize                 :         0.00       1            0.0001
OOPS_STATS oops::ModelAuxCovariance::multiply                  :         0.01      43            0.0002
OOPS_STATS oops::ModelAuxCovariance::~ModelAuxCovariance       :         0.00       1            0.0005
OOPS_STATS oops::ModelAuxIncrement::ModelAuxIncrement          :         0.20     186            0.0011
OOPS_STATS oops::ModelAuxIncrement::axpy                       :         0.43     987            0.0004
OOPS_STATS oops::ModelAuxIncrement::diff                       :         0.00       3            0.0003
OOPS_STATS oops::ModelAuxIncrement::dot_product_with           :         0.28    1075            0.0003
OOPS_STATS oops::ModelAuxIncrement::operator*=                 :         0.04      83            0.0005
OOPS_STATS oops::ModelAuxIncrement::operator+=                 :         0.07     126            0.0005
OOPS_STATS oops::ModelAuxIncrement::operator+=ModelAuxControl  :         0.00       1            0.0001
OOPS_STATS oops::ModelAuxIncrement::operator=                  :         0.02      46            0.0004
OOPS_STATS oops::ModelAuxIncrement::print                      :         0.00       7            0.0006
OOPS_STATS oops::ModelAuxIncrement::serialSize                 :         0.01     186            0.0001
OOPS_STATS oops::ModelAuxIncrement::zero                       :         0.01      43            0.0002
OOPS_STATS oops::ModelAuxIncrement::~ModelAuxIncrement         :         0.04     186            0.0002
OOPS_STATS oops::ObsAuxControl::ObsAuxControl                  :         0.18       4            0.0443
OOPS_STATS oops::ObsAuxControl::print                          :         0.45       3            0.1491
OOPS_STATS oops::ObsAuxControl::requiredHdiagnostics           :         0.00       2            0.0002
OOPS_STATS oops::ObsAuxControl::requiredVars                   :         0.00       6            0.0002
OOPS_STATS oops::ObsAuxControl::write                          :         0.29       1            0.2903
OOPS_STATS oops::ObsAuxControl::~ObsAuxControl                 :         0.73       4            0.1836
OOPS_STATS oops::ObsAuxCovariance::ObsAuxCovariance            :         0.07       1            0.0748
OOPS_STATS oops::ObsAuxCovariance::inverseMultiply             :         0.07      43            0.0016
OOPS_STATS oops::ObsAuxCovariance::linearize                   :         4.20       1            4.1996
OOPS_STATS oops::ObsAuxCovariance::multiply                    :         0.21      43            0.0050
OOPS_STATS oops::ObsAuxCovariance::preconditioner              :         0.72       1            0.7247
OOPS_STATS oops::ObsAuxCovariance::write                       :         0.60       1            0.5960
OOPS_STATS oops::ObsAuxCovariance::~ObsAuxCovariance           :         0.01       1            0.0059
OOPS_STATS oops::ObsAuxIncrement::ObsAuxIncrement              :         7.85     186            0.0422
OOPS_STATS oops::ObsAuxIncrement::axpy                         :         1.28     987            0.0013
OOPS_STATS oops::ObsAuxIncrement::diff                         :         0.02       3            0.0062
OOPS_STATS oops::ObsAuxIncrement::dot_product_with             :         0.76    1075            0.0007
OOPS_STATS oops::ObsAuxIncrement::operator*=                   :         0.18      83            0.0021
OOPS_STATS oops::ObsAuxIncrement::operator+=                   :         0.46     126            0.0036
OOPS_STATS oops::ObsAuxIncrement::operator=                    :         0.04      46            0.0009
OOPS_STATS oops::ObsAuxIncrement::print                        :         0.01       7            0.0007
OOPS_STATS oops::ObsAuxIncrement::serialSize                   :         0.01     372            0.0000
OOPS_STATS oops::ObsAuxIncrement::zero                         :         0.06      43            0.0015
OOPS_STATS oops::ObsAuxIncrement::~ObsAuxIncrement             :         1.96     186            0.0106
OOPS_STATS oops::ObsAuxPreconditioner::multiply                :         0.09      43            0.0021
OOPS_STATS oops::ObsAuxPreconditioner::~ObsAuxPreconditioner   :         0.26       2            0.1325
OOPS_STATS oops::ObsDataVector::ObsDataVector                  :         0.10       4            0.0260
OOPS_STATS oops::ObsDataVector::mask                           :         0.01       2            0.0035
OOPS_STATS oops::ObsDataVector::operator=                      :         0.02       2            0.0086
OOPS_STATS oops::ObsDataVector::print                          :         2.37       2            1.1873
OOPS_STATS oops::ObsDataVector::save                           :         3.33       4            0.8317
OOPS_STATS oops::ObsDataVector::~ObsDataVector                 :         0.02       4            0.0055
OOPS_STATS oops::ObsDiagnostics::ObsDiagnostics                :         0.07       2            0.0357
OOPS_STATS oops::ObsDiagnostics::~ObsDiagnostics               :         0.02       2            0.0107
OOPS_STATS oops::ObsError::getRMSE                             :         0.69       4            0.1723
OOPS_STATS oops::ObsError::inverseMultiply                     :         0.37      44            0.0085
OOPS_STATS oops::ObsError::obserrors                           :         0.04       6            0.0072
OOPS_STATS oops::ObsError::update                              :         7.97       2            3.9827
OOPS_STATS oops::ObsError::~ObsError                           :         1.73       1            1.7272
OOPS_STATS oops::ObsOperator::refl10cm::ObsOperator            :         4.54       2            2.2675
OOPS_STATS oops::ObsOperator::refl10cm::computeReducedVars     :         2.06       3            0.6855
OOPS_STATS oops::ObsOperator::refl10cm::locations              :         1.40       3            0.4683
OOPS_STATS oops::ObsOperator::refl10cm::requiredVars           :         0.00       3            0.0008
OOPS_STATS oops::ObsOperator::refl10cm::simulateObs            :         1.20       2            0.6012
OOPS_STATS oops::ObsOperator::refl10cm::~ObsOperator           :         1.44       2            0.7208
OOPS_STATS oops::ObsSpace::ObsSpace                            :       701.71       1          701.7061
OOPS_STATS oops::ObsSpace::obsvariables                        :         0.00       3            0.0000
OOPS_STATS oops::ObsSpace::save                                :      2336.25       1         2336.2453
OOPS_STATS oops::ObsSpace::~ObsSpace                           :         4.10       1            4.0954
OOPS_STATS oops::ObsVector::ObsVector                          :         1.21     102            0.0118
OOPS_STATS oops::ObsVector::dot_product                        :         0.41       4            0.1025
OOPS_STATS oops::ObsVector::info                               :         1.81       6            0.3019
OOPS_STATS oops::ObsVector::operator*=                         :         0.01       2            0.0047
OOPS_STATS oops::ObsVector::operator-=                         :         0.02       2            0.0095
OOPS_STATS oops::ObsVector::operator=                          :         0.40       4            0.1002
OOPS_STATS oops::ObsVector::rms                                :         0.33       4            0.0818
OOPS_STATS oops::ObsVector::save                               :         1.13       6            0.1880
OOPS_STATS oops::ObsVector::zero                               :         0.05      44            0.0011
OOPS_STATS oops::ObsVector::~ObsVector                         :         0.25     102            0.0025
OOPS_STATS oops::Parameters::deserialize                       :        11.22      97            0.1157
OOPS_STATS oops::Parameters::serialize                         :         1.98      80            0.0248
OOPS_STATS oops::Run::execute                                  :    405219.35       1       405219.3546
OOPS_STATS oops::SampledLocations::SampledLocations            :         0.00       4            0.0003
OOPS_STATS oops::SampledLocations::latitudes                   :         0.00       3            0.0000
OOPS_STATS oops::SampledLocations::longitudes                  :         0.00       3            0.0000
OOPS_STATS oops::SampledLocations::times                       :         0.00       3            0.0000
OOPS_STATS oops::SampledLocations::~SampledLocations           :         7.38       8            0.9219
OOPS_STATS oops::State::State                                  :     75198.39      72         1044.4221
OOPS_STATS oops::State::print                                  :        54.06       3           18.0199
OOPS_STATS oops::State::toFieldSet                             :        22.00       5            4.3990
OOPS_STATS oops::State::variables                              :         0.00      58            0.0000
OOPS_STATS oops::State::write                                  :      3460.40       1         3460.3995
OOPS_STATS oops::State::zero                                   :        54.21      30            1.8071
OOPS_STATS oops::State::~State                                 :         7.44      72            0.1033
OOPS_STATS oops::UnstructuredInterpolator::UnstructuredInterpo :        51.01    2400            0.0213
OOPS_STATS oops::UnstructuredInterpolator::apply               :       130.05   36000            0.0036
OOPS_STATS oops::UnstructuredInterpolator::applyAD             :        77.71   34400            0.0023
OOPS_STATS oops::VariableChange::VariableChange                :         0.27       3            0.0916
OOPS_STATS oops::VariableChange::changeVar                     :        17.44       3            5.8126
OOPS_STATS oops::VariableChange::~VariableChange               :         0.02       3            0.0066
OOPS_STATS oops::util::FieldSetHelpers::readFieldSet           :      7545.51       2         3772.7538
OOPS_STATS saber::Localization::Localization                   :      7600.52       1         7600.5221
OOPS_STATS saber::Localization::multiply                       :    189433.69    1290          146.8478
OOPS_STATS saber::Localization::~Localization                  :         0.00       1            0.0001
OOPS_STATS ufo::ObsFilter::ObsFilter                           :         4.41       5            0.8828
OOPS_STATS ufo::ObsFilter::checkFilterData                     :         0.01      15            0.0003
OOPS_STATS ufo::ObsFilter::postFilter                          :        11.28       5            2.2569
OOPS_STATS ufo::ObsFilter::preProcess                          :         0.37       5            0.0744
OOPS_STATS ufo::ObsFilter::priorFilter                         :         0.03       5            0.0066
OOPS_STATS ufo::ObsFilter::~ObsFilter                          :        19.14       9            2.1267
OOPS_STATS util::Timers::measured                              :    404810.21       1       404810.2087
OOPS_STATS ------------------------------------ Timing Statistics -------------------------------------

OOPS_STATS ------------------------------------------------------------------------------------------------------------------
OOPS_STATS ---------------------------------- Parallel Timing Statistics ( 800 MPI tasks) -----------------------------------
OOPS_STATS ------------------------------------------------------------------------------------------------------------------
OOPS_STATS Name                                                :     min (ms)    max (ms)    avg (ms)     % total   imbal (%)
OOPS_STATS oops::Covariance::EnsembleCovariance                :     81190.55    81193.01    81190.99       20.04        0.00
OOPS_STATS oops::Covariance::ensemble::multiply                :    238618.60   239903.46   239142.38       59.02        0.54
OOPS_STATS oops::Diffusion::multiplySqrtAD                     :     58238.56    65290.23    59634.70       14.72       11.82
OOPS_STATS oops::Diffusion::multiplySqrtTL                     :     46350.56    80467.13    51854.03       12.80       65.79
OOPS_STATS oops::Geometry::Geometry                            :     48225.52    48411.52    48357.08       11.93        0.38
OOPS_STATS oops::Geometry::~Geometry                           :       439.12      620.97      540.78        0.13       33.63
OOPS_STATS oops::GeometryData::setGlobalTree                   :      1795.64     1934.23     1881.13        0.46        7.37
OOPS_STATS oops::GetValues::fillGeoVaLsTL                      :       304.14      858.77      669.54        0.17       82.84
OOPS_STATS oops::GetValues::finalizeAD                         :       514.03     1055.81      653.04        0.16       82.96
OOPS_STATS oops::Increment::Increment                          :     14232.18    29054.37    25009.88        6.17       59.27
OOPS_STATS oops::Increment::axpy                               :      5312.69     6605.12     5996.82        1.48       21.55
OOPS_STATS oops::Increment::dot_product_with                   :      8192.54    10313.64     9236.11        2.28       22.97
OOPS_STATS oops::Increment::fromFieldSet                       :      8745.83    21503.18    11230.30        2.77      113.60
OOPS_STATS oops::Increment::operator+=                         :      7749.95    13331.51    10239.25        2.53       54.51
OOPS_STATS oops::Increment::operator=                          :      3185.08     6716.34     5304.05        1.31       66.58
OOPS_STATS oops::Increment::print                              :     15218.53    52319.83    33732.06        8.32      109.99
OOPS_STATS oops::Increment::schur_product_with                 :      6355.78    13913.27    11105.63        2.74       68.05
OOPS_STATS oops::Increment::toFieldSet                         :      8467.31    19878.60    11488.73        2.84       99.33
OOPS_STATS oops::LinearVariableChange::changeVarAD             :      1122.14     2234.05     1549.24        0.38       71.77
OOPS_STATS oops::LinearVariableChange::changeVarTL             :       392.62      829.08      530.76        0.13       82.23
OOPS_STATS oops::Localization::Localization                    :      7502.43     7716.23     7582.66        1.87        2.82
OOPS_STATS oops::Localization::multiply                        :    197472.75   217379.30   202410.96       49.95        9.83
OOPS_STATS oops::ObsSpace::ObsSpace                            :       646.11      707.91      673.14        0.17        9.18
OOPS_STATS oops::ObsSpace::save                                :      2168.89     2337.41     2248.61        0.55        7.49
OOPS_STATS oops::State::State                                  :     75053.32    75290.07    75142.90       18.54        0.32
OOPS_STATS oops::State::write                                  :      3314.13     3486.61     3463.74        0.85        4.98
OOPS_STATS oops::util::FieldSetHelpers::readFieldSet           :      7301.67     7545.51     7378.27        1.82        3.30
OOPS_STATS saber::Localization::Localization                   :      7502.41     7716.21     7582.64        1.87        2.82
OOPS_STATS saber::Localization::multiply                       :    186613.76   211840.10   192015.53       47.39       13.14
OOPS_STATS util::Timers::measured                              :    404810.21   404985.95   404931.45       99.93        0.04
OOPS_STATS oops::Run::execute                                  :    405137.49   405242.56   405198.84      100.00        0.03
OOPS_STATS ---------------------------------- Parallel Timing Statistics ( 800 MPI tasks) -----------------------------------

OOPS_STATS Run end                                  - Runtime:    406.10 sec,  Memory: total:  4129.17 GB, per task: min =     4.84 GB, max =     7.01 GB
Run: Finishing oops::Variational<MPAS, UFO and IODA observations> with status = 0
OOPS Ending   2026-06-06 12:19:49 (UTC+0000)
