Configuration input file is: jedivar.pass2.yaml
Full configuration is:YAMLConfiguration[path=jedivar.pass2.yaml, root={_member => {date => 2026-05-28T21:00:00Z , state variables => (water_vapor_mixing_ratio_wrt_moist_air,air_pressure_at_surface,air_temperature,northward_wind,eastward_wind,cloud_liquid_water,cloud_liquid_ice,rain_water,snow_water,graupel,equivalent_reflectivity_factor,upward_air_velocity) , stream name => ensemble} , output => {filename => mpasout.nc , stream name => analysis} , variational => {minimizer => {algorithm => DRPCG} , iterations => ({geometry => {nml_file => ./namelist.atmosphere , streams_file => ./streams.atmosphere , deallocate non-da fields => true , interpolation type => unstructured} , gradient norm reduction => 0.001 , ninner => 75})} , cost function => {cost type => 3D-Var , time window => {begin => 2026-05-28T19:00:00Z , length => PT4H} , jb evaluation => false , geometry => {nml_file => ./namelist.atmosphere , streams_file => ./streams.atmosphere , deallocate non-da fields => true , interpolation type => unstructured} , analysis variables => (water_vapor_mixing_ratio_wrt_moist_air,air_pressure_at_surface,air_temperature,northward_wind,eastward_wind,cloud_liquid_water,cloud_liquid_ice,rain_water,snow_water,graupel,equivalent_reflectivity_factor,upward_air_velocity) , background => {state variables => (water_vapor_mixing_ratio_wrt_moist_air,air_pressure_at_surface,air_temperature,northward_wind,eastward_wind,air_potential_temperature,dry_air_density,u,water_vapor_mixing_ratio_wrt_dry_air,air_pressure,landmask,seaice_fraction,snowc,skin_temperature_at_surface,ivgtyp,isltyp,snowh,vegetation_area_fraction,air_temperature_at_2m,water_vapor_mixing_ratio_wrt_moist_air_at_2m,eastward_wind_at_10m,northward_wind_at_10m,lai,smois,tslb,pressure_p,cloud_liquid_water,cloud_liquid_ice,graupel,rain_water,snow_water,cldfrac,equivalent_reflectivity_factor,w,upward_air_velocity) , filename => mpasout.nc , date => 2026-05-28T21:00:00Z} , background error => {covariance model => ensemble , localization => {localization method => SABER , saber central block => {saber block name => diffusion , active variables => (water_vapor_mixing_ratio_wrt_moist_air,air_pressure_at_surface,air_temperature,northward_wind,eastward_wind,cloud_liquid_water,cloud_liquid_ice,rain_water,snow_water,graupel,equivalent_reflectivity_factor,upward_air_velocity) , read => {groups => ({variables => (water_vapor_mixing_ratio_wrt_moist_air,air_pressure_at_surface,air_temperature,northward_wind,eastward_wind,cloud_liquid_water,cloud_liquid_ice,rain_water,snow_water,graupel,equivalent_reflectivity_factor,upward_air_velocity) , multivariate strategy => duplicated , horizontal => {filepath => data/diffusionloc/mpas_conus3km.diffusion_hz} , vertical => {levels => 59 , filepath => data/diffusionloc/mpas_conus3km.diffusion_vt}})}}} , members from template => {template => {date => 2026-05-28T21:00:00Z , state variables => (water_vapor_mixing_ratio_wrt_moist_air,air_pressure_at_surface,air_temperature,northward_wind,eastward_wind,cloud_liquid_water,cloud_liquid_ice,rain_water,snow_water,graupel,equivalent_reflectivity_factor,upward_air_velocity) , stream name => ensemble , filename => ./data/ens/mem%iMember%.nc} , pattern => %iMember% , start => 1 , zero padding => 3 , nmembers => 30}} , observations => {observers => ({obs space => {name => refl10cm , distribution => {name => RoundRobin , halo size => 500000} , obsdatain => {engine => {type => H5File , obsfile => data/obs/ioda_mrms_refl.nc , missing file action => warn}} , obsdataout => {engine => {type => H5File , allow overwrite => true , obsfile => jdiag_mrms_refl.nc}} , io pool => {write multiple files => false} , _source => mrms , simulated variables => (equivalentReflectivityFactor)} , obs operator => {name => VertInterp , vertical coordinate => height_above_mean_sea_level , observation vertical coordinate => height , interpolation method => linear , observation alias file => obsop_name_map.yaml} , obs localizations => ({localization method => Horizontal Gaspari-Cohn , lengthscale => 200000}) , _obsname => refl10cm , obs filters => ({filter => Background Check , filter variables => ({name => equivalentReflectivityFactor}) , threshold => 12 , action => {name => reject}})})}}}]
OOPS_STATS ObjectCountHelper started.
OOPS_STATS Run start                                - Runtime:      0.94 sec,  Memory: total:   104.22 GB, per task: min =   128.97 MB, max =   130.55 MB
Run: Starting oops::Variational<MPAS, UFO and IODA observations>
OOPS_STATS Variational start                        - Runtime:     0.94 sec,  Local Memory:   130.55 MB
==> create geom
atlas::mpi::push(world)
Increase halo 1
atlas::mpi::pop(world)
atlas::mpi::push(world)
atlas::mpi::pop(world)
atlas::mpi::push(world)
atlas::mpi::pop(world)
atlas::mpi::push(world)
atlas::mpi::pop(world)
refl10cm: read database from data/obs/ioda_mrms_refl.nc (io pool size: 800)
refl10cm processed vars: 1 Variables: equivalentReflectivityFactor
refl10cm assimilated vars: 1 Variables: equivalentReflectivityFactor
refl10cm: 0 observations are outside of time window out of 3908897
refl10cm: 0 observations were rejected by QC checks out of 3908897
No bias-correction is performed for this ObsSpace.
3DVar window: TimeWindow: start = 2026-05-28T19:00:00Z, end = 2026-05-28T23:00:00Z, inclusive upper bound.

OOPS_STATS IncrementalAssimilation start            - Runtime:    35.11 sec,  Local Memory:     2.50 GB
Running incremental assimilation with 1 outer iterations.
Minimizer algorithm=DRPCG
QNewtonLMP: maxouter : 1
IncrementalAssimilation: Configuration for outer iteration 0:
LocalConfiguration[root={geometry => {nml_file => ./namelist.atmosphere , streams_file => ./streams.atmosphere , deallocate non-da fields => true , interpolation type => unstructured} , gradient norm reduction => 0.001 , ninner => 75 , iteration => 0 , total iterations => 1}]
OOPS_STATS IncrementalAssimilation iteration 0      - Runtime:    35.11 sec,  Local Memory:     2.50 GB
==> create geom
atlas::mpi::push(world)
Increase halo 1
atlas::mpi::pop(world)
atlas::mpi::push(world)
atlas::mpi::pop(world)
atlas::mpi::push(world)
atlas::mpi::pop(world)
atlas::mpi::push(world)
atlas::mpi::pop(world)
Key "mesh[address=0x3dd5a90],halo[size=1]" not found in cache "NodeColumnsHaloExchangeCache" , creating new, removable with key "mesh[address=0x3dd5a90],halo[size=1]"
Key "mesh[address=0x6d6ef40],halo[size=1]" not found in cache "NodeColumnsHaloExchangeCache" , creating new, removable with key "mesh[address=0x6d6ef40],halo[size=1]"
processWhere: selected 0 obs.
BackgroundCheck obserr: 
refl10cm equivalentReflectivityFactor nlocs = 3908897, nobs = 3908897, min = 5, max = 5, avg = 5
processing a float: 12
ObsErrorDiagonal covariance updated 3790213
Observer::finalize QC = 
refl10cm equivalentReflectivityFactor nlocs = 3908897, nobs = 3908897, min = 0, max = 19, avg = 0
CostJo Observations: 
refl10cm nobs= 3908897 Min=0, Max=63.1206, RMS=4.57992

Jo Observations:
Jo Obs :refl10cm:equivalentReflectivityFactor   : Nobs=  3790213, Min= 0.000000e+00, Max= 6.312061e+01, RMS= 4.603598e+00
Jo Observations Equivalent:
Jo H(x):refl10cm:equivalentReflectivityFactor   : Nobs=  3790213, Min= 0.000000e+00, Max= 6.874570e+01, RMS= 4.609470e+00
Jo Bias Corrected Departures:
Jo Dep :refl10cm:equivalentReflectivityFactor   : Nobs=  3790213, Min=-5.976721e+01, Max= 5.976665e+01, RMS= 4.331594e+00
Jo Observations Errors:
UFO Diagonal observation error covariance, inverse variances: refl10cm nobs= 3790213 Min=0.04, Max=0.04, RMS=0.04



CostJo   : Nonlinear Jo(refl10cm) = 1.42229e+06, nobs = 3790213, Jo/n = 0.375254, err = 5
CostJo   : Nonlinear Jo = 1.42229e+06
Increment:diff x1 4
Increment:diff x2 35
Increment:diff x1 5
Increment:diff x2 36
Increment:diff x1 6
Increment:diff x2 37
Increment:diff x1 7
Increment:diff x2 38
Increment:diff x1 8
Increment:diff x2 39
Increment:diff x1 9
Increment:diff x2 40
Increment:diff x1 10
Increment:diff x2 41
Increment:diff x1 11
Increment:diff x2 42
Increment:diff x1 12
Increment:diff x2 43
Increment:diff x1 13
Increment:diff x2 44
Increment:diff x1 14
Increment:diff x2 45
Increment:diff x1 15
Increment:diff x2 46
Increment:diff x1 16
Increment:diff x2 47
Increment:diff x1 17
Increment:diff x2 48
Increment:diff x1 18
Increment:diff x2 49
Increment:diff x1 19
Increment:diff x2 50
Increment:diff x1 20
Increment:diff x2 51
Increment:diff x1 21
Increment:diff x2 52
Increment:diff x1 22
Increment:diff x2 53
Increment:diff x1 23
Increment:diff x2 54
Increment:diff x1 24
Increment:diff x2 55
Increment:diff x1 25
Increment:diff x2 56
Increment:diff x1 26
Increment:diff x2 57
Increment:diff x1 27
Increment:diff x2 58
Increment:diff x1 28
Increment:diff x2 59
Increment:diff x1 29
Increment:diff x2 60
Increment:diff x1 30
Increment:diff x2 61
Increment:diff x1 31
Increment:diff x2 62
Increment:diff x1 32
Increment:diff x2 63
Increment:diff x1 33
Increment:diff x2 64
Info     : Prepare ensemble configuration
Info     : Read full ensemble
Info     : Creating central block: 
Info     : SaberCentralBlock using multivariate strategy: deprecated
Info     : Creating single central block.
Info     : Read data

==================================================================================
 saber::Diffusion read
----------------------------------------------------------------------------------

group 1 of 1
atlas::mpi::push(world)
atlas::mpi::pop(world)
variables: [water_vapor_mixing_ratio_wrt_moist_air,air_pressure_at_surface,air_temperature,northward_wind,eastward_wind,cloud_liquid_water,cloud_liquid_ice,rain_water,snow_water,graupel,equivalent_reflectivity_factor,upward_air_velocity]
multivariate strategy: duplicated
Reading horizontal parameters
  levels: 1
Key "mesh[address=0x6d6ef40]" not found in cache "NodeColumnsGatherScatterCache" , creating new, removable with key "mesh[address=0x6d6ef40]"
  Info     : Reading file: data/diffusionloc/mpas_conus3km.diffusion_hz.nc
atlas::mpi::push(world)
atlas::mpi::pop(world)
  hzScales:  min: 4087.19  mean: 4087.19  max: 4087.19
  hzNorm:    min: 2.4414  mean: 3.71484  max: 4.05626
Reading vertical parameters
  levels: 59
  vertical strategy: normal
  Info     : Reading file: data/diffusionloc/mpas_conus3km.diffusion_vt.nc
atlas::mpi::push(world)
atlas::mpi::pop(world)
  vtScales:  min: 11  mean: 11  max: 11
  vtNorm:    min: 3.7178  mean: 4.83632  max: 5.25235
Diffusion: horizontal iterations: 6
Diffusion: vertical iterations: 242
Increment:diff x1 2
Increment:diff x2 1
==================================================================================

CostJb: FG-BG
  Valid time: 2026-05-28T21:00:00Z
  Resolution: nCellsGlobal = 2341818, nFields = 12
Fld=1  Min=0, Max=0, RMS=0 : water_vapor_mixing_ratio_wrt_moist_air
Fld=2  Min=0, Max=0, RMS=0 : air_pressure_at_surface
Fld=3  Min=0, Max=0, RMS=0 : air_temperature
Fld=4  Min=0, Max=0, RMS=0 : northward_wind
Fld=5  Min=0, Max=0, RMS=0 : eastward_wind
Fld=6  Min=0, Max=0, RMS=0 : cloud_liquid_water
Fld=7  Min=0, Max=0, RMS=0 : cloud_liquid_ice
Fld=8  Min=0, Max=0, RMS=0 : rain_water
Fld=9  Min=0, Max=0, RMS=0 : snow_water
Fld=10  Min=0, Max=0, RMS=0 : graupel
Fld=11  Min=0, Max=0, RMS=0 : equivalent_reflectivity_factor
Fld=12  Min=0, Max=0, RMS=0 : upward_air_velocity
Increment:diff x1 2
Increment:diff x2 1
CostJb: FG-BG
  Valid time: 2026-05-28T21:00:00Z
  Resolution: nCellsGlobal = 2341818, nFields = 12
Fld=1  Min=0, Max=0, RMS=0 : water_vapor_mixing_ratio_wrt_moist_air
Fld=2  Min=0, Max=0, RMS=0 : air_pressure_at_surface
Fld=3  Min=0, Max=0, RMS=0 : air_temperature
Fld=4  Min=0, Max=0, RMS=0 : northward_wind
Fld=5  Min=0, Max=0, RMS=0 : eastward_wind
Fld=6  Min=0, Max=0, RMS=0 : cloud_liquid_water
Fld=7  Min=0, Max=0, RMS=0 : cloud_liquid_ice
Fld=8  Min=0, Max=0, RMS=0 : rain_water
Fld=9  Min=0, Max=0, RMS=0 : snow_water
Fld=10  Min=0, Max=0, RMS=0 : graupel
Fld=11  Min=0, Max=0, RMS=0 : equivalent_reflectivity_factor
Fld=12  Min=0, Max=0, RMS=0 : upward_air_velocity
CostFunction: Nonlinear J = 1.42229e+06
OOPS_STATS IncrementalAssimilation linearize 0      - Runtime:   128.41 sec,  Local Memory:     7.25 GB

DRPCGMinimizer: max iter = 75, requested norm reduction = 0.001
CostFunction::computeGradientFG: gradient:
  Valid time: 2026-05-28T21:00:00Z
  Resolution: nCellsGlobal = 2341818, nFields = 12
Fld=1  Min=0, Max=0, RMS=0 : water_vapor_mixing_ratio_wrt_moist_air
Fld=2  Min=0, Max=0, RMS=0 : air_pressure_at_surface
Fld=3  Min=0, Max=0, RMS=0 : air_temperature
Fld=4  Min=0, Max=0, RMS=0 : northward_wind
Fld=5  Min=0, Max=0, RMS=0 : eastward_wind
Fld=6  Min=0, Max=0, RMS=0 : cloud_liquid_water
Fld=7  Min=0, Max=0, RMS=0 : cloud_liquid_ice
Fld=8  Min=0, Max=0, RMS=0 : rain_water
Fld=9  Min=0, Max=0, RMS=0 : snow_water
Fld=10  Min=0, Max=0, RMS=0 : graupel
Fld=11  Min=-1.91073, Max=2.06049, RMS=0.0167564 : equivalent_reflectivity_factor
Fld=12  Min=0, Max=0, RMS=0 : upward_air_velocity
DRPCGMinimizer rhs
  Valid time: 2026-05-28T21:00:00Z
  Resolution: nCellsGlobal = 2341818, nFields = 12
Fld=1  Min=-0, Max=-0, RMS=0 : water_vapor_mixing_ratio_wrt_moist_air
Fld=2  Min=-0, Max=-0, RMS=0 : air_pressure_at_surface
Fld=3  Min=-0, Max=-0, RMS=0 : air_temperature
Fld=4  Min=-0, Max=-0, RMS=0 : northward_wind
Fld=5  Min=-0, Max=-0, RMS=0 : eastward_wind
Fld=6  Min=-0, Max=-0, RMS=0 : cloud_liquid_water
Fld=7  Min=-0, Max=-0, RMS=0 : cloud_liquid_ice
Fld=8  Min=-0, Max=-0, RMS=0 : rain_water
Fld=9  Min=-0, Max=-0, RMS=0 : snow_water
Fld=10  Min=-0, Max=-0, RMS=0 : graupel
Fld=11  Min=-2.06049, Max=1.91073, RMS=0.0167564 : equivalent_reflectivity_factor
Fld=12  Min=-0, Max=-0, RMS=0 : upward_air_velocity
Initial RHS squared norm = 38794.2
OOPS_STATS DRPCG start                              - Runtime:   128.56 sec,  Local Memory:     7.25 GB
normr0 38794.2
  Residual norm ( 0) = 7517.474990863256
  Norm reduction ( 0) = 1

  Quadratic cost function: J   ( 0) = 1422293.310062003
  Quadratic cost function: Jb  ( 0) = 0
  Quadratic cost function: JoJc( 0) = 1422293.310062003


 DRPCG Starting Iteration 1
OOPS_STATS DRPCG iteration 1                        - Runtime:   134.34 sec,  Local Memory:     7.25 GB
rdots 2.57506e+07      iteration    0
DRPCG end of iteration 1
  Residual norm ( 1) = 5074.504129012266
  Norm reduction ( 1) = 0.675027736730727

  Quadratic cost function: J   ( 1) = 927763.6330084507
  Quadratic cost function: Jb  ( 1) = 8655.072891243077
  Quadratic cost function: JoJc( 1) = 919108.5601172077

 DRPCG Starting Iteration 2
OOPS_STATS DRPCG iteration 2                        - Runtime:   140.19 sec,  Local Memory:     7.25 GB
rdots 1.24268e+07      iteration    1
DRPCG end of iteration 2
  Residual norm ( 2) = 3525.163932085945
  Norm reduction ( 2) = 0.4689292530231802

  Quadratic cost function: J   ( 2) = 737439.0676553942
  Quadratic cost function: Jb  ( 2) = 19412.42119741855
  Quadratic cost function: JoJc( 2) = 718026.6464579756

 DRPCG Starting Iteration 3
OOPS_STATS DRPCG iteration 3                        - Runtime:   146.02 sec,  Local Memory:     7.25 GB
rdots 6.67359e+06      iteration    2
DRPCG end of iteration 3
  Residual norm ( 3) = 2583.329555159042
  Norm reduction ( 3) = 0.3436432523285841

  Quadratic cost function: J   ( 3) = 632393.2029577085
  Quadratic cost function: Jb  ( 3) = 30633.58801367045
  Quadratic cost function: JoJc( 3) = 601759.6149440381

 DRPCG Starting Iteration 4
OOPS_STATS DRPCG iteration 4                        - Runtime:   151.86 sec,  Local Memory:     7.25 GB
rdots 4.51319e+06      iteration    3
DRPCG end of iteration 4
  Residual norm ( 4) = 2124.425958905133
  Norm reduction ( 4) = 0.2825983407310515

  Quadratic cost function: J   ( 4) = 573711.2857775281
  Quadratic cost function: Jb  ( 4) = 40566.64831530792
  Quadratic cost function: JoJc( 4) = 533144.6374622202

 DRPCG Starting Iteration 5
OOPS_STATS DRPCG iteration 5                        - Runtime:   157.99 sec,  Local Memory:     7.25 GB
rdots 2.96248e+06      iteration    4
DRPCG end of iteration 5
  Residual norm ( 5) = 1721.186248074882
  Norm reduction ( 5) = 0.2289580278174271

  Quadratic cost function: J   ( 5) = 535527.6987055325
  Quadratic cost function: Jb  ( 5) = 49797.95809427424
  Quadratic cost function: JoJc( 5) = 485729.7406112583

 DRPCG Starting Iteration 6
rdots 2.01067e+06      iteration    5
DRPCG end of iteration 6
  Residual norm ( 6) = 1417.982532358233
  Norm reduction ( 6) = 0.1886248419957034

  Quadratic cost function: J   ( 6) = 508502.5981332699
  Quadratic cost function: Jb  ( 6) = 58616.59002410639
  Quadratic cost function: JoJc( 6) = 449886.0081091636

 DRPCG Starting Iteration 7
rdots 1.60496e+06      iteration    6
DRPCG end of iteration 7
  Residual norm ( 7) = 1266.870471479145
  Norm reduction ( 7) = 0.1685234035389409

  Quadratic cost function: J   ( 7) = 490484.5027756185
  Quadratic cost function: Jb  ( 7) = 66192.22097727111
  Quadratic cost function: JoJc( 7) = 424292.2817983474

 DRPCG Starting Iteration 8
rdots 1.08352e+06      iteration    7
DRPCG end of iteration 8
  Residual norm ( 8) = 1040.923510249364
  Norm reduction ( 8) = 0.1384671730221255

  Quadratic cost function: J   ( 8) = 477640.8893367255
  Quadratic cost function: Jb  ( 8) = 72862.74175315945
  Quadratic cost function: JoJc( 8) = 404778.147583566

 DRPCG Starting Iteration 9
rdots 772212      iteration    8
DRPCG end of iteration 9
  Residual norm ( 9) = 878.7557242932692
  Norm reduction ( 9) = 0.1168950645477783

  Quadratic cost function: J   ( 9) = 467343.8642843047
  Quadratic cost function: Jb  ( 9) = 79343.46555097128
  Quadratic cost function: JoJc( 9) = 388000.3987333334

 DRPCG Starting Iteration 10
OOPS_STATS DRPCG iteration 10                       - Runtime:   188.23 sec,  Local Memory:     7.25 GB
rdots 554346      iteration    9
DRPCG end of iteration 10
  Residual norm (10) = 744.5444040289192
  Norm reduction (10) = 0.09904181988418172

  Quadratic cost function: J   (10) = 459967.7375361244
  Quadratic cost function: Jb  (10) = 84880.04784629321
  Quadratic cost function: JoJc(10) = 375087.6896898312

 DRPCG Starting Iteration 11
rdots 429274      iteration    10
DRPCG end of iteration 11
  Residual norm (11) = 655.1902765202061
  Norm reduction (11) = 0.08715563102192224

  Quadratic cost function: J   (11) = 454663.51876188
  Quadratic cost function: Jb  (11) = 89525.80905252557
  Quadratic cost function: JoJc(11) = 365137.7097093544

 DRPCG Starting Iteration 12
rdots 324450      iteration    11
DRPCG end of iteration 12
  Residual norm (12) = 569.6048351447471
  Norm reduction (12) = 0.0757707655611818

  Quadratic cost function: J   (12) = 450712.7281542674
  Quadratic cost function: Jb  (12) = 93496.78926601438
  Quadratic cost function: JoJc(12) = 357215.9388882531

 DRPCG Starting Iteration 13
rdots 237531      iteration    12
DRPCG end of iteration 13
  Residual norm (13) = 487.3713463259765
  Norm reduction (13) = 0.06483178818929601

  Quadratic cost function: J   (13) = 447800.9729482302
  Quadratic cost function: Jb  (13) = 96808.09749837457
  Quadratic cost function: JoJc(13) = 350992.8754498556

 DRPCG Starting Iteration 14
rdots 168812      iteration    13
DRPCG end of iteration 14
  Residual norm (14) = 410.8673322779294
  Norm reduction (14) = 0.05465496496859621

  Quadratic cost function: J   (14) = 445538.0117022129
  Quadratic cost function: Jb  (14) = 99691.69141242985
  Quadratic cost function: JoJc(14) = 345846.320289783

 DRPCG Starting Iteration 15
OOPS_STATS DRPCG iteration 15                       - Runtime:   218.58 sec,  Local Memory:     7.25 GB
rdots 127477      iteration    14
DRPCG end of iteration 15
  Residual norm (15) = 357.0387006906017
  Norm reduction (15) = 0.04749449796967024

  Quadratic cost function: J   (15) = 443851.0617532262
  Quadratic cost function: Jb  (15) = 102083.0408447991
  Quadratic cost function: JoJc(15) = 341768.0209084271

 DRPCG Starting Iteration 16
rdots 88786.1      iteration    15
DRPCG end of iteration 16
  Residual norm (16) = 297.9700169885685
  Norm reduction (16) = 0.03963698147991467

  Quadratic cost function: J   (16) = 442564.1475855825
  Quadratic cost function: Jb  (16) = 104098.1226952635
  Quadratic cost function: JoJc(16) = 338466.0248903189

 DRPCG Starting Iteration 17
rdots 68690.4      iteration    16
DRPCG end of iteration 17
  Residual norm (17) = 262.0884533672243
  Norm reduction (17) = 0.03486389428441954

  Quadratic cost function: J   (17) = 441611.1782835767
  Quadratic cost function: Jb  (17) = 105736.1802731534
  Quadratic cost function: JoJc(17) = 335874.9980104234

 DRPCG Starting Iteration 18
rdots 52547.8      iteration    17
DRPCG end of iteration 18
  Residual norm (18) = 229.2331046478127
  Norm reduction (18) = 0.03049336445101883

  Quadratic cost function: J   (18) = 440965.3962298506
  Quadratic cost function: Jb  (18) = 106942.2761575784
  Quadratic cost function: JoJc(18) = 334023.1200722721

 DRPCG Starting Iteration 19
rdots 37518      iteration    18
DRPCG end of iteration 19
  Residual norm (19) = 193.6956767007354
  Norm reduction (19) = 0.02576605534919016

  Quadratic cost function: J   (19) = 440471.2459054836
  Quadratic cost function: Jb  (19) = 107936.657882463
  Quadratic cost function: JoJc(19) = 332534.5880230206

 DRPCG Starting Iteration 20
OOPS_STATS DRPCG iteration 20                       - Runtime:   249.57 sec,  Local Memory:     7.25 GB
rdots 26467.5      iteration    19
DRPCG end of iteration 20
  Residual norm (20) = 162.6883333111794
  Norm reduction (20) = 0.02164135344765509

  Quadratic cost function: J   (20) = 440090.2712258757
  Quadratic cost function: Jb  (20) = 108760.5290798493
  Quadratic cost function: JoJc(20) = 331329.7421460264

 DRPCG Starting Iteration 21
rdots 19197.9      iteration    20
DRPCG end of iteration 21
  Residual norm (21) = 138.5564171937575
  Norm reduction (21) = 0.01843124418267558

  Quadratic cost function: J   (21) = 439804.519342663
  Quadratic cost function: Jb  (21) = 109423.0880540654
  Quadratic cost function: JoJc(21) = 330381.4312885976

 DRPCG Starting Iteration 22
rdots 15581.6      iteration    21
DRPCG end of iteration 22
  Residual norm (22) = 124.8262770829284
  Norm reduction (22) = 0.01660481441370172

  Quadratic cost function: J   (22) = 439602.6295892508
  Quadratic cost function: Jb  (22) = 109922.7494581772
  Quadratic cost function: JoJc(22) = 329679.8801310735

 DRPCG Starting Iteration 23
rdots 10764      iteration    22
DRPCG end of iteration 23
  Residual norm (23) = 103.7495439991011
  Norm reduction (23) = 0.01380111594986327

  Quadratic cost function: J   (23) = 439458.332779984
  Quadratic cost function: Jb  (23) = 110301.603173134
  Quadratic cost function: JoJc(23) = 329156.72960685

 DRPCG Starting Iteration 24
rdots 7574.48      iteration    23
DRPCG end of iteration 24
  Residual norm (24) = 87.03150425182295
  Norm reduction (24) = 0.01157722564526002

  Quadratic cost function: J   (24) = 439345.2885737639
  Quadratic cost function: Jb  (24) = 110615.609516018
  Quadratic cost function: JoJc(24) = 328729.679057746

 DRPCG Starting Iteration 25
OOPS_STATS DRPCG iteration 25                       - Runtime:   282.29 sec,  Local Memory:     7.25 GB
rdots 5469.56      iteration    24
DRPCG end of iteration 25
  Residual norm (25) = 73.9564491603857
  Norm reduction (25) = 0.009837937505648164

  Quadratic cost function: J   (25) = 439260.9690715678
  Quadratic cost function: Jb  (25) = 110863.2807545298
  Quadratic cost function: JoJc(25) = 328397.6883170379

 DRPCG Starting Iteration 26
rdots 4099.14      iteration    25
DRPCG end of iteration 26
  Residual norm (26) = 64.02451981238063
  Norm reduction (26) = 0.008516758604477712

  Quadratic cost function: J   (26) = 439200.2662594236
  Quadratic cost function: Jb  (26) = 111051.378834947
  Quadratic cost function: JoJc(26) = 328148.8874244766

 DRPCG Starting Iteration 27
rdots 2987      iteration    26
DRPCG end of iteration 27
  Residual norm (27) = 54.65341105275252
  Norm reduction (27) = 0.007270181958593586

  Quadratic cost function: J   (27) = 439156.5519827787
  Quadratic cost function: Jb  (27) = 111193.8170845491
  Quadratic cost function: JoJc(27) = 327962.7348982297

 DRPCG Starting Iteration 28
rdots 2159      iteration    27
DRPCG end of iteration 28
  Residual norm (28) = 46.4650582602476
  Norm reduction (28) = 0.006180939519814999

  Quadratic cost function: J   (28) = 439124.4700793335
  Quadratic cost function: Jb  (28) = 111303.4509901324
  Quadratic cost function: JoJc(28) = 327821.0190892011

 DRPCG Starting Iteration 29
rdots 1614.92      iteration    28
DRPCG end of iteration 29
  Residual norm (29) = 40.18611904536411
  Norm reduction (29) = 0.005345693746132358

  Quadratic cost function: J   (29) = 439101.0076485979
  Quadratic cost function: Jb  (29) = 111387.3750700312
  Quadratic cost function: JoJc(29) = 327713.6325785667

 DRPCG Starting Iteration 30
OOPS_STATS DRPCG iteration 30                       - Runtime:   314.23 sec,  Local Memory:     7.25 GB
rdots 1251.84      iteration    29
DRPCG end of iteration 30
  Residual norm (30) = 35.38130698733657
  Norm reduction (30) = 0.004706541362670184

  Quadratic cost function: J   (30) = 439084.5353559565
  Quadratic cost function: Jb  (30) = 111448.8744024507
  Quadratic cost function: JoJc(30) = 327635.6609535059

 DRPCG Starting Iteration 31
rdots 951.566      iteration    30
DRPCG end of iteration 31
  Residual norm (31) = 30.8474556002476
  Norm reduction (31) = 0.004103433085941705

  Quadratic cost function: J   (31) = 439072.8258932573
  Quadratic cost function: Jb  (31) = 111494.344452246
  Quadratic cost function: JoJc(31) = 327578.4814410112

 DRPCG Starting Iteration 32
rdots 664.279      iteration    31
DRPCG end of iteration 32
  Residual norm (32) = 25.77361718287387
  Norm reduction (32) = 0.003428493904429232

  Quadratic cost function: J   (32) = 439063.6281698393
  Quadratic cost function: Jb  (32) = 111531.439716712
  Quadratic cost function: JoJc(32) = 327532.1884531273

 DRPCG Starting Iteration 33
rdots 469.978      iteration    32
DRPCG end of iteration 33
  Residual norm (33) = 21.6789660812952
  Norm reduction (33) = 0.002883809538128671

  Quadratic cost function: J   (33) = 439056.7758417401
  Quadratic cost function: Jb  (33) = 111560.1351721893
  Quadratic cost function: JoJc(33) = 327496.6406695508

 DRPCG Starting Iteration 34
rdots 342.724      iteration    33
DRPCG end of iteration 34
  Residual norm (34) = 18.51281579158744
  Norm reduction (34) = 0.002462637496511519

  Quadratic cost function: J   (34) = 439051.4830639048
  Quadratic cost function: Jb  (34) = 111583.1490202897
  Quadratic cost function: JoJc(34) = 327468.3340436151

 DRPCG Starting Iteration 35
OOPS_STATS DRPCG iteration 35                       - Runtime:   347.11 sec,  Local Memory:     7.25 GB
rdots 248.7      iteration    34
DRPCG end of iteration 35
  Residual norm (35) = 15.77023230758796
  Norm reduction (35) = 0.002097809746857171

  Quadratic cost function: J   (35) = 439047.737129694
  Quadratic cost function: Jb  (35) = 111600.0474744708
  Quadratic cost function: JoJc(35) = 327447.6896552232

 DRPCG Starting Iteration 36
rdots 188.202      iteration    35
DRPCG end of iteration 36
  Residual norm (36) = 13.71867710187993
  Norm reduction (36) = 0.00182490492067531

  Quadratic cost function: J   (36) = 439045.1291872312
  Quadratic cost function: Jb  (36) = 111612.2223992734
  Quadratic cost function: JoJc(36) = 327432.9067879578

 DRPCG Starting Iteration 37
rdots 130.188      iteration    36
DRPCG end of iteration 37
  Residual norm (37) = 11.41000564359038
  Norm reduction (37) = 0.001517797619208326

  Quadratic cost function: J   (37) = 439043.1614023324
  Quadratic cost function: Jb  (37) = 111621.715496806
  Quadratic cost function: JoJc(37) = 327421.4459055263

 DRPCG Starting Iteration 38
rdots 92.2474      iteration    37
DRPCG end of iteration 38
  Residual norm (38) = 9.60454972793935
  Norm reduction (38) = 0.001277629754620099

  Quadratic cost function: J   (38) = 439041.6953141884
  Quadratic cost function: Jb  (38) = 111629.0232679134
  Quadratic cost function: JoJc(38) = 327412.672046275

 DRPCG Starting Iteration 39
rdots 67.2609      iteration    38
DRPCG end of iteration 39
  Residual norm (39) = 8.201274327108376
  Norm reduction (39) = 0.001090961305102606

  Quadratic cost function: J   (39) = 439040.6501509666
  Quadratic cost function: Jb  (39) = 111634.4022231497
  Quadratic cost function: JoJc(39) = 327406.2479278169

 DRPCG Starting Iteration 40
OOPS_STATS DRPCG iteration 40                       - Runtime:   380.12 sec,  Local Memory:     7.25 GB
rdots 46.7914      iteration    39
DRPCG end of iteration 40
  Residual norm (40) = 6.840423875824173
  Norm reduction (40) = 0.0009099363661519364

  Quadratic cost function: J   (40) = 439039.8866575955
  Quadratic cost function: Jb  (40) = 111638.4554428097
  Quadratic cost function: JoJc(40) = 327401.4312147858

DRPCG: Achieved required reduction in residual norm.
OOPS_STATS DRPCG end                                - Runtime:   386.77 sec,  Local Memory:     7.25 GB
DRPCGMinimizer: reduction in residual norm = 0.000909936
DRPCGMinimizer output increment:
  Valid time: 2026-05-28T21:00:00Z
  Resolution: nCellsGlobal = 2341818, nFields = 12
Fld=1  Min=-0.0104921, Max=0.0107289, RMS=0.000101916 : water_vapor_mixing_ratio_wrt_moist_air
Fld=2  Min=-120.277, Max=91.3436, RMS=1.94647 : air_pressure_at_surface
Fld=3  Min=-10.3098, Max=8.97507, RMS=0.0913215 : air_temperature
Fld=4  Min=-33.6551, Max=21.5608, RMS=0.318843 : northward_wind
Fld=5  Min=-21.2911, Max=28.3976, RMS=0.333393 : eastward_wind
Fld=6  Min=-0.00543337, Max=0.00650989, RMS=2.26888e-05 : cloud_liquid_water
Fld=7  Min=-0.00247132, Max=0.0023184, RMS=5.09788e-06 : cloud_liquid_ice
Fld=8  Min=-0.00893849, Max=0.00698017, RMS=4.28823e-05 : rain_water
Fld=9  Min=-0.00522719, Max=0.00686904, RMS=5.72604e-05 : snow_water
Fld=10  Min=-0.00865326, Max=0.00934935, RMS=3.13649e-05 : graupel
Fld=11  Min=-78.3286, Max=75.865, RMS=2.33251 : equivalent_reflectivity_factor
Fld=12  Min=0, Max=0, RMS=0 : upward_air_velocity
CostFunction::addIncrement: First guess:
  Valid time: 2026-05-28T21:00:00Z
  Resolution: nCellsGlobal = 2341818, nFields = 35
Fld=1  Min=0, Max=0.0239244, RMS=0.006119 : water_vapor_mixing_ratio_wrt_moist_air
Fld=2  Min=63274.3, Max=102280, RMS=96407.6 : air_pressure_at_surface
Fld=3  Min=179.183, Max=312.851, RMS=261.166 : air_temperature
Fld=4  Min=-53.5414, Max=44.7509, RMS=9.6132 : northward_wind
Fld=5  Min=-45.2512, Max=69.1185, RMS=10.6417 : eastward_wind
Fld=6  Min=270.861, Max=641.519, RMS=356.273 : air_potential_temperature
Fld=7  Min=0.0386827, Max=1.29791, RMS=0.778748 : dry_air_density
Fld=8  Min=-69.4322, Max=69.3965, RMS=10.1386 : u
Fld=9  Min=0, Max=0.0245109, RMS=0.00619344 : water_vapor_mixing_ratio_wrt_dry_air
Fld=10  Min=2440.09, Max=102166, RMS=64267.5 : air_pressure
Fld=11  Min=0, Max=1, RMS=0.790008 : landmask
Fld=12  Min=0, Max=1, RMS=0.0517414 : seaice_fraction
Fld=13  Min=0, Max=1, RMS=0.0545336 : snowc
Fld=14  Min=268.997, Max=322.583, RMS=298.241 : skin_temperature_at_surface
Fld=15  Min=1, Max=19, RMS=12.7664 : ivgtyp
Fld=16  Min=1, Max=16, RMS=9.97061 : isltyp
Fld=17  Min=0, Max=7.4984, RMS=0.157792 : snowh
Fld=18  Min=0, Max=0.915062, RMS=0.402774 : vegetation_area_fraction
Fld=19  Min=264.552, Max=313.386, RMS=295.749 : air_temperature_at_2m
Fld=20  Min=0.000614558, Max=0.023542, RMS=0.01147 : water_vapor_mixing_ratio_wrt_moist_air_at_2m
Fld=21  Min=-16.4451, Max=16.8314, RMS=3.41382 : eastward_wind_at_10m
Fld=22  Min=-19.1036, Max=22.5229, RMS=4.5118 : northward_wind_at_10m
Fld=23  Min=0, Max=6.54409, RMS=1.60091 : lai
Fld=24  Min=0.00200001, Max=1, RMS=0.63431 : smois
Fld=25  Min=262.436, Max=322.583, RMS=293.06 : tslb
Fld=26  Min=-916.049, Max=5822.57, RMS=3099.52 : pressure_p
Fld=27  Min=0, Max=0.00793381, RMS=4.7322e-05 : cloud_liquid_water
Fld=28  Min=0, Max=0.00447683, RMS=8.00088e-06 : cloud_liquid_ice
Fld=29  Min=0, Max=0.0220392, RMS=4.22144e-05 : graupel
Fld=30  Min=0, Max=0.0124593, RMS=6.76991e-05 : rain_water
Fld=31  Min=0, Max=0.00902681, RMS=7.89032e-05 : snow_water
Fld=32  Min=0, Max=1, RMS=0.211718 : cldfrac
Fld=33  Min=0, Max=73.0402, RMS=4.14429 : equivalent_reflectivity_factor
Fld=34  Min=-12.1185, Max=41.5204, RMS=0.21522 : w
Fld=35  Min=0, Max=0, RMS=0 : upward_air_velocity
CostFunction::addIncrement: Increment:
  Valid time: 2026-05-28T21:00:00Z
  Resolution: nCellsGlobal = 2341818, nFields = 12
Fld=1  Min=-0.0104921, Max=0.0107289, RMS=0.000101916 : water_vapor_mixing_ratio_wrt_moist_air
Fld=2  Min=-120.277, Max=91.3436, RMS=1.94647 : air_pressure_at_surface
Fld=3  Min=-10.3098, Max=8.97507, RMS=0.0913215 : air_temperature
Fld=4  Min=-33.6551, Max=21.5608, RMS=0.318843 : northward_wind
Fld=5  Min=-21.2911, Max=28.3976, RMS=0.333393 : eastward_wind
Fld=6  Min=-0.00543337, Max=0.00650989, RMS=2.26888e-05 : cloud_liquid_water
Fld=7  Min=-0.00247132, Max=0.0023184, RMS=5.09788e-06 : cloud_liquid_ice
Fld=8  Min=-0.00893849, Max=0.00698017, RMS=4.28823e-05 : rain_water
Fld=9  Min=-0.00522719, Max=0.00686904, RMS=5.72604e-05 : snow_water
Fld=10  Min=-0.00865326, Max=0.00934935, RMS=3.13649e-05 : graupel
Fld=11  Min=-78.3286, Max=75.865, RMS=2.33251 : equivalent_reflectivity_factor
Fld=12  Min=0, Max=0, RMS=0 : upward_air_velocity
CostFunction::addIncrement: Analysis: 
  Valid time: 2026-05-28T21:00:00Z
  Resolution: nCellsGlobal = 2341818, nFields = 35
Fld=1  Min=0, Max=0.0239244, RMS=0.00611789 : water_vapor_mixing_ratio_wrt_moist_air
Fld=2  Min=63274.3, Max=102280, RMS=96407.6 : air_pressure_at_surface
Fld=3  Min=180.186, Max=312.851, RMS=261.168 : air_temperature
Fld=4  Min=-53.5414, Max=44.7509, RMS=9.61472 : northward_wind
Fld=5  Min=-47.5353, Max=69.1185, RMS=10.6417 : eastward_wind
Fld=6  Min=270.861, Max=641.519, RMS=356.274 : air_potential_temperature
Fld=7  Min=0.0384651, Max=1.29791, RMS=0.778744 : dry_air_density
Fld=8  Min=-69.4322, Max=69.3965, RMS=10.1389 : u
Fld=9  Min=0, Max=0.0245109, RMS=0.00619233 : water_vapor_mixing_ratio_wrt_dry_air
Fld=10  Min=2436.98, Max=102166, RMS=64267.5 : air_pressure
Fld=11  Min=0, Max=1, RMS=0.790008 : landmask
Fld=12  Min=0, Max=1, RMS=0.0517414 : seaice_fraction
Fld=13  Min=0, Max=1, RMS=0.0545336 : snowc
Fld=14  Min=268.997, Max=322.583, RMS=298.241 : skin_temperature_at_surface
Fld=15  Min=1, Max=19, RMS=12.7664 : ivgtyp
Fld=16  Min=1, Max=16, RMS=9.97061 : isltyp
Fld=17  Min=0, Max=7.4984, RMS=0.157792 : snowh
Fld=18  Min=0, Max=0.915062, RMS=0.402774 : vegetation_area_fraction
Fld=19  Min=264.547, Max=313.386, RMS=295.754 : air_temperature_at_2m
Fld=20  Min=0.000614558, Max=0.023542, RMS=0.0114697 : water_vapor_mixing_ratio_wrt_moist_air_at_2m
Fld=21  Min=-16.4451, Max=16.8314, RMS=3.41382 : eastward_wind_at_10m
Fld=22  Min=-19.1036, Max=22.5229, RMS=4.5118 : northward_wind_at_10m
Fld=23  Min=0, Max=6.54409, RMS=1.60091 : lai
Fld=24  Min=0.00200001, Max=1, RMS=0.63431 : smois
Fld=25  Min=262.436, Max=322.583, RMS=293.06 : tslb
Fld=26  Min=-928.673, Max=5821.51, RMS=3099.58 : pressure_p
Fld=27  Min=0, Max=0.0082829, RMS=4.76561e-05 : cloud_liquid_water
Fld=28  Min=0, Max=0.00383383, RMS=8.6766e-06 : cloud_liquid_ice
Fld=29  Min=0, Max=0.0220392, RMS=4.2578e-05 : graupel
Fld=30  Min=0, Max=0.0124593, RMS=6.15751e-05 : rain_water
Fld=31  Min=0, Max=0.00841255, RMS=9.13289e-05 : snow_water
Fld=32  Min=0, Max=1, RMS=0.211718 : cldfrac
Fld=33  Min=0, Max=86.454, RMS=3.77432 : equivalent_reflectivity_factor
Fld=34  Min=-12.1185, Max=41.5204, RMS=0.21522 : w
Fld=35  Min=0, Max=0, RMS=0 : upward_air_velocity
OOPS_STATS IncrementalAssimilation end              - Runtime:   387.12 sec,  Local Memory:     7.25 GB
Variational: incremental assimilation done 1 iterations.
QC refl10cm equivalentReflectivityFactor: 118671 H(x) failed.
QC refl10cm equivalentReflectivityFactor: 13 rejected by first-guess check.
QC refl10cm equivalentReflectivityFactor: 3790213 passed out of 3908897 observations.
ObsErrorDiagonal covariance updated 3790213
Observer::finalize QC = 
refl10cm equivalentReflectivityFactor nlocs = 3908897, nobs = 3908897, min = 0, max = 19, avg = 0
Jo Observations:
Jo Obs :refl10cm:equivalentReflectivityFactor   : Nobs=  3790213, Min= 0.000000e+00, Max= 6.312061e+01, RMS= 4.603598e+00
Jo Observations Equivalent:
Jo H(x):refl10cm:equivalentReflectivityFactor   : Nobs=  3790213, Min= 0.000000e+00, Max= 6.257936e+01, RMS= 4.294687e+00
Jo Bias Corrected Departures:
Jo Dep :refl10cm:equivalentReflectivityFactor   : Nobs=  3790213, Min=-5.976721e+01, Max= 5.955996e+01, RMS= 2.097175e+00
Jo Observations Errors:
UFO Diagonal observation error covariance, inverse variances: refl10cm nobs= 3790213 Min=0.04, Max=0.04, RMS=0.04



CostJo   : Nonlinear Jo(refl10cm) = 333398, nobs = 3790213, Jo/n = 0.0879629, err = 5
CostJo   : Nonlinear Jo = 333398
Increment:diff x1 2
Increment:diff x2 1
CostJb: FG-BG
  Valid time: 2026-05-28T21:00:00Z
  Resolution: nCellsGlobal = 2341818, nFields = 12
Fld=1  Min=-0.00961916, Max=0.0107289, RMS=0.000101582 : water_vapor_mixing_ratio_wrt_moist_air
Fld=2  Min=-120.277, Max=91.3436, RMS=1.94647 : air_pressure_at_surface
Fld=3  Min=-10.3098, Max=8.97507, RMS=0.0913215 : air_temperature
Fld=4  Min=-33.6551, Max=21.5608, RMS=0.318843 : northward_wind
Fld=5  Min=-21.2911, Max=28.3976, RMS=0.333393 : eastward_wind
Fld=6  Min=-0.00286917, Max=0.00650989, RMS=1.78475e-05 : cloud_liquid_water
Fld=7  Min=-0.00128217, Max=0.0023184, RMS=4.71201e-06 : cloud_liquid_ice
Fld=8  Min=-0.00753924, Max=0.00698017, RMS=3.20597e-05 : rain_water
Fld=9  Min=-0.00392686, Max=0.00686904, RMS=5.45842e-05 : snow_water
Fld=10  Min=-0.00747184, Max=0.00934935, RMS=2.63475e-05 : graupel
Fld=11  Min=-65.734, Max=75.865, RMS=2.24631 : equivalent_reflectivity_factor
Fld=12  Min=0, Max=0, RMS=0 : upward_air_velocity
CostFunction: Nonlinear J = 333398
OOPS_STATS Variational end                          - Runtime:   407.48 sec,  Local Memory:     7.25 GB
==> destruct MPAS corelist and domain:  0
Tried to erase key "mesh[address=0x3dd5a90],halo[size=0]" from cache "NodeColumnsHaloExchangeCache" but it was not found.
Erased key "mesh[address=0x3dd5a90],halo[size=1]" from cache "NodeColumnsHaloExchangeCache".
==> destruct MPAS corelist and domain:  1
refl10cm: save database to jdiag_mrms_refl.nc (io pool size: 4)
QC refl10cm equivalentReflectivityFactor: 118671 H(x) failed.
QC refl10cm equivalentReflectivityFactor: 13 rejected by first-guess check.
QC refl10cm equivalentReflectivityFactor: 3790213 passed out of 3908897 observations.
Erased key "mesh[address=0x6d6ef40]" from cache "NodeColumnsGatherScatterCache".
Tried to erase key "mesh[address=0x6d6ef40],halo[size=0]" from cache "NodeColumnsHaloExchangeCache" but it was not found.
Erased key "mesh[address=0x6d6ef40],halo[size=1]" from cache "NodeColumnsHaloExchangeCache".

Run: Finishing oops::Variational<MPAS, UFO and IODA observations>
OOPS_STATS  
OOPS_STATS ----------------------------------------------------------------------------------
OOPS_STATS --------------------------- Object counts ----------------------------------------
OOPS_STATS ----------------------------------------------------------------------------------
OOPS_STATS                                      Total  Simult. Remain    Avg (Mb)    HWM (Mb)
OOPS_STATS ioda::ObsDataVector             :        8       5        
OOPS_STATS ioda::ObsVector                 :      100       8        
OOPS_STATS mpas::Geometry                  :        2       2        
OOPS_STATS mpas::Increment                 :     2914     127        
OOPS_STATS mpas::LinVarChaModel2GeoVars    :        1       1        
OOPS_STATS mpas::ModelBias                 :        4       3        
OOPS_STATS mpas::ModelBiasCovariance       :        1       1        
OOPS_STATS mpas::State                     :       75      34        
OOPS_STATS mpas::VarChaModel2GeoVars       :        3       1        
OOPS_STATS oops::ControlIncrement          :      178      94               15.22     1430.72
OOPS_STATS oops::ControlVariable           :        4       3        
OOPS_STATS oops::Diffusion                 :        1       1        
OOPS_STATS oops::EnsembleCovariance        :        1       1             3547.32     3547.32
OOPS_STATS oops::GeoVaLs                   :       84       1        
OOPS_STATS oops::Geometry                  :        2       2        
OOPS_STATS oops::GetValues                 :        3       2        
OOPS_STATS oops::Increment                 :     2832     127               15.02     1932.99
OOPS_STATS oops::LinearObsOperator         :        1       1        
OOPS_STATS oops::LocalInterpolator         :     2400    1600        
OOPS_STATS oops::Localization              :        1       1        
OOPS_STATS oops::ModelAuxControl           :        4       3        
OOPS_STATS oops::ModelAuxCovariance        :        1       1        
OOPS_STATS oops::ModelAuxIncrement         :      178      94        
OOPS_STATS oops::ObsAuxControl             :        4       3        
OOPS_STATS oops::ObsAuxCovariance          :        1       1        
OOPS_STATS oops::ObsAuxIncrement           :      178      94        
OOPS_STATS oops::ObsAuxIncrements          :      178      94        
OOPS_STATS oops::ObsAuxPreconditioner      :        2       2        
OOPS_STATS oops::ObsDataVector             :        4       4        
OOPS_STATS oops::ObsDiagnostics            :        2       1        
OOPS_STATS oops::ObsError                  :        1       1        
OOPS_STATS oops::ObsOperator               :        2       2        
OOPS_STATS oops::ObsSpace                  :        1       1        
OOPS_STATS oops::ObsSpaces                 :        1       1        
OOPS_STATS oops::ObsVector                 :      100       7                0.04        0.23
OOPS_STATS oops::SampledLocations          :        8       4        
OOPS_STATS oops::State                     :       72      34               21.39      702.08
OOPS_STATS oops::UnstructuredInterpolator  :     2400    1600        
OOPS_STATS oops::VariableChange            :        3       1        
OOPS_STATS ufo::BackgroundCheck            :        1       1        
OOPS_STATS ufo::FinalCheck                 :        2       2        
OOPS_STATS ufo::GeoVaLs                    :       87       2        
OOPS_STATS ufo::ObsBias                    :        4       3        
OOPS_STATS ufo::ObsBiasCovariance          :        1       1        
OOPS_STATS ufo::ObsBiasPreconditioner      :        1       1        
OOPS_STATS ufo::ObsFilter                  :        9       6        
OOPS_STATS ufo::ObsFilterData              :        3       3        
OOPS_STATS ufo::ObsVertInterp              :        2       2        
OOPS_STATS ufo::ObsVertInterpTLAD          :        1       1        
OOPS_STATS ufo::SampledLocations           :        4       3        
OOPS_STATS ----------------------------- Object counts --------------------------------------
OOPS_STATS  
OOPS_STATS --------------------------------------------------------------------------------------------
OOPS_STATS ------------------------------------ Timing Statistics -------------------------------------
OOPS_STATS --------------------------------------------------------------------------------------------
OOPS_STATS Name                                                :   total (ms)   count    time/call (ms)
OOPS_STATS ObsFilter::Background Check::ObsFilter              :         0.15       1            0.1535
OOPS_STATS ObsFilter::Background Check::postFilter             :        22.23       1           22.2261
OOPS_STATS ObsFilter::Background Check::preProcess             :         0.01       1            0.0055
OOPS_STATS ObsFilter::Background Check::priorFilter            :         0.02       1            0.0237
OOPS_STATS ObsFilter::Final Check::ObsFilter                   :         3.42       2            1.7077
OOPS_STATS ObsFilter::Final Check::postFilter                  :         0.04       2            0.0223
OOPS_STATS ObsFilter::Final Check::preProcess                  :         0.26       2            0.1291
OOPS_STATS ObsFilter::Final Check::priorFilter                 :         0.00       2            0.0023
OOPS_STATS ObsFilter::QCmanager::ObsFilter                     :         1.50       2            0.7499
OOPS_STATS ObsFilter::QCmanager::postFilter                    :         0.22       2            0.1090
OOPS_STATS ObsFilter::QCmanager::preProcess                    :         0.00       2            0.0001
OOPS_STATS ObsFilter::QCmanager::priorFilter                   :         0.00       2            0.0001
OOPS_STATS ioda::ObsSpace::get_db(DateTime)                    :         1.25       4            0.3128
OOPS_STATS ioda::ObsSpace::get_db(double)                      :         0.28       5            0.0562
OOPS_STATS ioda::ObsSpace::get_db(float)                       :         2.95      12            0.2455
OOPS_STATS ioda::ObsSpace::load                                :       625.75       1          625.7548
OOPS_STATS ioda::ObsSpace::put_db(double)                      :         0.29       6            0.0480
OOPS_STATS ioda::ObsSpace::put_db(float)                       :         0.08       2            0.0412
OOPS_STATS ioda::ObsSpace::put_db(int)                         :         0.31       2            0.1544
OOPS_STATS mpas::LinVarChaModel2GeoVars::LinVarChaModel2GeoVar :         3.11       1            3.1086
OOPS_STATS mpas::LinVarChaModel2GeoVars::changeVarAD           :       848.24      41           20.6887
OOPS_STATS mpas::LinVarChaModel2GeoVars::changeVarTL           :       143.92      40            3.5979
OOPS_STATS mpas::LinVarChaModel2GeoVars::~LinVarChaModel2GeoVa :         0.03       1            0.0323
OOPS_STATS mpas::VarChaModel2GeoVars::VarChaModel2GeoVars      :         0.04       3            0.0135
OOPS_STATS mpas::VarChaModel2GeoVars::changeVar                :        13.02       3            4.3402
OOPS_STATS mpas::VarChaModel2GeoVars::~VarChaModel2GeoVars     :         0.00       3            0.0016
OOPS_STATS oops::Covariance::EnsembleCovariance                :     69364.66       1        69364.6637
OOPS_STATS oops::Covariance::ensemble::Constructor             :         0.01       1            0.0086
OOPS_STATS oops::Covariance::ensemble::multiply                :    235065.70      41         5733.3099
OOPS_STATS oops::Diffusion::Diffusion                          :         0.00       1            0.0003
OOPS_STATS oops::Diffusion::calculateDerivedGeom               :         2.10       1            2.0954
OOPS_STATS oops::Diffusion::multiplySqrtAD                     :     56460.81    1230           45.9031
OOPS_STATS oops::Diffusion::multiplySqrtTL                     :     48165.50    1230           39.1589
OOPS_STATS oops::Diffusion::setParameters                      :         5.96       1            5.9551
OOPS_STATS oops::GeoVaLs::GeoVaLs                              :        23.72      84            0.2823
OOPS_STATS oops::GeoVaLs::fill                                 :        27.70   28934            0.0010
OOPS_STATS oops::GeoVaLs::fillAD                               :        21.84   25789            0.0008
OOPS_STATS oops::GeoVaLs::~GeoVaLs                             :         0.47      84            0.0056
OOPS_STATS oops::Geometry::Geometry                            :     51221.70       2        25610.8494
OOPS_STATS oops::Geometry::variableSizes                       :         4.27      11            0.3878
OOPS_STATS oops::Geometry::~Geometry                           :       468.06       2          234.0321
OOPS_STATS oops::GeometryData::containingTriangleAndBarycentri :        45.88   20736            0.0022
OOPS_STATS oops::GeometryData::setGlobalTree                   :      1821.15       2          910.5725
OOPS_STATS oops::GeometryData::setLocalTree                    :         3.17       2            1.5860
OOPS_STATS oops::GeometryData::setMeshAndTriangulation         :         0.28       2            0.1413
OOPS_STATS oops::GetValues::GetValues                          :       349.10       3          116.3676
OOPS_STATS oops::GetValues::fillGeoVaLs                        :        51.88       3           17.2937
OOPS_STATS oops::GetValues::fillGeoVaLsAD                      :       115.45      41            2.8157
OOPS_STATS oops::GetValues::fillGeoVaLsTL                      :       726.94      40           18.1736
OOPS_STATS oops::GetValues::finalize                           :        17.90       3            5.9662
OOPS_STATS oops::GetValues::finalizeAD                         :       612.81      41           14.9466
OOPS_STATS oops::GetValues::finalizeTL                         :       105.49      40            2.6373
OOPS_STATS oops::GetValues::initialize                         :         3.54       3            1.1805
OOPS_STATS oops::GetValues::initializeAD                       :         4.81      41            0.1173
OOPS_STATS oops::GetValues::initializeTL                       :        20.35      40            0.5088
OOPS_STATS oops::GetValues::process                            :        17.35       3            5.7844
OOPS_STATS oops::GetValues::processAD                          :       124.09      41            3.0266
OOPS_STATS oops::GetValues::processTL                          :       134.98      40            3.3745
OOPS_STATS oops::Increment::Increment                          :     32427.50    2832           11.4504
OOPS_STATS oops::Increment::axpy                               :      5431.57     900            6.0351
OOPS_STATS oops::Increment::diff                               :       355.40      33           10.7696
OOPS_STATS oops::Increment::dot_product_with                   :      8288.33     984            8.4231
OOPS_STATS oops::Increment::fromFieldSet                       :     11258.54    1271            8.8580
OOPS_STATS oops::Increment::operator*=                         :       244.67     121            2.0221
OOPS_STATS oops::Increment::operator+=                         :     12536.44    1421            8.8223
OOPS_STATS oops::Increment::operator+=(State, Increment)       :        44.77       1           44.7687
OOPS_STATS oops::Increment::operator-=                         :       142.33      30            4.7445
OOPS_STATS oops::Increment::operator=                          :      7496.06    1568            4.7807
OOPS_STATS oops::Increment::print                              :     24917.76    1237           20.1437
OOPS_STATS oops::Increment::schur_product_with                 :     13518.62    2460            5.4954
OOPS_STATS oops::Increment::serialSize                         :         5.41     178            0.0304
OOPS_STATS oops::Increment::toFieldSet                         :     11000.56    1311            8.3910
OOPS_STATS oops::Increment::zero                               :       148.53     124            1.1978
OOPS_STATS oops::Increment::~Increment                         :       171.52    2832            0.0606
OOPS_STATS oops::LinearObsOper::refl10cm::LinearObsOperator    :         0.55       1            0.5458
OOPS_STATS oops::LinearObsOper::refl10cm::requiredVars         :         0.10      83            0.0012
OOPS_STATS oops::LinearObsOper::refl10cm::setTrajectory        :        16.44       1           16.4423
OOPS_STATS oops::LinearObsOper::refl10cm::simulateObsAD        :         3.01      41            0.0734
OOPS_STATS oops::LinearObsOper::refl10cm::simulateObsTL        :        10.12      40            0.2530
OOPS_STATS oops::LinearObsOper::refl10cm::~LinearObsOperator   :         2.22       1            2.2192
OOPS_STATS oops::LinearVariableChange::LinearVariableChange    :         0.04       1            0.0404
OOPS_STATS oops::LinearVariableChange::changeVarAD             :      1654.54      41           40.3547
OOPS_STATS oops::LinearVariableChange::changeVarTL             :       717.33      40           17.9332
OOPS_STATS oops::LinearVariableChange::changeVarTraj           :         3.12       1            3.1197
OOPS_STATS oops::LinearVariableChange::~LinearVariableChange   :         0.04       1            0.0434
OOPS_STATS oops::LocalInterpolator::LocalInterpolator          :        53.84    2400            0.0224
OOPS_STATS oops::LocalInterpolator::apply                      :        16.08    2400            0.0067
OOPS_STATS oops::LocalInterpolator::applyAD                    :       107.93   32800            0.0033
OOPS_STATS oops::LocalInterpolator::applyTL                    :       118.58   32000            0.0037
OOPS_STATS oops::LocalInterpolator::preprocess                 :      1273.11      43           29.6073
OOPS_STATS oops::LocalInterpolator::preprocessAD               :        47.37      41            1.1554
OOPS_STATS oops::LocalInterpolator::~LocalInterpolator         :         1.48    2400            0.0006
OOPS_STATS oops::Localization::Localization                    :      7774.76       1         7774.7618
OOPS_STATS oops::Localization::multiply                        :    186210.82    1230          151.3909
OOPS_STATS oops::Localization::~Localization                   :         0.36       1            0.3597
OOPS_STATS oops::ModelAuxControl::ModelAuxControl              :         0.01       4            0.0015
OOPS_STATS oops::ModelAuxControl::print                        :         0.00       3            0.0005
OOPS_STATS oops::ModelAuxControl::~ModelAuxControl             :         0.00       4            0.0008
OOPS_STATS oops::ModelAuxCovariance::ModelAuxCovariance        :         0.00       1            0.0029
OOPS_STATS oops::ModelAuxCovariance::linearize                 :         0.00       1            0.0001
OOPS_STATS oops::ModelAuxCovariance::multiply                  :         0.01      41            0.0002
OOPS_STATS oops::ModelAuxCovariance::~ModelAuxCovariance       :         0.00       1            0.0005
OOPS_STATS oops::ModelAuxIncrement::ModelAuxIncrement          :         0.15     178            0.0009
OOPS_STATS oops::ModelAuxIncrement::axpy                       :         0.30     900            0.0003
OOPS_STATS oops::ModelAuxIncrement::diff                       :         0.00       3            0.0003
OOPS_STATS oops::ModelAuxIncrement::dot_product_with           :         0.23     984            0.0002
OOPS_STATS oops::ModelAuxIncrement::operator*=                 :         0.03      79            0.0004
OOPS_STATS oops::ModelAuxIncrement::operator+=                 :         0.06     120            0.0005
OOPS_STATS oops::ModelAuxIncrement::operator+=ModelAuxControl  :         0.00       1            0.0001
OOPS_STATS oops::ModelAuxIncrement::operator=                  :         0.02      44            0.0004
OOPS_STATS oops::ModelAuxIncrement::print                      :         0.00       7            0.0006
OOPS_STATS oops::ModelAuxIncrement::serialSize                 :         0.01     178            0.0001
OOPS_STATS oops::ModelAuxIncrement::zero                       :         0.01      41            0.0003
OOPS_STATS oops::ModelAuxIncrement::~ModelAuxIncrement         :         0.04     178            0.0002
OOPS_STATS oops::ObsAuxControl::ObsAuxControl                  :         0.17       4            0.0429
OOPS_STATS oops::ObsAuxControl::print                          :         0.20       3            0.0669
OOPS_STATS oops::ObsAuxControl::requiredHdiagnostics           :         0.00       2            0.0001
OOPS_STATS oops::ObsAuxControl::requiredVars                   :         0.00       6            0.0002
OOPS_STATS oops::ObsAuxControl::write                          :         0.03       1            0.0321
OOPS_STATS oops::ObsAuxControl::~ObsAuxControl                 :         1.64       4            0.4111
OOPS_STATS oops::ObsAuxCovariance::ObsAuxCovariance            :         0.08       1            0.0777
OOPS_STATS oops::ObsAuxCovariance::inverseMultiply             :         0.05      41            0.0012
OOPS_STATS oops::ObsAuxCovariance::linearize                   :         4.52       1            4.5238
OOPS_STATS oops::ObsAuxCovariance::multiply                    :         0.30      41            0.0072
OOPS_STATS oops::ObsAuxCovariance::preconditioner              :         0.79       1            0.7866
OOPS_STATS oops::ObsAuxCovariance::write                       :         0.34       1            0.3434
OOPS_STATS oops::ObsAuxCovariance::~ObsAuxCovariance           :         0.00       1            0.0046
OOPS_STATS oops::ObsAuxIncrement::ObsAuxIncrement              :         3.53     178            0.0198
OOPS_STATS oops::ObsAuxIncrement::axpy                         :         1.05     900            0.0012
OOPS_STATS oops::ObsAuxIncrement::diff                         :         0.44       3            0.1474
OOPS_STATS oops::ObsAuxIncrement::dot_product_with             :         0.48     984            0.0005
OOPS_STATS oops::ObsAuxIncrement::operator*=                   :         0.08      79            0.0011
OOPS_STATS oops::ObsAuxIncrement::operator+=                   :         0.15     120            0.0013
OOPS_STATS oops::ObsAuxIncrement::operator=                    :         0.05      44            0.0011
OOPS_STATS oops::ObsAuxIncrement::print                        :         0.01       7            0.0009
OOPS_STATS oops::ObsAuxIncrement::serialSize                   :         0.01     356            0.0000
OOPS_STATS oops::ObsAuxIncrement::zero                         :         0.06      41            0.0016
OOPS_STATS oops::ObsAuxIncrement::~ObsAuxIncrement             :         1.92     178            0.0108
OOPS_STATS oops::ObsAuxPreconditioner::multiply                :         0.05      41            0.0012
OOPS_STATS oops::ObsAuxPreconditioner::~ObsAuxPreconditioner   :         0.45       2            0.2254
OOPS_STATS oops::ObsDataVector::ObsDataVector                  :         0.14       4            0.0346
OOPS_STATS oops::ObsDataVector::mask                           :         0.01       2            0.0037
OOPS_STATS oops::ObsDataVector::operator=                      :         0.01       2            0.0075
OOPS_STATS oops::ObsDataVector::print                          :         1.75       2            0.8768
OOPS_STATS oops::ObsDataVector::save                           :         0.41       4            0.1028
OOPS_STATS oops::ObsDataVector::~ObsDataVector                 :         0.02       4            0.0058
OOPS_STATS oops::ObsDiagnostics::ObsDiagnostics                :         0.07       2            0.0352
OOPS_STATS oops::ObsDiagnostics::~ObsDiagnostics               :         0.02       2            0.0107
OOPS_STATS oops::ObsError::getRMSE                             :         0.73       4            0.1829
OOPS_STATS oops::ObsError::inverseMultiply                     :         0.72      42            0.0172
OOPS_STATS oops::ObsError::obserrors                           :         0.07       6            0.0115
OOPS_STATS oops::ObsError::update                              :        34.68       2           17.3424
OOPS_STATS oops::ObsError::~ObsError                           :         2.76       1            2.7643
OOPS_STATS oops::ObsOperator::refl10cm::ObsOperator            :         3.81       2            1.9034
OOPS_STATS oops::ObsOperator::refl10cm::computeReducedVars     :         1.20       3            0.3985
OOPS_STATS oops::ObsOperator::refl10cm::locations              :         1.55       3            0.5161
OOPS_STATS oops::ObsOperator::refl10cm::requiredVars           :         0.00       3            0.0013
OOPS_STATS oops::ObsOperator::refl10cm::simulateObs            :         2.66       2            1.3284
OOPS_STATS oops::ObsOperator::refl10cm::~ObsOperator           :         1.19       2            0.5948
OOPS_STATS oops::ObsSpace::ObsSpace                            :       629.04       1          629.0418
OOPS_STATS oops::ObsSpace::obsvariables                        :         0.00       3            0.0001
OOPS_STATS oops::ObsSpace::save                                :      2650.20       1         2650.1989
OOPS_STATS oops::ObsSpace::~ObsSpace                           :         2.36       1            2.3625
OOPS_STATS oops::ObsVector::ObsVector                          :         1.25      98            0.0127
OOPS_STATS oops::ObsVector::dot_product                        :         0.52       4            0.1291
OOPS_STATS oops::ObsVector::info                               :         1.44       6            0.2404
OOPS_STATS oops::ObsVector::operator*=                         :         0.01       2            0.0046
OOPS_STATS oops::ObsVector::operator-=                         :         0.02       2            0.0111
OOPS_STATS oops::ObsVector::operator=                          :         0.39       4            0.0983
OOPS_STATS oops::ObsVector::rms                                :         0.37       4            0.0922
OOPS_STATS oops::ObsVector::save                               :         0.32       6            0.0528
OOPS_STATS oops::ObsVector::zero                               :         0.04      42            0.0009
OOPS_STATS oops::ObsVector::~ObsVector                         :         0.20      98            0.0020
OOPS_STATS oops::Parameters::deserialize                       :         9.40      97            0.0969
OOPS_STATS oops::Parameters::serialize                         :         2.12      80            0.0265
OOPS_STATS oops::Run::execute                                  :    409933.63       1       409933.6277
OOPS_STATS oops::SampledLocations::SampledLocations            :         0.00       4            0.0002
OOPS_STATS oops::SampledLocations::latitudes                   :         0.00       3            0.0001
OOPS_STATS oops::SampledLocations::longitudes                  :         0.00       3            0.0000
OOPS_STATS oops::SampledLocations::times                       :         0.00       3            0.0000
OOPS_STATS oops::SampledLocations::~SampledLocations           :         1.10       8            0.1376
OOPS_STATS oops::State::State                                  :     63299.42      72          879.1586
OOPS_STATS oops::State::print                                  :       193.48       3           64.4939
OOPS_STATS oops::State::toFieldSet                             :        29.10       5            5.8194
OOPS_STATS oops::State::variables                              :         0.00      58            0.0001
OOPS_STATS oops::State::write                                  :     20092.44       1        20092.4431
OOPS_STATS oops::State::zero                                   :        66.41      30            2.2137
OOPS_STATS oops::State::~State                                 :        18.48      72            0.2567
OOPS_STATS oops::UnstructuredInterpolator::UnstructuredInterpo :        52.78    2400            0.0220
OOPS_STATS oops::UnstructuredInterpolator::apply               :       125.28   34400            0.0036
OOPS_STATS oops::UnstructuredInterpolator::applyAD             :        76.87   32800            0.0023
OOPS_STATS oops::VariableChange::VariableChange                :         0.28       3            0.0929
OOPS_STATS oops::VariableChange::changeVar                     :        20.04       3            6.6785
OOPS_STATS oops::VariableChange::~VariableChange               :         0.02       3            0.0068
OOPS_STATS oops::util::FieldSetHelpers::readFieldSet           :      7695.59       2         3847.7958
OOPS_STATS saber::Localization::Localization                   :      7774.75       1         7774.7478
OOPS_STATS saber::Localization::multiply                       :    174019.22    1230          141.4790
OOPS_STATS saber::Localization::~Localization                  :         0.00       1            0.0001
OOPS_STATS ufo::ObsFilter::ObsFilter                           :         5.08       5            1.0150
OOPS_STATS ufo::ObsFilter::checkFilterData                     :         0.01      15            0.0004
OOPS_STATS ufo::ObsFilter::postFilter                          :        22.49       5            4.4988
OOPS_STATS ufo::ObsFilter::preProcess                          :         0.27       5            0.0535
OOPS_STATS ufo::ObsFilter::priorFilter                         :         0.03       5            0.0069
OOPS_STATS ufo::ObsFilter::~ObsFilter                          :        31.78       9            3.5312
OOPS_STATS util::Timers::measured                              :    409577.16       1       409577.1649
OOPS_STATS ------------------------------------ Timing Statistics -------------------------------------

OOPS_STATS ------------------------------------------------------------------------------------------------------------------
OOPS_STATS ---------------------------------- Parallel Timing Statistics ( 800 MPI tasks) -----------------------------------
OOPS_STATS ------------------------------------------------------------------------------------------------------------------
OOPS_STATS Name                                                :     min (ms)    max (ms)    avg (ms)     % total   imbal (%)
OOPS_STATS oops::Covariance::EnsembleCovariance                :     69363.88    69365.00    69364.26       16.92        0.00
OOPS_STATS oops::Covariance::ensemble::multiply                :    234576.04   235762.06   234981.21       57.32        0.50
OOPS_STATS oops::Diffusion::multiplySqrtAD                     :     55403.84    57349.54    56509.46       13.78        3.44
OOPS_STATS oops::Diffusion::multiplySqrtTL                     :     44423.71    76850.92    48226.55       11.76       67.24
OOPS_STATS oops::Geometry::Geometry                            :     50086.32    51405.56    51317.12       12.52        2.57
OOPS_STATS oops::Geometry::~Geometry                           :       447.36      634.14      546.06        0.13       34.20
OOPS_STATS oops::GeometryData::setGlobalTree                   :      1821.15     1962.18     1896.13        0.46        7.44
OOPS_STATS oops::GetValues::fillGeoVaLsTL                      :       290.72      809.08      634.11        0.15       81.75
OOPS_STATS oops::GetValues::finalizeAD                         :       528.98     1053.98      623.73        0.15       84.17
OOPS_STATS oops::Increment::Increment                          :     13637.39    36069.03    24665.06        6.02       90.95
OOPS_STATS oops::Increment::axpy                               :      4634.09     6014.45     5413.08        1.32       25.50
OOPS_STATS oops::Increment::dot_product_with                   :      7613.74     9837.90     8633.19        2.11       25.76
OOPS_STATS oops::Increment::fromFieldSet                       :      8687.65    20093.60    10600.59        2.59      107.60
OOPS_STATS oops::Increment::operator+=                         :      7933.13    13762.04     9991.08        2.44       58.34
OOPS_STATS oops::Increment::operator=                          :      3123.73     9195.13     5478.53        1.34      110.82
OOPS_STATS oops::Increment::print                              :     16435.65    55569.34    38983.47        9.51      100.39
OOPS_STATS oops::Increment::schur_product_with                 :      5964.69    16160.52    11302.19        2.76       90.21
OOPS_STATS oops::Increment::toFieldSet                         :      8127.64    16791.71    10816.28        2.64       80.10
OOPS_STATS oops::LinearVariableChange::changeVarAD             :      1134.33     2323.22     1666.54        0.41       71.34
OOPS_STATS oops::LinearVariableChange::changeVarTL             :       354.07     1440.42     1159.35        0.28       93.70
OOPS_STATS oops::LocalInterpolator::preprocess                 :        68.54     1337.47     1280.48        0.31       99.10
OOPS_STATS oops::Localization::Localization                    :      7694.73     7878.90     7764.85        1.89        2.37
OOPS_STATS oops::Localization::multiply                        :    182292.64   214278.28   198162.51       48.34       16.14
OOPS_STATS oops::ObsSpace::ObsSpace                            :       572.86      643.71      608.22        0.15       11.65
OOPS_STATS oops::ObsSpace::save                                :      2482.84     2652.51     2563.43        0.63        6.62
OOPS_STATS oops::State::State                                  :     63137.74    63444.56    63302.62       15.44        0.48
OOPS_STATS oops::State::write                                  :     18887.42    20129.55    20097.93        4.90        6.18
OOPS_STATS oops::util::FieldSetHelpers::readFieldSet           :      7473.94     7695.59     7534.50        1.84        2.94
OOPS_STATS saber::Localization::Localization                   :      7694.71     7878.87     7764.83        1.89        2.37
OOPS_STATS saber::Localization::multiply                       :    167753.64   208915.58   187931.80       45.84       21.90
OOPS_STATS util::Timers::measured                              :    409577.16   409778.10   409678.48       99.93        0.05
OOPS_STATS oops::Run::execute                                  :    409884.08   410024.82   409954.38      100.00        0.03
OOPS_STATS ---------------------------------- Parallel Timing Statistics ( 800 MPI tasks) -----------------------------------

OOPS_STATS Run end                                  - Runtime:    410.83 sec,  Memory: total:  4113.50 GB, per task: min =     4.82 GB, max =     7.25 GB
Run: Finishing oops::Variational<MPAS, UFO and IODA observations> with status = 0
OOPS Ending   2026-05-29 02:26:19 (UTC+0000)
