Configuration input file is: jedivar.pass2.yaml
Full configuration is:YAMLConfiguration[path=jedivar.pass2.yaml, root={_member => {date => 2026-05-24T18:00:00Z , state variables => (water_vapor_mixing_ratio_wrt_moist_air,air_pressure_at_surface,air_temperature,northward_wind,eastward_wind,cloud_liquid_water,cloud_liquid_ice,rain_water,snow_water,graupel,equivalent_reflectivity_factor,upward_air_velocity) , stream name => ensemble} , output => {filename => mpasout.nc , stream name => analysis} , variational => {minimizer => {algorithm => DRPCG} , iterations => ({geometry => {nml_file => ./namelist.atmosphere , streams_file => ./streams.atmosphere , deallocate non-da fields => true , interpolation type => unstructured} , gradient norm reduction => 0.001 , ninner => 75})} , cost function => {cost type => 3D-Var , time window => {begin => 2026-05-24T16:00:00Z , length => PT4H} , jb evaluation => false , geometry => {nml_file => ./namelist.atmosphere , streams_file => ./streams.atmosphere , deallocate non-da fields => true , interpolation type => unstructured} , analysis variables => (water_vapor_mixing_ratio_wrt_moist_air,air_pressure_at_surface,air_temperature,northward_wind,eastward_wind,cloud_liquid_water,cloud_liquid_ice,rain_water,snow_water,graupel,equivalent_reflectivity_factor,upward_air_velocity) , background => {state variables => (water_vapor_mixing_ratio_wrt_moist_air,air_pressure_at_surface,air_temperature,northward_wind,eastward_wind,air_potential_temperature,dry_air_density,u,water_vapor_mixing_ratio_wrt_dry_air,air_pressure,landmask,seaice_fraction,snowc,skin_temperature_at_surface,ivgtyp,isltyp,snowh,vegetation_area_fraction,air_temperature_at_2m,water_vapor_mixing_ratio_wrt_moist_air_at_2m,eastward_wind_at_10m,northward_wind_at_10m,lai,smois,tslb,pressure_p,cloud_liquid_water,cloud_liquid_ice,graupel,rain_water,snow_water,cldfrac,equivalent_reflectivity_factor,w,upward_air_velocity) , filename => mpasout.nc , date => 2026-05-24T18:00:00Z} , background error => {covariance model => ensemble , localization => {localization method => SABER , saber central block => {saber block name => diffusion , active variables => (water_vapor_mixing_ratio_wrt_moist_air,air_pressure_at_surface,air_temperature,northward_wind,eastward_wind,cloud_liquid_water,cloud_liquid_ice,rain_water,snow_water,graupel,equivalent_reflectivity_factor,upward_air_velocity) , read => {groups => ({variables => (water_vapor_mixing_ratio_wrt_moist_air,air_pressure_at_surface,air_temperature,northward_wind,eastward_wind,cloud_liquid_water,cloud_liquid_ice,rain_water,snow_water,graupel,equivalent_reflectivity_factor,upward_air_velocity) , multivariate strategy => duplicated , horizontal => {filepath => data/diffusionloc/mpas_conus3km.diffusion_hz} , vertical => {levels => 59 , filepath => data/diffusionloc/mpas_conus3km.diffusion_vt}})}}} , members from template => {template => {date => 2026-05-24T18:00:00Z , state variables => (water_vapor_mixing_ratio_wrt_moist_air,air_pressure_at_surface,air_temperature,northward_wind,eastward_wind,cloud_liquid_water,cloud_liquid_ice,rain_water,snow_water,graupel,equivalent_reflectivity_factor,upward_air_velocity) , stream name => ensemble , filename => ./data/ens/mem%iMember%.nc} , pattern => %iMember% , start => 1 , zero padding => 3 , nmembers => 30}} , observations => {observers => ({obs space => {name => refl10cm , distribution => {name => RoundRobin , halo size => 500000} , obsdatain => {engine => {type => H5File , obsfile => data/obs/ioda_mrms_refl.nc , missing file action => warn}} , obsdataout => {engine => {type => H5File , allow overwrite => true , obsfile => jdiag_mrms_refl.nc}} , io pool => {write multiple files => false} , _source => mrms , simulated variables => (equivalentReflectivityFactor)} , obs operator => {name => VertInterp , vertical coordinate => height_above_mean_sea_level , observation vertical coordinate => height , interpolation method => linear , observation alias file => obsop_name_map.yaml} , obs localizations => ({localization method => Horizontal Gaspari-Cohn , lengthscale => 200000}) , _obsname => refl10cm , obs filters => ({filter => Background Check , filter variables => ({name => equivalentReflectivityFactor}) , threshold => 12 , action => {name => reject}})})}}}]
OOPS_STATS ObjectCountHelper started.
OOPS_STATS Run start                                - Runtime:      1.14 sec,  Memory: total:   104.11 GB, per task: min =   128.97 MB, max =   130.55 MB
Run: Starting oops::Variational<MPAS, UFO and IODA observations>
OOPS_STATS Variational start                        - Runtime:     1.14 sec,  Local Memory:   130.55 MB
==> create geom
atlas::mpi::push(world)
Increase halo 1
atlas::mpi::pop(world)
atlas::mpi::push(world)
atlas::mpi::pop(world)
atlas::mpi::push(world)
atlas::mpi::pop(world)
atlas::mpi::push(world)
atlas::mpi::pop(world)
refl10cm: read database from data/obs/ioda_mrms_refl.nc (io pool size: 800)
refl10cm processed vars: 1 Variables: equivalentReflectivityFactor
refl10cm assimilated vars: 1 Variables: equivalentReflectivityFactor
refl10cm: 0 observations are outside of time window out of 3907950
refl10cm: 0 observations were rejected by QC checks out of 3907950
No bias-correction is performed for this ObsSpace.
3DVar window: TimeWindow: start = 2026-05-24T16:00:00Z, end = 2026-05-24T20:00:00Z, inclusive upper bound.

OOPS_STATS IncrementalAssimilation start            - Runtime:    29.88 sec,  Local Memory:     2.51 GB
Running incremental assimilation with 1 outer iterations.
Minimizer algorithm=DRPCG
QNewtonLMP: maxouter : 1
IncrementalAssimilation: Configuration for outer iteration 0:
LocalConfiguration[root={geometry => {nml_file => ./namelist.atmosphere , streams_file => ./streams.atmosphere , deallocate non-da fields => true , interpolation type => unstructured} , gradient norm reduction => 0.001 , ninner => 75 , iteration => 0 , total iterations => 1}]
OOPS_STATS IncrementalAssimilation iteration 0      - Runtime:    29.88 sec,  Local Memory:     2.51 GB
==> create geom
atlas::mpi::push(world)
Increase halo 1
atlas::mpi::pop(world)
atlas::mpi::push(world)
atlas::mpi::pop(world)
atlas::mpi::push(world)
atlas::mpi::pop(world)
atlas::mpi::push(world)
atlas::mpi::pop(world)
Key "mesh[address=0x53b62f0],halo[size=1]" not found in cache "NodeColumnsHaloExchangeCache" , creating new, removable with key "mesh[address=0x53b62f0],halo[size=1]"
Key "mesh[address=0x86c6c20],halo[size=1]" not found in cache "NodeColumnsHaloExchangeCache" , creating new, removable with key "mesh[address=0x86c6c20],halo[size=1]"
processWhere: selected 0 obs.
BackgroundCheck obserr: 
refl10cm equivalentReflectivityFactor nlocs = 3907950, nobs = 3907950, min = 5, max = 5, avg = 5
processing a float: 12
ObsErrorDiagonal covariance updated 3772601
Observer::finalize QC = 
refl10cm equivalentReflectivityFactor nlocs = 3907950, nobs = 3907950, min = 0, max = 19, avg = 0
CostJo Observations: 
refl10cm nobs= 3907950 Min=0, Max=58.0055, RMS=4.48713

Jo Observations:
Jo Obs :refl10cm:equivalentReflectivityFactor   : Nobs=  3772601, Min= 0.000000e+00, Max= 5.800553e+01, RMS= 4.555301e+00
Jo Observations Equivalent:
Jo H(x):refl10cm:equivalentReflectivityFactor   : Nobs=  3772601, Min= 0.000000e+00, Max= 6.140171e+01, RMS= 4.580848e+00
Jo Bias Corrected Departures:
Jo Dep :refl10cm:equivalentReflectivityFactor   : Nobs=  3772601, Min=-5.800553e+01, Max= 5.999615e+01, RMS= 4.216718e+00
Jo Observations Errors:
UFO Diagonal observation error covariance, inverse variances: refl10cm nobs= 3772601 Min=0.04, Max=0.04, RMS=0.04



CostJo   : Nonlinear Jo(refl10cm) = 1.34159e+06, nobs = 3772601, Jo/n = 0.355614, err = 5
CostJo   : Nonlinear Jo = 1.34159e+06
Increment:diff x1 4
Increment:diff x2 35
Increment:diff x1 5
Increment:diff x2 36
Increment:diff x1 6
Increment:diff x2 37
Increment:diff x1 7
Increment:diff x2 38
Increment:diff x1 8
Increment:diff x2 39
Increment:diff x1 9
Increment:diff x2 40
Increment:diff x1 10
Increment:diff x2 41
Increment:diff x1 11
Increment:diff x2 42
Increment:diff x1 12
Increment:diff x2 43
Increment:diff x1 13
Increment:diff x2 44
Increment:diff x1 14
Increment:diff x2 45
Increment:diff x1 15
Increment:diff x2 46
Increment:diff x1 16
Increment:diff x2 47
Increment:diff x1 17
Increment:diff x2 48
Increment:diff x1 18
Increment:diff x2 49
Increment:diff x1 19
Increment:diff x2 50
Increment:diff x1 20
Increment:diff x2 51
Increment:diff x1 21
Increment:diff x2 52
Increment:diff x1 22
Increment:diff x2 53
Increment:diff x1 23
Increment:diff x2 54
Increment:diff x1 24
Increment:diff x2 55
Increment:diff x1 25
Increment:diff x2 56
Increment:diff x1 26
Increment:diff x2 57
Increment:diff x1 27
Increment:diff x2 58
Increment:diff x1 28
Increment:diff x2 59
Increment:diff x1 29
Increment:diff x2 60
Increment:diff x1 30
Increment:diff x2 61
Increment:diff x1 31
Increment:diff x2 62
Increment:diff x1 32
Increment:diff x2 63
Increment:diff x1 33
Increment:diff x2 64
Info     : Prepare ensemble configuration
Info     : Read full ensemble
Info     : Creating central block: 
Info     : SaberCentralBlock using multivariate strategy: deprecated
Info     : Creating single central block.
Info     : Read data

==================================================================================
 saber::Diffusion read
----------------------------------------------------------------------------------

group 1 of 1
atlas::mpi::push(world)
atlas::mpi::pop(world)
variables: [water_vapor_mixing_ratio_wrt_moist_air,air_pressure_at_surface,air_temperature,northward_wind,eastward_wind,cloud_liquid_water,cloud_liquid_ice,rain_water,snow_water,graupel,equivalent_reflectivity_factor,upward_air_velocity]
multivariate strategy: duplicated
Reading horizontal parameters
  levels: 1
Key "mesh[address=0x86c6c20]" not found in cache "NodeColumnsGatherScatterCache" , creating new, removable with key "mesh[address=0x86c6c20]"
  Info     : Reading file: data/diffusionloc/mpas_conus3km.diffusion_hz.nc
atlas::mpi::push(world)
atlas::mpi::pop(world)
  hzScales:  min: 4087.19  mean: 4087.19  max: 4087.19
  hzNorm:    min: 2.4414  mean: 3.71484  max: 4.05626
Reading vertical parameters
  levels: 59
  vertical strategy: normal
  Info     : Reading file: data/diffusionloc/mpas_conus3km.diffusion_vt.nc
atlas::mpi::push(world)
atlas::mpi::pop(world)
  vtScales:  min: 11  mean: 11  max: 11
  vtNorm:    min: 3.7178  mean: 4.83632  max: 5.25235
Diffusion: horizontal iterations: 6
Diffusion: vertical iterations: 242
Increment:diff x1 2
Increment:diff x2 1
==================================================================================

CostJb: FG-BG
  Valid time: 2026-05-24T18:00:00Z
  Resolution: nCellsGlobal = 2341818, nFields = 12
Fld=1  Min=0, Max=0, RMS=0 : water_vapor_mixing_ratio_wrt_moist_air
Fld=2  Min=0, Max=0, RMS=0 : air_pressure_at_surface
Fld=3  Min=0, Max=0, RMS=0 : air_temperature
Fld=4  Min=0, Max=0, RMS=0 : northward_wind
Fld=5  Min=0, Max=0, RMS=0 : eastward_wind
Fld=6  Min=0, Max=0, RMS=0 : cloud_liquid_water
Fld=7  Min=0, Max=0, RMS=0 : cloud_liquid_ice
Fld=8  Min=0, Max=0, RMS=0 : rain_water
Fld=9  Min=0, Max=0, RMS=0 : snow_water
Fld=10  Min=0, Max=0, RMS=0 : graupel
Fld=11  Min=0, Max=0, RMS=0 : equivalent_reflectivity_factor
Fld=12  Min=0, Max=0, RMS=0 : upward_air_velocity
Increment:diff x1 2
Increment:diff x2 1
CostJb: FG-BG
  Valid time: 2026-05-24T18:00:00Z
  Resolution: nCellsGlobal = 2341818, nFields = 12
Fld=1  Min=0, Max=0, RMS=0 : water_vapor_mixing_ratio_wrt_moist_air
Fld=2  Min=0, Max=0, RMS=0 : air_pressure_at_surface
Fld=3  Min=0, Max=0, RMS=0 : air_temperature
Fld=4  Min=0, Max=0, RMS=0 : northward_wind
Fld=5  Min=0, Max=0, RMS=0 : eastward_wind
Fld=6  Min=0, Max=0, RMS=0 : cloud_liquid_water
Fld=7  Min=0, Max=0, RMS=0 : cloud_liquid_ice
Fld=8  Min=0, Max=0, RMS=0 : rain_water
Fld=9  Min=0, Max=0, RMS=0 : snow_water
Fld=10  Min=0, Max=0, RMS=0 : graupel
Fld=11  Min=0, Max=0, RMS=0 : equivalent_reflectivity_factor
Fld=12  Min=0, Max=0, RMS=0 : upward_air_velocity
CostFunction: Nonlinear J = 1.34159e+06
OOPS_STATS IncrementalAssimilation linearize 0      - Runtime:   119.38 sec,  Local Memory:     7.26 GB

DRPCGMinimizer: max iter = 75, requested norm reduction = 0.001
CostFunction::computeGradientFG: gradient:
  Valid time: 2026-05-24T18:00:00Z
  Resolution: nCellsGlobal = 2341818, nFields = 12
Fld=1  Min=0, Max=0, RMS=0 : water_vapor_mixing_ratio_wrt_moist_air
Fld=2  Min=0, Max=0, RMS=0 : air_pressure_at_surface
Fld=3  Min=0, Max=0, RMS=0 : air_temperature
Fld=4  Min=0, Max=0, RMS=0 : northward_wind
Fld=5  Min=0, Max=0, RMS=0 : eastward_wind
Fld=6  Min=0, Max=0, RMS=0 : cloud_liquid_water
Fld=7  Min=0, Max=0, RMS=0 : cloud_liquid_ice
Fld=8  Min=0, Max=0, RMS=0 : rain_water
Fld=9  Min=0, Max=0, RMS=0 : snow_water
Fld=10  Min=0, Max=0, RMS=0 : graupel
Fld=11  Min=-1.98741, Max=1.8285, RMS=0.0161958 : equivalent_reflectivity_factor
Fld=12  Min=0, Max=0, RMS=0 : upward_air_velocity
DRPCGMinimizer rhs
  Valid time: 2026-05-24T18:00:00Z
  Resolution: nCellsGlobal = 2341818, nFields = 12
Fld=1  Min=-0, Max=-0, RMS=0 : water_vapor_mixing_ratio_wrt_moist_air
Fld=2  Min=-0, Max=-0, RMS=0 : air_pressure_at_surface
Fld=3  Min=-0, Max=-0, RMS=0 : air_temperature
Fld=4  Min=-0, Max=-0, RMS=0 : northward_wind
Fld=5  Min=-0, Max=-0, RMS=0 : eastward_wind
Fld=6  Min=-0, Max=-0, RMS=0 : cloud_liquid_water
Fld=7  Min=-0, Max=-0, RMS=0 : cloud_liquid_ice
Fld=8  Min=-0, Max=-0, RMS=0 : rain_water
Fld=9  Min=-0, Max=-0, RMS=0 : snow_water
Fld=10  Min=-0, Max=-0, RMS=0 : graupel
Fld=11  Min=-1.8285, Max=1.98741, RMS=0.0161958 : equivalent_reflectivity_factor
Fld=12  Min=-0, Max=-0, RMS=0 : upward_air_velocity
Initial RHS squared norm = 36242
OOPS_STATS DRPCG start                              - Runtime:   119.52 sec,  Local Memory:     7.26 GB
normr0 36242
  Residual norm ( 0) = 7319.369171251507
  Norm reduction ( 0) = 1

  Quadratic cost function: J   ( 0) = 1341590.772312278
  Quadratic cost function: Jb  ( 0) = 0
  Quadratic cost function: JoJc( 0) = 1341590.772312278


 DRPCG Starting Iteration 1
OOPS_STATS DRPCG iteration 1                        - Runtime:   124.83 sec,  Local Memory:     7.26 GB
rdots 1.68576e+07      iteration    0
DRPCG end of iteration 1
  Residual norm ( 1) = 4105.80211252432
  Norm reduction ( 1) = 0.5609502699564322

  Quadratic cost function: J   ( 1) = 791676.4917615906
  Quadratic cost function: Jb  ( 1) = 11289.44745326491
  Quadratic cost function: JoJc( 1) = 780387.0443083256

 DRPCG Starting Iteration 2
OOPS_STATS DRPCG iteration 2                        - Runtime:   130.23 sec,  Local Memory:     7.26 GB
rdots 9.94938e+06      iteration    1
DRPCG end of iteration 2
  Residual norm ( 2) = 3154.264272204234
  Norm reduction ( 2) = 0.4309475582394896

  Quadratic cost function: J   ( 2) = 638136.4316132655
  Quadratic cost function: Jb  ( 2) = 21270.62971419758
  Quadratic cost function: JoJc( 2) = 616865.8018990679

 DRPCG Starting Iteration 3
OOPS_STATS DRPCG iteration 3                        - Runtime:   135.80 sec,  Local Memory:     7.26 GB
rdots 4.9748e+06      iteration    2
DRPCG end of iteration 3
  Residual norm ( 3) = 2230.426907893591
  Norm reduction ( 3) = 0.3047293907040654

  Quadratic cost function: J   ( 3) = 556571.1517401588
  Quadratic cost function: Jb  ( 3) = 30901.2977523203
  Quadratic cost function: JoJc( 3) = 525669.8539878385

 DRPCG Starting Iteration 4
OOPS_STATS DRPCG iteration 4                        - Runtime:   141.32 sec,  Local Memory:     7.26 GB
rdots 3.13821e+06      iteration    3
DRPCG end of iteration 4
  Residual norm ( 4) = 1771.498283440702
  Norm reduction ( 4) = 0.2420288199697135

  Quadratic cost function: J   ( 4) = 504528.3664938891
  Quadratic cost function: Jb  ( 4) = 40617.29400605243
  Quadratic cost function: JoJc( 4) = 463911.0724878367

 DRPCG Starting Iteration 5
OOPS_STATS DRPCG iteration 5                        - Runtime:   147.06 sec,  Local Memory:     7.26 GB
rdots 2.21181e+06      iteration    4
DRPCG end of iteration 5
  Residual norm ( 5) = 1487.215739481736
  Norm reduction ( 5) = 0.2031890596969908

  Quadratic cost function: J   ( 5) = 474713.9128774327
  Quadratic cost function: Jb  ( 5) = 48602.3321696783
  Quadratic cost function: JoJc( 5) = 426111.5807077544

 DRPCG Starting Iteration 6
rdots 1.31366e+06      iteration    5
DRPCG end of iteration 6
  Residual norm ( 6) = 1146.151960358601
  Norm reduction ( 6) = 0.156591631538463

  Quadratic cost function: J   ( 6) = 453125.7540419465
  Quadratic cost function: Jb  ( 6) = 56355.06860130707
  Quadratic cost function: JoJc( 6) = 396770.6854406394

 DRPCG Starting Iteration 7
rdots 893174      iteration    6
DRPCG end of iteration 7
  Residual norm ( 7) = 945.0787083924571
  Norm reduction ( 7) = 0.1291202405945678

  Quadratic cost function: J   ( 7) = 437533.9617335169
  Quadratic cost function: Jb  ( 7) = 63658.14575582654
  Quadratic cost function: JoJc( 7) = 373875.8159776903

 DRPCG Starting Iteration 8
rdots 748146      iteration    7
DRPCG end of iteration 8
  Residual norm ( 8) = 864.9545018055942
  Norm reduction ( 8) = 0.1181733673446751

  Quadratic cost function: J   ( 8) = 427202.9360978073
  Quadratic cost function: Jb  ( 8) = 69759.95028688473
  Quadratic cost function: JoJc( 8) = 357442.9858109225

 DRPCG Starting Iteration 9
rdots 619674      iteration    8
DRPCG end of iteration 9
  Residual norm ( 9) = 787.1938034660275
  Norm reduction ( 9) = 0.1075494055632432

  Quadratic cost function: J   ( 9) = 420760.3232364537
  Quadratic cost function: Jb  ( 9) = 74331.22600504583
  Quadratic cost function: JoJc( 9) = 346429.0972314079

 DRPCG Starting Iteration 10
OOPS_STATS DRPCG iteration 10                       - Runtime:   175.19 sec,  Local Memory:     7.26 GB
rdots 419765      iteration    9
DRPCG end of iteration 10
  Residual norm (10) = 647.8924845663304
  Norm reduction (10) = 0.08851753059690935

  Quadratic cost function: J   (10) = 415759.4039264704
  Quadratic cost function: Jb  (10) = 78460.19995297385
  Quadratic cost function: JoJc(10) = 337299.2039734966

 DRPCG Starting Iteration 11
rdots 292180      iteration    10
DRPCG end of iteration 11
  Residual norm (11) = 540.5369304699886
  Norm reduction (11) = 0.07385020728194321

  Quadratic cost function: J   (11) = 411702.6525692639
  Quadratic cost function: Jb  (11) = 82327.61707024706
  Quadratic cost function: JoJc(11) = 329375.0354990169

 DRPCG Starting Iteration 12
rdots 200275      iteration    11
DRPCG end of iteration 12
  Residual norm (12) = 447.520611292669
  Norm reduction (12) = 0.06114196467236662

  Quadratic cost function: J   (12) = 408622.5929558212
  Quadratic cost function: Jb  (12) = 85696.56607860771
  Quadratic cost function: JoJc(12) = 322926.0268772135

 DRPCG Starting Iteration 13
rdots 135831      iteration    12
DRPCG end of iteration 13
  Residual norm (13) = 368.5520178146135
  Norm reduction (13) = 0.05035297567202726

  Quadratic cost function: J   (13) = 406278.8900771049
  Quadratic cost function: Jb  (13) = 88614.5953956728
  Quadratic cost function: JoJc(13) = 317664.2946814321

 DRPCG Starting Iteration 14
rdots 103306      iteration    13
DRPCG end of iteration 14
  Residual norm (14) = 321.4121611266396
  Norm reduction (14) = 0.0439125495116518

  Quadratic cost function: J   (14) = 404605.2797174705
  Quadratic cost function: Jb  (14) = 90965.19839453339
  Quadratic cost function: JoJc(14) = 313640.0813229372

 DRPCG Starting Iteration 15
OOPS_STATS DRPCG iteration 15                       - Runtime:   205.11 sec,  Local Memory:     7.26 GB
rdots 81345.5      iteration    14
DRPCG end of iteration 15
  Residual norm (15) = 285.2112553835996
  Norm reduction (15) = 0.03896664435288111

  Quadratic cost function: J   (15) = 403476.5771174417
  Quadratic cost function: Jb  (15) = 92727.8554982132
  Quadratic cost function: JoJc(15) = 310748.7216192285

 DRPCG Starting Iteration 16
rdots 62345      iteration    15
DRPCG end of iteration 16
  Residual norm (16) = 249.689849264651
  Norm reduction (16) = 0.03411357501208777

  Quadratic cost function: J   (16) = 402666.009443848
  Quadratic cost function: Jb  (16) = 94116.17471797159
  Quadratic cost function: JoJc(16) = 308549.8347258765

 DRPCG Starting Iteration 17
rdots 54021.2      iteration    16
DRPCG end of iteration 17
  Residual norm (17) = 232.4245461349169
  Norm reduction (17) = 0.03175472376059639

  Quadratic cost function: J   (17) = 402125.623906445
  Quadratic cost function: Jb  (17) = 95118.43170671524
  Quadratic cost function: JoJc(17) = 307007.1921997297

 DRPCG Starting Iteration 18
rdots 33814      iteration    17
DRPCG end of iteration 18
  Residual norm (18) = 183.8859032981103
  Norm reduction (18) = 0.02512319012687106

  Quadratic cost function: J   (18) = 401674.6101224393
  Quadratic cost function: Jb  (18) = 96018.04410626506
  Quadratic cost function: JoJc(18) = 305656.5660161743

 DRPCG Starting Iteration 19
rdots 22968.5      iteration    18
DRPCG end of iteration 19
  Residual norm (19) = 151.553484155774
  Norm reduction (19) = 0.02070581229199846

  Quadratic cost function: J   (19) = 401297.2532035465
  Quadratic cost function: Jb  (19) = 96829.59056149182
  Quadratic cost function: JoJc(19) = 304467.6626420547

 DRPCG Starting Iteration 20
OOPS_STATS DRPCG iteration 20                       - Runtime:   235.84 sec,  Local Memory:     7.26 GB
rdots 16115.5      iteration    19
DRPCG end of iteration 20
  Residual norm (20) = 126.9467839890134
  Norm reduction (20) = 0.01734395150986862

  Quadratic cost function: J   (20) = 401022.108486714
  Quadratic cost function: Jb  (20) = 97467.49386608956
  Quadratic cost function: JoJc(20) = 303554.6146206244

 DRPCG Starting Iteration 21
rdots 12072.9      iteration    20
DRPCG end of iteration 21
  Residual norm (21) = 109.8769105165248
  Norm reduction (21) = 0.01501180059998769

  Quadratic cost function: J   (21) = 400834.9823595742
  Quadratic cost function: Jb  (21) = 97932.28242893127
  Quadratic cost function: JoJc(21) = 302902.6999306429

 DRPCG Starting Iteration 22
rdots 8661.95      iteration    21
DRPCG end of iteration 22
  Residual norm (22) = 93.06960892196415
  Norm reduction (22) = 0.01271552325677413

  Quadratic cost function: J   (22) = 400696.0234471853
  Quadratic cost function: Jb  (22) = 98300.19039128663
  Quadratic cost function: JoJc(22) = 302395.8330558987

 DRPCG Starting Iteration 23
rdots 6244.37      iteration    22
DRPCG end of iteration 23
  Residual norm (23) = 79.02131186244993
  Norm reduction (23) = 0.0107961915861307

  Quadratic cost function: J   (23) = 400595.7735527587
  Quadratic cost function: Jb  (23) = 98582.2568606064
  Quadratic cost function: JoJc(23) = 302013.5166921524

 DRPCG Starting Iteration 24
rdots 4557.4      iteration    23
DRPCG end of iteration 24
  Residual norm (24) = 67.50849053549665
  Norm reduction (24) = 0.009223266234561805

  Quadratic cost function: J   (24) = 400525.2195191027
  Quadratic cost function: Jb  (24) = 98792.34513882641
  Quadratic cost function: JoJc(24) = 301732.8743802763

 DRPCG Starting Iteration 25
OOPS_STATS DRPCG iteration 25                       - Runtime:   266.66 sec,  Local Memory:     7.26 GB
rdots 3207.26      iteration    24
DRPCG end of iteration 25
  Residual norm (25) = 56.63271479980175
  Norm reduction (25) = 0.007737376469852029

  Quadratic cost function: J   (25) = 400472.2957013283
  Quadratic cost function: Jb  (25) = 98958.67058961546
  Quadratic cost function: JoJc(25) = 301513.6251117128

 DRPCG Starting Iteration 26
rdots 2459.37      iteration    25
DRPCG end of iteration 26
  Residual norm (26) = 49.59204714165287
  Norm reduction (26) = 0.006775453728503947

  Quadratic cost function: J   (26) = 400435.8044613029
  Quadratic cost function: Jb  (26) = 99079.36250930317
  Quadratic cost function: JoJc(26) = 301356.4419519998

 DRPCG Starting Iteration 27
rdots 1800.82      iteration    26
DRPCG end of iteration 27
  Residual norm (27) = 42.43606927132718
  Norm reduction (27) = 0.00579777686825861

  Quadratic cost function: J   (27) = 400409.7247800096
  Quadratic cost function: Jb  (27) = 99169.77998945306
  Quadratic cost function: JoJc(27) = 301239.9447905566

 DRPCG Starting Iteration 28
rdots 1298.42      iteration    27
DRPCG end of iteration 28
  Residual norm (28) = 36.0336474935355
  Norm reduction (28) = 0.004923053701822539

  Quadratic cost function: J   (28) = 400390.6155797075
  Quadratic cost function: Jb  (28) = 99239.047993413
  Quadratic cost function: JoJc(28) = 301151.5675862945

 DRPCG Starting Iteration 29
rdots 955.537      iteration    28
DRPCG end of iteration 29
  Residual norm (29) = 30.91176675453206
  Norm reduction (29) = 0.004223282912951717

  Quadratic cost function: J   (29) = 400376.0906742194
  Quadratic cost function: Jb  (29) = 99294.04354031384
  Quadratic cost function: JoJc(29) = 301082.0471339056

 DRPCG Starting Iteration 30
OOPS_STATS DRPCG iteration 30                       - Runtime:   298.24 sec,  Local Memory:     7.26 GB
rdots 684.3      iteration    29
DRPCG end of iteration 30
  Residual norm (30) = 26.15912430647406
  Norm reduction (30) = 0.003573958860993101

  Quadratic cost function: J   (30) = 400366.1037416413
  Quadratic cost function: Jb  (30) = 99333.45500179262
  Quadratic cost function: JoJc(30) = 301032.6487398486

 DRPCG Starting Iteration 31
rdots 531.217      iteration    30
DRPCG end of iteration 31
  Residual norm (31) = 23.04814741563881
  Norm reduction (31) = 0.003148925389112175

  Quadratic cost function: J   (31) = 400358.7350250202
  Quadratic cost function: Jb  (31) = 99363.68634590949
  Quadratic cost function: JoJc(31) = 300995.0486791107

 DRPCG Starting Iteration 32
rdots 355.946      iteration    31
DRPCG end of iteration 32
  Residual norm (32) = 18.86652206476303
  Norm reduction (32) = 0.002577615860512351

  Quadratic cost function: J   (32) = 400353.4317833779
  Quadratic cost function: Jb  (32) = 99386.26808445086
  Quadratic cost function: JoJc(32) = 300967.163698927

 DRPCG Starting Iteration 33
rdots 257.551      iteration    32
DRPCG end of iteration 33
  Residual norm (33) = 16.04838030428029
  Norm reduction (33) = 0.002192590635722266

  Quadratic cost function: J   (33) = 400349.3180131834
  Quadratic cost function: Jb  (33) = 99404.44003021307
  Quadratic cost function: JoJc(33) = 300944.8779829703

 DRPCG Starting Iteration 34
rdots 194.241      iteration    33
DRPCG end of iteration 34
  Residual norm (34) = 13.93703429004838
  Norm reduction (34) = 0.001904130528733167

  Quadratic cost function: J   (34) = 400346.4501285189
  Quadratic cost function: Jb  (34) = 99417.57428345115
  Quadratic cost function: JoJc(34) = 300928.8758450677

 DRPCG Starting Iteration 35
OOPS_STATS DRPCG iteration 35                       - Runtime:   329.93 sec,  Local Memory:     7.26 GB
rdots 144.094      iteration    34
DRPCG end of iteration 35
  Residual norm (35) = 12.00391755344485
  Norm reduction (35) = 0.001640020782199779

  Quadratic cost function: J   (35) = 400344.4100718045
  Quadratic cost function: Jb  (35) = 99427.23887527703
  Quadratic cost function: JoJc(35) = 300917.1711965275

 DRPCG Starting Iteration 36
rdots 93.6021      iteration    35
DRPCG end of iteration 36
  Residual norm (36) = 9.674820317467351
  Norm reduction (36) = 0.001321810676727089

  Quadratic cost function: J   (36) = 400342.8106186457
  Quadratic cost function: Jb  (36) = 99435.0736556366
  Quadratic cost function: JoJc(36) = 300907.7369630091

 DRPCG Starting Iteration 37
rdots 66.2096      iteration    36
DRPCG end of iteration 37
  Residual norm (37) = 8.136930487473727
  Norm reduction (37) = 0.001111698330428991

  Quadratic cost function: J   (37) = 400341.630818504
  Quadratic cost function: Jb  (37) = 99441.05310391713
  Quadratic cost function: JoJc(37) = 300900.5777145869

 DRPCG Starting Iteration 38
rdots 49.191      iteration    37
DRPCG end of iteration 38
  Residual norm (38) = 7.013628587123666
  Norm reduction (38) = 0.000958228560826156

  Quadratic cost function: J   (38) = 400340.8177475182
  Quadratic cost function: Jb  (38) = 99445.31277604977
  Quadratic cost function: JoJc(38) = 300895.5049714684

DRPCG: Achieved required reduction in residual norm.
OOPS_STATS DRPCG end                                - Runtime:   355.42 sec,  Local Memory:     7.26 GB
DRPCGMinimizer: reduction in residual norm = 0.000958229
DRPCGMinimizer output increment:
  Valid time: 2026-05-24T18:00:00Z
  Resolution: nCellsGlobal = 2341818, nFields = 12
Fld=1  Min=-0.00899876, Max=0.0131218, RMS=8.81969e-05 : water_vapor_mixing_ratio_wrt_moist_air
Fld=2  Min=-76.4587, Max=84.7135, RMS=2.13942 : air_pressure_at_surface
Fld=3  Min=-6.85788, Max=7.59934, RMS=0.0868629 : air_temperature
Fld=4  Min=-22.346, Max=18.773, RMS=0.329315 : northward_wind
Fld=5  Min=-18.9091, Max=18.2633, RMS=0.333113 : eastward_wind
Fld=6  Min=-0.00542312, Max=0.00669627, RMS=2.09434e-05 : cloud_liquid_water
Fld=7  Min=-0.00159751, Max=0.000999626, RMS=3.84826e-06 : cloud_liquid_ice
Fld=8  Min=-0.00858699, Max=0.00805258, RMS=4.27634e-05 : rain_water
Fld=9  Min=-0.00574509, Max=0.00635321, RMS=5.64578e-05 : snow_water
Fld=10  Min=-0.0111451, Max=0.00666471, RMS=2.74519e-05 : graupel
Fld=11  Min=-92.6805, Max=86.1601, RMS=2.30433 : equivalent_reflectivity_factor
Fld=12  Min=0, Max=0, RMS=0 : upward_air_velocity
CostFunction::addIncrement: First guess:
  Valid time: 2026-05-24T18:00:00Z
  Resolution: nCellsGlobal = 2341818, nFields = 35
Fld=1  Min=0, Max=0.0222914, RMS=0.00598288 : water_vapor_mixing_ratio_wrt_moist_air
Fld=2  Min=63830.5, Max=103669, RMS=96752.3 : air_pressure_at_surface
Fld=3  Min=190.216, Max=310.355, RMS=260.166 : air_temperature
Fld=4  Min=-40.1577, Max=50.9829, RMS=6.52204 : northward_wind
Fld=5  Min=-19.3476, Max=64.2778, RMS=10.8779 : eastward_wind
Fld=6  Min=272.276, Max=646.61, RMS=355.727 : air_potential_temperature
Fld=7  Min=0.0384903, Max=1.2876, RMS=0.784411 : dry_air_density
Fld=8  Min=-65.011, Max=65.0239, RMS=9.03976 : u
Fld=9  Min=0, Max=0.0227997, RMS=0.00605503 : water_vapor_mixing_ratio_wrt_dry_air
Fld=10  Min=2450.03, Max=103557, RMS=64450.7 : air_pressure
Fld=11  Min=0, Max=1, RMS=0.790008 : landmask
Fld=12  Min=0, Max=1, RMS=0.0621682 : seaice_fraction
Fld=13  Min=0, Max=1, RMS=0.0659709 : snowc
Fld=14  Min=265.684, Max=321.657, RMS=297.096 : skin_temperature_at_surface
Fld=15  Min=1, Max=19, RMS=12.7664 : ivgtyp
Fld=16  Min=1, Max=16, RMS=9.97061 : isltyp
Fld=17  Min=0, Max=7.5, RMS=0.171694 : snowh
Fld=18  Min=0, Max=0.912084, RMS=0.394497 : vegetation_area_fraction
Fld=19  Min=268.953, Max=311.241, RMS=294.047 : air_temperature_at_2m
Fld=20  Min=0.00171564, Max=0.0224712, RMS=0.0111882 : water_vapor_mixing_ratio_wrt_moist_air_at_2m
Fld=21  Min=-15.7576, Max=13.2517, RMS=3.32822 : eastward_wind_at_10m
Fld=22  Min=-17.1877, Max=20.1923, RMS=3.59491 : northward_wind_at_10m
Fld=23  Min=0, Max=6.53724, RMS=1.54659 : lai
Fld=24  Min=0.00200001, Max=1, RMS=0.635 : smois
Fld=25  Min=262.465, Max=321.657, RMS=291.691 : tslb
Fld=26  Min=-934.43, Max=6012.31, RMS=3238.94 : pressure_p
Fld=27  Min=0, Max=0.00796107, RMS=5.53714e-05 : cloud_liquid_water
Fld=28  Min=0, Max=0.00227284, RMS=9.74566e-06 : cloud_liquid_ice
Fld=29  Min=0, Max=0.0133073, RMS=2.96188e-05 : graupel
Fld=30  Min=0, Max=0.0102429, RMS=5.84158e-05 : rain_water
Fld=31  Min=0, Max=0.00625328, RMS=7.32754e-05 : snow_water
Fld=32  Min=0, Max=1, RMS=0.22838 : cldfrac
Fld=33  Min=0, Max=71.9951, RMS=4.6383 : equivalent_reflectivity_factor
Fld=34  Min=-7.65944, Max=33.7357, RMS=0.150405 : w
Fld=35  Min=0, Max=0, RMS=0 : upward_air_velocity
CostFunction::addIncrement: Increment:
  Valid time: 2026-05-24T18:00:00Z
  Resolution: nCellsGlobal = 2341818, nFields = 12
Fld=1  Min=-0.00899876, Max=0.0131218, RMS=8.81969e-05 : water_vapor_mixing_ratio_wrt_moist_air
Fld=2  Min=-76.4587, Max=84.7135, RMS=2.13942 : air_pressure_at_surface
Fld=3  Min=-6.85788, Max=7.59934, RMS=0.0868629 : air_temperature
Fld=4  Min=-22.346, Max=18.773, RMS=0.329315 : northward_wind
Fld=5  Min=-18.9091, Max=18.2633, RMS=0.333113 : eastward_wind
Fld=6  Min=-0.00542312, Max=0.00669627, RMS=2.09434e-05 : cloud_liquid_water
Fld=7  Min=-0.00159751, Max=0.000999626, RMS=3.84826e-06 : cloud_liquid_ice
Fld=8  Min=-0.00858699, Max=0.00805258, RMS=4.27634e-05 : rain_water
Fld=9  Min=-0.00574509, Max=0.00635321, RMS=5.64578e-05 : snow_water
Fld=10  Min=-0.0111451, Max=0.00666471, RMS=2.74519e-05 : graupel
Fld=11  Min=-92.6805, Max=86.1601, RMS=2.30433 : equivalent_reflectivity_factor
Fld=12  Min=0, Max=0, RMS=0 : upward_air_velocity
CostFunction::addIncrement: Analysis: 
  Valid time: 2026-05-24T18:00:00Z
  Resolution: nCellsGlobal = 2341818, nFields = 35
Fld=1  Min=0, Max=0.0223138, RMS=0.00598246 : water_vapor_mixing_ratio_wrt_moist_air
Fld=2  Min=63830.5, Max=103669, RMS=96752.3 : air_pressure_at_surface
Fld=3  Min=190.013, Max=310.355, RMS=260.167 : air_temperature
Fld=4  Min=-40.1577, Max=50.9829, RMS=6.52335 : northward_wind
Fld=5  Min=-22.6749, Max=64.2778, RMS=10.8805 : eastward_wind
Fld=6  Min=272.276, Max=646.61, RMS=355.728 : air_potential_temperature
Fld=7  Min=0.038385, Max=1.2876, RMS=0.784409 : dry_air_density
Fld=8  Min=-65.011, Max=65.0239, RMS=9.04157 : u
Fld=9  Min=0, Max=0.022823, RMS=0.00605462 : water_vapor_mixing_ratio_wrt_dry_air
Fld=10  Min=2442.78, Max=103557, RMS=64450.7 : air_pressure
Fld=11  Min=0, Max=1, RMS=0.790008 : landmask
Fld=12  Min=0, Max=1, RMS=0.0621682 : seaice_fraction
Fld=13  Min=0, Max=1, RMS=0.0659709 : snowc
Fld=14  Min=265.684, Max=321.657, RMS=297.096 : skin_temperature_at_surface
Fld=15  Min=1, Max=19, RMS=12.7664 : ivgtyp
Fld=16  Min=1, Max=16, RMS=9.97061 : isltyp
Fld=17  Min=0, Max=7.5, RMS=0.171694 : snowh
Fld=18  Min=0, Max=0.912084, RMS=0.394497 : vegetation_area_fraction
Fld=19  Min=268.953, Max=311.241, RMS=294.05 : air_temperature_at_2m
Fld=20  Min=0.00171564, Max=0.0224715, RMS=0.0111878 : water_vapor_mixing_ratio_wrt_moist_air_at_2m
Fld=21  Min=-15.7576, Max=13.2517, RMS=3.32822 : eastward_wind_at_10m
Fld=22  Min=-17.1877, Max=20.1923, RMS=3.59491 : northward_wind_at_10m
Fld=23  Min=0, Max=6.53724, RMS=1.54659 : lai
Fld=24  Min=0.00200001, Max=1, RMS=0.635 : smois
Fld=25  Min=262.465, Max=321.657, RMS=291.691 : tslb
Fld=26  Min=-938.137, Max=5997.92, RMS=3238.97 : pressure_p
Fld=27  Min=0, Max=0.00842835, RMS=5.51707e-05 : cloud_liquid_water
Fld=28  Min=0, Max=0.00196633, RMS=9.78805e-06 : cloud_liquid_ice
Fld=29  Min=0, Max=0.013213, RMS=2.71803e-05 : graupel
Fld=30  Min=0, Max=0.00988966, RMS=4.81022e-05 : rain_water
Fld=31  Min=0, Max=0.0077478, RMS=8.08786e-05 : snow_water
Fld=32  Min=0, Max=1, RMS=0.22838 : cldfrac
Fld=33  Min=0, Max=86.1601, RMS=4.12922 : equivalent_reflectivity_factor
Fld=34  Min=-7.65944, Max=33.7357, RMS=0.150405 : w
Fld=35  Min=0, Max=0, RMS=0 : upward_air_velocity
OOPS_STATS IncrementalAssimilation end              - Runtime:   355.77 sec,  Local Memory:     7.26 GB
Variational: incremental assimilation done 1 iterations.
QC refl10cm equivalentReflectivityFactor: 135339 H(x) failed.
QC refl10cm equivalentReflectivityFactor: 10 rejected by first-guess check.
QC refl10cm equivalentReflectivityFactor: 3772601 passed out of 3907950 observations.
ObsErrorDiagonal covariance updated 3772601
Observer::finalize QC = 
refl10cm equivalentReflectivityFactor nlocs = 3907950, nobs = 3907950, min = 0, max = 19, avg = 0
Jo Observations:
Jo Obs :refl10cm:equivalentReflectivityFactor   : Nobs=  3772601, Min= 0.000000e+00, Max= 5.800553e+01, RMS= 4.555301e+00
Jo Observations Equivalent:
Jo H(x):refl10cm:equivalentReflectivityFactor   : Nobs=  3772601, Min= 0.000000e+00, Max= 5.953960e+01, RMS= 4.030462e+00
Jo Bias Corrected Departures:
Jo Dep :refl10cm:equivalentReflectivityFactor   : Nobs=  3772601, Min=-5.610889e+01, Max= 5.535357e+01, RMS= 2.005127e+00
Jo Observations Errors:
UFO Diagonal observation error covariance, inverse variances: refl10cm nobs= 3772601 Min=0.04, Max=0.04, RMS=0.04



CostJo   : Nonlinear Jo(refl10cm) = 303357, nobs = 3772601, Jo/n = 0.0804107, err = 5
CostJo   : Nonlinear Jo = 303357
Increment:diff x1 2
Increment:diff x2 1
CostJb: FG-BG
  Valid time: 2026-05-24T18:00:00Z
  Resolution: nCellsGlobal = 2341818, nFields = 12
Fld=1  Min=-0.00899876, Max=0.0131218, RMS=8.79653e-05 : water_vapor_mixing_ratio_wrt_moist_air
Fld=2  Min=-76.4587, Max=84.7135, RMS=2.13942 : air_pressure_at_surface
Fld=3  Min=-6.85788, Max=7.59934, RMS=0.0868629 : air_temperature
Fld=4  Min=-22.346, Max=18.773, RMS=0.329315 : northward_wind
Fld=5  Min=-18.9091, Max=18.2633, RMS=0.333113 : eastward_wind
Fld=6  Min=-0.00281547, Max=0.00669627, RMS=1.7576e-05 : cloud_liquid_water
Fld=7  Min=-0.00153237, Max=0.000999626, RMS=3.38234e-06 : cloud_liquid_ice
Fld=8  Min=-0.00728395, Max=0.00805258, RMS=3.00612e-05 : rain_water
Fld=9  Min=-0.00476768, Max=0.00635321, RMS=5.235e-05 : snow_water
Fld=10  Min=-0.00701034, Max=0.00666471, RMS=1.99693e-05 : graupel
Fld=11  Min=-68.7933, Max=86.1601, RMS=2.24358 : equivalent_reflectivity_factor
Fld=12  Min=0, Max=0, RMS=0 : upward_air_velocity
CostFunction: Nonlinear J = 303357
OOPS_STATS Variational end                          - Runtime:   361.81 sec,  Local Memory:     7.26 GB
==> destruct MPAS corelist and domain:  0
Tried to erase key "mesh[address=0x53b62f0],halo[size=0]" from cache "NodeColumnsHaloExchangeCache" but it was not found.
Erased key "mesh[address=0x53b62f0],halo[size=1]" from cache "NodeColumnsHaloExchangeCache".
==> destruct MPAS corelist and domain:  1
refl10cm: save database to jdiag_mrms_refl.nc (io pool size: 4)
QC refl10cm equivalentReflectivityFactor: 135339 H(x) failed.
QC refl10cm equivalentReflectivityFactor: 10 rejected by first-guess check.
QC refl10cm equivalentReflectivityFactor: 3772601 passed out of 3907950 observations.
Erased key "mesh[address=0x86c6c20]" from cache "NodeColumnsGatherScatterCache".
Tried to erase key "mesh[address=0x86c6c20],halo[size=0]" from cache "NodeColumnsHaloExchangeCache" but it was not found.
Erased key "mesh[address=0x86c6c20],halo[size=1]" from cache "NodeColumnsHaloExchangeCache".

Run: Finishing oops::Variational<MPAS, UFO and IODA observations>
OOPS_STATS  
OOPS_STATS ----------------------------------------------------------------------------------
OOPS_STATS --------------------------- Object counts ----------------------------------------
OOPS_STATS ----------------------------------------------------------------------------------
OOPS_STATS                                      Total  Simult. Remain    Avg (Mb)    HWM (Mb)
OOPS_STATS ioda::ObsDataVector             :        8       5        
OOPS_STATS ioda::ObsVector                 :       96       8        
OOPS_STATS mpas::Geometry                  :        2       2        
OOPS_STATS mpas::Increment                 :     2774     123        
OOPS_STATS mpas::LinVarChaModel2GeoVars    :        1       1        
OOPS_STATS mpas::ModelBias                 :        4       3        
OOPS_STATS mpas::ModelBiasCovariance       :        1       1        
OOPS_STATS mpas::State                     :       75      34        
OOPS_STATS mpas::VarChaModel2GeoVars       :        3       1        
OOPS_STATS oops::ControlIncrement          :      170      90               15.22     1369.84
OOPS_STATS oops::ControlVariable           :        4       3        
OOPS_STATS oops::Diffusion                 :        1       1        
OOPS_STATS oops::EnsembleCovariance        :        1       1             3541.05     3541.05
OOPS_STATS oops::GeoVaLs                   :       80       1        
OOPS_STATS oops::Geometry                  :        2       2        
OOPS_STATS oops::GetValues                 :        3       2        
OOPS_STATS oops::Increment                 :     2696     123               15.02     1872.11
OOPS_STATS oops::LinearObsOperator         :        1       1        
OOPS_STATS oops::LocalInterpolator         :     2400    1600        
OOPS_STATS oops::Localization              :        1       1        
OOPS_STATS oops::ModelAuxControl           :        4       3        
OOPS_STATS oops::ModelAuxCovariance        :        1       1        
OOPS_STATS oops::ModelAuxIncrement         :      170      90        
OOPS_STATS oops::ObsAuxControl             :        4       3        
OOPS_STATS oops::ObsAuxCovariance          :        1       1        
OOPS_STATS oops::ObsAuxIncrement           :      170      90        
OOPS_STATS oops::ObsAuxIncrements          :      170      90        
OOPS_STATS oops::ObsAuxPreconditioner      :        2       2        
OOPS_STATS oops::ObsDataVector             :        4       4        
OOPS_STATS oops::ObsDiagnostics            :        2       1        
OOPS_STATS oops::ObsError                  :        1       1        
OOPS_STATS oops::ObsOperator               :        2       2        
OOPS_STATS oops::ObsSpace                  :        1       1        
OOPS_STATS oops::ObsSpaces                 :        1       1        
OOPS_STATS oops::ObsVector                 :       96       7                0.04        0.23
OOPS_STATS oops::SampledLocations          :        8       4        
OOPS_STATS oops::State                     :       72      34               21.39      702.08
OOPS_STATS oops::UnstructuredInterpolator  :     2400    1600        
OOPS_STATS oops::VariableChange            :        3       1        
OOPS_STATS ufo::BackgroundCheck            :        1       1        
OOPS_STATS ufo::FinalCheck                 :        2       2        
OOPS_STATS ufo::GeoVaLs                    :       83       2        
OOPS_STATS ufo::ObsBias                    :        4       3        
OOPS_STATS ufo::ObsBiasCovariance          :        1       1        
OOPS_STATS ufo::ObsBiasPreconditioner      :        1       1        
OOPS_STATS ufo::ObsFilter                  :        9       6        
OOPS_STATS ufo::ObsFilterData              :        3       3        
OOPS_STATS ufo::ObsVertInterp              :        2       2        
OOPS_STATS ufo::ObsVertInterpTLAD          :        1       1        
OOPS_STATS ufo::SampledLocations           :        4       3        
OOPS_STATS ----------------------------- Object counts --------------------------------------
OOPS_STATS  
OOPS_STATS --------------------------------------------------------------------------------------------
OOPS_STATS ------------------------------------ Timing Statistics -------------------------------------
OOPS_STATS --------------------------------------------------------------------------------------------
OOPS_STATS Name                                                :   total (ms)   count    time/call (ms)
OOPS_STATS ObsFilter::Background Check::ObsFilter              :         0.14       1            0.1353
OOPS_STATS ObsFilter::Background Check::postFilter             :        22.86       1           22.8575
OOPS_STATS ObsFilter::Background Check::preProcess             :         0.00       1            0.0042
OOPS_STATS ObsFilter::Background Check::priorFilter            :         0.02       1            0.0241
OOPS_STATS ObsFilter::Final Check::ObsFilter                   :         3.27       2            1.6372
OOPS_STATS ObsFilter::Final Check::postFilter                  :         0.05       2            0.0225
OOPS_STATS ObsFilter::Final Check::preProcess                  :         0.38       2            0.1886
OOPS_STATS ObsFilter::Final Check::priorFilter                 :         0.01       2            0.0026
OOPS_STATS ObsFilter::QCmanager::ObsFilter                     :         1.00       2            0.5019
OOPS_STATS ObsFilter::QCmanager::postFilter                    :         0.22       2            0.1100
OOPS_STATS ObsFilter::QCmanager::preProcess                    :         0.00       2            0.0002
OOPS_STATS ObsFilter::QCmanager::priorFilter                   :         0.00       2            0.0001
OOPS_STATS ioda::ObsSpace::get_db(DateTime)                    :         1.04       4            0.2590
OOPS_STATS ioda::ObsSpace::get_db(double)                      :         0.30       5            0.0593
OOPS_STATS ioda::ObsSpace::get_db(float)                       :         1.27      12            0.1060
OOPS_STATS ioda::ObsSpace::load                                :       612.95       1          612.9480
OOPS_STATS ioda::ObsSpace::put_db(double)                      :         0.27       6            0.0445
OOPS_STATS ioda::ObsSpace::put_db(float)                       :         0.08       2            0.0377
OOPS_STATS ioda::ObsSpace::put_db(int)                         :         0.35       2            0.1737
OOPS_STATS mpas::LinVarChaModel2GeoVars::LinVarChaModel2GeoVar :         3.25       1            3.2505
OOPS_STATS mpas::LinVarChaModel2GeoVars::changeVarAD           :       885.04      39           22.6934
OOPS_STATS mpas::LinVarChaModel2GeoVars::changeVarTL           :       135.24      38            3.5590
OOPS_STATS mpas::LinVarChaModel2GeoVars::~LinVarChaModel2GeoVa :         0.03       1            0.0328
OOPS_STATS mpas::VarChaModel2GeoVars::VarChaModel2GeoVars      :         0.05       3            0.0163
OOPS_STATS mpas::VarChaModel2GeoVars::changeVar                :        12.63       3            4.2111
OOPS_STATS mpas::VarChaModel2GeoVars::~VarChaModel2GeoVars     :         0.01       3            0.0022
OOPS_STATS oops::Covariance::EnsembleCovariance                :     65554.09       1        65554.0910
OOPS_STATS oops::Covariance::ensemble::Constructor             :         0.01       1            0.0102
OOPS_STATS oops::Covariance::ensemble::multiply                :    215121.35      39         5515.9319
OOPS_STATS oops::Diffusion::Diffusion                          :         0.00       1            0.0003
OOPS_STATS oops::Diffusion::calculateDerivedGeom               :         1.94       1            1.9354
OOPS_STATS oops::Diffusion::multiplySqrtAD                     :     53501.51    1170           45.7278
OOPS_STATS oops::Diffusion::multiplySqrtTL                     :     45529.34    1170           38.9140
OOPS_STATS oops::Diffusion::setParameters                      :         5.89       1            5.8850
OOPS_STATS oops::GeoVaLs::GeoVaLs                              :        25.85      80            0.3232
OOPS_STATS oops::GeoVaLs::fill                                 :        31.16   27676            0.0011
OOPS_STATS oops::GeoVaLs::fillAD                               :        21.81   24531            0.0009
OOPS_STATS oops::GeoVaLs::~GeoVaLs                             :         0.47      80            0.0059
OOPS_STATS oops::Geometry::Geometry                            :     45983.18       2        22991.5925
OOPS_STATS oops::Geometry::variableSizes                       :         3.75      11            0.3405
OOPS_STATS oops::Geometry::~Geometry                           :       416.14       2          208.0702
OOPS_STATS oops::GeometryData::containingTriangleAndBarycentri :        45.57   20613            0.0022
OOPS_STATS oops::GeometryData::setGlobalTree                   :      1826.80       2          913.4016
OOPS_STATS oops::GeometryData::setLocalTree                    :         3.16       2            1.5798
OOPS_STATS oops::GeometryData::setMeshAndTriangulation         :         0.30       2            0.1478
OOPS_STATS oops::GetValues::GetValues                          :       262.04       3           87.3467
OOPS_STATS oops::GetValues::fillGeoVaLs                        :        50.41       3           16.8038
OOPS_STATS oops::GetValues::fillGeoVaLsAD                      :       110.66      39            2.8374
OOPS_STATS oops::GetValues::fillGeoVaLsTL                      :       714.44      38           18.8011
OOPS_STATS oops::GetValues::finalize                           :        19.26       3            6.4188
OOPS_STATS oops::GetValues::finalizeAD                         :       609.54      39           15.6292
OOPS_STATS oops::GetValues::finalizeTL                         :        90.44      38            2.3800
OOPS_STATS oops::GetValues::initialize                         :         1.74       3            0.5802
OOPS_STATS oops::GetValues::initializeAD                       :         4.69      39            0.1201
OOPS_STATS oops::GetValues::initializeTL                       :        17.12      38            0.4505
OOPS_STATS oops::GetValues::process                            :        16.91       3            5.6354
OOPS_STATS oops::GetValues::processAD                          :       116.50      39            2.9871
OOPS_STATS oops::GetValues::processTL                          :       126.71      38            3.3344
OOPS_STATS oops::Increment::Increment                          :     24083.13    2696            8.9329
OOPS_STATS oops::Increment::axpy                               :      4840.77     817            5.9251
OOPS_STATS oops::Increment::diff                               :       371.56      33           11.2595
OOPS_STATS oops::Increment::dot_product_with                   :      7393.95     897            8.2430
OOPS_STATS oops::Increment::fromFieldSet                       :      9733.15    1209            8.0506
OOPS_STATS oops::Increment::operator*=                         :       194.50     115            1.6913
OOPS_STATS oops::Increment::operator+=                         :      9694.93    1353            7.1655
OOPS_STATS oops::Increment::operator+=(State, Increment)       :       164.06       1          164.0582
OOPS_STATS oops::Increment::operator-=                         :       153.40      30            5.1132
OOPS_STATS oops::Increment::operator=                          :      5401.01    1492            3.6200
OOPS_STATS oops::Increment::print                              :     28663.95    1177           24.3534
OOPS_STATS oops::Increment::schur_product_with                 :     10923.28    2340            4.6681
OOPS_STATS oops::Increment::serialSize                         :         4.72     170            0.0278
OOPS_STATS oops::Increment::toFieldSet                         :      9939.35    1247            7.9706
OOPS_STATS oops::Increment::zero                               :       112.97     118            0.9573
OOPS_STATS oops::Increment::~Increment                         :       156.58    2696            0.0581
OOPS_STATS oops::LinearObsOper::refl10cm::LinearObsOperator    :         0.54       1            0.5409
OOPS_STATS oops::LinearObsOper::refl10cm::requiredVars         :         0.10      79            0.0013
OOPS_STATS oops::LinearObsOper::refl10cm::setTrajectory        :        18.40       1           18.4004
OOPS_STATS oops::LinearObsOper::refl10cm::simulateObsAD        :         3.08      39            0.0791
OOPS_STATS oops::LinearObsOper::refl10cm::simulateObsTL        :         6.47      38            0.1704
OOPS_STATS oops::LinearObsOper::refl10cm::~LinearObsOperator   :        11.03       1           11.0278
OOPS_STATS oops::LinearVariableChange::LinearVariableChange    :         0.04       1            0.0387
OOPS_STATS oops::LinearVariableChange::changeVarAD             :      1488.79      39           38.1740
OOPS_STATS oops::LinearVariableChange::changeVarTL             :       869.57      38           22.8834
OOPS_STATS oops::LinearVariableChange::changeVarTraj           :         3.26       1            3.2619
OOPS_STATS oops::LinearVariableChange::~LinearVariableChange   :         0.69       1            0.6924
OOPS_STATS oops::LocalInterpolator::LocalInterpolator          :        53.06    2400            0.0221
OOPS_STATS oops::LocalInterpolator::apply                      :        15.60    2400            0.0065
OOPS_STATS oops::LocalInterpolator::applyAD                    :       100.86   31200            0.0032
OOPS_STATS oops::LocalInterpolator::applyTL                    :       111.55   30400            0.0037
OOPS_STATS oops::LocalInterpolator::preprocess                 :      1207.34      41           29.4472
OOPS_STATS oops::LocalInterpolator::preprocessAD               :        33.53      39            0.8598
OOPS_STATS oops::LocalInterpolator::~LocalInterpolator         :         1.58    2400            0.0007
OOPS_STATS oops::Localization::Localization                    :      7521.13       1         7521.1281
OOPS_STATS oops::Localization::multiply                        :    179148.43    1170          153.1183
OOPS_STATS oops::Localization::~Localization                   :         0.76       1            0.7599
OOPS_STATS oops::ModelAuxControl::ModelAuxControl              :         0.01       4            0.0013
OOPS_STATS oops::ModelAuxControl::print                        :         0.00       3            0.0008
OOPS_STATS oops::ModelAuxControl::~ModelAuxControl             :         0.00       4            0.0010
OOPS_STATS oops::ModelAuxCovariance::ModelAuxCovariance        :         0.00       1            0.0039
OOPS_STATS oops::ModelAuxCovariance::linearize                 :         0.00       1            0.0001
OOPS_STATS oops::ModelAuxCovariance::multiply                  :         0.01      39            0.0004
OOPS_STATS oops::ModelAuxCovariance::~ModelAuxCovariance       :         0.00       1            0.0006
OOPS_STATS oops::ModelAuxIncrement::ModelAuxIncrement          :         0.15     170            0.0009
OOPS_STATS oops::ModelAuxIncrement::axpy                       :         0.35     817            0.0004
OOPS_STATS oops::ModelAuxIncrement::diff                       :         0.00       3            0.0002
OOPS_STATS oops::ModelAuxIncrement::dot_product_with           :         0.29     897            0.0003
OOPS_STATS oops::ModelAuxIncrement::operator*=                 :         0.04      75            0.0005
OOPS_STATS oops::ModelAuxIncrement::operator+=                 :         0.06     114            0.0005
OOPS_STATS oops::ModelAuxIncrement::operator+=ModelAuxControl  :         0.00       1            0.0002
OOPS_STATS oops::ModelAuxIncrement::operator=                  :         0.01      42            0.0003
OOPS_STATS oops::ModelAuxIncrement::print                      :         0.00       7            0.0007
OOPS_STATS oops::ModelAuxIncrement::serialSize                 :         0.01     170            0.0001
OOPS_STATS oops::ModelAuxIncrement::zero                       :         0.01      39            0.0003
OOPS_STATS oops::ModelAuxIncrement::~ModelAuxIncrement         :         0.03     170            0.0002
OOPS_STATS oops::ObsAuxControl::ObsAuxControl                  :         0.45       4            0.1131
OOPS_STATS oops::ObsAuxControl::print                          :         0.30       3            0.1007
OOPS_STATS oops::ObsAuxControl::requiredHdiagnostics           :         0.00       2            0.0002
OOPS_STATS oops::ObsAuxControl::requiredVars                   :         0.00       6            0.0001
OOPS_STATS oops::ObsAuxControl::write                          :         0.05       1            0.0473
OOPS_STATS oops::ObsAuxControl::~ObsAuxControl                 :         1.73       4            0.4332
OOPS_STATS oops::ObsAuxCovariance::ObsAuxCovariance            :         0.09       1            0.0935
OOPS_STATS oops::ObsAuxCovariance::inverseMultiply             :         0.04      39            0.0010
OOPS_STATS oops::ObsAuxCovariance::linearize                   :         4.60       1            4.6025
OOPS_STATS oops::ObsAuxCovariance::multiply                    :         0.31      39            0.0080
OOPS_STATS oops::ObsAuxCovariance::preconditioner              :         0.38       1            0.3787
OOPS_STATS oops::ObsAuxCovariance::write                       :         0.03       1            0.0277
OOPS_STATS oops::ObsAuxCovariance::~ObsAuxCovariance           :         0.00       1            0.0040
OOPS_STATS oops::ObsAuxIncrement::ObsAuxIncrement              :         5.48     170            0.0322
OOPS_STATS oops::ObsAuxIncrement::axpy                         :         1.11     817            0.0014
OOPS_STATS oops::ObsAuxIncrement::diff                         :         0.02       3            0.0057
OOPS_STATS oops::ObsAuxIncrement::dot_product_with             :         0.48     897            0.0005
OOPS_STATS oops::ObsAuxIncrement::operator*=                   :         0.10      75            0.0014
OOPS_STATS oops::ObsAuxIncrement::operator+=                   :         0.48     114            0.0042
OOPS_STATS oops::ObsAuxIncrement::operator=                    :         0.04      42            0.0009
OOPS_STATS oops::ObsAuxIncrement::print                        :         0.01       7            0.0010
OOPS_STATS oops::ObsAuxIncrement::serialSize                   :         0.01     340            0.0000
OOPS_STATS oops::ObsAuxIncrement::zero                         :         0.06      39            0.0015
OOPS_STATS oops::ObsAuxIncrement::~ObsAuxIncrement             :         1.34     170            0.0079
OOPS_STATS oops::ObsAuxPreconditioner::multiply                :         0.05      39            0.0013
OOPS_STATS oops::ObsAuxPreconditioner::~ObsAuxPreconditioner   :         0.03       2            0.0149
OOPS_STATS oops::ObsDataVector::ObsDataVector                  :         0.16       4            0.0389
OOPS_STATS oops::ObsDataVector::mask                           :         0.01       2            0.0040
OOPS_STATS oops::ObsDataVector::operator=                      :         0.02       2            0.0081
OOPS_STATS oops::ObsDataVector::print                          :         2.08       2            1.0415
OOPS_STATS oops::ObsDataVector::save                           :         0.44       4            0.1105
OOPS_STATS oops::ObsDataVector::~ObsDataVector                 :         0.03       4            0.0066
OOPS_STATS oops::ObsDiagnostics::ObsDiagnostics                :         0.08       2            0.0401
OOPS_STATS oops::ObsDiagnostics::~ObsDiagnostics               :         0.02       2            0.0115
OOPS_STATS oops::ObsError::getRMSE                             :         0.69       4            0.1732
OOPS_STATS oops::ObsError::inverseMultiply                     :         0.78      40            0.0196
OOPS_STATS oops::ObsError::obserrors                           :         0.05       6            0.0083
OOPS_STATS oops::ObsError::update                              :        52.24       2           26.1211
OOPS_STATS oops::ObsError::~ObsError                           :         0.85       1            0.8498
OOPS_STATS oops::ObsOperator::refl10cm::ObsOperator            :        19.60       2            9.8005
OOPS_STATS oops::ObsOperator::refl10cm::computeReducedVars     :         1.83       3            0.6115
OOPS_STATS oops::ObsOperator::refl10cm::locations              :         1.55       3            0.5161
OOPS_STATS oops::ObsOperator::refl10cm::requiredVars           :         0.00       3            0.0013
OOPS_STATS oops::ObsOperator::refl10cm::simulateObs            :         1.27       2            0.6341
OOPS_STATS oops::ObsOperator::refl10cm::~ObsOperator           :         1.89       2            0.9437
OOPS_STATS oops::ObsSpace::ObsSpace                            :       615.15       1          615.1481
OOPS_STATS oops::ObsSpace::obsvariables                        :         0.00       3            0.0001
OOPS_STATS oops::ObsSpace::save                                :      2679.89       1         2679.8878
OOPS_STATS oops::ObsSpace::~ObsSpace                           :         3.44       1            3.4375
OOPS_STATS oops::ObsVector::ObsVector                          :         1.14      94            0.0121
OOPS_STATS oops::ObsVector::dot_product                        :         0.54       4            0.1354
OOPS_STATS oops::ObsVector::info                               :         1.30       6            0.2166
OOPS_STATS oops::ObsVector::operator*=                         :         0.01       2            0.0047
OOPS_STATS oops::ObsVector::operator-=                         :         0.02       2            0.0107
OOPS_STATS oops::ObsVector::operator=                          :         0.41       4            0.1028
OOPS_STATS oops::ObsVector::rms                                :         0.35       4            0.0881
OOPS_STATS oops::ObsVector::save                               :         0.30       6            0.0502
OOPS_STATS oops::ObsVector::zero                               :         0.04      40            0.0010
OOPS_STATS oops::ObsVector::~ObsVector                         :         0.20      94            0.0021
OOPS_STATS oops::Parameters::deserialize                       :         8.76      97            0.0903
OOPS_STATS oops::Parameters::serialize                         :         1.96      80            0.0245
OOPS_STATS oops::Run::execute                                  :    364018.43       1       364018.4260
OOPS_STATS oops::SampledLocations::SampledLocations            :         0.00       4            0.0002
OOPS_STATS oops::SampledLocations::latitudes                   :         0.00       3            0.0000
OOPS_STATS oops::SampledLocations::longitudes                  :         0.00       3            0.0000
OOPS_STATS oops::SampledLocations::times                       :         0.00       3            0.0000
OOPS_STATS oops::SampledLocations::~SampledLocations           :         1.67       8            0.2083
OOPS_STATS oops::State::State                                  :     59638.06      72          828.3064
OOPS_STATS oops::State::print                                  :        78.24       3           26.0809
OOPS_STATS oops::State::toFieldSet                             :        24.95       5            4.9910
OOPS_STATS oops::State::variables                              :         0.00      58            0.0000
OOPS_STATS oops::State::write                                  :      5705.88       1         5705.8750
OOPS_STATS oops::State::zero                                   :        71.41      30            2.3805
OOPS_STATS oops::State::~State                                 :         6.50      72            0.0902
OOPS_STATS oops::UnstructuredInterpolator::UnstructuredInterpo :        52.17    2400            0.0217
OOPS_STATS oops::UnstructuredInterpolator::apply               :       118.49   32800            0.0036
OOPS_STATS oops::UnstructuredInterpolator::applyAD             :        72.52   31200            0.0023
OOPS_STATS oops::VariableChange::VariableChange                :         0.68       3            0.2254
OOPS_STATS oops::VariableChange::changeVar                     :        19.78       3            6.5945
OOPS_STATS oops::VariableChange::~VariableChange               :         0.02       3            0.0073
OOPS_STATS oops::util::FieldSetHelpers::readFieldSet           :      7459.84       2         3729.9223
OOPS_STATS saber::Localization::Localization                   :      7521.11       1         7521.1145
OOPS_STATS saber::Localization::multiply                       :    169291.30    1170          144.6934
OOPS_STATS saber::Localization::~Localization                  :         0.00       1            0.0001
OOPS_STATS ufo::ObsFilter::ObsFilter                           :         4.42       5            0.8836
OOPS_STATS ufo::ObsFilter::checkFilterData                     :         0.01      15            0.0004
OOPS_STATS ufo::ObsFilter::postFilter                          :        23.13       5            4.6254
OOPS_STATS ufo::ObsFilter::preProcess                          :         0.39       5            0.0772
OOPS_STATS ufo::ObsFilter::priorFilter                         :         0.04       5            0.0071
OOPS_STATS ufo::ObsFilter::~ObsFilter                          :        82.05       9            9.1165
OOPS_STATS util::Timers::measured                              :    363687.29       1       363687.2860
OOPS_STATS ------------------------------------ Timing Statistics -------------------------------------

OOPS_STATS ------------------------------------------------------------------------------------------------------------------
OOPS_STATS ---------------------------------- Parallel Timing Statistics ( 800 MPI tasks) -----------------------------------
OOPS_STATS ------------------------------------------------------------------------------------------------------------------
OOPS_STATS Name                                                :     min (ms)    max (ms)    avg (ms)     % total   imbal (%)
OOPS_STATS oops::Covariance::EnsembleCovariance                :     65553.21    65555.68    65554.00       18.01        0.00
OOPS_STATS oops::Covariance::ensemble::multiply                :    214760.46   215276.37   215092.07       59.08        0.24
OOPS_STATS oops::Diffusion::multiplySqrtAD                     :     52646.35    55344.52    53801.90       14.78        5.02
OOPS_STATS oops::Diffusion::multiplySqrtTL                     :     42838.74    46764.70    45228.45       12.42        8.68
OOPS_STATS oops::Geometry::Geometry                            :     44914.56    46138.60    46052.01       12.65        2.66
OOPS_STATS oops::Geometry::~Geometry                           :       398.74      648.70      507.36        0.14       49.27
OOPS_STATS oops::GeometryData::setGlobalTree                   :      1826.80     1953.82     1890.78        0.52        6.72
OOPS_STATS oops::GetValues::fillGeoVaLsTL                      :       273.18      834.59      605.24        0.17       92.76
OOPS_STATS oops::GetValues::finalizeAD                         :       489.07      969.53      595.03        0.16       80.75
OOPS_STATS oops::Increment::Increment                          :     21194.16    32559.83    23790.33        6.53       47.77
OOPS_STATS oops::Increment::axpy                               :      4206.44     5382.51     4894.97        1.34       24.03
OOPS_STATS oops::Increment::dot_product_with                   :      6803.93     8417.45     7441.53        2.04       21.68
OOPS_STATS oops::Increment::fromFieldSet                       :      8846.81    13784.80     9849.37        2.71       50.14
OOPS_STATS oops::Increment::operator+=                         :      8182.50    11306.16     9542.50        2.62       32.73
OOPS_STATS oops::Increment::operator=                          :      3775.23     7627.28     5240.30        1.44       73.51
OOPS_STATS oops::Increment::print                              :     13058.39    35276.43    29013.59        7.97       76.58
OOPS_STATS oops::Increment::schur_product_with                 :      7991.24    14594.25    10900.95        2.99       60.57
OOPS_STATS oops::Increment::toFieldSet                         :      8372.20    14104.39    10198.80        2.80       56.20
OOPS_STATS oops::LinearVariableChange::changeVarAD             :      1059.93     2180.13     1547.96        0.43       72.37
OOPS_STATS oops::LinearVariableChange::changeVarTL             :       293.67     1148.45      906.65        0.25       94.28
OOPS_STATS oops::LocalInterpolator::preprocess                 :        62.05     1271.50     1216.10        0.33       99.45
OOPS_STATS oops::Localization::Localization                    :      7497.41     7737.12     7582.37        2.08        3.16
OOPS_STATS oops::Localization::multiply                        :    169457.63   186965.35   179678.20       49.36        9.74
OOPS_STATS oops::ObsSpace::ObsSpace                            :       569.60      636.33      602.13        0.17       11.08
OOPS_STATS oops::ObsSpace::save                                :      2451.10     2682.50     2589.50        0.71        8.94
OOPS_STATS oops::State::State                                  :     59492.53    59782.10    59616.94       16.38        0.49
OOPS_STATS oops::State::write                                  :      4539.43     5735.10     5708.93        1.57       20.94
OOPS_STATS oops::util::FieldSetHelpers::readFieldSet           :      7306.09     7477.08     7374.14        2.03        2.32
OOPS_STATS saber::Localization::Localization                   :      7497.39     7737.10     7582.35        2.08        3.16
OOPS_STATS saber::Localization::multiply                       :    156378.32   174605.44   169796.56       46.64       10.73
OOPS_STATS util::Timers::measured                              :    363663.69   363867.88   363767.57       99.92        0.06
OOPS_STATS oops::Run::execute                                  :    363972.87   364117.77   364046.23      100.00        0.04
OOPS_STATS ---------------------------------- Parallel Timing Statistics ( 800 MPI tasks) -----------------------------------

OOPS_STATS Run end                                  - Runtime:    365.16 sec,  Memory: total:  4054.85 GB, per task: min =     4.76 GB, max =     7.26 GB
Run: Finishing oops::Variational<MPAS, UFO and IODA observations> with status = 0
OOPS Ending   2026-05-24 20:26:53 (UTC+0000)
