Configuration input file is: jedivar.pass2.yaml
Full configuration is:YAMLConfiguration[path=jedivar.pass2.yaml, root={_member => {date => 2026-06-05T04:00:00Z , state variables => (water_vapor_mixing_ratio_wrt_moist_air,air_pressure_at_surface,air_temperature,northward_wind,eastward_wind,cloud_liquid_water,cloud_liquid_ice,rain_water,snow_water,graupel,equivalent_reflectivity_factor,upward_air_velocity) , stream name => ensemble} , output => {filename => mpasout.nc , stream name => analysis} , variational => {minimizer => {algorithm => DRPCG} , iterations => ({geometry => {nml_file => ./namelist.atmosphere , streams_file => ./streams.atmosphere , deallocate non-da fields => true , interpolation type => unstructured} , gradient norm reduction => 0.001 , ninner => 75})} , cost function => {cost type => 3D-Var , time window => {begin => 2026-06-05T02:00:00Z , length => PT4H} , jb evaluation => false , geometry => {nml_file => ./namelist.atmosphere , streams_file => ./streams.atmosphere , deallocate non-da fields => true , interpolation type => unstructured} , analysis variables => (water_vapor_mixing_ratio_wrt_moist_air,air_pressure_at_surface,air_temperature,northward_wind,eastward_wind,cloud_liquid_water,cloud_liquid_ice,rain_water,snow_water,graupel,equivalent_reflectivity_factor,upward_air_velocity) , background => {state variables => (water_vapor_mixing_ratio_wrt_moist_air,air_pressure_at_surface,air_temperature,northward_wind,eastward_wind,air_potential_temperature,dry_air_density,u,water_vapor_mixing_ratio_wrt_dry_air,air_pressure,landmask,seaice_fraction,snowc,skin_temperature_at_surface,ivgtyp,isltyp,snowh,vegetation_area_fraction,air_temperature_at_2m,water_vapor_mixing_ratio_wrt_moist_air_at_2m,eastward_wind_at_10m,northward_wind_at_10m,lai,smois,tslb,pressure_p,cloud_liquid_water,cloud_liquid_ice,graupel,rain_water,snow_water,cldfrac,equivalent_reflectivity_factor,w,upward_air_velocity) , filename => mpasout.nc , date => 2026-06-05T04:00:00Z} , background error => {covariance model => ensemble , localization => {localization method => SABER , saber central block => {saber block name => diffusion , active variables => (water_vapor_mixing_ratio_wrt_moist_air,air_pressure_at_surface,air_temperature,northward_wind,eastward_wind,cloud_liquid_water,cloud_liquid_ice,rain_water,snow_water,graupel,equivalent_reflectivity_factor,upward_air_velocity) , read => {groups => ({variables => (water_vapor_mixing_ratio_wrt_moist_air,air_pressure_at_surface,air_temperature,northward_wind,eastward_wind,cloud_liquid_water,cloud_liquid_ice,rain_water,snow_water,graupel,equivalent_reflectivity_factor,upward_air_velocity) , multivariate strategy => duplicated , horizontal => {filepath => data/diffusionloc/mpas_conus3km.diffusion_hz} , vertical => {levels => 59 , filepath => data/diffusionloc/mpas_conus3km.diffusion_vt}})}}} , members from template => {template => {date => 2026-06-05T04:00:00Z , state variables => (water_vapor_mixing_ratio_wrt_moist_air,air_pressure_at_surface,air_temperature,northward_wind,eastward_wind,cloud_liquid_water,cloud_liquid_ice,rain_water,snow_water,graupel,equivalent_reflectivity_factor,upward_air_velocity) , stream name => ensemble , filename => ./data/ens/mem%iMember%.nc} , pattern => %iMember% , start => 1 , zero padding => 3 , nmembers => 30}} , observations => {observers => ({obs space => {name => refl10cm , distribution => {name => RoundRobin , halo size => 500000} , obsdatain => {engine => {type => H5File , obsfile => data/obs/ioda_mrms_refl.nc , missing file action => warn}} , obsdataout => {engine => {type => H5File , allow overwrite => true , obsfile => jdiag_mrms_refl.nc}} , io pool => {write multiple files => false} , _source => mrms , simulated variables => (equivalentReflectivityFactor)} , obs operator => {name => VertInterp , vertical coordinate => height_above_mean_sea_level , observation vertical coordinate => height , interpolation method => linear , observation alias file => obsop_name_map.yaml} , obs localizations => ({localization method => Horizontal Gaspari-Cohn , lengthscale => 200000}) , _obsname => refl10cm , obs filters => ({filter => Background Check , filter variables => ({name => equivalentReflectivityFactor}) , threshold => 12 , action => {name => reject}})})}}}]
OOPS_STATS ObjectCountHelper started.
OOPS_STATS Run start                                - Runtime:      1.18 sec,  Memory: total:   104.41 GB, per task: min =   128.97 MB, max =   130.55 MB
Run: Starting oops::Variational<MPAS, UFO and IODA observations>
OOPS_STATS Variational start                        - Runtime:     1.18 sec,  Local Memory:   130.55 MB
==> create geom
atlas::mpi::push(world)
Increase halo 1
atlas::mpi::pop(world)
atlas::mpi::push(world)
atlas::mpi::pop(world)
atlas::mpi::push(world)
atlas::mpi::pop(world)
atlas::mpi::push(world)
atlas::mpi::pop(world)
refl10cm: read database from data/obs/ioda_mrms_refl.nc (io pool size: 800)
refl10cm processed vars: 1 Variables: equivalentReflectivityFactor
refl10cm assimilated vars: 1 Variables: equivalentReflectivityFactor
refl10cm: 0 observations are outside of time window out of 3927041
refl10cm: 0 observations were rejected by QC checks out of 3927041
No bias-correction is performed for this ObsSpace.
3DVar window: TimeWindow: start = 2026-06-05T02:00:00Z, end = 2026-06-05T06:00:00Z, inclusive upper bound.

OOPS_STATS IncrementalAssimilation start            - Runtime:    36.54 sec,  Local Memory:     2.27 GB
Running incremental assimilation with 1 outer iterations.
Minimizer algorithm=DRPCG
QNewtonLMP: maxouter : 1
IncrementalAssimilation: Configuration for outer iteration 0:
LocalConfiguration[root={geometry => {nml_file => ./namelist.atmosphere , streams_file => ./streams.atmosphere , deallocate non-da fields => true , interpolation type => unstructured} , gradient norm reduction => 0.001 , ninner => 75 , iteration => 0 , total iterations => 1}]
OOPS_STATS IncrementalAssimilation iteration 0      - Runtime:    36.54 sec,  Local Memory:     2.27 GB
==> create geom
atlas::mpi::push(world)
Increase halo 1
atlas::mpi::pop(world)
atlas::mpi::push(world)
atlas::mpi::pop(world)
atlas::mpi::push(world)
atlas::mpi::pop(world)
atlas::mpi::push(world)
atlas::mpi::pop(world)
Key "mesh[address=0x4605f00],halo[size=1]" not found in cache "NodeColumnsHaloExchangeCache" , creating new, removable with key "mesh[address=0x4605f00],halo[size=1]"
Key "mesh[address=0x7a8d9b0],halo[size=1]" not found in cache "NodeColumnsHaloExchangeCache" , creating new, removable with key "mesh[address=0x7a8d9b0],halo[size=1]"
processWhere: selected 0 obs.
BackgroundCheck obserr: 
refl10cm equivalentReflectivityFactor nlocs = 3927041, nobs = 3927041, min = 5, max = 5, avg = 5
processing a float: 12
ObsErrorDiagonal covariance updated 3791808
Observer::finalize QC = 
refl10cm equivalentReflectivityFactor nlocs = 3927041, nobs = 3927041, min = 0, max = 19, avg = 0
CostJo Observations: 
refl10cm nobs= 3927041 Min=0, Max=63.1213, RMS=3.98931

Jo Observations:
Jo Obs :refl10cm:equivalentReflectivityFactor   : Nobs=  3791808, Min= 0.000000e+00, Max= 5.993658e+01, RMS= 3.959207e+00
Jo Observations Equivalent:
Jo H(x):refl10cm:equivalentReflectivityFactor   : Nobs=  3791808, Min= 0.000000e+00, Max= 5.840318e+01, RMS= 2.722836e+00
Jo Bias Corrected Departures:
Jo Dep :refl10cm:equivalentReflectivityFactor   : Nobs=  3791808, Min=-5.993658e+01, Max= 5.840318e+01, RMS= 4.082063e+00
Jo Observations Errors:
UFO Diagonal observation error covariance, inverse variances: refl10cm nobs= 3791808 Min=0.04, Max=0.04, RMS=0.04



CostJo   : Nonlinear Jo(refl10cm) = 1.26368e+06, nobs = 3791808, Jo/n = 0.333265, err = 5
CostJo   : Nonlinear Jo = 1.26368e+06
Increment:diff x1 4
Increment:diff x2 35
Increment:diff x1 5
Increment:diff x2 36
Increment:diff x1 6
Increment:diff x2 37
Increment:diff x1 7
Increment:diff x2 38
Increment:diff x1 8
Increment:diff x2 39
Increment:diff x1 9
Increment:diff x2 40
Increment:diff x1 10
Increment:diff x2 41
Increment:diff x1 11
Increment:diff x2 42
Increment:diff x1 12
Increment:diff x2 43
Increment:diff x1 13
Increment:diff x2 44
Increment:diff x1 14
Increment:diff x2 45
Increment:diff x1 15
Increment:diff x2 46
Increment:diff x1 16
Increment:diff x2 47
Increment:diff x1 17
Increment:diff x2 48
Increment:diff x1 18
Increment:diff x2 49
Increment:diff x1 19
Increment:diff x2 50
Increment:diff x1 20
Increment:diff x2 51
Increment:diff x1 21
Increment:diff x2 52
Increment:diff x1 22
Increment:diff x2 53
Increment:diff x1 23
Increment:diff x2 54
Increment:diff x1 24
Increment:diff x2 55
Increment:diff x1 25
Increment:diff x2 56
Increment:diff x1 26
Increment:diff x2 57
Increment:diff x1 27
Increment:diff x2 58
Increment:diff x1 28
Increment:diff x2 59
Increment:diff x1 29
Increment:diff x2 60
Increment:diff x1 30
Increment:diff x2 61
Increment:diff x1 31
Increment:diff x2 62
Increment:diff x1 32
Increment:diff x2 63
Increment:diff x1 33
Increment:diff x2 64
Info     : Prepare ensemble configuration
Info     : Read full ensemble
Info     : Creating central block: 
Info     : SaberCentralBlock using multivariate strategy: deprecated
Info     : Creating single central block.
Info     : Read data

==================================================================================
 saber::Diffusion read
----------------------------------------------------------------------------------

group 1 of 1
atlas::mpi::push(world)
atlas::mpi::pop(world)
variables: [water_vapor_mixing_ratio_wrt_moist_air,air_pressure_at_surface,air_temperature,northward_wind,eastward_wind,cloud_liquid_water,cloud_liquid_ice,rain_water,snow_water,graupel,equivalent_reflectivity_factor,upward_air_velocity]
multivariate strategy: duplicated
Reading horizontal parameters
  levels: 1
Key "mesh[address=0x7a8d9b0]" not found in cache "NodeColumnsGatherScatterCache" , creating new, removable with key "mesh[address=0x7a8d9b0]"
  Info     : Reading file: data/diffusionloc/mpas_conus3km.diffusion_hz.nc
atlas::mpi::push(world)
atlas::mpi::pop(world)
  hzScales:  min: 4087.19  mean: 4087.19  max: 4087.19
  hzNorm:    min: 2.4414  mean: 3.71484  max: 4.05626
Reading vertical parameters
  levels: 59
  vertical strategy: normal
  Info     : Reading file: data/diffusionloc/mpas_conus3km.diffusion_vt.nc
atlas::mpi::push(world)
atlas::mpi::pop(world)
  vtScales:  min: 11  mean: 11  max: 11
  vtNorm:    min: 3.7178  mean: 4.83632  max: 5.25235
Diffusion: horizontal iterations: 6
Diffusion: vertical iterations: 242
Increment:diff x1 2
Increment:diff x2 1
==================================================================================

CostJb: FG-BG
  Valid time: 2026-06-05T04:00:00Z
  Resolution: nCellsGlobal = 2341818, nFields = 12
Fld=1  Min=0, Max=0, RMS=0 : water_vapor_mixing_ratio_wrt_moist_air
Fld=2  Min=0, Max=0, RMS=0 : air_pressure_at_surface
Fld=3  Min=0, Max=0, RMS=0 : air_temperature
Fld=4  Min=0, Max=0, RMS=0 : northward_wind
Fld=5  Min=0, Max=0, RMS=0 : eastward_wind
Fld=6  Min=0, Max=0, RMS=0 : cloud_liquid_water
Fld=7  Min=0, Max=0, RMS=0 : cloud_liquid_ice
Fld=8  Min=0, Max=0, RMS=0 : rain_water
Fld=9  Min=0, Max=0, RMS=0 : snow_water
Fld=10  Min=0, Max=0, RMS=0 : graupel
Fld=11  Min=0, Max=0, RMS=0 : equivalent_reflectivity_factor
Fld=12  Min=0, Max=0, RMS=0 : upward_air_velocity
Increment:diff x1 2
Increment:diff x2 1
CostJb: FG-BG
  Valid time: 2026-06-05T04:00:00Z
  Resolution: nCellsGlobal = 2341818, nFields = 12
Fld=1  Min=0, Max=0, RMS=0 : water_vapor_mixing_ratio_wrt_moist_air
Fld=2  Min=0, Max=0, RMS=0 : air_pressure_at_surface
Fld=3  Min=0, Max=0, RMS=0 : air_temperature
Fld=4  Min=0, Max=0, RMS=0 : northward_wind
Fld=5  Min=0, Max=0, RMS=0 : eastward_wind
Fld=6  Min=0, Max=0, RMS=0 : cloud_liquid_water
Fld=7  Min=0, Max=0, RMS=0 : cloud_liquid_ice
Fld=8  Min=0, Max=0, RMS=0 : rain_water
Fld=9  Min=0, Max=0, RMS=0 : snow_water
Fld=10  Min=0, Max=0, RMS=0 : graupel
Fld=11  Min=0, Max=0, RMS=0 : equivalent_reflectivity_factor
Fld=12  Min=0, Max=0, RMS=0 : upward_air_velocity
CostFunction: Nonlinear J = 1.26368e+06
OOPS_STATS IncrementalAssimilation linearize 0      - Runtime:   115.83 sec,  Local Memory:     7.02 GB

DRPCGMinimizer: max iter = 75, requested norm reduction = 0.001
CostFunction::computeGradientFG: gradient:
  Valid time: 2026-06-05T04:00:00Z
  Resolution: nCellsGlobal = 2341818, nFields = 12
Fld=1  Min=0, Max=0, RMS=0 : water_vapor_mixing_ratio_wrt_moist_air
Fld=2  Min=0, Max=0, RMS=0 : air_pressure_at_surface
Fld=3  Min=0, Max=0, RMS=0 : air_temperature
Fld=4  Min=0, Max=0, RMS=0 : northward_wind
Fld=5  Min=0, Max=0, RMS=0 : eastward_wind
Fld=6  Min=0, Max=0, RMS=0 : cloud_liquid_water
Fld=7  Min=0, Max=0, RMS=0 : cloud_liquid_ice
Fld=8  Min=0, Max=0, RMS=0 : rain_water
Fld=9  Min=0, Max=0, RMS=0 : snow_water
Fld=10  Min=0, Max=0, RMS=0 : graupel
Fld=11  Min=-1.62894, Max=1.58673, RMS=0.0156636 : equivalent_reflectivity_factor
Fld=12  Min=0, Max=0, RMS=0 : upward_air_velocity
DRPCGMinimizer rhs
  Valid time: 2026-06-05T04:00:00Z
  Resolution: nCellsGlobal = 2341818, nFields = 12
Fld=1  Min=-0, Max=-0, RMS=0 : water_vapor_mixing_ratio_wrt_moist_air
Fld=2  Min=-0, Max=-0, RMS=0 : air_pressure_at_surface
Fld=3  Min=-0, Max=-0, RMS=0 : air_temperature
Fld=4  Min=-0, Max=-0, RMS=0 : northward_wind
Fld=5  Min=-0, Max=-0, RMS=0 : eastward_wind
Fld=6  Min=-0, Max=-0, RMS=0 : cloud_liquid_water
Fld=7  Min=-0, Max=-0, RMS=0 : cloud_liquid_ice
Fld=8  Min=-0, Max=-0, RMS=0 : rain_water
Fld=9  Min=-0, Max=-0, RMS=0 : snow_water
Fld=10  Min=-0, Max=-0, RMS=0 : graupel
Fld=11  Min=-1.58673, Max=1.62894, RMS=0.0156636 : equivalent_reflectivity_factor
Fld=12  Min=-0, Max=-0, RMS=0 : upward_air_velocity
Initial RHS squared norm = 33899
OOPS_STATS DRPCG start                              - Runtime:   115.97 sec,  Local Memory:     7.02 GB
normr0 33899
  Residual norm ( 0) = 9497.968700091997
  Norm reduction ( 0) = 1

  Quadratic cost function: J   ( 0) = 1263676.177879459
  Quadratic cost function: Jb  ( 0) = 0
  Quadratic cost function: JoJc( 0) = 1263676.177879459


 DRPCG Starting Iteration 1
OOPS_STATS DRPCG iteration 1                        - Runtime:   121.87 sec,  Local Memory:     7.02 GB
rdots 1.94332e+07      iteration    0
DRPCG end of iteration 1
  Residual norm ( 1) = 4408.308798028786
  Norm reduction ( 1) = 0.4641317461896971

  Quadratic cost function: J   ( 1) = 729905.1423688465
  Quadratic cost function: Jb  ( 1) = 6316.52958659728
  Quadratic cost function: JoJc( 1) = 723588.6127822492

 DRPCG Starting Iteration 2
OOPS_STATS DRPCG iteration 2                        - Runtime:   127.50 sec,  Local Memory:     7.02 GB
rdots 8.32851e+06      iteration    1
DRPCG end of iteration 2
  Residual norm ( 2) = 2885.915201872394
  Norm reduction ( 2) = 0.3038455161306692

  Quadratic cost function: J   ( 2) = 579783.8872080797
  Quadratic cost function: Jb  ( 2) = 12688.54047178709
  Quadratic cost function: JoJc( 2) = 567095.3467362926

 DRPCG Starting Iteration 3
OOPS_STATS DRPCG iteration 3                        - Runtime:   133.20 sec,  Local Memory:     7.02 GB
rdots 5.17339e+06      iteration    2
DRPCG end of iteration 3
  Residual norm ( 3) = 2274.508142463762
  Norm reduction ( 3) = 0.2394731141240475

  Quadratic cost function: J   ( 3) = 508703.9670593668
  Quadratic cost function: Jb  ( 3) = 18885.58587114972
  Quadratic cost function: JoJc( 3) = 489818.381188217

 DRPCG Starting Iteration 4
OOPS_STATS DRPCG iteration 4                        - Runtime:   139.00 sec,  Local Memory:     7.02 GB
rdots 3.66079e+06      iteration    3
DRPCG end of iteration 4
  Residual norm ( 4) = 1913.319731081918
  Norm reduction ( 4) = 0.2014451501680971

  Quadratic cost function: J   ( 4) = 471130.16594987
  Quadratic cost function: Jb  ( 4) = 24198.2641475739
  Quadratic cost function: JoJc( 4) = 446931.9018022961

 DRPCG Starting Iteration 5
OOPS_STATS DRPCG iteration 5                        - Runtime:   144.79 sec,  Local Memory:     7.02 GB
rdots 2.24583e+06      iteration    4
DRPCG end of iteration 5
  Residual norm ( 5) = 1498.610414821734
  Norm reduction ( 5) = 0.1577822018730404

  Quadratic cost function: J   ( 5) = 447332.6883779051
  Quadratic cost function: Jb  ( 5) = 28970.48115136949
  Quadratic cost function: JoJc( 5) = 418362.2072265355

 DRPCG Starting Iteration 6
rdots 1.47428e+06      iteration    5
DRPCG end of iteration 6
  Residual norm ( 6) = 1214.198494522024
  Norm reduction ( 6) = 0.1278377022352435

  Quadratic cost function: J   ( 6) = 428878.0714446601
  Quadratic cost function: Jb  ( 6) = 33986.79031135387
  Quadratic cost function: JoJc( 6) = 394891.2811333062

 DRPCG Starting Iteration 7
rdots 1.0435e+06      iteration    6
DRPCG end of iteration 7
  Residual norm ( 7) = 1021.51906689807
  Norm reduction ( 7) = 0.107551319566696

  Quadratic cost function: J   ( 7) = 415532.1298446846
  Quadratic cost function: Jb  ( 7) = 38784.99268130835
  Quadratic cost function: JoJc( 7) = 376747.1371633763

 DRPCG Starting Iteration 8
rdots 710376      iteration    7
DRPCG end of iteration 8
  Residual norm ( 8) = 842.8378518802521
  Norm reduction ( 8) = 0.08873874809379909

  Quadratic cost function: J   ( 8) = 405732.10160281
  Quadratic cost function: Jb  ( 8) = 43296.60439352292
  Quadratic cost function: JoJc( 8) = 362435.497209287

 DRPCG Starting Iteration 9
rdots 516310      iteration    8
DRPCG end of iteration 9
  Residual norm ( 9) = 718.5474022313265
  Norm reduction ( 9) = 0.07565274480472511

  Quadratic cost function: J   ( 9) = 398870.7607950175
  Quadratic cost function: Jb  ( 9) = 47212.2864416132
  Quadratic cost function: JoJc( 9) = 351658.4743534042

 DRPCG Starting Iteration 10
OOPS_STATS DRPCG iteration 10                       - Runtime:   174.40 sec,  Local Memory:     7.02 GB
rdots 383531      iteration    9
DRPCG end of iteration 10
  Residual norm (10) = 619.2986959877497
  Norm reduction (10) = 0.06520327825272274

  Quadratic cost function: J   (10) = 393928.3815541471
  Quadratic cost function: Jb  (10) = 50610.34888773698
  Quadratic cost function: JoJc(10) = 343318.0326664101

 DRPCG Starting Iteration 11
rdots 282073      iteration    10
DRPCG end of iteration 11
  Residual norm (11) = 531.1049933680926
  Norm reduction (11) = 0.05591774516617941

  Quadratic cost function: J   (11) = 390405.3795265427
  Quadratic cost function: Jb  (11) = 53459.64608532829
  Quadratic cost function: JoJc(11) = 336945.7334412144

 DRPCG Starting Iteration 12
rdots 199809      iteration    11
DRPCG end of iteration 12
  Residual norm (12) = 447.0001541430735
  Norm reduction (12) = 0.04706271080244178

  Quadratic cost function: J   (12) = 387606.7106029222
  Quadratic cost function: Jb  (12) = 56085.89824200426
  Quadratic cost function: JoJc(12) = 331520.812360918

 DRPCG Starting Iteration 13
rdots 146012      iteration    12
DRPCG end of iteration 13
  Residual norm (13) = 382.1147461846472
  Norm reduction (13) = 0.04023120714021158

  Quadratic cost function: J   (13) = 385477.1453621069
  Quadratic cost function: Jb  (13) = 58386.32782296043
  Quadratic cost function: JoJc(13) = 327090.8175391464

 DRPCG Starting Iteration 14
rdots 111199      iteration    13
DRPCG end of iteration 14
  Residual norm (14) = 333.4657960091905
  Norm reduction (14) = 0.03510916981711684

  Quadratic cost function: J   (14) = 383954.6968019139
  Quadratic cost function: Jb  (14) = 60254.30671449172
  Quadratic cost function: JoJc(14) = 323700.3900874222

 DRPCG Starting Iteration 15
OOPS_STATS DRPCG iteration 15                       - Runtime:   203.84 sec,  Local Memory:     7.02 GB
rdots 78331.9      iteration    14
DRPCG end of iteration 15
  Residual norm (15) = 279.8784504044928
  Norm reduction (15) = 0.02946719022160832

  Quadratic cost function: J   (15) = 382821.9935043786
  Quadratic cost function: Jb  (15) = 61812.01145677108
  Quadratic cost function: JoJc(15) = 321009.9820476075

 DRPCG Starting Iteration 16
rdots 58885.8      iteration    15
DRPCG end of iteration 16
  Residual norm (16) = 242.6639231062164
  Norm reduction (16) = 0.02554903377433388

  Quadratic cost function: J   (16) = 381994.42313835
  Quadratic cost function: Jb  (16) = 63074.89169284639
  Quadratic cost function: JoJc(16) = 318919.5314455036

 DRPCG Starting Iteration 17
rdots 42565.4      iteration    16
DRPCG end of iteration 17
  Residual norm (17) = 206.3137779589272
  Norm reduction (17) = 0.02172188438112339

  Quadratic cost function: J   (17) = 381390.0213140344
  Quadratic cost function: Jb  (17) = 64088.97058462337
  Quadratic cost function: JoJc(17) = 317301.050729411

 DRPCG Starting Iteration 18
rdots 32853.2      iteration    17
DRPCG end of iteration 18
  Residual norm (18) = 181.2546389943716
  Norm reduction (18) = 0.01908351614094243

  Quadratic cost function: J   (18) = 380949.0658396023
  Quadratic cost function: Jb  (18) = 64895.86861823506
  Quadratic cost function: JoJc(18) = 316053.1972213672

 DRPCG Starting Iteration 19
rdots 23069.2      iteration    18
DRPCG end of iteration 19
  Residual norm (19) = 151.8853254631281
  Norm reduction (19) = 0.01599134828288673

  Quadratic cost function: J   (19) = 380622.4695319574
  Quadratic cost function: Jb  (19) = 65543.27116779426
  Quadratic cost function: JoJc(19) = 315079.1983641632

 DRPCG Starting Iteration 20
OOPS_STATS DRPCG iteration 20                       - Runtime:   234.50 sec,  Local Memory:     7.02 GB
rdots 17037.1      iteration    19
DRPCG end of iteration 20
  Residual norm (20) = 130.5260536881915
  Norm reduction (20) = 0.01374252303936601

  Quadratic cost function: J   (20) = 380387.2609751138
  Quadratic cost function: Jb  (20) = 66045.17079616665
  Quadratic cost function: JoJc(20) = 314342.0901789472

 DRPCG Starting Iteration 21
rdots 12559.6      iteration    20
DRPCG end of iteration 21
  Residual norm (21) = 112.0695385695853
  Norm reduction (21) = 0.01179931647579548

  Quadratic cost function: J   (21) = 380211.3427023143
  Quadratic cost function: Jb  (21) = 66447.34552138596
  Quadratic cost function: JoJc(21) = 313763.9971809283

 DRPCG Starting Iteration 22
rdots 9075.14      iteration    21
DRPCG end of iteration 22
  Residual norm (22) = 95.26353036547793
  Norm reduction (22) = 0.01002988463886549

  Quadratic cost function: J   (22) = 380078.759971302
  Quadratic cost function: Jb  (22) = 66771.14656618481
  Quadratic cost function: JoJc(22) = 313307.6134051172

 DRPCG Starting Iteration 23
rdots 6761.38      iteration    22
DRPCG end of iteration 23
  Residual norm (23) = 82.22763685752879
  Norm reduction (23) = 0.008657391854400651

  Quadratic cost function: J   (23) = 379979.0403447588
  Quadratic cost function: Jb  (23) = 67030.70474351209
  Quadratic cost function: JoJc(23) = 312948.3356012467

 DRPCG Starting Iteration 24
rdots 5077.22      iteration    23
DRPCG end of iteration 24
  Residual norm (24) = 71.25463377828801
  Norm reduction (24) = 0.007502091871243779

  Quadratic cost function: J   (24) = 379909.9838777924
  Quadratic cost function: Jb  (24) = 67221.38575936177
  Quadratic cost function: JoJc(24) = 312688.5981184306

 DRPCG Starting Iteration 25
OOPS_STATS DRPCG iteration 25                       - Runtime:   265.14 sec,  Local Memory:     7.02 GB
rdots 3644.85      iteration    24
DRPCG end of iteration 25
  Residual norm (25) = 60.37262664599265
  Norm reduction (25) = 0.006356372457345315

  Quadratic cost function: J   (25) = 379858.7607405614
  Quadratic cost function: Jb  (25) = 67370.71575576725
  Quadratic cost function: JoJc(25) = 312488.0449847942

 DRPCG Starting Iteration 26
rdots 2614.6      iteration    25
DRPCG end of iteration 26
  Residual norm (26) = 51.13313286490015
  Norm reduction (26) = 0.005383586162418589

  Quadratic cost function: J   (26) = 379819.3695825743
  Quadratic cost function: Jb  (26) = 67491.78244608814
  Quadratic cost function: JoJc(26) = 312327.5871364862

 DRPCG Starting Iteration 27
rdots 1975.67      iteration    26
DRPCG end of iteration 27
  Residual norm (27) = 44.44850410708145
  Norm reduction (27) = 0.004679790543703405

  Quadratic cost function: J   (27) = 379791.7891029409
  Quadratic cost function: Jb  (27) = 67580.92851388041
  Quadratic cost function: JoJc(27) = 312210.8605890605

 DRPCG Starting Iteration 28
rdots 1445.82      iteration    27
DRPCG end of iteration 28
  Residual norm (28) = 38.02400263236643
  Norm reduction (28) = 0.004003382600323596

  Quadratic cost function: J   (28) = 379770.967262252
  Quadratic cost function: Jb  (28) = 67651.51074858542
  Quadratic cost function: JoJc(28) = 312119.4565136665

 DRPCG Starting Iteration 29
rdots 1089.42      iteration    28
DRPCG end of iteration 29
  Residual norm (29) = 33.00631450283032
  Norm reduction (29) = 0.003475091942818323

  Quadratic cost function: J   (29) = 379755.6799559682
  Quadratic cost function: Jb  (29) = 67705.77100778239
  Quadratic cost function: JoJc(29) = 312049.9089481858

 DRPCG Starting Iteration 30
OOPS_STATS DRPCG iteration 30                       - Runtime:   296.11 sec,  Local Memory:     7.02 GB
rdots 795.959      iteration    29
DRPCG end of iteration 30
  Residual norm (30) = 28.212737994145
  Norm reduction (30) = 0.002970397027510918

  Quadratic cost function: J   (30) = 379744.8965080832
  Quadratic cost function: Jb  (30) = 67745.7253408699
  Quadratic cost function: JoJc(30) = 311999.1711672133

 DRPCG Starting Iteration 31
rdots 554.599      iteration    30
DRPCG end of iteration 31
  Residual norm (31) = 23.54992272592285
  Norm reduction (31) = 0.002479469397040101

  Quadratic cost function: J   (31) = 379736.6992391696
  Quadratic cost function: Jb  (31) = 67777.36355134276
  Quadratic cost function: JoJc(31) = 311959.3356878269

 DRPCG Starting Iteration 32
rdots 428.072      iteration    31
DRPCG end of iteration 32
  Residual norm (32) = 20.68989289951136
  Norm reduction (32) = 0.002178349240012863

  Quadratic cost function: J   (32) = 379730.8538853246
  Quadratic cost function: Jb  (32) = 67800.8326315718
  Quadratic cost function: JoJc(32) = 311930.0212537528

 DRPCG Starting Iteration 33
rdots 304.814      iteration    32
DRPCG end of iteration 33
  Residual norm (33) = 17.45891521284958
  Norm reduction (33) = 0.001838173588914909

  Quadratic cost function: J   (33) = 379726.3856874309
  Quadratic cost function: Jb  (33) = 67819.47266859846
  Quadratic cost function: JoJc(33) = 311906.9130188324

 DRPCG Starting Iteration 34
rdots 225.383      iteration    33
DRPCG end of iteration 34
  Residual norm (34) = 15.01274809828307
  Norm reduction (34) = 0.001580627244869491

  Quadratic cost function: J   (34) = 379723.1325248815
  Quadratic cost function: Jb  (34) = 67833.5615640102
  Quadratic cost function: JoJc(34) = 311889.5709608713

 DRPCG Starting Iteration 35
OOPS_STATS DRPCG iteration 35                       - Runtime:   327.50 sec,  Local Memory:     7.02 GB
rdots 161.58      iteration    34
DRPCG end of iteration 35
  Residual norm (35) = 12.71140800169623
  Norm reduction (35) = 0.001338329110473181

  Quadratic cost function: J   (35) = 379720.6734772928
  Quadratic cost function: Jb  (35) = 67844.60774065454
  Quadratic cost function: JoJc(35) = 311876.0657366382

 DRPCG Starting Iteration 36
rdots 112.474      iteration    35
DRPCG end of iteration 36
  Residual norm (36) = 10.60537276948163
  Norm reduction (36) = 0.001116593779612993

  Quadratic cost function: J   (36) = 379718.968602107
  Quadratic cost function: Jb  (36) = 67852.53835194441
  Quadratic cost function: JoJc(36) = 311866.4302501626

 DRPCG Starting Iteration 37
rdots 86.3403      iteration    36
DRPCG end of iteration 37
  Residual norm (37) = 9.29194989067814
  Norm reduction (37) = 0.0009783091715798284

  Quadratic cost function: J   (37) = 379717.7315590574
  Quadratic cost function: Jb  (37) = 67858.48610280443
  Quadratic cost function: JoJc(37) = 311859.2454562529

DRPCG: Achieved required reduction in residual norm.
OOPS_STATS DRPCG end                                - Runtime:   347.40 sec,  Local Memory:     7.02 GB
DRPCGMinimizer: reduction in residual norm = 0.000978309
DRPCGMinimizer output increment:
  Valid time: 2026-06-05T04:00:00Z
  Resolution: nCellsGlobal = 2341818, nFields = 12
Fld=1  Min=-0.00632292, Max=0.0108826, RMS=0.000117843 : water_vapor_mixing_ratio_wrt_moist_air
Fld=2  Min=-149.65, Max=131.913, RMS=3.41702 : air_pressure_at_surface
Fld=3  Min=-13.4729, Max=10.1452, RMS=0.146482 : air_temperature
Fld=4  Min=-45.0974, Max=37.9371, RMS=0.474674 : northward_wind
Fld=5  Min=-53.5956, Max=31.3122, RMS=0.487234 : eastward_wind
Fld=6  Min=-0.00277369, Max=0.00481047, RMS=2.00753e-05 : cloud_liquid_water
Fld=7  Min=-0.000763661, Max=0.00185279, RMS=1.04942e-05 : cloud_liquid_ice
Fld=8  Min=-0.00732655, Max=0.00467663, RMS=2.70271e-05 : rain_water
Fld=9  Min=-0.00685563, Max=0.00931163, RMS=8.64384e-05 : snow_water
Fld=10  Min=-0.0113629, Max=0.0102024, RMS=4.06733e-05 : graupel
Fld=11  Min=-60.9695, Max=89.3505, RMS=2.18549 : equivalent_reflectivity_factor
Fld=12  Min=0, Max=0, RMS=0 : upward_air_velocity
CostFunction::addIncrement: First guess:
  Valid time: 2026-06-05T04:00:00Z
  Resolution: nCellsGlobal = 2341818, nFields = 35
Fld=1  Min=0, Max=0.0196466, RMS=0.00584242 : water_vapor_mixing_ratio_wrt_moist_air
Fld=2  Min=63720.9, Max=102510, RMS=96520.2 : air_pressure_at_surface
Fld=3  Min=194.559, Max=315.214, RMS=261.344 : air_temperature
Fld=4  Min=-36.3529, Max=50.7155, RMS=7.1438 : northward_wind
Fld=5  Min=-29.6065, Max=68.3433, RMS=10.704 : eastward_wind
Fld=6  Min=273.842, Max=644.132, RMS=356.095 : air_potential_temperature
Fld=7  Min=0.0386577, Max=1.28079, RMS=0.780486 : dry_air_density
Fld=8  Min=-67.4201, Max=67.4033, RMS=9.093 : u
Fld=9  Min=0, Max=0.0200404, RMS=0.00590874 : water_vapor_mixing_ratio_wrt_dry_air
Fld=10  Min=2460.13, Max=102401, RMS=64367 : air_pressure
Fld=11  Min=0, Max=1, RMS=0.790008 : landmask
Fld=12  Min=0, Max=0.994171, RMS=0.0250003 : seaice_fraction
Fld=13  Min=0, Max=1, RMS=0.0510196 : snowc
Fld=14  Min=261.739, Max=310.507, RMS=291.53 : skin_temperature_at_surface
Fld=15  Min=1, Max=19, RMS=12.7664 : ivgtyp
Fld=16  Min=1, Max=16, RMS=9.97061 : isltyp
Fld=17  Min=0, Max=7.5, RMS=0.153188 : snowh
Fld=18  Min=0, Max=0.928064, RMS=0.419886 : vegetation_area_fraction
Fld=19  Min=263.549, Max=311.333, RMS=291.585 : air_temperature_at_2m
Fld=20  Min=0.00106897, Max=0.020338, RMS=0.0109799 : water_vapor_mixing_ratio_wrt_moist_air_at_2m
Fld=21  Min=-16.0547, Max=15.1825, RMS=3.32547 : eastward_wind_at_10m
Fld=22  Min=-15.4998, Max=14.9239, RMS=3.66436 : northward_wind_at_10m
Fld=23  Min=0, Max=6.56301, RMS=1.71513 : lai
Fld=24  Min=0.00200001, Max=1, RMS=0.633415 : smois
Fld=25  Min=261.936, Max=314.964, RMS=291.412 : tslb
Fld=26  Min=-862.939, Max=5742.17, RMS=3202.48 : pressure_p
Fld=27  Min=0, Max=0.00534043, RMS=2.4203e-05 : cloud_liquid_water
Fld=28  Min=0, Max=0.00169921, RMS=1.44487e-05 : cloud_liquid_ice
Fld=29  Min=0, Max=0.0123215, RMS=2.03851e-05 : graupel
Fld=30  Min=0, Max=0.00790254, RMS=2.54965e-05 : rain_water
Fld=31  Min=0, Max=0.00723909, RMS=5.19798e-05 : snow_water
Fld=32  Min=0, Max=1, RMS=0.187766 : cldfrac
Fld=33  Min=0, Max=68.9926, RMS=2.72559 : equivalent_reflectivity_factor
Fld=34  Min=-7.23872, Max=23.8225, RMS=0.0991199 : w
Fld=35  Min=0, Max=0, RMS=0 : upward_air_velocity
CostFunction::addIncrement: Increment:
  Valid time: 2026-06-05T04:00:00Z
  Resolution: nCellsGlobal = 2341818, nFields = 12
Fld=1  Min=-0.00632292, Max=0.0108826, RMS=0.000117843 : water_vapor_mixing_ratio_wrt_moist_air
Fld=2  Min=-149.65, Max=131.913, RMS=3.41702 : air_pressure_at_surface
Fld=3  Min=-13.4729, Max=10.1452, RMS=0.146482 : air_temperature
Fld=4  Min=-45.0974, Max=37.9371, RMS=0.474674 : northward_wind
Fld=5  Min=-53.5956, Max=31.3122, RMS=0.487234 : eastward_wind
Fld=6  Min=-0.00277369, Max=0.00481047, RMS=2.00753e-05 : cloud_liquid_water
Fld=7  Min=-0.000763661, Max=0.00185279, RMS=1.04942e-05 : cloud_liquid_ice
Fld=8  Min=-0.00732655, Max=0.00467663, RMS=2.70271e-05 : rain_water
Fld=9  Min=-0.00685563, Max=0.00931163, RMS=8.64384e-05 : snow_water
Fld=10  Min=-0.0113629, Max=0.0102024, RMS=4.06733e-05 : graupel
Fld=11  Min=-60.9695, Max=89.3505, RMS=2.18549 : equivalent_reflectivity_factor
Fld=12  Min=0, Max=0, RMS=0 : upward_air_velocity
CostFunction::addIncrement: Analysis: 
  Valid time: 2026-06-05T04:00:00Z
  Resolution: nCellsGlobal = 2341818, nFields = 35
Fld=1  Min=0, Max=0.0196466, RMS=0.00584558 : water_vapor_mixing_ratio_wrt_moist_air
Fld=2  Min=63720.9, Max=102510, RMS=96520.1 : air_pressure_at_surface
Fld=3  Min=194.559, Max=315.214, RMS=261.346 : air_temperature
Fld=4  Min=-44.5493, Max=57.2262, RMS=7.16153 : northward_wind
Fld=5  Min=-46.4433, Max=68.3433, RMS=10.6958 : eastward_wind
Fld=6  Min=273.842, Max=644.132, RMS=356.095 : air_potential_temperature
Fld=7  Min=0.0386577, Max=1.28079, RMS=0.780477 : dry_air_density
Fld=8  Min=-67.4201, Max=67.4033, RMS=9.09427 : u
Fld=9  Min=0, Max=0.0200404, RMS=0.00591194 : water_vapor_mixing_ratio_wrt_dry_air
Fld=10  Min=2460.13, Max=102401, RMS=64367.1 : air_pressure
Fld=11  Min=0, Max=1, RMS=0.790008 : landmask
Fld=12  Min=0, Max=0.994171, RMS=0.0250003 : seaice_fraction
Fld=13  Min=0, Max=1, RMS=0.0510196 : snowc
Fld=14  Min=261.739, Max=310.507, RMS=291.53 : skin_temperature_at_surface
Fld=15  Min=1, Max=19, RMS=12.7664 : ivgtyp
Fld=16  Min=1, Max=16, RMS=9.97061 : isltyp
Fld=17  Min=0, Max=7.5, RMS=0.153188 : snowh
Fld=18  Min=0, Max=0.928064, RMS=0.419886 : vegetation_area_fraction
Fld=19  Min=263.549, Max=311.333, RMS=291.586 : air_temperature_at_2m
Fld=20  Min=0.00106897, Max=0.020338, RMS=0.01098 : water_vapor_mixing_ratio_wrt_moist_air_at_2m
Fld=21  Min=-16.0547, Max=15.1825, RMS=3.32547 : eastward_wind_at_10m
Fld=22  Min=-15.4998, Max=14.9239, RMS=3.66436 : northward_wind_at_10m
Fld=23  Min=0, Max=6.56301, RMS=1.71513 : lai
Fld=24  Min=0.00200001, Max=1, RMS=0.633415 : smois
Fld=25  Min=261.936, Max=314.964, RMS=291.412 : tslb
Fld=26  Min=-876.765, Max=5742.17, RMS=3202.62 : pressure_p
Fld=27  Min=0, Max=0.00481047, RMS=2.96738e-05 : cloud_liquid_water
Fld=28  Min=0, Max=0.00189129, RMS=1.65941e-05 : cloud_liquid_ice
Fld=29  Min=0, Max=0.0102024, RMS=3.39928e-05 : graupel
Fld=30  Min=0, Max=0.00766956, RMS=2.67753e-05 : rain_water
Fld=31  Min=0, Max=0.00931226, RMS=8.34402e-05 : snow_water
Fld=32  Min=0, Max=1, RMS=0.187766 : cldfrac
Fld=33  Min=0, Max=89.3505, RMS=2.75133 : equivalent_reflectivity_factor
Fld=34  Min=-7.23872, Max=23.8225, RMS=0.0991199 : w
Fld=35  Min=0, Max=0, RMS=0 : upward_air_velocity
OOPS_STATS IncrementalAssimilation end              - Runtime:   347.57 sec,  Local Memory:     7.02 GB
Variational: incremental assimilation done 1 iterations.
QC refl10cm equivalentReflectivityFactor: 135232 H(x) failed.
QC refl10cm equivalentReflectivityFactor: 1 rejected by first-guess check.
QC refl10cm equivalentReflectivityFactor: 3791808 passed out of 3927041 observations.
ObsErrorDiagonal covariance updated 3791808
Observer::finalize QC = 
refl10cm equivalentReflectivityFactor nlocs = 3927041, nobs = 3927041, min = 0, max = 19, avg = 0
Jo Observations:
Jo Obs :refl10cm:equivalentReflectivityFactor   : Nobs=  3791808, Min= 0.000000e+00, Max= 5.993658e+01, RMS= 3.959207e+00
Jo Observations Equivalent:
Jo H(x):refl10cm:equivalentReflectivityFactor   : Nobs=  3791808, Min= 0.000000e+00, Max= 6.761499e+01, RMS= 3.193329e+00
Jo Bias Corrected Departures:
Jo Dep :refl10cm:equivalentReflectivityFactor   : Nobs=  3791808, Min=-5.947094e+01, Max= 2.752642e+01, RMS= 2.025895e+00
Jo Observations Errors:
UFO Diagonal observation error covariance, inverse variances: refl10cm nobs= 3791808 Min=0.04, Max=0.04, RMS=0.04



CostJo   : Nonlinear Jo(refl10cm) = 311250, nobs = 3791808, Jo/n = 0.082085, err = 5
CostJo   : Nonlinear Jo = 311250
Increment:diff x1 2
Increment:diff x2 1
CostJb: FG-BG
  Valid time: 2026-06-05T04:00:00Z
  Resolution: nCellsGlobal = 2341818, nFields = 12
Fld=1  Min=-0.00571001, Max=0.0108826, RMS=0.000117812 : water_vapor_mixing_ratio_wrt_moist_air
Fld=2  Min=-149.65, Max=131.913, RMS=3.41702 : air_pressure_at_surface
Fld=3  Min=-13.4729, Max=10.1452, RMS=0.146482 : air_temperature
Fld=4  Min=-45.0974, Max=37.9371, RMS=0.474674 : northward_wind
Fld=5  Min=-53.5956, Max=31.3122, RMS=0.487234 : eastward_wind
Fld=6  Min=-0.00277369, Max=0.00481047, RMS=1.94372e-05 : cloud_liquid_water
Fld=7  Min=-0.000763661, Max=0.00185279, RMS=1.03195e-05 : cloud_liquid_ice
Fld=8  Min=-0.005195, Max=0.00467663, RMS=2.10004e-05 : rain_water
Fld=9  Min=-0.00582621, Max=0.00931163, RMS=8.08973e-05 : snow_water
Fld=10  Min=-0.0113148, Max=0.0102024, RMS=3.50877e-05 : graupel
Fld=11  Min=-56.7363, Max=89.3505, RMS=2.16397 : equivalent_reflectivity_factor
Fld=12  Min=0, Max=0, RMS=0 : upward_air_velocity
CostFunction: Nonlinear J = 311250
OOPS_STATS Variational end                          - Runtime:   367.43 sec,  Local Memory:     7.02 GB
==> destruct MPAS corelist and domain:  0
Tried to erase key "mesh[address=0x4605f00],halo[size=0]" from cache "NodeColumnsHaloExchangeCache" but it was not found.
Erased key "mesh[address=0x4605f00],halo[size=1]" from cache "NodeColumnsHaloExchangeCache".
==> destruct MPAS corelist and domain:  1
refl10cm: save database to jdiag_mrms_refl.nc (io pool size: 4)
QC refl10cm equivalentReflectivityFactor: 135232 H(x) failed.
QC refl10cm equivalentReflectivityFactor: 1 rejected by first-guess check.
QC refl10cm equivalentReflectivityFactor: 3791808 passed out of 3927041 observations.
Erased key "mesh[address=0x7a8d9b0]" from cache "NodeColumnsGatherScatterCache".
Tried to erase key "mesh[address=0x7a8d9b0],halo[size=0]" from cache "NodeColumnsHaloExchangeCache" but it was not found.
Erased key "mesh[address=0x7a8d9b0],halo[size=1]" from cache "NodeColumnsHaloExchangeCache".

Run: Finishing oops::Variational<MPAS, UFO and IODA observations>
OOPS_STATS  
OOPS_STATS ----------------------------------------------------------------------------------
OOPS_STATS --------------------------- Object counts ----------------------------------------
OOPS_STATS ----------------------------------------------------------------------------------
OOPS_STATS                                      Total  Simult. Remain    Avg (Mb)    HWM (Mb)
OOPS_STATS ioda::ObsDataVector             :        8       5        
OOPS_STATS ioda::ObsVector                 :       94       8        
OOPS_STATS mpas::Geometry                  :        2       2        
OOPS_STATS mpas::Increment                 :     2704     121        
OOPS_STATS mpas::LinVarChaModel2GeoVars    :        1       1        
OOPS_STATS mpas::ModelBias                 :        4       3        
OOPS_STATS mpas::ModelBiasCovariance       :        1       1        
OOPS_STATS mpas::State                     :       75      34        
OOPS_STATS mpas::VarChaModel2GeoVars       :        3       1        
OOPS_STATS oops::ControlIncrement          :      166      88               15.22     1339.40
OOPS_STATS oops::ControlVariable           :        4       3        
OOPS_STATS oops::Diffusion                 :        1       1        
OOPS_STATS oops::EnsembleCovariance        :        1       1             3538.50     3538.50
OOPS_STATS oops::GeoVaLs                   :       78       1        
OOPS_STATS oops::Geometry                  :        2       2        
OOPS_STATS oops::GetValues                 :        3       2        
OOPS_STATS oops::Increment                 :     2628     121               15.02     1841.67
OOPS_STATS oops::LinearObsOperator         :        1       1        
OOPS_STATS oops::LocalInterpolator         :     2400    1600        
OOPS_STATS oops::Localization              :        1       1        
OOPS_STATS oops::ModelAuxControl           :        4       3        
OOPS_STATS oops::ModelAuxCovariance        :        1       1        
OOPS_STATS oops::ModelAuxIncrement         :      166      88        
OOPS_STATS oops::ObsAuxControl             :        4       3        
OOPS_STATS oops::ObsAuxCovariance          :        1       1        
OOPS_STATS oops::ObsAuxIncrement           :      166      88        
OOPS_STATS oops::ObsAuxIncrements          :      166      88        
OOPS_STATS oops::ObsAuxPreconditioner      :        2       2        
OOPS_STATS oops::ObsDataVector             :        4       4        
OOPS_STATS oops::ObsDiagnostics            :        2       1        
OOPS_STATS oops::ObsError                  :        1       1        
OOPS_STATS oops::ObsOperator               :        2       2        
OOPS_STATS oops::ObsSpace                  :        1       1                3.52        3.52
OOPS_STATS oops::ObsSpaces                 :        1       1        
OOPS_STATS oops::ObsVector                 :       94       7                0.04        0.24
OOPS_STATS oops::SampledLocations          :        8       4        
OOPS_STATS oops::State                     :       72      34               21.39      702.08
OOPS_STATS oops::UnstructuredInterpolator  :     2400    1600        
OOPS_STATS oops::VariableChange            :        3       1        
OOPS_STATS ufo::BackgroundCheck            :        1       1        
OOPS_STATS ufo::FinalCheck                 :        2       2        
OOPS_STATS ufo::GeoVaLs                    :       81       2        
OOPS_STATS ufo::ObsBias                    :        4       3        
OOPS_STATS ufo::ObsBiasCovariance          :        1       1        
OOPS_STATS ufo::ObsBiasPreconditioner      :        1       1        
OOPS_STATS ufo::ObsFilter                  :        9       6        
OOPS_STATS ufo::ObsFilterData              :        3       3        
OOPS_STATS ufo::ObsVertInterp              :        2       2        
OOPS_STATS ufo::ObsVertInterpTLAD          :        1       1        
OOPS_STATS ufo::SampledLocations           :        4       3        
OOPS_STATS ----------------------------- Object counts --------------------------------------
OOPS_STATS  
OOPS_STATS --------------------------------------------------------------------------------------------
OOPS_STATS ------------------------------------ Timing Statistics -------------------------------------
OOPS_STATS --------------------------------------------------------------------------------------------
OOPS_STATS Name                                                :   total (ms)   count    time/call (ms)
OOPS_STATS ObsFilter::Background Check::ObsFilter              :         0.15       1            0.1483
OOPS_STATS ObsFilter::Background Check::postFilter             :        25.05       1           25.0478
OOPS_STATS ObsFilter::Background Check::preProcess             :         0.00       1            0.0038
OOPS_STATS ObsFilter::Background Check::priorFilter            :         0.02       1            0.0246
OOPS_STATS ObsFilter::Final Check::ObsFilter                   :         0.01       2            0.0059
OOPS_STATS ObsFilter::Final Check::postFilter                  :         0.05       2            0.0233
OOPS_STATS ObsFilter::Final Check::preProcess                  :         0.00       2            0.0003
OOPS_STATS ObsFilter::Final Check::priorFilter                 :         0.00       2            0.0021
OOPS_STATS ObsFilter::QCmanager::ObsFilter                     :         0.23       2            0.1149
OOPS_STATS ObsFilter::QCmanager::postFilter                    :         0.22       2            0.1122
OOPS_STATS ObsFilter::QCmanager::preProcess                    :         0.00       2            0.0001
OOPS_STATS ObsFilter::QCmanager::priorFilter                   :         0.00       2            0.0001
OOPS_STATS ioda::ObsSpace::get_db(DateTime)                    :         0.73       4            0.1814
OOPS_STATS ioda::ObsSpace::get_db(double)                      :         0.29       5            0.0580
OOPS_STATS ioda::ObsSpace::get_db(float)                       :         0.65      12            0.0546
OOPS_STATS ioda::ObsSpace::load                                :       703.37       1          703.3664
OOPS_STATS ioda::ObsSpace::put_db(double)                      :         0.39       6            0.0647
OOPS_STATS ioda::ObsSpace::put_db(float)                       :         0.08       2            0.0381
OOPS_STATS ioda::ObsSpace::put_db(int)                         :         0.31       2            0.1544
OOPS_STATS mpas::LinVarChaModel2GeoVars::LinVarChaModel2GeoVar :         3.04       1            3.0364
OOPS_STATS mpas::LinVarChaModel2GeoVars::changeVarAD           :      1001.57      38           26.3571
OOPS_STATS mpas::LinVarChaModel2GeoVars::changeVarTL           :       133.01      37            3.5950
OOPS_STATS mpas::LinVarChaModel2GeoVars::~LinVarChaModel2GeoVa :         0.04       1            0.0383
OOPS_STATS mpas::VarChaModel2GeoVars::VarChaModel2GeoVars      :         0.04       3            0.0145
OOPS_STATS mpas::VarChaModel2GeoVars::changeVar                :        12.20       3            4.0676
OOPS_STATS mpas::VarChaModel2GeoVars::~VarChaModel2GeoVars     :         0.00       3            0.0013
OOPS_STATS oops::Covariance::EnsembleCovariance                :     56229.36       1        56229.3628
OOPS_STATS oops::Covariance::ensemble::Constructor             :         0.01       1            0.0108
OOPS_STATS oops::Covariance::ensemble::multiply                :    211646.98      38         5569.6574
OOPS_STATS oops::Diffusion::Diffusion                          :         0.00       1            0.0001
OOPS_STATS oops::Diffusion::calculateDerivedGeom               :         1.87       1            1.8661
OOPS_STATS oops::Diffusion::multiplySqrtAD                     :     53072.24    1140           46.5546
OOPS_STATS oops::Diffusion::multiplySqrtTL                     :     44947.40    1140           39.4275
OOPS_STATS oops::Diffusion::setParameters                      :         6.99       1            6.9934
OOPS_STATS oops::GeoVaLs::GeoVaLs                              :        17.24      78            0.2211
OOPS_STATS oops::GeoVaLs::fill                                 :        26.92   27047            0.0010
OOPS_STATS oops::GeoVaLs::fillAD                               :        18.53   23902            0.0008
OOPS_STATS oops::GeoVaLs::~GeoVaLs                             :         0.46      78            0.0059
OOPS_STATS oops::Geometry::Geometry                            :     51656.58       2        25828.2888
OOPS_STATS oops::Geometry::variableSizes                       :         4.17      11            0.3788
OOPS_STATS oops::Geometry::~Geometry                           :       396.44       2          198.2224
OOPS_STATS oops::GeometryData::containingTriangleAndBarycentri :        47.45   20574            0.0023
OOPS_STATS oops::GeometryData::setGlobalTree                   :      1799.89       2          899.9434
OOPS_STATS oops::GeometryData::setLocalTree                    :         7.10       2            3.5502
OOPS_STATS oops::GeometryData::setMeshAndTriangulation         :         0.28       2            0.1409
OOPS_STATS oops::GetValues::GetValues                          :       314.85       3          104.9510
OOPS_STATS oops::GetValues::fillGeoVaLs                        :        51.84       3           17.2791
OOPS_STATS oops::GetValues::fillGeoVaLsAD                      :       104.11      38            2.7397
OOPS_STATS oops::GetValues::fillGeoVaLsTL                      :       666.74      37           18.0201
OOPS_STATS oops::GetValues::finalize                           :        19.54       3            6.5130
OOPS_STATS oops::GetValues::finalizeAD                         :       568.76      38           14.9674
OOPS_STATS oops::GetValues::finalizeTL                         :        92.54      37            2.5011
OOPS_STATS oops::GetValues::initialize                         :         3.32       3            1.1056
OOPS_STATS oops::GetValues::initializeAD                       :         5.22      38            0.1373
OOPS_STATS oops::GetValues::initializeTL                       :        16.60      37            0.4488
OOPS_STATS oops::GetValues::process                            :        16.60       3            5.5318
OOPS_STATS oops::GetValues::processAD                          :       112.52      38            2.9612
OOPS_STATS oops::GetValues::processTL                          :       123.33      37            3.3331
OOPS_STATS oops::Increment::Increment                          :     24777.07    2628            9.4281
OOPS_STATS oops::Increment::axpy                               :      4608.34     777            5.9309
OOPS_STATS oops::Increment::diff                               :       326.41      33            9.8911
OOPS_STATS oops::Increment::dot_product_with                   :      7223.50     855            8.4485
OOPS_STATS oops::Increment::fromFieldSet                       :     10467.40    1178            8.8857
OOPS_STATS oops::Increment::operator*=                         :       209.38     112            1.8695
OOPS_STATS oops::Increment::operator+=                         :      9344.29    1319            7.0844
OOPS_STATS oops::Increment::operator+=(State, Increment)       :        45.22       1           45.2162
OOPS_STATS oops::Increment::operator-=                         :       119.07      30            3.9690
OOPS_STATS oops::Increment::operator=                          :      4925.71    1454            3.3877
OOPS_STATS oops::Increment::print                              :     28229.17    1147           24.6113
OOPS_STATS oops::Increment::schur_product_with                 :     10163.28    2280            4.4576
OOPS_STATS oops::Increment::serialSize                         :         4.56     166            0.0274
OOPS_STATS oops::Increment::toFieldSet                         :      8686.88    1215            7.1497
OOPS_STATS oops::Increment::zero                               :       113.28     115            0.9851
OOPS_STATS oops::Increment::~Increment                         :       128.18    2628            0.0488
OOPS_STATS oops::LinearObsOper::refl10cm::LinearObsOperator    :         2.14       1            2.1387
OOPS_STATS oops::LinearObsOper::refl10cm::requiredVars         :         0.10      77            0.0012
OOPS_STATS oops::LinearObsOper::refl10cm::setTrajectory        :         0.90       1            0.8969
OOPS_STATS oops::LinearObsOper::refl10cm::simulateObsAD        :         3.24      38            0.0853
OOPS_STATS oops::LinearObsOper::refl10cm::simulateObsTL        :         5.51      37            0.1490
OOPS_STATS oops::LinearObsOper::refl10cm::~LinearObsOperator   :         0.04       1            0.0393
OOPS_STATS oops::LinearVariableChange::LinearVariableChange    :         0.75       1            0.7450
OOPS_STATS oops::LinearVariableChange::changeVarAD             :      1535.04      38           40.3959
OOPS_STATS oops::LinearVariableChange::changeVarTL             :       399.14      37           10.7877
OOPS_STATS oops::LinearVariableChange::changeVarTraj           :         3.06       1            3.0551
OOPS_STATS oops::LinearVariableChange::~LinearVariableChange   :         0.05       1            0.0516
OOPS_STATS oops::LocalInterpolator::LocalInterpolator          :        54.69    2400            0.0228
OOPS_STATS oops::LocalInterpolator::apply                      :        15.28    2400            0.0064
OOPS_STATS oops::LocalInterpolator::applyAD                    :        96.96   30400            0.0032
OOPS_STATS oops::LocalInterpolator::applyTL                    :       108.12   29600            0.0037
OOPS_STATS oops::LocalInterpolator::preprocess                 :      1249.61      40           31.2403
OOPS_STATS oops::LocalInterpolator::preprocessAD               :        63.54      38            1.6720
OOPS_STATS oops::LocalInterpolator::~LocalInterpolator         :         1.58    2400            0.0007
OOPS_STATS oops::Localization::Localization                    :      7647.99       1         7647.9949
OOPS_STATS oops::Localization::multiply                        :    175331.12    1140          153.7992
OOPS_STATS oops::Localization::~Localization                   :         0.33       1            0.3305
OOPS_STATS oops::ModelAuxControl::ModelAuxControl              :         0.01       4            0.0025
OOPS_STATS oops::ModelAuxControl::print                        :         0.00       3            0.0008
OOPS_STATS oops::ModelAuxControl::~ModelAuxControl             :         0.00       4            0.0009
OOPS_STATS oops::ModelAuxCovariance::ModelAuxCovariance        :         0.00       1            0.0037
OOPS_STATS oops::ModelAuxCovariance::linearize                 :         0.00       1            0.0001
OOPS_STATS oops::ModelAuxCovariance::multiply                  :         0.01      38            0.0002
OOPS_STATS oops::ModelAuxCovariance::~ModelAuxCovariance       :         0.00       1            0.0003
OOPS_STATS oops::ModelAuxIncrement::ModelAuxIncrement          :         0.15     166            0.0009
OOPS_STATS oops::ModelAuxIncrement::axpy                       :         0.34     777            0.0004
OOPS_STATS oops::ModelAuxIncrement::diff                       :         0.00       3            0.0006
OOPS_STATS oops::ModelAuxIncrement::dot_product_with           :         0.19     855            0.0002
OOPS_STATS oops::ModelAuxIncrement::operator*=                 :         0.04      73            0.0005
OOPS_STATS oops::ModelAuxIncrement::operator+=                 :         0.06     111            0.0006
OOPS_STATS oops::ModelAuxIncrement::operator+=ModelAuxControl  :         0.00       1            0.0001
OOPS_STATS oops::ModelAuxIncrement::operator=                  :         0.01      41            0.0003
OOPS_STATS oops::ModelAuxIncrement::print                      :         0.00       7            0.0007
OOPS_STATS oops::ModelAuxIncrement::serialSize                 :         0.01     166            0.0001
OOPS_STATS oops::ModelAuxIncrement::zero                       :         0.01      38            0.0003
OOPS_STATS oops::ModelAuxIncrement::~ModelAuxIncrement         :         0.04     166            0.0002
OOPS_STATS oops::ObsAuxControl::ObsAuxControl                  :         0.12       4            0.0296
OOPS_STATS oops::ObsAuxControl::print                          :         0.00       3            0.0010
OOPS_STATS oops::ObsAuxControl::requiredHdiagnostics           :         0.00       2            0.0001
OOPS_STATS oops::ObsAuxControl::requiredVars                   :         0.00       6            0.0002
OOPS_STATS oops::ObsAuxControl::write                          :         0.05       1            0.0535
OOPS_STATS oops::ObsAuxControl::~ObsAuxControl                 :         0.01       4            0.0015
OOPS_STATS oops::ObsAuxCovariance::ObsAuxCovariance            :         0.13       1            0.1322
OOPS_STATS oops::ObsAuxCovariance::inverseMultiply             :         0.05      38            0.0013
OOPS_STATS oops::ObsAuxCovariance::linearize                   :         0.02       1            0.0187
OOPS_STATS oops::ObsAuxCovariance::multiply                    :         0.17      38            0.0044
OOPS_STATS oops::ObsAuxCovariance::preconditioner              :         0.02       1            0.0212
OOPS_STATS oops::ObsAuxCovariance::write                       :         0.02       1            0.0228
OOPS_STATS oops::ObsAuxCovariance::~ObsAuxCovariance           :         0.00       1            0.0016
OOPS_STATS oops::ObsAuxIncrement::ObsAuxIncrement              :         0.79     166            0.0047
OOPS_STATS oops::ObsAuxIncrement::axpy                         :         1.01     777            0.0013
OOPS_STATS oops::ObsAuxIncrement::diff                         :         0.02       3            0.0062
OOPS_STATS oops::ObsAuxIncrement::dot_product_with             :         0.48     855            0.0006
OOPS_STATS oops::ObsAuxIncrement::operator*=                   :         0.10      73            0.0014
OOPS_STATS oops::ObsAuxIncrement::operator+=                   :         0.16     111            0.0015
OOPS_STATS oops::ObsAuxIncrement::operator=                    :         0.03      41            0.0007
OOPS_STATS oops::ObsAuxIncrement::print                        :         0.01       7            0.0008
OOPS_STATS oops::ObsAuxIncrement::serialSize                   :         0.01     332            0.0000
OOPS_STATS oops::ObsAuxIncrement::zero                         :         0.06      38            0.0017
OOPS_STATS oops::ObsAuxIncrement::~ObsAuxIncrement             :         0.46     166            0.0028
OOPS_STATS oops::ObsAuxPreconditioner::multiply                :         0.05      38            0.0014
OOPS_STATS oops::ObsAuxPreconditioner::~ObsAuxPreconditioner   :         0.00       2            0.0010
OOPS_STATS oops::ObsDataVector::ObsDataVector                  :         0.12       4            0.0307
OOPS_STATS oops::ObsDataVector::mask                           :         0.01       2            0.0040
OOPS_STATS oops::ObsDataVector::operator=                      :         0.02       2            0.0080
OOPS_STATS oops::ObsDataVector::print                          :         0.56       2            0.2791
OOPS_STATS oops::ObsDataVector::save                           :         0.40       4            0.1007
OOPS_STATS oops::ObsDataVector::~ObsDataVector                 :         0.01       4            0.0033
OOPS_STATS oops::ObsDiagnostics::ObsDiagnostics                :         0.07       2            0.0368
OOPS_STATS oops::ObsDiagnostics::~ObsDiagnostics               :         0.02       2            0.0107
OOPS_STATS oops::ObsError::getRMSE                             :         0.69       4            0.1725
OOPS_STATS oops::ObsError::inverseMultiply                     :         0.35      39            0.0090
OOPS_STATS oops::ObsError::obserrors                           :         0.45       6            0.0742
OOPS_STATS oops::ObsError::update                              :        19.47       2            9.7371
OOPS_STATS oops::ObsError::~ObsError                           :         0.01       1            0.0105
OOPS_STATS oops::ObsOperator::refl10cm::ObsOperator            :        10.79       2            5.3968
OOPS_STATS oops::ObsOperator::refl10cm::computeReducedVars     :         0.10       3            0.0328
OOPS_STATS oops::ObsOperator::refl10cm::locations              :         1.50       3            0.5001
OOPS_STATS oops::ObsOperator::refl10cm::requiredVars           :         0.00       3            0.0012
OOPS_STATS oops::ObsOperator::refl10cm::simulateObs            :         1.25       2            0.6237
OOPS_STATS oops::ObsOperator::refl10cm::~ObsOperator           :         0.04       2            0.0193
OOPS_STATS oops::ObsSpace::ObsSpace                            :       707.45       1          707.4462
OOPS_STATS oops::ObsSpace::obsvariables                        :         0.00       3            0.0000
OOPS_STATS oops::ObsSpace::save                                :      2454.05       1         2454.0522
OOPS_STATS oops::ObsSpace::~ObsSpace                           :         0.67       1            0.6672
OOPS_STATS oops::ObsVector::ObsVector                          :         1.12      92            0.0122
OOPS_STATS oops::ObsVector::dot_product                        :         0.19       4            0.0463
OOPS_STATS oops::ObsVector::info                               :         1.29       6            0.2143
OOPS_STATS oops::ObsVector::operator*=                         :         0.01       2            0.0056
OOPS_STATS oops::ObsVector::operator-=                         :         0.02       2            0.0111
OOPS_STATS oops::ObsVector::operator=                          :         0.40       4            0.1010
OOPS_STATS oops::ObsVector::rms                                :         0.36       4            0.0906
OOPS_STATS oops::ObsVector::save                               :         0.42       6            0.0692
OOPS_STATS oops::ObsVector::zero                               :         0.04      39            0.0009
OOPS_STATS oops::ObsVector::~ObsVector                         :         0.21      92            0.0022
OOPS_STATS oops::Parameters::deserialize                       :         5.69      97            0.0587
OOPS_STATS oops::Parameters::serialize                         :         1.79      80            0.0224
OOPS_STATS oops::Run::execute                                  :    369408.34       1       369408.3449
OOPS_STATS oops::SampledLocations::SampledLocations            :         0.00       4            0.0002
OOPS_STATS oops::SampledLocations::latitudes                   :         0.00       3            0.0000
OOPS_STATS oops::SampledLocations::longitudes                  :         0.00       3            0.0000
OOPS_STATS oops::SampledLocations::times                       :         0.00       3            0.0000
OOPS_STATS oops::SampledLocations::~SampledLocations           :         0.20       8            0.0253
OOPS_STATS oops::State::State                                  :     50181.56      72          696.9661
OOPS_STATS oops::State::print                                  :        57.79       3           19.2622
OOPS_STATS oops::State::toFieldSet                             :        20.72       5            4.1440
OOPS_STATS oops::State::variables                              :         0.00      58            0.0000
OOPS_STATS oops::State::write                                  :     19635.76       1        19635.7557
OOPS_STATS oops::State::zero                                   :        57.97      30            1.9324
OOPS_STATS oops::State::~State                                 :         7.30      72            0.1014
OOPS_STATS oops::UnstructuredInterpolator::UnstructuredInterpo :        53.80    2400            0.0224
OOPS_STATS oops::UnstructuredInterpolator::apply               :       114.62   32000            0.0036
OOPS_STATS oops::UnstructuredInterpolator::applyAD             :        68.31   30400            0.0022
OOPS_STATS oops::VariableChange::VariableChange                :         0.31       3            0.1047
OOPS_STATS oops::VariableChange::changeVar                     :        17.02       3            5.6736
OOPS_STATS oops::VariableChange::~VariableChange               :         0.02       3            0.0056
OOPS_STATS oops::util::FieldSetHelpers::readFieldSet           :      7584.77       2         3792.3830
OOPS_STATS saber::Localization::Localization                   :      7647.98       1         7647.9818
OOPS_STATS saber::Localization::multiply                       :    166637.33    1140          146.1731
OOPS_STATS saber::Localization::~Localization                  :         0.00       1            0.0001
OOPS_STATS ufo::ObsFilter::ObsFilter                           :         0.40       5            0.0795
OOPS_STATS ufo::ObsFilter::checkFilterData                     :         0.01      15            0.0004
OOPS_STATS ufo::ObsFilter::postFilter                          :        25.32       5            5.0647
OOPS_STATS ufo::ObsFilter::preProcess                          :         0.01       5            0.0014
OOPS_STATS ufo::ObsFilter::priorFilter                         :         0.04       5            0.0071
OOPS_STATS ufo::ObsFilter::~ObsFilter                          :        16.36       9            1.8175
OOPS_STATS util::Timers::measured                              :    369017.07       1       369017.0682
OOPS_STATS ------------------------------------ Timing Statistics -------------------------------------

OOPS_STATS ------------------------------------------------------------------------------------------------------------------
OOPS_STATS ---------------------------------- Parallel Timing Statistics ( 800 MPI tasks) -----------------------------------
OOPS_STATS ------------------------------------------------------------------------------------------------------------------
OOPS_STATS Name                                                :     min (ms)    max (ms)    avg (ms)     % total   imbal (%)
OOPS_STATS oops::Covariance::EnsembleCovariance                :     56228.48    56239.89    56229.92       15.22        0.02
OOPS_STATS oops::Covariance::ensemble::multiply                :    211108.26   212204.23   211529.08       57.26        0.52
OOPS_STATS oops::Diffusion::multiplySqrtAD                     :     51476.28    54543.82    52493.15       14.21        5.84
OOPS_STATS oops::Diffusion::multiplySqrtTL                     :     41042.24    71483.60    45858.89       12.41       66.38
OOPS_STATS oops::Geometry::Geometry                            :     50601.11    51812.42    51751.62       14.01        2.34
OOPS_STATS oops::Geometry::~Geometry                           :       365.29      558.89      470.05        0.13       41.19
OOPS_STATS oops::GeometryData::setGlobalTree                   :      1799.89     1947.60     1889.26        0.51        7.82
OOPS_STATS oops::GetValues::fillGeoVaLsTL                      :       276.36      820.79      580.29        0.16       93.82
OOPS_STATS oops::GetValues::finalizeAD                         :       491.43      951.53      581.28        0.16       79.15
OOPS_STATS oops::Increment::Increment                          :     12406.16    25928.41    21797.31        5.90       62.04
OOPS_STATS oops::Increment::axpy                               :      4134.74     5151.79     4687.49        1.27       21.70
OOPS_STATS oops::Increment::dot_product_with                   :      6338.51     8146.38     7305.12        1.98       24.75
OOPS_STATS oops::Increment::fromFieldSet                       :      7937.21    19157.79     9984.85        2.70      112.38
OOPS_STATS oops::Increment::operator+=                         :      7074.17    12493.16     9018.15        2.44       60.09
OOPS_STATS oops::Increment::operator=                          :      2895.66     5838.40     4759.53        1.29       61.83
OOPS_STATS oops::Increment::print                              :     15311.58    44561.37    30685.22        8.31       95.32
OOPS_STATS oops::Increment::schur_product_with                 :      5363.67    12034.05     9828.39        2.66       67.87
OOPS_STATS oops::Increment::toFieldSet                         :      7411.01    16596.59    10078.48        2.73       91.14
OOPS_STATS oops::LinearVariableChange::changeVarAD             :      1123.62     2172.14     1602.75        0.43       65.42
OOPS_STATS oops::LinearVariableChange::changeVarTL             :       354.51      684.55      464.98        0.13       70.98
OOPS_STATS oops::LocalInterpolator::preprocess                 :        66.64     1298.98     1244.72        0.34       99.01
OOPS_STATS oops::Localization::Localization                    :      7620.85     7799.42     7671.50        2.08        2.33
OOPS_STATS oops::Localization::multiply                        :    174598.24   192969.68   179262.98       48.53       10.25
OOPS_STATS oops::ObsSpace::ObsSpace                            :       648.66      708.94      676.16        0.18        8.92
OOPS_STATS oops::ObsSpace::save                                :      2292.83     2462.76     2371.31        0.64        7.17
OOPS_STATS oops::State::State                                  :     49985.21    50293.85    50119.75       13.57        0.62
OOPS_STATS oops::State::write                                  :     18456.72    19662.95    19637.45        5.32        6.14
OOPS_STATS oops::util::FieldSetHelpers::readFieldSet           :      7408.77     7584.77     7457.78        2.02        2.36
OOPS_STATS saber::Localization::Localization                   :      7620.84     7799.41     7671.49        2.08        2.33
OOPS_STATS saber::Localization::multiply                       :    165235.68   188081.14   170228.72       46.08       13.42
OOPS_STATS util::Timers::measured                              :    369017.07   369190.82   369126.36       99.93        0.05
OOPS_STATS oops::Run::execute                                  :    369335.09   369438.18   369390.28      100.00        0.03
OOPS_STATS ---------------------------------- Parallel Timing Statistics ( 800 MPI tasks) -----------------------------------

OOPS_STATS Run end                                  - Runtime:    370.50 sec,  Memory: total:  3987.19 GB, per task: min =     4.66 GB, max =     7.02 GB
Run: Finishing oops::Variational<MPAS, UFO and IODA observations> with status = 0
OOPS Ending   2026-06-05 06:24:53 (UTC+0000)
