Configuration input file is: jedivar.pass2.yaml
Full configuration is:YAMLConfiguration[path=jedivar.pass2.yaml, root={_member => {date => 2026-05-28T22:00:00Z , state variables => (water_vapor_mixing_ratio_wrt_moist_air,air_pressure_at_surface,air_temperature,northward_wind,eastward_wind,cloud_liquid_water,cloud_liquid_ice,rain_water,snow_water,graupel,equivalent_reflectivity_factor,upward_air_velocity) , stream name => ensemble} , output => {filename => mpasout.nc , stream name => analysis} , variational => {minimizer => {algorithm => DRPCG} , iterations => ({geometry => {nml_file => ./namelist.atmosphere , streams_file => ./streams.atmosphere , deallocate non-da fields => true , interpolation type => unstructured} , gradient norm reduction => 0.001 , ninner => 75})} , cost function => {cost type => 3D-Var , time window => {begin => 2026-05-28T20:00:00Z , length => PT4H} , jb evaluation => false , geometry => {nml_file => ./namelist.atmosphere , streams_file => ./streams.atmosphere , deallocate non-da fields => true , interpolation type => unstructured} , analysis variables => (water_vapor_mixing_ratio_wrt_moist_air,air_pressure_at_surface,air_temperature,northward_wind,eastward_wind,cloud_liquid_water,cloud_liquid_ice,rain_water,snow_water,graupel,equivalent_reflectivity_factor,upward_air_velocity) , background => {state variables => (water_vapor_mixing_ratio_wrt_moist_air,air_pressure_at_surface,air_temperature,northward_wind,eastward_wind,air_potential_temperature,dry_air_density,u,water_vapor_mixing_ratio_wrt_dry_air,air_pressure,landmask,seaice_fraction,snowc,skin_temperature_at_surface,ivgtyp,isltyp,snowh,vegetation_area_fraction,air_temperature_at_2m,water_vapor_mixing_ratio_wrt_moist_air_at_2m,eastward_wind_at_10m,northward_wind_at_10m,lai,smois,tslb,pressure_p,cloud_liquid_water,cloud_liquid_ice,graupel,rain_water,snow_water,cldfrac,equivalent_reflectivity_factor,w,upward_air_velocity) , filename => mpasout.nc , date => 2026-05-28T22:00:00Z} , background error => {covariance model => ensemble , localization => {localization method => SABER , saber central block => {saber block name => diffusion , active variables => (water_vapor_mixing_ratio_wrt_moist_air,air_pressure_at_surface,air_temperature,northward_wind,eastward_wind,cloud_liquid_water,cloud_liquid_ice,rain_water,snow_water,graupel,equivalent_reflectivity_factor,upward_air_velocity) , read => {groups => ({variables => (water_vapor_mixing_ratio_wrt_moist_air,air_pressure_at_surface,air_temperature,northward_wind,eastward_wind,cloud_liquid_water,cloud_liquid_ice,rain_water,snow_water,graupel,equivalent_reflectivity_factor,upward_air_velocity) , multivariate strategy => duplicated , horizontal => {filepath => data/diffusionloc/mpas_conus3km.diffusion_hz} , vertical => {levels => 59 , filepath => data/diffusionloc/mpas_conus3km.diffusion_vt}})}}} , members from template => {template => {date => 2026-05-28T22:00:00Z , state variables => (water_vapor_mixing_ratio_wrt_moist_air,air_pressure_at_surface,air_temperature,northward_wind,eastward_wind,cloud_liquid_water,cloud_liquid_ice,rain_water,snow_water,graupel,equivalent_reflectivity_factor,upward_air_velocity) , stream name => ensemble , filename => ./data/ens/mem%iMember%.nc} , pattern => %iMember% , start => 1 , zero padding => 3 , nmembers => 30}} , observations => {observers => ({obs space => {name => refl10cm , distribution => {name => RoundRobin , halo size => 500000} , obsdatain => {engine => {type => H5File , obsfile => data/obs/ioda_mrms_refl.nc , missing file action => warn}} , obsdataout => {engine => {type => H5File , allow overwrite => true , obsfile => jdiag_mrms_refl.nc}} , io pool => {write multiple files => false} , _source => mrms , simulated variables => (equivalentReflectivityFactor)} , obs operator => {name => VertInterp , vertical coordinate => height_above_mean_sea_level , observation vertical coordinate => height , interpolation method => linear , observation alias file => obsop_name_map.yaml} , obs localizations => ({localization method => Horizontal Gaspari-Cohn , lengthscale => 200000}) , _obsname => refl10cm , obs filters => ({filter => Background Check , filter variables => ({name => equivalentReflectivityFactor}) , threshold => 12 , action => {name => reject}})})}}}]
OOPS_STATS ObjectCountHelper started.
OOPS_STATS Run start                                - Runtime:      1.41 sec,  Memory: total:   104.27 GB, per task: min =   128.97 MB, max =   130.55 MB
Run: Starting oops::Variational<MPAS, UFO and IODA observations>
OOPS_STATS Variational start                        - Runtime:     1.41 sec,  Local Memory:   130.55 MB
==> create geom
atlas::mpi::push(world)
Increase halo 1
atlas::mpi::pop(world)
atlas::mpi::push(world)
atlas::mpi::pop(world)
atlas::mpi::push(world)
atlas::mpi::pop(world)
atlas::mpi::push(world)
atlas::mpi::pop(world)
refl10cm: read database from data/obs/ioda_mrms_refl.nc (io pool size: 800)
refl10cm processed vars: 1 Variables: equivalentReflectivityFactor
refl10cm assimilated vars: 1 Variables: equivalentReflectivityFactor
refl10cm: 0 observations are outside of time window out of 3912205
refl10cm: 0 observations were rejected by QC checks out of 3912205
No bias-correction is performed for this ObsSpace.
3DVar window: TimeWindow: start = 2026-05-28T20:00:00Z, end = 2026-05-29T00:00:00Z, inclusive upper bound.

OOPS_STATS IncrementalAssimilation start            - Runtime:    40.25 sec,  Local Memory:     2.50 GB
Running incremental assimilation with 1 outer iterations.
Minimizer algorithm=DRPCG
QNewtonLMP: maxouter : 1
IncrementalAssimilation: Configuration for outer iteration 0:
LocalConfiguration[root={geometry => {nml_file => ./namelist.atmosphere , streams_file => ./streams.atmosphere , deallocate non-da fields => true , interpolation type => unstructured} , gradient norm reduction => 0.001 , ninner => 75 , iteration => 0 , total iterations => 1}]
OOPS_STATS IncrementalAssimilation iteration 0      - Runtime:    40.25 sec,  Local Memory:     2.50 GB
==> create geom
atlas::mpi::push(world)
Increase halo 1
atlas::mpi::pop(world)
atlas::mpi::push(world)
atlas::mpi::pop(world)
atlas::mpi::push(world)
atlas::mpi::pop(world)
atlas::mpi::push(world)
atlas::mpi::pop(world)
Key "mesh[address=0x54b6800],halo[size=1]" not found in cache "NodeColumnsHaloExchangeCache" , creating new, removable with key "mesh[address=0x54b6800],halo[size=1]"
Key "mesh[address=0x8437230],halo[size=1]" not found in cache "NodeColumnsHaloExchangeCache" , creating new, removable with key "mesh[address=0x8437230],halo[size=1]"
processWhere: selected 0 obs.
BackgroundCheck obserr: 
refl10cm equivalentReflectivityFactor nlocs = 3912205, nobs = 3912205, min = 5, max = 5, avg = 5
processing a float: 12
ObsErrorDiagonal covariance updated 3793360
Observer::finalize QC = 
refl10cm equivalentReflectivityFactor nlocs = 3912205, nobs = 3912205, min = 0, max = 19, avg = 0
CostJo Observations: 
refl10cm nobs= 3912205 Min=0, Max=61.399, RMS=4.65669

Jo Observations:
Jo Obs :refl10cm:equivalentReflectivityFactor   : Nobs=  3793360, Min= 0.000000e+00, Max= 5.993610e+01, RMS= 4.695697e+00
Jo Observations Equivalent:
Jo H(x):refl10cm:equivalentReflectivityFactor   : Nobs=  3793360, Min= 0.000000e+00, Max= 6.613033e+01, RMS= 4.710923e+00
Jo Bias Corrected Departures:
Jo Dep :refl10cm:equivalentReflectivityFactor   : Nobs=  3793360, Min=-5.993610e+01, Max= 5.979871e+01, RMS= 4.515677e+00
Jo Observations Errors:
UFO Diagonal observation error covariance, inverse variances: refl10cm nobs= 3793360 Min=0.04, Max=0.04, RMS=0.04



CostJo   : Nonlinear Jo(refl10cm) = 1.54703e+06, nobs = 3793360, Jo/n = 0.407827, err = 5
CostJo   : Nonlinear Jo = 1.54703e+06
Increment:diff x1 4
Increment:diff x2 35
Increment:diff x1 5
Increment:diff x2 36
Increment:diff x1 6
Increment:diff x2 37
Increment:diff x1 7
Increment:diff x2 38
Increment:diff x1 8
Increment:diff x2 39
Increment:diff x1 9
Increment:diff x2 40
Increment:diff x1 10
Increment:diff x2 41
Increment:diff x1 11
Increment:diff x2 42
Increment:diff x1 12
Increment:diff x2 43
Increment:diff x1 13
Increment:diff x2 44
Increment:diff x1 14
Increment:diff x2 45
Increment:diff x1 15
Increment:diff x2 46
Increment:diff x1 16
Increment:diff x2 47
Increment:diff x1 17
Increment:diff x2 48
Increment:diff x1 18
Increment:diff x2 49
Increment:diff x1 19
Increment:diff x2 50
Increment:diff x1 20
Increment:diff x2 51
Increment:diff x1 21
Increment:diff x2 52
Increment:diff x1 22
Increment:diff x2 53
Increment:diff x1 23
Increment:diff x2 54
Increment:diff x1 24
Increment:diff x2 55
Increment:diff x1 25
Increment:diff x2 56
Increment:diff x1 26
Increment:diff x2 57
Increment:diff x1 27
Increment:diff x2 58
Increment:diff x1 28
Increment:diff x2 59
Increment:diff x1 29
Increment:diff x2 60
Increment:diff x1 30
Increment:diff x2 61
Increment:diff x1 31
Increment:diff x2 62
Increment:diff x1 32
Increment:diff x2 63
Increment:diff x1 33
Increment:diff x2 64
Info     : Prepare ensemble configuration
Info     : Read full ensemble
Info     : Creating central block: 
Info     : SaberCentralBlock using multivariate strategy: deprecated
Info     : Creating single central block.
Info     : Read data

==================================================================================
 saber::Diffusion read
----------------------------------------------------------------------------------

group 1 of 1
atlas::mpi::push(world)
atlas::mpi::pop(world)
variables: [water_vapor_mixing_ratio_wrt_moist_air,air_pressure_at_surface,air_temperature,northward_wind,eastward_wind,cloud_liquid_water,cloud_liquid_ice,rain_water,snow_water,graupel,equivalent_reflectivity_factor,upward_air_velocity]
multivariate strategy: duplicated
Reading horizontal parameters
  levels: 1
Key "mesh[address=0x8437230]" not found in cache "NodeColumnsGatherScatterCache" , creating new, removable with key "mesh[address=0x8437230]"
  Info     : Reading file: data/diffusionloc/mpas_conus3km.diffusion_hz.nc
atlas::mpi::push(world)
atlas::mpi::pop(world)
  hzScales:  min: 4087.19  mean: 4087.19  max: 4087.19
  hzNorm:    min: 2.4414  mean: 3.71484  max: 4.05626
Reading vertical parameters
  levels: 59
  vertical strategy: normal
  Info     : Reading file: data/diffusionloc/mpas_conus3km.diffusion_vt.nc
atlas::mpi::push(world)
atlas::mpi::pop(world)
  vtScales:  min: 11  mean: 11  max: 11
  vtNorm:    min: 3.7178  mean: 4.83632  max: 5.25235
Diffusion: horizontal iterations: 6
Diffusion: vertical iterations: 242
Increment:diff x1 2
Increment:diff x2 1
==================================================================================

CostJb: FG-BG
  Valid time: 2026-05-28T22:00:00Z
  Resolution: nCellsGlobal = 2341818, nFields = 12
Fld=1  Min=0, Max=0, RMS=0 : water_vapor_mixing_ratio_wrt_moist_air
Fld=2  Min=0, Max=0, RMS=0 : air_pressure_at_surface
Fld=3  Min=0, Max=0, RMS=0 : air_temperature
Fld=4  Min=0, Max=0, RMS=0 : northward_wind
Fld=5  Min=0, Max=0, RMS=0 : eastward_wind
Fld=6  Min=0, Max=0, RMS=0 : cloud_liquid_water
Fld=7  Min=0, Max=0, RMS=0 : cloud_liquid_ice
Fld=8  Min=0, Max=0, RMS=0 : rain_water
Fld=9  Min=0, Max=0, RMS=0 : snow_water
Fld=10  Min=0, Max=0, RMS=0 : graupel
Fld=11  Min=0, Max=0, RMS=0 : equivalent_reflectivity_factor
Fld=12  Min=0, Max=0, RMS=0 : upward_air_velocity
Increment:diff x1 2
Increment:diff x2 1
CostJb: FG-BG
  Valid time: 2026-05-28T22:00:00Z
  Resolution: nCellsGlobal = 2341818, nFields = 12
Fld=1  Min=0, Max=0, RMS=0 : water_vapor_mixing_ratio_wrt_moist_air
Fld=2  Min=0, Max=0, RMS=0 : air_pressure_at_surface
Fld=3  Min=0, Max=0, RMS=0 : air_temperature
Fld=4  Min=0, Max=0, RMS=0 : northward_wind
Fld=5  Min=0, Max=0, RMS=0 : eastward_wind
Fld=6  Min=0, Max=0, RMS=0 : cloud_liquid_water
Fld=7  Min=0, Max=0, RMS=0 : cloud_liquid_ice
Fld=8  Min=0, Max=0, RMS=0 : rain_water
Fld=9  Min=0, Max=0, RMS=0 : snow_water
Fld=10  Min=0, Max=0, RMS=0 : graupel
Fld=11  Min=0, Max=0, RMS=0 : equivalent_reflectivity_factor
Fld=12  Min=0, Max=0, RMS=0 : upward_air_velocity
CostFunction: Nonlinear J = 1.54703e+06
OOPS_STATS IncrementalAssimilation linearize 0      - Runtime:   130.88 sec,  Local Memory:     7.27 GB

DRPCGMinimizer: max iter = 75, requested norm reduction = 0.001
CostFunction::computeGradientFG: gradient:
  Valid time: 2026-05-28T22:00:00Z
  Resolution: nCellsGlobal = 2341818, nFields = 12
Fld=1  Min=0, Max=0, RMS=0 : water_vapor_mixing_ratio_wrt_moist_air
Fld=2  Min=0, Max=0, RMS=0 : air_pressure_at_surface
Fld=3  Min=0, Max=0, RMS=0 : air_temperature
Fld=4  Min=0, Max=0, RMS=0 : northward_wind
Fld=5  Min=0, Max=0, RMS=0 : eastward_wind
Fld=6  Min=0, Max=0, RMS=0 : cloud_liquid_water
Fld=7  Min=0, Max=0, RMS=0 : cloud_liquid_ice
Fld=8  Min=0, Max=0, RMS=0 : rain_water
Fld=9  Min=0, Max=0, RMS=0 : snow_water
Fld=10  Min=0, Max=0, RMS=0 : graupel
Fld=11  Min=-1.69829, Max=1.95585, RMS=0.0174641 : equivalent_reflectivity_factor
Fld=12  Min=0, Max=0, RMS=0 : upward_air_velocity
DRPCGMinimizer rhs
  Valid time: 2026-05-28T22:00:00Z
  Resolution: nCellsGlobal = 2341818, nFields = 12
Fld=1  Min=-0, Max=-0, RMS=0 : water_vapor_mixing_ratio_wrt_moist_air
Fld=2  Min=-0, Max=-0, RMS=0 : air_pressure_at_surface
Fld=3  Min=-0, Max=-0, RMS=0 : air_temperature
Fld=4  Min=-0, Max=-0, RMS=0 : northward_wind
Fld=5  Min=-0, Max=-0, RMS=0 : eastward_wind
Fld=6  Min=-0, Max=-0, RMS=0 : cloud_liquid_water
Fld=7  Min=-0, Max=-0, RMS=0 : cloud_liquid_ice
Fld=8  Min=-0, Max=-0, RMS=0 : rain_water
Fld=9  Min=-0, Max=-0, RMS=0 : snow_water
Fld=10  Min=-0, Max=-0, RMS=0 : graupel
Fld=11  Min=-1.95585, Max=1.69829, RMS=0.0174641 : equivalent_reflectivity_factor
Fld=12  Min=-0, Max=-0, RMS=0 : upward_air_velocity
Initial RHS squared norm = 42140.5
OOPS_STATS DRPCG start                              - Runtime:   131.02 sec,  Local Memory:     7.27 GB
normr0 42140.5
  Residual norm ( 0) = 7914.843156770904
  Norm reduction ( 0) = 1

  Quadratic cost function: J   ( 0) = 1547033.449966272
  Quadratic cost function: Jb  ( 0) = 0
  Quadratic cost function: JoJc( 0) = 1547033.449966272


 DRPCG Starting Iteration 1
OOPS_STATS DRPCG iteration 1                        - Runtime:   136.31 sec,  Local Memory:     7.27 GB
rdots 2.78329e+07      iteration    0
DRPCG end of iteration 1
  Residual norm ( 1) = 5275.68764395533
  Norm reduction ( 1) = 0.6665561830422555

  Quadratic cost function: J   ( 1) = 1031706.789494947
  Quadratic cost function: Jb  ( 1) = 8478.335377626789
  Quadratic cost function: JoJc( 1) = 1023228.45411732

 DRPCG Starting Iteration 2
OOPS_STATS DRPCG iteration 2                        - Runtime:   141.67 sec,  Local Memory:     7.27 GB
rdots 1.34191e+07      iteration    1
DRPCG end of iteration 2
  Residual norm ( 2) = 3663.212835068428
  Norm reduction ( 2) = 0.4628282282428632

  Quadratic cost function: J   ( 2) = 815400.5076966443
  Quadratic cost function: Jb  ( 2) = 20451.6950198873
  Quadratic cost function: JoJc( 2) = 794948.812676757

 DRPCG Starting Iteration 3
OOPS_STATS DRPCG iteration 3                        - Runtime:   147.05 sec,  Local Memory:     7.27 GB
rdots 7.68074e+06      iteration    2
DRPCG end of iteration 3
  Residual norm ( 3) = 2771.41568160065
  Norm reduction ( 3) = 0.3501542136346429

  Quadratic cost function: J   ( 3) = 706164.9392928683
  Quadratic cost function: Jb  ( 3) = 31967.32894268893
  Quadratic cost function: JoJc( 3) = 674197.6103501794

 DRPCG Starting Iteration 4
OOPS_STATS DRPCG iteration 4                        - Runtime:   152.75 sec,  Local Memory:     7.27 GB
rdots 5.2016e+06      iteration    3
DRPCG end of iteration 4
  Residual norm ( 4) = 2280.702627857503
  Norm reduction ( 4) = 0.2881551260944991

  Quadratic cost function: J   ( 4) = 643700.2929528821
  Quadratic cost function: Jb  ( 4) = 42279.95871207947
  Quadratic cost function: JoJc( 4) = 601420.3342408027

 DRPCG Starting Iteration 5
OOPS_STATS DRPCG iteration 5                        - Runtime:   158.17 sec,  Local Memory:     7.27 GB
rdots 3.76478e+06      iteration    4
DRPCG end of iteration 5
  Residual norm ( 5) = 1940.303098826023
  Norm reduction ( 5) = 0.2451473845272795

  Quadratic cost function: J   ( 5) = 603117.2491918218
  Quadratic cost function: Jb  ( 5) = 51759.55817394521
  Quadratic cost function: JoJc( 5) = 551357.6910178766

 DRPCG Starting Iteration 6
rdots 2.53088e+06      iteration    5
DRPCG end of iteration 6
  Residual norm ( 6) = 1590.874939586787
  Norm reduction ( 6) = 0.2009989216559323

  Quadratic cost function: J   ( 6) = 574300.5233457326
  Quadratic cost function: Jb  ( 6) = 60727.17565509174
  Quadratic cost function: JoJc( 6) = 513573.3476906408

 DRPCG Starting Iteration 7
rdots 1.72297e+06      iteration    6
DRPCG end of iteration 7
  Residual norm ( 7) = 1312.619001817313
  Norm reduction ( 7) = 0.1658427053850598

  Quadratic cost function: J   ( 7) = 553200.72487488
  Quadratic cost function: Jb  ( 7) = 69150.15391253942
  Quadratic cost function: JoJc( 7) = 484050.5709623406

 DRPCG Starting Iteration 8
rdots 1.28038e+06      iteration    7
DRPCG end of iteration 8
  Residual norm ( 8) = 1131.536897449428
  Norm reduction ( 8) = 0.1429639065534019

  Quadratic cost function: J   ( 8) = 537328.2046703517
  Quadratic cost function: Jb  ( 8) = 77081.18150660631
  Quadratic cost function: JoJc( 8) = 460247.0231637454

 DRPCG Starting Iteration 9
rdots 926895      iteration    8
DRPCG end of iteration 9
  Residual norm ( 9) = 962.7539770714668
  Norm reduction ( 9) = 0.1216390467886733

  Quadratic cost function: J   ( 9) = 525955.6209085315
  Quadratic cost function: Jb  ( 9) = 84013.02879139238
  Quadratic cost function: JoJc( 9) = 441942.5921171391

 DRPCG Starting Iteration 10
OOPS_STATS DRPCG iteration 10                       - Runtime:   186.47 sec,  Local Memory:     7.27 GB
rdots 663319      iteration    9
DRPCG end of iteration 10
  Residual norm (10) = 814.443890974899
  Norm reduction (10) = 0.1029008250502308

  Quadratic cost function: J   (10) = 517403.7995728175
  Quadratic cost function: Jb  (10) = 90225.43145732507
  Quadratic cost function: JoJc(10) = 427178.3681154925

 DRPCG Starting Iteration 11
rdots 493044      iteration    10
DRPCG end of iteration 11
  Residual norm (11) = 702.1712380047211
  Norm reduction (11) = 0.08871574889061892

  Quadratic cost function: J   (11) = 511150.4126088303
  Quadratic cost function: Jb  (11) = 95543.37635940951
  Quadratic cost function: JoJc(11) = 415607.0362494207

 DRPCG Starting Iteration 12
rdots 378871      iteration    11
DRPCG end of iteration 12
  Residual norm (12) = 615.5246283682337
  Norm reduction (12) = 0.0777683923959594

  Quadratic cost function: J   (12) = 506437.4949103056
  Quadratic cost function: Jb  (12) = 100164.1614562275
  Quadratic cost function: JoJc(12) = 406273.3334540781

 DRPCG Starting Iteration 13
rdots 272339      iteration    12
DRPCG end of iteration 13
  Residual norm (13) = 521.8611460278344
  Norm reduction (13) = 0.06593448988074997

  Quadratic cost function: J   (13) = 502974.2449260441
  Quadratic cost function: Jb  (13) = 104024.3005730786
  Quadratic cost function: JoJc(13) = 398949.9443529656

 DRPCG Starting Iteration 14
rdots 189198      iteration    13
DRPCG end of iteration 14
  Residual norm (14) = 434.9688970853352
  Norm reduction (14) = 0.05495609811462059

  Quadratic cost function: J   (14) = 500323.1829029443
  Quadratic cost function: Jb  (14) = 107346.0640416786
  Quadratic cost function: JoJc(14) = 392977.1188612657

 DRPCG Starting Iteration 15
OOPS_STATS DRPCG iteration 15                       - Runtime:   214.91 sec,  Local Memory:     7.27 GB
rdots 140804      iteration    14
DRPCG end of iteration 15
  Residual norm (15) = 375.238050213754
  Norm reduction (15) = 0.04740941074653506

  Quadratic cost function: J   (15) = 498316.4730819899
  Quadratic cost function: Jb  (15) = 110153.464089342
  Quadratic cost function: JoJc(15) = 388163.0089926479

 DRPCG Starting Iteration 16
rdots 101380      iteration    15
DRPCG end of iteration 16
  Residual norm (16) = 318.4024558295654
  Norm reduction (16) = 0.04022852373987752

  Quadratic cost function: J   (16) = 496853.5781413361
  Quadratic cost function: Jb  (16) = 112420.1132471642
  Quadratic cost function: JoJc(16) = 384433.4648941719

 DRPCG Starting Iteration 17
rdots 75853.1      iteration    16
DRPCG end of iteration 17
  Residual norm (17) = 275.4144813046403
  Norm reduction (17) = 0.03479721276207878

  Quadratic cost function: J   (17) = 495767.6084734253
  Quadratic cost function: Jb  (17) = 114268.7523610334
  Quadratic cost function: JoJc(17) = 381498.8561123918

 DRPCG Starting Iteration 18
rdots 60996      iteration    17
DRPCG end of iteration 18
  Residual norm (18) = 246.9736061239558
  Norm reduction (18) = 0.03120385347278518

  Quadratic cost function: J   (18) = 495028.2791843631
  Quadratic cost function: Jb  (18) = 115637.9349198338
  Quadratic cost function: JoJc(18) = 379390.3442645293

 DRPCG Starting Iteration 19
rdots 44440.8      iteration    18
DRPCG end of iteration 19
  Residual norm (19) = 210.8098192982349
  Norm reduction (19) = 0.02663474374951999

  Quadratic cost function: J   (19) = 494469.289935641
  Quadratic cost function: Jb  (19) = 116754.2657215681
  Quadratic cost function: JoJc(19) = 377715.0242140729

 DRPCG Starting Iteration 20
OOPS_STATS DRPCG iteration 20                       - Runtime:   243.34 sec,  Local Memory:     7.27 GB
rdots 32639.5      iteration    19
DRPCG end of iteration 20
  Residual norm (20) = 180.6641606049338
  Norm reduction (20) = 0.0228259937722684

  Quadratic cost function: J   (20) = 494051.1268108641
  Quadratic cost function: Jb  (20) = 117650.5328714742
  Quadratic cost function: JoJc(20) = 376400.5939393899

 DRPCG Starting Iteration 21
rdots 23908.8      iteration    20
DRPCG end of iteration 21
  Residual norm (21) = 154.6247542577942
  Norm reduction (21) = 0.01953604780222555

  Quadratic cost function: J   (21) = 493739.0854803689
  Quadratic cost function: Jb  (21) = 118365.2893715121
  Quadratic cost function: JoJc(21) = 375373.7961088568

 DRPCG Starting Iteration 22
rdots 18419.9      iteration    21
DRPCG end of iteration 22
  Residual norm (22) = 135.7200573062509
  Norm reduction (22) = 0.01714753591675997

  Quadratic cost function: J   (22) = 493507.6583612973
  Quadratic cost function: Jb  (22) = 118929.6471145144
  Quadratic cost function: JoJc(22) = 374578.0112467829

 DRPCG Starting Iteration 23
rdots 12515.8      iteration    22
DRPCG end of iteration 23
  Residual norm (23) = 111.8739304098987
  Norm reduction (23) = 0.01413469960098881

  Quadratic cost function: J   (23) = 493331.2768004702
  Quadratic cost function: Jb  (23) = 119386.1938902315
  Quadratic cost function: JoJc(23) = 373945.0829102386

 DRPCG Starting Iteration 24
rdots 9205.57      iteration    23
DRPCG end of iteration 24
  Residual norm (24) = 95.94567902150473
  Norm reduction (24) = 0.01212224640729945

  Quadratic cost function: J   (24) = 493195.7506582246
  Quadratic cost function: Jb  (24) = 119758.0582808379
  Quadratic cost function: JoJc(24) = 373437.6923773867

 DRPCG Starting Iteration 25
OOPS_STATS DRPCG iteration 25                       - Runtime:   272.86 sec,  Local Memory:     7.27 GB
rdots 6785.58      iteration    24
DRPCG end of iteration 25
  Residual norm (25) = 82.3746305412067
  Norm reduction (25) = 0.01040761375931218

  Quadratic cost function: J   (25) = 493098.2672980812
  Quadratic cost function: Jb  (25) = 120040.9767270973
  Quadratic cost function: JoJc(25) = 373057.290570984

 DRPCG Starting Iteration 26
rdots 4977.09      iteration    25
DRPCG end of iteration 26
  Residual norm (26) = 70.54847488249129
  Norm reduction (26) = 0.008913439405572966

  Quadratic cost function: J   (26) = 493026.9660816807
  Quadratic cost function: Jb  (26) = 120259.1072572483
  Quadratic cost function: JoJc(26) = 372767.8588244324

 DRPCG Starting Iteration 27
rdots 3945.61      iteration    26
DRPCG end of iteration 27
  Residual norm (27) = 62.81410458492428
  Norm reduction (27) = 0.007936241229390472

  Quadratic cost function: J   (27) = 492974.5100761738
  Quadratic cost function: Jb  (27) = 120427.8366268132
  Quadratic cost function: JoJc(27) = 372546.6734493606

 DRPCG Starting Iteration 28
rdots 2817.68      iteration    27
DRPCG end of iteration 28
  Residual norm (28) = 53.08179035199571
  Norm reduction (28) = 0.006706613043441787

  Quadratic cost function: J   (28) = 492938.3035989124
  Quadratic cost function: Jb  (28) = 120549.786035173
  Quadratic cost function: JoJc(28) = 372388.5175637394

 DRPCG Starting Iteration 29
rdots 2082.44      iteration    28
DRPCG end of iteration 29
  Residual norm (29) = 45.63379541948549
  Norm reduction (29) = 0.005765596931689946

  Quadratic cost function: J   (29) = 492910.2594586422
  Quadratic cost function: Jb  (29) = 120648.4224000633
  Quadratic cost function: JoJc(29) = 372261.8370585789

 DRPCG Starting Iteration 30
OOPS_STATS DRPCG iteration 30                       - Runtime:   303.31 sec,  Local Memory:     7.27 GB
rdots 1478.91      iteration    29
DRPCG end of iteration 30
  Residual norm (30) = 38.45656448100652
  Norm reduction (30) = 0.004858790467390136

  Quadratic cost function: J   (30) = 492889.1552532346
  Quadratic cost function: Jb  (30) = 120725.8980588373
  Quadratic cost function: JoJc(30) = 372163.2571943973

 DRPCG Starting Iteration 31
rdots 1090.29      iteration    30
DRPCG end of iteration 31
  Residual norm (31) = 33.01953286436055
  Norm reduction (31) = 0.004171849297621692

  Quadratic cost function: J   (31) = 492873.514063024
  Quadratic cost function: Jb  (31) = 120785.7641709635
  Quadratic cost function: JoJc(31) = 372087.7498920605

 DRPCG Starting Iteration 32
rdots 818.615      iteration    31
DRPCG end of iteration 32
  Residual norm (32) = 28.61145589093591
  Norm reduction (32) = 0.003614911290624842

  Quadratic cost function: J   (32) = 492862.252602241
  Quadratic cost function: Jb  (32) = 120830.6241859889
  Quadratic cost function: JoJc(32) = 372031.6284162521

 DRPCG Starting Iteration 33
rdots 633.398      iteration    32
DRPCG end of iteration 33
  Residual norm (33) = 25.16739146119658
  Norm reduction (33) = 0.003179771343878957

  Quadratic cost function: J   (33) = 492854.3647485317
  Quadratic cost function: Jb  (33) = 120863.2346042651
  Quadratic cost function: JoJc(33) = 371991.1301442666

 DRPCG Starting Iteration 34
rdots 424.097      iteration    33
DRPCG end of iteration 34
  Residual norm (34) = 20.59361415034562
  Norm reduction (34) = 0.00260189794572599

  Quadratic cost function: J   (34) = 492848.0749667187
  Quadratic cost function: Jb  (34) = 120890.1932748575
  Quadratic cost function: JoJc(34) = 371957.8816918612

 DRPCG Starting Iteration 35
OOPS_STATS DRPCG iteration 35                       - Runtime:   334.84 sec,  Local Memory:     7.27 GB
rdots 302.825      iteration    34
DRPCG end of iteration 35
  Residual norm (35) = 17.4018781579401
  Norm reduction (35) = 0.002198638408021178

  Quadratic cost function: J   (35) = 492843.2760760628
  Quadratic cost function: Jb  (35) = 120911.5338513485
  Quadratic cost function: JoJc(35) = 371931.7422247143

 DRPCG Starting Iteration 36
rdots 219.785      iteration    35
DRPCG end of iteration 36
  Residual norm (36) = 14.82516291368463
  Norm reduction (36) = 0.001873083600020824

  Quadratic cost function: J   (36) = 492839.8634509444
  Quadratic cost function: Jb  (36) = 120927.2681646922
  Quadratic cost function: JoJc(36) = 371912.5952862522

 DRPCG Starting Iteration 37
rdots 161.313      iteration    36
DRPCG end of iteration 37
  Residual norm (37) = 12.70091328816918
  Norm reduction (37) = 0.001604695511534419

  Quadratic cost function: J   (37) = 492837.3969633281
  Quadratic cost function: Jb  (37) = 120939.040495036
  Quadratic cost function: JoJc(37) = 371898.3564682921

 DRPCG Starting Iteration 38
rdots 116.71      iteration    37
DRPCG end of iteration 38
  Residual norm (38) = 10.80325135304315
  Norm reduction (38) = 0.001364935620208886

  Quadratic cost function: J   (38) = 492835.6344786652
  Quadratic cost function: Jb  (38) = 120947.7363195099
  Quadratic cost function: JoJc(38) = 371887.8981591553

 DRPCG Starting Iteration 39
rdots 89.3263      iteration    38
DRPCG end of iteration 39
  Residual norm (39) = 9.451259116578207
  Norm reduction (39) = 0.001194118307763679

  Quadratic cost function: J   (39) = 492834.384874922
  Quadratic cost function: Jb  (39) = 120954.0988793124
  Quadratic cost function: JoJc(39) = 371880.2859956096

 DRPCG Starting Iteration 40
OOPS_STATS DRPCG iteration 40                       - Runtime:   366.57 sec,  Local Memory:     7.27 GB
rdots 66.4667      iteration    39
DRPCG end of iteration 40
  Residual norm (40) = 8.152714227739768
  Norm reduction (40) = 0.001030053794656104

  Quadratic cost function: J   (40) = 492833.4673945273
  Quadratic cost function: Jb  (40) = 120958.9133373984
  Quadratic cost function: JoJc(40) = 371874.5540571289

 DRPCG Starting Iteration 41
rdots 46.6704      iteration    40
DRPCG end of iteration 41
  Residual norm (41) = 6.831576122509979
  Norm reduction (41) = 0.0008631347440745906

  Quadratic cost function: J   (41) = 492832.7849078025
  Quadratic cost function: Jb  (41) = 120962.6012978956
  Quadratic cost function: JoJc(41) = 371870.1836099068

DRPCG: Achieved required reduction in residual norm.
OOPS_STATS DRPCG end                                - Runtime:   379.44 sec,  Local Memory:     7.27 GB
DRPCGMinimizer: reduction in residual norm = 0.000863135
DRPCGMinimizer output increment:
  Valid time: 2026-05-28T22:00:00Z
  Resolution: nCellsGlobal = 2341818, nFields = 12
Fld=1  Min=-0.0120086, Max=0.0100893, RMS=0.000108954 : water_vapor_mixing_ratio_wrt_moist_air
Fld=2  Min=-111.197, Max=93.2335, RMS=2.21841 : air_pressure_at_surface
Fld=3  Min=-10.5705, Max=8.62043, RMS=0.0970122 : air_temperature
Fld=4  Min=-29.2037, Max=24.2606, RMS=0.343165 : northward_wind
Fld=5  Min=-34.3953, Max=29.1577, RMS=0.359925 : eastward_wind
Fld=6  Min=-0.00471122, Max=0.00803876, RMS=2.26772e-05 : cloud_liquid_water
Fld=7  Min=-0.0042126, Max=0.00177638, RMS=5.47285e-06 : cloud_liquid_ice
Fld=8  Min=-0.00979447, Max=0.00728331, RMS=4.50242e-05 : rain_water
Fld=9  Min=-0.00554699, Max=0.00626422, RMS=6.3319e-05 : snow_water
Fld=10  Min=-0.0091235, Max=0.00680069, RMS=3.64047e-05 : graupel
Fld=11  Min=-88.5571, Max=81.6401, RMS=2.40779 : equivalent_reflectivity_factor
Fld=12  Min=0, Max=0, RMS=0 : upward_air_velocity
CostFunction::addIncrement: First guess:
  Valid time: 2026-05-28T22:00:00Z
  Resolution: nCellsGlobal = 2341818, nFields = 35
Fld=1  Min=0, Max=0.0227801, RMS=0.00609266 : water_vapor_mixing_ratio_wrt_moist_air
Fld=2  Min=63314.5, Max=102207, RMS=96383.7 : air_pressure_at_surface
Fld=3  Min=179.407, Max=314.403, RMS=261.273 : air_temperature
Fld=4  Min=-52.7403, Max=44.3227, RMS=9.68296 : northward_wind
Fld=5  Min=-47.3407, Max=70.474, RMS=10.7007 : eastward_wind
Fld=6  Min=270.772, Max=640.909, RMS=356.353 : air_potential_temperature
Fld=7  Min=0.0386895, Max=1.29624, RMS=0.778322 : dry_air_density
Fld=8  Min=-70.548, Max=70.5131, RMS=10.1991 : u
Fld=9  Min=0, Max=0.0233112, RMS=0.00616664 : water_vapor_mixing_ratio_wrt_dry_air
Fld=10  Min=2444.26, Max=102093, RMS=64256.2 : air_pressure
Fld=11  Min=0, Max=1, RMS=0.790008 : landmask
Fld=12  Min=0, Max=1, RMS=0.0517414 : seaice_fraction
Fld=13  Min=0, Max=1, RMS=0.0539516 : snowc
Fld=14  Min=269.35, Max=320.841, RMS=297.717 : skin_temperature_at_surface
Fld=15  Min=1, Max=19, RMS=12.7664 : ivgtyp
Fld=16  Min=1, Max=16, RMS=9.97061 : isltyp
Fld=17  Min=0, Max=7.49841, RMS=0.156051 : snowh
Fld=18  Min=0, Max=0.915062, RMS=0.402774 : vegetation_area_fraction
Fld=19  Min=265.402, Max=313.386, RMS=295.736 : air_temperature_at_2m
Fld=20  Min=0.000687578, Max=0.0226892, RMS=0.0114672 : water_vapor_mixing_ratio_wrt_moist_air_at_2m
Fld=21  Min=-18.6794, Max=21.8243, RMS=3.48458 : eastward_wind_at_10m
Fld=22  Min=-19.1207, Max=19.1533, RMS=4.47432 : northward_wind_at_10m
Fld=23  Min=0, Max=6.54409, RMS=1.60091 : lai
Fld=24  Min=0.00200001, Max=1, RMS=0.634223 : smois
Fld=25  Min=262.467, Max=320.841, RMS=293.02 : tslb
Fld=26  Min=-924.607, Max=5832.54, RMS=3090.11 : pressure_p
Fld=27  Min=0, Max=0.00842753, RMS=4.91682e-05 : cloud_liquid_water
Fld=28  Min=0, Max=0.00398424, RMS=8.59598e-06 : cloud_liquid_ice
Fld=29  Min=0, Max=0.0160905, RMS=5.12381e-05 : graupel
Fld=30  Min=0, Max=0.0146824, RMS=7.37038e-05 : rain_water
Fld=31  Min=0, Max=0.00666734, RMS=8.74975e-05 : snow_water
Fld=32  Min=0, Max=1, RMS=0.215523 : cldfrac
Fld=33  Min=0, Max=77.4707, RMS=4.26911 : equivalent_reflectivity_factor
Fld=34  Min=-10.3925, Max=40.376, RMS=0.235109 : w
Fld=35  Min=0, Max=0, RMS=0 : upward_air_velocity
CostFunction::addIncrement: Increment:
  Valid time: 2026-05-28T22:00:00Z
  Resolution: nCellsGlobal = 2341818, nFields = 12
Fld=1  Min=-0.0120086, Max=0.0100893, RMS=0.000108954 : water_vapor_mixing_ratio_wrt_moist_air
Fld=2  Min=-111.197, Max=93.2335, RMS=2.21841 : air_pressure_at_surface
Fld=3  Min=-10.5705, Max=8.62043, RMS=0.0970122 : air_temperature
Fld=4  Min=-29.2037, Max=24.2606, RMS=0.343165 : northward_wind
Fld=5  Min=-34.3953, Max=29.1577, RMS=0.359925 : eastward_wind
Fld=6  Min=-0.00471122, Max=0.00803876, RMS=2.26772e-05 : cloud_liquid_water
Fld=7  Min=-0.0042126, Max=0.00177638, RMS=5.47285e-06 : cloud_liquid_ice
Fld=8  Min=-0.00979447, Max=0.00728331, RMS=4.50242e-05 : rain_water
Fld=9  Min=-0.00554699, Max=0.00626422, RMS=6.3319e-05 : snow_water
Fld=10  Min=-0.0091235, Max=0.00680069, RMS=3.64047e-05 : graupel
Fld=11  Min=-88.5571, Max=81.6401, RMS=2.40779 : equivalent_reflectivity_factor
Fld=12  Min=0, Max=0, RMS=0 : upward_air_velocity
CostFunction::addIncrement: Analysis: 
  Valid time: 2026-05-28T22:00:00Z
  Resolution: nCellsGlobal = 2341818, nFields = 35
Fld=1  Min=0, Max=0.023104, RMS=0.0060913 : water_vapor_mixing_ratio_wrt_moist_air
Fld=2  Min=63315.6, Max=102207, RMS=96383.6 : air_pressure_at_surface
Fld=3  Min=178.912, Max=314.403, RMS=261.274 : air_temperature
Fld=4  Min=-55.2449, Max=50.7351, RMS=9.68537 : northward_wind
Fld=5  Min=-55.1296, Max=70.474, RMS=10.704 : eastward_wind
Fld=6  Min=270.772, Max=640.909, RMS=356.354 : air_potential_temperature
Fld=7  Min=0.038558, Max=1.29624, RMS=0.778317 : dry_air_density
Fld=8  Min=-70.548, Max=70.5131, RMS=10.2015 : u
Fld=9  Min=0, Max=0.0236504, RMS=0.00616527 : water_vapor_mixing_ratio_wrt_dry_air
Fld=10  Min=2435.1, Max=102093, RMS=64256.3 : air_pressure
Fld=11  Min=0, Max=1, RMS=0.790008 : landmask
Fld=12  Min=0, Max=1, RMS=0.0517414 : seaice_fraction
Fld=13  Min=0, Max=1, RMS=0.0539516 : snowc
Fld=14  Min=269.35, Max=320.841, RMS=297.717 : skin_temperature_at_surface
Fld=15  Min=1, Max=19, RMS=12.7664 : ivgtyp
Fld=16  Min=1, Max=16, RMS=9.97061 : isltyp
Fld=17  Min=0, Max=7.49841, RMS=0.156051 : snowh
Fld=18  Min=0, Max=0.915062, RMS=0.402774 : vegetation_area_fraction
Fld=19  Min=265.375, Max=313.386, RMS=295.741 : air_temperature_at_2m
Fld=20  Min=0.000687578, Max=0.0232887, RMS=0.0114671 : water_vapor_mixing_ratio_wrt_moist_air_at_2m
Fld=21  Min=-18.6794, Max=21.8243, RMS=3.48458 : eastward_wind_at_10m
Fld=22  Min=-19.1207, Max=19.1533, RMS=4.47432 : northward_wind_at_10m
Fld=23  Min=0, Max=6.54409, RMS=1.60091 : lai
Fld=24  Min=0.00200001, Max=1, RMS=0.634223 : smois
Fld=25  Min=262.467, Max=320.841, RMS=293.02 : tslb
Fld=26  Min=-928.101, Max=5806.75, RMS=3090.15 : pressure_p
Fld=27  Min=0, Max=0.00829692, RMS=4.90881e-05 : cloud_liquid_water
Fld=28  Min=0, Max=0.00366688, RMS=8.97842e-06 : cloud_liquid_ice
Fld=29  Min=0, Max=0.015369, RMS=5.03522e-05 : graupel
Fld=30  Min=0, Max=0.0137188, RMS=6.74375e-05 : rain_water
Fld=31  Min=0, Max=0.00844719, RMS=0.000100865 : snow_water
Fld=32  Min=0, Max=1, RMS=0.215523 : cldfrac
Fld=33  Min=0, Max=91.4007, RMS=3.89517 : equivalent_reflectivity_factor
Fld=34  Min=-10.3925, Max=40.376, RMS=0.235109 : w
Fld=35  Min=0, Max=0, RMS=0 : upward_air_velocity
OOPS_STATS IncrementalAssimilation end              - Runtime:   380.13 sec,  Local Memory:     7.27 GB
Variational: incremental assimilation done 1 iterations.
QC refl10cm equivalentReflectivityFactor: 118821 H(x) failed.
QC refl10cm equivalentReflectivityFactor: 24 rejected by first-guess check.
QC refl10cm equivalentReflectivityFactor: 3793360 passed out of 3912205 observations.
ObsErrorDiagonal covariance updated 3793360
Observer::finalize QC = 
refl10cm equivalentReflectivityFactor nlocs = 3912205, nobs = 3912205, min = 0, max = 19, avg = 0
Jo Observations:
Jo Obs :refl10cm:equivalentReflectivityFactor   : Nobs=  3793360, Min= 0.000000e+00, Max= 5.993610e+01, RMS= 4.695697e+00
Jo Observations Equivalent:
Jo H(x):refl10cm:equivalentReflectivityFactor   : Nobs=  3793360, Min= 0.000000e+00, Max= 6.525491e+01, RMS= 4.380492e+00
Jo Bias Corrected Departures:
Jo Dep :refl10cm:equivalentReflectivityFactor   : Nobs=  3793360, Min=-5.279156e+01, Max= 5.766526e+01, RMS= 2.231544e+00
Jo Observations Errors:
UFO Diagonal observation error covariance, inverse variances: refl10cm nobs= 3793360 Min=0.04, Max=0.04, RMS=0.04



CostJo   : Nonlinear Jo(refl10cm) = 377803, nobs = 3793360, Jo/n = 0.0995958, err = 5
CostJo   : Nonlinear Jo = 377803
Increment:diff x1 2
Increment:diff x2 1
CostJb: FG-BG
  Valid time: 2026-05-28T22:00:00Z
  Resolution: nCellsGlobal = 2341818, nFields = 12
Fld=1  Min=-0.0120086, Max=0.0100893, RMS=0.000108411 : water_vapor_mixing_ratio_wrt_moist_air
Fld=2  Min=-111.197, Max=93.2335, RMS=2.21841 : air_pressure_at_surface
Fld=3  Min=-10.5705, Max=8.62043, RMS=0.0970122 : air_temperature
Fld=4  Min=-29.2037, Max=24.2606, RMS=0.343165 : northward_wind
Fld=5  Min=-34.3953, Max=29.1577, RMS=0.359925 : eastward_wind
Fld=6  Min=-0.00360204, Max=0.00803876, RMS=1.73102e-05 : cloud_liquid_water
Fld=7  Min=-0.00236607, Max=0.00177638, RMS=4.99624e-06 : cloud_liquid_ice
Fld=8  Min=-0.00692911, Max=0.00728331, RMS=3.18526e-05 : rain_water
Fld=9  Min=-0.00470618, Max=0.00626422, RMS=5.98384e-05 : snow_water
Fld=10  Min=-0.00696605, Max=0.00680069, RMS=2.91072e-05 : graupel
Fld=11  Min=-63.6207, Max=81.6401, RMS=2.31547 : equivalent_reflectivity_factor
Fld=12  Min=0, Max=0, RMS=0 : upward_air_velocity
CostFunction: Nonlinear J = 377803
OOPS_STATS Variational end                          - Runtime:   397.93 sec,  Local Memory:     7.27 GB
==> destruct MPAS corelist and domain:  0
Tried to erase key "mesh[address=0x54b6800],halo[size=0]" from cache "NodeColumnsHaloExchangeCache" but it was not found.
Erased key "mesh[address=0x54b6800],halo[size=1]" from cache "NodeColumnsHaloExchangeCache".
==> destruct MPAS corelist and domain:  1
refl10cm: save database to jdiag_mrms_refl.nc (io pool size: 4)
QC refl10cm equivalentReflectivityFactor: 118821 H(x) failed.
QC refl10cm equivalentReflectivityFactor: 24 rejected by first-guess check.
QC refl10cm equivalentReflectivityFactor: 3793360 passed out of 3912205 observations.
Erased key "mesh[address=0x8437230]" from cache "NodeColumnsGatherScatterCache".
Tried to erase key "mesh[address=0x8437230],halo[size=0]" from cache "NodeColumnsHaloExchangeCache" but it was not found.
Erased key "mesh[address=0x8437230],halo[size=1]" from cache "NodeColumnsHaloExchangeCache".

Run: Finishing oops::Variational<MPAS, UFO and IODA observations>
OOPS_STATS  
OOPS_STATS ----------------------------------------------------------------------------------
OOPS_STATS --------------------------- Object counts ----------------------------------------
OOPS_STATS ----------------------------------------------------------------------------------
OOPS_STATS                                      Total  Simult. Remain    Avg (Mb)    HWM (Mb)
OOPS_STATS ioda::ObsDataVector             :        8       5        
OOPS_STATS ioda::ObsVector                 :      102       8        
OOPS_STATS mpas::Geometry                  :        2       2        
OOPS_STATS mpas::Increment                 :     2984     129        
OOPS_STATS mpas::LinVarChaModel2GeoVars    :        1       1        
OOPS_STATS mpas::ModelBias                 :        4       3        
OOPS_STATS mpas::ModelBiasCovariance       :        1       1        
OOPS_STATS mpas::State                     :       75      34        
OOPS_STATS mpas::VarChaModel2GeoVars       :        3       1        
OOPS_STATS oops::ControlIncrement          :      182      96               15.22     1461.16
OOPS_STATS oops::ControlVariable           :        4       3        
OOPS_STATS oops::Diffusion                 :        1       1        
OOPS_STATS oops::EnsembleCovariance        :        1       1             3550.63     3550.63
OOPS_STATS oops::GeoVaLs                   :       86       1        
OOPS_STATS oops::Geometry                  :        2       2        
OOPS_STATS oops::GetValues                 :        3       2        
OOPS_STATS oops::Increment                 :     2900     129               15.02     1963.43
OOPS_STATS oops::LinearObsOperator         :        1       1        
OOPS_STATS oops::LocalInterpolator         :     2400    1600        
OOPS_STATS oops::Localization              :        1       1        
OOPS_STATS oops::ModelAuxControl           :        4       3        
OOPS_STATS oops::ModelAuxCovariance        :        1       1        
OOPS_STATS oops::ModelAuxIncrement         :      182      96        
OOPS_STATS oops::ObsAuxControl             :        4       3        
OOPS_STATS oops::ObsAuxCovariance          :        1       1        
OOPS_STATS oops::ObsAuxIncrement           :      182      96        
OOPS_STATS oops::ObsAuxIncrements          :      182      96        
OOPS_STATS oops::ObsAuxPreconditioner      :        2       2        
OOPS_STATS oops::ObsDataVector             :        4       4        
OOPS_STATS oops::ObsDiagnostics            :        2       1        
OOPS_STATS oops::ObsError                  :        1       1        
OOPS_STATS oops::ObsOperator               :        2       2        
OOPS_STATS oops::ObsSpace                  :        1       1        
OOPS_STATS oops::ObsSpaces                 :        1       1        
OOPS_STATS oops::ObsVector                 :      102       7                0.04        0.23
OOPS_STATS oops::SampledLocations          :        8       4        
OOPS_STATS oops::State                     :       72      34               21.39      702.08
OOPS_STATS oops::UnstructuredInterpolator  :     2400    1600        
OOPS_STATS oops::VariableChange            :        3       1        
OOPS_STATS ufo::BackgroundCheck            :        1       1        
OOPS_STATS ufo::FinalCheck                 :        2       2        
OOPS_STATS ufo::GeoVaLs                    :       89       2        
OOPS_STATS ufo::ObsBias                    :        4       3        
OOPS_STATS ufo::ObsBiasCovariance          :        1       1        
OOPS_STATS ufo::ObsBiasPreconditioner      :        1       1        
OOPS_STATS ufo::ObsFilter                  :        9       6        
OOPS_STATS ufo::ObsFilterData              :        3       3        
OOPS_STATS ufo::ObsVertInterp              :        2       2        
OOPS_STATS ufo::ObsVertInterpTLAD          :        1       1        
OOPS_STATS ufo::SampledLocations           :        4       3        
OOPS_STATS ----------------------------- Object counts --------------------------------------
OOPS_STATS  
OOPS_STATS --------------------------------------------------------------------------------------------
OOPS_STATS ------------------------------------ Timing Statistics -------------------------------------
OOPS_STATS --------------------------------------------------------------------------------------------
OOPS_STATS Name                                                :   total (ms)   count    time/call (ms)
OOPS_STATS ObsFilter::Background Check::ObsFilter              :         0.12       1            0.1199
OOPS_STATS ObsFilter::Background Check::postFilter             :        44.48       1           44.4767
OOPS_STATS ObsFilter::Background Check::preProcess             :         0.00       1            0.0036
OOPS_STATS ObsFilter::Background Check::priorFilter            :         0.03       1            0.0265
OOPS_STATS ObsFilter::Final Check::ObsFilter                   :         0.01       2            0.0057
OOPS_STATS ObsFilter::Final Check::postFilter                  :         0.05       2            0.0238
OOPS_STATS ObsFilter::Final Check::preProcess                  :         0.00       2            0.0004
OOPS_STATS ObsFilter::Final Check::priorFilter                 :         0.00       2            0.0013
OOPS_STATS ObsFilter::QCmanager::ObsFilter                     :         5.35       2            2.6775
OOPS_STATS ObsFilter::QCmanager::postFilter                    :         0.23       2            0.1128
OOPS_STATS ObsFilter::QCmanager::preProcess                    :         0.00       2            0.0001
OOPS_STATS ObsFilter::QCmanager::priorFilter                   :         0.00       2            0.0001
OOPS_STATS ioda::ObsSpace::get_db(DateTime)                    :         1.63       4            0.4081
OOPS_STATS ioda::ObsSpace::get_db(double)                      :         0.28       5            0.0568
OOPS_STATS ioda::ObsSpace::get_db(float)                       :         5.38      12            0.4481
OOPS_STATS ioda::ObsSpace::load                                :       682.45       1          682.4468
OOPS_STATS ioda::ObsSpace::put_db(double)                      :         0.32       6            0.0528
OOPS_STATS ioda::ObsSpace::put_db(float)                       :         0.09       2            0.0434
OOPS_STATS ioda::ObsSpace::put_db(int)                         :         0.89       2            0.4456
OOPS_STATS mpas::LinVarChaModel2GeoVars::LinVarChaModel2GeoVar :         3.06       1            3.0625
OOPS_STATS mpas::LinVarChaModel2GeoVars::changeVarAD           :       875.17      42           20.8374
OOPS_STATS mpas::LinVarChaModel2GeoVars::changeVarTL           :       147.08      41            3.5874
OOPS_STATS mpas::LinVarChaModel2GeoVars::~LinVarChaModel2GeoVa :         0.03       1            0.0326
OOPS_STATS mpas::VarChaModel2GeoVars::VarChaModel2GeoVars      :         0.06       3            0.0189
OOPS_STATS mpas::VarChaModel2GeoVars::changeVar                :        13.32       3            4.4398
OOPS_STATS mpas::VarChaModel2GeoVars::~VarChaModel2GeoVars     :         0.01       3            0.0018
OOPS_STATS oops::Covariance::EnsembleCovariance                :     65558.32       1        65558.3209
OOPS_STATS oops::Covariance::ensemble::Constructor             :         0.01       1            0.0059
OOPS_STATS oops::Covariance::ensemble::multiply                :    225550.67      42         5370.2541
OOPS_STATS oops::Diffusion::Diffusion                          :         0.00       1            0.0001
OOPS_STATS oops::Diffusion::calculateDerivedGeom               :         2.00       1            1.9992
OOPS_STATS oops::Diffusion::multiplySqrtAD                     :     57974.71    1260           46.0117
OOPS_STATS oops::Diffusion::multiplySqrtTL                     :     48930.45    1260           38.8337
OOPS_STATS oops::Diffusion::setParameters                      :         5.15       1            5.1482
OOPS_STATS oops::GeoVaLs::GeoVaLs                              :        19.25      86            0.2239
OOPS_STATS oops::GeoVaLs::fill                                 :        29.24   29375            0.0010
OOPS_STATS oops::GeoVaLs::fillAD                               :        23.38   26250            0.0009
OOPS_STATS oops::GeoVaLs::~GeoVaLs                             :         0.47      86            0.0054
OOPS_STATS oops::Geometry::Geometry                            :     56820.27       2        28410.1341
OOPS_STATS oops::Geometry::variableSizes                       :         4.52      11            0.4111
OOPS_STATS oops::Geometry::~Geometry                           :       377.44       2          188.7187
OOPS_STATS oops::GeometryData::containingTriangleAndBarycentri :        44.71   20496            0.0022
OOPS_STATS oops::GeometryData::setGlobalTree                   :      1844.53       2          922.2665
OOPS_STATS oops::GeometryData::setLocalTree                    :         3.16       2            1.5784
OOPS_STATS oops::GeometryData::setMeshAndTriangulation         :         0.29       2            0.1456
OOPS_STATS oops::GetValues::GetValues                          :       263.34       3           87.7785
OOPS_STATS oops::GetValues::fillGeoVaLs                        :        54.76       3           18.2536
OOPS_STATS oops::GetValues::fillGeoVaLsAD                      :       118.18      42            2.8137
OOPS_STATS oops::GetValues::fillGeoVaLsTL                      :       735.21      41           17.9318
OOPS_STATS oops::GetValues::finalize                           :        18.29       3            6.0959
OOPS_STATS oops::GetValues::finalizeAD                         :       624.19      42           14.8616
OOPS_STATS oops::GetValues::finalizeTL                         :       109.16      41            2.6625
OOPS_STATS oops::GetValues::initialize                         :         2.30       3            0.7650
OOPS_STATS oops::GetValues::initializeAD                       :         5.16      42            0.1229
OOPS_STATS oops::GetValues::initializeTL                       :        18.13      41            0.4421
OOPS_STATS oops::GetValues::process                            :        18.28       3            6.0922
OOPS_STATS oops::GetValues::processAD                          :       133.41      42            3.1764
OOPS_STATS oops::GetValues::processTL                          :       137.27      41            3.3481
OOPS_STATS oops::Increment::Increment                          :     27106.33    2900            9.3470
OOPS_STATS oops::Increment::axpy                               :      5733.17     943            6.0797
OOPS_STATS oops::Increment::diff                               :       318.93      33            9.6647
OOPS_STATS oops::Increment::dot_product_with                   :      8255.76    1029            8.0231
OOPS_STATS oops::Increment::fromFieldSet                       :     11277.19    1302            8.6614
OOPS_STATS oops::Increment::operator*=                         :       237.62     124            1.9163
OOPS_STATS oops::Increment::operator+=                         :     10415.14    1455            7.1582
OOPS_STATS oops::Increment::operator+=(State, Increment)       :        45.16       1           45.1560
OOPS_STATS oops::Increment::operator-=                         :       146.10      30            4.8700
OOPS_STATS oops::Increment::operator=                          :      5541.59    1606            3.4506
OOPS_STATS oops::Increment::print                              :     24237.17    1267           19.1296
OOPS_STATS oops::Increment::schur_product_with                 :     11547.48    2520            4.5823
OOPS_STATS oops::Increment::serialSize                         :         5.07     182            0.0278
OOPS_STATS oops::Increment::toFieldSet                         :      9943.40    1343            7.4039
OOPS_STATS oops::Increment::zero                               :       138.16     127            1.0879
OOPS_STATS oops::Increment::~Increment                         :       151.33    2900            0.0522
OOPS_STATS oops::LinearObsOper::refl10cm::LinearObsOperator    :         0.87       1            0.8655
OOPS_STATS oops::LinearObsOper::refl10cm::requiredVars         :         0.10      85            0.0012
OOPS_STATS oops::LinearObsOper::refl10cm::setTrajectory        :         0.89       1            0.8910
OOPS_STATS oops::LinearObsOper::refl10cm::simulateObsAD        :         3.79      42            0.0903
OOPS_STATS oops::LinearObsOper::refl10cm::simulateObsTL        :         9.65      41            0.2354
OOPS_STATS oops::LinearObsOper::refl10cm::~LinearObsOperator   :       501.82       1          501.8185
OOPS_STATS oops::LinearVariableChange::LinearVariableChange    :         0.04       1            0.0416
OOPS_STATS oops::LinearVariableChange::changeVarAD             :      1537.99      42           36.6188
OOPS_STATS oops::LinearVariableChange::changeVarTL             :       630.56      41           15.3795
OOPS_STATS oops::LinearVariableChange::changeVarTraj           :         3.07       1            3.0730
OOPS_STATS oops::LinearVariableChange::~LinearVariableChange   :         0.04       1            0.0435
OOPS_STATS oops::LocalInterpolator::LocalInterpolator          :        51.79    2400            0.0216
OOPS_STATS oops::LocalInterpolator::apply                      :        16.89    2400            0.0070
OOPS_STATS oops::LocalInterpolator::applyAD                    :       116.48   33600            0.0035
OOPS_STATS oops::LocalInterpolator::applyTL                    :       121.23   32800            0.0037
OOPS_STATS oops::LocalInterpolator::preprocess                 :      1279.38      44           29.0767
OOPS_STATS oops::LocalInterpolator::preprocessAD               :        72.86      42            1.7347
OOPS_STATS oops::LocalInterpolator::~LocalInterpolator         :         1.48    2400            0.0006
OOPS_STATS oops::Localization::Localization                    :      7736.71       1         7736.7120
OOPS_STATS oops::Localization::multiply                        :    185406.46    1260          147.1480
OOPS_STATS oops::Localization::~Localization                   :         0.48       1            0.4771
OOPS_STATS oops::ModelAuxControl::ModelAuxControl              :         0.01       4            0.0024
OOPS_STATS oops::ModelAuxControl::print                        :         0.00       3            0.0008
OOPS_STATS oops::ModelAuxControl::~ModelAuxControl             :         0.01       4            0.0019
OOPS_STATS oops::ModelAuxCovariance::ModelAuxCovariance        :         0.00       1            0.0032
OOPS_STATS oops::ModelAuxCovariance::linearize                 :         0.00       1            0.0001
OOPS_STATS oops::ModelAuxCovariance::multiply                  :         0.01      42            0.0001
OOPS_STATS oops::ModelAuxCovariance::~ModelAuxCovariance       :         0.00       1            0.0007
OOPS_STATS oops::ModelAuxIncrement::ModelAuxIncrement          :         0.18     182            0.0010
OOPS_STATS oops::ModelAuxIncrement::axpy                       :         0.34     943            0.0004
OOPS_STATS oops::ModelAuxIncrement::diff                       :         0.00       3            0.0004
OOPS_STATS oops::ModelAuxIncrement::dot_product_with           :         0.23    1029            0.0002
OOPS_STATS oops::ModelAuxIncrement::operator*=                 :         0.04      81            0.0005
OOPS_STATS oops::ModelAuxIncrement::operator+=                 :         0.06     123            0.0005
OOPS_STATS oops::ModelAuxIncrement::operator+=ModelAuxControl  :         0.00       1            0.0002
OOPS_STATS oops::ModelAuxIncrement::operator=                  :         0.02      45            0.0004
OOPS_STATS oops::ModelAuxIncrement::print                      :         0.00       7            0.0006
OOPS_STATS oops::ModelAuxIncrement::serialSize                 :         0.01     182            0.0001
OOPS_STATS oops::ModelAuxIncrement::zero                       :         0.01      42            0.0003
OOPS_STATS oops::ModelAuxIncrement::~ModelAuxIncrement         :         0.04     182            0.0002
OOPS_STATS oops::ObsAuxControl::ObsAuxControl                  :         0.16       4            0.0397
OOPS_STATS oops::ObsAuxControl::print                          :         0.00       3            0.0010
OOPS_STATS oops::ObsAuxControl::requiredHdiagnostics           :         0.00       2            0.0001
OOPS_STATS oops::ObsAuxControl::requiredVars                   :         0.00       6            0.0003
OOPS_STATS oops::ObsAuxControl::write                          :         0.03       1            0.0269
OOPS_STATS oops::ObsAuxControl::~ObsAuxControl                 :         0.01       4            0.0025
OOPS_STATS oops::ObsAuxCovariance::ObsAuxCovariance            :         0.09       1            0.0862
OOPS_STATS oops::ObsAuxCovariance::inverseMultiply             :         0.04      42            0.0010
OOPS_STATS oops::ObsAuxCovariance::linearize                   :         0.04       1            0.0369
OOPS_STATS oops::ObsAuxCovariance::multiply                    :         0.24      42            0.0056
OOPS_STATS oops::ObsAuxCovariance::preconditioner              :         0.02       1            0.0176
OOPS_STATS oops::ObsAuxCovariance::write                       :         0.02       1            0.0221
OOPS_STATS oops::ObsAuxCovariance::~ObsAuxCovariance           :         0.00       1            0.0017
OOPS_STATS oops::ObsAuxIncrement::ObsAuxIncrement              :         0.88     182            0.0048
OOPS_STATS oops::ObsAuxIncrement::axpy                         :         1.09     943            0.0012
OOPS_STATS oops::ObsAuxIncrement::diff                         :         0.01       3            0.0045
OOPS_STATS oops::ObsAuxIncrement::dot_product_with             :         0.46    1029            0.0004
OOPS_STATS oops::ObsAuxIncrement::operator*=                   :         0.09      81            0.0012
OOPS_STATS oops::ObsAuxIncrement::operator+=                   :         0.17     123            0.0014
OOPS_STATS oops::ObsAuxIncrement::operator=                    :         0.04      45            0.0009
OOPS_STATS oops::ObsAuxIncrement::print                        :         0.01       7            0.0007
OOPS_STATS oops::ObsAuxIncrement::serialSize                   :         0.01     364            0.0000
OOPS_STATS oops::ObsAuxIncrement::zero                         :         0.05      42            0.0013
OOPS_STATS oops::ObsAuxIncrement::~ObsAuxIncrement             :         0.22     182            0.0012
OOPS_STATS oops::ObsAuxPreconditioner::multiply                :         0.04      42            0.0010
OOPS_STATS oops::ObsAuxPreconditioner::~ObsAuxPreconditioner   :         0.00       2            0.0011
OOPS_STATS oops::ObsDataVector::ObsDataVector                  :         0.14       4            0.0358
OOPS_STATS oops::ObsDataVector::mask                           :         0.01       2            0.0041
OOPS_STATS oops::ObsDataVector::operator=                      :         0.02       2            0.0090
OOPS_STATS oops::ObsDataVector::print                          :         3.86       2            1.9304
OOPS_STATS oops::ObsDataVector::save                           :         1.00       4            0.2497
OOPS_STATS oops::ObsDataVector::~ObsDataVector                 :         0.02       4            0.0038
OOPS_STATS oops::ObsDiagnostics::ObsDiagnostics                :         0.20       2            0.1011
OOPS_STATS oops::ObsDiagnostics::~ObsDiagnostics               :         0.02       2            0.0083
OOPS_STATS oops::ObsError::getRMSE                             :         2.43       4            0.6068
OOPS_STATS oops::ObsError::inverseMultiply                     :         0.40      43            0.0094
OOPS_STATS oops::ObsError::obserrors                           :         0.04       6            0.0071
OOPS_STATS oops::ObsError::update                              :        28.79       2           14.3937
OOPS_STATS oops::ObsError::~ObsError                           :         0.01       1            0.0145
OOPS_STATS oops::ObsOperator::refl10cm::ObsOperator            :         2.32       2            1.1618
OOPS_STATS oops::ObsOperator::refl10cm::computeReducedVars     :         0.98       3            0.3260
OOPS_STATS oops::ObsOperator::refl10cm::locations              :         4.84       3            1.6149
OOPS_STATS oops::ObsOperator::refl10cm::requiredVars           :         0.00       3            0.0009
OOPS_STATS oops::ObsOperator::refl10cm::simulateObs            :        14.98       2            7.4912
OOPS_STATS oops::ObsOperator::refl10cm::~ObsOperator           :         0.03       2            0.0139
OOPS_STATS oops::ObsSpace::ObsSpace                            :       684.94       1          684.9424
OOPS_STATS oops::ObsSpace::obsvariables                        :         0.00       3            0.0001
OOPS_STATS oops::ObsSpace::save                                :      2686.52       1         2686.5209
OOPS_STATS oops::ObsSpace::~ObsSpace                           :         1.33       1            1.3292
OOPS_STATS oops::ObsVector::ObsVector                          :         5.58     100            0.0558
OOPS_STATS oops::ObsVector::dot_product                        :         0.92       4            0.2290
OOPS_STATS oops::ObsVector::info                               :         2.40       6            0.3994
OOPS_STATS oops::ObsVector::operator*=                         :         0.01       2            0.0049
OOPS_STATS oops::ObsVector::operator-=                         :         0.02       2            0.0110
OOPS_STATS oops::ObsVector::operator=                          :         0.39       4            0.0967
OOPS_STATS oops::ObsVector::rms                                :         1.23       4            0.3079
OOPS_STATS oops::ObsVector::save                               :         0.35       6            0.0578
OOPS_STATS oops::ObsVector::zero                               :         0.21      43            0.0048
OOPS_STATS oops::ObsVector::~ObsVector                         :         0.23     100            0.0023
OOPS_STATS oops::Parameters::deserialize                       :         4.22      97            0.0435
OOPS_STATS oops::Parameters::serialize                         :         1.83      80            0.0228
OOPS_STATS oops::Run::execute                                  :    399935.54       1       399935.5435
OOPS_STATS oops::SampledLocations::SampledLocations            :         0.00       4            0.0002
OOPS_STATS oops::SampledLocations::latitudes                   :         0.00       3            0.0001
OOPS_STATS oops::SampledLocations::longitudes                  :         0.00       3            0.0000
OOPS_STATS oops::SampledLocations::times                       :         0.00       3            0.0000
OOPS_STATS oops::SampledLocations::~SampledLocations           :         8.49       8            1.0612
OOPS_STATS oops::State::State                                  :     59722.39      72          829.4777
OOPS_STATS oops::State::print                                  :        58.14       3           19.3796
OOPS_STATS oops::State::toFieldSet                             :        24.22       5            4.8431
OOPS_STATS oops::State::variables                              :         0.00      58            0.0000
OOPS_STATS oops::State::write                                  :     17545.39       1        17545.3942
OOPS_STATS oops::State::zero                                   :        52.94      30            1.7646
OOPS_STATS oops::State::~State                                 :         7.45      72            0.1035
OOPS_STATS oops::UnstructuredInterpolator::UnstructuredInterpo :        50.94    2400            0.0212
OOPS_STATS oops::UnstructuredInterpolator::apply               :       128.54   35200            0.0037
OOPS_STATS oops::UnstructuredInterpolator::applyAD             :        82.85   33600            0.0025
OOPS_STATS oops::VariableChange::VariableChange                :         0.43       3            0.1429
OOPS_STATS oops::VariableChange::changeVar                     :        22.42       3            7.4717
OOPS_STATS oops::VariableChange::~VariableChange               :         0.02       3            0.0068
OOPS_STATS oops::util::FieldSetHelpers::readFieldSet           :      7677.43       2         3838.7142
OOPS_STATS saber::Localization::Localization                   :      7736.69       1         7736.6946
OOPS_STATS saber::Localization::multiply                       :    175538.34    1260          139.3161
OOPS_STATS saber::Localization::~Localization                  :         0.00       1            0.0001
OOPS_STATS ufo::ObsFilter::ObsFilter                           :         5.49       5            1.0980
OOPS_STATS ufo::ObsFilter::checkFilterData                     :         0.01      15            0.0004
OOPS_STATS ufo::ObsFilter::postFilter                          :        44.76       5            8.9511
OOPS_STATS ufo::ObsFilter::preProcess                          :         0.01       5            0.0014
OOPS_STATS ufo::ObsFilter::priorFilter                         :         0.04       5            0.0075
OOPS_STATS ufo::ObsFilter::~ObsFilter                          :        15.16       9            1.6843
OOPS_STATS util::Timers::measured                              :    399476.68       1       399476.6828
OOPS_STATS ------------------------------------ Timing Statistics -------------------------------------

OOPS_STATS ------------------------------------------------------------------------------------------------------------------
OOPS_STATS ---------------------------------- Parallel Timing Statistics ( 800 MPI tasks) -----------------------------------
OOPS_STATS ------------------------------------------------------------------------------------------------------------------
OOPS_STATS Name                                                :     min (ms)    max (ms)    avg (ms)     % total   imbal (%)
OOPS_STATS oops::Covariance::EnsembleCovariance                :     65556.79    65558.98    65558.34       16.39        0.00
OOPS_STATS oops::Covariance::ensemble::multiply                :    225135.52   225705.34   225472.56       56.38        0.25
OOPS_STATS oops::Diffusion::multiplySqrtAD                     :     56639.73    58955.80    57825.48       14.46        4.01
OOPS_STATS oops::Diffusion::multiplySqrtTL                     :     45178.30    50481.80    48346.79       12.09       10.97
OOPS_STATS oops::Geometry::Geometry                            :     55635.79    56993.19    56906.41       14.23        2.39
OOPS_STATS oops::Geometry::~Geometry                           :       373.60      569.08      476.98        0.12       40.98
OOPS_STATS oops::GeometryData::setGlobalTree                   :      1839.96     1961.30     1893.44        0.47        6.41
OOPS_STATS oops::GetValues::fillGeoVaLsTL                      :       296.41      841.19      651.51        0.16       83.62
OOPS_STATS oops::GetValues::finalizeAD                         :       548.29     1070.14      642.63        0.16       81.21
OOPS_STATS oops::Increment::Increment                          :     23267.45    29768.82    25571.09        6.39       25.42
OOPS_STATS oops::Increment::axpy                               :      4860.47     6243.44     5665.53        1.42       24.41
OOPS_STATS oops::Increment::dot_product_with                   :      7752.06     9527.14     8443.51        2.11       21.02
OOPS_STATS oops::Increment::fromFieldSet                       :      9438.60    13320.91    10566.45        2.64       36.74
OOPS_STATS oops::Increment::operator+=                         :      8868.05    11643.47    10296.71        2.57       26.95
OOPS_STATS oops::Increment::operator=                          :      4133.71     6694.66     5689.66        1.42       45.01
OOPS_STATS oops::Increment::print                              :     17395.28    31886.17    25529.44        6.38       56.76
OOPS_STATS oops::Increment::schur_product_with                 :      8374.47    13507.50    11863.63        2.97       43.27
OOPS_STATS oops::Increment::toFieldSet                         :      8991.81    15395.28    10938.91        2.74       58.54
OOPS_STATS oops::LinearVariableChange::changeVarAD             :      1099.50     2288.32     1621.34        0.41       73.32
OOPS_STATS oops::LinearVariableChange::changeVarTL             :       421.70     1020.50      724.07        0.18       82.70
OOPS_STATS oops::LocalInterpolator::preprocess                 :        80.74     1332.43     1277.07        0.32       98.01
OOPS_STATS oops::Localization::Localization                    :      7686.22     7847.00     7742.85        1.94        2.08
OOPS_STATS oops::Localization::multiply                        :    180948.04   195722.64   187124.89       46.79        7.90
OOPS_STATS oops::ObsSpace::ObsSpace                            :       633.95      696.32      666.16        0.17        9.36
OOPS_STATS oops::ObsSpace::save                                :      2520.11     2694.40     2602.40        0.65        6.70
OOPS_STATS oops::State::State                                  :     59589.94    59854.85    59693.02       14.93        0.44
OOPS_STATS oops::State::write                                  :     16354.20    17574.06    17548.55        4.39        6.95
OOPS_STATS oops::util::FieldSetHelpers::readFieldSet           :      7473.80     7677.43     7526.47        1.88        2.71
OOPS_STATS saber::Localization::Localization                   :      7686.21     7846.98     7742.83        1.94        2.08
OOPS_STATS saber::Localization::multiply                       :    170092.12   181796.43   176494.98       44.13        6.63
OOPS_STATS util::Timers::measured                              :    399476.68   399698.41   399612.01       99.93        0.06
OOPS_STATS oops::Run::execute                                  :    399807.06   399971.42   399899.66      100.00        0.04
OOPS_STATS ---------------------------------- Parallel Timing Statistics ( 800 MPI tasks) -----------------------------------

OOPS_STATS Run end                                  - Runtime:    401.26 sec,  Memory: total:  4144.47 GB, per task: min =     4.87 GB, max =     7.27 GB
Run: Finishing oops::Variational<MPAS, UFO and IODA observations> with status = 0
OOPS Ending   2026-05-29 03:44:12 (UTC+0000)
