Configuration input file is: jedivar.pass2.yaml
Full configuration is:YAMLConfiguration[path=jedivar.pass2.yaml, root={_member => {date => 2026-06-05T18:00:00Z , state variables => (water_vapor_mixing_ratio_wrt_moist_air,air_pressure_at_surface,air_temperature,northward_wind,eastward_wind,cloud_liquid_water,cloud_liquid_ice,rain_water,snow_water,graupel,equivalent_reflectivity_factor,upward_air_velocity) , stream name => ensemble} , output => {filename => mpasout.nc , stream name => analysis} , variational => {minimizer => {algorithm => DRPCG} , iterations => ({geometry => {nml_file => ./namelist.atmosphere , streams_file => ./streams.atmosphere , deallocate non-da fields => true , interpolation type => unstructured} , gradient norm reduction => 0.001 , ninner => 75})} , cost function => {cost type => 3D-Var , time window => {begin => 2026-06-05T16:00:00Z , length => PT4H} , jb evaluation => false , geometry => {nml_file => ./namelist.atmosphere , streams_file => ./streams.atmosphere , deallocate non-da fields => true , interpolation type => unstructured} , analysis variables => (water_vapor_mixing_ratio_wrt_moist_air,air_pressure_at_surface,air_temperature,northward_wind,eastward_wind,cloud_liquid_water,cloud_liquid_ice,rain_water,snow_water,graupel,equivalent_reflectivity_factor,upward_air_velocity) , background => {state variables => (water_vapor_mixing_ratio_wrt_moist_air,air_pressure_at_surface,air_temperature,northward_wind,eastward_wind,air_potential_temperature,dry_air_density,u,water_vapor_mixing_ratio_wrt_dry_air,air_pressure,landmask,seaice_fraction,snowc,skin_temperature_at_surface,ivgtyp,isltyp,snowh,vegetation_area_fraction,air_temperature_at_2m,water_vapor_mixing_ratio_wrt_moist_air_at_2m,eastward_wind_at_10m,northward_wind_at_10m,lai,smois,tslb,pressure_p,cloud_liquid_water,cloud_liquid_ice,graupel,rain_water,snow_water,cldfrac,equivalent_reflectivity_factor,w,upward_air_velocity) , filename => mpasout.nc , date => 2026-06-05T18:00:00Z} , background error => {covariance model => ensemble , localization => {localization method => SABER , saber central block => {saber block name => diffusion , active variables => (water_vapor_mixing_ratio_wrt_moist_air,air_pressure_at_surface,air_temperature,northward_wind,eastward_wind,cloud_liquid_water,cloud_liquid_ice,rain_water,snow_water,graupel,equivalent_reflectivity_factor,upward_air_velocity) , read => {groups => ({variables => (water_vapor_mixing_ratio_wrt_moist_air,air_pressure_at_surface,air_temperature,northward_wind,eastward_wind,cloud_liquid_water,cloud_liquid_ice,rain_water,snow_water,graupel,equivalent_reflectivity_factor,upward_air_velocity) , multivariate strategy => duplicated , horizontal => {filepath => data/diffusionloc/mpas_conus3km.diffusion_hz} , vertical => {levels => 59 , filepath => data/diffusionloc/mpas_conus3km.diffusion_vt}})}}} , members from template => {template => {date => 2026-06-05T18:00:00Z , state variables => (water_vapor_mixing_ratio_wrt_moist_air,air_pressure_at_surface,air_temperature,northward_wind,eastward_wind,cloud_liquid_water,cloud_liquid_ice,rain_water,snow_water,graupel,equivalent_reflectivity_factor,upward_air_velocity) , stream name => ensemble , filename => ./data/ens/mem%iMember%.nc} , pattern => %iMember% , start => 1 , zero padding => 3 , nmembers => 30}} , observations => {observers => ({obs space => {name => refl10cm , distribution => {name => RoundRobin , halo size => 500000} , obsdatain => {engine => {type => H5File , obsfile => data/obs/ioda_mrms_refl.nc , missing file action => warn}} , obsdataout => {engine => {type => H5File , allow overwrite => true , obsfile => jdiag_mrms_refl.nc}} , io pool => {write multiple files => false} , _source => mrms , simulated variables => (equivalentReflectivityFactor)} , obs operator => {name => VertInterp , vertical coordinate => height_above_mean_sea_level , observation vertical coordinate => height , interpolation method => linear , observation alias file => obsop_name_map.yaml} , obs localizations => ({localization method => Horizontal Gaspari-Cohn , lengthscale => 200000}) , _obsname => refl10cm , obs filters => ({filter => Background Check , filter variables => ({name => equivalentReflectivityFactor}) , threshold => 12 , action => {name => reject}})})}}}]
OOPS_STATS ObjectCountHelper started.
OOPS_STATS Run start                                - Runtime:      1.06 sec,  Memory: total:   104.11 GB, per task: min =   128.97 MB, max =   130.55 MB
Run: Starting oops::Variational<MPAS, UFO and IODA observations>
OOPS_STATS Variational start                        - Runtime:     1.06 sec,  Local Memory:   130.55 MB
==> create geom
atlas::mpi::push(world)
Increase halo 1
atlas::mpi::pop(world)
atlas::mpi::push(world)
atlas::mpi::pop(world)
atlas::mpi::push(world)
atlas::mpi::pop(world)
atlas::mpi::push(world)
atlas::mpi::pop(world)
refl10cm: read database from data/obs/ioda_mrms_refl.nc (io pool size: 800)
refl10cm processed vars: 1 Variables: equivalentReflectivityFactor
refl10cm assimilated vars: 1 Variables: equivalentReflectivityFactor
refl10cm: 0 observations are outside of time window out of 3910702
refl10cm: 0 observations were rejected by QC checks out of 3910702
No bias-correction is performed for this ObsSpace.
3DVar window: TimeWindow: start = 2026-06-05T16:00:00Z, end = 2026-06-05T20:00:00Z, inclusive upper bound.

OOPS_STATS IncrementalAssimilation start            - Runtime:    34.19 sec,  Local Memory:     2.28 GB
Running incremental assimilation with 1 outer iterations.
Minimizer algorithm=DRPCG
QNewtonLMP: maxouter : 1
IncrementalAssimilation: Configuration for outer iteration 0:
LocalConfiguration[root={geometry => {nml_file => ./namelist.atmosphere , streams_file => ./streams.atmosphere , deallocate non-da fields => true , interpolation type => unstructured} , gradient norm reduction => 0.001 , ninner => 75 , iteration => 0 , total iterations => 1}]
OOPS_STATS IncrementalAssimilation iteration 0      - Runtime:    34.19 sec,  Local Memory:     2.28 GB
==> create geom
atlas::mpi::push(world)
Increase halo 1
atlas::mpi::pop(world)
atlas::mpi::push(world)
atlas::mpi::pop(world)
atlas::mpi::push(world)
atlas::mpi::pop(world)
atlas::mpi::push(world)
atlas::mpi::pop(world)
Key "mesh[address=0x497e510],halo[size=1]" not found in cache "NodeColumnsHaloExchangeCache" , creating new, removable with key "mesh[address=0x497e510],halo[size=1]"
Key "mesh[address=0x7dd3a70],halo[size=1]" not found in cache "NodeColumnsHaloExchangeCache" , creating new, removable with key "mesh[address=0x7dd3a70],halo[size=1]"
processWhere: selected 0 obs.
BackgroundCheck obserr: 
refl10cm equivalentReflectivityFactor nlocs = 3910702, nobs = 3910702, min = 5, max = 5, avg = 5
processing a float: 12
ObsErrorDiagonal covariance updated 3773547
Observer::finalize QC = 
refl10cm equivalentReflectivityFactor nlocs = 3910702, nobs = 3910702, min = 0, max = 19, avg = 0
CostJo Observations: 
refl10cm nobs= 3910702 Min=0, Max=61.0426, RMS=3.29038

Jo Observations:
Jo Obs :refl10cm:equivalentReflectivityFactor   : Nobs=  3773547, Min= 0.000000e+00, Max= 5.925248e+01, RMS= 3.261153e+00
Jo Observations Equivalent:
Jo H(x):refl10cm:equivalentReflectivityFactor   : Nobs=  3773547, Min= 0.000000e+00, Max= 5.889286e+01, RMS= 3.305198e+00
Jo Bias Corrected Departures:
Jo Dep :refl10cm:equivalentReflectivityFactor   : Nobs=  3773547, Min=-5.925248e+01, Max= 5.889286e+01, RMS= 3.378859e+00
Jo Observations Errors:
UFO Diagonal observation error covariance, inverse variances: refl10cm nobs= 3773547 Min=0.04, Max=0.04, RMS=0.04



CostJo   : Nonlinear Jo(refl10cm) = 861628, nobs = 3773547, Jo/n = 0.228334, err = 5
CostJo   : Nonlinear Jo = 861628
Increment:diff x1 4
Increment:diff x2 35
Increment:diff x1 5
Increment:diff x2 36
Increment:diff x1 6
Increment:diff x2 37
Increment:diff x1 7
Increment:diff x2 38
Increment:diff x1 8
Increment:diff x2 39
Increment:diff x1 9
Increment:diff x2 40
Increment:diff x1 10
Increment:diff x2 41
Increment:diff x1 11
Increment:diff x2 42
Increment:diff x1 12
Increment:diff x2 43
Increment:diff x1 13
Increment:diff x2 44
Increment:diff x1 14
Increment:diff x2 45
Increment:diff x1 15
Increment:diff x2 46
Increment:diff x1 16
Increment:diff x2 47
Increment:diff x1 17
Increment:diff x2 48
Increment:diff x1 18
Increment:diff x2 49
Increment:diff x1 19
Increment:diff x2 50
Increment:diff x1 20
Increment:diff x2 51
Increment:diff x1 21
Increment:diff x2 52
Increment:diff x1 22
Increment:diff x2 53
Increment:diff x1 23
Increment:diff x2 54
Increment:diff x1 24
Increment:diff x2 55
Increment:diff x1 25
Increment:diff x2 56
Increment:diff x1 26
Increment:diff x2 57
Increment:diff x1 27
Increment:diff x2 58
Increment:diff x1 28
Increment:diff x2 59
Increment:diff x1 29
Increment:diff x2 60
Increment:diff x1 30
Increment:diff x2 61
Increment:diff x1 31
Increment:diff x2 62
Increment:diff x1 32
Increment:diff x2 63
Increment:diff x1 33
Increment:diff x2 64
Info     : Prepare ensemble configuration
Info     : Read full ensemble
Info     : Creating central block: 
Info     : SaberCentralBlock using multivariate strategy: deprecated
Info     : Creating single central block.
Info     : Read data

==================================================================================
 saber::Diffusion read
----------------------------------------------------------------------------------

group 1 of 1
atlas::mpi::push(world)
atlas::mpi::pop(world)
variables: [water_vapor_mixing_ratio_wrt_moist_air,air_pressure_at_surface,air_temperature,northward_wind,eastward_wind,cloud_liquid_water,cloud_liquid_ice,rain_water,snow_water,graupel,equivalent_reflectivity_factor,upward_air_velocity]
multivariate strategy: duplicated
Reading horizontal parameters
  levels: 1
Key "mesh[address=0x7dd3a70]" not found in cache "NodeColumnsGatherScatterCache" , creating new, removable with key "mesh[address=0x7dd3a70]"
  Info     : Reading file: data/diffusionloc/mpas_conus3km.diffusion_hz.nc
atlas::mpi::push(world)
atlas::mpi::pop(world)
  hzScales:  min: 4087.19  mean: 4087.19  max: 4087.19
  hzNorm:    min: 2.4414  mean: 3.71484  max: 4.05626
Reading vertical parameters
  levels: 59
  vertical strategy: normal
  Info     : Reading file: data/diffusionloc/mpas_conus3km.diffusion_vt.nc
atlas::mpi::push(world)
atlas::mpi::pop(world)
  vtScales:  min: 11  mean: 11  max: 11
  vtNorm:    min: 3.7178  mean: 4.83632  max: 5.25235
Diffusion: horizontal iterations: 6
Diffusion: vertical iterations: 242
Increment:diff x1 2
Increment:diff x2 1
==================================================================================

CostJb: FG-BG
  Valid time: 2026-06-05T18:00:00Z
  Resolution: nCellsGlobal = 2341818, nFields = 12
Fld=1  Min=0, Max=0, RMS=0 : water_vapor_mixing_ratio_wrt_moist_air
Fld=2  Min=0, Max=0, RMS=0 : air_pressure_at_surface
Fld=3  Min=0, Max=0, RMS=0 : air_temperature
Fld=4  Min=0, Max=0, RMS=0 : northward_wind
Fld=5  Min=0, Max=0, RMS=0 : eastward_wind
Fld=6  Min=0, Max=0, RMS=0 : cloud_liquid_water
Fld=7  Min=0, Max=0, RMS=0 : cloud_liquid_ice
Fld=8  Min=0, Max=0, RMS=0 : rain_water
Fld=9  Min=0, Max=0, RMS=0 : snow_water
Fld=10  Min=0, Max=0, RMS=0 : graupel
Fld=11  Min=0, Max=0, RMS=0 : equivalent_reflectivity_factor
Fld=12  Min=0, Max=0, RMS=0 : upward_air_velocity
Increment:diff x1 2
Increment:diff x2 1
CostJb: FG-BG
  Valid time: 2026-06-05T18:00:00Z
  Resolution: nCellsGlobal = 2341818, nFields = 12
Fld=1  Min=0, Max=0, RMS=0 : water_vapor_mixing_ratio_wrt_moist_air
Fld=2  Min=0, Max=0, RMS=0 : air_pressure_at_surface
Fld=3  Min=0, Max=0, RMS=0 : air_temperature
Fld=4  Min=0, Max=0, RMS=0 : northward_wind
Fld=5  Min=0, Max=0, RMS=0 : eastward_wind
Fld=6  Min=0, Max=0, RMS=0 : cloud_liquid_water
Fld=7  Min=0, Max=0, RMS=0 : cloud_liquid_ice
Fld=8  Min=0, Max=0, RMS=0 : rain_water
Fld=9  Min=0, Max=0, RMS=0 : snow_water
Fld=10  Min=0, Max=0, RMS=0 : graupel
Fld=11  Min=0, Max=0, RMS=0 : equivalent_reflectivity_factor
Fld=12  Min=0, Max=0, RMS=0 : upward_air_velocity
CostFunction: Nonlinear J = 861628
OOPS_STATS IncrementalAssimilation linearize 0      - Runtime:   124.44 sec,  Local Memory:     7.02 GB

DRPCGMinimizer: max iter = 75, requested norm reduction = 0.001
CostFunction::computeGradientFG: gradient:
  Valid time: 2026-06-05T18:00:00Z
  Resolution: nCellsGlobal = 2341818, nFields = 12
Fld=1  Min=0, Max=0, RMS=0 : water_vapor_mixing_ratio_wrt_moist_air
Fld=2  Min=0, Max=0, RMS=0 : air_pressure_at_surface
Fld=3  Min=0, Max=0, RMS=0 : air_temperature
Fld=4  Min=0, Max=0, RMS=0 : northward_wind
Fld=5  Min=0, Max=0, RMS=0 : eastward_wind
Fld=6  Min=0, Max=0, RMS=0 : cloud_liquid_water
Fld=7  Min=0, Max=0, RMS=0 : cloud_liquid_ice
Fld=8  Min=0, Max=0, RMS=0 : rain_water
Fld=9  Min=0, Max=0, RMS=0 : snow_water
Fld=10  Min=0, Max=0, RMS=0 : graupel
Fld=11  Min=-1.75346, Max=1.87982, RMS=0.0130776 : equivalent_reflectivity_factor
Fld=12  Min=0, Max=0, RMS=0 : upward_air_velocity
DRPCGMinimizer rhs
  Valid time: 2026-06-05T18:00:00Z
  Resolution: nCellsGlobal = 2341818, nFields = 12
Fld=1  Min=-0, Max=-0, RMS=0 : water_vapor_mixing_ratio_wrt_moist_air
Fld=2  Min=-0, Max=-0, RMS=0 : air_pressure_at_surface
Fld=3  Min=-0, Max=-0, RMS=0 : air_temperature
Fld=4  Min=-0, Max=-0, RMS=0 : northward_wind
Fld=5  Min=-0, Max=-0, RMS=0 : eastward_wind
Fld=6  Min=-0, Max=-0, RMS=0 : cloud_liquid_water
Fld=7  Min=-0, Max=-0, RMS=0 : cloud_liquid_ice
Fld=8  Min=-0, Max=-0, RMS=0 : rain_water
Fld=9  Min=-0, Max=-0, RMS=0 : snow_water
Fld=10  Min=-0, Max=-0, RMS=0 : graupel
Fld=11  Min=-1.87982, Max=1.75346, RMS=0.0130776 : equivalent_reflectivity_factor
Fld=12  Min=-0, Max=-0, RMS=0 : upward_air_velocity
Initial RHS squared norm = 23629.7
OOPS_STATS DRPCG start                              - Runtime:   124.73 sec,  Local Memory:     7.02 GB
normr0 23629.7
  Residual norm ( 0) = 6411.29915494676
  Norm reduction ( 0) = 1

  Quadratic cost function: J   ( 0) = 861628.4250881623
  Quadratic cost function: Jb  ( 0) = 0
  Quadratic cost function: JoJc( 0) = 861628.4250881623


 DRPCG Starting Iteration 1
OOPS_STATS DRPCG iteration 1                        - Runtime:   130.60 sec,  Local Memory:     7.02 GB
rdots 1.3431e+07      iteration    0
DRPCG end of iteration 1
  Residual norm ( 1) = 3664.827133230157
  Norm reduction ( 1) = 0.5716200483957281

  Quadratic cost function: J   ( 1) = 532243.3476144474
  Quadratic cost function: Jb  ( 1) = 5278.928161387436
  Quadratic cost function: JoJc( 1) = 526964.4194530599

 DRPCG Starting Iteration 2
OOPS_STATS DRPCG iteration 2                        - Runtime:   136.21 sec,  Local Memory:     7.02 GB
rdots 6.72323e+06      iteration    1
DRPCG end of iteration 2
  Residual norm ( 2) = 2592.918854408866
  Norm reduction ( 2) = 0.4044295534717405

  Quadratic cost function: J   ( 2) = 426047.7437077966
  Quadratic cost function: Jb  ( 2) = 10910.89089969114
  Quadratic cost function: JoJc( 2) = 415136.8528081054

 DRPCG Starting Iteration 3
OOPS_STATS DRPCG iteration 3                        - Runtime:   141.92 sec,  Local Memory:     7.02 GB
rdots 3.77113e+06      iteration    2
DRPCG end of iteration 3
  Residual norm ( 3) = 1941.938739079827
  Norm reduction ( 3) = 0.3028931722179096

  Quadratic cost function: J   ( 3) = 371282.1043358223
  Quadratic cost function: Jb  ( 3) = 16449.10888291371
  Quadratic cost function: JoJc( 3) = 354832.9954529086

 DRPCG Starting Iteration 4
OOPS_STATS DRPCG iteration 4                        - Runtime:   148.03 sec,  Local Memory:     7.02 GB
rdots 2.40125e+06      iteration    3
DRPCG end of iteration 4
  Residual norm ( 4) = 1549.597979949577
  Norm reduction ( 4) = 0.2416979683055275

  Quadratic cost function: J   ( 4) = 335209.9960373611
  Quadratic cost function: Jb  ( 4) = 22409.12170074027
  Quadratic cost function: JoJc( 4) = 312800.8743366208

 DRPCG Starting Iteration 5
OOPS_STATS DRPCG iteration 5                        - Runtime:   153.84 sec,  Local Memory:     7.02 GB
rdots 1.57483e+06      iteration    4
DRPCG end of iteration 5
  Residual norm ( 5) = 1254.92387597535
  Norm reduction ( 5) = 0.1957362845886063

  Quadratic cost function: J   ( 5) = 312323.261181919
  Quadratic cost function: Jb  ( 5) = 28010.48871570337
  Quadratic cost function: JoJc( 5) = 284312.7724662157

 DRPCG Starting Iteration 6
rdots 1.08027e+06      iteration    5
DRPCG end of iteration 6
  Residual norm ( 6) = 1039.362125777753
  Norm reduction ( 6) = 0.1621141208136909

  Quadratic cost function: J   ( 6) = 296560.4974820954
  Quadratic cost function: Jb  ( 6) = 33315.96830495026
  Quadratic cost function: JoJc( 6) = 263244.5291771451

 DRPCG Starting Iteration 7
rdots 731945      iteration    6
DRPCG end of iteration 7
  Residual norm ( 7) = 855.5378917458135
  Norm reduction ( 7) = 0.1334422043129444

  Quadratic cost function: J   ( 7) = 285218.74201149
  Quadratic cost function: Jb  ( 7) = 38333.23225997688
  Quadratic cost function: JoJc( 7) = 246885.5097515132

 DRPCG Starting Iteration 8
rdots 510372      iteration    7
DRPCG end of iteration 8
  Residual norm ( 8) = 714.4033384100619
  Norm reduction ( 8) = 0.1114287948736334

  Quadratic cost function: J   ( 8) = 277145.3942134341
  Quadratic cost function: Jb  ( 8) = 42863.27894784543
  Quadratic cost function: JoJc( 8) = 234282.1152655887

 DRPCG Starting Iteration 9
rdots 404401      iteration    8
DRPCG end of iteration 9
  Residual norm ( 9) = 635.9249390301753
  Norm reduction ( 9) = 0.09918815573276055

  Quadratic cost function: J   ( 9) = 271705.9559152067
  Quadratic cost function: Jb  ( 9) = 46598.207733342
  Quadratic cost function: JoJc( 9) = 225107.7481818647

 DRPCG Starting Iteration 10
OOPS_STATS DRPCG iteration 10                       - Runtime:   182.77 sec,  Local Memory:     7.02 GB
rdots 279815      iteration    9
DRPCG end of iteration 10
  Residual norm (10) = 528.975668917531
  Norm reduction (10) = 0.08250678312357174

  Quadratic cost function: J   (10) = 267817.3906699736
  Quadratic cost function: Jb  (10) = 49764.90779779489
  Quadratic cost function: JoJc(10) = 218052.4828721787

 DRPCG Starting Iteration 11
rdots 201650      iteration    10
DRPCG end of iteration 11
  Residual norm (11) = 449.0548030477336
  Norm reduction (11) = 0.07004115580868767

  Quadratic cost function: J   (11) = 264797.9168579618
  Quadratic cost function: Jb  (11) = 52634.77977962841
  Quadratic cost function: JoJc(11) = 212163.1370783334

 DRPCG Starting Iteration 12
rdots 160315      iteration    11
DRPCG end of iteration 12
  Residual norm (12) = 400.3940890999277
  Norm reduction (12) = 0.0624513190576977

  Quadratic cost function: J   (12) = 262783.3864216271
  Quadratic cost function: Jb  (12) = 54830.33856899419
  Quadratic cost function: JoJc(12) = 207953.0478526329

 DRPCG Starting Iteration 13
rdots 118253      iteration    12
DRPCG end of iteration 13
  Residual norm (13) = 343.8797026471175
  Norm reduction (13) = 0.0536365086601505

  Quadratic cost function: J   (13) = 261263.1351109308
  Quadratic cost function: Jb  (13) = 56696.81897625273
  Quadratic cost function: JoJc(13) = 204566.316134678

 DRPCG Starting Iteration 14
rdots 81191.6      iteration    13
DRPCG end of iteration 14
  Residual norm (14) = 284.9413971990189
  Norm reduction (14) = 0.04444362839927177

  Quadratic cost function: J   (14) = 260099.1936064924
  Quadratic cost function: Jb  (14) = 58292.83718349798
  Quadratic cost function: JoJc(14) = 201806.3564229944

 DRPCG Starting Iteration 15
OOPS_STATS DRPCG iteration 15                       - Runtime:   212.44 sec,  Local Memory:     7.02 GB
rdots 60217.3      iteration    14
DRPCG end of iteration 15
  Residual norm (15) = 245.3922290179067
  Norm reduction (15) = 0.03827496160876687

  Quadratic cost function: J   (15) = 259213.2842230734
  Quadratic cost function: Jb  (15) = 59641.40756370725
  Quadratic cost function: JoJc(15) = 199571.8766593662

 DRPCG Starting Iteration 16
rdots 43803.9      iteration    15
DRPCG end of iteration 16
  Residual norm (16) = 209.293858460772
  Norm reduction (16) = 0.03264453169359401

  Quadratic cost function: J   (16) = 258569.944556608
  Quadratic cost function: Jb  (16) = 60720.7196718063
  Quadratic cost function: JoJc(16) = 197849.2248848017

 DRPCG Starting Iteration 17
rdots 32524      iteration    16
DRPCG end of iteration 17
  Residual norm (17) = 180.3441947557679
  Norm reduction (17) = 0.02812911866959443

  Quadratic cost function: J   (17) = 258111.4078830479
  Quadratic cost function: Jb  (17) = 61560.66601718045
  Quadratic cost function: JoJc(17) = 196550.7418658675

 DRPCG Starting Iteration 18
rdots 23273.9      iteration    17
DRPCG end of iteration 18
  Residual norm (18) = 152.5579811649007
  Norm reduction (18) = 0.02379517434421877

  Quadratic cost function: J   (18) = 257770.8160381948
  Quadratic cost function: Jb  (18) = 62237.02148433377
  Quadratic cost function: JoJc(18) = 195533.794553861

 DRPCG Starting Iteration 19
rdots 17562.9      iteration    18
DRPCG end of iteration 19
  Residual norm (19) = 132.5251134353985
  Norm reduction (19) = 0.02067055525449101

  Quadratic cost function: J   (19) = 257522.8172270702
  Quadratic cost function: Jb  (19) = 62768.07378171534
  Quadratic cost function: JoJc(19) = 194754.7434453549

 DRPCG Starting Iteration 20
OOPS_STATS DRPCG iteration 20                       - Runtime:   242.02 sec,  Local Memory:     7.02 GB
rdots 12463.4      iteration    19
DRPCG end of iteration 20
  Residual norm (20) = 111.639520806411
  Norm reduction (20) = 0.01741293271587138

  Quadratic cost function: J   (20) = 257344.7459490846
  Quadratic cost function: Jb  (20) = 63176.81814478613
  Quadratic cost function: JoJc(20) = 194167.9278042985

 DRPCG Starting Iteration 21
rdots 8737.45      iteration    20
DRPCG end of iteration 21
  Residual norm (21) = 93.47434848390607
  Norm reduction (21) = 0.01457962672226645

  Quadratic cost function: J   (21) = 257204.3941133653
  Quadratic cost function: Jb  (21) = 63521.26301153476
  Quadratic cost function: JoJc(21) = 193683.1311018306

 DRPCG Starting Iteration 22
rdots 6531.56      iteration    21
DRPCG end of iteration 22
  Residual norm (22) = 80.81804449495625
  Norm reduction (22) = 0.01260556441709627

  Quadratic cost function: J   (22) = 257104.5433213242
  Quadratic cost function: Jb  (22) = 63782.70449822547
  Quadratic cost function: JoJc(22) = 193321.8388230987

 DRPCG Starting Iteration 23
rdots 4818.64      iteration    22
DRPCG end of iteration 23
  Residual norm (23) = 69.41640323877293
  Norm reduction (23) = 0.01082719766479987

  Quadratic cost function: J   (23) = 257033.1809890117
  Quadratic cost function: Jb  (23) = 63981.09818091071
  Quadratic cost function: JoJc(23) = 193052.0828081009

 DRPCG Starting Iteration 24
rdots 3561.64      iteration    23
DRPCG end of iteration 24
  Residual norm (24) = 59.67950207537146
  Norm reduction (24) = 0.009308488129012761

  Quadratic cost function: J   (24) = 256980.4811664631
  Quadratic cost function: Jb  (24) = 64136.1060639284
  Quadratic cost function: JoJc(24) = 192844.3751025347

 DRPCG Starting Iteration 25
OOPS_STATS DRPCG iteration 25                       - Runtime:   272.79 sec,  Local Memory:     7.02 GB
rdots 2588.99      iteration    24
DRPCG end of iteration 25
  Residual norm (25) = 50.88209074759365
  Norm reduction (25) = 0.007936315170745792

  Quadratic cost function: J   (25) = 256943.1490422866
  Quadratic cost function: Jb  (25) = 64251.86591064646
  Quadratic cost function: JoJc(25) = 192691.2831316401

 DRPCG Starting Iteration 26
rdots 1904.22      iteration    25
DRPCG end of iteration 26
  Residual norm (26) = 43.63741076429559
  Norm reduction (26) = 0.006806328906150997

  Quadratic cost function: J   (26) = 256916.4297549308
  Quadratic cost function: Jb  (26) = 64338.86283321647
  Quadratic cost function: JoJc(26) = 192577.5669217143

 DRPCG Starting Iteration 27
rdots 1336.32      iteration    26
DRPCG end of iteration 27
  Residual norm (27) = 36.55572577665118
  Norm reduction (27) = 0.00570176572535161

  Quadratic cost function: J   (27) = 256895.6470137483
  Quadratic cost function: Jb  (27) = 64409.82005248276
  Quadratic cost function: JoJc(27) = 192485.8269612655

 DRPCG Starting Iteration 28
rdots 990.644      iteration    27
DRPCG end of iteration 28
  Residual norm (28) = 31.47449874495741
  Norm reduction (28) = 0.004909223229846116

  Quadratic cost function: J   (28) = 256880.7264186572
  Quadratic cost function: Jb  (28) = 64463.18543852099
  Quadratic cost function: JoJc(28) = 192417.5409801363

 DRPCG Starting Iteration 29
rdots 711.606      iteration    28
DRPCG end of iteration 29
  Residual norm (29) = 26.67594587259062
  Norm reduction (29) = 0.004160770731156459

  Quadratic cost function: J   (29) = 256869.7731623061
  Quadratic cost function: Jb  (29) = 64504.1392406481
  Quadratic cost function: JoJc(29) = 192365.633921658

 DRPCG Starting Iteration 30
OOPS_STATS DRPCG iteration 30                       - Runtime:   305.43 sec,  Local Memory:     7.02 GB
rdots 504.874      iteration    29
DRPCG end of iteration 30
  Residual norm (30) = 22.46939896433321
  Norm reduction (30) = 0.003504656142428873

  Quadratic cost function: J   (30) = 256861.7295064973
  Quadratic cost function: Jb  (30) = 64535.53261494313
  Quadratic cost function: JoJc(30) = 192326.1968915541

 DRPCG Starting Iteration 31
rdots 395.16      iteration    30
DRPCG end of iteration 31
  Residual norm (31) = 19.87863220213252
  Norm reduction (31) = 0.003100562260738494

  Quadratic cost function: J   (31) = 256856.0831289443
  Quadratic cost function: Jb  (31) = 64558.48823923409
  Quadratic cost function: JoJc(31) = 192297.5948897102

 DRPCG Starting Iteration 32
rdots 269.022      iteration    31
DRPCG end of iteration 32
  Residual norm (32) = 16.40189866252794
  Norm reduction (32) = 0.002558280040617469

  Quadratic cost function: J   (32) = 256852.0774650434
  Quadratic cost function: Jb  (32) = 64575.40408051378
  Quadratic cost function: JoJc(32) = 192276.6733845296

 DRPCG Starting Iteration 33
rdots 193.424      iteration    32
DRPCG end of iteration 33
  Residual norm (33) = 13.90769644746662
  Norm reduction (33) = 0.002169247778234755

  Quadratic cost function: J   (33) = 256849.0608210943
  Quadratic cost function: Jb  (33) = 64588.61920694623
  Quadratic cost function: JoJc(33) = 192260.4416141481

 DRPCG Starting Iteration 34
rdots 137.351      iteration    33
DRPCG end of iteration 34
  Residual norm (34) = 11.71968233729353
  Norm reduction (34) = 0.001827973091577077

  Quadratic cost function: J   (34) = 256846.8161120485
  Quadratic cost function: Jb  (34) = 64598.82019061696
  Quadratic cost function: JoJc(34) = 192247.9959214315

 DRPCG Starting Iteration 35
OOPS_STATS DRPCG iteration 35                       - Runtime:   336.57 sec,  Local Memory:     7.02 GB
rdots 107.215      iteration    34
DRPCG end of iteration 35
  Residual norm (35) = 10.35445463865612
  Norm reduction (35) = 0.001615032209293641

  Quadratic cost function: J   (35) = 256845.2556339644
  Quadratic cost function: Jb  (35) = 64606.1671488412
  Quadratic cost function: JoJc(35) = 192239.0884851232

 DRPCG Starting Iteration 36
rdots 78.6044      iteration    35
DRPCG end of iteration 36
  Residual norm (36) = 8.865910266102324
  Norm reduction (36) = 0.001382857054683162

  Quadratic cost function: J   (36) = 256844.1763165465
  Quadratic cost function: Jb  (36) = 64611.41750088577
  Quadratic cost function: JoJc(36) = 192232.7588156607

 DRPCG Starting Iteration 37
rdots 55.4384      iteration    36
DRPCG end of iteration 37
  Residual norm (37) = 7.44569662596384
  Norm reduction (37) = 0.00116133976063478

  Quadratic cost function: J   (37) = 256843.3492195562
  Quadratic cost function: Jb  (37) = 64615.56911678204
  Quadratic cost function: JoJc(37) = 192227.7801027742

 DRPCG Starting Iteration 38
rdots 40.0448      iteration    37
DRPCG end of iteration 38
  Residual norm (38) = 6.328098057693139
  Norm reduction (38) = 0.0009870227398156228

  Quadratic cost function: J   (38) = 256842.7417398968
  Quadratic cost function: Jb  (38) = 64618.71508071795
  Quadratic cost function: JoJc(38) = 192224.0266591789

DRPCG: Achieved required reduction in residual norm.
OOPS_STATS DRPCG end                                - Runtime:   361.43 sec,  Local Memory:     7.02 GB
DRPCGMinimizer: reduction in residual norm = 0.000987023
DRPCGMinimizer output increment:
  Valid time: 2026-06-05T18:00:00Z
  Resolution: nCellsGlobal = 2341818, nFields = 12
Fld=1  Min=-0.0106766, Max=0.00976604, RMS=8.02977e-05 : water_vapor_mixing_ratio_wrt_moist_air
Fld=2  Min=-70.5432, Max=85.2301, RMS=1.49581 : air_pressure_at_surface
Fld=3  Min=-6.80702, Max=6.35079, RMS=0.0783846 : air_temperature
Fld=4  Min=-19.8984, Max=24.1214, RMS=0.268584 : northward_wind
Fld=5  Min=-26.2533, Max=26.3959, RMS=0.288522 : eastward_wind
Fld=6  Min=-0.00469544, Max=0.00519659, RMS=1.57585e-05 : cloud_liquid_water
Fld=7  Min=-0.000942924, Max=0.00229052, RMS=4.27008e-06 : cloud_liquid_ice
Fld=8  Min=-0.00505851, Max=0.00546421, RMS=2.58295e-05 : rain_water
Fld=9  Min=-0.00425877, Max=0.00529283, RMS=3.51217e-05 : snow_water
Fld=10  Min=-0.00553509, Max=0.00687461, RMS=1.71808e-05 : graupel
Fld=11  Min=-77.7345, Max=70.7445, RMS=1.85102 : equivalent_reflectivity_factor
Fld=12  Min=0, Max=0, RMS=0 : upward_air_velocity
CostFunction::addIncrement: First guess:
  Valid time: 2026-06-05T18:00:00Z
  Resolution: nCellsGlobal = 2341818, nFields = 35
Fld=1  Min=0, Max=0.0213622, RMS=0.00612985 : water_vapor_mixing_ratio_wrt_moist_air
Fld=2  Min=63848.2, Max=102329, RMS=96418.7 : air_pressure_at_surface
Fld=3  Min=192.919, Max=312.498, RMS=261.464 : air_temperature
Fld=4  Min=-37.8213, Max=47.786, RMS=7.06744 : northward_wind
Fld=5  Min=-20.3971, Max=64.0633, RMS=10.7745 : eastward_wind
Fld=6  Min=272.388, Max=644.139, RMS=356.468 : air_potential_temperature
Fld=7  Min=0.0385204, Max=1.27952, RMS=0.778341 : dry_air_density
Fld=8  Min=-66.3793, Max=66.3696, RMS=9.08215 : u
Fld=9  Min=0, Max=0.0218285, RMS=0.00620253 : water_vapor_mixing_ratio_wrt_dry_air
Fld=10  Min=2451.5, Max=102220, RMS=64296.3 : air_pressure
Fld=11  Min=0, Max=1, RMS=0.790008 : landmask
Fld=12  Min=0, Max=0.997171, RMS=0.0253675 : seaice_fraction
Fld=13  Min=0, Max=1, RMS=0.0498824 : snowc
Fld=14  Min=270.291, Max=322.859, RMS=298.687 : skin_temperature_at_surface
Fld=15  Min=1, Max=19, RMS=12.7664 : ivgtyp
Fld=16  Min=1, Max=16, RMS=9.97061 : isltyp
Fld=17  Min=0, Max=7.5, RMS=0.152752 : snowh
Fld=18  Min=0, Max=0.928064, RMS=0.419886 : vegetation_area_fraction
Fld=19  Min=262.804, Max=313.416, RMS=295.459 : air_temperature_at_2m
Fld=20  Min=0.000703471, Max=0.0217748, RMS=0.0113423 : water_vapor_mixing_ratio_wrt_moist_air_at_2m
Fld=21  Min=-15.2324, Max=14.9437, RMS=3.25621 : eastward_wind_at_10m
Fld=22  Min=-14.5436, Max=12.003, RMS=3.61341 : northward_wind_at_10m
Fld=23  Min=0, Max=6.56301, RMS=1.71513 : lai
Fld=24  Min=0.00200001, Max=1, RMS=0.633321 : smois
Fld=25  Min=262.305, Max=323.925, RMS=293.213 : tslb
Fld=26  Min=-874.655, Max=5790.91, RMS=3140.63 : pressure_p
Fld=27  Min=0, Max=0.00590776, RMS=3.67296e-05 : cloud_liquid_water
Fld=28  Min=0, Max=0.00349647, RMS=8.65646e-06 : cloud_liquid_ice
Fld=29  Min=0, Max=0.0115489, RMS=1.92662e-05 : graupel
Fld=30  Min=0, Max=0.0132326, RMS=3.66556e-05 : rain_water
Fld=31  Min=0, Max=0.00570857, RMS=4.88332e-05 : snow_water
Fld=32  Min=0, Max=1, RMS=0.17596 : cldfrac
Fld=33  Min=0, Max=68.1541, RMS=3.25962 : equivalent_reflectivity_factor
Fld=34  Min=-11.3769, Max=24.9806, RMS=0.131327 : w
Fld=35  Min=0, Max=0, RMS=0 : upward_air_velocity
CostFunction::addIncrement: Increment:
  Valid time: 2026-06-05T18:00:00Z
  Resolution: nCellsGlobal = 2341818, nFields = 12
Fld=1  Min=-0.0106766, Max=0.00976604, RMS=8.02977e-05 : water_vapor_mixing_ratio_wrt_moist_air
Fld=2  Min=-70.5432, Max=85.2301, RMS=1.49581 : air_pressure_at_surface
Fld=3  Min=-6.80702, Max=6.35079, RMS=0.0783846 : air_temperature
Fld=4  Min=-19.8984, Max=24.1214, RMS=0.268584 : northward_wind
Fld=5  Min=-26.2533, Max=26.3959, RMS=0.288522 : eastward_wind
Fld=6  Min=-0.00469544, Max=0.00519659, RMS=1.57585e-05 : cloud_liquid_water
Fld=7  Min=-0.000942924, Max=0.00229052, RMS=4.27008e-06 : cloud_liquid_ice
Fld=8  Min=-0.00505851, Max=0.00546421, RMS=2.58295e-05 : rain_water
Fld=9  Min=-0.00425877, Max=0.00529283, RMS=3.51217e-05 : snow_water
Fld=10  Min=-0.00553509, Max=0.00687461, RMS=1.71808e-05 : graupel
Fld=11  Min=-77.7345, Max=70.7445, RMS=1.85102 : equivalent_reflectivity_factor
Fld=12  Min=0, Max=0, RMS=0 : upward_air_velocity
CostFunction::addIncrement: Analysis: 
  Valid time: 2026-06-05T18:00:00Z
  Resolution: nCellsGlobal = 2341818, nFields = 35
Fld=1  Min=0, Max=0.0213622, RMS=0.00612947 : water_vapor_mixing_ratio_wrt_moist_air
Fld=2  Min=63848.2, Max=102329, RMS=96418.7 : air_pressure_at_surface
Fld=3  Min=193.423, Max=312.498, RMS=261.465 : air_temperature
Fld=4  Min=-37.8213, Max=49.1325, RMS=7.07178 : northward_wind
Fld=5  Min=-28.5855, Max=64.0633, RMS=10.7741 : eastward_wind
Fld=6  Min=272.388, Max=644.139, RMS=356.469 : air_potential_temperature
Fld=7  Min=0.0385204, Max=1.27952, RMS=0.778336 : dry_air_density
Fld=8  Min=-67.9427, Max=68.0476, RMS=9.08328 : u
Fld=9  Min=0, Max=0.0218285, RMS=0.00620215 : water_vapor_mixing_ratio_wrt_dry_air
Fld=10  Min=2451.5, Max=102220, RMS=64296.4 : air_pressure
Fld=11  Min=0, Max=1, RMS=0.790008 : landmask
Fld=12  Min=0, Max=0.997171, RMS=0.0253675 : seaice_fraction
Fld=13  Min=0, Max=1, RMS=0.0498824 : snowc
Fld=14  Min=270.291, Max=322.859, RMS=298.687 : skin_temperature_at_surface
Fld=15  Min=1, Max=19, RMS=12.7664 : ivgtyp
Fld=16  Min=1, Max=16, RMS=9.97061 : isltyp
Fld=17  Min=0, Max=7.5, RMS=0.152752 : snowh
Fld=18  Min=0, Max=0.928064, RMS=0.419886 : vegetation_area_fraction
Fld=19  Min=262.828, Max=313.416, RMS=295.464 : air_temperature_at_2m
Fld=20  Min=0.000703471, Max=0.0217748, RMS=0.0113414 : water_vapor_mixing_ratio_wrt_moist_air_at_2m
Fld=21  Min=-15.2324, Max=14.9437, RMS=3.25621 : eastward_wind_at_10m
Fld=22  Min=-14.5436, Max=12.003, RMS=3.61341 : northward_wind_at_10m
Fld=23  Min=0, Max=6.56301, RMS=1.71513 : lai
Fld=24  Min=0.00200001, Max=1, RMS=0.633321 : smois
Fld=25  Min=262.305, Max=323.925, RMS=293.213 : tslb
Fld=26  Min=-874.655, Max=5766.52, RMS=3140.71 : pressure_p
Fld=27  Min=0, Max=0.00581652, RMS=3.66987e-05 : cloud_liquid_water
Fld=28  Min=0, Max=0.00275047, RMS=9.00138e-06 : cloud_liquid_ice
Fld=29  Min=0, Max=0.0104031, RMS=2.09375e-05 : graupel
Fld=30  Min=0, Max=0.0132326, RMS=3.33307e-05 : rain_water
Fld=31  Min=0, Max=0.0067464, RMS=4.98845e-05 : snow_water
Fld=32  Min=0, Max=1, RMS=0.17596 : cldfrac
Fld=33  Min=0, Max=72.0893, RMS=2.85003 : equivalent_reflectivity_factor
Fld=34  Min=-11.3769, Max=24.9806, RMS=0.131327 : w
Fld=35  Min=0, Max=0, RMS=0 : upward_air_velocity
OOPS_STATS IncrementalAssimilation end              - Runtime:   361.59 sec,  Local Memory:     7.02 GB
Variational: incremental assimilation done 1 iterations.
QC refl10cm equivalentReflectivityFactor: 137152 H(x) failed.
QC refl10cm equivalentReflectivityFactor: 3 rejected by first-guess check.
QC refl10cm equivalentReflectivityFactor: 3773547 passed out of 3910702 observations.
ObsErrorDiagonal covariance updated 3773547
Observer::finalize QC = 
refl10cm equivalentReflectivityFactor nlocs = 3910702, nobs = 3910702, min = 0, max = 19, avg = 0
Jo Observations:
Jo Obs :refl10cm:equivalentReflectivityFactor   : Nobs=  3773547, Min= 0.000000e+00, Max= 5.925248e+01, RMS= 3.261153e+00
Jo Observations Equivalent:
Jo H(x):refl10cm:equivalentReflectivityFactor   : Nobs=  3773547, Min= 0.000000e+00, Max= 6.455434e+01, RMS= 2.853833e+00
Jo Bias Corrected Departures:
Jo Dep :refl10cm:equivalentReflectivityFactor   : Nobs=  3773547, Min=-5.213316e+01, Max= 5.109577e+01, RMS= 1.602331e+00
Jo Observations Errors:
UFO Diagonal observation error covariance, inverse variances: refl10cm nobs= 3773547 Min=0.04, Max=0.04, RMS=0.04



CostJo   : Nonlinear Jo(refl10cm) = 193769, nobs = 3773547, Jo/n = 0.0513493, err = 5
CostJo   : Nonlinear Jo = 193769
Increment:diff x1 2
Increment:diff x2 1
CostJb: FG-BG
  Valid time: 2026-06-05T18:00:00Z
  Resolution: nCellsGlobal = 2341818, nFields = 12
Fld=1  Min=-0.0106766, Max=0.00976604, RMS=8.01519e-05 : water_vapor_mixing_ratio_wrt_moist_air
Fld=2  Min=-70.5432, Max=85.2301, RMS=1.49581 : air_pressure_at_surface
Fld=3  Min=-6.80702, Max=6.35079, RMS=0.0783846 : air_temperature
Fld=4  Min=-19.8984, Max=24.1214, RMS=0.268584 : northward_wind
Fld=5  Min=-26.2533, Max=26.3959, RMS=0.288522 : eastward_wind
Fld=6  Min=-0.00201657, Max=0.00519659, RMS=1.26253e-05 : cloud_liquid_water
Fld=7  Min=-0.000942924, Max=0.00229052, RMS=3.7079e-06 : cloud_liquid_ice
Fld=8  Min=-0.00498069, Max=0.00546421, RMS=1.84023e-05 : rain_water
Fld=9  Min=-0.00354708, Max=0.00529283, RMS=3.20889e-05 : snow_water
Fld=10  Min=-0.00553509, Max=0.00687461, RMS=1.40161e-05 : graupel
Fld=11  Min=-64.0849, Max=70.7445, RMS=1.78889 : equivalent_reflectivity_factor
Fld=12  Min=0, Max=0, RMS=0 : upward_air_velocity
CostFunction: Nonlinear J = 193769
OOPS_STATS Variational end                          - Runtime:   366.62 sec,  Local Memory:     7.02 GB
==> destruct MPAS corelist and domain:  0
Tried to erase key "mesh[address=0x497e510],halo[size=0]" from cache "NodeColumnsHaloExchangeCache" but it was not found.
Erased key "mesh[address=0x497e510],halo[size=1]" from cache "NodeColumnsHaloExchangeCache".
==> destruct MPAS corelist and domain:  1
refl10cm: save database to jdiag_mrms_refl.nc (io pool size: 4)
QC refl10cm equivalentReflectivityFactor: 137152 H(x) failed.
QC refl10cm equivalentReflectivityFactor: 3 rejected by first-guess check.
QC refl10cm equivalentReflectivityFactor: 3773547 passed out of 3910702 observations.
Erased key "mesh[address=0x7dd3a70]" from cache "NodeColumnsGatherScatterCache".
Tried to erase key "mesh[address=0x7dd3a70],halo[size=0]" from cache "NodeColumnsHaloExchangeCache" but it was not found.
Erased key "mesh[address=0x7dd3a70],halo[size=1]" from cache "NodeColumnsHaloExchangeCache".

Run: Finishing oops::Variational<MPAS, UFO and IODA observations>
OOPS_STATS  
OOPS_STATS ----------------------------------------------------------------------------------
OOPS_STATS --------------------------- Object counts ----------------------------------------
OOPS_STATS ----------------------------------------------------------------------------------
OOPS_STATS                                      Total  Simult. Remain    Avg (Mb)    HWM (Mb)
OOPS_STATS ioda::ObsDataVector             :        8       5        
OOPS_STATS ioda::ObsVector                 :       96       8        
OOPS_STATS mpas::Geometry                  :        2       2        
OOPS_STATS mpas::Increment                 :     2774     123        
OOPS_STATS mpas::LinVarChaModel2GeoVars    :        1       1        
OOPS_STATS mpas::ModelBias                 :        4       3        
OOPS_STATS mpas::ModelBiasCovariance       :        1       1        
OOPS_STATS mpas::State                     :       75      34        
OOPS_STATS mpas::VarChaModel2GeoVars       :        3       1        
OOPS_STATS oops::ControlIncrement          :      170      90               15.22     1369.84
OOPS_STATS oops::ControlVariable           :        4       3        
OOPS_STATS oops::Diffusion                 :        1       1        
OOPS_STATS oops::EnsembleCovariance        :        1       1             3535.76     3535.76
OOPS_STATS oops::GeoVaLs                   :       80       1        
OOPS_STATS oops::Geometry                  :        2       2        
OOPS_STATS oops::GetValues                 :        3       2        
OOPS_STATS oops::Increment                 :     2696     123               15.02     1872.11
OOPS_STATS oops::LinearObsOperator         :        1       1        
OOPS_STATS oops::LocalInterpolator         :     2400    1600        
OOPS_STATS oops::Localization              :        1       1        
OOPS_STATS oops::ModelAuxControl           :        4       3        
OOPS_STATS oops::ModelAuxCovariance        :        1       1        
OOPS_STATS oops::ModelAuxIncrement         :      170      90        
OOPS_STATS oops::ObsAuxControl             :        4       3        
OOPS_STATS oops::ObsAuxCovariance          :        1       1        
OOPS_STATS oops::ObsAuxIncrement           :      170      90        
OOPS_STATS oops::ObsAuxIncrements          :      170      90        
OOPS_STATS oops::ObsAuxPreconditioner      :        2       2        
OOPS_STATS oops::ObsDataVector             :        4       4        
OOPS_STATS oops::ObsDiagnostics            :        2       1        
OOPS_STATS oops::ObsError                  :        1       1        
OOPS_STATS oops::ObsOperator               :        2       2        
OOPS_STATS oops::ObsSpace                  :        1       1                2.87        2.87
OOPS_STATS oops::ObsSpaces                 :        1       1        
OOPS_STATS oops::ObsVector                 :       96       7                0.04        0.23
OOPS_STATS oops::SampledLocations          :        8       4        
OOPS_STATS oops::State                     :       72      34               21.39      702.08
OOPS_STATS oops::UnstructuredInterpolator  :     2400    1600        
OOPS_STATS oops::VariableChange            :        3       1        
OOPS_STATS ufo::BackgroundCheck            :        1       1        
OOPS_STATS ufo::FinalCheck                 :        2       2        
OOPS_STATS ufo::GeoVaLs                    :       83       2        
OOPS_STATS ufo::ObsBias                    :        4       3        
OOPS_STATS ufo::ObsBiasCovariance          :        1       1        
OOPS_STATS ufo::ObsBiasPreconditioner      :        1       1        
OOPS_STATS ufo::ObsFilter                  :        9       6        
OOPS_STATS ufo::ObsFilterData              :        3       3        
OOPS_STATS ufo::ObsVertInterp              :        2       2        
OOPS_STATS ufo::ObsVertInterpTLAD          :        1       1        
OOPS_STATS ufo::SampledLocations           :        4       3        
OOPS_STATS ----------------------------- Object counts --------------------------------------
OOPS_STATS  
OOPS_STATS --------------------------------------------------------------------------------------------
OOPS_STATS ------------------------------------ Timing Statistics -------------------------------------
OOPS_STATS --------------------------------------------------------------------------------------------
OOPS_STATS Name                                                :   total (ms)   count    time/call (ms)
OOPS_STATS ObsFilter::Background Check::ObsFilter              :         0.15       1            0.1491
OOPS_STATS ObsFilter::Background Check::postFilter             :        31.55       1           31.5523
OOPS_STATS ObsFilter::Background Check::preProcess             :         0.00       1            0.0040
OOPS_STATS ObsFilter::Background Check::priorFilter            :         0.02       1            0.0245
OOPS_STATS ObsFilter::Final Check::ObsFilter                   :         3.35       2            1.6769
OOPS_STATS ObsFilter::Final Check::postFilter                  :         0.05       2            0.0231
OOPS_STATS ObsFilter::Final Check::preProcess                  :         0.19       2            0.0962
OOPS_STATS ObsFilter::Final Check::priorFilter                 :         0.00       2            0.0025
OOPS_STATS ObsFilter::QCmanager::ObsFilter                     :         1.22       2            0.6099
OOPS_STATS ObsFilter::QCmanager::postFilter                    :         0.22       2            0.1108
OOPS_STATS ObsFilter::QCmanager::preProcess                    :         0.00       2            0.0001
OOPS_STATS ObsFilter::QCmanager::priorFilter                   :         0.00       2            0.0001
OOPS_STATS ioda::ObsSpace::get_db(DateTime)                    :         1.34       4            0.3345
OOPS_STATS ioda::ObsSpace::get_db(double)                      :         0.30       5            0.0603
OOPS_STATS ioda::ObsSpace::get_db(float)                       :         1.12      12            0.0937
OOPS_STATS ioda::ObsSpace::load                                :       719.75       1          719.7508
OOPS_STATS ioda::ObsSpace::put_db(double)                      :         0.28       6            0.0474
OOPS_STATS ioda::ObsSpace::put_db(float)                       :         0.07       2            0.0374
OOPS_STATS ioda::ObsSpace::put_db(int)                         :         0.46       2            0.2289
OOPS_STATS mpas::LinVarChaModel2GeoVars::LinVarChaModel2GeoVar :         2.85       1            2.8460
OOPS_STATS mpas::LinVarChaModel2GeoVars::changeVarAD           :      1237.68      39           31.7354
OOPS_STATS mpas::LinVarChaModel2GeoVars::changeVarTL           :       135.91      38            3.5766
OOPS_STATS mpas::LinVarChaModel2GeoVars::~LinVarChaModel2GeoVa :         0.04       1            0.0385
OOPS_STATS mpas::VarChaModel2GeoVars::VarChaModel2GeoVars      :         0.05       3            0.0173
OOPS_STATS mpas::VarChaModel2GeoVars::changeVar                :        12.87       3            4.2894
OOPS_STATS mpas::VarChaModel2GeoVars::~VarChaModel2GeoVars     :         0.01       3            0.0021
OOPS_STATS oops::Covariance::EnsembleCovariance                :     66504.49       1        66504.4911
OOPS_STATS oops::Covariance::ensemble::Constructor             :         0.01       1            0.0064
OOPS_STATS oops::Covariance::ensemble::multiply                :    214675.65      39         5504.5039
OOPS_STATS oops::Diffusion::Diffusion                          :         0.00       1            0.0001
OOPS_STATS oops::Diffusion::calculateDerivedGeom               :         1.86       1            1.8636
OOPS_STATS oops::Diffusion::multiplySqrtAD                     :     54150.85    1170           46.2828
OOPS_STATS oops::Diffusion::multiplySqrtTL                     :     46019.15    1170           39.3326
OOPS_STATS oops::Diffusion::setParameters                      :         5.05       1            5.0473
OOPS_STATS oops::GeoVaLs::GeoVaLs                              :        22.88      80            0.2860
OOPS_STATS oops::GeoVaLs::fill                                 :        30.34   27500            0.0011
OOPS_STATS oops::GeoVaLs::fillAD                               :        21.30   24375            0.0009
OOPS_STATS oops::GeoVaLs::~GeoVaLs                             :         0.46      80            0.0057
OOPS_STATS oops::Geometry::Geometry                            :     49735.16       2        24867.5815
OOPS_STATS oops::Geometry::variableSizes                       :         4.60      11            0.4182
OOPS_STATS oops::Geometry::~Geometry                           :       455.84       2          227.9205
OOPS_STATS oops::GeometryData::containingTriangleAndBarycentri :        44.56   20505            0.0022
OOPS_STATS oops::GeometryData::setGlobalTree                   :      1808.01       2          904.0052
OOPS_STATS oops::GeometryData::setLocalTree                    :         3.16       2            1.5810
OOPS_STATS oops::GeometryData::setMeshAndTriangulation         :         0.30       2            0.1513
OOPS_STATS oops::GetValues::GetValues                          :       480.82       3          160.2729
OOPS_STATS oops::GetValues::fillGeoVaLs                        :        50.47       3           16.8217
OOPS_STATS oops::GetValues::fillGeoVaLsAD                      :       106.80      39            2.7385
OOPS_STATS oops::GetValues::fillGeoVaLsTL                      :       727.42      38           19.1426
OOPS_STATS oops::GetValues::finalize                           :        19.40       3            6.4683
OOPS_STATS oops::GetValues::finalizeAD                         :      1729.27      39           44.3404
OOPS_STATS oops::GetValues::finalizeTL                         :        94.24      38            2.4799
OOPS_STATS oops::GetValues::initialize                         :         1.82       3            0.6071
OOPS_STATS oops::GetValues::initializeAD                       :         4.63      39            0.1186
OOPS_STATS oops::GetValues::initializeTL                       :        17.41      38            0.4581
OOPS_STATS oops::GetValues::process                            :        16.77       3            5.5895
OOPS_STATS oops::GetValues::processAD                          :       119.34      39            3.0600
OOPS_STATS oops::GetValues::processTL                          :       129.44      38            3.4064
OOPS_STATS oops::Increment::Increment                          :     24220.80    2696            8.9840
OOPS_STATS oops::Increment::axpy                               :      4835.97     817            5.9192
OOPS_STATS oops::Increment::diff                               :       332.10      33           10.0636
OOPS_STATS oops::Increment::dot_product_with                   :      7696.26     897            8.5800
OOPS_STATS oops::Increment::fromFieldSet                       :     10407.58    1209            8.6084
OOPS_STATS oops::Increment::operator*=                         :       198.55     115            1.7265
OOPS_STATS oops::Increment::operator+=                         :      9601.55    1353            7.0965
OOPS_STATS oops::Increment::operator+=(State, Increment)       :        44.95       1           44.9473
OOPS_STATS oops::Increment::operator-=                         :       139.76      30            4.6587
OOPS_STATS oops::Increment::operator=                          :      5050.97    1492            3.3854
OOPS_STATS oops::Increment::print                              :     27576.64    1177           23.4296
OOPS_STATS oops::Increment::schur_product_with                 :     10676.55    2340            4.5626
OOPS_STATS oops::Increment::serialSize                         :         4.72     170            0.0277
OOPS_STATS oops::Increment::toFieldSet                         :      9289.04    1247            7.4491
OOPS_STATS oops::Increment::zero                               :       111.02     118            0.9408
OOPS_STATS oops::Increment::~Increment                         :       152.19    2696            0.0565
OOPS_STATS oops::LinearObsOper::refl10cm::LinearObsOperator    :         1.10       1            1.0975
OOPS_STATS oops::LinearObsOper::refl10cm::requiredVars         :         0.12      79            0.0015
OOPS_STATS oops::LinearObsOper::refl10cm::setTrajectory        :        14.40       1           14.4030
OOPS_STATS oops::LinearObsOper::refl10cm::simulateObsAD        :         2.73      39            0.0700
OOPS_STATS oops::LinearObsOper::refl10cm::simulateObsTL        :         9.00      38            0.2368
OOPS_STATS oops::LinearObsOper::refl10cm::~LinearObsOperator   :         2.96       1            2.9611
OOPS_STATS oops::LinearVariableChange::LinearVariableChange    :         0.07       1            0.0681
OOPS_STATS oops::LinearVariableChange::changeVarAD             :      1853.02      39           47.5134
OOPS_STATS oops::LinearVariableChange::changeVarTL             :       440.33      38           11.5877
OOPS_STATS oops::LinearVariableChange::changeVarTraj           :         2.86       1            2.8635
OOPS_STATS oops::LinearVariableChange::~LinearVariableChange   :         0.05       1            0.0505
OOPS_STATS oops::LocalInterpolator::LocalInterpolator          :        51.69    2400            0.0215
OOPS_STATS oops::LocalInterpolator::apply                      :        15.50    2400            0.0065
OOPS_STATS oops::LocalInterpolator::applyAD                    :       103.46   31200            0.0033
OOPS_STATS oops::LocalInterpolator::applyTL                    :       114.14   30400            0.0038
OOPS_STATS oops::LocalInterpolator::preprocess                 :      1287.10      41           31.3927
OOPS_STATS oops::LocalInterpolator::preprocessAD               :        35.23      39            0.9033
OOPS_STATS oops::LocalInterpolator::~LocalInterpolator         :         1.47    2400            0.0006
OOPS_STATS oops::Localization::Localization                    :      7566.82       1         7566.8207
OOPS_STATS oops::Localization::multiply                        :    178278.05    1170          152.3744
OOPS_STATS oops::Localization::~Localization                   :         0.37       1            0.3715
OOPS_STATS oops::ModelAuxControl::ModelAuxControl              :         0.01       4            0.0031
OOPS_STATS oops::ModelAuxControl::print                        :         0.00       3            0.0008
OOPS_STATS oops::ModelAuxControl::~ModelAuxControl             :         0.00       4            0.0009
OOPS_STATS oops::ModelAuxCovariance::ModelAuxCovariance        :         0.01       1            0.0070
OOPS_STATS oops::ModelAuxCovariance::linearize                 :         0.00       1            0.0001
OOPS_STATS oops::ModelAuxCovariance::multiply                  :         0.01      39            0.0003
OOPS_STATS oops::ModelAuxCovariance::~ModelAuxCovariance       :         0.00       1            0.0010
OOPS_STATS oops::ModelAuxIncrement::ModelAuxIncrement          :         0.17     170            0.0010
OOPS_STATS oops::ModelAuxIncrement::axpy                       :         0.31     817            0.0004
OOPS_STATS oops::ModelAuxIncrement::diff                       :         0.00       3            0.0004
OOPS_STATS oops::ModelAuxIncrement::dot_product_with           :         0.24     897            0.0003
OOPS_STATS oops::ModelAuxIncrement::operator*=                 :         0.04      75            0.0005
OOPS_STATS oops::ModelAuxIncrement::operator+=                 :         0.08     114            0.0007
OOPS_STATS oops::ModelAuxIncrement::operator+=ModelAuxControl  :         0.00       1            0.0001
OOPS_STATS oops::ModelAuxIncrement::operator=                  :         0.01      42            0.0003
OOPS_STATS oops::ModelAuxIncrement::print                      :         0.00       7            0.0005
OOPS_STATS oops::ModelAuxIncrement::serialSize                 :         0.01     170            0.0001
OOPS_STATS oops::ModelAuxIncrement::zero                       :         0.01      39            0.0003
OOPS_STATS oops::ModelAuxIncrement::~ModelAuxIncrement         :         0.04     170            0.0002
OOPS_STATS oops::ObsAuxControl::ObsAuxControl                  :         0.27       4            0.0678
OOPS_STATS oops::ObsAuxControl::print                          :         0.01       3            0.0036
OOPS_STATS oops::ObsAuxControl::requiredHdiagnostics           :         0.00       2            0.0002
OOPS_STATS oops::ObsAuxControl::requiredVars                   :         0.00       6            0.0002
OOPS_STATS oops::ObsAuxControl::write                          :         0.34       1            0.3406
OOPS_STATS oops::ObsAuxControl::~ObsAuxControl                 :         1.51       4            0.3774
OOPS_STATS oops::ObsAuxCovariance::ObsAuxCovariance            :         0.14       1            0.1372
OOPS_STATS oops::ObsAuxCovariance::inverseMultiply             :         0.05      39            0.0013
OOPS_STATS oops::ObsAuxCovariance::linearize                   :         3.23       1            3.2309
OOPS_STATS oops::ObsAuxCovariance::multiply                    :         0.23      39            0.0059
OOPS_STATS oops::ObsAuxCovariance::preconditioner              :         0.02       1            0.0214
OOPS_STATS oops::ObsAuxCovariance::write                       :         0.17       1            0.1722
OOPS_STATS oops::ObsAuxCovariance::~ObsAuxCovariance           :         0.01       1            0.0119
OOPS_STATS oops::ObsAuxIncrement::ObsAuxIncrement              :         3.32     170            0.0195
OOPS_STATS oops::ObsAuxIncrement::axpy                         :         1.08     817            0.0013
OOPS_STATS oops::ObsAuxIncrement::diff                         :         0.02       3            0.0050
OOPS_STATS oops::ObsAuxIncrement::dot_product_with             :         0.52     897            0.0006
OOPS_STATS oops::ObsAuxIncrement::operator*=                   :         0.10      75            0.0013
OOPS_STATS oops::ObsAuxIncrement::operator+=                   :         0.21     114            0.0018
OOPS_STATS oops::ObsAuxIncrement::operator=                    :         0.03      42            0.0007
OOPS_STATS oops::ObsAuxIncrement::print                        :         0.01       7            0.0010
OOPS_STATS oops::ObsAuxIncrement::serialSize                   :         0.01     340            0.0000
OOPS_STATS oops::ObsAuxIncrement::zero                         :         0.06      39            0.0015
OOPS_STATS oops::ObsAuxIncrement::~ObsAuxIncrement             :         1.77     170            0.0104
OOPS_STATS oops::ObsAuxPreconditioner::multiply                :         0.03      39            0.0009
OOPS_STATS oops::ObsAuxPreconditioner::~ObsAuxPreconditioner   :         0.28       2            0.1413
OOPS_STATS oops::ObsDataVector::ObsDataVector                  :         0.10       4            0.0258
OOPS_STATS oops::ObsDataVector::mask                           :         0.01       2            0.0038
OOPS_STATS oops::ObsDataVector::operator=                      :         0.17       2            0.0855
OOPS_STATS oops::ObsDataVector::print                          :        10.18       2            5.0892
OOPS_STATS oops::ObsDataVector::save                           :         0.55       4            0.1377
OOPS_STATS oops::ObsDataVector::~ObsDataVector                 :         0.01       4            0.0017
OOPS_STATS oops::ObsDiagnostics::ObsDiagnostics                :         0.07       2            0.0355
OOPS_STATS oops::ObsDiagnostics::~ObsDiagnostics               :         0.02       2            0.0080
OOPS_STATS oops::ObsError::getRMSE                             :        20.60       4            5.1491
OOPS_STATS oops::ObsError::inverseMultiply                     :         0.81      40            0.0203
OOPS_STATS oops::ObsError::obserrors                           :         0.04       6            0.0074
OOPS_STATS oops::ObsError::update                              :        18.37       2            9.1838
OOPS_STATS oops::ObsError::~ObsError                           :         1.54       1            1.5413
OOPS_STATS oops::ObsOperator::refl10cm::ObsOperator            :        20.22       2           10.1086
OOPS_STATS oops::ObsOperator::refl10cm::computeReducedVars     :         2.94       3            0.9805
OOPS_STATS oops::ObsOperator::refl10cm::locations              :         1.51       3            0.5021
OOPS_STATS oops::ObsOperator::refl10cm::requiredVars           :         0.00       3            0.0013
OOPS_STATS oops::ObsOperator::refl10cm::simulateObs            :         1.59       2            0.7942
OOPS_STATS oops::ObsOperator::refl10cm::~ObsOperator           :         1.56       2            0.7801
OOPS_STATS oops::ObsSpace::ObsSpace                            :       749.58       1          749.5811
OOPS_STATS oops::ObsSpace::obsvariables                        :         0.00       3            0.0000
OOPS_STATS oops::ObsSpace::save                                :      2380.16       1         2380.1643
OOPS_STATS oops::ObsSpace::~ObsSpace                           :         1.61       1            1.6097
OOPS_STATS oops::ObsVector::ObsVector                          :         1.16      94            0.0123
OOPS_STATS oops::ObsVector::dot_product                        :         3.23       4            0.8070
OOPS_STATS oops::ObsVector::info                               :         4.07       6            0.6782
OOPS_STATS oops::ObsVector::operator*=                         :         0.01       2            0.0049
OOPS_STATS oops::ObsVector::operator-=                         :         0.03       2            0.0127
OOPS_STATS oops::ObsVector::operator=                          :         0.40       4            0.1003
OOPS_STATS oops::ObsVector::rms                                :        10.15       4            2.5381
OOPS_STATS oops::ObsVector::save                               :         0.31       6            0.0517
OOPS_STATS oops::ObsVector::zero                               :         0.04      40            0.0010
OOPS_STATS oops::ObsVector::~ObsVector                         :         0.22      94            0.0023
OOPS_STATS oops::Parameters::deserialize                       :        22.96      97            0.2367
OOPS_STATS oops::Parameters::serialize                         :         1.75      80            0.0219
OOPS_STATS oops::Run::execute                                  :    368661.86       1       368661.8569
OOPS_STATS oops::SampledLocations::SampledLocations            :         0.00       4            0.0002
OOPS_STATS oops::SampledLocations::latitudes                   :         0.00       3            0.0001
OOPS_STATS oops::SampledLocations::longitudes                  :         0.00       3            0.0000
OOPS_STATS oops::SampledLocations::times                       :         0.00       3            0.0000
OOPS_STATS oops::SampledLocations::~SampledLocations           :         0.62       8            0.0773
OOPS_STATS oops::State::State                                  :     60574.72      72          841.3156
OOPS_STATS oops::State::print                                  :        50.71       3           16.9022
OOPS_STATS oops::State::toFieldSet                             :        29.85       5            5.9699
OOPS_STATS oops::State::variables                              :         0.00      58            0.0000
OOPS_STATS oops::State::write                                  :      4783.39       1         4783.3851
OOPS_STATS oops::State::zero                                   :        61.24      30            2.0412
OOPS_STATS oops::State::~State                                 :         7.29      72            0.1012
OOPS_STATS oops::UnstructuredInterpolator::UnstructuredInterpo :        50.54    2400            0.0211
OOPS_STATS oops::UnstructuredInterpolator::apply               :       120.87   32800            0.0037
OOPS_STATS oops::UnstructuredInterpolator::applyAD             :        73.41   31200            0.0024
OOPS_STATS oops::VariableChange::VariableChange                :         0.34       3            0.1118
OOPS_STATS oops::VariableChange::changeVar                     :        20.21       3            6.7366
OOPS_STATS oops::VariableChange::~VariableChange               :         0.02       3            0.0076
OOPS_STATS oops::util::FieldSetHelpers::readFieldSet           :      7499.18       2         3749.5920
OOPS_STATS saber::Localization::Localization                   :      7566.80       1         7566.8046
OOPS_STATS saber::Localization::multiply                       :    169408.11    1170          144.7933
OOPS_STATS saber::Localization::~Localization                  :         0.00       1            0.0001
OOPS_STATS ufo::ObsFilter::ObsFilter                           :         4.73       5            0.9461
OOPS_STATS ufo::ObsFilter::checkFilterData                     :         0.01      15            0.0004
OOPS_STATS ufo::ObsFilter::postFilter                          :        31.83       5            6.3652
OOPS_STATS ufo::ObsFilter::preProcess                          :         0.20       5            0.0399
OOPS_STATS ufo::ObsFilter::priorFilter                         :         0.04       5            0.0072
OOPS_STATS ufo::ObsFilter::~ObsFilter                          :        20.02       9            2.2244
OOPS_STATS util::Timers::measured                              :    368269.30       1       368269.2968
OOPS_STATS ------------------------------------ Timing Statistics -------------------------------------

OOPS_STATS ------------------------------------------------------------------------------------------------------------------
OOPS_STATS ---------------------------------- Parallel Timing Statistics ( 800 MPI tasks) -----------------------------------
OOPS_STATS ------------------------------------------------------------------------------------------------------------------
OOPS_STATS Name                                                :     min (ms)    max (ms)    avg (ms)     % total   imbal (%)
OOPS_STATS oops::Covariance::EnsembleCovariance                :     66502.34    66505.57    66504.75       18.04        0.00
OOPS_STATS oops::Covariance::ensemble::multiply                :    214236.72   215276.11   214638.19       58.22        0.48
OOPS_STATS oops::Diffusion::multiplySqrtAD                     :     52433.47    54726.62    53774.62       14.59        4.26
OOPS_STATS oops::Diffusion::multiplySqrtTL                     :     42558.62    72112.33    46748.15       12.68       63.22
OOPS_STATS oops::Geometry::Geometry                            :     48537.34    49881.01    49822.61       13.51        2.70
OOPS_STATS oops::Geometry::~Geometry                           :       443.56      631.13      544.25        0.15       34.46
OOPS_STATS oops::GeometryData::setGlobalTree                   :      1808.01     1944.66     1887.62        0.51        7.24
OOPS_STATS oops::GetValues::GetValues                          :       342.14     4158.90      436.68        0.12      874.05
OOPS_STATS oops::GetValues::fillGeoVaLsTL                      :       280.94     2269.35      626.28        0.17      317.50
OOPS_STATS oops::GetValues::finalizeAD                         :       565.63     2319.61     1813.02        0.49       96.74
OOPS_STATS oops::Increment::Increment                          :     13293.80    26028.30    22543.08        6.11       56.49
OOPS_STATS oops::Increment::axpy                               :      4225.98     5439.99     4923.42        1.34       24.66
OOPS_STATS oops::Increment::dot_product_with                   :      6749.11     8743.75     7714.89        2.09       25.85
OOPS_STATS oops::Increment::fromFieldSet                       :      8319.84    19633.91    10197.14        2.77      110.95
OOPS_STATS oops::Increment::operator+=                         :      7317.46    13204.43     9280.47        2.52       63.43
OOPS_STATS oops::Increment::operator=                          :      2926.88     5903.81     4917.75        1.33       60.53
OOPS_STATS oops::Increment::print                              :     14620.76    43047.26    28992.81        7.86       98.05
OOPS_STATS oops::Increment::schur_product_with                 :      5596.54    12393.12    10180.75        2.76       66.76
OOPS_STATS oops::Increment::toFieldSet                         :      7754.49    16609.56    10314.13        2.80       85.85
OOPS_STATS oops::LinearVariableChange::changeVarAD             :      1334.62     2313.55     1850.00        0.50       52.92
OOPS_STATS oops::LinearVariableChange::changeVarTL             :       373.95      744.86      481.46        0.13       77.04
OOPS_STATS oops::LocalInterpolator::preprocess                 :        69.09     1341.46     1296.52        0.35       98.14
OOPS_STATS oops::Localization::Localization                    :      7457.73     7681.14     7532.89        2.04        2.97
OOPS_STATS oops::Localization::multiply                        :    176842.00   194919.79   181270.36       49.17        9.97
OOPS_STATS oops::ObsSpace::ObsSpace                            :       696.85      753.35      724.15        0.20        7.80
OOPS_STATS oops::ObsSpace::save                                :      2205.39     2380.16     2289.71        0.62        7.63
OOPS_STATS oops::State::State                                  :     60424.63    60726.85    60570.35       16.43        0.50
OOPS_STATS oops::State::write                                  :      3549.80     4810.19     4785.08        1.30       26.34
OOPS_STATS oops::util::FieldSetHelpers::readFieldSet           :      7256.56     7499.18     7330.15        1.99        3.31
OOPS_STATS saber::Localization::Localization                   :      7457.72     7681.12     7532.87        2.04        2.97
OOPS_STATS saber::Localization::multiply                       :    167447.03   189687.91   171911.82       46.63       12.94
OOPS_STATS util::Timers::measured                              :    368269.30   368414.57   368357.56       99.91        0.04
OOPS_STATS oops::Run::execute                                  :    368615.76   368715.98   368673.94      100.00        0.03
OOPS_STATS ---------------------------------- Parallel Timing Statistics ( 800 MPI tasks) -----------------------------------

OOPS_STATS Run end                                  - Runtime:    369.69 sec,  Memory: total:  4017.10 GB, per task: min =     4.71 GB, max =     7.02 GB
Run: Finishing oops::Variational<MPAS, UFO and IODA observations> with status = 0
OOPS Ending   2026-06-05 20:54:10 (UTC+0000)
