Configuration input file is: jedivar.pass2.yaml
Full configuration is:YAMLConfiguration[path=jedivar.pass2.yaml, root={_member => {date => 2026-06-03T18:00:00Z , state variables => (water_vapor_mixing_ratio_wrt_moist_air,air_pressure_at_surface,air_temperature,northward_wind,eastward_wind,cloud_liquid_water,cloud_liquid_ice,rain_water,snow_water,graupel,equivalent_reflectivity_factor,upward_air_velocity) , stream name => ensemble} , output => {filename => mpasout.nc , stream name => analysis} , variational => {minimizer => {algorithm => DRPCG} , iterations => ({geometry => {nml_file => ./namelist.atmosphere , streams_file => ./streams.atmosphere , deallocate non-da fields => true , interpolation type => unstructured} , gradient norm reduction => 0.001 , ninner => 75})} , cost function => {cost type => 3D-Var , time window => {begin => 2026-06-03T16:00:00Z , length => PT4H} , jb evaluation => false , geometry => {nml_file => ./namelist.atmosphere , streams_file => ./streams.atmosphere , deallocate non-da fields => true , interpolation type => unstructured} , analysis variables => (water_vapor_mixing_ratio_wrt_moist_air,air_pressure_at_surface,air_temperature,northward_wind,eastward_wind,cloud_liquid_water,cloud_liquid_ice,rain_water,snow_water,graupel,equivalent_reflectivity_factor,upward_air_velocity) , background => {state variables => (water_vapor_mixing_ratio_wrt_moist_air,air_pressure_at_surface,air_temperature,northward_wind,eastward_wind,air_potential_temperature,dry_air_density,u,water_vapor_mixing_ratio_wrt_dry_air,air_pressure,landmask,seaice_fraction,snowc,skin_temperature_at_surface,ivgtyp,isltyp,snowh,vegetation_area_fraction,air_temperature_at_2m,water_vapor_mixing_ratio_wrt_moist_air_at_2m,eastward_wind_at_10m,northward_wind_at_10m,lai,smois,tslb,pressure_p,cloud_liquid_water,cloud_liquid_ice,graupel,rain_water,snow_water,cldfrac,equivalent_reflectivity_factor,w,upward_air_velocity) , filename => mpasout.nc , date => 2026-06-03T18:00:00Z} , background error => {covariance model => ensemble , localization => {localization method => SABER , saber central block => {saber block name => diffusion , active variables => (water_vapor_mixing_ratio_wrt_moist_air,air_pressure_at_surface,air_temperature,northward_wind,eastward_wind,cloud_liquid_water,cloud_liquid_ice,rain_water,snow_water,graupel,equivalent_reflectivity_factor,upward_air_velocity) , read => {groups => ({variables => (water_vapor_mixing_ratio_wrt_moist_air,air_pressure_at_surface,air_temperature,northward_wind,eastward_wind,cloud_liquid_water,cloud_liquid_ice,rain_water,snow_water,graupel,equivalent_reflectivity_factor,upward_air_velocity) , multivariate strategy => duplicated , horizontal => {filepath => data/diffusionloc/mpas_conus3km.diffusion_hz} , vertical => {levels => 59 , filepath => data/diffusionloc/mpas_conus3km.diffusion_vt}})}}} , members from template => {template => {date => 2026-06-03T18:00:00Z , state variables => (water_vapor_mixing_ratio_wrt_moist_air,air_pressure_at_surface,air_temperature,northward_wind,eastward_wind,cloud_liquid_water,cloud_liquid_ice,rain_water,snow_water,graupel,equivalent_reflectivity_factor,upward_air_velocity) , stream name => ensemble , filename => ./data/ens/mem%iMember%.nc} , pattern => %iMember% , start => 1 , zero padding => 3 , nmembers => 30}} , observations => {observers => ({obs space => {name => refl10cm , distribution => {name => RoundRobin , halo size => 500000} , obsdatain => {engine => {type => H5File , obsfile => data/obs/ioda_mrms_refl.nc , missing file action => warn}} , obsdataout => {engine => {type => H5File , allow overwrite => true , obsfile => jdiag_mrms_refl.nc}} , io pool => {write multiple files => false} , _source => mrms , simulated variables => (equivalentReflectivityFactor)} , obs operator => {name => VertInterp , vertical coordinate => height_above_mean_sea_level , observation vertical coordinate => height , interpolation method => linear , observation alias file => obsop_name_map.yaml} , obs localizations => ({localization method => Horizontal Gaspari-Cohn , lengthscale => 200000}) , _obsname => refl10cm , obs filters => ({filter => Background Check , filter variables => ({name => equivalentReflectivityFactor}) , threshold => 12 , action => {name => reject}})})}}}]
OOPS_STATS ObjectCountHelper started.
OOPS_STATS Run start                                - Runtime:      1.15 sec,  Memory: total:   104.14 GB, per task: min =   128.97 MB, max =   130.55 MB
Run: Starting oops::Variational<MPAS, UFO and IODA observations>
OOPS_STATS Variational start                        - Runtime:     1.15 sec,  Local Memory:   130.55 MB
==> create geom
atlas::mpi::push(world)
Increase halo 1
atlas::mpi::pop(world)
atlas::mpi::push(world)
atlas::mpi::pop(world)
atlas::mpi::push(world)
atlas::mpi::pop(world)
atlas::mpi::push(world)
atlas::mpi::pop(world)
refl10cm: read database from data/obs/ioda_mrms_refl.nc (io pool size: 800)
refl10cm processed vars: 1 Variables: equivalentReflectivityFactor
refl10cm assimilated vars: 1 Variables: equivalentReflectivityFactor
refl10cm: 0 observations are outside of time window out of 3883295
refl10cm: 0 observations were rejected by QC checks out of 3883295
No bias-correction is performed for this ObsSpace.
3DVar window: TimeWindow: start = 2026-06-03T16:00:00Z, end = 2026-06-03T20:00:00Z, inclusive upper bound.

OOPS_STATS IncrementalAssimilation start            - Runtime:    34.69 sec,  Local Memory:     2.28 GB
Running incremental assimilation with 1 outer iterations.
Minimizer algorithm=DRPCG
QNewtonLMP: maxouter : 1
IncrementalAssimilation: Configuration for outer iteration 0:
LocalConfiguration[root={geometry => {nml_file => ./namelist.atmosphere , streams_file => ./streams.atmosphere , deallocate non-da fields => true , interpolation type => unstructured} , gradient norm reduction => 0.001 , ninner => 75 , iteration => 0 , total iterations => 1}]
OOPS_STATS IncrementalAssimilation iteration 0      - Runtime:    34.69 sec,  Local Memory:     2.28 GB
==> create geom
atlas::mpi::push(world)
Increase halo 1
atlas::mpi::pop(world)
atlas::mpi::push(world)
atlas::mpi::pop(world)
atlas::mpi::push(world)
atlas::mpi::pop(world)
atlas::mpi::push(world)
atlas::mpi::pop(world)
Key "mesh[address=0x5163be0],halo[size=1]" not found in cache "NodeColumnsHaloExchangeCache" , creating new, removable with key "mesh[address=0x5163be0],halo[size=1]"
Key "mesh[address=0x893d060],halo[size=1]" not found in cache "NodeColumnsHaloExchangeCache" , creating new, removable with key "mesh[address=0x893d060],halo[size=1]"
processWhere: selected 0 obs.
BackgroundCheck obserr: 
refl10cm equivalentReflectivityFactor nlocs = 3883295, nobs = 3883295, min = 5, max = 5, avg = 5
processing a float: 12
ObsErrorDiagonal covariance updated 3764646
Observer::finalize QC = 
refl10cm equivalentReflectivityFactor nlocs = 3883295, nobs = 3883295, min = 0, max = 15, avg = 0
CostJo Observations: 
refl10cm nobs= 3883295 Min=0, Max=60.6579, RMS=3.47536

Jo Observations:
Jo Obs :refl10cm:equivalentReflectivityFactor   : Nobs=  3764646, Min= 0.000000e+00, Max= 6.065794e+01, RMS= 3.521545e+00
Jo Observations Equivalent:
Jo H(x):refl10cm:equivalentReflectivityFactor   : Nobs=  3764646, Min= 0.000000e+00, Max= 6.195580e+01, RMS= 3.020463e+00
Jo Bias Corrected Departures:
Jo Dep :refl10cm:equivalentReflectivityFactor   : Nobs=  3764646, Min=-5.761620e+01, Max= 5.842482e+01, RMS= 3.461968e+00
Jo Observations Errors:
UFO Diagonal observation error covariance, inverse variances: refl10cm nobs= 3764646 Min=0.04, Max=0.04, RMS=0.04



CostJo   : Nonlinear Jo(refl10cm) = 902402, nobs = 3764646, Jo/n = 0.239704, err = 5
CostJo   : Nonlinear Jo = 902402
Increment:diff x1 4
Increment:diff x2 35
Increment:diff x1 5
Increment:diff x2 36
Increment:diff x1 6
Increment:diff x2 37
Increment:diff x1 7
Increment:diff x2 38
Increment:diff x1 8
Increment:diff x2 39
Increment:diff x1 9
Increment:diff x2 40
Increment:diff x1 10
Increment:diff x2 41
Increment:diff x1 11
Increment:diff x2 42
Increment:diff x1 12
Increment:diff x2 43
Increment:diff x1 13
Increment:diff x2 44
Increment:diff x1 14
Increment:diff x2 45
Increment:diff x1 15
Increment:diff x2 46
Increment:diff x1 16
Increment:diff x2 47
Increment:diff x1 17
Increment:diff x2 48
Increment:diff x1 18
Increment:diff x2 49
Increment:diff x1 19
Increment:diff x2 50
Increment:diff x1 20
Increment:diff x2 51
Increment:diff x1 21
Increment:diff x2 52
Increment:diff x1 22
Increment:diff x2 53
Increment:diff x1 23
Increment:diff x2 54
Increment:diff x1 24
Increment:diff x2 55
Increment:diff x1 25
Increment:diff x2 56
Increment:diff x1 26
Increment:diff x2 57
Increment:diff x1 27
Increment:diff x2 58
Increment:diff x1 28
Increment:diff x2 59
Increment:diff x1 29
Increment:diff x2 60
Increment:diff x1 30
Increment:diff x2 61
Increment:diff x1 31
Increment:diff x2 62
Increment:diff x1 32
Increment:diff x2 63
Increment:diff x1 33
Increment:diff x2 64
Info     : Prepare ensemble configuration
Info     : Read full ensemble
Info     : Creating central block: 
Info     : SaberCentralBlock using multivariate strategy: deprecated
Info     : Creating single central block.
Info     : Read data

==================================================================================
 saber::Diffusion read
----------------------------------------------------------------------------------

group 1 of 1
atlas::mpi::push(world)
atlas::mpi::pop(world)
variables: [water_vapor_mixing_ratio_wrt_moist_air,air_pressure_at_surface,air_temperature,northward_wind,eastward_wind,cloud_liquid_water,cloud_liquid_ice,rain_water,snow_water,graupel,equivalent_reflectivity_factor,upward_air_velocity]
multivariate strategy: duplicated
Reading horizontal parameters
  levels: 1
Key "mesh[address=0x893d060]" not found in cache "NodeColumnsGatherScatterCache" , creating new, removable with key "mesh[address=0x893d060]"
  Info     : Reading file: data/diffusionloc/mpas_conus3km.diffusion_hz.nc
atlas::mpi::push(world)
atlas::mpi::pop(world)
  hzScales:  min: 4087.19  mean: 4087.19  max: 4087.19
  hzNorm:    min: 2.4414  mean: 3.71484  max: 4.05626
Reading vertical parameters
  levels: 59
  vertical strategy: normal
  Info     : Reading file: data/diffusionloc/mpas_conus3km.diffusion_vt.nc
atlas::mpi::push(world)
atlas::mpi::pop(world)
  vtScales:  min: 11  mean: 11  max: 11
  vtNorm:    min: 3.7178  mean: 4.83632  max: 5.25235
Diffusion: horizontal iterations: 6
Diffusion: vertical iterations: 242
Increment:diff x1 2
Increment:diff x2 1
==================================================================================

CostJb: FG-BG
  Valid time: 2026-06-03T18:00:00Z
  Resolution: nCellsGlobal = 2341818, nFields = 12
Fld=1  Min=0, Max=0, RMS=0 : water_vapor_mixing_ratio_wrt_moist_air
Fld=2  Min=0, Max=0, RMS=0 : air_pressure_at_surface
Fld=3  Min=0, Max=0, RMS=0 : air_temperature
Fld=4  Min=0, Max=0, RMS=0 : northward_wind
Fld=5  Min=0, Max=0, RMS=0 : eastward_wind
Fld=6  Min=0, Max=0, RMS=0 : cloud_liquid_water
Fld=7  Min=0, Max=0, RMS=0 : cloud_liquid_ice
Fld=8  Min=0, Max=0, RMS=0 : rain_water
Fld=9  Min=0, Max=0, RMS=0 : snow_water
Fld=10  Min=0, Max=0, RMS=0 : graupel
Fld=11  Min=0, Max=0, RMS=0 : equivalent_reflectivity_factor
Fld=12  Min=0, Max=0, RMS=0 : upward_air_velocity
Increment:diff x1 2
Increment:diff x2 1
CostJb: FG-BG
  Valid time: 2026-06-03T18:00:00Z
  Resolution: nCellsGlobal = 2341818, nFields = 12
Fld=1  Min=0, Max=0, RMS=0 : water_vapor_mixing_ratio_wrt_moist_air
Fld=2  Min=0, Max=0, RMS=0 : air_pressure_at_surface
Fld=3  Min=0, Max=0, RMS=0 : air_temperature
Fld=4  Min=0, Max=0, RMS=0 : northward_wind
Fld=5  Min=0, Max=0, RMS=0 : eastward_wind
Fld=6  Min=0, Max=0, RMS=0 : cloud_liquid_water
Fld=7  Min=0, Max=0, RMS=0 : cloud_liquid_ice
Fld=8  Min=0, Max=0, RMS=0 : rain_water
Fld=9  Min=0, Max=0, RMS=0 : snow_water
Fld=10  Min=0, Max=0, RMS=0 : graupel
Fld=11  Min=0, Max=0, RMS=0 : equivalent_reflectivity_factor
Fld=12  Min=0, Max=0, RMS=0 : upward_air_velocity
CostFunction: Nonlinear J = 902402
OOPS_STATS IncrementalAssimilation linearize 0      - Runtime:   127.59 sec,  Local Memory:     7.02 GB

DRPCGMinimizer: max iter = 75, requested norm reduction = 0.001
CostFunction::computeGradientFG: gradient:
  Valid time: 2026-06-03T18:00:00Z
  Resolution: nCellsGlobal = 2341818, nFields = 12
Fld=1  Min=0, Max=0, RMS=0 : water_vapor_mixing_ratio_wrt_moist_air
Fld=2  Min=0, Max=0, RMS=0 : air_pressure_at_surface
Fld=3  Min=0, Max=0, RMS=0 : air_temperature
Fld=4  Min=0, Max=0, RMS=0 : northward_wind
Fld=5  Min=0, Max=0, RMS=0 : eastward_wind
Fld=6  Min=0, Max=0, RMS=0 : cloud_liquid_water
Fld=7  Min=0, Max=0, RMS=0 : cloud_liquid_ice
Fld=8  Min=0, Max=0, RMS=0 : rain_water
Fld=9  Min=0, Max=0, RMS=0 : snow_water
Fld=10  Min=0, Max=0, RMS=0 : graupel
Fld=11  Min=-1.75286, Max=1.87673, RMS=0.0132828 : equivalent_reflectivity_factor
Fld=12  Min=0, Max=0, RMS=0 : upward_air_velocity
DRPCGMinimizer rhs
  Valid time: 2026-06-03T18:00:00Z
  Resolution: nCellsGlobal = 2341818, nFields = 12
Fld=1  Min=-0, Max=-0, RMS=0 : water_vapor_mixing_ratio_wrt_moist_air
Fld=2  Min=-0, Max=-0, RMS=0 : air_pressure_at_surface
Fld=3  Min=-0, Max=-0, RMS=0 : air_temperature
Fld=4  Min=-0, Max=-0, RMS=0 : northward_wind
Fld=5  Min=-0, Max=-0, RMS=0 : eastward_wind
Fld=6  Min=-0, Max=-0, RMS=0 : cloud_liquid_water
Fld=7  Min=-0, Max=-0, RMS=0 : cloud_liquid_ice
Fld=8  Min=-0, Max=-0, RMS=0 : rain_water
Fld=9  Min=-0, Max=-0, RMS=0 : snow_water
Fld=10  Min=-0, Max=-0, RMS=0 : graupel
Fld=11  Min=-1.87673, Max=1.75286, RMS=0.0132828 : equivalent_reflectivity_factor
Fld=12  Min=-0, Max=-0, RMS=0 : upward_air_velocity
Initial RHS squared norm = 24377.2
OOPS_STATS DRPCG start                              - Runtime:   127.89 sec,  Local Memory:     7.02 GB
normr0 24377.2
  Residual norm ( 0) = 5648.655427478922
  Norm reduction ( 0) = 1

  Quadratic cost function: J   ( 0) = 902402.3774224237
  Quadratic cost function: Jb  ( 0) = 0
  Quadratic cost function: JoJc( 0) = 902402.3774224237


 DRPCG Starting Iteration 1
OOPS_STATS DRPCG iteration 1                        - Runtime:   133.28 sec,  Local Memory:     7.02 GB
rdots 1.39765e+07      iteration    0
DRPCG end of iteration 1
  Residual norm ( 1) = 3738.513552027902
  Norm reduction ( 1) = 0.6618413178189656

  Quadratic cost function: J   ( 1) = 619042.4732903687
  Quadratic cost function: Jb  ( 1) = 5032.880550216558
  Quadratic cost function: JoJc( 1) = 614009.5927401521

 DRPCG Starting Iteration 2
OOPS_STATS DRPCG iteration 2                        - Runtime:   138.66 sec,  Local Memory:     7.02 GB
rdots 7.27181e+06      iteration    1
DRPCG end of iteration 2
  Residual norm ( 2) = 2696.628864326366
  Norm reduction ( 2) = 0.4773930537890697

  Quadratic cost function: J   ( 2) = 518213.8671853056
  Quadratic cost function: Jb  ( 2) = 10706.63745593394
  Quadratic cost function: JoJc( 2) = 507507.2297293716

 DRPCG Starting Iteration 3
OOPS_STATS DRPCG iteration 3                        - Runtime:   144.32 sec,  Local Memory:     7.02 GB
rdots 4.79509e+06      iteration    2
DRPCG end of iteration 3
  Residual norm ( 3) = 2189.770055911727
  Norm reduction ( 3) = 0.3876621762515711

  Quadratic cost function: J   ( 3) = 464259.4169710802
  Quadratic cost function: Jb  ( 3) = 16261.88297739176
  Quadratic cost function: JoJc( 3) = 447997.5339936885

 DRPCG Starting Iteration 4
OOPS_STATS DRPCG iteration 4                        - Runtime:   149.84 sec,  Local Memory:     7.02 GB
rdots 2.99024e+06      iteration    3
DRPCG end of iteration 4
  Residual norm ( 4) = 1729.231545387232
  Norm reduction ( 4) = 0.3061315329972275

  Quadratic cost function: J   ( 4) = 429305.9930101603
  Quadratic cost function: Jb  ( 4) = 21864.5231401316
  Quadratic cost function: JoJc( 4) = 407441.4698700287

 DRPCG Starting Iteration 5
OOPS_STATS DRPCG iteration 5                        - Runtime:   155.65 sec,  Local Memory:     7.02 GB
rdots 2.10289e+06      iteration    4
DRPCG end of iteration 5
  Residual norm ( 5) = 1450.135653355055
  Norm reduction ( 5) = 0.256722271693296

  Quadratic cost function: J   ( 5) = 405439.111400797
  Quadratic cost function: Jb  ( 5) = 27331.63991070139
  Quadratic cost function: JoJc( 5) = 378107.4714900956

 DRPCG Starting Iteration 6
rdots 1.52246e+06      iteration    5
DRPCG end of iteration 6
  Residual norm ( 6) = 1233.879197539183
  Norm reduction ( 6) = 0.2184376819192672

  Quadratic cost function: J   ( 6) = 389045.2127431387
  Quadratic cost function: Jb  ( 6) = 32376.65523659299
  Quadratic cost function: JoJc( 6) = 356668.5575065457

 DRPCG Starting Iteration 7
rdots 1.16751e+06      iteration    6
DRPCG end of iteration 7
  Residual norm ( 7) = 1080.513231452522
  Norm reduction ( 7) = 0.1912868018460052

  Quadratic cost function: J   ( 7) = 377761.9314831222
  Quadratic cost function: Jb  ( 7) = 36802.47693426615
  Quadratic cost function: JoJc( 7) = 340959.454548856

 DRPCG Starting Iteration 8
rdots 847473      iteration    7
DRPCG end of iteration 8
  Residual norm ( 8) = 920.5830403013559
  Norm reduction ( 8) = 0.1629738354764942

  Quadratic cost function: J   ( 8) = 368766.381139066
  Quadratic cost function: Jb  ( 8) = 41168.50180755409
  Quadratic cost function: JoJc( 8) = 327597.8793315119

 DRPCG Starting Iteration 9
rdots 546927      iteration    8
DRPCG end of iteration 9
  Residual norm ( 9) = 739.545204751715
  Norm reduction ( 9) = 0.1309241135782617

  Quadratic cost function: J   ( 9) = 362041.9674526664
  Quadratic cost function: Jb  ( 9) = 45125.03277022501
  Quadratic cost function: JoJc( 9) = 316916.9346824414

 DRPCG Starting Iteration 10
OOPS_STATS DRPCG iteration 10                       - Runtime:   184.73 sec,  Local Memory:     7.02 GB
rdots 411624      iteration    9
DRPCG end of iteration 10
  Residual norm (10) = 641.5793872992656
  Norm reduction (10) = 0.113580903550637

  Quadratic cost function: J   (10) = 356506.3848204232
  Quadratic cost function: Jb  (10) = 49030.57760808758
  Quadratic cost function: JoJc(10) = 307475.8072123356

 DRPCG Starting Iteration 11
rdots 321451      iteration    10
DRPCG end of iteration 11
  Residual norm (11) = 566.9667783807752
  Norm reduction (11) = 0.1003719886369172

  Quadratic cost function: J   (11) = 352687.7435718622
  Quadratic cost function: Jb  (11) = 52208.58614661114
  Quadratic cost function: JoJc(11) = 300479.1574252511

 DRPCG Starting Iteration 12
rdots 215840      iteration    11
DRPCG end of iteration 12
  Residual norm (12) = 464.58584754483
  Norm reduction (12) = 0.08224715660381172

  Quadratic cost function: J   (12) = 349734.4277772332
  Quadratic cost function: Jb  (12) = 55049.10429941244
  Quadratic cost function: JoJc(12) = 294685.3234778207

 DRPCG Starting Iteration 13
rdots 158053      iteration    12
DRPCG end of iteration 13
  Residual norm (13) = 397.5587997402472
  Norm reduction (13) = 0.07038113845752555

  Quadratic cost function: J   (13) = 347381.0705838936
  Quadratic cost function: Jb  (13) = 57646.65979392613
  Quadratic cost function: JoJc(13) = 289734.4107899675

 DRPCG Starting Iteration 14
rdots 142175      iteration    13
DRPCG end of iteration 14
  Residual norm (14) = 377.0605227652357
  Norm reduction (14) = 0.06675226124272965

  Quadratic cost function: J   (14) = 345876.0083703053
  Quadratic cost function: Jb  (14) = 59521.85500039156
  Quadratic cost function: JoJc(14) = 286354.1533699138

 DRPCG Starting Iteration 15
OOPS_STATS DRPCG iteration 15                       - Runtime:   214.05 sec,  Local Memory:     7.02 GB
rdots 101396      iteration    14
DRPCG end of iteration 15
  Residual norm (15) = 318.4277900178247
  Norm reduction (15) = 0.05637231622746437

  Quadratic cost function: J   (15) = 344785.3839959825
  Quadratic cost function: Jb  (15) = 61023.57533041683
  Quadratic cost function: JoJc(15) = 283761.8086655656

 DRPCG Starting Iteration 16
rdots 83128.9      iteration    15
DRPCG end of iteration 16
  Residual norm (16) = 288.320759008053
  Norm reduction (16) = 0.05104236976563727

  Quadratic cost function: J   (16) = 343904.6753272502
  Quadratic cost function: Jb  (16) = 62353.34466664014
  Quadratic cost function: JoJc(16) = 281551.33066061

 DRPCG Starting Iteration 17
rdots 59291      iteration    16
DRPCG end of iteration 17
  Residual norm (17) = 243.497453761857
  Norm reduction (17) = 0.04310715300092813

  Quadratic cost function: J   (17) = 343288.5550090964
  Quadratic cost function: Jb  (17) = 63365.00872133006
  Quadratic cost function: JoJc(17) = 279923.5462877663

 DRPCG Starting Iteration 18
rdots 41182      iteration    17
DRPCG end of iteration 18
  Residual norm (18) = 202.9333671646401
  Norm reduction (18) = 0.03592595968545601

  Quadratic cost function: J   (18) = 342733.9693084415
  Quadratic cost function: Jb  (18) = 64352.50046836658
  Quadratic cost function: JoJc(18) = 278381.4688400749

 DRPCG Starting Iteration 19
rdots 30144.9      iteration    18
DRPCG end of iteration 19
  Residual norm (19) = 173.6229004466741
  Norm reduction (19) = 0.03073703161323199

  Quadratic cost function: J   (19) = 342325.6030615866
  Quadratic cost function: Jb  (19) = 65141.27078814499
  Quadratic cost function: JoJc(19) = 277184.3322734416

 DRPCG Starting Iteration 20
OOPS_STATS DRPCG iteration 20                       - Runtime:   243.75 sec,  Local Memory:     7.02 GB
rdots 25698.1      iteration    19
DRPCG end of iteration 20
  Residual norm (20) = 160.3061387642563
  Norm reduction (20) = 0.02837952160870313

  Quadratic cost function: J   (20) = 342035.119530945
  Quadratic cost function: Jb  (20) = 65745.44270024933
  Quadratic cost function: JoJc(20) = 276289.6768306957

 DRPCG Starting Iteration 21
rdots 18827.1      iteration    20
DRPCG end of iteration 21
  Residual norm (21) = 137.211910234645
  Norm reduction (21) = 0.02429107457451777

  Quadratic cost function: J   (21) = 341824.8969055931
  Quadratic cost function: Jb  (21) = 66212.54680709961
  Quadratic cost function: JoJc(21) = 275612.3500984935

 DRPCG Starting Iteration 22
rdots 13694.6      iteration    21
DRPCG end of iteration 22
  Residual norm (22) = 117.0240627063947
  Norm reduction (22) = 0.02071715370300508

  Quadratic cost function: J   (22) = 341660.6401825444
  Quadratic cost function: Jb  (22) = 66600.6129250349
  Quadratic cost function: JoJc(22) = 275060.0272575095

 DRPCG Starting Iteration 23
rdots 9758.16      iteration    22
DRPCG end of iteration 23
  Residual norm (23) = 98.78339663902329
  Norm reduction (23) = 0.01748794875298523

  Quadratic cost function: J   (23) = 341530.7505188113
  Quadratic cost function: Jb  (23) = 66926.57294905208
  Quadratic cost function: JoJc(23) = 274604.1775697592

 DRPCG Starting Iteration 24
rdots 7576.61      iteration    23
DRPCG end of iteration 24
  Residual norm (24) = 87.04373995189533
  Norm reduction (24) = 0.01540963881925866

  Quadratic cost function: J   (24) = 341438.7738791818
  Quadratic cost function: Jb  (24) = 67170.98290705982
  Quadratic cost function: JoJc(24) = 274267.790972122

 DRPCG Starting Iteration 25
OOPS_STATS DRPCG iteration 25                       - Runtime:   275.45 sec,  Local Memory:     7.02 GB
rdots 5490.54      iteration    24
DRPCG end of iteration 25
  Residual norm (25) = 74.09816664139676
  Norm reduction (25) = 0.01311784150984544

  Quadratic cost function: J   (25) = 341369.9369955285
  Quadratic cost function: Jb  (25) = 67363.85649115415
  Quadratic cost function: JoJc(25) = 274006.0805043743

 DRPCG Starting Iteration 26
rdots 3880.36      iteration    25
DRPCG end of iteration 26
  Residual norm (26) = 62.29256121274011
  Norm reduction (26) = 0.01102785645406985

  Quadratic cost function: J   (26) = 341314.3090750057
  Quadratic cost function: Jb  (26) = 67528.1176455458
  Quadratic cost function: JoJc(26) = 273786.1914294599

 DRPCG Starting Iteration 27
rdots 2907.31      iteration    26
DRPCG end of iteration 27
  Residual norm (27) = 53.91946496361194
  Norm reduction (27) = 0.009545539758242431

  Quadratic cost function: J   (27) = 341273.9361123302
  Quadratic cost function: Jb  (27) = 67653.65502000108
  Quadratic cost function: JoJc(27) = 273620.2810923291

 DRPCG Starting Iteration 28
rdots 2147.08      iteration    27
DRPCG end of iteration 28
  Residual norm (28) = 46.33657725868907
  Norm reduction (28) = 0.008203116273171182

  Quadratic cost function: J   (28) = 341243.8659035893
  Quadratic cost function: Jb  (28) = 67751.8663102948
  Quadratic cost function: JoJc(28) = 273491.9995932945

 DRPCG Starting Iteration 29
rdots 1683.32      iteration    28
DRPCG end of iteration 29
  Residual norm (29) = 41.02831995249664
  Norm reduction (29) = 0.00726337806921393

  Quadratic cost function: J   (29) = 341221.934254905
  Quadratic cost function: Jb  (29) = 67826.93000451507
  Quadratic cost function: JoJc(29) = 273395.0042503899

 DRPCG Starting Iteration 30
OOPS_STATS DRPCG iteration 30                       - Runtime:   308.14 sec,  Local Memory:     7.02 GB
rdots 1213.26      iteration    29
DRPCG end of iteration 30
  Residual norm (30) = 34.83185469577637
  Norm reduction (30) = 0.006166397498125025

  Quadratic cost function: J   (30) = 341206.048187158
  Quadratic cost function: Jb  (30) = 67883.73407621005
  Quadratic cost function: JoJc(30) = 273322.3141109479

 DRPCG Starting Iteration 31
rdots 890.479      iteration    30
DRPCG end of iteration 31
  Residual norm (31) = 29.84089999567267
  Norm reduction (31) = 0.005282832415393251

  Quadratic cost function: J   (31) = 341194.5298764888
  Quadratic cost function: Jb  (31) = 67926.63433146385
  Quadratic cost function: JoJc(31) = 273267.895545025

 DRPCG Starting Iteration 32
rdots 630.04      iteration    31
DRPCG end of iteration 32
  Residual norm (32) = 25.10060296787112
  Norm reduction (32) = 0.00444364208263875

  Quadratic cost function: J   (32) = 341185.4512558122
  Quadratic cost function: Jb  (32) = 67961.82709749691
  Quadratic cost function: JoJc(32) = 273223.6241583153

 DRPCG Starting Iteration 33
rdots 477.242      iteration    32
DRPCG end of iteration 33
  Residual norm (33) = 21.84586835546923
  Norm reduction (33) = 0.003867445737475151

  Quadratic cost function: J   (33) = 341178.9868190601
  Quadratic cost function: Jb  (33) = 67987.88607287436
  Quadratic cost function: JoJc(33) = 273191.1007461857

 DRPCG Starting Iteration 34
rdots 336.659      iteration    33
DRPCG end of iteration 34
  Residual norm (34) = 18.34826102926113
  Norm reduction (34) = 0.003248252839074348

  Quadratic cost function: J   (34) = 341174.1350148624
  Quadratic cost function: Jb  (34) = 68008.19117596705
  Quadratic cost function: JoJc(34) = 273165.9438388954

 DRPCG Starting Iteration 35
OOPS_STATS DRPCG iteration 35                       - Runtime:   341.05 sec,  Local Memory:     7.02 GB
rdots 260.965      iteration    34
DRPCG end of iteration 35
  Residual norm (35) = 16.15440730823047
  Norm reduction (35) = 0.002859867718190844

  Quadratic cost function: J   (35) = 341170.6645976951
  Quadratic cost function: Jb  (35) = 68023.24865261564
  Quadratic cost function: JoJc(35) = 273147.4159450795

 DRPCG Starting Iteration 36
rdots 186.304      iteration    35
DRPCG end of iteration 36
  Residual norm (36) = 13.64930686778655
  Norm reduction (36) = 0.002416381569565562

  Quadratic cost function: J   (36) = 341168.0000723266
  Quadratic cost function: Jb  (36) = 68035.22253790025
  Quadratic cost function: JoJc(36) = 273132.7775344264

 DRPCG Starting Iteration 37
rdots 150.407      iteration    36
DRPCG end of iteration 37
  Residual norm (37) = 12.26407027148438
  Norm reduction (37) = 0.002171148590835185

  Quadratic cost function: J   (37) = 341166.1792904758
  Quadratic cost function: Jb  (37) = 68043.68213369357
  Quadratic cost function: JoJc(37) = 273122.4971567822

 DRPCG Starting Iteration 38
rdots 115.491      iteration    37
DRPCG end of iteration 38
  Residual norm (38) = 10.74665075598678
  Norm reduction (38) = 0.001902514836310908

  Quadratic cost function: J   (38) = 341164.879325369
  Quadratic cost function: Jb  (38) = 68049.90805663881
  Quadratic cost function: JoJc(38) = 273114.9712687302

 DRPCG Starting Iteration 39
rdots 72.7388      iteration    38
DRPCG end of iteration 39
  Residual norm (39) = 8.528707342475712
  Norm reduction (39) = 0.00150986503814452

  Quadratic cost function: J   (39) = 341163.8017181671
  Quadratic cost function: Jb  (39) = 68055.22656528061
  Quadratic cost function: JoJc(39) = 273108.5751528866

 DRPCG Starting Iteration 40
OOPS_STATS DRPCG iteration 40                       - Runtime:   374.03 sec,  Local Memory:     7.02 GB
rdots 55.7368      iteration    39
DRPCG end of iteration 40
  Residual norm (40) = 7.465709182638189
  Norm reduction (40) = 0.001321678986882414

  Quadratic cost function: J   (40) = 341162.9775132883
  Quadratic cost function: Jb  (40) = 68059.42430497866
  Quadratic cost function: JoJc(40) = 273103.5532083096

 DRPCG Starting Iteration 41
rdots 37.5289      iteration    40
DRPCG end of iteration 41
  Residual norm (41) = 6.126082272069312
  Norm reduction (41) = 0.001084520440433994

  Quadratic cost function: J   (41) = 341162.3941347847
  Quadratic cost function: Jb  (41) = 68062.48854931018
  Quadratic cost function: JoJc(41) = 273099.9055854745

 DRPCG Starting Iteration 42
rdots 28.2697      iteration    41
DRPCG end of iteration 42
  Residual norm (42) = 5.316924581969423
  Norm reduction (42) = 0.0009412726002199155

  Quadratic cost function: J   (42) = 341161.9458294474
  Quadratic cost function: Jb  (42) = 68064.9161499356
  Quadratic cost function: JoJc(42) = 273097.0296795118

DRPCG: Achieved required reduction in residual norm.
OOPS_STATS DRPCG end                                - Runtime:   393.36 sec,  Local Memory:     7.02 GB
DRPCGMinimizer: reduction in residual norm = 0.000941273
DRPCGMinimizer output increment:
  Valid time: 2026-06-03T18:00:00Z
  Resolution: nCellsGlobal = 2341818, nFields = 12
Fld=1  Min=-0.00878124, Max=0.0126638, RMS=8.28507e-05 : water_vapor_mixing_ratio_wrt_moist_air
Fld=2  Min=-121.279, Max=97.0331, RMS=2.07008 : air_pressure_at_surface
Fld=3  Min=-7.911, Max=7.09911, RMS=0.0852631 : air_temperature
Fld=4  Min=-37.9248, Max=29.1239, RMS=0.327841 : northward_wind
Fld=5  Min=-24.4424, Max=29.3341, RMS=0.315149 : eastward_wind
Fld=6  Min=-0.00346809, Max=0.005577, RMS=1.50301e-05 : cloud_liquid_water
Fld=7  Min=-0.00147502, Max=0.00224221, RMS=4.39358e-06 : cloud_liquid_ice
Fld=8  Min=-0.00676603, Max=0.00532615, RMS=2.78319e-05 : rain_water
Fld=9  Min=-0.00512265, Max=0.00542628, RMS=3.94308e-05 : snow_water
Fld=10  Min=-0.00828932, Max=0.0084457, RMS=2.1189e-05 : graupel
Fld=11  Min=-84.8225, Max=86.327, RMS=1.76238 : equivalent_reflectivity_factor
Fld=12  Min=0, Max=0, RMS=0 : upward_air_velocity
CostFunction::addIncrement: First guess:
  Valid time: 2026-06-03T18:00:00Z
  Resolution: nCellsGlobal = 2341818, nFields = 35
Fld=1  Min=0, Max=0.0227821, RMS=0.00578654 : water_vapor_mixing_ratio_wrt_moist_air
Fld=2  Min=64031, Max=102581, RMS=96918.4 : air_pressure_at_surface
Fld=3  Min=187.61, Max=313.261, RMS=261.075 : air_temperature
Fld=4  Min=-43.0267, Max=44.1487, RMS=6.96235 : northward_wind
Fld=5  Min=-35.6819, Max=58.0345, RMS=9.8677 : eastward_wind
Fld=6  Min=271.525, Max=641.761, RMS=355.474 : air_potential_temperature
Fld=7  Min=0.0385944, Max=1.29469, RMS=0.783533 : dry_air_density
Fld=8  Min=-60.9095, Max=61.2438, RMS=8.5749 : u
Fld=9  Min=0, Max=0.0233132, RMS=0.00585368 : water_vapor_mixing_ratio_wrt_dry_air
Fld=10  Min=2450.18, Max=102472, RMS=64611.3 : air_pressure
Fld=11  Min=0, Max=1, RMS=0.790008 : landmask
Fld=12  Min=0, Max=1, RMS=0.0292126 : seaice_fraction
Fld=13  Min=0, Max=1, RMS=0.0540224 : snowc
Fld=14  Min=269.406, Max=322.606, RMS=298.513 : skin_temperature_at_surface
Fld=15  Min=1, Max=19, RMS=12.7664 : ivgtyp
Fld=16  Min=1, Max=16, RMS=9.97061 : isltyp
Fld=17  Min=0, Max=7.49965, RMS=0.150642 : snowh
Fld=18  Min=0, Max=0.923963, RMS=0.415542 : vegetation_area_fraction
Fld=19  Min=269.606, Max=313.638, RMS=295.278 : air_temperature_at_2m
Fld=20  Min=0.00107048, Max=0.0223754, RMS=0.0108522 : water_vapor_mixing_ratio_wrt_moist_air_at_2m
Fld=21  Min=-16.7467, Max=14.3525, RMS=3.42867 : eastward_wind_at_10m
Fld=22  Min=-21.7294, Max=19.6837, RMS=3.89621 : northward_wind_at_10m
Fld=23  Min=0, Max=6.55828, RMS=1.68594 : lai
Fld=24  Min=0.00200001, Max=1, RMS=0.63361 : smois
Fld=25  Min=262.373, Max=332.358, RMS=293.063 : tslb
Fld=26  Min=-876.067, Max=5852.77, RMS=3395.62 : pressure_p
Fld=27  Min=0, Max=0.00844056, RMS=4.02524e-05 : cloud_liquid_water
Fld=28  Min=0, Max=0.00337384, RMS=1.18093e-05 : cloud_liquid_ice
Fld=29  Min=0, Max=0.0130396, RMS=2.83853e-05 : graupel
Fld=30  Min=0, Max=0.0104271, RMS=5.01798e-05 : rain_water
Fld=31  Min=0, Max=0.00660445, RMS=6.29412e-05 : snow_water
Fld=32  Min=0, Max=1, RMS=0.200898 : cldfrac
Fld=33  Min=0, Max=73.8114, RMS=4.21081 : equivalent_reflectivity_factor
Fld=34  Min=-7.29414, Max=36.4602, RMS=0.140833 : w
Fld=35  Min=0, Max=0, RMS=0 : upward_air_velocity
CostFunction::addIncrement: Increment:
  Valid time: 2026-06-03T18:00:00Z
  Resolution: nCellsGlobal = 2341818, nFields = 12
Fld=1  Min=-0.00878124, Max=0.0126638, RMS=8.28507e-05 : water_vapor_mixing_ratio_wrt_moist_air
Fld=2  Min=-121.279, Max=97.0331, RMS=2.07008 : air_pressure_at_surface
Fld=3  Min=-7.911, Max=7.09911, RMS=0.0852631 : air_temperature
Fld=4  Min=-37.9248, Max=29.1239, RMS=0.327841 : northward_wind
Fld=5  Min=-24.4424, Max=29.3341, RMS=0.315149 : eastward_wind
Fld=6  Min=-0.00346809, Max=0.005577, RMS=1.50301e-05 : cloud_liquid_water
Fld=7  Min=-0.00147502, Max=0.00224221, RMS=4.39358e-06 : cloud_liquid_ice
Fld=8  Min=-0.00676603, Max=0.00532615, RMS=2.78319e-05 : rain_water
Fld=9  Min=-0.00512265, Max=0.00542628, RMS=3.94308e-05 : snow_water
Fld=10  Min=-0.00828932, Max=0.0084457, RMS=2.1189e-05 : graupel
Fld=11  Min=-84.8225, Max=86.327, RMS=1.76238 : equivalent_reflectivity_factor
Fld=12  Min=0, Max=0, RMS=0 : upward_air_velocity
CostFunction::addIncrement: Analysis: 
  Valid time: 2026-06-03T18:00:00Z
  Resolution: nCellsGlobal = 2341818, nFields = 35
Fld=1  Min=0, Max=0.0227821, RMS=0.00578776 : water_vapor_mixing_ratio_wrt_moist_air
Fld=2  Min=64031.2, Max=102581, RMS=96918.4 : air_pressure_at_surface
Fld=3  Min=187.023, Max=313.261, RMS=261.076 : air_temperature
Fld=4  Min=-51.0441, Max=48.3043, RMS=6.9686 : northward_wind
Fld=5  Min=-35.6819, Max=58.0345, RMS=9.8679 : eastward_wind
Fld=6  Min=271.525, Max=641.761, RMS=355.474 : air_potential_temperature
Fld=7  Min=0.038554, Max=1.29469, RMS=0.783528 : dry_air_density
Fld=8  Min=-60.9095, Max=61.2438, RMS=8.57722 : u
Fld=9  Min=0, Max=0.0233132, RMS=0.00585493 : water_vapor_mixing_ratio_wrt_dry_air
Fld=10  Min=2442.76, Max=102472, RMS=64611.3 : air_pressure
Fld=11  Min=0, Max=1, RMS=0.790008 : landmask
Fld=12  Min=0, Max=1, RMS=0.0292126 : seaice_fraction
Fld=13  Min=0, Max=1, RMS=0.0540224 : snowc
Fld=14  Min=269.406, Max=322.606, RMS=298.513 : skin_temperature_at_surface
Fld=15  Min=1, Max=19, RMS=12.7664 : ivgtyp
Fld=16  Min=1, Max=16, RMS=9.97061 : isltyp
Fld=17  Min=0, Max=7.49965, RMS=0.150642 : snowh
Fld=18  Min=0, Max=0.923963, RMS=0.415542 : vegetation_area_fraction
Fld=19  Min=269.579, Max=313.638, RMS=295.281 : air_temperature_at_2m
Fld=20  Min=0.00107048, Max=0.0223754, RMS=0.0108522 : water_vapor_mixing_ratio_wrt_moist_air_at_2m
Fld=21  Min=-16.7467, Max=14.3525, RMS=3.42867 : eastward_wind_at_10m
Fld=22  Min=-21.7294, Max=19.6837, RMS=3.89621 : northward_wind_at_10m
Fld=23  Min=0, Max=6.55828, RMS=1.68594 : lai
Fld=24  Min=0.00200001, Max=1, RMS=0.63361 : smois
Fld=25  Min=262.373, Max=332.358, RMS=293.063 : tslb
Fld=26  Min=-890.868, Max=5856.49, RMS=3395.7 : pressure_p
Fld=27  Min=0, Max=0.00847123, RMS=4.11152e-05 : cloud_liquid_water
Fld=28  Min=0, Max=0.00319034, RMS=1.21417e-05 : cloud_liquid_ice
Fld=29  Min=0, Max=0.0127357, RMS=3.09053e-05 : graupel
Fld=30  Min=0, Max=0.0103135, RMS=4.88959e-05 : rain_water
Fld=31  Min=0, Max=0.00609596, RMS=6.88221e-05 : snow_water
Fld=32  Min=0, Max=1, RMS=0.200898 : cldfrac
Fld=33  Min=0, Max=86.327, RMS=4.02398 : equivalent_reflectivity_factor
Fld=34  Min=-7.29414, Max=36.4602, RMS=0.140833 : w
Fld=35  Min=0, Max=0, RMS=0 : upward_air_velocity
OOPS_STATS IncrementalAssimilation end              - Runtime:   393.55 sec,  Local Memory:     7.02 GB
Variational: incremental assimilation done 1 iterations.
QC refl10cm equivalentReflectivityFactor: 118649 H(x) failed.
QC refl10cm equivalentReflectivityFactor: 3764646 passed out of 3883295 observations.
ObsErrorDiagonal covariance updated 3764646
Observer::finalize QC = 
refl10cm equivalentReflectivityFactor nlocs = 3883295, nobs = 3883295, min = 0, max = 15, avg = 0
Jo Observations:
Jo Obs :refl10cm:equivalentReflectivityFactor   : Nobs=  3764646, Min= 0.000000e+00, Max= 6.065794e+01, RMS= 3.521545e+00
Jo Observations Equivalent:
Jo H(x):refl10cm:equivalentReflectivityFactor   : Nobs=  3764646, Min= 0.000000e+00, Max= 5.582848e+01, RMS= 2.890699e+00
Jo Bias Corrected Departures:
Jo Dep :refl10cm:equivalentReflectivityFactor   : Nobs=  3764646, Min=-5.358552e+01, Max= 5.303229e+01, RMS= 1.908643e+00
Jo Observations Errors:
UFO Diagonal observation error covariance, inverse variances: refl10cm nobs= 3764646 Min=0.04, Max=0.04, RMS=0.04



CostJo   : Nonlinear Jo(refl10cm) = 274286, nobs = 3764646, Jo/n = 0.0728584, err = 5
CostJo   : Nonlinear Jo = 274286
Increment:diff x1 2
Increment:diff x2 1
CostJb: FG-BG
  Valid time: 2026-06-03T18:00:00Z
  Resolution: nCellsGlobal = 2341818, nFields = 12
Fld=1  Min=-0.00701914, Max=0.0126638, RMS=8.25843e-05 : water_vapor_mixing_ratio_wrt_moist_air
Fld=2  Min=-121.279, Max=97.0331, RMS=2.07008 : air_pressure_at_surface
Fld=3  Min=-7.911, Max=7.09911, RMS=0.0852631 : air_temperature
Fld=4  Min=-37.9248, Max=29.1239, RMS=0.327841 : northward_wind
Fld=5  Min=-24.4424, Max=29.3341, RMS=0.315149 : eastward_wind
Fld=6  Min=-0.00215315, Max=0.005577, RMS=1.27778e-05 : cloud_liquid_water
Fld=7  Min=-0.00122794, Max=0.00224221, RMS=3.98563e-06 : cloud_liquid_ice
Fld=8  Min=-0.00601206, Max=0.00532615, RMS=1.92094e-05 : rain_water
Fld=9  Min=-0.00328353, Max=0.00542628, RMS=3.74887e-05 : snow_water
Fld=10  Min=-0.00619596, Max=0.0084457, RMS=1.77895e-05 : graupel
Fld=11  Min=-63.0425, Max=86.327, RMS=1.71107 : equivalent_reflectivity_factor
Fld=12  Min=0, Max=0, RMS=0 : upward_air_velocity
CostFunction: Nonlinear J = 274286
OOPS_STATS Variational end                          - Runtime:   412.96 sec,  Local Memory:     7.02 GB
==> destruct MPAS corelist and domain:  0
Tried to erase key "mesh[address=0x5163be0],halo[size=0]" from cache "NodeColumnsHaloExchangeCache" but it was not found.
Erased key "mesh[address=0x5163be0],halo[size=1]" from cache "NodeColumnsHaloExchangeCache".
==> destruct MPAS corelist and domain:  1
refl10cm: save database to jdiag_mrms_refl.nc (io pool size: 4)
QC refl10cm equivalentReflectivityFactor: 118649 H(x) failed.
QC refl10cm equivalentReflectivityFactor: 3764646 passed out of 3883295 observations.
Erased key "mesh[address=0x893d060]" from cache "NodeColumnsGatherScatterCache".
Tried to erase key "mesh[address=0x893d060],halo[size=0]" from cache "NodeColumnsHaloExchangeCache" but it was not found.
Erased key "mesh[address=0x893d060],halo[size=1]" from cache "NodeColumnsHaloExchangeCache".

Run: Finishing oops::Variational<MPAS, UFO and IODA observations>
OOPS_STATS  
OOPS_STATS ----------------------------------------------------------------------------------
OOPS_STATS --------------------------- Object counts ----------------------------------------
OOPS_STATS ----------------------------------------------------------------------------------
OOPS_STATS                                      Total  Simult. Remain    Avg (Mb)    HWM (Mb)
OOPS_STATS ioda::ObsDataVector             :        8       5        
OOPS_STATS ioda::ObsVector                 :      104       8        
OOPS_STATS mpas::Geometry                  :        2       2        
OOPS_STATS mpas::Increment                 :     3054     131        
OOPS_STATS mpas::LinVarChaModel2GeoVars    :        1       1        
OOPS_STATS mpas::ModelBias                 :        4       3        
OOPS_STATS mpas::ModelBiasCovariance       :        1       1        
OOPS_STATS mpas::State                     :       75      34        
OOPS_STATS mpas::VarChaModel2GeoVars       :        3       1        
OOPS_STATS oops::ControlIncrement          :      186      98               15.22     1491.60
OOPS_STATS oops::ControlVariable           :        4       3        
OOPS_STATS oops::Diffusion                 :        1       1        
OOPS_STATS oops::EnsembleCovariance        :        1       1             3538.99     3538.99
OOPS_STATS oops::GeoVaLs                   :       88       1        
OOPS_STATS oops::Geometry                  :        2       2        
OOPS_STATS oops::GetValues                 :        3       2        
OOPS_STATS oops::Increment                 :     2968     131               15.02     1993.88
OOPS_STATS oops::LinearObsOperator         :        1       1        
OOPS_STATS oops::LocalInterpolator         :     2400    1600        
OOPS_STATS oops::Localization              :        1       1        
OOPS_STATS oops::ModelAuxControl           :        4       3        
OOPS_STATS oops::ModelAuxCovariance        :        1       1        
OOPS_STATS oops::ModelAuxIncrement         :      186      98        
OOPS_STATS oops::ObsAuxControl             :        4       3        
OOPS_STATS oops::ObsAuxCovariance          :        1       1        
OOPS_STATS oops::ObsAuxIncrement           :      186      98        
OOPS_STATS oops::ObsAuxIncrements          :      186      98        
OOPS_STATS oops::ObsAuxPreconditioner      :        2       2        
OOPS_STATS oops::ObsDataVector             :        4       4        
OOPS_STATS oops::ObsDiagnostics            :        2       1        
OOPS_STATS oops::ObsError                  :        1       1        
OOPS_STATS oops::ObsOperator               :        2       2        
OOPS_STATS oops::ObsSpace                  :        1       1                2.78        2.78
OOPS_STATS oops::ObsSpaces                 :        1       1        
OOPS_STATS oops::ObsVector                 :      104       7                0.04        0.23
OOPS_STATS oops::SampledLocations          :        8       4        
OOPS_STATS oops::State                     :       72      34               21.39      702.08
OOPS_STATS oops::UnstructuredInterpolator  :     2400    1600        
OOPS_STATS oops::VariableChange            :        3       1        
OOPS_STATS ufo::BackgroundCheck            :        1       1        
OOPS_STATS ufo::FinalCheck                 :        2       2        
OOPS_STATS ufo::GeoVaLs                    :       91       2        
OOPS_STATS ufo::ObsBias                    :        4       3        
OOPS_STATS ufo::ObsBiasCovariance          :        1       1        
OOPS_STATS ufo::ObsBiasPreconditioner      :        1       1        
OOPS_STATS ufo::ObsFilter                  :        9       6        
OOPS_STATS ufo::ObsFilterData              :        3       3        
OOPS_STATS ufo::ObsVertInterp              :        2       2        
OOPS_STATS ufo::ObsVertInterpTLAD          :        1       1        
OOPS_STATS ufo::SampledLocations           :        4       3        
OOPS_STATS ----------------------------- Object counts --------------------------------------
OOPS_STATS  
OOPS_STATS --------------------------------------------------------------------------------------------
OOPS_STATS ------------------------------------ Timing Statistics -------------------------------------
OOPS_STATS --------------------------------------------------------------------------------------------
OOPS_STATS Name                                                :   total (ms)   count    time/call (ms)
OOPS_STATS ObsFilter::Background Check::ObsFilter              :         7.49       1            7.4867
OOPS_STATS ObsFilter::Background Check::postFilter             :        21.71       1           21.7094
OOPS_STATS ObsFilter::Background Check::preProcess             :         0.02       1            0.0210
OOPS_STATS ObsFilter::Background Check::priorFilter            :         0.04       1            0.0354
OOPS_STATS ObsFilter::Final Check::ObsFilter                   :         0.76       2            0.3810
OOPS_STATS ObsFilter::Final Check::postFilter                  :         0.04       2            0.0222
OOPS_STATS ObsFilter::Final Check::preProcess                  :         0.00       2            0.0003
OOPS_STATS ObsFilter::Final Check::priorFilter                 :         0.00       2            0.0021
OOPS_STATS ObsFilter::QCmanager::ObsFilter                     :         1.12       2            0.5624
OOPS_STATS ObsFilter::QCmanager::postFilter                    :         0.22       2            0.1078
OOPS_STATS ObsFilter::QCmanager::preProcess                    :         0.00       2            0.0001
OOPS_STATS ObsFilter::QCmanager::priorFilter                   :         0.00       2            0.0001
OOPS_STATS ioda::ObsSpace::get_db(DateTime)                    :         0.86       4            0.2143
OOPS_STATS ioda::ObsSpace::get_db(double)                      :         0.28       5            0.0551
OOPS_STATS ioda::ObsSpace::get_db(float)                       :         0.88      12            0.0733
OOPS_STATS ioda::ObsSpace::load                                :       719.43       1          719.4324
OOPS_STATS ioda::ObsSpace::put_db(double)                      :         0.37       6            0.0612
OOPS_STATS ioda::ObsSpace::put_db(float)                       :         0.08       2            0.0416
OOPS_STATS ioda::ObsSpace::put_db(int)                         :         0.17       2            0.0836
OOPS_STATS mpas::LinVarChaModel2GeoVars::LinVarChaModel2GeoVar :         3.64       1            3.6388
OOPS_STATS mpas::LinVarChaModel2GeoVars::changeVarAD           :      1203.28      43           27.9831
OOPS_STATS mpas::LinVarChaModel2GeoVars::changeVarTL           :       150.66      42            3.5872
OOPS_STATS mpas::LinVarChaModel2GeoVars::~LinVarChaModel2GeoVa :         0.04       1            0.0386
OOPS_STATS mpas::VarChaModel2GeoVars::VarChaModel2GeoVars      :         0.06       3            0.0215
OOPS_STATS mpas::VarChaModel2GeoVars::changeVar                :        12.67       3            4.2247
OOPS_STATS mpas::VarChaModel2GeoVars::~VarChaModel2GeoVars     :         0.01       3            0.0017
OOPS_STATS oops::Covariance::EnsembleCovariance                :     69343.18       1        69343.1782
OOPS_STATS oops::Covariance::ensemble::Constructor             :         0.01       1            0.0096
OOPS_STATS oops::Covariance::ensemble::multiply                :    240907.06      43         5602.4898
OOPS_STATS oops::Diffusion::Diffusion                          :         0.00       1            0.0001
OOPS_STATS oops::Diffusion::calculateDerivedGeom               :         1.84       1            1.8440
OOPS_STATS oops::Diffusion::multiplySqrtAD                     :     58750.21    1290           45.5428
OOPS_STATS oops::Diffusion::multiplySqrtTL                     :     50242.82    1290           38.9479
OOPS_STATS oops::Diffusion::setParameters                      :         3.87       1            3.8658
OOPS_STATS oops::GeoVaLs::GeoVaLs                              :        23.93      88            0.2720
OOPS_STATS oops::GeoVaLs::fill                                 :        31.51   30144            0.0010
OOPS_STATS oops::GeoVaLs::fillAD                               :        23.86   27004            0.0009
OOPS_STATS oops::GeoVaLs::~GeoVaLs                             :         0.51      88            0.0058
OOPS_STATS oops::Geometry::Geometry                            :     50189.10       2        25094.5496
OOPS_STATS oops::Geometry::variableSizes                       :         5.96      11            0.5418
OOPS_STATS oops::Geometry::~Geometry                           :       372.17       2          186.0843
OOPS_STATS oops::GeometryData::containingTriangleAndBarycentri :        47.78   20505            0.0023
OOPS_STATS oops::GeometryData::setGlobalTree                   :      1810.72       2          905.3623
OOPS_STATS oops::GeometryData::setLocalTree                    :         4.41       2            2.2071
OOPS_STATS oops::GeometryData::setMeshAndTriangulation         :         0.89       2            0.4444
OOPS_STATS oops::GetValues::GetValues                          :       258.29       3           86.0954
OOPS_STATS oops::GetValues::fillGeoVaLs                        :        51.55       3           17.1818
OOPS_STATS oops::GetValues::fillGeoVaLsAD                      :       120.90      43            2.8117
OOPS_STATS oops::GetValues::fillGeoVaLsTL                      :       761.76      42           18.1371
OOPS_STATS oops::GetValues::finalize                           :        14.89       3            4.9619
OOPS_STATS oops::GetValues::finalizeAD                         :       646.78      43           15.0414
OOPS_STATS oops::GetValues::finalizeTL                         :       107.58      42            2.5613
OOPS_STATS oops::GetValues::initialize                         :         2.27       3            0.7569
OOPS_STATS oops::GetValues::initializeAD                       :         4.86      43            0.1130
OOPS_STATS oops::GetValues::initializeTL                       :        19.12      42            0.4554
OOPS_STATS oops::GetValues::process                            :        17.18       3            5.7258
OOPS_STATS oops::GetValues::processAD                          :       131.71      43            3.0630
OOPS_STATS oops::GetValues::processTL                          :       141.53      42            3.3699
OOPS_STATS oops::Increment::Increment                          :     30148.90    2968           10.1580
OOPS_STATS oops::Increment::axpy                               :      6044.70     987            6.1243
OOPS_STATS oops::Increment::diff                               :       336.00      33           10.1817
OOPS_STATS oops::Increment::dot_product_with                   :      9047.81    1075            8.4166
OOPS_STATS oops::Increment::fromFieldSet                       :     12942.39    1333            9.7092
OOPS_STATS oops::Increment::operator*=                         :       196.39     127            1.5464
OOPS_STATS oops::Increment::operator+=                         :     11508.81    1489            7.7292
OOPS_STATS oops::Increment::operator+=(State, Increment)       :        45.08       1           45.0759
OOPS_STATS oops::Increment::operator-=                         :       129.55      30            4.3182
OOPS_STATS oops::Increment::operator=                          :      5526.86    1644            3.3618
OOPS_STATS oops::Increment::print                              :     29046.96    1297           22.3955
OOPS_STATS oops::Increment::schur_product_with                 :     12121.19    2580            4.6981
OOPS_STATS oops::Increment::serialSize                         :         4.89     186            0.0263
OOPS_STATS oops::Increment::toFieldSet                         :      9928.22    1375            7.2205
OOPS_STATS oops::Increment::zero                               :       134.32     130            1.0332
OOPS_STATS oops::Increment::~Increment                         :       190.47    2968            0.0642
OOPS_STATS oops::LinearObsOper::refl10cm::LinearObsOperator    :         5.35       1            5.3491
OOPS_STATS oops::LinearObsOper::refl10cm::requiredVars         :         0.09      87            0.0010
OOPS_STATS oops::LinearObsOper::refl10cm::setTrajectory        :         0.90       1            0.9049
OOPS_STATS oops::LinearObsOper::refl10cm::simulateObsAD        :         3.90      43            0.0908
OOPS_STATS oops::LinearObsOper::refl10cm::simulateObsTL        :         7.41      42            0.1764
OOPS_STATS oops::LinearObsOper::refl10cm::~LinearObsOperator   :         0.04       1            0.0361
OOPS_STATS oops::LinearVariableChange::LinearVariableChange    :         0.97       1            0.9735
OOPS_STATS oops::LinearVariableChange::changeVarAD             :      1891.71      43           43.9933
OOPS_STATS oops::LinearVariableChange::changeVarTL             :       666.13      42           15.8601
OOPS_STATS oops::LinearVariableChange::changeVarTraj           :         3.65       1            3.6500
OOPS_STATS oops::LinearVariableChange::~LinearVariableChange   :         0.05       1            0.0499
OOPS_STATS oops::LocalInterpolator::LocalInterpolator          :        54.73    2400            0.0228
OOPS_STATS oops::LocalInterpolator::apply                      :        15.88    2400            0.0066
OOPS_STATS oops::LocalInterpolator::applyAD                    :       113.94   34400            0.0033
OOPS_STATS oops::LocalInterpolator::applyTL                    :       124.29   33600            0.0037
OOPS_STATS oops::LocalInterpolator::preprocess                 :      1301.74      45           28.9276
OOPS_STATS oops::LocalInterpolator::preprocessAD               :        56.30      43            1.3093
OOPS_STATS oops::LocalInterpolator::~LocalInterpolator         :         1.33    2400            0.0006
OOPS_STATS oops::Localization::Localization                    :      7505.02       1         7505.0153
OOPS_STATS oops::Localization::multiply                        :    196042.96    1290          151.9713
OOPS_STATS oops::Localization::~Localization                   :         0.34       1            0.3427
OOPS_STATS oops::ModelAuxControl::ModelAuxControl              :         0.01       4            0.0029
OOPS_STATS oops::ModelAuxControl::print                        :         0.00       3            0.0007
OOPS_STATS oops::ModelAuxControl::~ModelAuxControl             :         0.00       4            0.0008
OOPS_STATS oops::ModelAuxCovariance::ModelAuxCovariance        :         0.00       1            0.0028
OOPS_STATS oops::ModelAuxCovariance::linearize                 :         0.00       1            0.0001
OOPS_STATS oops::ModelAuxCovariance::multiply                  :         0.01      43            0.0002
OOPS_STATS oops::ModelAuxCovariance::~ModelAuxCovariance       :         0.00       1            0.0005
OOPS_STATS oops::ModelAuxIncrement::ModelAuxIncrement          :         0.17     186            0.0009
OOPS_STATS oops::ModelAuxIncrement::axpy                       :         0.46     987            0.0005
OOPS_STATS oops::ModelAuxIncrement::diff                       :         0.00       3            0.0004
OOPS_STATS oops::ModelAuxIncrement::dot_product_with           :         0.24    1075            0.0002
OOPS_STATS oops::ModelAuxIncrement::operator*=                 :         0.04      83            0.0005
OOPS_STATS oops::ModelAuxIncrement::operator+=                 :         0.07     126            0.0006
OOPS_STATS oops::ModelAuxIncrement::operator+=ModelAuxControl  :         0.00       1            0.0001
OOPS_STATS oops::ModelAuxIncrement::operator=                  :         0.01      46            0.0003
OOPS_STATS oops::ModelAuxIncrement::print                      :         0.00       7            0.0007
OOPS_STATS oops::ModelAuxIncrement::serialSize                 :         0.01     186            0.0001
OOPS_STATS oops::ModelAuxIncrement::zero                       :         0.01      43            0.0002
OOPS_STATS oops::ModelAuxIncrement::~ModelAuxIncrement         :         0.04     186            0.0002
OOPS_STATS oops::ObsAuxControl::ObsAuxControl                  :         0.17       4            0.0435
OOPS_STATS oops::ObsAuxControl::print                          :         0.00       3            0.0010
OOPS_STATS oops::ObsAuxControl::requiredHdiagnostics           :         0.00       2            0.0001
OOPS_STATS oops::ObsAuxControl::requiredVars                   :         0.00       6            0.0003
OOPS_STATS oops::ObsAuxControl::write                          :         0.32       1            0.3169
OOPS_STATS oops::ObsAuxControl::~ObsAuxControl                 :         0.01       4            0.0017
OOPS_STATS oops::ObsAuxCovariance::ObsAuxCovariance            :         0.11       1            0.1092
OOPS_STATS oops::ObsAuxCovariance::inverseMultiply             :         0.06      43            0.0014
OOPS_STATS oops::ObsAuxCovariance::linearize                   :         0.01       1            0.0143
OOPS_STATS oops::ObsAuxCovariance::multiply                    :         0.21      43            0.0049
OOPS_STATS oops::ObsAuxCovariance::preconditioner              :         0.02       1            0.0192
OOPS_STATS oops::ObsAuxCovariance::write                       :         0.02       1            0.0218
OOPS_STATS oops::ObsAuxCovariance::~ObsAuxCovariance           :         0.00       1            0.0027
OOPS_STATS oops::ObsAuxIncrement::ObsAuxIncrement              :         0.86     186            0.0046
OOPS_STATS oops::ObsAuxIncrement::axpy                         :         1.46     987            0.0015
OOPS_STATS oops::ObsAuxIncrement::diff                         :         0.01       3            0.0045
OOPS_STATS oops::ObsAuxIncrement::dot_product_with             :         0.56    1075            0.0005
OOPS_STATS oops::ObsAuxIncrement::operator*=                   :         0.08      83            0.0009
OOPS_STATS oops::ObsAuxIncrement::operator+=                   :         0.17     126            0.0013
OOPS_STATS oops::ObsAuxIncrement::operator=                    :         0.04      46            0.0009
OOPS_STATS oops::ObsAuxIncrement::print                        :         0.01       7            0.0008
OOPS_STATS oops::ObsAuxIncrement::serialSize                   :         0.01     372            0.0000
OOPS_STATS oops::ObsAuxIncrement::zero                         :         0.05      43            0.0011
OOPS_STATS oops::ObsAuxIncrement::~ObsAuxIncrement             :         0.21     186            0.0011
OOPS_STATS oops::ObsAuxPreconditioner::multiply                :         0.04      43            0.0009
OOPS_STATS oops::ObsAuxPreconditioner::~ObsAuxPreconditioner   :         0.00       2            0.0010
OOPS_STATS oops::ObsDataVector::ObsDataVector                  :         0.09       4            0.0216
OOPS_STATS oops::ObsDataVector::mask                           :         0.01       2            0.0044
OOPS_STATS oops::ObsDataVector::operator=                      :         0.02       2            0.0087
OOPS_STATS oops::ObsDataVector::print                          :         5.50       2            2.7516
OOPS_STATS oops::ObsDataVector::save                           :         0.27       4            0.0673
OOPS_STATS oops::ObsDataVector::~ObsDataVector                 :         0.01       4            0.0023
OOPS_STATS oops::ObsDiagnostics::ObsDiagnostics                :         0.47       2            0.2348
OOPS_STATS oops::ObsDiagnostics::~ObsDiagnostics               :         0.02       2            0.0077
OOPS_STATS oops::ObsError::getRMSE                             :         7.49       4            1.8713
OOPS_STATS oops::ObsError::inverseMultiply                     :         0.39      44            0.0089
OOPS_STATS oops::ObsError::obserrors                           :         0.28       6            0.0460
OOPS_STATS oops::ObsError::update                              :        20.08       2           10.0393
OOPS_STATS oops::ObsError::~ObsError                           :         0.01       1            0.0099
OOPS_STATS oops::ObsOperator::refl10cm::ObsOperator            :        25.14       2           12.5693
OOPS_STATS oops::ObsOperator::refl10cm::computeReducedVars     :         0.90       3            0.2991
OOPS_STATS oops::ObsOperator::refl10cm::locations              :         3.37       3            1.1237
OOPS_STATS oops::ObsOperator::refl10cm::requiredVars           :         0.01       3            0.0036
OOPS_STATS oops::ObsOperator::refl10cm::simulateObs            :         1.84       2            0.9203
OOPS_STATS oops::ObsOperator::refl10cm::~ObsOperator           :         0.03       2            0.0126
OOPS_STATS oops::ObsSpace::ObsSpace                            :       747.60       1          747.5976
OOPS_STATS oops::ObsSpace::obsvariables                        :         0.00       3            0.0003
OOPS_STATS oops::ObsSpace::save                                :      2309.84       1         2309.8355
OOPS_STATS oops::ObsSpace::~ObsSpace                           :         0.63       1            0.6295
OOPS_STATS oops::ObsVector::ObsVector                          :         1.21     102            0.0118
OOPS_STATS oops::ObsVector::dot_product                        :         0.45       4            0.1125
OOPS_STATS oops::ObsVector::info                               :         1.63       6            0.2717
OOPS_STATS oops::ObsVector::operator*=                         :         0.01       2            0.0044
OOPS_STATS oops::ObsVector::operator-=                         :         0.02       2            0.0101
OOPS_STATS oops::ObsVector::operator=                          :         0.40       4            0.1000
OOPS_STATS oops::ObsVector::rms                                :         5.84       4            1.4588
OOPS_STATS oops::ObsVector::save                               :         0.39       6            0.0658
OOPS_STATS oops::ObsVector::zero                               :         0.04      44            0.0008
OOPS_STATS oops::ObsVector::~ObsVector                         :         0.21     102            0.0021
OOPS_STATS oops::Parameters::deserialize                       :        17.72      97            0.1827
OOPS_STATS oops::Parameters::serialize                         :         1.81      80            0.0226
OOPS_STATS oops::Run::execute                                  :    414902.34       1       414902.3433
OOPS_STATS oops::SampledLocations::SampledLocations            :         0.00       4            0.0004
OOPS_STATS oops::SampledLocations::latitudes                   :         0.00       3            0.0000
OOPS_STATS oops::SampledLocations::longitudes                  :         0.00       3            0.0000
OOPS_STATS oops::SampledLocations::times                       :         0.00       3            0.0000
OOPS_STATS oops::SampledLocations::~SampledLocations           :         0.34       8            0.0430
OOPS_STATS oops::State::State                                  :     63389.27      72          880.4066
OOPS_STATS oops::State::print                                  :        80.61       3           26.8696
OOPS_STATS oops::State::toFieldSet                             :        23.20       5            4.6405
OOPS_STATS oops::State::variables                              :         0.00      58            0.0000
OOPS_STATS oops::State::write                                  :     19187.69       1        19187.6883
OOPS_STATS oops::State::zero                                   :        53.78      30            1.7927
OOPS_STATS oops::State::~State                                 :         8.47      72            0.1176
OOPS_STATS oops::UnstructuredInterpolator::UnstructuredInterpo :        53.86    2400            0.0224
OOPS_STATS oops::UnstructuredInterpolator::apply               :       130.42   36000            0.0036
OOPS_STATS oops::UnstructuredInterpolator::applyAD             :        81.64   34400            0.0024
OOPS_STATS oops::VariableChange::VariableChange                :         0.39       3            0.1311
OOPS_STATS oops::VariableChange::changeVar                     :        20.57       3            6.8566
OOPS_STATS oops::VariableChange::~VariableChange               :         0.02       3            0.0061
OOPS_STATS oops::util::FieldSetHelpers::readFieldSet           :      7451.42       2         3725.7085
OOPS_STATS saber::Localization::Localization                   :      7505.00       1         7505.0026
OOPS_STATS saber::Localization::multiply                       :    186463.26    1290          144.5452
OOPS_STATS saber::Localization::~Localization                  :         0.00       1            0.0001
OOPS_STATS ufo::ObsFilter::ObsFilter                           :         9.40       5            1.8792
OOPS_STATS ufo::ObsFilter::checkFilterData                     :         0.01      15            0.0005
OOPS_STATS ufo::ObsFilter::postFilter                          :        21.98       5            4.3950
OOPS_STATS ufo::ObsFilter::preProcess                          :         0.03       5            0.0051
OOPS_STATS ufo::ObsFilter::priorFilter                         :         0.05       5            0.0097
OOPS_STATS ufo::ObsFilter::~ObsFilter                          :        25.95       9            2.8832
OOPS_STATS util::Timers::measured                              :    414276.08       1       414276.0831
OOPS_STATS ------------------------------------ Timing Statistics -------------------------------------

OOPS_STATS ------------------------------------------------------------------------------------------------------------------
OOPS_STATS ---------------------------------- Parallel Timing Statistics ( 800 MPI tasks) -----------------------------------
OOPS_STATS ------------------------------------------------------------------------------------------------------------------
OOPS_STATS Name                                                :     min (ms)    max (ms)    avg (ms)     % total   imbal (%)
OOPS_STATS oops::Covariance::EnsembleCovariance                :     69342.13    69343.43    69342.61       16.71        0.00
OOPS_STATS oops::Covariance::ensemble::multiply                :    240420.26   241030.74   240779.29       58.03        0.25
OOPS_STATS oops::Diffusion::multiplySqrtAD                     :     58188.05    61087.07    59418.51       14.32        4.88
OOPS_STATS oops::Diffusion::multiplySqrtTL                     :     47024.97    56811.69    49914.96       12.03       19.61
OOPS_STATS oops::Geometry::Geometry                            :     49193.21    50467.34    50395.91       12.15        2.53
OOPS_STATS oops::Geometry::~Geometry                           :       348.92      541.31      450.11        0.11       42.74
OOPS_STATS oops::GeometryData::setGlobalTree                   :      1810.72     1954.65     1890.04        0.46        7.61
OOPS_STATS oops::GetValues::fillGeoVaLsTL                      :       304.63      940.75      663.89        0.16       95.82
OOPS_STATS oops::GetValues::finalizeAD                         :       559.68     1064.33      655.45        0.16       76.99
OOPS_STATS oops::Increment::Increment                          :     23306.49    31532.58    26316.62        6.34       31.26
OOPS_STATS oops::Increment::axpy                               :      4961.76     6513.85     5927.44        1.43       26.18
OOPS_STATS oops::Increment::dot_product_with                   :      8631.89    10609.55     9429.35        2.27       20.97
OOPS_STATS oops::Increment::fromFieldSet                       :      9660.45    14418.81    10902.37        2.63       43.65
OOPS_STATS oops::Increment::operator+=                         :      9130.03    12858.35    10509.18        2.53       35.48
OOPS_STATS oops::Increment::operator=                          :      4203.80     7908.21     5791.87        1.40       63.96
OOPS_STATS oops::Increment::print                              :     22904.41    42731.04    35002.59        8.44       56.64
OOPS_STATS oops::Increment::schur_product_with                 :      8513.29    15130.17    12056.79        2.91       54.88
OOPS_STATS oops::Increment::toFieldSet                         :      9126.94    15938.89    11267.38        2.72       60.46
OOPS_STATS oops::LinearVariableChange::changeVarAD             :      1242.49     2615.94     1941.39        0.47       70.75
OOPS_STATS oops::LinearVariableChange::changeVarTL             :       436.30     1141.04      881.82        0.21       79.92
OOPS_STATS oops::LocalInterpolator::preprocess                 :        80.83     1359.81     1304.59        0.31       98.04
OOPS_STATS oops::Localization::Localization                    :      7444.34     7658.32     7512.66        1.81        2.85
OOPS_STATS oops::Localization::multiply                        :    192634.87   210407.77   201578.46       48.58        8.82
OOPS_STATS oops::ObsSpace::ObsSpace                            :       691.12      756.74      725.19        0.17        9.05
OOPS_STATS oops::ObsSpace::save                                :      2140.68     2311.68     2221.19        0.54        7.70
OOPS_STATS oops::State::State                                  :     63302.06    63570.78    63399.36       15.28        0.42
OOPS_STATS oops::State::write                                  :     17883.08    19214.09    19189.50        4.63        6.94
OOPS_STATS oops::util::FieldSetHelpers::readFieldSet           :      7247.04     7451.42     7310.50        1.76        2.80
OOPS_STATS saber::Localization::Localization                   :      7444.32     7658.30     7512.65        1.81        2.85
OOPS_STATS saber::Localization::multiply                       :    180373.25   196550.35   190649.51       45.95        8.49
OOPS_STATS util::Timers::measured                              :    414276.08   414625.99   414526.63       99.91        0.08
OOPS_STATS oops::Run::execute                                  :    414828.39   414958.79   414900.99      100.00        0.03
OOPS_STATS ---------------------------------- Parallel Timing Statistics ( 800 MPI tasks) -----------------------------------

OOPS_STATS Run end                                  - Runtime:    415.87 sec,  Memory: total:  4127.29 GB, per task: min =     4.83 GB, max =     7.02 GB
Run: Finishing oops::Variational<MPAS, UFO and IODA observations> with status = 0
OOPS Ending   2026-06-03 21:19:06 (UTC+0000)
