Configuration input file is: jedivar.pass2.yaml
Full configuration is:YAMLConfiguration[path=jedivar.pass2.yaml, root={_member => {date => 2026-05-26T17:00:00Z , state variables => (water_vapor_mixing_ratio_wrt_moist_air,air_pressure_at_surface,air_temperature,northward_wind,eastward_wind,cloud_liquid_water,cloud_liquid_ice,rain_water,snow_water,graupel,equivalent_reflectivity_factor,upward_air_velocity) , stream name => ensemble} , output => {filename => mpasout.nc , stream name => analysis} , variational => {minimizer => {algorithm => DRPCG} , iterations => ({geometry => {nml_file => ./namelist.atmosphere , streams_file => ./streams.atmosphere , deallocate non-da fields => true , interpolation type => unstructured} , gradient norm reduction => 0.001 , ninner => 75})} , cost function => {cost type => 3D-Var , time window => {begin => 2026-05-26T15:00:00Z , length => PT4H} , jb evaluation => false , geometry => {nml_file => ./namelist.atmosphere , streams_file => ./streams.atmosphere , deallocate non-da fields => true , interpolation type => unstructured} , analysis variables => (water_vapor_mixing_ratio_wrt_moist_air,air_pressure_at_surface,air_temperature,northward_wind,eastward_wind,cloud_liquid_water,cloud_liquid_ice,rain_water,snow_water,graupel,equivalent_reflectivity_factor,upward_air_velocity) , background => {state variables => (water_vapor_mixing_ratio_wrt_moist_air,air_pressure_at_surface,air_temperature,northward_wind,eastward_wind,air_potential_temperature,dry_air_density,u,water_vapor_mixing_ratio_wrt_dry_air,air_pressure,landmask,seaice_fraction,snowc,skin_temperature_at_surface,ivgtyp,isltyp,snowh,vegetation_area_fraction,air_temperature_at_2m,water_vapor_mixing_ratio_wrt_moist_air_at_2m,eastward_wind_at_10m,northward_wind_at_10m,lai,smois,tslb,pressure_p,cloud_liquid_water,cloud_liquid_ice,graupel,rain_water,snow_water,cldfrac,equivalent_reflectivity_factor,w,upward_air_velocity) , filename => mpasout.nc , date => 2026-05-26T17:00:00Z} , background error => {covariance model => ensemble , localization => {localization method => SABER , saber central block => {saber block name => diffusion , active variables => (water_vapor_mixing_ratio_wrt_moist_air,air_pressure_at_surface,air_temperature,northward_wind,eastward_wind,cloud_liquid_water,cloud_liquid_ice,rain_water,snow_water,graupel,equivalent_reflectivity_factor,upward_air_velocity) , read => {groups => ({variables => (water_vapor_mixing_ratio_wrt_moist_air,air_pressure_at_surface,air_temperature,northward_wind,eastward_wind,cloud_liquid_water,cloud_liquid_ice,rain_water,snow_water,graupel,equivalent_reflectivity_factor,upward_air_velocity) , multivariate strategy => duplicated , horizontal => {filepath => data/diffusionloc/mpas_conus3km.diffusion_hz} , vertical => {levels => 59 , filepath => data/diffusionloc/mpas_conus3km.diffusion_vt}})}}} , members from template => {template => {date => 2026-05-26T17:00:00Z , state variables => (water_vapor_mixing_ratio_wrt_moist_air,air_pressure_at_surface,air_temperature,northward_wind,eastward_wind,cloud_liquid_water,cloud_liquid_ice,rain_water,snow_water,graupel,equivalent_reflectivity_factor,upward_air_velocity) , stream name => ensemble , filename => ./data/ens/mem%iMember%.nc} , pattern => %iMember% , start => 1 , zero padding => 3 , nmembers => 30}} , observations => {observers => ({obs space => {name => refl10cm , distribution => {name => RoundRobin , halo size => 500000} , obsdatain => {engine => {type => H5File , obsfile => data/obs/ioda_mrms_refl.nc , missing file action => warn}} , obsdataout => {engine => {type => H5File , allow overwrite => true , obsfile => jdiag_mrms_refl.nc}} , io pool => {write multiple files => false} , _source => mrms , simulated variables => (equivalentReflectivityFactor)} , obs operator => {name => VertInterp , vertical coordinate => height_above_mean_sea_level , observation vertical coordinate => height , interpolation method => linear , observation alias file => obsop_name_map.yaml} , obs localizations => ({localization method => Horizontal Gaspari-Cohn , lengthscale => 200000}) , _obsname => refl10cm , obs filters => ({filter => Background Check , filter variables => ({name => equivalentReflectivityFactor}) , threshold => 12 , action => {name => reject}})})}}}]
OOPS_STATS ObjectCountHelper started.
OOPS_STATS Run start                                - Runtime:      1.21 sec,  Memory: total:   104.25 GB, per task: min =   128.97 MB, max =   130.55 MB
Run: Starting oops::Variational<MPAS, UFO and IODA observations>
OOPS_STATS Variational start                        - Runtime:     1.21 sec,  Local Memory:   130.55 MB
==> create geom
atlas::mpi::push(world)
Increase halo 1
atlas::mpi::pop(world)
atlas::mpi::push(world)
atlas::mpi::pop(world)
atlas::mpi::push(world)
atlas::mpi::pop(world)
atlas::mpi::push(world)
atlas::mpi::pop(world)
refl10cm: read database from data/obs/ioda_mrms_refl.nc (io pool size: 800)
refl10cm processed vars: 1 Variables: equivalentReflectivityFactor
refl10cm assimilated vars: 1 Variables: equivalentReflectivityFactor
refl10cm: 0 observations are outside of time window out of 3884412
refl10cm: 0 observations were rejected by QC checks out of 3884412
No bias-correction is performed for this ObsSpace.
3DVar window: TimeWindow: start = 2026-05-26T15:00:00Z, end = 2026-05-26T19:00:00Z, inclusive upper bound.

OOPS_STATS IncrementalAssimilation start            - Runtime:    37.54 sec,  Local Memory:     2.50 GB
Running incremental assimilation with 1 outer iterations.
Minimizer algorithm=DRPCG
QNewtonLMP: maxouter : 1
IncrementalAssimilation: Configuration for outer iteration 0:
LocalConfiguration[root={geometry => {nml_file => ./namelist.atmosphere , streams_file => ./streams.atmosphere , deallocate non-da fields => true , interpolation type => unstructured} , gradient norm reduction => 0.001 , ninner => 75 , iteration => 0 , total iterations => 1}]
OOPS_STATS IncrementalAssimilation iteration 0      - Runtime:    37.54 sec,  Local Memory:     2.50 GB
==> create geom
atlas::mpi::push(world)
Increase halo 1
atlas::mpi::pop(world)
atlas::mpi::push(world)
atlas::mpi::pop(world)
atlas::mpi::push(world)
atlas::mpi::pop(world)
atlas::mpi::push(world)
atlas::mpi::pop(world)
Key "mesh[address=0x41cd1a0],halo[size=1]" not found in cache "NodeColumnsHaloExchangeCache" , creating new, removable with key "mesh[address=0x41cd1a0],halo[size=1]"
Key "mesh[address=0x76f7ee0],halo[size=1]" not found in cache "NodeColumnsHaloExchangeCache" , creating new, removable with key "mesh[address=0x76f7ee0],halo[size=1]"
processWhere: selected 0 obs.
BackgroundCheck obserr: 
refl10cm equivalentReflectivityFactor nlocs = 3884412, nobs = 3884412, min = 5, max = 5, avg = 5
processing a float: 12
ObsErrorDiagonal covariance updated 3748280
Observer::finalize QC = 
refl10cm equivalentReflectivityFactor nlocs = 3884412, nobs = 3884412, min = 0, max = 19, avg = 0
CostJo Observations: 
refl10cm nobs= 3884412 Min=0, Max=56.4469, RMS=4.13361

Jo Observations:
Jo Obs :refl10cm:equivalentReflectivityFactor   : Nobs=  3748280, Min= 0.000000e+00, Max= 5.644690e+01, RMS= 4.180441e+00
Jo Observations Equivalent:
Jo H(x):refl10cm:equivalentReflectivityFactor   : Nobs=  3748280, Min= 0.000000e+00, Max= 5.893364e+01, RMS= 3.870830e+00
Jo Bias Corrected Departures:
Jo Dep :refl10cm:equivalentReflectivityFactor   : Nobs=  3748280, Min=-5.644690e+01, Max= 5.719990e+01, RMS= 3.907466e+00
Jo Observations Errors:
UFO Diagonal observation error covariance, inverse variances: refl10cm nobs= 3748280 Min=0.04, Max=0.04, RMS=0.04



CostJo   : Nonlinear Jo(refl10cm) = 1.1446e+06, nobs = 3748280, Jo/n = 0.305366, err = 5
CostJo   : Nonlinear Jo = 1.1446e+06
Increment:diff x1 4
Increment:diff x2 35
Increment:diff x1 5
Increment:diff x2 36
Increment:diff x1 6
Increment:diff x2 37
Increment:diff x1 7
Increment:diff x2 38
Increment:diff x1 8
Increment:diff x2 39
Increment:diff x1 9
Increment:diff x2 40
Increment:diff x1 10
Increment:diff x2 41
Increment:diff x1 11
Increment:diff x2 42
Increment:diff x1 12
Increment:diff x2 43
Increment:diff x1 13
Increment:diff x2 44
Increment:diff x1 14
Increment:diff x2 45
Increment:diff x1 15
Increment:diff x2 46
Increment:diff x1 16
Increment:diff x2 47
Increment:diff x1 17
Increment:diff x2 48
Increment:diff x1 18
Increment:diff x2 49
Increment:diff x1 19
Increment:diff x2 50
Increment:diff x1 20
Increment:diff x2 51
Increment:diff x1 21
Increment:diff x2 52
Increment:diff x1 22
Increment:diff x2 53
Increment:diff x1 23
Increment:diff x2 54
Increment:diff x1 24
Increment:diff x2 55
Increment:diff x1 25
Increment:diff x2 56
Increment:diff x1 26
Increment:diff x2 57
Increment:diff x1 27
Increment:diff x2 58
Increment:diff x1 28
Increment:diff x2 59
Increment:diff x1 29
Increment:diff x2 60
Increment:diff x1 30
Increment:diff x2 61
Increment:diff x1 31
Increment:diff x2 62
Increment:diff x1 32
Increment:diff x2 63
Increment:diff x1 33
Increment:diff x2 64
Info     : Prepare ensemble configuration
Info     : Read full ensemble
Info     : Creating central block: 
Info     : SaberCentralBlock using multivariate strategy: deprecated
Info     : Creating single central block.
Info     : Read data

==================================================================================
 saber::Diffusion read
----------------------------------------------------------------------------------

group 1 of 1
atlas::mpi::push(world)
atlas::mpi::pop(world)
variables: [water_vapor_mixing_ratio_wrt_moist_air,air_pressure_at_surface,air_temperature,northward_wind,eastward_wind,cloud_liquid_water,cloud_liquid_ice,rain_water,snow_water,graupel,equivalent_reflectivity_factor,upward_air_velocity]
multivariate strategy: duplicated
Reading horizontal parameters
  levels: 1
Key "mesh[address=0x76f7ee0]" not found in cache "NodeColumnsGatherScatterCache" , creating new, removable with key "mesh[address=0x76f7ee0]"
  Info     : Reading file: data/diffusionloc/mpas_conus3km.diffusion_hz.nc
atlas::mpi::push(world)
atlas::mpi::pop(world)
  hzScales:  min: 4087.19  mean: 4087.19  max: 4087.19
  hzNorm:    min: 2.4414  mean: 3.71484  max: 4.05626
Reading vertical parameters
  levels: 59
  vertical strategy: normal
  Info     : Reading file: data/diffusionloc/mpas_conus3km.diffusion_vt.nc
atlas::mpi::push(world)
atlas::mpi::pop(world)
  vtScales:  min: 11  mean: 11  max: 11
  vtNorm:    min: 3.7178  mean: 4.83632  max: 5.25235
Diffusion: horizontal iterations: 6
Diffusion: vertical iterations: 242
Increment:diff x1 2
Increment:diff x2 1
==================================================================================

CostJb: FG-BG
  Valid time: 2026-05-26T17:00:00Z
  Resolution: nCellsGlobal = 2341818, nFields = 12
Fld=1  Min=0, Max=0, RMS=0 : water_vapor_mixing_ratio_wrt_moist_air
Fld=2  Min=0, Max=0, RMS=0 : air_pressure_at_surface
Fld=3  Min=0, Max=0, RMS=0 : air_temperature
Fld=4  Min=0, Max=0, RMS=0 : northward_wind
Fld=5  Min=0, Max=0, RMS=0 : eastward_wind
Fld=6  Min=0, Max=0, RMS=0 : cloud_liquid_water
Fld=7  Min=0, Max=0, RMS=0 : cloud_liquid_ice
Fld=8  Min=0, Max=0, RMS=0 : rain_water
Fld=9  Min=0, Max=0, RMS=0 : snow_water
Fld=10  Min=0, Max=0, RMS=0 : graupel
Fld=11  Min=0, Max=0, RMS=0 : equivalent_reflectivity_factor
Fld=12  Min=0, Max=0, RMS=0 : upward_air_velocity
Increment:diff x1 2
Increment:diff x2 1
CostJb: FG-BG
  Valid time: 2026-05-26T17:00:00Z
  Resolution: nCellsGlobal = 2341818, nFields = 12
Fld=1  Min=0, Max=0, RMS=0 : water_vapor_mixing_ratio_wrt_moist_air
Fld=2  Min=0, Max=0, RMS=0 : air_pressure_at_surface
Fld=3  Min=0, Max=0, RMS=0 : air_temperature
Fld=4  Min=0, Max=0, RMS=0 : northward_wind
Fld=5  Min=0, Max=0, RMS=0 : eastward_wind
Fld=6  Min=0, Max=0, RMS=0 : cloud_liquid_water
Fld=7  Min=0, Max=0, RMS=0 : cloud_liquid_ice
Fld=8  Min=0, Max=0, RMS=0 : rain_water
Fld=9  Min=0, Max=0, RMS=0 : snow_water
Fld=10  Min=0, Max=0, RMS=0 : graupel
Fld=11  Min=0, Max=0, RMS=0 : equivalent_reflectivity_factor
Fld=12  Min=0, Max=0, RMS=0 : upward_air_velocity
CostFunction: Nonlinear J = 1.1446e+06
OOPS_STATS IncrementalAssimilation linearize 0      - Runtime:   164.33 sec,  Local Memory:     7.27 GB

DRPCGMinimizer: max iter = 75, requested norm reduction = 0.001
CostFunction::computeGradientFG: gradient:
  Valid time: 2026-05-26T17:00:00Z
  Resolution: nCellsGlobal = 2341818, nFields = 12
Fld=1  Min=0, Max=0, RMS=0 : water_vapor_mixing_ratio_wrt_moist_air
Fld=2  Min=0, Max=0, RMS=0 : air_pressure_at_surface
Fld=3  Min=0, Max=0, RMS=0 : air_temperature
Fld=4  Min=0, Max=0, RMS=0 : northward_wind
Fld=5  Min=0, Max=0, RMS=0 : eastward_wind
Fld=6  Min=0, Max=0, RMS=0 : cloud_liquid_water
Fld=7  Min=0, Max=0, RMS=0 : cloud_liquid_ice
Fld=8  Min=0, Max=0, RMS=0 : rain_water
Fld=9  Min=0, Max=0, RMS=0 : snow_water
Fld=10  Min=0, Max=0, RMS=0 : graupel
Fld=11  Min=-1.62192, Max=1.76179, RMS=0.0150014 : equivalent_reflectivity_factor
Fld=12  Min=0, Max=0, RMS=0 : upward_air_velocity
DRPCGMinimizer rhs
  Valid time: 2026-05-26T17:00:00Z
  Resolution: nCellsGlobal = 2341818, nFields = 12
Fld=1  Min=-0, Max=-0, RMS=0 : water_vapor_mixing_ratio_wrt_moist_air
Fld=2  Min=-0, Max=-0, RMS=0 : air_pressure_at_surface
Fld=3  Min=-0, Max=-0, RMS=0 : air_temperature
Fld=4  Min=-0, Max=-0, RMS=0 : northward_wind
Fld=5  Min=-0, Max=-0, RMS=0 : eastward_wind
Fld=6  Min=-0, Max=-0, RMS=0 : cloud_liquid_water
Fld=7  Min=-0, Max=-0, RMS=0 : cloud_liquid_ice
Fld=8  Min=-0, Max=-0, RMS=0 : rain_water
Fld=9  Min=-0, Max=-0, RMS=0 : snow_water
Fld=10  Min=-0, Max=-0, RMS=0 : graupel
Fld=11  Min=-1.76179, Max=1.62192, RMS=0.0150014 : equivalent_reflectivity_factor
Fld=12  Min=-0, Max=-0, RMS=0 : upward_air_velocity
Initial RHS squared norm = 31093.5
OOPS_STATS DRPCG start                              - Runtime:   164.50 sec,  Local Memory:     7.27 GB
normr0 31093.5
  Residual norm ( 0) = 6991.240600035599
  Norm reduction ( 0) = 1

  Quadratic cost function: J   ( 0) = 1144596.511940047
  Quadratic cost function: Jb  ( 0) = 0
  Quadratic cost function: JoJc( 0) = 1144596.511940047


 DRPCG Starting Iteration 1
OOPS_STATS DRPCG iteration 1                        - Runtime:   169.96 sec,  Local Memory:     7.27 GB
rdots 1.50266e+07      iteration    0
DRPCG end of iteration 1
  Residual norm ( 1) = 3876.420049564736
  Norm reduction ( 1) = 0.5544681225167674

  Quadratic cost function: J   ( 1) = 725348.3854058352
  Quadratic cost function: Jb  ( 1) = 7192.233192370499
  Quadratic cost function: JoJc( 1) = 718156.1522134647

 DRPCG Starting Iteration 2
OOPS_STATS DRPCG iteration 2                        - Runtime:   175.42 sec,  Local Memory:     7.27 GB
rdots 7.47813e+06      iteration    1
DRPCG end of iteration 2
  Residual norm ( 2) = 2734.617035140135
  Norm reduction ( 2) = 0.3911490380013829

  Quadratic cost function: J   ( 2) = 600903.339092674
  Quadratic cost function: Jb  ( 2) = 14156.86755835777
  Quadratic cost function: JoJc( 2) = 586746.4715343162

 DRPCG Starting Iteration 3
OOPS_STATS DRPCG iteration 3                        - Runtime:   181.00 sec,  Local Memory:     7.27 GB
rdots 4.28338e+06      iteration    2
DRPCG end of iteration 3
  Residual norm ( 3) = 2069.632250948545
  Norm reduction ( 3) = 0.2960321878978113

  Quadratic cost function: J   ( 3) = 537905.7671167871
  Quadratic cost function: Jb  ( 3) = 20798.82628280177
  Quadratic cost function: JoJc( 3) = 517106.9408339854

 DRPCG Starting Iteration 4
OOPS_STATS DRPCG iteration 4                        - Runtime:   186.56 sec,  Local Memory:     7.27 GB
rdots 2.43686e+06      iteration    3
DRPCG end of iteration 4
  Residual norm ( 4) = 1561.045623906887
  Norm reduction ( 4) = 0.2232859249471315

  Quadratic cost function: J   ( 4) = 498052.992453875
  Quadratic cost function: Jb  ( 4) = 27551.66488930579
  Quadratic cost function: JoJc( 4) = 470501.3275645692

 DRPCG Starting Iteration 5
OOPS_STATS DRPCG iteration 5                        - Runtime:   192.13 sec,  Local Memory:     7.27 GB
rdots 1.61007e+06      iteration    4
DRPCG end of iteration 5
  Residual norm ( 5) = 1268.883732889814
  Norm reduction ( 5) = 0.1814962186944836

  Quadratic cost function: J   ( 5) = 473126.5466917015
  Quadratic cost function: Jb  ( 5) = 33752.0388037307
  Quadratic cost function: JoJc( 5) = 439374.5078879708

 DRPCG Starting Iteration 6
rdots 1.08924e+06      iteration    5
DRPCG end of iteration 6
  Residual norm ( 6) = 1043.664783641976
  Norm reduction ( 6) = 0.1492817717697574

  Quadratic cost function: J   ( 6) = 457191.6076553359
  Quadratic cost function: Jb  ( 6) = 39157.08743456705
  Quadratic cost function: JoJc( 6) = 418034.5202207689

 DRPCG Starting Iteration 7
rdots 716120      iteration    6
DRPCG end of iteration 7
  Residual norm ( 7) = 846.2388296052868
  Norm reduction ( 7) = 0.121042727323814

  Quadratic cost function: J   ( 7) = 445572.3204642076
  Quadratic cost function: Jb  ( 7) = 44297.47530928908
  Quadratic cost function: JoJc( 7) = 401274.8451549185

 DRPCG Starting Iteration 8
rdots 510349      iteration    7
DRPCG end of iteration 8
  Residual norm ( 8) = 714.3869300648936
  Norm reduction ( 8) = 0.1021831418677332

  Quadratic cost function: J   ( 8) = 437333.6683656112
  Quadratic cost function: Jb  ( 8) = 48918.34076659541
  Quadratic cost function: JoJc( 8) = 388415.3275990158

 DRPCG Starting Iteration 9
rdots 379484      iteration    8
DRPCG end of iteration 9
  Residual norm ( 9) = 616.0223748570236
  Norm reduction ( 9) = 0.08811345655217286

  Quadratic cost function: J   ( 9) = 431657.8472188656
  Quadratic cost function: Jb  ( 9) = 52828.26122252357
  Quadratic cost function: JoJc( 9) = 378829.5859963421

 DRPCG Starting Iteration 10
OOPS_STATS DRPCG iteration 10                       - Runtime:   220.60 sec,  Local Memory:     7.27 GB
rdots 271389      iteration    9
DRPCG end of iteration 10
  Residual norm (10) = 520.9502781853416
  Norm reduction (10) = 0.07451471176413083

  Quadratic cost function: J   (10) = 427556.3801385745
  Quadratic cost function: Jb  (10) = 56204.24152502848
  Quadratic cost function: JoJc(10) = 371352.138613546

 DRPCG Starting Iteration 11
rdots 196589      iteration    10
DRPCG end of iteration 11
  Residual norm (11) = 443.3830645791224
  Norm reduction (11) = 0.06341979770755776

  Quadratic cost function: J   (11) = 424587.7428913844
  Quadratic cost function: Jb  (11) = 59065.10545921543
  Quadratic cost function: JoJc(11) = 365522.637432169

 DRPCG Starting Iteration 12
rdots 151367      iteration    11
DRPCG end of iteration 12
  Residual norm (12) = 389.0589752444744
  Norm reduction (12) = 0.05564949019813355

  Quadratic cost function: J   (12) = 422436.1471421807
  Quadratic cost function: Jb  (12) = 61451.838195763
  Quadratic cost function: JoJc(12) = 360984.3089464177

 DRPCG Starting Iteration 13
rdots 101741      iteration    12
DRPCG end of iteration 13
  Residual norm (13) = 318.9685267864835
  Norm reduction (13) = 0.04562402369400065

  Quadratic cost function: J   (13) = 420838.2576006395
  Quadratic cost function: Jb  (13) = 63463.78398576888
  Quadratic cost function: JoJc(13) = 357374.4736148706

 DRPCG Starting Iteration 14
rdots 74631.5      iteration    13
DRPCG end of iteration 14
  Residual norm (14) = 273.1876733006454
  Norm reduction (14) = 0.03907570757888869

  Quadratic cost function: J   (14) = 419629.9777916551
  Quadratic cost function: Jb  (14) = 65175.07017861851
  Quadratic cost function: JoJc(14) = 354454.9076130366

 DRPCG Starting Iteration 15
OOPS_STATS DRPCG iteration 15                       - Runtime:   249.40 sec,  Local Memory:     7.27 GB
rdots 53406.2      iteration    14
DRPCG end of iteration 15
  Residual norm (15) = 231.097736564311
  Norm reduction (15) = 0.03305532591213272

  Quadratic cost function: J   (15) = 418760.9035448242
  Quadratic cost function: Jb  (15) = 66547.50717559151
  Quadratic cost function: JoJc(15) = 352213.3963692327

 DRPCG Starting Iteration 16
rdots 40224.1      iteration    15
DRPCG end of iteration 16
  Residual norm (16) = 200.559522019583
  Norm reduction (16) = 0.02868725788360963

  Quadratic cost function: J   (16) = 418147.9646165789
  Quadratic cost function: Jb  (16) = 67614.91554047361
  Quadratic cost function: JoJc(16) = 350533.0490761053

 DRPCG Starting Iteration 17
rdots 29560.1      iteration    16
DRPCG end of iteration 17
  Residual norm (17) = 171.9304621173189
  Norm reduction (17) = 0.02459226794689964

  Quadratic cost function: J   (17) = 417709.648236807
  Quadratic cost function: Jb  (17) = 68448.34837063358
  Quadratic cost function: JoJc(17) = 349261.2998661734

 DRPCG Starting Iteration 18
rdots 21359.3      iteration    17
DRPCG end of iteration 18
  Residual norm (18) = 146.1481409188461
  Norm reduction (18) = 0.02090446449777482

  Quadratic cost function: J   (18) = 417384.8352022785
  Quadratic cost function: Jb  (18) = 69118.00735411057
  Quadratic cost function: JoJc(18) = 348266.8278481679

 DRPCG Starting Iteration 19
rdots 15430.5      iteration    18
DRPCG end of iteration 19
  Residual norm (19) = 124.2196146390652
  Norm reduction (19) = 0.0177678929600038

  Quadratic cost function: J   (19) = 417145.8925224408
  Quadratic cost function: Jb  (19) = 69649.49438239737
  Quadratic cost function: JoJc(19) = 347496.3981400434

 DRPCG Starting Iteration 20
OOPS_STATS DRPCG iteration 20                       - Runtime:   278.68 sec,  Local Memory:     7.27 GB
rdots 10754.3      iteration    19
DRPCG end of iteration 20
  Residual norm (20) = 103.7028962140052
  Norm reduction (20) = 0.01483326095421136

  Quadratic cost function: J   (20) = 416964.7351080775
  Quadratic cost function: Jb  (20) = 70082.76481829441
  Quadratic cost function: JoJc(20) = 346881.9702897831

 DRPCG Starting Iteration 21
rdots 7525.93      iteration    20
DRPCG end of iteration 21
  Residual norm (21) = 86.75213212024842
  Norm reduction (21) = 0.01240868925606804

  Quadratic cost function: J   (21) = 416834.448929311
  Quadratic cost function: Jb  (21) = 70416.67985410504
  Quadratic cost function: JoJc(21) = 346417.769075206

 DRPCG Starting Iteration 22
rdots 5498.02      iteration    21
DRPCG end of iteration 22
  Residual norm (22) = 74.14864225445532
  Norm reduction (22) = 0.01060593483995927

  Quadratic cost function: J   (22) = 416741.3365529454
  Quadratic cost function: Jb  (22) = 70671.31311224918
  Quadratic cost function: JoJc(22) = 346070.0234406962

 DRPCG Starting Iteration 23
rdots 4377.46      iteration    22
DRPCG end of iteration 23
  Residual norm (23) = 66.16239422832379
  Norm reduction (23) = 0.009463612828313605

  Quadratic cost function: J   (23) = 416677.2642025036
  Quadratic cost function: Jb  (23) = 70857.32810514452
  Quadratic cost function: JoJc(23) = 345819.9360973591

 DRPCG Starting Iteration 24
rdots 3057.7      iteration    23
DRPCG end of iteration 24
  Residual norm (24) = 55.29650109752183
  Norm reduction (24) = 0.007909397524845627

  Quadratic cost function: J   (24) = 416632.1742040769
  Quadratic cost function: Jb  (24) = 70995.499962898
  Quadratic cost function: JoJc(24) = 345636.6742411789

 DRPCG Starting Iteration 25
OOPS_STATS DRPCG iteration 25                       - Runtime:   310.01 sec,  Local Memory:     7.27 GB
rdots 2041.39      iteration    24
DRPCG end of iteration 25
  Residual norm (25) = 45.18172559362258
  Norm reduction (25) = 0.006462619179976801

  Quadratic cost function: J   (25) = 416596.8110651241
  Quadratic cost function: Jb  (25) = 71109.64631826511
  Quadratic cost function: JoJc(25) = 345487.164746859

 DRPCG Starting Iteration 26
rdots 1443.65      iteration    25
DRPCG end of iteration 26
  Residual norm (26) = 37.99534067087569
  Norm reduction (26) = 0.005434706491245949

  Quadratic cost function: J   (26) = 416571.3999916153
  Quadratic cost function: Jb  (26) = 71196.00584026668
  Quadratic cost function: JoJc(26) = 345375.3941513486

 DRPCG Starting Iteration 27
rdots 1008.4      iteration    26
DRPCG end of iteration 27
  Residual norm (27) = 31.75529693186318
  Norm reduction (27) = 0.004542154783187048

  Quadratic cost function: J   (27) = 416552.4831781271
  Quadratic cost function: Jb  (27) = 71263.62319310663
  Quadratic cost function: JoJc(27) = 345288.8599850205

 DRPCG Starting Iteration 28
rdots 732.031      iteration    27
DRPCG end of iteration 28
  Residual norm (28) = 27.05607976607187
  Norm reduction (28) = 0.00386999694531098

  Quadratic cost function: J   (28) = 416539.7469299885
  Quadratic cost function: Jb  (28) = 71311.39051941778
  Quadratic cost function: JoJc(28) = 345228.3564105707

 DRPCG Starting Iteration 29
rdots 516.344      iteration    28
DRPCG end of iteration 29
  Residual norm (29) = 22.72320450973626
  Norm reduction (29) = 0.003250239236455481

  Quadratic cost function: J   (29) = 416530.8770806842
  Quadratic cost function: Jb  (29) = 71346.16486796686
  Quadratic cost function: JoJc(29) = 345184.7122127173

 DRPCG Starting Iteration 30
OOPS_STATS DRPCG iteration 30                       - Runtime:   341.61 sec,  Local Memory:     7.27 GB
rdots 349.204      iteration    29
DRPCG end of iteration 30
  Residual norm (30) = 18.68699995420953
  Norm reduction (30) = 0.002672916156556589

  Quadratic cost function: J   (30) = 416524.3015703959
  Quadratic cost function: Jb  (30) = 71373.07441743273
  Quadratic cost function: JoJc(30) = 345151.2271529632

 DRPCG Starting Iteration 31
rdots 249.597      iteration    30
DRPCG end of iteration 31
  Residual norm (31) = 15.79863866968937
  Norm reduction (31) = 0.002259776136099353

  Quadratic cost function: J   (31) = 416519.6223563123
  Quadratic cost function: Jb  (31) = 71393.05217001107
  Quadratic cost function: JoJc(31) = 345126.5701863013

 DRPCG Starting Iteration 32
rdots 201.406      iteration    31
DRPCG end of iteration 32
  Residual norm (32) = 14.19174380674938
  Norm reduction (32) = 0.002029932113433074

  Quadratic cost function: J   (32) = 416516.5783666611
  Quadratic cost function: Jb  (32) = 71406.571185601
  Quadratic cost function: JoJc(32) = 345110.0071810601

 DRPCG Starting Iteration 33
rdots 143.887      iteration    32
DRPCG end of iteration 33
  Residual norm (33) = 11.99528119248031
  Norm reduction (33) = 0.00171575860118721

  Quadratic cost function: J   (33) = 416514.4775547833
  Quadratic cost function: Jb  (33) = 71416.2379962932
  Quadratic cost function: JoJc(33) = 345098.2395584901

 DRPCG Starting Iteration 34
rdots 98.9603      iteration    33
DRPCG end of iteration 34
  Residual norm (34) = 9.947880833086183
  Norm reduction (34) = 0.001422906377022059

  Quadratic cost function: J   (34) = 416512.8672114401
  Quadratic cost function: Jb  (34) = 71423.90523639777
  Quadratic cost function: JoJc(34) = 345088.9619750424

 DRPCG Starting Iteration 35
OOPS_STATS DRPCG iteration 35                       - Runtime:   373.06 sec,  Local Memory:     7.27 GB
rdots 66.2627      iteration    34
DRPCG end of iteration 35
  Residual norm (35) = 8.140189524190108
  Norm reduction (35) = 0.001164341207789167

  Quadratic cost function: J   (35) = 416511.6586593011
  Quadratic cost function: Jb  (35) = 71429.86245151222
  Quadratic cost function: JoJc(35) = 345081.7962077889

 DRPCG Starting Iteration 36
rdots 48.0056      iteration    35
DRPCG end of iteration 36
  Residual norm (36) = 6.928607418152617
  Norm reduction (36) = 0.0009910411920478516

  Quadratic cost function: J   (36) = 416510.8018230586
  Quadratic cost function: Jb  (36) = 71434.23402598235
  Quadratic cost function: JoJc(36) = 345076.5677970763

DRPCG: Achieved required reduction in residual norm.
OOPS_STATS DRPCG end                                - Runtime:   385.23 sec,  Local Memory:     7.27 GB
DRPCGMinimizer: reduction in residual norm = 0.000991041
DRPCGMinimizer output increment:
  Valid time: 2026-05-26T17:00:00Z
  Resolution: nCellsGlobal = 2341818, nFields = 12
Fld=1  Min=-0.00705882, Max=0.0143451, RMS=7.63099e-05 : water_vapor_mixing_ratio_wrt_moist_air
Fld=2  Min=-108.068, Max=94.2284, RMS=2.17308 : air_pressure_at_surface
Fld=3  Min=-13.8397, Max=13.1999, RMS=0.101699 : air_temperature
Fld=4  Min=-30.9969, Max=26.4087, RMS=0.363845 : northward_wind
Fld=5  Min=-51.8029, Max=29.8622, RMS=0.378994 : eastward_wind
Fld=6  Min=-0.00371564, Max=0.00539814, RMS=1.65564e-05 : cloud_liquid_water
Fld=7  Min=-0.000763422, Max=0.00167607, RMS=5.34818e-06 : cloud_liquid_ice
Fld=8  Min=-0.00875246, Max=0.00476272, RMS=3.39992e-05 : rain_water
Fld=9  Min=-0.00474577, Max=0.00555187, RMS=5.68694e-05 : snow_water
Fld=10  Min=-0.00921751, Max=0.00649083, RMS=2.55934e-05 : graupel
Fld=11  Min=-72.093, Max=91.62, RMS=2.0875 : equivalent_reflectivity_factor
Fld=12  Min=0, Max=0, RMS=0 : upward_air_velocity
CostFunction::addIncrement: First guess:
  Valid time: 2026-05-26T17:00:00Z
  Resolution: nCellsGlobal = 2341818, nFields = 35
Fld=1  Min=0, Max=0.0208654, RMS=0.00621755 : water_vapor_mixing_ratio_wrt_moist_air
Fld=2  Min=63145, Max=102606, RMS=96446.2 : air_pressure_at_surface
Fld=3  Min=183.327, Max=306.958, RMS=260.483 : air_temperature
Fld=4  Min=-59.0214, Max=54.566, RMS=8.98766 : northward_wind
Fld=5  Min=-24.8731, Max=69.4717, RMS=11.8658 : eastward_wind
Fld=6  Min=269.397, Max=642.773, RMS=356.164 : air_potential_temperature
Fld=7  Min=0.0384844, Max=1.27846, RMS=0.780978 : dry_air_density
Fld=8  Min=-69.3826, Max=69.3854, RMS=10.605 : u
Fld=9  Min=0, Max=0.0213101, RMS=0.00629322 : water_vapor_mixing_ratio_wrt_dry_air
Fld=10  Min=2452.24, Max=102495, RMS=64261.9 : air_pressure
Fld=11  Min=0, Max=1, RMS=0.790008 : landmask
Fld=12  Min=0, Max=1, RMS=0.0549909 : seaice_fraction
Fld=13  Min=0, Max=1, RMS=0.0620196 : snowc
Fld=14  Min=265.678, Max=316.529, RMS=296.448 : skin_temperature_at_surface
Fld=15  Min=1, Max=19, RMS=12.7664 : ivgtyp
Fld=16  Min=1, Max=16, RMS=9.97061 : isltyp
Fld=17  Min=0, Max=7.5, RMS=0.168476 : snowh
Fld=18  Min=0, Max=0.913573, RMS=0.398611 : vegetation_area_fraction
Fld=19  Min=262.888, Max=307.225, RMS=293.97 : air_temperature_at_2m
Fld=20  Min=0.000632372, Max=0.0211242, RMS=0.0116425 : water_vapor_mixing_ratio_wrt_moist_air_at_2m
Fld=21  Min=-15.1712, Max=20.4143, RMS=3.95405 : eastward_wind_at_10m
Fld=22  Min=-17.9626, Max=17.9813, RMS=4.72225 : northward_wind_at_10m
Fld=23  Min=0, Max=6.53935, RMS=1.5735 : lai
Fld=24  Min=0.00200001, Max=1, RMS=0.63515 : smois
Fld=25  Min=261.958, Max=324.831, RMS=291.806 : tslb
Fld=26  Min=-879.837, Max=5904.23, RMS=3065.31 : pressure_p
Fld=27  Min=0, Max=0.00562264, RMS=4.30801e-05 : cloud_liquid_water
Fld=28  Min=0, Max=0.003211, RMS=1.38905e-05 : cloud_liquid_ice
Fld=29  Min=0, Max=0.0136628, RMS=2.45298e-05 : graupel
Fld=30  Min=0, Max=0.0096023, RMS=4.19514e-05 : rain_water
Fld=31  Min=0, Max=0.0059298, RMS=7.68532e-05 : snow_water
Fld=32  Min=0, Max=1, RMS=0.219177 : cldfrac
Fld=33  Min=0, Max=73.131, RMS=4.00639 : equivalent_reflectivity_factor
Fld=34  Min=-9.38323, Max=49.5767, RMS=0.132471 : w
Fld=35  Min=0, Max=0, RMS=0 : upward_air_velocity
CostFunction::addIncrement: Increment:
  Valid time: 2026-05-26T17:00:00Z
  Resolution: nCellsGlobal = 2341818, nFields = 12
Fld=1  Min=-0.00705882, Max=0.0143451, RMS=7.63099e-05 : water_vapor_mixing_ratio_wrt_moist_air
Fld=2  Min=-108.068, Max=94.2284, RMS=2.17308 : air_pressure_at_surface
Fld=3  Min=-13.8397, Max=13.1999, RMS=0.101699 : air_temperature
Fld=4  Min=-30.9969, Max=26.4087, RMS=0.363845 : northward_wind
Fld=5  Min=-51.8029, Max=29.8622, RMS=0.378994 : eastward_wind
Fld=6  Min=-0.00371564, Max=0.00539814, RMS=1.65564e-05 : cloud_liquid_water
Fld=7  Min=-0.000763422, Max=0.00167607, RMS=5.34818e-06 : cloud_liquid_ice
Fld=8  Min=-0.00875246, Max=0.00476272, RMS=3.39992e-05 : rain_water
Fld=9  Min=-0.00474577, Max=0.00555187, RMS=5.68694e-05 : snow_water
Fld=10  Min=-0.00921751, Max=0.00649083, RMS=2.55934e-05 : graupel
Fld=11  Min=-72.093, Max=91.62, RMS=2.0875 : equivalent_reflectivity_factor
Fld=12  Min=0, Max=0, RMS=0 : upward_air_velocity
CostFunction::addIncrement: Analysis: 
  Valid time: 2026-05-26T17:00:00Z
  Resolution: nCellsGlobal = 2341818, nFields = 35
Fld=1  Min=0, Max=0.0212475, RMS=0.00621721 : water_vapor_mixing_ratio_wrt_moist_air
Fld=2  Min=63145, Max=102606, RMS=96446.2 : air_pressure_at_surface
Fld=3  Min=181.126, Max=306.958, RMS=260.484 : air_temperature
Fld=4  Min=-59.0214, Max=54.566, RMS=8.99145 : northward_wind
Fld=5  Min=-26.1113, Max=77.0244, RMS=11.8672 : eastward_wind
Fld=6  Min=269.397, Max=642.833, RMS=356.164 : air_potential_temperature
Fld=7  Min=0.0382366, Max=1.27846, RMS=0.780975 : dry_air_density
Fld=8  Min=-76.6144, Max=74.3881, RMS=10.6071 : u
Fld=9  Min=0, Max=0.0217087, RMS=0.00629289 : water_vapor_mixing_ratio_wrt_dry_air
Fld=10  Min=2441.56, Max=102495, RMS=64261.9 : air_pressure
Fld=11  Min=0, Max=1, RMS=0.790008 : landmask
Fld=12  Min=0, Max=1, RMS=0.0549909 : seaice_fraction
Fld=13  Min=0, Max=1, RMS=0.0620196 : snowc
Fld=14  Min=265.678, Max=316.529, RMS=296.448 : skin_temperature_at_surface
Fld=15  Min=1, Max=19, RMS=12.7664 : ivgtyp
Fld=16  Min=1, Max=16, RMS=9.97061 : isltyp
Fld=17  Min=0, Max=7.5, RMS=0.168476 : snowh
Fld=18  Min=0, Max=0.913573, RMS=0.398611 : vegetation_area_fraction
Fld=19  Min=262.883, Max=307.225, RMS=293.974 : air_temperature_at_2m
Fld=20  Min=0.000632372, Max=0.0212676, RMS=0.0116416 : water_vapor_mixing_ratio_wrt_moist_air_at_2m
Fld=21  Min=-15.1712, Max=20.4143, RMS=3.95405 : eastward_wind_at_10m
Fld=22  Min=-17.9626, Max=17.9813, RMS=4.72225 : northward_wind_at_10m
Fld=23  Min=0, Max=6.53935, RMS=1.5735 : lai
Fld=24  Min=0.00200001, Max=1, RMS=0.63515 : smois
Fld=25  Min=261.958, Max=324.831, RMS=291.806 : tslb
Fld=26  Min=-909.737, Max=5904.23, RMS=3065.32 : pressure_p
Fld=27  Min=0, Max=0.00542417, RMS=4.3063e-05 : cloud_liquid_water
Fld=28  Min=0, Max=0.00304757, RMS=1.3742e-05 : cloud_liquid_ice
Fld=29  Min=0, Max=0.0108638, RMS=2.07705e-05 : graupel
Fld=30  Min=0, Max=0.00753337, RMS=3.47775e-05 : rain_water
Fld=31  Min=0, Max=0.00567468, RMS=8.11232e-05 : snow_water
Fld=32  Min=0, Max=1, RMS=0.219177 : cldfrac
Fld=33  Min=0, Max=91.62, RMS=3.63069 : equivalent_reflectivity_factor
Fld=34  Min=-9.38323, Max=49.5767, RMS=0.132471 : w
Fld=35  Min=0, Max=0, RMS=0 : upward_air_velocity
OOPS_STATS IncrementalAssimilation end              - Runtime:   385.49 sec,  Local Memory:     7.27 GB
Variational: incremental assimilation done 1 iterations.
QC refl10cm equivalentReflectivityFactor: 136131 H(x) failed.
QC refl10cm equivalentReflectivityFactor: 1 rejected by first-guess check.
QC refl10cm equivalentReflectivityFactor: 3748280 passed out of 3884412 observations.
ObsErrorDiagonal covariance updated 3748280
Observer::finalize QC = 
refl10cm equivalentReflectivityFactor nlocs = 3884412, nobs = 3884412, min = 0, max = 19, avg = 0
Jo Observations:
Jo Obs :refl10cm:equivalentReflectivityFactor   : Nobs=  3748280, Min= 0.000000e+00, Max= 5.644690e+01, RMS= 4.180441e+00
Jo Observations Equivalent:
Jo H(x):refl10cm:equivalentReflectivityFactor   : Nobs=  3748280, Min= 0.000000e+00, Max= 5.748237e+01, RMS= 3.501122e+00
Jo Bias Corrected Departures:
Jo Dep :refl10cm:equivalentReflectivityFactor   : Nobs=  3748280, Min=-5.572711e+01, Max= 3.286329e+01, RMS= 2.148406e+00
Jo Observations Errors:
UFO Diagonal observation error covariance, inverse variances: refl10cm nobs= 3748280 Min=0.04, Max=0.04, RMS=0.04



CostJo   : Nonlinear Jo(refl10cm) = 346015, nobs = 3748280, Jo/n = 0.092313, err = 5
CostJo   : Nonlinear Jo = 346015
Increment:diff x1 2
Increment:diff x2 1
CostJb: FG-BG
  Valid time: 2026-05-26T17:00:00Z
  Resolution: nCellsGlobal = 2341818, nFields = 12
Fld=1  Min=-0.00705882, Max=0.0143451, RMS=7.62143e-05 : water_vapor_mixing_ratio_wrt_moist_air
Fld=2  Min=-108.068, Max=94.2284, RMS=2.17308 : air_pressure_at_surface
Fld=3  Min=-13.8397, Max=13.1999, RMS=0.101699 : air_temperature
Fld=4  Min=-30.9969, Max=26.4087, RMS=0.363845 : northward_wind
Fld=5  Min=-51.8029, Max=29.8622, RMS=0.378994 : eastward_wind
Fld=6  Min=-0.00186645, Max=0.00539814, RMS=1.47491e-05 : cloud_liquid_water
Fld=7  Min=-0.000763422, Max=0.00167607, RMS=4.95232e-06 : cloud_liquid_ice
Fld=8  Min=-0.0058445, Max=0.00476272, RMS=2.51332e-05 : rain_water
Fld=9  Min=-0.00372135, Max=0.00555187, RMS=5.37584e-05 : snow_water
Fld=10  Min=-0.00777256, Max=0.00649083, RMS=2.00801e-05 : graupel
Fld=11  Min=-61.7564, Max=91.62, RMS=2.04222 : equivalent_reflectivity_factor
Fld=12  Min=0, Max=0, RMS=0 : upward_air_velocity
CostFunction: Nonlinear J = 346015
OOPS_STATS Variational end                          - Runtime:   396.99 sec,  Local Memory:     7.27 GB
==> destruct MPAS corelist and domain:  0
Tried to erase key "mesh[address=0x41cd1a0],halo[size=0]" from cache "NodeColumnsHaloExchangeCache" but it was not found.
Erased key "mesh[address=0x41cd1a0],halo[size=1]" from cache "NodeColumnsHaloExchangeCache".
==> destruct MPAS corelist and domain:  1
refl10cm: save database to jdiag_mrms_refl.nc (io pool size: 4)
QC refl10cm equivalentReflectivityFactor: 136131 H(x) failed.
QC refl10cm equivalentReflectivityFactor: 1 rejected by first-guess check.
QC refl10cm equivalentReflectivityFactor: 3748280 passed out of 3884412 observations.
Erased key "mesh[address=0x76f7ee0]" from cache "NodeColumnsGatherScatterCache".
Tried to erase key "mesh[address=0x76f7ee0],halo[size=0]" from cache "NodeColumnsHaloExchangeCache" but it was not found.
Erased key "mesh[address=0x76f7ee0],halo[size=1]" from cache "NodeColumnsHaloExchangeCache".

Run: Finishing oops::Variational<MPAS, UFO and IODA observations>
OOPS_STATS  
OOPS_STATS ----------------------------------------------------------------------------------
OOPS_STATS --------------------------- Object counts ----------------------------------------
OOPS_STATS ----------------------------------------------------------------------------------
OOPS_STATS                                      Total  Simult. Remain    Avg (Mb)    HWM (Mb)
OOPS_STATS ioda::ObsDataVector             :        8       5        
OOPS_STATS ioda::ObsVector                 :       92       8        
OOPS_STATS mpas::Geometry                  :        2       2        
OOPS_STATS mpas::Increment                 :     2634     119        
OOPS_STATS mpas::LinVarChaModel2GeoVars    :        1       1        
OOPS_STATS mpas::ModelBias                 :        4       3        
OOPS_STATS mpas::ModelBiasCovariance       :        1       1        
OOPS_STATS mpas::State                     :       75      34        
OOPS_STATS mpas::VarChaModel2GeoVars       :        3       1        
OOPS_STATS oops::ControlIncrement          :      162      86               15.22     1308.96
OOPS_STATS oops::ControlVariable           :        4       3        
OOPS_STATS oops::Diffusion                 :        1       1        
OOPS_STATS oops::EnsembleCovariance        :        1       1             3557.29     3557.29
OOPS_STATS oops::GeoVaLs                   :       76       1        
OOPS_STATS oops::Geometry                  :        2       2        
OOPS_STATS oops::GetValues                 :        3       2        
OOPS_STATS oops::Increment                 :     2560     119               15.02     1811.23
OOPS_STATS oops::LinearObsOperator         :        1       1        
OOPS_STATS oops::LocalInterpolator         :     2400    1600        
OOPS_STATS oops::Localization              :        1       1        
OOPS_STATS oops::ModelAuxControl           :        4       3        
OOPS_STATS oops::ModelAuxCovariance        :        1       1        
OOPS_STATS oops::ModelAuxIncrement         :      162      86        
OOPS_STATS oops::ObsAuxControl             :        4       3        
OOPS_STATS oops::ObsAuxCovariance          :        1       1        
OOPS_STATS oops::ObsAuxIncrement           :      162      86        
OOPS_STATS oops::ObsAuxIncrements          :      162      86        
OOPS_STATS oops::ObsAuxPreconditioner      :        2       2        
OOPS_STATS oops::ObsDataVector             :        4       4        
OOPS_STATS oops::ObsDiagnostics            :        2       1        
OOPS_STATS oops::ObsError                  :        1       1        
OOPS_STATS oops::ObsOperator               :        2       2        
OOPS_STATS oops::ObsSpace                  :        1       1        
OOPS_STATS oops::ObsSpaces                 :        1       1        
OOPS_STATS oops::ObsVector                 :       92       7                0.04        0.23
OOPS_STATS oops::SampledLocations          :        8       4        
OOPS_STATS oops::State                     :       72      34               21.39      702.08
OOPS_STATS oops::UnstructuredInterpolator  :     2400    1600        
OOPS_STATS oops::VariableChange            :        3       1        
OOPS_STATS ufo::BackgroundCheck            :        1       1        
OOPS_STATS ufo::FinalCheck                 :        2       2        
OOPS_STATS ufo::GeoVaLs                    :       79       2        
OOPS_STATS ufo::ObsBias                    :        4       3        
OOPS_STATS ufo::ObsBiasCovariance          :        1       1        
OOPS_STATS ufo::ObsBiasPreconditioner      :        1       1        
OOPS_STATS ufo::ObsFilter                  :        9       6        
OOPS_STATS ufo::ObsFilterData              :        3       3        
OOPS_STATS ufo::ObsVertInterp              :        2       2        
OOPS_STATS ufo::ObsVertInterpTLAD          :        1       1        
OOPS_STATS ufo::SampledLocations           :        4       3        
OOPS_STATS ----------------------------- Object counts --------------------------------------
OOPS_STATS  
OOPS_STATS --------------------------------------------------------------------------------------------
OOPS_STATS ------------------------------------ Timing Statistics -------------------------------------
OOPS_STATS --------------------------------------------------------------------------------------------
OOPS_STATS Name                                                :   total (ms)   count    time/call (ms)
OOPS_STATS ObsFilter::Background Check::ObsFilter              :         0.14       1            0.1440
OOPS_STATS ObsFilter::Background Check::postFilter             :        30.27       1           30.2700
OOPS_STATS ObsFilter::Background Check::preProcess             :         0.00       1            0.0047
OOPS_STATS ObsFilter::Background Check::priorFilter            :         1.99       1            1.9949
OOPS_STATS ObsFilter::Final Check::ObsFilter                   :         0.02       2            0.0091
OOPS_STATS ObsFilter::Final Check::postFilter                  :         0.33       2            0.1665
OOPS_STATS ObsFilter::Final Check::preProcess                  :         0.00       2            0.0003
OOPS_STATS ObsFilter::Final Check::priorFilter                 :         0.00       2            0.0023
OOPS_STATS ObsFilter::QCmanager::ObsFilter                     :         0.23       2            0.1160
OOPS_STATS ObsFilter::QCmanager::postFilter                    :         0.96       2            0.4799
OOPS_STATS ObsFilter::QCmanager::preProcess                    :         0.00       2            0.0002
OOPS_STATS ObsFilter::QCmanager::priorFilter                   :         0.00       2            0.0001
OOPS_STATS ioda::ObsSpace::get_db(DateTime)                    :         1.23       4            0.3068
OOPS_STATS ioda::ObsSpace::get_db(double)                      :         0.28       5            0.0552
OOPS_STATS ioda::ObsSpace::get_db(float)                       :         1.63      12            0.1358
OOPS_STATS ioda::ObsSpace::load                                :       688.08       1          688.0816
OOPS_STATS ioda::ObsSpace::put_db(double)                      :         0.39       6            0.0652
OOPS_STATS ioda::ObsSpace::put_db(float)                       :         0.08       2            0.0403
OOPS_STATS ioda::ObsSpace::put_db(int)                         :         0.95       2            0.4735
OOPS_STATS mpas::LinVarChaModel2GeoVars::LinVarChaModel2GeoVar :         2.85       1            2.8498
OOPS_STATS mpas::LinVarChaModel2GeoVars::changeVarAD           :       881.78      37           23.8318
OOPS_STATS mpas::LinVarChaModel2GeoVars::changeVarTL           :       129.69      36            3.6026
OOPS_STATS mpas::LinVarChaModel2GeoVars::~LinVarChaModel2GeoVa :         0.04       1            0.0354
OOPS_STATS mpas::VarChaModel2GeoVars::VarChaModel2GeoVars      :         0.06       3            0.0208
OOPS_STATS mpas::VarChaModel2GeoVars::changeVar                :        12.27       3            4.0893
OOPS_STATS mpas::VarChaModel2GeoVars::~VarChaModel2GeoVars     :         0.01       3            0.0021
OOPS_STATS oops::Covariance::EnsembleCovariance                :     93730.31       1        93730.3079
OOPS_STATS oops::Covariance::ensemble::Constructor             :         0.01       1            0.0055
OOPS_STATS oops::Covariance::ensemble::multiply                :    201599.35      37         5448.6310
OOPS_STATS oops::Diffusion::Diffusion                          :         0.00       1            0.0001
OOPS_STATS oops::Diffusion::calculateDerivedGeom               :         1.85       1            1.8462
OOPS_STATS oops::Diffusion::multiplySqrtAD                     :     51200.51    1110           46.1266
OOPS_STATS oops::Diffusion::multiplySqrtTL                     :     43430.02    1110           39.1261
OOPS_STATS oops::Diffusion::setParameters                      :        13.80       1           13.7972
OOPS_STATS oops::GeoVaLs::GeoVaLs                              :        21.50      76            0.2829
OOPS_STATS oops::GeoVaLs::fill                                 :        28.98   26166            0.0011
OOPS_STATS oops::GeoVaLs::fillAD                               :        20.85   23051            0.0009
OOPS_STATS oops::GeoVaLs::~GeoVaLs                             :         0.41      76            0.0054
OOPS_STATS oops::Geometry::Geometry                            :     62165.90       2        31082.9481
OOPS_STATS oops::Geometry::variableSizes                       :         3.90      11            0.3544
OOPS_STATS oops::Geometry::~Geometry                           :       487.37       2          243.6855
OOPS_STATS oops::GeometryData::containingTriangleAndBarycentri :        44.26   20427            0.0022
OOPS_STATS oops::GeometryData::setGlobalTree                   :      1826.04       2          913.0204
OOPS_STATS oops::GeometryData::setLocalTree                    :         3.16       2            1.5808
OOPS_STATS oops::GeometryData::setMeshAndTriangulation         :         0.28       2            0.1425
OOPS_STATS oops::GetValues::GetValues                          :       308.23       3          102.7426
OOPS_STATS oops::GetValues::fillGeoVaLs                        :        50.77       3           16.9241
OOPS_STATS oops::GetValues::fillGeoVaLsAD                      :       103.85      37            2.8067
OOPS_STATS oops::GetValues::fillGeoVaLsTL                      :       637.04      36           17.6955
OOPS_STATS oops::GetValues::finalize                           :        18.36       3            6.1212
OOPS_STATS oops::GetValues::finalizeAD                         :       552.65      37           14.9364
OOPS_STATS oops::GetValues::finalizeTL                         :        93.86      36            2.6072
OOPS_STATS oops::GetValues::initialize                         :         2.43       3            0.8086
OOPS_STATS oops::GetValues::initializeAD                       :         4.10      37            0.1109
OOPS_STATS oops::GetValues::initializeTL                       :        14.65      36            0.4069
OOPS_STATS oops::GetValues::process                            :        16.79       3            5.5973
OOPS_STATS oops::GetValues::processAD                          :       118.30      37            3.1972
OOPS_STATS oops::GetValues::processTL                          :       122.21      36            3.3947
OOPS_STATS oops::Increment::Increment                          :     24678.04    2560            9.6399
OOPS_STATS oops::Increment::axpy                               :      4406.61     738            5.9710
OOPS_STATS oops::Increment::diff                               :       314.30      33            9.5242
OOPS_STATS oops::Increment::dot_product_with                   :      6777.70     814            8.3264
OOPS_STATS oops::Increment::fromFieldSet                       :      9953.67    1147            8.6780
OOPS_STATS oops::Increment::operator*=                         :       210.76     109            1.9336
OOPS_STATS oops::Increment::operator+=                         :      9174.06    1285            7.1393
OOPS_STATS oops::Increment::operator+=(State, Increment)       :        70.21       1           70.2107
OOPS_STATS oops::Increment::operator-=                         :       101.14      30            3.3713
OOPS_STATS oops::Increment::operator=                          :      4986.84    1416            3.5218
OOPS_STATS oops::Increment::print                              :     23452.30    1117           20.9958
OOPS_STATS oops::Increment::schur_product_with                 :     10043.69    2220            4.5242
OOPS_STATS oops::Increment::serialSize                         :         4.39     162            0.0271
OOPS_STATS oops::Increment::toFieldSet                         :      8631.75    1183            7.2965
OOPS_STATS oops::Increment::zero                               :       118.07     112            1.0542
OOPS_STATS oops::Increment::~Increment                         :       132.53    2560            0.0518
OOPS_STATS oops::LinearObsOper::refl10cm::LinearObsOperator    :        12.45       1           12.4483
OOPS_STATS oops::LinearObsOper::refl10cm::requiredVars         :         1.18      75            0.0158
OOPS_STATS oops::LinearObsOper::refl10cm::setTrajectory        :         1.32       1            1.3169
OOPS_STATS oops::LinearObsOper::refl10cm::simulateObsAD        :         3.66      37            0.0988
OOPS_STATS oops::LinearObsOper::refl10cm::simulateObsTL        :         6.33      36            0.1760
OOPS_STATS oops::LinearObsOper::refl10cm::~LinearObsOperator   :         0.25       1            0.2543
OOPS_STATS oops::LinearVariableChange::LinearVariableChange    :         0.05       1            0.0520
OOPS_STATS oops::LinearVariableChange::changeVarAD             :      1436.67      37           38.8290
OOPS_STATS oops::LinearVariableChange::changeVarTL             :       637.80      36           17.7166
OOPS_STATS oops::LinearVariableChange::changeVarTraj           :         2.86       1            2.8648
OOPS_STATS oops::LinearVariableChange::~LinearVariableChange   :         0.05       1            0.0488
OOPS_STATS oops::LocalInterpolator::LocalInterpolator          :        51.10    2400            0.0213
OOPS_STATS oops::LocalInterpolator::apply                      :        15.52    2400            0.0065
OOPS_STATS oops::LocalInterpolator::applyAD                    :       103.31   29600            0.0035
OOPS_STATS oops::LocalInterpolator::applyTL                    :       107.46   28800            0.0037
OOPS_STATS oops::LocalInterpolator::preprocess                 :      1301.48      39           33.3712
OOPS_STATS oops::LocalInterpolator::preprocessAD               :        47.97      37            1.2964
OOPS_STATS oops::LocalInterpolator::~LocalInterpolator         :         1.45    2400            0.0006
OOPS_STATS oops::Localization::Localization                    :      7796.95       1         7796.9513
OOPS_STATS oops::Localization::multiply                        :    165801.67    1110          149.3709
OOPS_STATS oops::Localization::~Localization                   :         0.37       1            0.3650
OOPS_STATS oops::ModelAuxControl::ModelAuxControl              :         0.01       4            0.0014
OOPS_STATS oops::ModelAuxControl::print                        :         0.00       3            0.0008
OOPS_STATS oops::ModelAuxControl::~ModelAuxControl             :         0.23       4            0.0576
OOPS_STATS oops::ModelAuxCovariance::ModelAuxCovariance        :         0.00       1            0.0037
OOPS_STATS oops::ModelAuxCovariance::linearize                 :         0.00       1            0.0001
OOPS_STATS oops::ModelAuxCovariance::multiply                  :         0.01      37            0.0002
OOPS_STATS oops::ModelAuxCovariance::~ModelAuxCovariance       :         0.00       1            0.0004
OOPS_STATS oops::ModelAuxIncrement::ModelAuxIncrement          :         0.14     162            0.0009
OOPS_STATS oops::ModelAuxIncrement::axpy                       :         0.28     738            0.0004
OOPS_STATS oops::ModelAuxIncrement::diff                       :         0.00       3            0.0003
OOPS_STATS oops::ModelAuxIncrement::dot_product_with           :         0.19     814            0.0002
OOPS_STATS oops::ModelAuxIncrement::operator*=                 :         0.03      71            0.0004
OOPS_STATS oops::ModelAuxIncrement::operator+=                 :         0.04     108            0.0004
OOPS_STATS oops::ModelAuxIncrement::operator+=ModelAuxControl  :         0.00       1            0.0001
OOPS_STATS oops::ModelAuxIncrement::operator=                  :         0.01      40            0.0003
OOPS_STATS oops::ModelAuxIncrement::print                      :         0.00       7            0.0005
OOPS_STATS oops::ModelAuxIncrement::serialSize                 :         0.01     162            0.0001
OOPS_STATS oops::ModelAuxIncrement::zero                       :         0.01      37            0.0002
OOPS_STATS oops::ModelAuxIncrement::~ModelAuxIncrement         :         0.03     162            0.0002
OOPS_STATS oops::ObsAuxControl::ObsAuxControl                  :         0.37       4            0.0925
OOPS_STATS oops::ObsAuxControl::print                          :         0.01       3            0.0021
OOPS_STATS oops::ObsAuxControl::requiredHdiagnostics           :         0.00       2            0.0002
OOPS_STATS oops::ObsAuxControl::requiredVars                   :         0.00       6            0.0002
OOPS_STATS oops::ObsAuxControl::write                          :         0.20       1            0.2005
OOPS_STATS oops::ObsAuxControl::~ObsAuxControl                 :         0.01       4            0.0016
OOPS_STATS oops::ObsAuxCovariance::ObsAuxCovariance            :         0.07       1            0.0733
OOPS_STATS oops::ObsAuxCovariance::inverseMultiply             :         0.04      37            0.0011
OOPS_STATS oops::ObsAuxCovariance::linearize                   :         0.72       1            0.7248
OOPS_STATS oops::ObsAuxCovariance::multiply                    :         0.22      37            0.0058
OOPS_STATS oops::ObsAuxCovariance::preconditioner              :         0.40       1            0.3954
OOPS_STATS oops::ObsAuxCovariance::write                       :         0.41       1            0.4084
OOPS_STATS oops::ObsAuxCovariance::~ObsAuxCovariance           :         0.00       1            0.0015
OOPS_STATS oops::ObsAuxIncrement::ObsAuxIncrement              :         2.41     162            0.0149
OOPS_STATS oops::ObsAuxIncrement::axpy                         :         1.14     738            0.0015
OOPS_STATS oops::ObsAuxIncrement::diff                         :         0.02       3            0.0063
OOPS_STATS oops::ObsAuxIncrement::dot_product_with             :         0.49     814            0.0006
OOPS_STATS oops::ObsAuxIncrement::operator*=                   :         0.12      71            0.0017
OOPS_STATS oops::ObsAuxIncrement::operator+=                   :         0.17     108            0.0015
OOPS_STATS oops::ObsAuxIncrement::operator=                    :         0.04      40            0.0010
OOPS_STATS oops::ObsAuxIncrement::print                        :         0.00       7            0.0007
OOPS_STATS oops::ObsAuxIncrement::serialSize                   :         0.01     324            0.0000
OOPS_STATS oops::ObsAuxIncrement::zero                         :         0.06      37            0.0015
OOPS_STATS oops::ObsAuxIncrement::~ObsAuxIncrement             :         0.83     162            0.0051
OOPS_STATS oops::ObsAuxPreconditioner::multiply                :         0.04      37            0.0009
OOPS_STATS oops::ObsAuxPreconditioner::~ObsAuxPreconditioner   :         0.01       2            0.0035
OOPS_STATS oops::ObsDataVector::ObsDataVector                  :         0.17       4            0.0415
OOPS_STATS oops::ObsDataVector::mask                           :         0.01       2            0.0037
OOPS_STATS oops::ObsDataVector::operator=                      :         0.04       2            0.0195
OOPS_STATS oops::ObsDataVector::print                          :         9.22       2            4.6113
OOPS_STATS oops::ObsDataVector::save                           :         1.05       4            0.2614
OOPS_STATS oops::ObsDataVector::~ObsDataVector                 :         0.27       4            0.0685
OOPS_STATS oops::ObsDiagnostics::ObsDiagnostics                :         3.43       2            1.7153
OOPS_STATS oops::ObsDiagnostics::~ObsDiagnostics               :         0.67       2            0.3367
OOPS_STATS oops::ObsError::getRMSE                             :        21.15       4            5.2872
OOPS_STATS oops::ObsError::inverseMultiply                     :         0.35      38            0.0092
OOPS_STATS oops::ObsError::obserrors                           :         0.56       6            0.0934
OOPS_STATS oops::ObsError::update                              :        14.96       2            7.4798
OOPS_STATS oops::ObsError::~ObsError                           :         0.68       1            0.6754
OOPS_STATS oops::ObsOperator::refl10cm::ObsOperator            :        16.83       2            8.4154
OOPS_STATS oops::ObsOperator::refl10cm::computeReducedVars     :         2.46       3            0.8213
OOPS_STATS oops::ObsOperator::refl10cm::locations              :         4.12       3            1.3738
OOPS_STATS oops::ObsOperator::refl10cm::requiredVars           :         0.00       3            0.0014
OOPS_STATS oops::ObsOperator::refl10cm::simulateObs            :         3.58       2            1.7879
OOPS_STATS oops::ObsOperator::refl10cm::~ObsOperator           :         0.33       2            0.1668
OOPS_STATS oops::ObsSpace::ObsSpace                            :       693.91       1          693.9114
OOPS_STATS oops::ObsSpace::obsvariables                        :         0.00       3            0.0001
OOPS_STATS oops::ObsSpace::save                                :      2743.69       1         2743.6858
OOPS_STATS oops::ObsSpace::~ObsSpace                           :         1.65       1            1.6531
OOPS_STATS oops::ObsVector::ObsVector                          :         1.09      90            0.0121
OOPS_STATS oops::ObsVector::dot_product                        :         5.34       4            1.3344
OOPS_STATS oops::ObsVector::info                               :         3.90       6            0.6499
OOPS_STATS oops::ObsVector::operator*=                         :         0.01       2            0.0043
OOPS_STATS oops::ObsVector::operator-=                         :         0.02       2            0.0107
OOPS_STATS oops::ObsVector::operator=                          :         0.40       4            0.0996
OOPS_STATS oops::ObsVector::rms                                :        11.05       4            2.7620
OOPS_STATS oops::ObsVector::save                               :         0.42       6            0.0695
OOPS_STATS oops::ObsVector::zero                               :         0.03      38            0.0009
OOPS_STATS oops::ObsVector::~ObsVector                         :         0.19      90            0.0021
OOPS_STATS oops::Parameters::deserialize                       :        14.41      97            0.1486
OOPS_STATS oops::Parameters::serialize                         :         1.69      80            0.0211
OOPS_STATS oops::Run::execute                                  :    399358.00       1       399358.0009
OOPS_STATS oops::SampledLocations::SampledLocations            :         0.00       4            0.0002
OOPS_STATS oops::SampledLocations::latitudes                   :         0.00       3            0.0001
OOPS_STATS oops::SampledLocations::longitudes                  :         0.00       3            0.0000
OOPS_STATS oops::SampledLocations::times                       :         0.00       3            0.0000
OOPS_STATS oops::SampledLocations::~SampledLocations           :         0.17       8            0.0218
OOPS_STATS oops::State::State                                  :     87606.49      72         1216.7568
OOPS_STATS oops::State::print                                  :       122.07       3           40.6893
OOPS_STATS oops::State::toFieldSet                             :        20.77       5            4.1549
OOPS_STATS oops::State::variables                              :         0.00      58            0.0000
OOPS_STATS oops::State::write                                  :     10189.90       1        10189.8964
OOPS_STATS oops::State::zero                                   :        46.92      30            1.5640
OOPS_STATS oops::State::~State                                 :         9.09      72            0.1263
OOPS_STATS oops::UnstructuredInterpolator::UnstructuredInterpo :        50.24    2400            0.0209
OOPS_STATS oops::UnstructuredInterpolator::apply               :       114.54   31200            0.0037
OOPS_STATS oops::UnstructuredInterpolator::applyAD             :        74.29   29600            0.0025
OOPS_STATS oops::VariableChange::VariableChange                :         0.45       3            0.1502
OOPS_STATS oops::VariableChange::changeVar                     :        19.13       3            6.3782
OOPS_STATS oops::VariableChange::~VariableChange               :         0.02       3            0.0073
OOPS_STATS oops::util::FieldSetHelpers::readFieldSet           :      7714.55       2         3857.2766
OOPS_STATS saber::Localization::Localization                   :      7796.72       1         7796.7234
OOPS_STATS saber::Localization::multiply                       :    156956.28    1110          141.4021
OOPS_STATS saber::Localization::~Localization                  :         0.00       1            0.0001
OOPS_STATS ufo::ObsFilter::ObsFilter                           :         0.40       5            0.0799
OOPS_STATS ufo::ObsFilter::checkFilterData                     :         0.90      15            0.0601
OOPS_STATS ufo::ObsFilter::postFilter                          :        31.57       5            6.3138
OOPS_STATS ufo::ObsFilter::preProcess                          :         0.01       5            0.0022
OOPS_STATS ufo::ObsFilter::priorFilter                         :         2.01       5            0.4021
OOPS_STATS ufo::ObsFilter::~ObsFilter                          :      1109.15       9          123.2387
OOPS_STATS util::Timers::measured                              :    398918.12       1       398918.1213
OOPS_STATS ------------------------------------ Timing Statistics -------------------------------------

OOPS_STATS ------------------------------------------------------------------------------------------------------------------
OOPS_STATS ---------------------------------- Parallel Timing Statistics ( 800 MPI tasks) -----------------------------------
OOPS_STATS ------------------------------------------------------------------------------------------------------------------
OOPS_STATS Name                                                :     min (ms)    max (ms)    avg (ms)     % total   imbal (%)
OOPS_STATS oops::Covariance::EnsembleCovariance                :     93726.32    93731.56    93728.91       23.47        0.01
OOPS_STATS oops::Covariance::ensemble::multiply                :    201192.94   201910.85   201515.84       50.47        0.36
OOPS_STATS oops::Diffusion::multiplySqrtAD                     :     49734.24    55243.91    51097.72       12.80       10.78
OOPS_STATS oops::Diffusion::multiplySqrtTL                     :     39729.34    51109.01    42982.86       10.76       26.47
OOPS_STATS oops::Geometry::Geometry                            :     61047.35    62361.21    62265.96       15.59        2.11
OOPS_STATS oops::Geometry::~Geometry                           :       461.34      642.27      563.03        0.14       32.14
OOPS_STATS oops::GeometryData::setGlobalTree                   :      1826.04     1968.65     1895.55        0.47        7.52
OOPS_STATS oops::GetValues::fillGeoVaLsTL                      :       259.28      905.70      560.22        0.14      115.39
OOPS_STATS oops::GetValues::finalizeAD                         :       493.68      951.36      583.07        0.15       78.49
OOPS_STATS oops::Increment::Increment                          :     16222.26    26906.91    22522.92        5.64       47.44
OOPS_STATS oops::Increment::axpy                               :      3912.29     4845.45     4440.70        1.11       21.01
OOPS_STATS oops::Increment::dot_product_with                   :      6272.02     7676.15     6880.57        1.72       20.41
OOPS_STATS oops::Increment::fromFieldSet                       :      8209.56    14456.13     9371.42        2.35       66.66
OOPS_STATS oops::Increment::operator+=                         :      7949.53    10815.44     9059.14        2.27       31.64
OOPS_STATS oops::Increment::operator=                          :      3060.59     6236.22     4927.41        1.23       64.45
OOPS_STATS oops::Increment::print                              :     15552.48    31301.68    25178.59        6.31       62.55
OOPS_STATS oops::Increment::schur_product_with                 :      7798.31    12445.61    10303.57        2.58       45.10
OOPS_STATS oops::Increment::toFieldSet                         :      7428.89    13528.89     9683.33        2.43       62.99
OOPS_STATS oops::LinearVariableChange::changeVarAD             :       997.32     1962.66     1499.68        0.38       64.37
OOPS_STATS oops::LinearVariableChange::changeVarTL             :       369.61      905.13      709.94        0.18       75.43
OOPS_STATS oops::LocalInterpolator::preprocess                 :        72.32     1339.12     1292.55        0.32       98.01
OOPS_STATS oops::Localization::Localization                    :      7677.93     8009.32     7814.08        1.96        4.24
OOPS_STATS oops::Localization::multiply                        :    161776.67   174887.73   168033.64       42.08        7.80
OOPS_STATS oops::ObsSpace::ObsSpace                            :       633.78      709.68      672.62        0.17       11.29
OOPS_STATS oops::ObsSpace::save                                :      2589.97     2753.39     2663.68        0.67        6.13
OOPS_STATS oops::State::State                                  :     87475.21    87782.69    87596.28       21.94        0.35
OOPS_STATS oops::State::write                                  :      8958.83    10218.32    10192.05        2.55       12.36
OOPS_STATS oops::util::FieldSetHelpers::readFieldSet           :      7409.85     7714.55     7538.44        1.89        4.04
OOPS_STATS saber::Localization::Localization                   :      7677.91     8009.30     7814.05        1.96        4.24
OOPS_STATS saber::Localization::multiply                       :    151600.35   167315.01   158698.43       39.74        9.90
OOPS_STATS util::Timers::measured                              :    398918.12   399118.65   399027.23       99.93        0.05
OOPS_STATS oops::Run::execute                                  :    399242.92   399382.94   399309.01      100.00        0.04
OOPS_STATS ---------------------------------- Parallel Timing Statistics ( 800 MPI tasks) -----------------------------------

OOPS_STATS Run end                                  - Runtime:    400.46 sec,  Memory: total:  4002.68 GB, per task: min =     4.69 GB, max =     7.27 GB
Run: Finishing oops::Variational<MPAS, UFO and IODA observations> with status = 0
OOPS Ending   2026-05-26 18:46:31 (UTC+0000)
