Configuration input file is: jedivar.pass2.yaml
Full configuration is:YAMLConfiguration[path=jedivar.pass2.yaml, root={_member => {date => 2026-06-05T05:00:00Z , state variables => (water_vapor_mixing_ratio_wrt_moist_air,air_pressure_at_surface,air_temperature,northward_wind,eastward_wind,cloud_liquid_water,cloud_liquid_ice,rain_water,snow_water,graupel,equivalent_reflectivity_factor,upward_air_velocity) , stream name => ensemble} , output => {filename => mpasout.nc , stream name => analysis} , variational => {minimizer => {algorithm => DRPCG} , iterations => ({geometry => {nml_file => ./namelist.atmosphere , streams_file => ./streams.atmosphere , deallocate non-da fields => true , interpolation type => unstructured} , gradient norm reduction => 0.001 , ninner => 75})} , cost function => {cost type => 3D-Var , time window => {begin => 2026-06-05T03:00:00Z , length => PT4H} , jb evaluation => false , geometry => {nml_file => ./namelist.atmosphere , streams_file => ./streams.atmosphere , deallocate non-da fields => true , interpolation type => unstructured} , analysis variables => (water_vapor_mixing_ratio_wrt_moist_air,air_pressure_at_surface,air_temperature,northward_wind,eastward_wind,cloud_liquid_water,cloud_liquid_ice,rain_water,snow_water,graupel,equivalent_reflectivity_factor,upward_air_velocity) , background => {state variables => (water_vapor_mixing_ratio_wrt_moist_air,air_pressure_at_surface,air_temperature,northward_wind,eastward_wind,air_potential_temperature,dry_air_density,u,water_vapor_mixing_ratio_wrt_dry_air,air_pressure,landmask,seaice_fraction,snowc,skin_temperature_at_surface,ivgtyp,isltyp,snowh,vegetation_area_fraction,air_temperature_at_2m,water_vapor_mixing_ratio_wrt_moist_air_at_2m,eastward_wind_at_10m,northward_wind_at_10m,lai,smois,tslb,pressure_p,cloud_liquid_water,cloud_liquid_ice,graupel,rain_water,snow_water,cldfrac,equivalent_reflectivity_factor,w,upward_air_velocity) , filename => mpasout.nc , date => 2026-06-05T05:00:00Z} , background error => {covariance model => ensemble , localization => {localization method => SABER , saber central block => {saber block name => diffusion , active variables => (water_vapor_mixing_ratio_wrt_moist_air,air_pressure_at_surface,air_temperature,northward_wind,eastward_wind,cloud_liquid_water,cloud_liquid_ice,rain_water,snow_water,graupel,equivalent_reflectivity_factor,upward_air_velocity) , read => {groups => ({variables => (water_vapor_mixing_ratio_wrt_moist_air,air_pressure_at_surface,air_temperature,northward_wind,eastward_wind,cloud_liquid_water,cloud_liquid_ice,rain_water,snow_water,graupel,equivalent_reflectivity_factor,upward_air_velocity) , multivariate strategy => duplicated , horizontal => {filepath => data/diffusionloc/mpas_conus3km.diffusion_hz} , vertical => {levels => 59 , filepath => data/diffusionloc/mpas_conus3km.diffusion_vt}})}}} , members from template => {template => {date => 2026-06-05T05:00:00Z , state variables => (water_vapor_mixing_ratio_wrt_moist_air,air_pressure_at_surface,air_temperature,northward_wind,eastward_wind,cloud_liquid_water,cloud_liquid_ice,rain_water,snow_water,graupel,equivalent_reflectivity_factor,upward_air_velocity) , stream name => ensemble , filename => ./data/ens/mem%iMember%.nc} , pattern => %iMember% , start => 1 , zero padding => 3 , nmembers => 30}} , observations => {observers => ({obs space => {name => refl10cm , distribution => {name => RoundRobin , halo size => 500000} , obsdatain => {engine => {type => H5File , obsfile => data/obs/ioda_mrms_refl.nc , missing file action => warn}} , obsdataout => {engine => {type => H5File , allow overwrite => true , obsfile => jdiag_mrms_refl.nc}} , io pool => {write multiple files => false} , _source => mrms , simulated variables => (equivalentReflectivityFactor)} , obs operator => {name => VertInterp , vertical coordinate => height_above_mean_sea_level , observation vertical coordinate => height , interpolation method => linear , observation alias file => obsop_name_map.yaml} , obs localizations => ({localization method => Horizontal Gaspari-Cohn , lengthscale => 200000}) , _obsname => refl10cm , obs filters => ({filter => Background Check , filter variables => ({name => equivalentReflectivityFactor}) , threshold => 12 , action => {name => reject}})})}}}]
OOPS_STATS ObjectCountHelper started.
OOPS_STATS Run start                                - Runtime:      1.05 sec,  Memory: total:   104.07 GB, per task: min =   128.97 MB, max =   130.55 MB
Run: Starting oops::Variational<MPAS, UFO and IODA observations>
OOPS_STATS Variational start                        - Runtime:     1.05 sec,  Local Memory:   130.55 MB
==> create geom
atlas::mpi::push(world)
Increase halo 1
atlas::mpi::pop(world)
atlas::mpi::push(world)
atlas::mpi::pop(world)
atlas::mpi::push(world)
atlas::mpi::pop(world)
atlas::mpi::push(world)
atlas::mpi::pop(world)
refl10cm: read database from data/obs/ioda_mrms_refl.nc (io pool size: 800)
refl10cm processed vars: 1 Variables: equivalentReflectivityFactor
refl10cm assimilated vars: 1 Variables: equivalentReflectivityFactor
refl10cm: 0 observations are outside of time window out of 3928732
refl10cm: 0 observations were rejected by QC checks out of 3928732
No bias-correction is performed for this ObsSpace.
3DVar window: TimeWindow: start = 2026-06-05T03:00:00Z, end = 2026-06-05T07:00:00Z, inclusive upper bound.

OOPS_STATS IncrementalAssimilation start            - Runtime:    28.51 sec,  Local Memory:     2.28 GB
Running incremental assimilation with 1 outer iterations.
Minimizer algorithm=DRPCG
QNewtonLMP: maxouter : 1
IncrementalAssimilation: Configuration for outer iteration 0:
LocalConfiguration[root={geometry => {nml_file => ./namelist.atmosphere , streams_file => ./streams.atmosphere , deallocate non-da fields => true , interpolation type => unstructured} , gradient norm reduction => 0.001 , ninner => 75 , iteration => 0 , total iterations => 1}]
OOPS_STATS IncrementalAssimilation iteration 0      - Runtime:    28.51 sec,  Local Memory:     2.28 GB
==> create geom
atlas::mpi::push(world)
Increase halo 1
atlas::mpi::pop(world)
atlas::mpi::push(world)
atlas::mpi::pop(world)
atlas::mpi::push(world)
atlas::mpi::pop(world)
atlas::mpi::push(world)
atlas::mpi::pop(world)
Key "mesh[address=0x4799a70],halo[size=1]" not found in cache "NodeColumnsHaloExchangeCache" , creating new, removable with key "mesh[address=0x4799a70],halo[size=1]"
Key "mesh[address=0x7c4bd50],halo[size=1]" not found in cache "NodeColumnsHaloExchangeCache" , creating new, removable with key "mesh[address=0x7c4bd50],halo[size=1]"
processWhere: selected 0 obs.
BackgroundCheck obserr: 
refl10cm equivalentReflectivityFactor nlocs = 3928732, nobs = 3928732, min = 5, max = 5, avg = 5
processing a float: 12
ObsErrorDiagonal covariance updated 3793848
Observer::finalize QC = 
refl10cm equivalentReflectivityFactor nlocs = 3928732, nobs = 3928732, min = 0, max = 19, avg = 0
CostJo Observations: 
refl10cm nobs= 3928732 Min=0, Max=58.2453, RMS=4.0446

Jo Observations:
Jo Obs :refl10cm:equivalentReflectivityFactor   : Nobs=  3793848, Min= 0.000000e+00, Max= 5.824529e+01, RMS= 4.012733e+00
Jo Observations Equivalent:
Jo H(x):refl10cm:equivalentReflectivityFactor   : Nobs=  3793848, Min= 0.000000e+00, Max= 5.984797e+01, RMS= 3.675764e+00
Jo Bias Corrected Departures:
Jo Dep :refl10cm:equivalentReflectivityFactor   : Nobs=  3793848, Min=-5.820814e+01, Max= 5.984797e+01, RMS= 3.488688e+00
Jo Observations Errors:
UFO Diagonal observation error covariance, inverse variances: refl10cm nobs= 3793848 Min=0.04, Max=0.04, RMS=0.04



CostJo   : Nonlinear Jo(refl10cm) = 923494, nobs = 3793848, Jo/n = 0.243419, err = 5
CostJo   : Nonlinear Jo = 923494
Increment:diff x1 4
Increment:diff x2 35
Increment:diff x1 5
Increment:diff x2 36
Increment:diff x1 6
Increment:diff x2 37
Increment:diff x1 7
Increment:diff x2 38
Increment:diff x1 8
Increment:diff x2 39
Increment:diff x1 9
Increment:diff x2 40
Increment:diff x1 10
Increment:diff x2 41
Increment:diff x1 11
Increment:diff x2 42
Increment:diff x1 12
Increment:diff x2 43
Increment:diff x1 13
Increment:diff x2 44
Increment:diff x1 14
Increment:diff x2 45
Increment:diff x1 15
Increment:diff x2 46
Increment:diff x1 16
Increment:diff x2 47
Increment:diff x1 17
Increment:diff x2 48
Increment:diff x1 18
Increment:diff x2 49
Increment:diff x1 19
Increment:diff x2 50
Increment:diff x1 20
Increment:diff x2 51
Increment:diff x1 21
Increment:diff x2 52
Increment:diff x1 22
Increment:diff x2 53
Increment:diff x1 23
Increment:diff x2 54
Increment:diff x1 24
Increment:diff x2 55
Increment:diff x1 25
Increment:diff x2 56
Increment:diff x1 26
Increment:diff x2 57
Increment:diff x1 27
Increment:diff x2 58
Increment:diff x1 28
Increment:diff x2 59
Increment:diff x1 29
Increment:diff x2 60
Increment:diff x1 30
Increment:diff x2 61
Increment:diff x1 31
Increment:diff x2 62
Increment:diff x1 32
Increment:diff x2 63
Increment:diff x1 33
Increment:diff x2 64
Info     : Prepare ensemble configuration
Info     : Read full ensemble
Info     : Creating central block: 
Info     : SaberCentralBlock using multivariate strategy: deprecated
Info     : Creating single central block.
Info     : Read data

==================================================================================
 saber::Diffusion read
----------------------------------------------------------------------------------

group 1 of 1
atlas::mpi::push(world)
atlas::mpi::pop(world)
variables: [water_vapor_mixing_ratio_wrt_moist_air,air_pressure_at_surface,air_temperature,northward_wind,eastward_wind,cloud_liquid_water,cloud_liquid_ice,rain_water,snow_water,graupel,equivalent_reflectivity_factor,upward_air_velocity]
multivariate strategy: duplicated
Reading horizontal parameters
  levels: 1
Key "mesh[address=0x7c4bd50]" not found in cache "NodeColumnsGatherScatterCache" , creating new, removable with key "mesh[address=0x7c4bd50]"
  Info     : Reading file: data/diffusionloc/mpas_conus3km.diffusion_hz.nc
atlas::mpi::push(world)
atlas::mpi::pop(world)
  hzScales:  min: 4087.19  mean: 4087.19  max: 4087.19
  hzNorm:    min: 2.4414  mean: 3.71484  max: 4.05626
Reading vertical parameters
  levels: 59
  vertical strategy: normal
  Info     : Reading file: data/diffusionloc/mpas_conus3km.diffusion_vt.nc
atlas::mpi::push(world)
atlas::mpi::pop(world)
  vtScales:  min: 11  mean: 11  max: 11
  vtNorm:    min: 3.7178  mean: 4.83632  max: 5.25235
Diffusion: horizontal iterations: 6
Diffusion: vertical iterations: 242
Increment:diff x1 2
Increment:diff x2 1
==================================================================================

CostJb: FG-BG
  Valid time: 2026-06-05T05:00:00Z
  Resolution: nCellsGlobal = 2341818, nFields = 12
Fld=1  Min=0, Max=0, RMS=0 : water_vapor_mixing_ratio_wrt_moist_air
Fld=2  Min=0, Max=0, RMS=0 : air_pressure_at_surface
Fld=3  Min=0, Max=0, RMS=0 : air_temperature
Fld=4  Min=0, Max=0, RMS=0 : northward_wind
Fld=5  Min=0, Max=0, RMS=0 : eastward_wind
Fld=6  Min=0, Max=0, RMS=0 : cloud_liquid_water
Fld=7  Min=0, Max=0, RMS=0 : cloud_liquid_ice
Fld=8  Min=0, Max=0, RMS=0 : rain_water
Fld=9  Min=0, Max=0, RMS=0 : snow_water
Fld=10  Min=0, Max=0, RMS=0 : graupel
Fld=11  Min=0, Max=0, RMS=0 : equivalent_reflectivity_factor
Fld=12  Min=0, Max=0, RMS=0 : upward_air_velocity
Increment:diff x1 2
Increment:diff x2 1
CostJb: FG-BG
  Valid time: 2026-06-05T05:00:00Z
  Resolution: nCellsGlobal = 2341818, nFields = 12
Fld=1  Min=0, Max=0, RMS=0 : water_vapor_mixing_ratio_wrt_moist_air
Fld=2  Min=0, Max=0, RMS=0 : air_pressure_at_surface
Fld=3  Min=0, Max=0, RMS=0 : air_temperature
Fld=4  Min=0, Max=0, RMS=0 : northward_wind
Fld=5  Min=0, Max=0, RMS=0 : eastward_wind
Fld=6  Min=0, Max=0, RMS=0 : cloud_liquid_water
Fld=7  Min=0, Max=0, RMS=0 : cloud_liquid_ice
Fld=8  Min=0, Max=0, RMS=0 : rain_water
Fld=9  Min=0, Max=0, RMS=0 : snow_water
Fld=10  Min=0, Max=0, RMS=0 : graupel
Fld=11  Min=0, Max=0, RMS=0 : equivalent_reflectivity_factor
Fld=12  Min=0, Max=0, RMS=0 : upward_air_velocity
CostFunction: Nonlinear J = 923494
OOPS_STATS IncrementalAssimilation linearize 0      - Runtime:   129.98 sec,  Local Memory:     7.02 GB

DRPCGMinimizer: max iter = 75, requested norm reduction = 0.001
CostFunction::computeGradientFG: gradient:
  Valid time: 2026-06-05T05:00:00Z
  Resolution: nCellsGlobal = 2341818, nFields = 12
Fld=1  Min=0, Max=0, RMS=0 : water_vapor_mixing_ratio_wrt_moist_air
Fld=2  Min=0, Max=0, RMS=0 : air_pressure_at_surface
Fld=3  Min=0, Max=0, RMS=0 : air_temperature
Fld=4  Min=0, Max=0, RMS=0 : northward_wind
Fld=5  Min=0, Max=0, RMS=0 : eastward_wind
Fld=6  Min=0, Max=0, RMS=0 : cloud_liquid_water
Fld=7  Min=0, Max=0, RMS=0 : cloud_liquid_ice
Fld=8  Min=0, Max=0, RMS=0 : rain_water
Fld=9  Min=0, Max=0, RMS=0 : snow_water
Fld=10  Min=0, Max=0, RMS=0 : graupel
Fld=11  Min=-1.67632, Max=2.02859, RMS=0.0134963 : equivalent_reflectivity_factor
Fld=12  Min=0, Max=0, RMS=0 : upward_air_velocity
DRPCGMinimizer rhs
  Valid time: 2026-06-05T05:00:00Z
  Resolution: nCellsGlobal = 2341818, nFields = 12
Fld=1  Min=-0, Max=-0, RMS=0 : water_vapor_mixing_ratio_wrt_moist_air
Fld=2  Min=-0, Max=-0, RMS=0 : air_pressure_at_surface
Fld=3  Min=-0, Max=-0, RMS=0 : air_temperature
Fld=4  Min=-0, Max=-0, RMS=0 : northward_wind
Fld=5  Min=-0, Max=-0, RMS=0 : eastward_wind
Fld=6  Min=-0, Max=-0, RMS=0 : cloud_liquid_water
Fld=7  Min=-0, Max=-0, RMS=0 : cloud_liquid_ice
Fld=8  Min=-0, Max=-0, RMS=0 : rain_water
Fld=9  Min=-0, Max=-0, RMS=0 : snow_water
Fld=10  Min=-0, Max=-0, RMS=0 : graupel
Fld=11  Min=-2.02859, Max=1.67632, RMS=0.0134963 : equivalent_reflectivity_factor
Fld=12  Min=-0, Max=-0, RMS=0 : upward_air_velocity
Initial RHS squared norm = 25167.1
OOPS_STATS DRPCG start                              - Runtime:   130.15 sec,  Local Memory:     7.02 GB
normr0 25167.1
  Residual norm ( 0) = 7111.457132887154
  Norm reduction ( 0) = 1

  Quadratic cost function: J   ( 0) = 923494.4315058503
  Quadratic cost function: Jb  ( 0) = 0
  Quadratic cost function: JoJc( 0) = 923494.4315058503


 DRPCG Starting Iteration 1
OOPS_STATS DRPCG iteration 1                        - Runtime:   135.63 sec,  Local Memory:     7.02 GB
rdots 1.56082e+07      iteration    0
DRPCG end of iteration 1
  Residual norm ( 1) = 3950.717247127095
  Norm reduction ( 1) = 0.5555425805573488

  Quadratic cost function: J   ( 1) = 563145.1641127937
  Quadratic cost function: Jb  ( 1) = 5135.232243559562
  Quadratic cost function: JoJc( 1) = 558009.9318692342

 DRPCG Starting Iteration 2
OOPS_STATS DRPCG iteration 2                        - Runtime:   141.23 sec,  Local Memory:     7.02 GB
rdots 8.0331e+06      iteration    1
DRPCG end of iteration 2
  Residual norm ( 2) = 2834.272906938341
  Norm reduction ( 2) = 0.3985502343579009

  Quadratic cost function: J   ( 2) = 443962.134408025
  Quadratic cost function: Jb  ( 2) = 10914.01453343274
  Quadratic cost function: JoJc( 2) = 433048.1198745923

 DRPCG Starting Iteration 3
OOPS_STATS DRPCG iteration 3                        - Runtime:   147.34 sec,  Local Memory:     7.02 GB
rdots 4.62168e+06      iteration    2
DRPCG end of iteration 3
  Residual norm ( 3) = 2149.809726891233
  Norm reduction ( 3) = 0.3023022830228944

  Quadratic cost function: J   ( 3) = 379061.972290948
  Quadratic cost function: Jb  ( 3) = 17112.80986149508
  Quadratic cost function: JoJc( 3) = 361949.1624294529

 DRPCG Starting Iteration 4
OOPS_STATS DRPCG iteration 4                        - Runtime:   153.38 sec,  Local Memory:     7.02 GB
rdots 2.60574e+06      iteration    3
DRPCG end of iteration 4
  Residual norm ( 4) = 1614.229901662014
  Norm reduction ( 4) = 0.2269900347422411

  Quadratic cost function: J   ( 4) = 339936.6247780034
  Quadratic cost function: Jb  ( 4) = 23208.01973839471
  Quadratic cost function: JoJc( 4) = 316728.6050396087

 DRPCG Starting Iteration 5
OOPS_STATS DRPCG iteration 5                        - Runtime:   159.12 sec,  Local Memory:     7.02 GB
rdots 1.72933e+06      iteration    4
DRPCG end of iteration 5
  Residual norm ( 5) = 1315.039329044428
  Norm reduction ( 5) = 0.1849184076443332

  Quadratic cost function: J   ( 5) = 314570.5298984501
  Quadratic cost function: Jb  ( 5) = 29043.10991035466
  Quadratic cost function: JoJc( 5) = 285527.4199880955

 DRPCG Starting Iteration 6
rdots 1.22129e+06      iteration    5
DRPCG end of iteration 6
  Residual norm ( 6) = 1105.119582415376
  Norm reduction ( 6) = 0.155399879625895

  Quadratic cost function: J   ( 6) = 297730.5635745103
  Quadratic cost function: Jb  ( 6) = 34394.09655582464
  Quadratic cost function: JoJc( 6) = 263336.4670186857

 DRPCG Starting Iteration 7
rdots 894048      iteration    6
DRPCG end of iteration 7
  Residual norm ( 7) = 945.5411163276435
  Norm reduction ( 7) = 0.1329602497292657

  Quadratic cost function: J   ( 7) = 285955.404702137
  Quadratic cost function: Jb  ( 7) = 39297.28503703349
  Quadratic cost function: JoJc( 7) = 246658.1196651035

 DRPCG Starting Iteration 8
rdots 607824      iteration    7
DRPCG end of iteration 8
  Residual norm ( 8) = 779.6309850234644
  Norm reduction ( 8) = 0.1096302727352509

  Quadratic cost function: J   ( 8) = 277687.4194904621
  Quadratic cost function: Jb  ( 8) = 43623.99036592233
  Quadratic cost function: JoJc( 8) = 234063.4291245397

 DRPCG Starting Iteration 9
rdots 434997      iteration    8
DRPCG end of iteration 9
  Residual norm ( 9) = 659.5430057875611
  Norm reduction ( 9) = 0.0927437223431305

  Quadratic cost function: J   ( 9) = 271468.7764085985
  Quadratic cost function: Jb  ( 9) = 47604.41059682272
  Quadratic cost function: JoJc( 9) = 223864.3658117758

 DRPCG Starting Iteration 10
OOPS_STATS DRPCG iteration 10                       - Runtime:   189.08 sec,  Local Memory:     7.02 GB
rdots 327344      iteration    9
DRPCG end of iteration 10
  Residual norm (10) = 572.1397769184013
  Norm reduction (10) = 0.0804532413297583

  Quadratic cost function: J   (10) = 267091.8720772496
  Quadratic cost function: Jb  (10) = 50954.95858333657
  Quadratic cost function: JoJc(10) = 216136.913493913

 DRPCG Starting Iteration 11
rdots 257866      iteration    10
DRPCG end of iteration 11
  Residual norm (11) = 507.8051384407057
  Norm reduction (11) = 0.07140662299605872

  Quadratic cost function: J   (11) = 264111.936606785
  Quadratic cost function: Jb  (11) = 53609.04965686551
  Quadratic cost function: JoJc(11) = 210502.8869499195

 DRPCG Starting Iteration 12
rdots 184630      iteration    11
DRPCG end of iteration 12
  Residual norm (12) = 429.6859487297831
  Norm reduction (12) = 0.0604216464643634

  Quadratic cost function: J   (12) = 261795.8057879228
  Quadratic cost function: Jb  (12) = 55966.77911532432
  Quadratic cost function: JoJc(12) = 205829.0266725985

 DRPCG Starting Iteration 13
rdots 136162      iteration    12
DRPCG end of iteration 13
  Residual norm (13) = 369.0013928828054
  Norm reduction (13) = 0.05188829602534577

  Quadratic cost function: J   (13) = 260022.0626592224
  Quadratic cost function: Jb  (13) = 58012.49909704494
  Quadratic cost function: JoJc(13) = 202009.5635621775

 DRPCG Starting Iteration 14
rdots 98059.9      iteration    13
DRPCG end of iteration 14
  Residual norm (14) = 313.1451589524513
  Norm reduction (14) = 0.0440338953186263

  Quadratic cost function: J   (14) = 258663.8887581184
  Quadratic cost function: Jb  (14) = 59772.91443450275
  Quadratic cost function: JoJc(14) = 198890.9743236156

 DRPCG Starting Iteration 15
OOPS_STATS DRPCG iteration 15                       - Runtime:   218.24 sec,  Local Memory:     7.02 GB
rdots 73978      iteration    14
DRPCG end of iteration 15
  Residual norm (15) = 271.9889214322356
  Norm reduction (15) = 0.03824658102407934

  Quadratic cost function: J   (15) = 257677.502819258
  Quadratic cost function: Jb  (15) = 61195.98012709613
  Quadratic cost function: JoJc(15) = 196481.5226921619

 DRPCG Starting Iteration 16
rdots 53057.2      iteration    15
DRPCG end of iteration 16
  Residual norm (16) = 230.3414608846926
  Norm reduction (16) = 0.0323901918524505

  Quadratic cost function: J   (16) = 256951.5941297469
  Quadratic cost function: Jb  (16) = 62349.87516323616
  Quadratic cost function: JoJc(16) = 194601.7189665107

 DRPCG Starting Iteration 17
rdots 37209.1      iteration    16
DRPCG end of iteration 17
  Residual norm (17) = 192.896581850664
  Norm reduction (17) = 0.02712476195048801

  Quadratic cost function: J   (17) = 256395.5449945036
  Quadratic cost function: Jb  (17) = 63317.66670541171
  Quadratic cost function: JoJc(17) = 193077.8782890919

 DRPCG Starting Iteration 18
rdots 25815.9      iteration    17
DRPCG end of iteration 18
  Residual norm (18) = 160.67336981382
  Norm reduction (18) = 0.02259359324135991

  Quadratic cost function: J   (18) = 255972.4344545034
  Quadratic cost function: Jb  (18) = 64121.31091198543
  Quadratic cost function: JoJc(18) = 191851.1235425179

 DRPCG Starting Iteration 19
rdots 19180.6      iteration    18
DRPCG end of iteration 19
  Residual norm (19) = 138.4940720469344
  Norm reduction (19) = 0.01947478125213808

  Quadratic cost function: J   (19) = 255668.8333926393
  Quadratic cost function: Jb  (19) = 64747.64036762118
  Quadratic cost function: JoJc(19) = 190921.1930250181

 DRPCG Starting Iteration 20
OOPS_STATS DRPCG iteration 20                       - Runtime:   247.50 sec,  Local Memory:     7.02 GB
rdots 14771.7      iteration    19
DRPCG end of iteration 20
  Residual norm (20) = 121.5388009530467
  Norm reduction (20) = 0.01709056226901611

  Quadratic cost function: J   (20) = 255455.3295539927
  Quadratic cost function: Jb  (20) = 65222.69116349836
  Quadratic cost function: JoJc(20) = 190232.6383904944

 DRPCG Starting Iteration 21
rdots 11339.5      iteration    20
DRPCG end of iteration 21
  Residual norm (21) = 106.4868978907613
  Norm reduction (21) = 0.01497399139176545

  Quadratic cost function: J   (21) = 255306.4752840458
  Quadratic cost function: Jb  (21) = 65577.0975255602
  Quadratic cost function: JoJc(21) = 189729.3777584856

 DRPCG Starting Iteration 22
rdots 8247.25      iteration    21
DRPCG end of iteration 22
  Residual norm (22) = 90.81436288817572
  Norm reduction (22) = 0.01277014839451142

  Quadratic cost function: J   (22) = 255196.7045419271
  Quadratic cost function: Jb  (22) = 65855.05220321532
  Quadratic cost function: JoJc(22) = 189341.6523387118

 DRPCG Starting Iteration 23
rdots 5712.8      iteration    22
DRPCG end of iteration 23
  Residual norm (23) = 75.58309620365557
  Norm reduction (23) = 0.01062835573515858

  Quadratic cost function: J   (23) = 255113.5072804873
  Quadratic cost function: Jb  (23) = 66078.41606147785
  Quadratic cost function: JoJc(23) = 189035.0912190095

 DRPCG Starting Iteration 24
rdots 4154.23      iteration    23
DRPCG end of iteration 24
  Residual norm (24) = 64.45329238094345
  Norm reduction (24) = 0.00906330322696838

  Quadratic cost function: J   (24) = 255049.2077268665
  Quadratic cost function: Jb  (24) = 66261.30060607237
  Quadratic cost function: JoJc(24) = 188787.9071207941

 DRPCG Starting Iteration 25
OOPS_STATS DRPCG iteration 25                       - Runtime:   277.87 sec,  Local Memory:     7.02 GB
rdots 3001.76      iteration    24
DRPCG end of iteration 25
  Residual norm (25) = 54.78832898932986
  Norm reduction (25) = 0.007704233881402382

  Quadratic cost function: J   (25) = 255002.8842215105
  Quadratic cost function: Jb  (25) = 66400.64342238203
  Quadratic cost function: JoJc(25) = 188602.2407991285

 DRPCG Starting Iteration 26
rdots 2209.89      iteration    25
DRPCG end of iteration 26
  Residual norm (26) = 47.00950874786615
  Norm reduction (26) = 0.006610390510612687

  Quadratic cost function: J   (26) = 254969.0081931073
  Quadratic cost function: Jb  (26) = 66508.0909554908
  Quadratic cost function: JoJc(26) = 188460.9172376165

 DRPCG Starting Iteration 27
rdots 1581.58      iteration    26
DRPCG end of iteration 27
  Residual norm (27) = 39.76903293566889
  Norm reduction (27) = 0.0055922481416299

  Quadratic cost function: J   (27) = 254943.7589946579
  Quadratic cost function: Jb  (27) = 66592.37561197796
  Quadratic cost function: JoJc(27) = 188351.38338268

 DRPCG Starting Iteration 28
rdots 1157.68      iteration    27
DRPCG end of iteration 28
  Residual norm (28) = 34.0246262651232
  Norm reduction (28) = 0.004784480259014043

  Quadratic cost function: J   (28) = 254925.9729771113
  Quadratic cost function: Jb  (28) = 66654.69749013419
  Quadratic cost function: JoJc(28) = 188271.2754869772

 DRPCG Starting Iteration 29
rdots 879.562      iteration    28
DRPCG end of iteration 29
  Residual norm (29) = 29.65740552372848
  Norm reduction (29) = 0.004170369724451672

  Quadratic cost function: J   (29) = 254913.7992781283
  Quadratic cost function: Jb  (29) = 66699.28626570028
  Quadratic cost function: JoJc(29) = 188214.513012428

 DRPCG Starting Iteration 30
OOPS_STATS DRPCG iteration 30                       - Runtime:   308.87 sec,  Local Memory:     7.02 GB
rdots 610.461      iteration    29
DRPCG end of iteration 30
  Residual norm (30) = 24.7075137125068
  Norm reduction (30) = 0.003474325057553414

  Quadratic cost function: J   (30) = 254905.0129268109
  Quadratic cost function: Jb  (30) = 66732.8083046488
  Quadratic cost function: JoJc(30) = 188172.2046221621

 DRPCG Starting Iteration 31
rdots 457.284      iteration    30
DRPCG end of iteration 31
  Residual norm (31) = 21.38419864933119
  Norm reduction (31) = 0.003007006616188305

  Quadratic cost function: J   (31) = 254898.2301206046
  Quadratic cost function: Jb  (31) = 66759.74500044801
  Quadratic cost function: JoJc(31) = 188138.4851201566

 DRPCG Starting Iteration 32
rdots 330.95      iteration    31
DRPCG end of iteration 32
  Residual norm (32) = 18.19202069958934
  Norm reduction (32) = 0.002558128434109484

  Quadratic cost function: J   (32) = 254893.2442652882
  Quadratic cost function: Jb  (32) = 66780.35087371424
  Quadratic cost function: JoJc(32) = 188112.893391574

 DRPCG Starting Iteration 33
rdots 231.996      iteration    32
DRPCG end of iteration 33
  Residual norm (33) = 15.2314007690475
  Norm reduction (33) = 0.002141811514072047

  Quadratic cost function: J   (33) = 254889.6277176498
  Quadratic cost function: Jb  (33) = 66795.88209994625
  Quadratic cost function: JoJc(33) = 188093.7456177035

 DRPCG Starting Iteration 34
rdots 163.563      iteration    33
DRPCG end of iteration 34
  Residual norm (34) = 12.7891631556251
  Norm reduction (34) = 0.001798388560409261

  Quadratic cost function: J   (34) = 254886.9263148452
  Quadratic cost function: Jb  (34) = 66807.92660095455
  Quadratic cost function: JoJc(34) = 188078.9997138907

 DRPCG Starting Iteration 35
OOPS_STATS DRPCG iteration 35                       - Runtime:   339.87 sec,  Local Memory:     7.02 GB
rdots 124.032      iteration    34
DRPCG end of iteration 35
  Residual norm (35) = 11.13695092633728
  Norm reduction (35) = 0.001566057520734267

  Quadratic cost function: J   (35) = 254884.9701339749
  Quadratic cost function: Jb  (35) = 66816.97687719447
  Quadratic cost function: JoJc(35) = 188067.9932567804

 DRPCG Starting Iteration 36
rdots 89.2866      iteration    35
DRPCG end of iteration 36
  Residual norm (36) = 9.449159544088811
  Norm reduction (36) = 0.001328723406120369

  Quadratic cost function: J   (36) = 254883.6015870133
  Quadratic cost function: Jb  (36) = 66823.53495011572
  Quadratic cost function: JoJc(36) = 188060.0666368976

 DRPCG Starting Iteration 37
rdots 64.9119      iteration    36
DRPCG end of iteration 37
  Residual norm (37) = 8.056795253171932
  Norm reduction (37) = 0.001132931704799714

  Quadratic cost function: J   (37) = 254882.6217084767
  Quadratic cost function: Jb  (37) = 66828.38840970404
  Quadratic cost function: JoJc(37) = 188054.2332987727

 DRPCG Starting Iteration 38
rdots 48.3605      iteration    37
DRPCG end of iteration 38
  Residual norm (38) = 6.954172326980403
  Norm reduction (38) = 0.0009778829003722199

  Quadratic cost function: J   (38) = 254881.9399626664
  Quadratic cost function: Jb  (38) = 66831.87201069892
  Quadratic cost function: JoJc(38) = 188050.0679519674

DRPCG: Achieved required reduction in residual norm.
OOPS_STATS DRPCG end                                - Runtime:   364.59 sec,  Local Memory:     7.02 GB
DRPCGMinimizer: reduction in residual norm = 0.000977883
DRPCGMinimizer output increment:
  Valid time: 2026-06-05T05:00:00Z
  Resolution: nCellsGlobal = 2341818, nFields = 12
Fld=1  Min=-0.00695588, Max=0.0110628, RMS=9.47649e-05 : water_vapor_mixing_ratio_wrt_moist_air
Fld=2  Min=-138.747, Max=134.155, RMS=2.95274 : air_pressure_at_surface
Fld=3  Min=-8.19894, Max=9.06121, RMS=0.109974 : air_temperature
Fld=4  Min=-33.4443, Max=38.339, RMS=0.386845 : northward_wind
Fld=5  Min=-31.766, Max=27.9237, RMS=0.412305 : eastward_wind
Fld=6  Min=-0.00320462, Max=0.00353496, RMS=1.29368e-05 : cloud_liquid_water
Fld=7  Min=-0.000690093, Max=0.0011405, RMS=5.1735e-06 : cloud_liquid_ice
Fld=8  Min=-0.00382364, Max=0.00381394, RMS=1.9938e-05 : rain_water
Fld=9  Min=-0.00592181, Max=0.00694045, RMS=6.91324e-05 : snow_water
Fld=10  Min=-0.00451756, Max=0.00760317, RMS=2.35013e-05 : graupel
Fld=11  Min=-64.4114, Max=72.2608, RMS=1.92164 : equivalent_reflectivity_factor
Fld=12  Min=0, Max=0, RMS=0 : upward_air_velocity
CostFunction::addIncrement: First guess:
  Valid time: 2026-06-05T05:00:00Z
  Resolution: nCellsGlobal = 2341818, nFields = 35
Fld=1  Min=0, Max=0.0201212, RMS=0.00587794 : water_vapor_mixing_ratio_wrt_moist_air
Fld=2  Min=63711.6, Max=102528, RMS=96519.1 : air_pressure_at_surface
Fld=3  Min=194.019, Max=316.085, RMS=261.217 : air_temperature
Fld=4  Min=-36.3861, Max=51.0685, RMS=7.26257 : northward_wind
Fld=5  Min=-28.6239, Max=69.3567, RMS=10.722 : eastward_wind
Fld=6  Min=273.113, Max=643.167, RMS=355.98 : air_potential_temperature
Fld=7  Min=0.038521, Max=1.28271, RMS=0.780873 : dry_air_density
Fld=8  Min=-68.1523, Max=68.1508, RMS=9.14657 : u
Fld=9  Min=0, Max=0.0205343, RMS=0.00594539 : water_vapor_mixing_ratio_wrt_dry_air
Fld=10  Min=2460.27, Max=102419, RMS=64361.4 : air_pressure
Fld=11  Min=0, Max=1, RMS=0.790008 : landmask
Fld=12  Min=0, Max=0.994171, RMS=0.0250003 : seaice_fraction
Fld=13  Min=0, Max=1, RMS=0.0508889 : snowc
Fld=14  Min=260.872, Max=311.555, RMS=291.132 : skin_temperature_at_surface
Fld=15  Min=1, Max=19, RMS=12.7664 : ivgtyp
Fld=16  Min=1, Max=16, RMS=9.97061 : isltyp
Fld=17  Min=0, Max=7.5, RMS=0.152743 : snowh
Fld=18  Min=0, Max=0.928064, RMS=0.419886 : vegetation_area_fraction
Fld=19  Min=263.162, Max=312.448, RMS=291.222 : air_temperature_at_2m
Fld=20  Min=0.00058647, Max=0.0204521, RMS=0.0110371 : water_vapor_mixing_ratio_wrt_moist_air_at_2m
Fld=21  Min=-16.4602, Max=14.5199, RMS=3.32103 : eastward_wind_at_10m
Fld=22  Min=-15.3332, Max=15.8569, RMS=3.71395 : northward_wind_at_10m
Fld=23  Min=0, Max=6.56301, RMS=1.71513 : lai
Fld=24  Min=0.00200001, Max=1, RMS=0.633548 : smois
Fld=25  Min=262.315, Max=314.684, RMS=291.225 : tslb
Fld=26  Min=-866.909, Max=5706.47, RMS=3197.79 : pressure_p
Fld=27  Min=0, Max=0.00643569, RMS=3.1419e-05 : cloud_liquid_water
Fld=28  Min=0, Max=0.00165401, RMS=1.06784e-05 : cloud_liquid_ice
Fld=29  Min=0, Max=0.0118795, RMS=3.29017e-05 : graupel
Fld=30  Min=0, Max=0.00665692, RMS=3.89769e-05 : rain_water
Fld=31  Min=0, Max=0.00634722, RMS=9.35229e-05 : snow_water
Fld=32  Min=0, Max=1, RMS=0.18639 : cldfrac
Fld=33  Min=0, Max=69.4879, RMS=3.47513 : equivalent_reflectivity_factor
Fld=34  Min=-7.23226, Max=26.6462, RMS=0.138015 : w
Fld=35  Min=0, Max=0, RMS=0 : upward_air_velocity
CostFunction::addIncrement: Increment:
  Valid time: 2026-06-05T05:00:00Z
  Resolution: nCellsGlobal = 2341818, nFields = 12
Fld=1  Min=-0.00695588, Max=0.0110628, RMS=9.47649e-05 : water_vapor_mixing_ratio_wrt_moist_air
Fld=2  Min=-138.747, Max=134.155, RMS=2.95274 : air_pressure_at_surface
Fld=3  Min=-8.19894, Max=9.06121, RMS=0.109974 : air_temperature
Fld=4  Min=-33.4443, Max=38.339, RMS=0.386845 : northward_wind
Fld=5  Min=-31.766, Max=27.9237, RMS=0.412305 : eastward_wind
Fld=6  Min=-0.00320462, Max=0.00353496, RMS=1.29368e-05 : cloud_liquid_water
Fld=7  Min=-0.000690093, Max=0.0011405, RMS=5.1735e-06 : cloud_liquid_ice
Fld=8  Min=-0.00382364, Max=0.00381394, RMS=1.9938e-05 : rain_water
Fld=9  Min=-0.00592181, Max=0.00694045, RMS=6.91324e-05 : snow_water
Fld=10  Min=-0.00451756, Max=0.00760317, RMS=2.35013e-05 : graupel
Fld=11  Min=-64.4114, Max=72.2608, RMS=1.92164 : equivalent_reflectivity_factor
Fld=12  Min=0, Max=0, RMS=0 : upward_air_velocity
CostFunction::addIncrement: Analysis: 
  Valid time: 2026-06-05T05:00:00Z
  Resolution: nCellsGlobal = 2341818, nFields = 35
Fld=1  Min=0, Max=0.0199768, RMS=0.00587851 : water_vapor_mixing_ratio_wrt_moist_air
Fld=2  Min=63711.6, Max=102528, RMS=96519.1 : air_pressure_at_surface
Fld=3  Min=194.019, Max=316.085, RMS=261.219 : air_temperature
Fld=4  Min=-51.8637, Max=55.5202, RMS=7.2777 : northward_wind
Fld=5  Min=-33.8096, Max=69.3567, RMS=10.7224 : eastward_wind
Fld=6  Min=273.113, Max=643.167, RMS=355.98 : air_potential_temperature
Fld=7  Min=0.038521, Max=1.28271, RMS=0.780867 : dry_air_density
Fld=8  Min=-68.1523, Max=68.1508, RMS=9.15223 : u
Fld=9  Min=0, Max=0.020384, RMS=0.00594596 : water_vapor_mixing_ratio_wrt_dry_air
Fld=10  Min=2460.27, Max=102419, RMS=64361.5 : air_pressure
Fld=11  Min=0, Max=1, RMS=0.790008 : landmask
Fld=12  Min=0, Max=0.994171, RMS=0.0250003 : seaice_fraction
Fld=13  Min=0, Max=1, RMS=0.0508889 : snowc
Fld=14  Min=260.872, Max=311.555, RMS=291.132 : skin_temperature_at_surface
Fld=15  Min=1, Max=19, RMS=12.7664 : ivgtyp
Fld=16  Min=1, Max=16, RMS=9.97061 : isltyp
Fld=17  Min=0, Max=7.5, RMS=0.152743 : snowh
Fld=18  Min=0, Max=0.928064, RMS=0.419886 : vegetation_area_fraction
Fld=19  Min=263.162, Max=312.448, RMS=291.223 : air_temperature_at_2m
Fld=20  Min=0.00058647, Max=0.0204521, RMS=0.0110365 : water_vapor_mixing_ratio_wrt_moist_air_at_2m
Fld=21  Min=-16.4602, Max=14.5199, RMS=3.32103 : eastward_wind_at_10m
Fld=22  Min=-15.3332, Max=15.8569, RMS=3.71395 : northward_wind_at_10m
Fld=23  Min=0, Max=6.56301, RMS=1.71513 : lai
Fld=24  Min=0.00200001, Max=1, RMS=0.633548 : smois
Fld=25  Min=262.315, Max=314.684, RMS=291.225 : tslb
Fld=26  Min=-866.909, Max=5706.47, RMS=3197.94 : pressure_p
Fld=27  Min=0, Max=0.00636655, RMS=3.22947e-05 : cloud_liquid_water
Fld=28  Min=0, Max=0.0016508, RMS=1.10907e-05 : cloud_liquid_ice
Fld=29  Min=0, Max=0.011743, RMS=3.57437e-05 : graupel
Fld=30  Min=0, Max=0.00655092, RMS=3.65583e-05 : rain_water
Fld=31  Min=0, Max=0.00877881, RMS=0.000115112 : snow_water
Fld=32  Min=0, Max=1, RMS=0.18639 : cldfrac
Fld=33  Min=0, Max=75.6013, RMS=3.24628 : equivalent_reflectivity_factor
Fld=34  Min=-7.23226, Max=26.6462, RMS=0.138015 : w
Fld=35  Min=0, Max=0, RMS=0 : upward_air_velocity
OOPS_STATS IncrementalAssimilation end              - Runtime:   364.82 sec,  Local Memory:     7.02 GB
Variational: incremental assimilation done 1 iterations.
QC refl10cm equivalentReflectivityFactor: 134883 H(x) failed.
QC refl10cm equivalentReflectivityFactor: 1 rejected by first-guess check.
QC refl10cm equivalentReflectivityFactor: 3793848 passed out of 3928732 observations.
ObsErrorDiagonal covariance updated 3793848
Observer::finalize QC = 
refl10cm equivalentReflectivityFactor nlocs = 3928732, nobs = 3928732, min = 0, max = 19, avg = 0
Jo Observations:
Jo Obs :refl10cm:equivalentReflectivityFactor   : Nobs=  3793848, Min= 0.000000e+00, Max= 5.824529e+01, RMS= 4.012733e+00
Jo Observations Equivalent:
Jo H(x):refl10cm:equivalentReflectivityFactor   : Nobs=  3793848, Min= 0.000000e+00, Max= 6.266556e+01, RMS= 3.627136e+00
Jo Bias Corrected Departures:
Jo Dep :refl10cm:equivalentReflectivityFactor   : Nobs=  3793848, Min=-5.560135e+01, Max= 3.874738e+01, RMS= 1.572721e+00
Jo Observations Errors:
UFO Diagonal observation error covariance, inverse variances: refl10cm nobs= 3793848 Min=0.04, Max=0.04, RMS=0.04



CostJo   : Nonlinear Jo(refl10cm) = 187678, nobs = 3793848, Jo/n = 0.049469, err = 5
CostJo   : Nonlinear Jo = 187678
Increment:diff x1 2
Increment:diff x2 1
CostJb: FG-BG
  Valid time: 2026-06-05T05:00:00Z
  Resolution: nCellsGlobal = 2341818, nFields = 12
Fld=1  Min=-0.00616923, Max=0.0110628, RMS=9.46777e-05 : water_vapor_mixing_ratio_wrt_moist_air
Fld=2  Min=-138.747, Max=134.155, RMS=2.95274 : air_pressure_at_surface
Fld=3  Min=-8.19894, Max=9.06121, RMS=0.109974 : air_temperature
Fld=4  Min=-33.4443, Max=38.339, RMS=0.386845 : northward_wind
Fld=5  Min=-31.766, Max=27.9237, RMS=0.412305 : eastward_wind
Fld=6  Min=-0.00150478, Max=0.00353496, RMS=1.11551e-05 : cloud_liquid_water
Fld=7  Min=-0.000410939, Max=0.0011405, RMS=4.82255e-06 : cloud_liquid_ice
Fld=8  Min=-0.00315216, Max=0.00381394, RMS=1.47459e-05 : rain_water
Fld=9  Min=-0.00432408, Max=0.00694045, RMS=6.65876e-05 : snow_water
Fld=10  Min=-0.00393421, Max=0.00760317, RMS=2.11305e-05 : graupel
Fld=11  Min=-56.6945, Max=72.2608, RMS=1.88078 : equivalent_reflectivity_factor
Fld=12  Min=0, Max=0, RMS=0 : upward_air_velocity
CostFunction: Nonlinear J = 187678
OOPS_STATS Variational end                          - Runtime:   371.04 sec,  Local Memory:     7.02 GB
==> destruct MPAS corelist and domain:  0
Tried to erase key "mesh[address=0x4799a70],halo[size=0]" from cache "NodeColumnsHaloExchangeCache" but it was not found.
Erased key "mesh[address=0x4799a70],halo[size=1]" from cache "NodeColumnsHaloExchangeCache".
==> destruct MPAS corelist and domain:  1
refl10cm: save database to jdiag_mrms_refl.nc (io pool size: 4)
QC refl10cm equivalentReflectivityFactor: 134883 H(x) failed.
QC refl10cm equivalentReflectivityFactor: 1 rejected by first-guess check.
QC refl10cm equivalentReflectivityFactor: 3793848 passed out of 3928732 observations.
Erased key "mesh[address=0x7c4bd50]" from cache "NodeColumnsGatherScatterCache".
Tried to erase key "mesh[address=0x7c4bd50],halo[size=0]" from cache "NodeColumnsHaloExchangeCache" but it was not found.
Erased key "mesh[address=0x7c4bd50],halo[size=1]" from cache "NodeColumnsHaloExchangeCache".

Run: Finishing oops::Variational<MPAS, UFO and IODA observations>
OOPS_STATS  
OOPS_STATS ----------------------------------------------------------------------------------
OOPS_STATS --------------------------- Object counts ----------------------------------------
OOPS_STATS ----------------------------------------------------------------------------------
OOPS_STATS                                      Total  Simult. Remain    Avg (Mb)    HWM (Mb)
OOPS_STATS ioda::ObsDataVector             :        8       5        
OOPS_STATS ioda::ObsVector                 :       96       8        
OOPS_STATS mpas::Geometry                  :        2       2        
OOPS_STATS mpas::Increment                 :     2774     123        
OOPS_STATS mpas::LinVarChaModel2GeoVars    :        1       1        
OOPS_STATS mpas::ModelBias                 :        4       3        
OOPS_STATS mpas::ModelBiasCovariance       :        1       1        
OOPS_STATS mpas::State                     :       75      34        
OOPS_STATS mpas::VarChaModel2GeoVars       :        3       1        
OOPS_STATS oops::ControlIncrement          :      170      90               15.22     1369.84
OOPS_STATS oops::ControlVariable           :        4       3        
OOPS_STATS oops::Diffusion                 :        1       1        
OOPS_STATS oops::EnsembleCovariance        :        1       1             3538.41     3538.41
OOPS_STATS oops::GeoVaLs                   :       80       1        
OOPS_STATS oops::Geometry                  :        2       2        
OOPS_STATS oops::GetValues                 :        3       2        
OOPS_STATS oops::Increment                 :     2696     123               15.02     1872.11
OOPS_STATS oops::LinearObsOperator         :        1       1        
OOPS_STATS oops::LocalInterpolator         :     2400    1600        
OOPS_STATS oops::Localization              :        1       1        
OOPS_STATS oops::ModelAuxControl           :        4       3        
OOPS_STATS oops::ModelAuxCovariance        :        1       1        
OOPS_STATS oops::ModelAuxIncrement         :      170      90        
OOPS_STATS oops::ObsAuxControl             :        4       3        
OOPS_STATS oops::ObsAuxCovariance          :        1       1        
OOPS_STATS oops::ObsAuxIncrement           :      170      90        
OOPS_STATS oops::ObsAuxIncrements          :      170      90        
OOPS_STATS oops::ObsAuxPreconditioner      :        2       2        
OOPS_STATS oops::ObsDataVector             :        4       4        
OOPS_STATS oops::ObsDiagnostics            :        2       1        
OOPS_STATS oops::ObsError                  :        1       1        
OOPS_STATS oops::ObsOperator               :        2       2        
OOPS_STATS oops::ObsSpace                  :        1       1                3.05        3.05
OOPS_STATS oops::ObsSpaces                 :        1       1        
OOPS_STATS oops::ObsVector                 :       96       7                0.04        0.24
OOPS_STATS oops::SampledLocations          :        8       4        
OOPS_STATS oops::State                     :       72      34               21.39      702.08
OOPS_STATS oops::UnstructuredInterpolator  :     2400    1600        
OOPS_STATS oops::VariableChange            :        3       1        
OOPS_STATS ufo::BackgroundCheck            :        1       1        
OOPS_STATS ufo::FinalCheck                 :        2       2        
OOPS_STATS ufo::GeoVaLs                    :       83       2        
OOPS_STATS ufo::ObsBias                    :        4       3        
OOPS_STATS ufo::ObsBiasCovariance          :        1       1        
OOPS_STATS ufo::ObsBiasPreconditioner      :        1       1        
OOPS_STATS ufo::ObsFilter                  :        9       6        
OOPS_STATS ufo::ObsFilterData              :        3       3        
OOPS_STATS ufo::ObsVertInterp              :        2       2        
OOPS_STATS ufo::ObsVertInterpTLAD          :        1       1        
OOPS_STATS ufo::SampledLocations           :        4       3        
OOPS_STATS ----------------------------- Object counts --------------------------------------
OOPS_STATS  
OOPS_STATS --------------------------------------------------------------------------------------------
OOPS_STATS ------------------------------------ Timing Statistics -------------------------------------
OOPS_STATS --------------------------------------------------------------------------------------------
OOPS_STATS Name                                                :   total (ms)   count    time/call (ms)
OOPS_STATS ObsFilter::Background Check::ObsFilter              :         0.23       1            0.2299
OOPS_STATS ObsFilter::Background Check::postFilter             :        29.56       1           29.5609
OOPS_STATS ObsFilter::Background Check::preProcess             :         0.01       1            0.0058
OOPS_STATS ObsFilter::Background Check::priorFilter            :         0.04       1            0.0389
OOPS_STATS ObsFilter::Final Check::ObsFilter                   :         0.35       2            0.1737
OOPS_STATS ObsFilter::Final Check::postFilter                  :         0.05       2            0.0237
OOPS_STATS ObsFilter::Final Check::preProcess                  :         0.00       2            0.0003
OOPS_STATS ObsFilter::Final Check::priorFilter                 :         0.00       2            0.0024
OOPS_STATS ObsFilter::QCmanager::ObsFilter                     :         0.37       2            0.1845
OOPS_STATS ObsFilter::QCmanager::postFilter                    :         0.22       2            0.1115
OOPS_STATS ObsFilter::QCmanager::preProcess                    :         0.00       2            0.0001
OOPS_STATS ObsFilter::QCmanager::priorFilter                   :         0.00       2            0.0001
OOPS_STATS ioda::ObsSpace::get_db(DateTime)                    :         1.61       4            0.4032
OOPS_STATS ioda::ObsSpace::get_db(double)                      :         0.30       5            0.0605
OOPS_STATS ioda::ObsSpace::get_db(float)                       :         6.90      12            0.5750
OOPS_STATS ioda::ObsSpace::load                                :       882.79       1          882.7861
OOPS_STATS ioda::ObsSpace::put_db(double)                      :         0.31       6            0.0510
OOPS_STATS ioda::ObsSpace::put_db(float)                       :         0.08       2            0.0409
OOPS_STATS ioda::ObsSpace::put_db(int)                         :         3.44       2            1.7198
OOPS_STATS mpas::LinVarChaModel2GeoVars::LinVarChaModel2GeoVar :         2.97       1            2.9664
OOPS_STATS mpas::LinVarChaModel2GeoVars::changeVarAD           :      1503.33      39           38.5469
OOPS_STATS mpas::LinVarChaModel2GeoVars::changeVarTL           :       135.82      38            3.5742
OOPS_STATS mpas::LinVarChaModel2GeoVars::~LinVarChaModel2GeoVa :         0.04       1            0.0381
OOPS_STATS mpas::VarChaModel2GeoVars::VarChaModel2GeoVars      :         0.05       3            0.0161
OOPS_STATS mpas::VarChaModel2GeoVars::changeVar                :        12.90       3            4.2989
OOPS_STATS mpas::VarChaModel2GeoVars::~VarChaModel2GeoVars     :         0.01       3            0.0019
OOPS_STATS oops::Covariance::EnsembleCovariance                :     76371.03       1        76371.0350
OOPS_STATS oops::Covariance::ensemble::Constructor             :         0.01       1            0.0060
OOPS_STATS oops::Covariance::ensemble::multiply                :    213656.96      39         5478.3836
OOPS_STATS oops::Diffusion::Diffusion                          :         0.00       1            0.0001
OOPS_STATS oops::Diffusion::calculateDerivedGeom               :         1.97       1            1.9687
OOPS_STATS oops::Diffusion::multiplySqrtAD                     :     53432.69    1170           45.6690
OOPS_STATS oops::Diffusion::multiplySqrtTL                     :     45286.43    1170           38.7064
OOPS_STATS oops::Diffusion::setParameters                      :         3.94       1            3.9426
OOPS_STATS oops::GeoVaLs::GeoVaLs                              :        16.23      80            0.2029
OOPS_STATS oops::GeoVaLs::fill                                 :        29.08   27676            0.0011
OOPS_STATS oops::GeoVaLs::fillAD                               :        20.99   24531            0.0009
OOPS_STATS oops::GeoVaLs::~GeoVaLs                             :         0.45      80            0.0057
OOPS_STATS oops::Geometry::Geometry                            :     45454.59       2        22727.2960
OOPS_STATS oops::Geometry::variableSizes                       :         4.18      11            0.3802
OOPS_STATS oops::Geometry::~Geometry                           :       356.84       2          178.4212
OOPS_STATS oops::GeometryData::containingTriangleAndBarycentri :        44.72   20562            0.0022
OOPS_STATS oops::GeometryData::setGlobalTree                   :      1802.21       2          901.1033
OOPS_STATS oops::GeometryData::setLocalTree                    :         3.16       2            1.5821
OOPS_STATS oops::GeometryData::setMeshAndTriangulation         :         0.28       2            0.1407
OOPS_STATS oops::GetValues::GetValues                          :       252.21       3           84.0709
OOPS_STATS oops::GetValues::fillGeoVaLs                        :        48.61       3           16.2038
OOPS_STATS oops::GetValues::fillGeoVaLsAD                      :       108.15      39            2.7732
OOPS_STATS oops::GetValues::fillGeoVaLsTL                      :       690.88      38           18.1811
OOPS_STATS oops::GetValues::finalize                           :        17.57       3            5.8573
OOPS_STATS oops::GetValues::finalizeAD                         :       585.89      39           15.0227
OOPS_STATS oops::GetValues::finalizeTL                         :        91.60      38            2.4105
OOPS_STATS oops::GetValues::initialize                         :         2.06       3            0.6852
OOPS_STATS oops::GetValues::initializeAD                       :         4.72      39            0.1211
OOPS_STATS oops::GetValues::initializeTL                       :        15.10      38            0.3973
OOPS_STATS oops::GetValues::process                            :        17.43       3            5.8088
OOPS_STATS oops::GetValues::processAD                          :       117.82      39            3.0209
OOPS_STATS oops::GetValues::processTL                          :       128.60      38            3.3841
OOPS_STATS oops::Increment::Increment                          :     24805.83    2696            9.2010
OOPS_STATS oops::Increment::axpy                               :      4776.67     817            5.8466
OOPS_STATS oops::Increment::diff                               :       347.14      33           10.5193
OOPS_STATS oops::Increment::dot_product_with                   :      7348.49     897            8.1923
OOPS_STATS oops::Increment::fromFieldSet                       :     11349.84    1209            9.3878
OOPS_STATS oops::Increment::operator*=                         :       199.50     115            1.7348
OOPS_STATS oops::Increment::operator+=                         :      9513.09    1353            7.0311
OOPS_STATS oops::Increment::operator+=(State, Increment)       :        45.51       1           45.5128
OOPS_STATS oops::Increment::operator-=                         :       149.78      30            4.9926
OOPS_STATS oops::Increment::operator=                          :      4680.13    1492            3.1368
OOPS_STATS oops::Increment::print                              :     26638.68    1177           22.6327
OOPS_STATS oops::Increment::schur_product_with                 :      9914.63    2340            4.2370
OOPS_STATS oops::Increment::serialSize                         :         4.73     170            0.0278
OOPS_STATS oops::Increment::toFieldSet                         :      8824.02    1247            7.0762
OOPS_STATS oops::Increment::zero                               :       113.66     118            0.9632
OOPS_STATS oops::Increment::~Increment                         :       162.63    2696            0.0603
OOPS_STATS oops::LinearObsOper::refl10cm::LinearObsOperator    :         3.80       1            3.8011
OOPS_STATS oops::LinearObsOper::refl10cm::requiredVars         :         0.08      79            0.0011
OOPS_STATS oops::LinearObsOper::refl10cm::setTrajectory        :         3.86       1            3.8597
OOPS_STATS oops::LinearObsOper::refl10cm::simulateObsAD        :         2.92      39            0.0749
OOPS_STATS oops::LinearObsOper::refl10cm::simulateObsTL        :         6.17      38            0.1623
OOPS_STATS oops::LinearObsOper::refl10cm::~LinearObsOperator   :         0.05       1            0.0484
OOPS_STATS oops::LinearVariableChange::LinearVariableChange    :         0.04       1            0.0364
OOPS_STATS oops::LinearVariableChange::changeVarAD             :      2047.30      39           52.4948
OOPS_STATS oops::LinearVariableChange::changeVarTL             :       448.79      38           11.8103
OOPS_STATS oops::LinearVariableChange::changeVarTraj           :         2.98       1            2.9796
OOPS_STATS oops::LinearVariableChange::~LinearVariableChange   :         0.05       1            0.0502
OOPS_STATS oops::LocalInterpolator::LocalInterpolator          :        51.99    2400            0.0217
OOPS_STATS oops::LocalInterpolator::apply                      :        16.15    2400            0.0067
OOPS_STATS oops::LocalInterpolator::applyAD                    :       102.16   31200            0.0033
OOPS_STATS oops::LocalInterpolator::applyTL                    :       113.35   30400            0.0037
OOPS_STATS oops::LocalInterpolator::preprocess                 :      1226.94      41           29.9253
OOPS_STATS oops::LocalInterpolator::preprocessAD               :        61.89      39            1.5869
OOPS_STATS oops::LocalInterpolator::~LocalInterpolator         :         1.44    2400            0.0006
OOPS_STATS oops::Localization::Localization                    :      7675.94       1         7675.9433
OOPS_STATS oops::Localization::multiply                        :    177203.08    1170          151.4556
OOPS_STATS oops::Localization::~Localization                   :         0.34       1            0.3429
OOPS_STATS oops::ModelAuxControl::ModelAuxControl              :         0.01       4            0.0015
OOPS_STATS oops::ModelAuxControl::print                        :         0.00       3            0.0009
OOPS_STATS oops::ModelAuxControl::~ModelAuxControl             :         0.00       4            0.0009
OOPS_STATS oops::ModelAuxCovariance::ModelAuxCovariance        :         0.00       1            0.0039
OOPS_STATS oops::ModelAuxCovariance::linearize                 :         0.00       1            0.0001
OOPS_STATS oops::ModelAuxCovariance::multiply                  :         0.01      39            0.0002
OOPS_STATS oops::ModelAuxCovariance::~ModelAuxCovariance       :         0.00       1            0.0005
OOPS_STATS oops::ModelAuxIncrement::ModelAuxIncrement          :         0.16     170            0.0010
OOPS_STATS oops::ModelAuxIncrement::axpy                       :         0.34     817            0.0004
OOPS_STATS oops::ModelAuxIncrement::diff                       :         0.00       3            0.0003
OOPS_STATS oops::ModelAuxIncrement::dot_product_with           :         0.22     897            0.0002
OOPS_STATS oops::ModelAuxIncrement::operator*=                 :         0.03      75            0.0005
OOPS_STATS oops::ModelAuxIncrement::operator+=                 :         0.06     114            0.0005
OOPS_STATS oops::ModelAuxIncrement::operator+=ModelAuxControl  :         0.00       1            0.0001
OOPS_STATS oops::ModelAuxIncrement::operator=                  :         0.01      42            0.0003
OOPS_STATS oops::ModelAuxIncrement::print                      :         0.01       7            0.0015
OOPS_STATS oops::ModelAuxIncrement::serialSize                 :         0.01     170            0.0001
OOPS_STATS oops::ModelAuxIncrement::zero                       :         0.01      39            0.0002
OOPS_STATS oops::ModelAuxIncrement::~ModelAuxIncrement         :         0.04     170            0.0002
OOPS_STATS oops::ObsAuxControl::ObsAuxControl                  :         0.15       4            0.0369
OOPS_STATS oops::ObsAuxControl::print                          :         0.00       3            0.0008
OOPS_STATS oops::ObsAuxControl::requiredHdiagnostics           :         0.00       2            0.0001
OOPS_STATS oops::ObsAuxControl::requiredVars                   :         0.00       6            0.0002
OOPS_STATS oops::ObsAuxControl::write                          :         0.10       1            0.1012
OOPS_STATS oops::ObsAuxControl::~ObsAuxControl                 :         0.01       4            0.0015
OOPS_STATS oops::ObsAuxCovariance::ObsAuxCovariance            :         0.12       1            0.1158
OOPS_STATS oops::ObsAuxCovariance::inverseMultiply             :         0.05      39            0.0013
OOPS_STATS oops::ObsAuxCovariance::linearize                   :         0.01       1            0.0136
OOPS_STATS oops::ObsAuxCovariance::multiply                    :         0.18      39            0.0046
OOPS_STATS oops::ObsAuxCovariance::preconditioner              :         0.04       1            0.0410
OOPS_STATS oops::ObsAuxCovariance::write                       :         0.02       1            0.0239
OOPS_STATS oops::ObsAuxCovariance::~ObsAuxCovariance           :         0.00       1            0.0017
OOPS_STATS oops::ObsAuxIncrement::ObsAuxIncrement              :         0.87     170            0.0051
OOPS_STATS oops::ObsAuxIncrement::axpy                         :         0.92     817            0.0011
OOPS_STATS oops::ObsAuxIncrement::diff                         :         0.02       3            0.0051
OOPS_STATS oops::ObsAuxIncrement::dot_product_with             :         0.48     897            0.0005
OOPS_STATS oops::ObsAuxIncrement::operator*=                   :         0.09      75            0.0012
OOPS_STATS oops::ObsAuxIncrement::operator+=                   :         0.16     114            0.0014
OOPS_STATS oops::ObsAuxIncrement::operator=                    :         0.03      42            0.0007
OOPS_STATS oops::ObsAuxIncrement::print                        :         0.01       7            0.0009
OOPS_STATS oops::ObsAuxIncrement::serialSize                   :         0.01     340            0.0000
OOPS_STATS oops::ObsAuxIncrement::zero                         :         0.05      39            0.0013
OOPS_STATS oops::ObsAuxIncrement::~ObsAuxIncrement             :         0.23     170            0.0013
OOPS_STATS oops::ObsAuxPreconditioner::multiply                :         0.05      39            0.0012
OOPS_STATS oops::ObsAuxPreconditioner::~ObsAuxPreconditioner   :         0.00       2            0.0019
OOPS_STATS oops::ObsDataVector::ObsDataVector                  :         0.50       4            0.1253
OOPS_STATS oops::ObsDataVector::mask                           :         0.01       2            0.0037
OOPS_STATS oops::ObsDataVector::operator=                      :         0.11       2            0.0542
OOPS_STATS oops::ObsDataVector::print                          :         0.95       2            0.4726
OOPS_STATS oops::ObsDataVector::save                           :         3.54       4            0.8849
OOPS_STATS oops::ObsDataVector::~ObsDataVector                 :         0.03       4            0.0065
OOPS_STATS oops::ObsDiagnostics::ObsDiagnostics                :         0.43       2            0.2172
OOPS_STATS oops::ObsDiagnostics::~ObsDiagnostics               :         0.02       2            0.0077
OOPS_STATS oops::ObsError::getRMSE                             :         1.80       4            0.4495
OOPS_STATS oops::ObsError::inverseMultiply                     :         0.35      40            0.0088
OOPS_STATS oops::ObsError::obserrors                           :         0.36       6            0.0601
OOPS_STATS oops::ObsError::update                              :        16.36       2            8.1811
OOPS_STATS oops::ObsError::~ObsError                           :         0.01       1            0.0082
OOPS_STATS oops::ObsOperator::refl10cm::ObsOperator            :        22.35       2           11.1744
OOPS_STATS oops::ObsOperator::refl10cm::computeReducedVars     :         0.97       3            0.3227
OOPS_STATS oops::ObsOperator::refl10cm::locations              :        11.02       3            3.6717
OOPS_STATS oops::ObsOperator::refl10cm::requiredVars           :         0.00       3            0.0016
OOPS_STATS oops::ObsOperator::refl10cm::simulateObs            :         3.58       2            1.7915
OOPS_STATS oops::ObsOperator::refl10cm::~ObsOperator           :         0.03       2            0.0145
OOPS_STATS oops::ObsSpace::ObsSpace                            :       890.78       1          890.7759
OOPS_STATS oops::ObsSpace::obsvariables                        :         0.00       3            0.0001
OOPS_STATS oops::ObsSpace::save                                :      2571.32       1         2571.3184
OOPS_STATS oops::ObsSpace::~ObsSpace                           :         0.85       1            0.8504
OOPS_STATS oops::ObsVector::ObsVector                          :         1.21      94            0.0129
OOPS_STATS oops::ObsVector::dot_product                        :         1.02       4            0.2554
OOPS_STATS oops::ObsVector::info                               :         1.36       6            0.2261
OOPS_STATS oops::ObsVector::operator*=                         :         0.01       2            0.0047
OOPS_STATS oops::ObsVector::operator-=                         :         0.02       2            0.0105
OOPS_STATS oops::ObsVector::operator=                          :         0.40       4            0.1002
OOPS_STATS oops::ObsVector::rms                                :         0.96       4            0.2410
OOPS_STATS oops::ObsVector::save                               :         0.33       6            0.0555
OOPS_STATS oops::ObsVector::zero                               :         0.04      40            0.0009
OOPS_STATS oops::ObsVector::~ObsVector                         :         0.21      94            0.0023
OOPS_STATS oops::Parameters::deserialize                       :        12.76      97            0.1316
OOPS_STATS oops::Parameters::serialize                         :         1.88      80            0.0235
OOPS_STATS oops::Run::execute                                  :    373280.62       1       373280.6236
OOPS_STATS oops::SampledLocations::SampledLocations            :         0.00       4            0.0002
OOPS_STATS oops::SampledLocations::latitudes                   :         0.00       3            0.0001
OOPS_STATS oops::SampledLocations::longitudes                  :         0.00       3            0.0000
OOPS_STATS oops::SampledLocations::times                       :         0.00       3            0.0000
OOPS_STATS oops::SampledLocations::~SampledLocations           :         3.12       8            0.3903
OOPS_STATS oops::State::State                                  :     70439.89      72          978.3318
OOPS_STATS oops::State::print                                  :        65.17       3           21.7229
OOPS_STATS oops::State::toFieldSet                             :        27.15       5            5.4307
OOPS_STATS oops::State::variables                              :         0.00      58            0.0000
OOPS_STATS oops::State::write                                  :      6027.52       1         6027.5225
OOPS_STATS oops::State::zero                                   :        63.72      30            2.1240
OOPS_STATS oops::State::~State                                 :         6.68      72            0.0927
OOPS_STATS oops::UnstructuredInterpolator::UnstructuredInterpo :        51.09    2400            0.0213
OOPS_STATS oops::UnstructuredInterpolator::apply               :       120.77   32800            0.0037
OOPS_STATS oops::UnstructuredInterpolator::applyAD             :        71.94   31200            0.0023
OOPS_STATS oops::VariableChange::VariableChange                :         0.32       3            0.1082
OOPS_STATS oops::VariableChange::changeVar                     :        20.01       3            6.6707
OOPS_STATS oops::VariableChange::~VariableChange               :         0.02       3            0.0066
OOPS_STATS oops::util::FieldSetHelpers::readFieldSet           :      7614.52       2         3807.2599
OOPS_STATS saber::Localization::Localization                   :      7675.92       1         7675.9245
OOPS_STATS saber::Localization::multiply                       :    168995.38    1170          144.4405
OOPS_STATS saber::Localization::~Localization                  :         0.00       1            0.0001
OOPS_STATS ufo::ObsFilter::ObsFilter                           :         0.95       5            0.1909
OOPS_STATS ufo::ObsFilter::checkFilterData                     :         0.01      15            0.0004
OOPS_STATS ufo::ObsFilter::postFilter                          :        29.84       5            5.9675
OOPS_STATS ufo::ObsFilter::preProcess                          :         0.01       5            0.0020
OOPS_STATS ufo::ObsFilter::priorFilter                         :         0.05       5            0.0099
OOPS_STATS ufo::ObsFilter::~ObsFilter                          :        15.44       9            1.7158
OOPS_STATS util::Timers::measured                              :    372819.57       1       372819.5660
OOPS_STATS ------------------------------------ Timing Statistics -------------------------------------

OOPS_STATS ------------------------------------------------------------------------------------------------------------------
OOPS_STATS ---------------------------------- Parallel Timing Statistics ( 800 MPI tasks) -----------------------------------
OOPS_STATS ------------------------------------------------------------------------------------------------------------------
OOPS_STATS Name                                                :     min (ms)    max (ms)    avg (ms)     % total   imbal (%)
OOPS_STATS oops::Covariance::EnsembleCovariance                :     76370.49    76371.68    76371.01       20.46        0.00
OOPS_STATS oops::Covariance::ensemble::multiply                :    213227.25   213743.43   213546.77       57.20        0.24
OOPS_STATS oops::Diffusion::multiplySqrtAD                     :     52659.53    54564.84    53703.07       14.39        3.55
OOPS_STATS oops::Diffusion::multiplySqrtTL                     :     41954.02    47307.94    45077.40       12.08       11.88
OOPS_STATS oops::Geometry::Geometry                            :     44503.59    45714.42    45645.90       12.23        2.65
OOPS_STATS oops::Geometry::~Geometry                           :       351.68      520.51      444.59        0.12       37.97
OOPS_STATS oops::GeometryData::setGlobalTree                   :      1802.21     1940.73     1884.87        0.50        7.35
OOPS_STATS oops::GetValues::fillGeoVaLsTL                      :       276.25      776.31      600.95        0.16       83.21
OOPS_STATS oops::GetValues::finalizeAD                         :       493.57      973.21      593.78        0.16       80.78
OOPS_STATS oops::Increment::Increment                          :     21545.01    26109.59    23702.26        6.35       19.26
OOPS_STATS oops::Increment::axpy                               :      4280.20     5444.73     4909.27        1.32       23.72
OOPS_STATS oops::Increment::dot_product_with                   :      6772.02     8225.62     7356.05        1.97       19.76
OOPS_STATS oops::Increment::fromFieldSet                       :      8790.46    12251.71     9811.11        2.63       35.28
OOPS_STATS oops::Increment::operator+=                         :      8538.63    10191.14     9509.94        2.55       17.38
OOPS_STATS oops::Increment::operator=                          :      3849.34     6105.98     5216.78        1.40       43.26
OOPS_STATS oops::Increment::print                              :     24468.41    33365.98    27839.26        7.46       31.96
OOPS_STATS oops::Increment::schur_product_with                 :      7790.99    12492.35    10899.09        2.92       43.14
OOPS_STATS oops::Increment::toFieldSet                         :      8483.24    14382.81    10169.36        2.72       58.01
OOPS_STATS oops::LinearVariableChange::changeVarAD             :      1640.29     2733.11     2127.01        0.57       51.38
OOPS_STATS oops::LinearVariableChange::changeVarTL             :       395.80      725.91      501.10        0.13       65.88
OOPS_STATS oops::LocalInterpolator::preprocess                 :        70.79     1280.45     1229.97        0.33       98.35
OOPS_STATS oops::Localization::Localization                    :      7594.77     7836.23     7668.38        2.05        3.15
OOPS_STATS oops::Localization::multiply                        :    175832.54   185828.52   178234.45       47.74        5.61
OOPS_STATS oops::ObsSpace::ObsSpace                            :       775.46      895.27      852.01        0.23       14.06
OOPS_STATS oops::ObsSpace::save                                :      2407.09     2572.00     2480.56        0.66        6.65
OOPS_STATS oops::State::State                                  :     70340.76    70648.34    70459.02       18.87        0.44
OOPS_STATS oops::State::write                                  :      4861.39     6054.12     6028.96        1.62       19.78
OOPS_STATS oops::util::FieldSetHelpers::readFieldSet           :      7400.48     7614.52     7467.07        2.00        2.87
OOPS_STATS saber::Localization::Localization                   :      7594.76     7836.20     7668.36        2.05        3.15
OOPS_STATS saber::Localization::multiply                       :    165911.03   172934.46   168387.17       45.11        4.17
OOPS_STATS util::Timers::measured                              :    372819.57   373099.56   373010.73       99.92        0.08
OOPS_STATS oops::Run::execute                                  :    373246.37   373359.98   373307.46      100.00        0.03
OOPS_STATS ---------------------------------- Parallel Timing Statistics ( 800 MPI tasks) -----------------------------------

OOPS_STATS Run end                                  - Runtime:    374.19 sec,  Memory: total:  4016.02 GB, per task: min =     4.71 GB, max =     7.02 GB
Run: Finishing oops::Variational<MPAS, UFO and IODA observations> with status = 0
OOPS Ending   2026-06-05 07:36:20 (UTC+0000)
