Configuration input file is: jedivar.pass2.yaml
Full configuration is:YAMLConfiguration[path=jedivar.pass2.yaml, root={_member => {date => 2026-05-31T07:00:00Z , state variables => (water_vapor_mixing_ratio_wrt_moist_air,air_pressure_at_surface,air_temperature,northward_wind,eastward_wind,cloud_liquid_water,cloud_liquid_ice,rain_water,snow_water,graupel,equivalent_reflectivity_factor,upward_air_velocity) , stream name => ensemble} , output => {filename => mpasout.nc , stream name => analysis} , variational => {minimizer => {algorithm => DRPCG} , iterations => ({geometry => {nml_file => ./namelist.atmosphere , streams_file => ./streams.atmosphere , deallocate non-da fields => true , interpolation type => unstructured} , gradient norm reduction => 0.001 , ninner => 75})} , cost function => {cost type => 3D-Var , time window => {begin => 2026-05-31T05:00:00Z , length => PT4H} , jb evaluation => false , geometry => {nml_file => ./namelist.atmosphere , streams_file => ./streams.atmosphere , deallocate non-da fields => true , interpolation type => unstructured} , analysis variables => (water_vapor_mixing_ratio_wrt_moist_air,air_pressure_at_surface,air_temperature,northward_wind,eastward_wind,cloud_liquid_water,cloud_liquid_ice,rain_water,snow_water,graupel,equivalent_reflectivity_factor,upward_air_velocity) , background => {state variables => (water_vapor_mixing_ratio_wrt_moist_air,air_pressure_at_surface,air_temperature,northward_wind,eastward_wind,air_potential_temperature,dry_air_density,u,water_vapor_mixing_ratio_wrt_dry_air,air_pressure,landmask,seaice_fraction,snowc,skin_temperature_at_surface,ivgtyp,isltyp,snowh,vegetation_area_fraction,air_temperature_at_2m,water_vapor_mixing_ratio_wrt_moist_air_at_2m,eastward_wind_at_10m,northward_wind_at_10m,lai,smois,tslb,pressure_p,cloud_liquid_water,cloud_liquid_ice,graupel,rain_water,snow_water,cldfrac,equivalent_reflectivity_factor,w,upward_air_velocity) , filename => mpasout.nc , date => 2026-05-31T07:00:00Z} , background error => {covariance model => ensemble , localization => {localization method => SABER , saber central block => {saber block name => diffusion , active variables => (water_vapor_mixing_ratio_wrt_moist_air,air_pressure_at_surface,air_temperature,northward_wind,eastward_wind,cloud_liquid_water,cloud_liquid_ice,rain_water,snow_water,graupel,equivalent_reflectivity_factor,upward_air_velocity) , read => {groups => ({variables => (water_vapor_mixing_ratio_wrt_moist_air,air_pressure_at_surface,air_temperature,northward_wind,eastward_wind,cloud_liquid_water,cloud_liquid_ice,rain_water,snow_water,graupel,equivalent_reflectivity_factor,upward_air_velocity) , multivariate strategy => duplicated , horizontal => {filepath => data/diffusionloc/mpas_conus3km.diffusion_hz} , vertical => {levels => 59 , filepath => data/diffusionloc/mpas_conus3km.diffusion_vt}})}}} , members from template => {template => {date => 2026-05-31T07:00:00Z , state variables => (water_vapor_mixing_ratio_wrt_moist_air,air_pressure_at_surface,air_temperature,northward_wind,eastward_wind,cloud_liquid_water,cloud_liquid_ice,rain_water,snow_water,graupel,equivalent_reflectivity_factor,upward_air_velocity) , stream name => ensemble , filename => ./data/ens/mem%iMember%.nc} , pattern => %iMember% , start => 1 , zero padding => 3 , nmembers => 30}} , observations => {observers => ({obs space => {name => refl10cm , distribution => {name => RoundRobin , halo size => 500000} , obsdatain => {engine => {type => H5File , obsfile => data/obs/ioda_mrms_refl.nc , missing file action => warn}} , obsdataout => {engine => {type => H5File , allow overwrite => true , obsfile => jdiag_mrms_refl.nc}} , io pool => {write multiple files => false} , _source => mrms , simulated variables => (equivalentReflectivityFactor)} , obs operator => {name => VertInterp , vertical coordinate => height_above_mean_sea_level , observation vertical coordinate => height , interpolation method => linear , observation alias file => obsop_name_map.yaml} , obs localizations => ({localization method => Horizontal Gaspari-Cohn , lengthscale => 200000}) , _obsname => refl10cm , obs filters => ({filter => Background Check , filter variables => ({name => equivalentReflectivityFactor}) , threshold => 12 , action => {name => reject}})})}}}]
OOPS_STATS ObjectCountHelper started.
OOPS_STATS Run start                                - Runtime:      1.14 sec,  Memory: total:   104.17 GB, per task: min =   128.97 MB, max =   130.55 MB
Run: Starting oops::Variational<MPAS, UFO and IODA observations>
OOPS_STATS Variational start                        - Runtime:     1.14 sec,  Local Memory:   130.55 MB
==> create geom
atlas::mpi::push(world)
Increase halo 1
atlas::mpi::pop(world)
atlas::mpi::push(world)
atlas::mpi::pop(world)
atlas::mpi::push(world)
atlas::mpi::pop(world)
atlas::mpi::push(world)
atlas::mpi::pop(world)
refl10cm: read database from data/obs/ioda_mrms_refl.nc (io pool size: 800)
refl10cm processed vars: 1 Variables: equivalentReflectivityFactor
refl10cm assimilated vars: 1 Variables: equivalentReflectivityFactor
refl10cm: 0 observations are outside of time window out of 3892639
refl10cm: 0 observations were rejected by QC checks out of 3892639
No bias-correction is performed for this ObsSpace.
3DVar window: TimeWindow: start = 2026-05-31T05:00:00Z, end = 2026-05-31T09:00:00Z, inclusive upper bound.

OOPS_STATS IncrementalAssimilation start            - Runtime:    35.73 sec,  Local Memory:     2.50 GB
Running incremental assimilation with 1 outer iterations.
Minimizer algorithm=DRPCG
QNewtonLMP: maxouter : 1
IncrementalAssimilation: Configuration for outer iteration 0:
LocalConfiguration[root={geometry => {nml_file => ./namelist.atmosphere , streams_file => ./streams.atmosphere , deallocate non-da fields => true , interpolation type => unstructured} , gradient norm reduction => 0.001 , ninner => 75 , iteration => 0 , total iterations => 1}]
OOPS_STATS IncrementalAssimilation iteration 0      - Runtime:    35.73 sec,  Local Memory:     2.50 GB
==> create geom
atlas::mpi::push(world)
Increase halo 1
atlas::mpi::pop(world)
atlas::mpi::push(world)
atlas::mpi::pop(world)
atlas::mpi::push(world)
atlas::mpi::pop(world)
atlas::mpi::push(world)
atlas::mpi::pop(world)
Key "mesh[address=0x48c73f0],halo[size=1]" not found in cache "NodeColumnsHaloExchangeCache" , creating new, removable with key "mesh[address=0x48c73f0],halo[size=1]"
Key "mesh[address=0x7d43f90],halo[size=1]" not found in cache "NodeColumnsHaloExchangeCache" , creating new, removable with key "mesh[address=0x7d43f90],halo[size=1]"
processWhere: selected 0 obs.
BackgroundCheck obserr: 
refl10cm equivalentReflectivityFactor nlocs = 3892639, nobs = 3892639, min = 5, max = 5, avg = 5
processing a float: 12
ObsErrorDiagonal covariance updated 3758832
Observer::finalize QC = 
refl10cm equivalentReflectivityFactor nlocs = 3892639, nobs = 3892639, min = 0, max = 19, avg = 0
CostJo Observations: 
refl10cm nobs= 3892639 Min=0, Max=56.0713, RMS=4.29827

Jo Observations:
Jo Obs :refl10cm:equivalentReflectivityFactor   : Nobs=  3758832, Min= 0.000000e+00, Max= 5.607133e+01, RMS= 4.301228e+00
Jo Observations Equivalent:
Jo H(x):refl10cm:equivalentReflectivityFactor   : Nobs=  3758832, Min= 0.000000e+00, Max= 5.907290e+01, RMS= 3.953240e+00
Jo Bias Corrected Departures:
Jo Dep :refl10cm:equivalentReflectivityFactor   : Nobs=  3758832, Min=-5.607133e+01, Max= 5.893721e+01, RMS= 3.801775e+00
Jo Observations Errors:
UFO Diagonal observation error covariance, inverse variances: refl10cm nobs= 3758832 Min=0.04, Max=0.04, RMS=0.04



CostJo   : Nonlinear Jo(refl10cm) = 1.08657e+06, nobs = 3758832, Jo/n = 0.28907, err = 5
CostJo   : Nonlinear Jo = 1.08657e+06
Increment:diff x1 4
Increment:diff x2 35
Increment:diff x1 5
Increment:diff x2 36
Increment:diff x1 6
Increment:diff x2 37
Increment:diff x1 7
Increment:diff x2 38
Increment:diff x1 8
Increment:diff x2 39
Increment:diff x1 9
Increment:diff x2 40
Increment:diff x1 10
Increment:diff x2 41
Increment:diff x1 11
Increment:diff x2 42
Increment:diff x1 12
Increment:diff x2 43
Increment:diff x1 13
Increment:diff x2 44
Increment:diff x1 14
Increment:diff x2 45
Increment:diff x1 15
Increment:diff x2 46
Increment:diff x1 16
Increment:diff x2 47
Increment:diff x1 17
Increment:diff x2 48
Increment:diff x1 18
Increment:diff x2 49
Increment:diff x1 19
Increment:diff x2 50
Increment:diff x1 20
Increment:diff x2 51
Increment:diff x1 21
Increment:diff x2 52
Increment:diff x1 22
Increment:diff x2 53
Increment:diff x1 23
Increment:diff x2 54
Increment:diff x1 24
Increment:diff x2 55
Increment:diff x1 25
Increment:diff x2 56
Increment:diff x1 26
Increment:diff x2 57
Increment:diff x1 27
Increment:diff x2 58
Increment:diff x1 28
Increment:diff x2 59
Increment:diff x1 29
Increment:diff x2 60
Increment:diff x1 30
Increment:diff x2 61
Increment:diff x1 31
Increment:diff x2 62
Increment:diff x1 32
Increment:diff x2 63
Increment:diff x1 33
Increment:diff x2 64
Info     : Prepare ensemble configuration
Info     : Read full ensemble
Info     : Creating central block: 
Info     : SaberCentralBlock using multivariate strategy: deprecated
Info     : Creating single central block.
Info     : Read data

==================================================================================
 saber::Diffusion read
----------------------------------------------------------------------------------

group 1 of 1
atlas::mpi::push(world)
atlas::mpi::pop(world)
variables: [water_vapor_mixing_ratio_wrt_moist_air,air_pressure_at_surface,air_temperature,northward_wind,eastward_wind,cloud_liquid_water,cloud_liquid_ice,rain_water,snow_water,graupel,equivalent_reflectivity_factor,upward_air_velocity]
multivariate strategy: duplicated
Reading horizontal parameters
  levels: 1
Key "mesh[address=0x7d43f90]" not found in cache "NodeColumnsGatherScatterCache" , creating new, removable with key "mesh[address=0x7d43f90]"
  Info     : Reading file: data/diffusionloc/mpas_conus3km.diffusion_hz.nc
atlas::mpi::push(world)
atlas::mpi::pop(world)
  hzScales:  min: 4087.19  mean: 4087.19  max: 4087.19
  hzNorm:    min: 2.4414  mean: 3.71484  max: 4.05626
Reading vertical parameters
  levels: 59
  vertical strategy: normal
  Info     : Reading file: data/diffusionloc/mpas_conus3km.diffusion_vt.nc
atlas::mpi::push(world)
atlas::mpi::pop(world)
  vtScales:  min: 11  mean: 11  max: 11
  vtNorm:    min: 3.7178  mean: 4.83632  max: 5.25235
Diffusion: horizontal iterations: 6
Diffusion: vertical iterations: 242
Increment:diff x1 2
Increment:diff x2 1
==================================================================================

CostJb: FG-BG
  Valid time: 2026-05-31T07:00:00Z
  Resolution: nCellsGlobal = 2341818, nFields = 12
Fld=1  Min=0, Max=0, RMS=0 : water_vapor_mixing_ratio_wrt_moist_air
Fld=2  Min=0, Max=0, RMS=0 : air_pressure_at_surface
Fld=3  Min=0, Max=0, RMS=0 : air_temperature
Fld=4  Min=0, Max=0, RMS=0 : northward_wind
Fld=5  Min=0, Max=0, RMS=0 : eastward_wind
Fld=6  Min=0, Max=0, RMS=0 : cloud_liquid_water
Fld=7  Min=0, Max=0, RMS=0 : cloud_liquid_ice
Fld=8  Min=0, Max=0, RMS=0 : rain_water
Fld=9  Min=0, Max=0, RMS=0 : snow_water
Fld=10  Min=0, Max=0, RMS=0 : graupel
Fld=11  Min=0, Max=0, RMS=0 : equivalent_reflectivity_factor
Fld=12  Min=0, Max=0, RMS=0 : upward_air_velocity
Increment:diff x1 2
Increment:diff x2 1
CostJb: FG-BG
  Valid time: 2026-05-31T07:00:00Z
  Resolution: nCellsGlobal = 2341818, nFields = 12
Fld=1  Min=0, Max=0, RMS=0 : water_vapor_mixing_ratio_wrt_moist_air
Fld=2  Min=0, Max=0, RMS=0 : air_pressure_at_surface
Fld=3  Min=0, Max=0, RMS=0 : air_temperature
Fld=4  Min=0, Max=0, RMS=0 : northward_wind
Fld=5  Min=0, Max=0, RMS=0 : eastward_wind
Fld=6  Min=0, Max=0, RMS=0 : cloud_liquid_water
Fld=7  Min=0, Max=0, RMS=0 : cloud_liquid_ice
Fld=8  Min=0, Max=0, RMS=0 : rain_water
Fld=9  Min=0, Max=0, RMS=0 : snow_water
Fld=10  Min=0, Max=0, RMS=0 : graupel
Fld=11  Min=0, Max=0, RMS=0 : equivalent_reflectivity_factor
Fld=12  Min=0, Max=0, RMS=0 : upward_air_velocity
CostFunction: Nonlinear J = 1.08657e+06
OOPS_STATS IncrementalAssimilation linearize 0      - Runtime:   118.55 sec,  Local Memory:     7.26 GB

DRPCGMinimizer: max iter = 75, requested norm reduction = 0.001
CostFunction::computeGradientFG: gradient:
  Valid time: 2026-05-31T07:00:00Z
  Resolution: nCellsGlobal = 2341818, nFields = 12
Fld=1  Min=0, Max=0, RMS=0 : water_vapor_mixing_ratio_wrt_moist_air
Fld=2  Min=0, Max=0, RMS=0 : air_pressure_at_surface
Fld=3  Min=0, Max=0, RMS=0 : air_temperature
Fld=4  Min=0, Max=0, RMS=0 : northward_wind
Fld=5  Min=0, Max=0, RMS=0 : eastward_wind
Fld=6  Min=0, Max=0, RMS=0 : cloud_liquid_water
Fld=7  Min=0, Max=0, RMS=0 : cloud_liquid_ice
Fld=8  Min=0, Max=0, RMS=0 : rain_water
Fld=9  Min=0, Max=0, RMS=0 : snow_water
Fld=10  Min=0, Max=0, RMS=0 : graupel
Fld=11  Min=-1.69763, Max=1.94117, RMS=0.0146082 : equivalent_reflectivity_factor
Fld=12  Min=0, Max=0, RMS=0 : upward_air_velocity
DRPCGMinimizer rhs
  Valid time: 2026-05-31T07:00:00Z
  Resolution: nCellsGlobal = 2341818, nFields = 12
Fld=1  Min=-0, Max=-0, RMS=0 : water_vapor_mixing_ratio_wrt_moist_air
Fld=2  Min=-0, Max=-0, RMS=0 : air_pressure_at_surface
Fld=3  Min=-0, Max=-0, RMS=0 : air_temperature
Fld=4  Min=-0, Max=-0, RMS=0 : northward_wind
Fld=5  Min=-0, Max=-0, RMS=0 : eastward_wind
Fld=6  Min=-0, Max=-0, RMS=0 : cloud_liquid_water
Fld=7  Min=-0, Max=-0, RMS=0 : cloud_liquid_ice
Fld=8  Min=-0, Max=-0, RMS=0 : rain_water
Fld=9  Min=-0, Max=-0, RMS=0 : snow_water
Fld=10  Min=-0, Max=-0, RMS=0 : graupel
Fld=11  Min=-1.94117, Max=1.69763, RMS=0.0146082 : equivalent_reflectivity_factor
Fld=12  Min=-0, Max=-0, RMS=0 : upward_air_velocity
Initial RHS squared norm = 29484.7
OOPS_STATS DRPCG start                              - Runtime:   118.70 sec,  Local Memory:     7.26 GB
normr0 29484.7
  Residual norm ( 0) = 7320.060251027197
  Norm reduction ( 0) = 1

  Quadratic cost function: J   ( 0) = 1086565.075665931
  Quadratic cost function: Jb  ( 0) = 0
  Quadratic cost function: JoJc( 0) = 1086565.075665931


 DRPCG Starting Iteration 1
OOPS_STATS DRPCG iteration 1                        - Runtime:   125.87 sec,  Local Memory:     7.26 GB
rdots 1.85328e+07      iteration    0
DRPCG end of iteration 1
  Residual norm ( 1) = 4304.97778710807
  Norm reduction ( 1) = 0.5881068788339505

  Quadratic cost function: J   ( 1) = 664144.6022440896
  Quadratic cost function: Jb  ( 1) = 6660.251087417796
  Quadratic cost function: JoJc( 1) = 657484.3511566718

 DRPCG Starting Iteration 2
OOPS_STATS DRPCG iteration 2                        - Runtime:   132.11 sec,  Local Memory:     7.26 GB
rdots 8.64426e+06      iteration    1
DRPCG end of iteration 2
  Residual norm ( 2) = 2940.111744500281
  Norm reduction ( 2) = 0.4016513039066456

  Quadratic cost function: J   ( 2) = 521808.6577001795
  Quadratic cost function: Jb  ( 2) = 14091.16369900014
  Quadratic cost function: JoJc( 2) = 507717.4940011794

 DRPCG Starting Iteration 3
OOPS_STATS DRPCG iteration 3                        - Runtime:   137.90 sec,  Local Memory:     7.26 GB
rdots 4.72159e+06      iteration    2
DRPCG end of iteration 3
  Residual norm ( 3) = 2172.92209710213
  Norm reduction ( 3) = 0.2968448376906749

  Quadratic cost function: J   ( 3) = 451637.7169481922
  Quadratic cost function: Jb  ( 3) = 21059.62821241234
  Quadratic cost function: JoJc( 3) = 430578.0887357799

 DRPCG Starting Iteration 4
OOPS_STATS DRPCG iteration 4                        - Runtime:   143.76 sec,  Local Memory:     7.26 GB
rdots 2.85347e+06      iteration    3
DRPCG end of iteration 4
  Residual norm ( 4) = 1689.22098011457
  Norm reduction ( 4) = 0.2307659940199984

  Quadratic cost function: J   ( 4) = 408254.4200435509
  Quadratic cost function: Jb  ( 4) = 28020.43952080288
  Quadratic cost function: JoJc( 4) = 380233.980522748

 DRPCG Starting Iteration 5
OOPS_STATS DRPCG iteration 5                        - Runtime:   149.65 sec,  Local Memory:     7.26 GB
rdots 1.91823e+06      iteration    4
DRPCG end of iteration 5
  Residual norm ( 5) = 1385.002517909634
  Norm reduction ( 5) = 0.1892064368889972

  Quadratic cost function: J   ( 5) = 380625.8573607156
  Quadratic cost function: Jb  ( 5) = 34558.38974280249
  Quadratic cost function: JoJc( 5) = 346067.4676179131

 DRPCG Starting Iteration 6
rdots 1.36321e+06      iteration    5
DRPCG end of iteration 6
  Residual norm ( 6) = 1167.563849018183
  Norm reduction ( 6) = 0.1595019451997466

  Quadratic cost function: J   ( 6) = 363282.4551697959
  Quadratic cost function: Jb  ( 6) = 40146.90797089948
  Quadratic cost function: JoJc( 6) = 323135.5471988964

 DRPCG Starting Iteration 7
rdots 905809      iteration    6
DRPCG end of iteration 7
  Residual norm ( 7) = 951.7401454132344
  Norm reduction ( 7) = 0.1300180753675736

  Quadratic cost function: J   ( 7) = 350440.3272547922
  Quadratic cost function: Jb  ( 7) = 45513.01750257026
  Quadratic cost function: JoJc( 7) = 304927.309752222

 DRPCG Starting Iteration 8
rdots 622981      iteration    7
DRPCG end of iteration 8
  Residual norm ( 8) = 789.2913044447829
  Norm reduction ( 8) = 0.1078257934193949

  Quadratic cost function: J   ( 8) = 340787.3279217323
  Quadratic cost function: Jb  ( 8) = 50623.22133829472
  Quadratic cost function: JoJc( 8) = 290164.1065834376

 DRPCG Starting Iteration 9
rdots 464858      iteration    8
DRPCG end of iteration 9
  Residual norm ( 9) = 681.8051016736821
  Norm reduction ( 9) = 0.09314200679946684

  Quadratic cost function: J   ( 9) = 334010.7386233425
  Quadratic cost function: Jb  ( 9) = 55050.49153025572
  Quadratic cost function: JoJc( 9) = 278960.2470930868

 DRPCG Starting Iteration 10
OOPS_STATS DRPCG iteration 10                       - Runtime:   179.60 sec,  Local Memory:     7.26 GB
rdots 338057      iteration    9
DRPCG end of iteration 10
  Residual norm (10) = 581.4265071831355
  Norm reduction (10) = 0.07942919692519554

  Quadratic cost function: J   (10) = 329198.3586661714
  Quadratic cost function: Jb  (10) = 58820.01790242118
  Quadratic cost function: JoJc(10) = 270378.3407637503

 DRPCG Starting Iteration 11
rdots 273685      iteration    10
DRPCG end of iteration 11
  Residual norm (11) = 523.1494017546599
  Norm reduction (11) = 0.07146790925405953

  Quadratic cost function: J   (11) = 325993.1827063231
  Quadratic cost function: Jb  (11) = 61744.27248871312
  Quadratic cost function: JoJc(11) = 264248.91021761

 DRPCG Starting Iteration 12
rdots 191130      iteration    11
DRPCG end of iteration 12
  Residual norm (12) = 437.1845741258155
  Norm reduction (12) = 0.05972417700584733

  Quadratic cost function: J   (12) = 323478.1833889855
  Quadratic cost function: Jb  (12) = 64367.72153432811
  Quadratic cost function: JoJc(12) = 259110.4618546574

 DRPCG Starting Iteration 13
rdots 133421      iteration    12
DRPCG end of iteration 13
  Residual norm (13) = 365.2684175260308
  Norm reduction (13) = 0.04989964631435568

  Quadratic cost function: J   (13) = 321540.2376348223
  Quadratic cost function: Jb  (13) = 66661.14648880603
  Quadratic cost function: JoJc(13) = 254879.0911460162

 DRPCG Starting Iteration 14
rdots 106143      iteration    13
DRPCG end of iteration 14
  Residual norm (14) = 325.7955324662911
  Norm reduction (14) = 0.04450722006291866

  Quadratic cost function: J   (14) = 320120.4507144674
  Quadratic cost function: Jb  (14) = 68549.97185581067
  Quadratic cost function: JoJc(14) = 251570.4788586568

 DRPCG Starting Iteration 15
OOPS_STATS DRPCG iteration 15                       - Runtime:   209.83 sec,  Local Memory:     7.26 GB
rdots 73897.4      iteration    14
DRPCG end of iteration 15
  Residual norm (15) = 271.8407999104851
  Norm reduction (15) = 0.03713641562886571

  Quadratic cost function: J   (15) = 319097.8003657585
  Quadratic cost function: Jb  (15) = 70061.07568541715
  Quadratic cost function: JoJc(15) = 249036.7246803413

 DRPCG Starting Iteration 16
rdots 54436.2      iteration    15
DRPCG end of iteration 16
  Residual norm (16) = 233.3157281529631
  Norm reduction (16) = 0.03187347100322334

  Quadratic cost function: J   (16) = 318340.6160000286
  Quadratic cost function: Jb  (16) = 71291.45849880292
  Quadratic cost function: JoJc(16) = 247049.1575012257

 DRPCG Starting Iteration 17
rdots 37828.6      iteration    16
DRPCG end of iteration 17
  Residual norm (17) = 194.4956566477871
  Norm reduction (17) = 0.02657022619731773

  Quadratic cost function: J   (17) = 317779.2007586332
  Quadratic cost function: Jb  (17) = 72288.08942164876
  Quadratic cost function: JoJc(17) = 245491.1113369844

 DRPCG Starting Iteration 18
rdots 28010.6      iteration    17
DRPCG end of iteration 18
  Residual norm (18) = 167.3635772555397
  Norm reduction (18) = 0.02286368848289933

  Quadratic cost function: J   (18) = 317349.9188909977
  Quadratic cost function: Jb  (18) = 73117.33682934908
  Quadratic cost function: JoJc(18) = 244232.5820616486

 DRPCG Starting Iteration 19
rdots 21939.2      iteration    18
DRPCG end of iteration 19
  Residual norm (19) = 148.1187642004793
  Norm reduction (19) = 0.02023463730092855

  Quadratic cost function: J   (19) = 317049.8394418583
  Quadratic cost function: Jb  (19) = 73744.56329279707
  Quadratic cost function: JoJc(19) = 243305.2761490613

 DRPCG Starting Iteration 20
OOPS_STATS DRPCG iteration 20                       - Runtime:   238.95 sec,  Local Memory:     7.26 GB
rdots 17398      iteration    19
DRPCG end of iteration 20
  Residual norm (20) = 131.9016249217665
  Norm reduction (20) = 0.01801919935061425

  Quadratic cost function: J   (20) = 316843.6528658884
  Quadratic cost function: Jb  (20) = 74206.48036514121
  Quadratic cost function: JoJc(20) = 242637.1725007472

 DRPCG Starting Iteration 21
rdots 11638.8      iteration    20
DRPCG end of iteration 21
  Residual norm (21) = 107.8833680507322
  Norm reduction (21) = 0.0147380437251993

  Quadratic cost function: J   (21) = 316678.7165785932
  Quadratic cost function: Jb  (21) = 74600.56625887894
  Quadratic cost function: JoJc(21) = 242078.1503197143

 DRPCG Starting Iteration 22
rdots 8168.45      iteration    21
DRPCG end of iteration 22
  Residual norm (22) = 90.37949504942368
  Norm reduction (22) = 0.01234682392631141

  Quadratic cost function: J   (22) = 316553.4126402708
  Quadratic cost function: Jb  (22) = 74919.58319254464
  Quadratic cost function: JoJc(22) = 241633.8294477261

 DRPCG Starting Iteration 23
rdots 6378.13      iteration    22
DRPCG end of iteration 23
  Residual norm (23) = 79.86318332001424
  Norm reduction (23) = 0.01091018114349637

  Quadratic cost function: J   (23) = 316462.7783360236
  Quadratic cost function: Jb  (23) = 75164.81698703495
  Quadratic cost function: JoJc(23) = 241297.9613489886

 DRPCG Starting Iteration 24
rdots 4909.04      iteration    23
DRPCG end of iteration 24
  Residual norm (24) = 70.06457318504336
  Norm reduction (24) = 0.00957158421957134

  Quadratic cost function: J   (24) = 316401.1743827186
  Quadratic cost function: Jb  (24) = 75340.96494289467
  Quadratic cost function: JoJc(24) = 241060.209439824

 DRPCG Starting Iteration 25
OOPS_STATS DRPCG iteration 25                       - Runtime:   269.06 sec,  Local Memory:     7.26 GB
rdots 3657.66      iteration    24
DRPCG end of iteration 25
  Residual norm (25) = 60.47856369759991
  Norm reduction (25) = 0.008262030860895327

  Quadratic cost function: J   (25) = 316355.8580204663
  Quadratic cost function: Jb  (25) = 75477.17089446582
  Quadratic cost function: JoJc(25) = 240878.6871260005

 DRPCG Starting Iteration 26
rdots 2475.64      iteration    25
DRPCG end of iteration 26
  Residual norm (26) = 49.75582335985195
  Norm reduction (26) = 0.006797187680643735

  Quadratic cost function: J   (26) = 316320.9239537197
  Quadratic cost function: Jb  (26) = 75587.33269717463
  Quadratic cost function: JoJc(26) = 240733.591256545

 DRPCG Starting Iteration 27
rdots 1718.96      iteration    26
DRPCG end of iteration 27
  Residual norm (27) = 41.46030569003533
  Norm reduction (27) = 0.005663929567276084

  Quadratic cost function: J   (27) = 316293.7823920753
  Quadratic cost function: Jb  (27) = 75677.13881536832
  Quadratic cost function: JoJc(27) = 240616.643576707

 DRPCG Starting Iteration 28
rdots 1303.53      iteration    27
DRPCG end of iteration 28
  Residual norm (28) = 36.10449414871215
  Norm reduction (28) = 0.004932267346248377

  Quadratic cost function: J   (28) = 316273.3829189849
  Quadratic cost function: Jb  (28) = 75747.98934844637
  Quadratic cost function: JoJc(28) = 240525.3935705385

 DRPCG Starting Iteration 29
rdots 990.486      iteration    28
DRPCG end of iteration 29
  Residual norm (29) = 31.47199467209215
  Norm reduction (29) = 0.004299417435488431

  Quadratic cost function: J   (29) = 316259.4448988049
  Quadratic cost function: Jb  (29) = 75798.66874725692
  Quadratic cost function: JoJc(29) = 240460.776151548

 DRPCG Starting Iteration 30
OOPS_STATS DRPCG iteration 30                       - Runtime:   300.55 sec,  Local Memory:     7.26 GB
rdots 748.049      iteration    29
DRPCG end of iteration 30
  Residual norm (30) = 27.35047555543897
  Norm reduction (30) = 0.003736373010263265

  Quadratic cost function: J   (30) = 316249.422934651
  Quadratic cost function: Jb  (30) = 75836.67001180412
  Quadratic cost function: JoJc(30) = 240412.7529228469

 DRPCG Starting Iteration 31
rdots 532.115      iteration    30
DRPCG end of iteration 31
  Residual norm (31) = 23.06762624837589
  Norm reduction (31) = 0.003151289122946617

  Quadratic cost function: J   (31) = 316242.0555586396
  Quadratic cost function: Jb  (31) = 75865.73397853784
  Quadratic cost function: JoJc(31) = 240376.3215801017

 DRPCG Starting Iteration 32
rdots 364.805      iteration    31
DRPCG end of iteration 32
  Residual norm (32) = 19.09986228795443
  Norm reduction (32) = 0.002609249327595932

  Quadratic cost function: J   (32) = 316236.2784529242
  Quadratic cost function: Jb  (32) = 75889.43567017253
  Quadratic cost function: JoJc(32) = 240346.8427827517

 DRPCG Starting Iteration 33
rdots 252.352      iteration    32
DRPCG end of iteration 33
  Residual norm (33) = 15.88557683317269
  Norm reduction (33) = 0.002170142907081063

  Quadratic cost function: J   (33) = 316232.0463602608
  Quadratic cost function: Jb  (33) = 75907.49441008334
  Quadratic cost function: JoJc(33) = 240324.5519501775

 DRPCG Starting Iteration 34
rdots 176.103      iteration    33
DRPCG end of iteration 34
  Residual norm (34) = 13.2703874683529
  Norm reduction (34) = 0.00181287954105169

  Quadratic cost function: J   (34) = 316228.8717697484
  Quadratic cost function: Jb  (34) = 75921.5811696052
  Quadratic cost function: JoJc(34) = 240307.2906001432

 DRPCG Starting Iteration 35
OOPS_STATS DRPCG iteration 35                       - Runtime:   332.16 sec,  Local Memory:     7.26 GB
rdots 130.917      iteration    34
DRPCG end of iteration 35
  Residual norm (35) = 11.44190777115939
  Norm reduction (35) = 0.001563089288719146

  Quadratic cost function: J   (35) = 316226.7316253362
  Quadratic cost function: Jb  (35) = 75931.44271214394
  Quadratic cost function: JoJc(35) = 240295.2889131923

 DRPCG Starting Iteration 36
rdots 92.8087      iteration    35
DRPCG end of iteration 36
  Residual norm (36) = 9.633727630223072
  Norm reduction (36) = 0.001316072176983954

  Quadratic cost function: J   (36) = 316225.1727379897
  Quadratic cost function: Jb  (36) = 75938.88716208245
  Quadratic cost function: JoJc(36) = 240286.2855759072

 DRPCG Starting Iteration 37
rdots 66.4471      iteration    36
DRPCG end of iteration 37
  Residual norm (37) = 8.15151020976611
  Norm reduction (37) = 0.001113585125016183

  Quadratic cost function: J   (37) = 316224.0494256654
  Quadratic cost function: Jb  (37) = 75944.44186719783
  Quadratic cost function: JoJc(37) = 240279.6075584676

 DRPCG Starting Iteration 38
rdots 48.7239      iteration    37
DRPCG end of iteration 38
  Residual norm (38) = 6.980249437595507
  Norm reduction (38) = 0.0009535781398269221

  Quadratic cost function: J   (38) = 316223.2925374144
  Quadratic cost function: Jb  (38) = 75948.30959911208
  Quadratic cost function: JoJc(38) = 240274.9829383023

DRPCG: Achieved required reduction in residual norm.
OOPS_STATS DRPCG end                                - Runtime:   357.23 sec,  Local Memory:     7.26 GB
DRPCGMinimizer: reduction in residual norm = 0.000953578
DRPCGMinimizer output increment:
  Valid time: 2026-05-31T07:00:00Z
  Resolution: nCellsGlobal = 2341818, nFields = 12
Fld=1  Min=-0.00737274, Max=0.0204853, RMS=0.0001025 : water_vapor_mixing_ratio_wrt_moist_air
Fld=2  Min=-136.094, Max=145.856, RMS=3.02228 : air_pressure_at_surface
Fld=3  Min=-9.28266, Max=13.1561, RMS=0.106432 : air_temperature
Fld=4  Min=-51.0492, Max=34.7909, RMS=0.432929 : northward_wind
Fld=5  Min=-49.3453, Max=35.3526, RMS=0.421902 : eastward_wind
Fld=6  Min=-0.0036964, Max=0.00560939, RMS=1.75423e-05 : cloud_liquid_water
Fld=7  Min=-0.00106038, Max=0.00144032, RMS=2.92032e-06 : cloud_liquid_ice
Fld=8  Min=-0.00492971, Max=0.00465003, RMS=2.42135e-05 : rain_water
Fld=9  Min=-0.00474173, Max=0.0058446, RMS=5.79627e-05 : snow_water
Fld=10  Min=-0.00779635, Max=0.00778793, RMS=2.31829e-05 : graupel
Fld=11  Min=-71.7454, Max=87.2729, RMS=2.08643 : equivalent_reflectivity_factor
Fld=12  Min=0, Max=0, RMS=0 : upward_air_velocity
CostFunction::addIncrement: First guess:
  Valid time: 2026-05-31T07:00:00Z
  Resolution: nCellsGlobal = 2341818, nFields = 35
Fld=1  Min=0, Max=0.0218348, RMS=0.00594002 : water_vapor_mixing_ratio_wrt_moist_air
Fld=2  Min=63275.9, Max=103123, RMS=96590.4 : air_pressure_at_surface
Fld=3  Min=191.134, Max=307.113, RMS=259.787 : air_temperature
Fld=4  Min=-67.9984, Max=59.4705, RMS=8.80246 : northward_wind
Fld=5  Min=-45.1761, Max=53.8011, RMS=9.93922 : eastward_wind
Fld=6  Min=268.694, Max=643.089, RMS=355.15 : air_potential_temperature
Fld=7  Min=0.0385172, Max=1.309, RMS=0.785881 : dry_air_density
Fld=8  Min=-66.5872, Max=66.5542, RMS=9.39599 : u
Fld=9  Min=0, Max=0.0223222, RMS=0.00601435 : water_vapor_mixing_ratio_wrt_dry_air
Fld=10  Min=2442.5, Max=103011, RMS=64329.9 : air_pressure
Fld=11  Min=0, Max=1, RMS=0.790008 : landmask
Fld=12  Min=0, Max=1, RMS=0.0400647 : seaice_fraction
Fld=13  Min=0, Max=1, RMS=0.0580392 : snowc
Fld=14  Min=250.271, Max=305.067, RMS=289.475 : skin_temperature_at_surface
Fld=15  Min=1, Max=19, RMS=12.7664 : ivgtyp
Fld=16  Min=1, Max=16, RMS=9.97061 : isltyp
Fld=17  Min=0, Max=7.5, RMS=0.160807 : snowh
Fld=18  Min=0, Max=0.917811, RMS=0.409107 : vegetation_area_fraction
Fld=19  Min=259.805, Max=304.165, RMS=289.368 : air_temperature_at_2m
Fld=20  Min=0.000622576, Max=0.021912, RMS=0.0113024 : water_vapor_mixing_ratio_wrt_moist_air_at_2m
Fld=21  Min=-16.1533, Max=20.6833, RMS=3.1431 : eastward_wind_at_10m
Fld=22  Min=-21.7876, Max=18.7153, RMS=4.62395 : northward_wind_at_10m
Fld=23  Min=0, Max=6.55118, RMS=1.64293 : lai
Fld=24  Min=0.00200001, Max=1, RMS=0.635043 : smois
Fld=25  Min=262.353, Max=309.938, RMS=290.24 : tslb
Fld=26  Min=-952.604, Max=5716.46, RMS=3134.67 : pressure_p
Fld=27  Min=0, Max=0.00570239, RMS=4.07889e-05 : cloud_liquid_water
Fld=28  Min=0, Max=0.00364513, RMS=6.92391e-06 : cloud_liquid_ice
Fld=29  Min=0, Max=0.0122905, RMS=2.97601e-05 : graupel
Fld=30  Min=0, Max=0.0130423, RMS=4.14496e-05 : rain_water
Fld=31  Min=0, Max=0.00620184, RMS=8.14396e-05 : snow_water
Fld=32  Min=0, Max=1, RMS=0.204587 : cldfrac
Fld=33  Min=0, Max=72.4737, RMS=3.84669 : equivalent_reflectivity_factor
Fld=34  Min=-10.3216, Max=30.5358, RMS=0.139083 : w
Fld=35  Min=0, Max=0, RMS=0 : upward_air_velocity
CostFunction::addIncrement: Increment:
  Valid time: 2026-05-31T07:00:00Z
  Resolution: nCellsGlobal = 2341818, nFields = 12
Fld=1  Min=-0.00737274, Max=0.0204853, RMS=0.0001025 : water_vapor_mixing_ratio_wrt_moist_air
Fld=2  Min=-136.094, Max=145.856, RMS=3.02228 : air_pressure_at_surface
Fld=3  Min=-9.28266, Max=13.1561, RMS=0.106432 : air_temperature
Fld=4  Min=-51.0492, Max=34.7909, RMS=0.432929 : northward_wind
Fld=5  Min=-49.3453, Max=35.3526, RMS=0.421902 : eastward_wind
Fld=6  Min=-0.0036964, Max=0.00560939, RMS=1.75423e-05 : cloud_liquid_water
Fld=7  Min=-0.00106038, Max=0.00144032, RMS=2.92032e-06 : cloud_liquid_ice
Fld=8  Min=-0.00492971, Max=0.00465003, RMS=2.42135e-05 : rain_water
Fld=9  Min=-0.00474173, Max=0.0058446, RMS=5.79627e-05 : snow_water
Fld=10  Min=-0.00779635, Max=0.00778793, RMS=2.31829e-05 : graupel
Fld=11  Min=-71.7454, Max=87.2729, RMS=2.08643 : equivalent_reflectivity_factor
Fld=12  Min=0, Max=0, RMS=0 : upward_air_velocity
CostFunction::addIncrement: Analysis: 
  Valid time: 2026-05-31T07:00:00Z
  Resolution: nCellsGlobal = 2341818, nFields = 35
Fld=1  Min=0, Max=0.0289125, RMS=0.00594052 : water_vapor_mixing_ratio_wrt_moist_air
Fld=2  Min=63275.9, Max=103123, RMS=96590.5 : air_pressure_at_surface
Fld=3  Min=191.518, Max=307.113, RMS=259.788 : air_temperature
Fld=4  Min=-67.9984, Max=59.4705, RMS=8.80882 : northward_wind
Fld=5  Min=-51.2826, Max=53.8011, RMS=9.94435 : eastward_wind
Fld=6  Min=268.694, Max=643.089, RMS=355.15 : air_potential_temperature
Fld=7  Min=0.0385172, Max=1.309, RMS=0.785881 : dry_air_density
Fld=8  Min=-66.5872, Max=66.5542, RMS=9.40129 : u
Fld=9  Min=0, Max=0.0297733, RMS=0.00601487 : water_vapor_mixing_ratio_wrt_dry_air
Fld=10  Min=2442.5, Max=103011, RMS=64329.9 : air_pressure
Fld=11  Min=0, Max=1, RMS=0.790008 : landmask
Fld=12  Min=0, Max=1, RMS=0.0400647 : seaice_fraction
Fld=13  Min=0, Max=1, RMS=0.0580392 : snowc
Fld=14  Min=250.271, Max=305.067, RMS=289.475 : skin_temperature_at_surface
Fld=15  Min=1, Max=19, RMS=12.7664 : ivgtyp
Fld=16  Min=1, Max=16, RMS=9.97061 : isltyp
Fld=17  Min=0, Max=7.5, RMS=0.160807 : snowh
Fld=18  Min=0, Max=0.917811, RMS=0.409107 : vegetation_area_fraction
Fld=19  Min=259.805, Max=304.165, RMS=289.369 : air_temperature_at_2m
Fld=20  Min=0.000622576, Max=0.0219119, RMS=0.0113018 : water_vapor_mixing_ratio_wrt_moist_air_at_2m
Fld=21  Min=-16.1533, Max=20.6833, RMS=3.1431 : eastward_wind_at_10m
Fld=22  Min=-21.7876, Max=18.7153, RMS=4.62395 : northward_wind_at_10m
Fld=23  Min=0, Max=6.55118, RMS=1.64293 : lai
Fld=24  Min=0.00200001, Max=1, RMS=0.635043 : smois
Fld=25  Min=262.353, Max=309.938, RMS=290.24 : tslb
Fld=26  Min=-952.604, Max=5716.46, RMS=3134.69 : pressure_p
Fld=27  Min=0, Max=0.00572929, RMS=4.21103e-05 : cloud_liquid_water
Fld=28  Min=0, Max=0.00317466, RMS=7.23775e-06 : cloud_liquid_ice
Fld=29  Min=0, Max=0.011135, RMS=2.8845e-05 : graupel
Fld=30  Min=0, Max=0.0130423, RMS=3.83378e-05 : rain_water
Fld=31  Min=0, Max=0.00831305, RMS=9.17843e-05 : snow_water
Fld=32  Min=0, Max=1, RMS=0.204587 : cldfrac
Fld=33  Min=0, Max=87.2729, RMS=3.59145 : equivalent_reflectivity_factor
Fld=34  Min=-10.3216, Max=30.5358, RMS=0.139083 : w
Fld=35  Min=0, Max=0, RMS=0 : upward_air_velocity
OOPS_STATS IncrementalAssimilation end              - Runtime:   357.58 sec,  Local Memory:     7.26 GB
Variational: incremental assimilation done 1 iterations.
QC refl10cm equivalentReflectivityFactor: 133804 H(x) failed.
QC refl10cm equivalentReflectivityFactor: 3 rejected by first-guess check.
QC refl10cm equivalentReflectivityFactor: 3758832 passed out of 3892639 observations.
ObsErrorDiagonal covariance updated 3758832
Observer::finalize QC = 
refl10cm equivalentReflectivityFactor nlocs = 3892639, nobs = 3892639, min = 0, max = 19, avg = 0
Jo Observations:
Jo Obs :refl10cm:equivalentReflectivityFactor   : Nobs=  3758832, Min= 0.000000e+00, Max= 5.607133e+01, RMS= 4.301228e+00
Jo Observations Equivalent:
Jo H(x):refl10cm:equivalentReflectivityFactor   : Nobs=  3758832, Min= 0.000000e+00, Max= 6.077394e+01, RMS= 3.838746e+00
Jo Bias Corrected Departures:
Jo Dep :refl10cm:equivalentReflectivityFactor   : Nobs=  3758832, Min=-5.176068e+01, Max= 5.093390e+01, RMS= 1.790543e+00
Jo Observations Errors:
UFO Diagonal observation error covariance, inverse variances: refl10cm nobs= 3758832 Min=0.04, Max=0.04, RMS=0.04



CostJo   : Nonlinear Jo(refl10cm) = 241020, nobs = 3758832, Jo/n = 0.0641209, err = 5
CostJo   : Nonlinear Jo = 241020
Increment:diff x1 2
Increment:diff x2 1
CostJb: FG-BG
  Valid time: 2026-05-31T07:00:00Z
  Resolution: nCellsGlobal = 2341818, nFields = 12
Fld=1  Min=-0.00677598, Max=0.0204853, RMS=0.000102446 : water_vapor_mixing_ratio_wrt_moist_air
Fld=2  Min=-136.094, Max=145.856, RMS=3.02228 : air_pressure_at_surface
Fld=3  Min=-9.28266, Max=13.1561, RMS=0.106432 : air_temperature
Fld=4  Min=-51.0492, Max=34.7909, RMS=0.432929 : northward_wind
Fld=5  Min=-49.3453, Max=35.3526, RMS=0.421902 : eastward_wind
Fld=6  Min=-0.00283539, Max=0.00560939, RMS=1.55392e-05 : cloud_liquid_water
Fld=7  Min=-0.000729599, Max=0.00144032, RMS=2.68785e-06 : cloud_liquid_ice
Fld=8  Min=-0.00319287, Max=0.00465003, RMS=1.80102e-05 : rain_water
Fld=9  Min=-0.00383905, Max=0.0058446, RMS=5.45032e-05 : snow_water
Fld=10  Min=-0.0077029, Max=0.00778793, RMS=1.8896e-05 : graupel
Fld=11  Min=-61.051, Max=87.2729, RMS=2.0364 : equivalent_reflectivity_factor
Fld=12  Min=0, Max=0, RMS=0 : upward_air_velocity
CostFunction: Nonlinear J = 241020
OOPS_STATS Variational end                          - Runtime:   362.59 sec,  Local Memory:     7.26 GB
==> destruct MPAS corelist and domain:  0
Tried to erase key "mesh[address=0x48c73f0],halo[size=0]" from cache "NodeColumnsHaloExchangeCache" but it was not found.
Erased key "mesh[address=0x48c73f0],halo[size=1]" from cache "NodeColumnsHaloExchangeCache".
==> destruct MPAS corelist and domain:  1
refl10cm: save database to jdiag_mrms_refl.nc (io pool size: 4)
QC refl10cm equivalentReflectivityFactor: 133804 H(x) failed.
QC refl10cm equivalentReflectivityFactor: 3 rejected by first-guess check.
QC refl10cm equivalentReflectivityFactor: 3758832 passed out of 3892639 observations.
Erased key "mesh[address=0x7d43f90]" from cache "NodeColumnsGatherScatterCache".
Tried to erase key "mesh[address=0x7d43f90],halo[size=0]" from cache "NodeColumnsHaloExchangeCache" but it was not found.
Erased key "mesh[address=0x7d43f90],halo[size=1]" from cache "NodeColumnsHaloExchangeCache".

Run: Finishing oops::Variational<MPAS, UFO and IODA observations>
OOPS_STATS  
OOPS_STATS ----------------------------------------------------------------------------------
OOPS_STATS --------------------------- Object counts ----------------------------------------
OOPS_STATS ----------------------------------------------------------------------------------
OOPS_STATS                                      Total  Simult. Remain    Avg (Mb)    HWM (Mb)
OOPS_STATS ioda::ObsDataVector             :        8       5        
OOPS_STATS ioda::ObsVector                 :       96       8        
OOPS_STATS mpas::Geometry                  :        2       2        
OOPS_STATS mpas::Increment                 :     2774     123        
OOPS_STATS mpas::LinVarChaModel2GeoVars    :        1       1        
OOPS_STATS mpas::ModelBias                 :        4       3        
OOPS_STATS mpas::ModelBiasCovariance       :        1       1        
OOPS_STATS mpas::State                     :       75      34        
OOPS_STATS mpas::VarChaModel2GeoVars       :        3       1        
OOPS_STATS oops::ControlIncrement          :      170      90               15.22     1369.84
OOPS_STATS oops::ControlVariable           :        4       3        
OOPS_STATS oops::Diffusion                 :        1       1        
OOPS_STATS oops::EnsembleCovariance        :        1       1             3540.12     3540.12
OOPS_STATS oops::GeoVaLs                   :       80       1        
OOPS_STATS oops::Geometry                  :        2       2        
OOPS_STATS oops::GetValues                 :        3       2        
OOPS_STATS oops::Increment                 :     2696     123               15.02     1872.11
OOPS_STATS oops::LinearObsOperator         :        1       1        
OOPS_STATS oops::LocalInterpolator         :     2400    1600        
OOPS_STATS oops::Localization              :        1       1        
OOPS_STATS oops::ModelAuxControl           :        4       3        
OOPS_STATS oops::ModelAuxCovariance        :        1       1        
OOPS_STATS oops::ModelAuxIncrement         :      170      90        
OOPS_STATS oops::ObsAuxControl             :        4       3        
OOPS_STATS oops::ObsAuxCovariance          :        1       1        
OOPS_STATS oops::ObsAuxIncrement           :      170      90        
OOPS_STATS oops::ObsAuxIncrements          :      170      90        
OOPS_STATS oops::ObsAuxPreconditioner      :        2       2        
OOPS_STATS oops::ObsDataVector             :        4       4        
OOPS_STATS oops::ObsDiagnostics            :        2       1        
OOPS_STATS oops::ObsError                  :        1       1        
OOPS_STATS oops::ObsOperator               :        2       2        
OOPS_STATS oops::ObsSpace                  :        1       1        
OOPS_STATS oops::ObsSpaces                 :        1       1        
OOPS_STATS oops::ObsVector                 :       96       7                0.04        0.23
OOPS_STATS oops::SampledLocations          :        8       4        
OOPS_STATS oops::State                     :       72      34               21.39      702.08
OOPS_STATS oops::UnstructuredInterpolator  :     2400    1600        
OOPS_STATS oops::VariableChange            :        3       1        
OOPS_STATS ufo::BackgroundCheck            :        1       1        
OOPS_STATS ufo::FinalCheck                 :        2       2        
OOPS_STATS ufo::GeoVaLs                    :       83       2        
OOPS_STATS ufo::ObsBias                    :        4       3        
OOPS_STATS ufo::ObsBiasCovariance          :        1       1        
OOPS_STATS ufo::ObsBiasPreconditioner      :        1       1        
OOPS_STATS ufo::ObsFilter                  :        9       6        
OOPS_STATS ufo::ObsFilterData              :        3       3        
OOPS_STATS ufo::ObsVertInterp              :        2       2        
OOPS_STATS ufo::ObsVertInterpTLAD          :        1       1        
OOPS_STATS ufo::SampledLocations           :        4       3        
OOPS_STATS ----------------------------- Object counts --------------------------------------
OOPS_STATS  
OOPS_STATS --------------------------------------------------------------------------------------------
OOPS_STATS ------------------------------------ Timing Statistics -------------------------------------
OOPS_STATS --------------------------------------------------------------------------------------------
OOPS_STATS Name                                                :   total (ms)   count    time/call (ms)
OOPS_STATS ObsFilter::Background Check::ObsFilter              :         0.36       1            0.3560
OOPS_STATS ObsFilter::Background Check::postFilter             :        22.83       1           22.8316
OOPS_STATS ObsFilter::Background Check::preProcess             :         0.02       1            0.0166
OOPS_STATS ObsFilter::Background Check::priorFilter            :         0.02       1            0.0231
OOPS_STATS ObsFilter::Final Check::ObsFilter                   :         3.39       2            1.6970
OOPS_STATS ObsFilter::Final Check::postFilter                  :         0.05       2            0.0237
OOPS_STATS ObsFilter::Final Check::preProcess                  :         0.17       2            0.0828
OOPS_STATS ObsFilter::Final Check::priorFilter                 :         0.00       2            0.0024
OOPS_STATS ObsFilter::QCmanager::ObsFilter                     :         3.73       2            1.8642
OOPS_STATS ObsFilter::QCmanager::postFilter                    :         0.22       2            0.1119
OOPS_STATS ObsFilter::QCmanager::preProcess                    :         0.00       2            0.0002
OOPS_STATS ObsFilter::QCmanager::priorFilter                   :         0.00       2            0.0001
OOPS_STATS ioda::ObsSpace::get_db(DateTime)                    :         2.24       4            0.5605
OOPS_STATS ioda::ObsSpace::get_db(double)                      :         0.32       5            0.0630
OOPS_STATS ioda::ObsSpace::get_db(float)                       :         4.35      12            0.3629
OOPS_STATS ioda::ObsSpace::load                                :       639.10       1          639.1034
OOPS_STATS ioda::ObsSpace::put_db(double)                      :         0.92       6            0.1531
OOPS_STATS ioda::ObsSpace::put_db(float)                       :         0.08       2            0.0403
OOPS_STATS ioda::ObsSpace::put_db(int)                         :         0.71       2            0.3554
OOPS_STATS mpas::LinVarChaModel2GeoVars::LinVarChaModel2GeoVar :         3.20       1            3.1951
OOPS_STATS mpas::LinVarChaModel2GeoVars::changeVarAD           :      1459.62      39           37.4262
OOPS_STATS mpas::LinVarChaModel2GeoVars::changeVarTL           :       137.00      38            3.6053
OOPS_STATS mpas::LinVarChaModel2GeoVars::~LinVarChaModel2GeoVa :         0.04       1            0.0357
OOPS_STATS mpas::VarChaModel2GeoVars::VarChaModel2GeoVars      :         0.05       3            0.0165
OOPS_STATS mpas::VarChaModel2GeoVars::changeVar                :        13.00       3            4.3322
OOPS_STATS mpas::VarChaModel2GeoVars::~VarChaModel2GeoVars     :         0.01       3            0.0018
OOPS_STATS oops::Covariance::EnsembleCovariance                :     58659.42       1        58659.4214
OOPS_STATS oops::Covariance::ensemble::Constructor             :         0.01       1            0.0055
OOPS_STATS oops::Covariance::ensemble::multiply                :    217091.78      39         5566.4558
OOPS_STATS oops::Diffusion::Diffusion                          :         0.00       1            0.0001
OOPS_STATS oops::Diffusion::calculateDerivedGeom               :         1.87       1            1.8667
OOPS_STATS oops::Diffusion::multiplySqrtAD                     :     53819.59    1170           45.9996
OOPS_STATS oops::Diffusion::multiplySqrtTL                     :     46121.25    1170           39.4199
OOPS_STATS oops::Diffusion::setParameters                      :         5.84       1            5.8439
OOPS_STATS oops::GeoVaLs::GeoVaLs                              :        23.34      80            0.2917
OOPS_STATS oops::GeoVaLs::fill                                 :        27.12   27588            0.0010
OOPS_STATS oops::GeoVaLs::fillAD                               :        19.73   24453            0.0008
OOPS_STATS oops::GeoVaLs::~GeoVaLs                             :         0.46      80            0.0058
OOPS_STATS oops::Geometry::Geometry                            :     51929.63       2        25964.8129
OOPS_STATS oops::Geometry::variableSizes                       :         4.80      11            0.4363
OOPS_STATS oops::Geometry::~Geometry                           :       468.96       2          234.4814
OOPS_STATS oops::GeometryData::containingTriangleAndBarycentri :        44.36   20532            0.0022
OOPS_STATS oops::GeometryData::setGlobalTree                   :      1806.30       2          903.1497
OOPS_STATS oops::GeometryData::setLocalTree                    :         3.15       2            1.5768
OOPS_STATS oops::GeometryData::setMeshAndTriangulation         :         0.29       2            0.1451
OOPS_STATS oops::GetValues::GetValues                          :       316.53       3          105.5113
OOPS_STATS oops::GetValues::fillGeoVaLs                        :        49.03       3           16.3426
OOPS_STATS oops::GetValues::fillGeoVaLsAD                      :       107.09      39            2.7459
OOPS_STATS oops::GetValues::fillGeoVaLsTL                      :       676.72      38           17.8083
OOPS_STATS oops::GetValues::finalize                           :        19.97       3            6.6567
OOPS_STATS oops::GetValues::finalizeAD                         :       615.85      39           15.7911
OOPS_STATS oops::GetValues::finalizeTL                         :       106.20      38            2.7947
OOPS_STATS oops::GetValues::initialize                         :         2.27       3            0.7556
OOPS_STATS oops::GetValues::initializeAD                       :         4.68      39            0.1201
OOPS_STATS oops::GetValues::initializeTL                       :        17.43      38            0.4587
OOPS_STATS oops::GetValues::process                            :        16.95       3            5.6494
OOPS_STATS oops::GetValues::processAD                          :       118.35      39            3.0347
OOPS_STATS oops::GetValues::processTL                          :       127.11      38            3.3451
OOPS_STATS oops::Increment::Increment                          :     25635.84    2696            9.5088
OOPS_STATS oops::Increment::axpy                               :      5107.95     817            6.2521
OOPS_STATS oops::Increment::diff                               :       324.50      33            9.8332
OOPS_STATS oops::Increment::dot_product_with                   :      7341.40     897            8.1844
OOPS_STATS oops::Increment::fromFieldSet                       :     10705.96    1209            8.8552
OOPS_STATS oops::Increment::operator*=                         :       209.31     115            1.8201
OOPS_STATS oops::Increment::operator+=                         :      9915.38    1353            7.3284
OOPS_STATS oops::Increment::operator+=(State, Increment)       :        48.72       1           48.7153
OOPS_STATS oops::Increment::operator-=                         :        77.61      30            2.5870
OOPS_STATS oops::Increment::operator=                          :      5185.71    1492            3.4757
OOPS_STATS oops::Increment::print                              :     27664.99    1177           23.5047
OOPS_STATS oops::Increment::schur_product_with                 :     10952.85    2340            4.6807
OOPS_STATS oops::Increment::serialSize                         :         4.78     170            0.0281
OOPS_STATS oops::Increment::toFieldSet                         :      9254.49    1247            7.4214
OOPS_STATS oops::Increment::zero                               :       122.46     118            1.0378
OOPS_STATS oops::Increment::~Increment                         :       157.76    2696            0.0585
OOPS_STATS oops::LinearObsOper::refl10cm::LinearObsOperator    :         0.55       1            0.5487
OOPS_STATS oops::LinearObsOper::refl10cm::requiredVars         :         0.08      79            0.0010
OOPS_STATS oops::LinearObsOper::refl10cm::setTrajectory        :        16.36       1           16.3557
OOPS_STATS oops::LinearObsOper::refl10cm::simulateObsAD        :         3.11      39            0.0798
OOPS_STATS oops::LinearObsOper::refl10cm::simulateObsTL        :         7.22      38            0.1899
OOPS_STATS oops::LinearObsOper::refl10cm::~LinearObsOperator   :         1.85       1            1.8470
OOPS_STATS oops::LinearVariableChange::LinearVariableChange    :         0.04       1            0.0384
OOPS_STATS oops::LinearVariableChange::changeVarAD             :      2060.22      39           52.8261
OOPS_STATS oops::LinearVariableChange::changeVarTL             :       597.85      38           15.7329
OOPS_STATS oops::LinearVariableChange::changeVarTraj           :         3.21       1            3.2080
OOPS_STATS oops::LinearVariableChange::~LinearVariableChange   :         0.05       1            0.0480
OOPS_STATS oops::LocalInterpolator::LocalInterpolator          :        52.26    2400            0.0218
OOPS_STATS oops::LocalInterpolator::apply                      :        15.67    2400            0.0065
OOPS_STATS oops::LocalInterpolator::applyAD                    :       103.19   31200            0.0033
OOPS_STATS oops::LocalInterpolator::applyTL                    :       111.96   30400            0.0037
OOPS_STATS oops::LocalInterpolator::preprocess                 :      1290.93      41           31.4861
OOPS_STATS oops::LocalInterpolator::preprocessAD               :        41.32      39            1.0594
OOPS_STATS oops::LocalInterpolator::~LocalInterpolator         :         1.42    2400            0.0006
OOPS_STATS oops::Localization::Localization                    :      7672.25       1         7672.2480
OOPS_STATS oops::Localization::multiply                        :    178961.49    1170          152.9585
OOPS_STATS oops::Localization::~Localization                   :         0.99       1            0.9926
OOPS_STATS oops::ModelAuxControl::ModelAuxControl              :         0.01       4            0.0028
OOPS_STATS oops::ModelAuxControl::print                        :         0.00       3            0.0005
OOPS_STATS oops::ModelAuxControl::~ModelAuxControl             :         0.00       4            0.0008
OOPS_STATS oops::ModelAuxCovariance::ModelAuxCovariance        :         0.00       1            0.0042
OOPS_STATS oops::ModelAuxCovariance::linearize                 :         0.00       1            0.0001
OOPS_STATS oops::ModelAuxCovariance::multiply                  :         0.00      39            0.0001
OOPS_STATS oops::ModelAuxCovariance::~ModelAuxCovariance       :         0.00       1            0.0005
OOPS_STATS oops::ModelAuxIncrement::ModelAuxIncrement          :         0.16     170            0.0010
OOPS_STATS oops::ModelAuxIncrement::axpy                       :         0.31     817            0.0004
OOPS_STATS oops::ModelAuxIncrement::diff                       :         0.00       3            0.0002
OOPS_STATS oops::ModelAuxIncrement::dot_product_with           :         0.24     897            0.0003
OOPS_STATS oops::ModelAuxIncrement::operator*=                 :         0.04      75            0.0005
OOPS_STATS oops::ModelAuxIncrement::operator+=                 :         0.07     114            0.0006
OOPS_STATS oops::ModelAuxIncrement::operator+=ModelAuxControl  :         0.00       1            0.0001
OOPS_STATS oops::ModelAuxIncrement::operator=                  :         0.01      42            0.0003
OOPS_STATS oops::ModelAuxIncrement::print                      :         0.00       7            0.0006
OOPS_STATS oops::ModelAuxIncrement::serialSize                 :         0.01     170            0.0001
OOPS_STATS oops::ModelAuxIncrement::zero                       :         0.01      39            0.0003
OOPS_STATS oops::ModelAuxIncrement::~ModelAuxIncrement         :         0.03     170            0.0002
OOPS_STATS oops::ObsAuxControl::ObsAuxControl                  :         0.19       4            0.0464
OOPS_STATS oops::ObsAuxControl::print                          :         0.39       3            0.1304
OOPS_STATS oops::ObsAuxControl::requiredHdiagnostics           :         0.00       2            0.0001
OOPS_STATS oops::ObsAuxControl::requiredVars                   :         0.00       6            0.0002
OOPS_STATS oops::ObsAuxControl::write                          :         0.23       1            0.2340
OOPS_STATS oops::ObsAuxControl::~ObsAuxControl                 :         1.72       4            0.4311
OOPS_STATS oops::ObsAuxCovariance::ObsAuxCovariance            :         0.10       1            0.1006
OOPS_STATS oops::ObsAuxCovariance::inverseMultiply             :         0.05      39            0.0012
OOPS_STATS oops::ObsAuxCovariance::linearize                   :         5.43       1            5.4335
OOPS_STATS oops::ObsAuxCovariance::multiply                    :         0.42      39            0.0108
OOPS_STATS oops::ObsAuxCovariance::preconditioner              :         0.42       1            0.4203
OOPS_STATS oops::ObsAuxCovariance::write                       :         0.32       1            0.3221
OOPS_STATS oops::ObsAuxCovariance::~ObsAuxCovariance           :         0.02       1            0.0154
OOPS_STATS oops::ObsAuxIncrement::ObsAuxIncrement              :         4.27     170            0.0251
OOPS_STATS oops::ObsAuxIncrement::axpy                         :         0.99     817            0.0012
OOPS_STATS oops::ObsAuxIncrement::diff                         :         0.02       3            0.0051
OOPS_STATS oops::ObsAuxIncrement::dot_product_with             :         0.42     897            0.0005
OOPS_STATS oops::ObsAuxIncrement::operator*=                   :         0.08      75            0.0011
OOPS_STATS oops::ObsAuxIncrement::operator+=                   :         0.17     114            0.0014
OOPS_STATS oops::ObsAuxIncrement::operator=                    :         0.03      42            0.0008
OOPS_STATS oops::ObsAuxIncrement::print                        :         0.01       7            0.0009
OOPS_STATS oops::ObsAuxIncrement::serialSize                   :         0.01     340            0.0000
OOPS_STATS oops::ObsAuxIncrement::zero                         :         0.05      39            0.0013
OOPS_STATS oops::ObsAuxIncrement::~ObsAuxIncrement             :         1.79     170            0.0105
OOPS_STATS oops::ObsAuxPreconditioner::multiply                :         0.06      39            0.0015
OOPS_STATS oops::ObsAuxPreconditioner::~ObsAuxPreconditioner   :         0.39       2            0.1941
OOPS_STATS oops::ObsDataVector::ObsDataVector                  :         0.09       4            0.0230
OOPS_STATS oops::ObsDataVector::mask                           :         0.01       2            0.0037
OOPS_STATS oops::ObsDataVector::operator=                      :         0.01       2            0.0070
OOPS_STATS oops::ObsDataVector::print                          :         1.88       2            0.9380
OOPS_STATS oops::ObsDataVector::save                           :         0.81       4            0.2025
OOPS_STATS oops::ObsDataVector::~ObsDataVector                 :         0.04       4            0.0110
OOPS_STATS oops::ObsDiagnostics::ObsDiagnostics                :         0.07       2            0.0344
OOPS_STATS oops::ObsDiagnostics::~ObsDiagnostics               :         0.02       2            0.0082
OOPS_STATS oops::ObsError::getRMSE                             :         0.67       4            0.1685
OOPS_STATS oops::ObsError::inverseMultiply                     :         3.11      40            0.0778
OOPS_STATS oops::ObsError::obserrors                           :         0.12       6            0.0198
OOPS_STATS oops::ObsError::update                              :         5.83       2            2.9130
OOPS_STATS oops::ObsError::~ObsError                           :         1.22       1            1.2208
OOPS_STATS oops::ObsOperator::refl10cm::ObsOperator            :         8.35       2            4.1756
OOPS_STATS oops::ObsOperator::refl10cm::computeReducedVars     :         0.96       3            0.3212
OOPS_STATS oops::ObsOperator::refl10cm::locations              :         2.90       3            0.9656
OOPS_STATS oops::ObsOperator::refl10cm::requiredVars           :         0.01       3            0.0036
OOPS_STATS oops::ObsOperator::refl10cm::simulateObs            :         9.12       2            4.5606
OOPS_STATS oops::ObsOperator::refl10cm::~ObsOperator           :         1.08       2            0.5417
OOPS_STATS oops::ObsSpace::ObsSpace                            :       642.98       1          642.9778
OOPS_STATS oops::ObsSpace::obsvariables                        :         0.00       3            0.0000
OOPS_STATS oops::ObsSpace::save                                :      2611.02       1         2611.0164
OOPS_STATS oops::ObsSpace::~ObsSpace                           :         1.26       1            1.2605
OOPS_STATS oops::ObsVector::ObsVector                          :        50.68      94            0.5392
OOPS_STATS oops::ObsVector::dot_product                        :         0.51       4            0.1287
OOPS_STATS oops::ObsVector::info                               :         2.76       6            0.4605
OOPS_STATS oops::ObsVector::operator*=                         :         0.01       2            0.0047
OOPS_STATS oops::ObsVector::operator-=                         :         0.02       2            0.0106
OOPS_STATS oops::ObsVector::operator=                          :         0.39       4            0.0981
OOPS_STATS oops::ObsVector::rms                                :         0.33       4            0.0821
OOPS_STATS oops::ObsVector::save                               :         0.94       6            0.1574
OOPS_STATS oops::ObsVector::zero                               :         0.05      40            0.0012
OOPS_STATS oops::ObsVector::~ObsVector                         :         1.13      94            0.0120
OOPS_STATS oops::Parameters::deserialize                       :         9.15      97            0.0943
OOPS_STATS oops::Parameters::serialize                         :         2.11      80            0.0264
OOPS_STATS oops::Run::execute                                  :    364811.18       1       364811.1815
OOPS_STATS oops::SampledLocations::SampledLocations            :         0.00       4            0.0004
OOPS_STATS oops::SampledLocations::latitudes                   :         0.00       3            0.0001
OOPS_STATS oops::SampledLocations::longitudes                  :         0.00       3            0.0000
OOPS_STATS oops::SampledLocations::times                       :         0.00       3            0.0000
OOPS_STATS oops::SampledLocations::~SampledLocations           :         1.07       8            0.1335
OOPS_STATS oops::State::State                                  :     52697.18      72          731.9053
OOPS_STATS oops::State::print                                  :       220.28       3           73.4255
OOPS_STATS oops::State::toFieldSet                             :        18.92       5            3.7840
OOPS_STATS oops::State::variables                              :         0.00      58            0.0000
OOPS_STATS oops::State::write                                  :      4643.54       1         4643.5380
OOPS_STATS oops::State::zero                                   :        50.90      30            1.6968
OOPS_STATS oops::State::~State                                 :         8.25      72            0.1145
OOPS_STATS oops::UnstructuredInterpolator::UnstructuredInterpo :        51.34    2400            0.0214
OOPS_STATS oops::UnstructuredInterpolator::apply               :       118.82   32800            0.0036
OOPS_STATS oops::UnstructuredInterpolator::applyAD             :        73.14   31200            0.0023
OOPS_STATS oops::VariableChange::VariableChange                :         0.32       3            0.1073
OOPS_STATS oops::VariableChange::changeVar                     :        20.30       3            6.7680
OOPS_STATS oops::VariableChange::~VariableChange               :         0.02       3            0.0071
OOPS_STATS oops::util::FieldSetHelpers::readFieldSet           :      7622.77       2         3811.3872
OOPS_STATS saber::Localization::Localization                   :      7672.24       1         7672.2366
OOPS_STATS saber::Localization::multiply                       :    169833.10    1170          145.1565
OOPS_STATS saber::Localization::~Localization                  :         0.00       1            0.0001
OOPS_STATS ufo::ObsFilter::ObsFilter                           :         7.49       5            1.4975
OOPS_STATS ufo::ObsFilter::checkFilterData                     :         0.01      15            0.0006
OOPS_STATS ufo::ObsFilter::postFilter                          :        23.11       5            4.6217
OOPS_STATS ufo::ObsFilter::preProcess                          :         0.19       5            0.0374
OOPS_STATS ufo::ObsFilter::priorFilter                         :         0.03       5            0.0067
OOPS_STATS ufo::ObsFilter::~ObsFilter                          :       103.90       9           11.5442
OOPS_STATS util::Timers::measured                              :    364450.88       1       364450.8772
OOPS_STATS ------------------------------------ Timing Statistics -------------------------------------

OOPS_STATS ------------------------------------------------------------------------------------------------------------------
OOPS_STATS ---------------------------------- Parallel Timing Statistics ( 800 MPI tasks) -----------------------------------
OOPS_STATS ------------------------------------------------------------------------------------------------------------------
OOPS_STATS Name                                                :     min (ms)    max (ms)    avg (ms)     % total   imbal (%)
OOPS_STATS oops::Covariance::EnsembleCovariance                :     58658.58    58659.66    58659.21       16.08        0.00
OOPS_STATS oops::Covariance::ensemble::multiply                :    216623.31   217228.76   217011.16       59.48        0.28
OOPS_STATS oops::Diffusion::multiplySqrtAD                     :     52972.11    54907.61    53845.63       14.76        3.59
OOPS_STATS oops::Diffusion::multiplySqrtTL                     :     42650.08    47159.75    45260.37       12.41        9.96
OOPS_STATS oops::Geometry::Geometry                            :     50786.49    52113.27    52028.82       14.26        2.55
OOPS_STATS oops::Geometry::~Geometry                           :       451.49      706.29      560.39        0.15       45.47
OOPS_STATS oops::GeometryData::setGlobalTree                   :      1806.30     1962.27     1889.44        0.52        8.25
OOPS_STATS oops::GetValues::fillGeoVaLsTL                      :       271.38     1063.82      597.95        0.16      132.53
OOPS_STATS oops::GetValues::finalizeAD                         :       584.43     1148.25      689.93        0.19       81.72
OOPS_STATS oops::Increment::Increment                          :     21369.44    28772.94    23738.80        6.51       31.19
OOPS_STATS oops::Increment::axpy                               :      4191.57     5496.74     4899.14        1.34       26.64
OOPS_STATS oops::Increment::dot_product_with                   :      6896.99     8639.65     7699.87        2.11       22.63
OOPS_STATS oops::Increment::fromFieldSet                       :      8818.58    12048.33     9840.86        2.70       32.82
OOPS_STATS oops::Increment::operator+=                         :      8290.48    10578.27     9543.43        2.62       23.97
OOPS_STATS oops::Increment::operator=                          :      3790.08     6715.72     5251.13        1.44       55.71
OOPS_STATS oops::Increment::print                              :     21584.90    38141.66    30731.35        8.42       53.88
OOPS_STATS oops::Increment::schur_product_with                 :      7686.09    13079.32    10922.93        2.99       49.38
OOPS_STATS oops::Increment::toFieldSet                         :      8462.58    14325.86    10191.52        2.79       57.53
OOPS_STATS oops::LinearVariableChange::changeVarAD             :      1114.42     2504.73     2068.92        0.57       67.20
OOPS_STATS oops::LinearVariableChange::changeVarTL             :       368.07      996.03      715.77        0.20       87.73
OOPS_STATS oops::LocalInterpolator::preprocess                 :        68.07     1335.20     1288.66        0.35       98.33
OOPS_STATS oops::Localization::Localization                    :      7663.67     7863.25     7713.65        2.11        2.59
OOPS_STATS oops::Localization::multiply                        :    175253.71   189583.84   181598.18       49.78        7.89
OOPS_STATS oops::ObsSpace::ObsSpace                            :       585.13      651.69      618.40        0.17       10.76
OOPS_STATS oops::ObsSpace::save                                :      2376.46     2614.23     2520.86        0.69        9.43
OOPS_STATS oops::State::State                                  :     52531.48    52790.96    52621.48       14.42        0.49
OOPS_STATS oops::State::write                                  :      3430.02     4673.23     4644.85        1.27       26.77
OOPS_STATS oops::util::FieldSetHelpers::readFieldSet           :      7448.35     7622.77     7497.43        2.06        2.33
OOPS_STATS saber::Localization::Localization                   :      7663.66     7863.22     7713.63        2.11        2.59
OOPS_STATS saber::Localization::multiply                       :    164457.44   176541.69   171734.40       47.07        7.04
OOPS_STATS util::Timers::measured                              :    364450.88   364643.44   364568.17       99.93        0.05
OOPS_STATS oops::Run::execute                                  :    364739.36   364906.58   364837.90      100.00        0.05
OOPS_STATS ---------------------------------- Parallel Timing Statistics ( 800 MPI tasks) -----------------------------------

OOPS_STATS Run end                                  - Runtime:    365.91 sec,  Memory: total:  4055.18 GB, per task: min =     4.75 GB, max =     7.26 GB
Run: Finishing oops::Variational<MPAS, UFO and IODA observations> with status = 0
OOPS Ending   2026-05-31 09:49:03 (UTC+0000)
