Configuration input file is: jedivar.pass2.yaml
Full configuration is:YAMLConfiguration[path=jedivar.pass2.yaml, root={_member => {date => 2026-05-24T21:00:00Z , state variables => (water_vapor_mixing_ratio_wrt_moist_air,air_pressure_at_surface,air_temperature,northward_wind,eastward_wind,cloud_liquid_water,cloud_liquid_ice,rain_water,snow_water,graupel,equivalent_reflectivity_factor,upward_air_velocity) , stream name => ensemble} , output => {filename => mpasout.nc , stream name => analysis} , variational => {minimizer => {algorithm => DRPCG} , iterations => ({geometry => {nml_file => ./namelist.atmosphere , streams_file => ./streams.atmosphere , deallocate non-da fields => true , interpolation type => unstructured} , gradient norm reduction => 0.001 , ninner => 75})} , cost function => {cost type => 3D-Var , time window => {begin => 2026-05-24T19:00:00Z , length => PT4H} , jb evaluation => false , geometry => {nml_file => ./namelist.atmosphere , streams_file => ./streams.atmosphere , deallocate non-da fields => true , interpolation type => unstructured} , analysis variables => (water_vapor_mixing_ratio_wrt_moist_air,air_pressure_at_surface,air_temperature,northward_wind,eastward_wind,cloud_liquid_water,cloud_liquid_ice,rain_water,snow_water,graupel,equivalent_reflectivity_factor,upward_air_velocity) , background => {state variables => (water_vapor_mixing_ratio_wrt_moist_air,air_pressure_at_surface,air_temperature,northward_wind,eastward_wind,air_potential_temperature,dry_air_density,u,water_vapor_mixing_ratio_wrt_dry_air,air_pressure,landmask,seaice_fraction,snowc,skin_temperature_at_surface,ivgtyp,isltyp,snowh,vegetation_area_fraction,air_temperature_at_2m,water_vapor_mixing_ratio_wrt_moist_air_at_2m,eastward_wind_at_10m,northward_wind_at_10m,lai,smois,tslb,pressure_p,cloud_liquid_water,cloud_liquid_ice,graupel,rain_water,snow_water,cldfrac,equivalent_reflectivity_factor,w,upward_air_velocity) , filename => mpasout.nc , date => 2026-05-24T21:00:00Z} , background error => {covariance model => ensemble , localization => {localization method => SABER , saber central block => {saber block name => diffusion , active variables => (water_vapor_mixing_ratio_wrt_moist_air,air_pressure_at_surface,air_temperature,northward_wind,eastward_wind,cloud_liquid_water,cloud_liquid_ice,rain_water,snow_water,graupel,equivalent_reflectivity_factor,upward_air_velocity) , read => {groups => ({variables => (water_vapor_mixing_ratio_wrt_moist_air,air_pressure_at_surface,air_temperature,northward_wind,eastward_wind,cloud_liquid_water,cloud_liquid_ice,rain_water,snow_water,graupel,equivalent_reflectivity_factor,upward_air_velocity) , multivariate strategy => duplicated , horizontal => {filepath => data/diffusionloc/mpas_conus3km.diffusion_hz} , vertical => {levels => 59 , filepath => data/diffusionloc/mpas_conus3km.diffusion_vt}})}}} , members from template => {template => {date => 2026-05-24T21:00:00Z , state variables => (water_vapor_mixing_ratio_wrt_moist_air,air_pressure_at_surface,air_temperature,northward_wind,eastward_wind,cloud_liquid_water,cloud_liquid_ice,rain_water,snow_water,graupel,equivalent_reflectivity_factor,upward_air_velocity) , stream name => ensemble , filename => ./data/ens/mem%iMember%.nc} , pattern => %iMember% , start => 1 , zero padding => 3 , nmembers => 30}} , observations => {observers => ({obs space => {name => refl10cm , distribution => {name => RoundRobin , halo size => 500000} , obsdatain => {engine => {type => H5File , obsfile => data/obs/ioda_mrms_refl.nc , missing file action => warn}} , obsdataout => {engine => {type => H5File , allow overwrite => true , obsfile => jdiag_mrms_refl.nc}} , io pool => {write multiple files => false} , _source => mrms , simulated variables => (equivalentReflectivityFactor)} , obs operator => {name => VertInterp , vertical coordinate => height_above_mean_sea_level , observation vertical coordinate => height , interpolation method => linear , observation alias file => obsop_name_map.yaml} , obs localizations => ({localization method => Horizontal Gaspari-Cohn , lengthscale => 200000}) , _obsname => refl10cm , obs filters => ({filter => Background Check , filter variables => ({name => equivalentReflectivityFactor}) , threshold => 12 , action => {name => reject}})})}}}]
OOPS_STATS ObjectCountHelper started.
OOPS_STATS Run start                                - Runtime:      1.21 sec,  Memory: total:   104.22 GB, per task: min =   128.97 MB, max =   130.55 MB
Run: Starting oops::Variational<MPAS, UFO and IODA observations>
OOPS_STATS Variational start                        - Runtime:     1.21 sec,  Local Memory:   130.55 MB
==> create geom
atlas::mpi::push(world)
Increase halo 1
atlas::mpi::pop(world)
atlas::mpi::push(world)
atlas::mpi::pop(world)
atlas::mpi::push(world)
atlas::mpi::pop(world)
atlas::mpi::push(world)
atlas::mpi::pop(world)
refl10cm: read database from data/obs/ioda_mrms_refl.nc (io pool size: 800)
refl10cm processed vars: 1 Variables: equivalentReflectivityFactor
refl10cm assimilated vars: 1 Variables: equivalentReflectivityFactor
refl10cm: 0 observations are outside of time window out of 3914989
refl10cm: 0 observations were rejected by QC checks out of 3914989
No bias-correction is performed for this ObsSpace.
3DVar window: TimeWindow: start = 2026-05-24T19:00:00Z, end = 2026-05-24T23:00:00Z, inclusive upper bound.

OOPS_STATS IncrementalAssimilation start            - Runtime:    37.78 sec,  Local Memory:     2.50 GB
Running incremental assimilation with 1 outer iterations.
Minimizer algorithm=DRPCG
QNewtonLMP: maxouter : 1
IncrementalAssimilation: Configuration for outer iteration 0:
LocalConfiguration[root={geometry => {nml_file => ./namelist.atmosphere , streams_file => ./streams.atmosphere , deallocate non-da fields => true , interpolation type => unstructured} , gradient norm reduction => 0.001 , ninner => 75 , iteration => 0 , total iterations => 1}]
OOPS_STATS IncrementalAssimilation iteration 0      - Runtime:    37.78 sec,  Local Memory:     2.50 GB
==> create geom
atlas::mpi::push(world)
Increase halo 1
atlas::mpi::pop(world)
atlas::mpi::push(world)
atlas::mpi::pop(world)
atlas::mpi::push(world)
atlas::mpi::pop(world)
atlas::mpi::push(world)
atlas::mpi::pop(world)
Key "mesh[address=0x485fac0],halo[size=1]" not found in cache "NodeColumnsHaloExchangeCache" , creating new, removable with key "mesh[address=0x485fac0],halo[size=1]"
Key "mesh[address=0x7d451d0],halo[size=1]" not found in cache "NodeColumnsHaloExchangeCache" , creating new, removable with key "mesh[address=0x7d451d0],halo[size=1]"
processWhere: selected 0 obs.
BackgroundCheck obserr: 
refl10cm equivalentReflectivityFactor nlocs = 3914989, nobs = 3914989, min = 5, max = 5, avg = 5
processing a float: 12
ObsErrorDiagonal covariance updated 3780397
Observer::finalize QC = 
refl10cm equivalentReflectivityFactor nlocs = 3914989, nobs = 3914989, min = 0, max = 19, avg = 0
CostJo Observations: 
refl10cm nobs= 3914989 Min=0, Max=60.0609, RMS=4.72877

Jo Observations:
Jo Obs :refl10cm:equivalentReflectivityFactor   : Nobs=  3780397, Min= 0.000000e+00, Max= 6.006086e+01, RMS= 4.782943e+00
Jo Observations Equivalent:
Jo H(x):refl10cm:equivalentReflectivityFactor   : Nobs=  3780397, Min= 0.000000e+00, Max= 6.495423e+01, RMS= 4.819965e+00
Jo Bias Corrected Departures:
Jo Dep :refl10cm:equivalentReflectivityFactor   : Nobs=  3780397, Min=-5.878030e+01, Max= 5.986446e+01, RMS= 4.757839e+00
Jo Observations Errors:
UFO Diagonal observation error covariance, inverse variances: refl10cm nobs= 3780397 Min=0.04, Max=0.04, RMS=0.04



CostJo   : Nonlinear Jo(refl10cm) = 1.71154e+06, nobs = 3780397, Jo/n = 0.452741, err = 5
CostJo   : Nonlinear Jo = 1.71154e+06
Increment:diff x1 4
Increment:diff x2 35
Increment:diff x1 5
Increment:diff x2 36
Increment:diff x1 6
Increment:diff x2 37
Increment:diff x1 7
Increment:diff x2 38
Increment:diff x1 8
Increment:diff x2 39
Increment:diff x1 9
Increment:diff x2 40
Increment:diff x1 10
Increment:diff x2 41
Increment:diff x1 11
Increment:diff x2 42
Increment:diff x1 12
Increment:diff x2 43
Increment:diff x1 13
Increment:diff x2 44
Increment:diff x1 14
Increment:diff x2 45
Increment:diff x1 15
Increment:diff x2 46
Increment:diff x1 16
Increment:diff x2 47
Increment:diff x1 17
Increment:diff x2 48
Increment:diff x1 18
Increment:diff x2 49
Increment:diff x1 19
Increment:diff x2 50
Increment:diff x1 20
Increment:diff x2 51
Increment:diff x1 21
Increment:diff x2 52
Increment:diff x1 22
Increment:diff x2 53
Increment:diff x1 23
Increment:diff x2 54
Increment:diff x1 24
Increment:diff x2 55
Increment:diff x1 25
Increment:diff x2 56
Increment:diff x1 26
Increment:diff x2 57
Increment:diff x1 27
Increment:diff x2 58
Increment:diff x1 28
Increment:diff x2 59
Increment:diff x1 29
Increment:diff x2 60
Increment:diff x1 30
Increment:diff x2 61
Increment:diff x1 31
Increment:diff x2 62
Increment:diff x1 32
Increment:diff x2 63
Increment:diff x1 33
Increment:diff x2 64
Info     : Prepare ensemble configuration
Info     : Read full ensemble
Info     : Creating central block: 
Info     : SaberCentralBlock using multivariate strategy: deprecated
Info     : Creating single central block.
Info     : Read data

==================================================================================
 saber::Diffusion read
----------------------------------------------------------------------------------

group 1 of 1
atlas::mpi::push(world)
atlas::mpi::pop(world)
variables: [water_vapor_mixing_ratio_wrt_moist_air,air_pressure_at_surface,air_temperature,northward_wind,eastward_wind,cloud_liquid_water,cloud_liquid_ice,rain_water,snow_water,graupel,equivalent_reflectivity_factor,upward_air_velocity]
multivariate strategy: duplicated
Reading horizontal parameters
  levels: 1
Key "mesh[address=0x7d451d0]" not found in cache "NodeColumnsGatherScatterCache" , creating new, removable with key "mesh[address=0x7d451d0]"
  Info     : Reading file: data/diffusionloc/mpas_conus3km.diffusion_hz.nc
atlas::mpi::push(world)
atlas::mpi::pop(world)
  hzScales:  min: 4087.19  mean: 4087.19  max: 4087.19
  hzNorm:    min: 2.4414  mean: 3.71484  max: 4.05626
Reading vertical parameters
  levels: 59
  vertical strategy: normal
  Info     : Reading file: data/diffusionloc/mpas_conus3km.diffusion_vt.nc
atlas::mpi::push(world)
atlas::mpi::pop(world)
  vtScales:  min: 11  mean: 11  max: 11
  vtNorm:    min: 3.7178  mean: 4.83632  max: 5.25235
Diffusion: horizontal iterations: 6
Diffusion: vertical iterations: 242
Increment:diff x1 2
Increment:diff x2 1
==================================================================================

CostJb: FG-BG
  Valid time: 2026-05-24T21:00:00Z
  Resolution: nCellsGlobal = 2341818, nFields = 12
Fld=1  Min=0, Max=0, RMS=0 : water_vapor_mixing_ratio_wrt_moist_air
Fld=2  Min=0, Max=0, RMS=0 : air_pressure_at_surface
Fld=3  Min=0, Max=0, RMS=0 : air_temperature
Fld=4  Min=0, Max=0, RMS=0 : northward_wind
Fld=5  Min=0, Max=0, RMS=0 : eastward_wind
Fld=6  Min=0, Max=0, RMS=0 : cloud_liquid_water
Fld=7  Min=0, Max=0, RMS=0 : cloud_liquid_ice
Fld=8  Min=0, Max=0, RMS=0 : rain_water
Fld=9  Min=0, Max=0, RMS=0 : snow_water
Fld=10  Min=0, Max=0, RMS=0 : graupel
Fld=11  Min=0, Max=0, RMS=0 : equivalent_reflectivity_factor
Fld=12  Min=0, Max=0, RMS=0 : upward_air_velocity
Increment:diff x1 2
Increment:diff x2 1
CostJb: FG-BG
  Valid time: 2026-05-24T21:00:00Z
  Resolution: nCellsGlobal = 2341818, nFields = 12
Fld=1  Min=0, Max=0, RMS=0 : water_vapor_mixing_ratio_wrt_moist_air
Fld=2  Min=0, Max=0, RMS=0 : air_pressure_at_surface
Fld=3  Min=0, Max=0, RMS=0 : air_temperature
Fld=4  Min=0, Max=0, RMS=0 : northward_wind
Fld=5  Min=0, Max=0, RMS=0 : eastward_wind
Fld=6  Min=0, Max=0, RMS=0 : cloud_liquid_water
Fld=7  Min=0, Max=0, RMS=0 : cloud_liquid_ice
Fld=8  Min=0, Max=0, RMS=0 : rain_water
Fld=9  Min=0, Max=0, RMS=0 : snow_water
Fld=10  Min=0, Max=0, RMS=0 : graupel
Fld=11  Min=0, Max=0, RMS=0 : equivalent_reflectivity_factor
Fld=12  Min=0, Max=0, RMS=0 : upward_air_velocity
CostFunction: Nonlinear J = 1.71154e+06
OOPS_STATS IncrementalAssimilation linearize 0      - Runtime:   162.22 sec,  Local Memory:     7.26 GB

DRPCGMinimizer: max iter = 75, requested norm reduction = 0.001
CostFunction::computeGradientFG: gradient:
  Valid time: 2026-05-24T21:00:00Z
  Resolution: nCellsGlobal = 2341818, nFields = 12
Fld=1  Min=0, Max=0, RMS=0 : water_vapor_mixing_ratio_wrt_moist_air
Fld=2  Min=0, Max=0, RMS=0 : air_pressure_at_surface
Fld=3  Min=0, Max=0, RMS=0 : air_temperature
Fld=4  Min=0, Max=0, RMS=0 : northward_wind
Fld=5  Min=0, Max=0, RMS=0 : eastward_wind
Fld=6  Min=0, Max=0, RMS=0 : cloud_liquid_water
Fld=7  Min=0, Max=0, RMS=0 : cloud_liquid_ice
Fld=8  Min=0, Max=0, RMS=0 : rain_water
Fld=9  Min=0, Max=0, RMS=0 : snow_water
Fld=10  Min=0, Max=0, RMS=0 : graupel
Fld=11  Min=-1.75806, Max=1.86779, RMS=0.0183212 : equivalent_reflectivity_factor
Fld=12  Min=0, Max=0, RMS=0 : upward_air_velocity
DRPCGMinimizer rhs
  Valid time: 2026-05-24T21:00:00Z
  Resolution: nCellsGlobal = 2341818, nFields = 12
Fld=1  Min=-0, Max=-0, RMS=0 : water_vapor_mixing_ratio_wrt_moist_air
Fld=2  Min=-0, Max=-0, RMS=0 : air_pressure_at_surface
Fld=3  Min=-0, Max=-0, RMS=0 : air_temperature
Fld=4  Min=-0, Max=-0, RMS=0 : northward_wind
Fld=5  Min=-0, Max=-0, RMS=0 : eastward_wind
Fld=6  Min=-0, Max=-0, RMS=0 : cloud_liquid_water
Fld=7  Min=-0, Max=-0, RMS=0 : cloud_liquid_ice
Fld=8  Min=-0, Max=-0, RMS=0 : rain_water
Fld=9  Min=-0, Max=-0, RMS=0 : snow_water
Fld=10  Min=-0, Max=-0, RMS=0 : graupel
Fld=11  Min=-1.86779, Max=1.75806, RMS=0.0183212 : equivalent_reflectivity_factor
Fld=12  Min=-0, Max=-0, RMS=0 : upward_air_velocity
Initial RHS squared norm = 46378.2
OOPS_STATS DRPCG start                              - Runtime:   162.36 sec,  Local Memory:     7.26 GB
normr0 46378.2
  Residual norm ( 0) = 8342.038297947061
  Norm reduction ( 0) = 1

  Quadratic cost function: J   ( 0) = 1711539.524190322
  Quadratic cost function: Jb  ( 0) = 0
  Quadratic cost function: JoJc( 0) = 1711539.524190322


 DRPCG Starting Iteration 1
OOPS_STATS DRPCG iteration 1                        - Runtime:   168.05 sec,  Local Memory:     7.26 GB
rdots 2.98549e+07      iteration    0
DRPCG end of iteration 1
  Residual norm ( 1) = 5463.960166548581
  Norm reduction ( 1) = 0.65499101914855

  Quadratic cost function: J   ( 1) = 1100393.96788533
  Quadratic cost function: Jb  ( 1) = 10734.33027581219
  Quadratic cost function: JoJc( 1) = 1089659.637609518

 DRPCG Starting Iteration 2
OOPS_STATS DRPCG iteration 2                        - Runtime:   173.67 sec,  Local Memory:     7.26 GB
rdots 1.46453e+07      iteration    1
DRPCG end of iteration 2
  Residual norm ( 2) = 3826.916130115989
  Norm reduction ( 2) = 0.4587507265529788

  Quadratic cost function: J   ( 2) = 873938.3915218327
  Quadratic cost function: Jb  ( 2) = 23598.66114275016
  Quadratic cost function: JoJc( 2) = 850339.7303790825

 DRPCG Starting Iteration 3
OOPS_STATS DRPCG iteration 3                        - Runtime:   179.50 sec,  Local Memory:     7.26 GB
rdots 8.15558e+06      iteration    2
DRPCG end of iteration 3
  Residual norm ( 3) = 2855.798043906264
  Norm reduction ( 3) = 0.3423381602802116

  Quadratic cost function: J   ( 3) = 757649.9346489408
  Quadratic cost function: Jb  ( 3) = 35866.98798060583
  Quadratic cost function: JoJc( 3) = 721782.946668335

 DRPCG Starting Iteration 4
OOPS_STATS DRPCG iteration 4                        - Runtime:   185.28 sec,  Local Memory:     7.26 GB
rdots 5.33877e+06      iteration    3
DRPCG end of iteration 4
  Residual norm ( 4) = 2310.577052017675
  Norm reduction ( 4) = 0.2769799141999022

  Quadratic cost function: J   ( 4) = 688728.8497283561
  Quadratic cost function: Jb  ( 4) = 47268.16334349412
  Quadratic cost function: JoJc( 4) = 641460.6863848621

 DRPCG Starting Iteration 5
OOPS_STATS DRPCG iteration 5                        - Runtime:   191.00 sec,  Local Memory:     7.26 GB
rdots 3.50449e+06      iteration    4
DRPCG end of iteration 5
  Residual norm ( 5) = 1872.029636741414
  Norm reduction ( 5) = 0.2244091395746903

  Quadratic cost function: J   ( 5) = 642475.0990072181
  Quadratic cost function: Jb  ( 5) = 58264.98776035429
  Quadratic cost function: JoJc( 5) = 584210.1112468638

 DRPCG Starting Iteration 6
rdots 2.4792e+06      iteration    5
DRPCG end of iteration 6
  Residual norm ( 6) = 1574.546271816833
  Norm reduction ( 6) = 0.1887483868546039

  Quadratic cost function: J   ( 6) = 611500.0878875172
  Quadratic cost function: Jb  ( 6) = 68215.31099392797
  Quadratic cost function: JoJc( 6) = 543284.7768935892

 DRPCG Starting Iteration 7
rdots 1.84517e+06      iteration    6
DRPCG end of iteration 7
  Residual norm ( 7) = 1358.368694166858
  Norm reduction ( 7) = 0.1628341474410573

  Quadratic cost function: J   ( 7) = 590042.967816602
  Quadratic cost function: Jb  ( 7) = 77080.30506592305
  Quadratic cost function: JoJc( 7) = 512962.662750679

 DRPCG Starting Iteration 8
rdots 1.3374e+06      iteration    7
DRPCG end of iteration 8
  Residual norm ( 8) = 1156.458674167258
  Norm reduction ( 8) = 0.1386302283522071

  Quadratic cost function: J   ( 8) = 574218.043508064
  Quadratic cost function: Jb  ( 8) = 85205.20703352777
  Quadratic cost function: JoJc( 8) = 489012.8364745362

 DRPCG Starting Iteration 9
rdots 913660      iteration    8
DRPCG end of iteration 9
  Residual norm ( 9) = 955.8557440812895
  Norm reduction ( 9) = 0.1145829963782978

  Quadratic cost function: J   ( 9) = 562699.1113763896
  Quadratic cost function: Jb  ( 9) = 92361.38041203408
  Quadratic cost function: JoJc( 9) = 470337.7309643555

 DRPCG Starting Iteration 10
OOPS_STATS DRPCG iteration 10                       - Runtime:   220.95 sec,  Local Memory:     7.26 GB
rdots 660692      iteration    9
DRPCG end of iteration 10
  Residual norm (10) = 812.8297366669404
  Norm reduction (10) = 0.09743778530326028

  Quadratic cost function: J   (10) = 553569.9946553367
  Quadratic cost function: Jb  (10) = 99121.77770755523
  Quadratic cost function: JoJc(10) = 454448.2169477815

 DRPCG Starting Iteration 11
rdots 496655      iteration    10
DRPCG end of iteration 11
  Residual norm (11) = 704.7376080515149
  Norm reduction (11) = 0.08448026523984525

  Quadratic cost function: J   (11) = 547209.1529742093
  Quadratic cost function: Jb  (11) = 104644.1568556435
  Quadratic cost function: JoJc(11) = 442564.9961185658

 DRPCG Starting Iteration 12
rdots 357951      iteration    11
DRPCG end of iteration 12
  Residual norm (12) = 598.2897232397223
  Norm reduction (12) = 0.07171984853953006

  Quadratic cost function: J   (12) = 542414.4252731074
  Quadratic cost function: Jb  (12) = 109435.6564975928
  Quadratic cost function: JoJc(12) = 432978.7687755146

 DRPCG Starting Iteration 13
rdots 254897      iteration    12
DRPCG end of iteration 13
  Residual norm (13) = 504.8728094930568
  Norm reduction (13) = 0.06052151661990137

  Quadratic cost function: J   (13) = 538729.3209634819
  Quadratic cost function: Jb  (13) = 113633.2671865432
  Quadratic cost function: JoJc(13) = 425096.0537769386

 DRPCG Starting Iteration 14
rdots 192573      iteration    13
DRPCG end of iteration 14
  Residual norm (14) = 438.8309349587723
  Norm reduction (14) = 0.05260476148458425

  Quadratic cost function: J   (14) = 536009.387525632
  Quadratic cost function: Jb  (14) = 117131.6654135074
  Quadratic cost function: JoJc(14) = 418877.7221121247

 DRPCG Starting Iteration 15
OOPS_STATS DRPCG iteration 15                       - Runtime:   250.79 sec,  Local Memory:     7.26 GB
rdots 148545      iteration    14
DRPCG end of iteration 15
  Residual norm (15) = 385.4155419198454
  Norm reduction (15) = 0.04620160303204248

  Quadratic cost function: J   (15) = 534152.9216281367
  Quadratic cost function: Jb  (15) = 119788.7755243409
  Quadratic cost function: JoJc(15) = 414364.1461037957

 DRPCG Starting Iteration 16
rdots 112499      iteration    15
DRPCG end of iteration 16
  Residual norm (16) = 335.4092876155869
  Norm reduction (16) = 0.0402071143329718

  Quadratic cost function: J   (16) = 532763.5300804963
  Quadratic cost function: Jb  (16) = 121974.1564148059
  Quadratic cost function: JoJc(16) = 410789.3736656904

 DRPCG Starting Iteration 17
rdots 78515.2      iteration    16
DRPCG end of iteration 17
  Residual norm (17) = 280.2055941706219
  Norm reduction (17) = 0.03358958376390807

  Quadratic cost function: J   (17) = 531677.6526383115
  Quadratic cost function: Jb  (17) = 123841.0818097517
  Quadratic cost function: JoJc(17) = 407836.5708285598

 DRPCG Starting Iteration 18
rdots 59828.1      iteration    17
DRPCG end of iteration 18
  Residual norm (18) = 244.5977697781687
  Norm reduction (18) = 0.02932110367299118

  Quadratic cost function: J   (18) = 530902.1277281181
  Quadratic cost function: Jb  (18) = 125289.5144311588
  Quadratic cost function: JoJc(18) = 405612.6132969593

 DRPCG Starting Iteration 19
rdots 41052.6      iteration    18
DRPCG end of iteration 19
  Residual norm (19) = 202.6143667821641
  Norm reduction (19) = 0.02428835250397095

  Quadratic cost function: J   (19) = 530301.1159849404
  Quadratic cost function: Jb  (19) = 126502.339676542
  Quadratic cost function: JoJc(19) = 403798.7763083985

 DRPCG Starting Iteration 20
OOPS_STATS DRPCG iteration 20                       - Runtime:   280.87 sec,  Local Memory:     7.26 GB
rdots 30300.4      iteration    19
DRPCG end of iteration 20
  Residual norm (20) = 174.0701481898063
  Norm reduction (20) = 0.02086662059950554

  Quadratic cost function: J   (20) = 529854.3201574907
  Quadratic cost function: Jb  (20) = 127473.6178533585
  Quadratic cost function: JoJc(20) = 402380.7023041322

 DRPCG Starting Iteration 21
rdots 21833.8      iteration    20
DRPCG end of iteration 21
  Residual norm (21) = 147.7625186974421
  Norm reduction (21) = 0.01771299931981921

  Quadratic cost function: J   (21) = 529525.9070337187
  Quadratic cost function: Jb  (21) = 128239.6601701597
  Quadratic cost function: JoJc(21) = 401286.246863559

 DRPCG Starting Iteration 22
rdots 16530.2      iteration    21
DRPCG end of iteration 22
  Residual norm (22) = 128.5700071857769
  Norm reduction (22) = 0.01541230123786622

  Quadratic cost function: J   (22) = 529296.2940244796
  Quadratic cost function: Jb  (22) = 128811.1771371859
  Quadratic cost function: JoJc(22) = 400485.1168872937

 DRPCG Starting Iteration 23
rdots 12029.4      iteration    22
DRPCG end of iteration 23
  Residual norm (23) = 109.6787996608422
  Norm reduction (23) = 0.01314772190482915

  Quadratic cost function: J   (23) = 529124.6693957858
  Quadratic cost function: Jb  (23) = 129264.945632978
  Quadratic cost function: JoJc(23) = 399859.7237628077

 DRPCG Starting Iteration 24
rdots 9161.86      iteration    23
DRPCG end of iteration 24
  Residual norm (24) = 95.71761360491251
  Norm reduction (24) = 0.01147412780740508

  Quadratic cost function: J   (24) = 528998.4640504676
  Quadratic cost function: Jb  (24) = 129618.3903729554
  Quadratic cost function: JoJc(24) = 399380.0736775122

 DRPCG Starting Iteration 25
OOPS_STATS DRPCG iteration 25                       - Runtime:   311.95 sec,  Local Memory:     7.26 GB
rdots 6365.34      iteration    24
DRPCG end of iteration 25
  Residual norm (25) = 79.78307754182019
  Norm reduction (25) = 0.009563978813362012

  Quadratic cost function: J   (25) = 528906.9156532958
  Quadratic cost function: Jb  (25) = 129888.9974456639
  Quadratic cost function: JoJc(25) = 399017.9182076319

 DRPCG Starting Iteration 26
rdots 4764.88      iteration    25
DRPCG end of iteration 26
  Residual norm (26) = 69.02811208197207
  Norm reduction (26) = 0.008274729702327019

  Quadratic cost function: J   (26) = 528838.1332031973
  Quadratic cost function: Jb  (26) = 130103.0595715163
  Quadratic cost function: JoJc(26) = 398735.0736316809

 DRPCG Starting Iteration 27
rdots 3510.44      iteration    26
DRPCG end of iteration 27
  Residual norm (27) = 59.24898011050748
  Norm reduction (27) = 0.007102458415359757

  Quadratic cost function: J   (27) = 528787.9776082039
  Quadratic cost function: Jb  (27) = 130267.0923928758
  Quadratic cost function: JoJc(27) = 398520.8852153281

 DRPCG Starting Iteration 28
rdots 2713.48      iteration    27
DRPCG end of iteration 28
  Residual norm (28) = 52.09103249499451
  Norm reduction (28) = 0.006244401024604969

  Quadratic cost function: J   (28) = 528752.0922414726
  Quadratic cost function: Jb  (28) = 130390.0477651174
  Quadratic cost function: JoJc(28) = 398362.0444763552

 DRPCG Starting Iteration 29
rdots 1982.53      iteration    28
DRPCG end of iteration 29
  Residual norm (29) = 44.52557062329623
  Norm reduction (29) = 0.005337492952322429

  Quadratic cost function: J   (29) = 528726.0946672861
  Quadratic cost function: Jb  (29) = 130483.070948132
  Quadratic cost function: JoJc(29) = 398243.0237191541

 DRPCG Starting Iteration 30
OOPS_STATS DRPCG iteration 30                       - Runtime:   343.56 sec,  Local Memory:     7.26 GB
rdots 1456.75      iteration    29
DRPCG end of iteration 30
  Residual norm (30) = 38.16733624855782
  Norm reduction (30) = 0.004575301009820422

  Quadratic cost function: J   (30) = 528706.3318866533
  Quadratic cost function: Jb  (30) = 130556.7842134907
  Quadratic cost function: JoJc(30) = 398149.5476731626

 DRPCG Starting Iteration 31
rdots 1022.67      iteration    30
DRPCG end of iteration 31
  Residual norm (31) = 31.97921414432825
  Norm reduction (31) = 0.00383350123820436

  Quadratic cost function: J   (31) = 528691.9043796356
  Quadratic cost function: Jb  (31) = 130612.8017811531
  Quadratic cost function: JoJc(31) = 398079.1025984825

 DRPCG Starting Iteration 32
rdots 746.539      iteration    31
DRPCG end of iteration 32
  Residual norm (32) = 27.32286239792654
  Norm reduction (32) = 0.003275322100193496

  Quadratic cost function: J   (32) = 528680.7309864936
  Quadratic cost function: Jb  (32) = 130657.9340713116
  Quadratic cost function: JoJc(32) = 398022.796915182

 DRPCG Starting Iteration 33
rdots 538.007      iteration    32
DRPCG end of iteration 33
  Residual norm (33) = 23.19498711883686
  Norm reduction (33) = 0.002780493962074598

  Quadratic cost function: J   (33) = 528672.5731351774
  Quadratic cost function: Jb  (33) = 130692.2023729716
  Quadratic cost function: JoJc(33) = 397980.3707622058

 DRPCG Starting Iteration 34
rdots 396.673      iteration    33
DRPCG end of iteration 34
  Residual norm (34) = 19.91666101167446
  Norm reduction (34) = 0.00238750534345735

  Quadratic cost function: J   (34) = 528666.7506735357
  Quadratic cost function: Jb  (34) = 130717.5921558278
  Quadratic cost function: JoJc(34) = 397949.158517708

 DRPCG Starting Iteration 35
OOPS_STATS DRPCG iteration 35                       - Runtime:   375.79 sec,  Local Memory:     7.26 GB
rdots 299.029      iteration    34
DRPCG end of iteration 35
  Residual norm (35) = 17.29245265410964
  Norm reduction (35) = 0.002072928945718846

  Quadratic cost function: J   (35) = 528662.6331438082
  Quadratic cost function: Jb  (35) = 130736.1900051502
  Quadratic cost function: JoJc(35) = 397926.4431386581

 DRPCG Starting Iteration 36
rdots 215.09      iteration    35
DRPCG end of iteration 36
  Residual norm (36) = 14.66593527429919
  Norm reduction (36) = 0.001758075754448216

  Quadratic cost function: J   (36) = 528659.5664973033
  Quadratic cost function: Jb  (36) = 130750.5152028175
  Quadratic cost function: JoJc(36) = 397909.0512944858

 DRPCG Starting Iteration 37
rdots 163.127      iteration    36
DRPCG end of iteration 37
  Residual norm (37) = 12.77211088997437
  Norm reduction (37) = 0.001531053974316748

  Quadratic cost function: J   (37) = 528657.2782436134
  Quadratic cost function: Jb  (37) = 130761.5635471119
  Quadratic cost function: JoJc(37) = 397895.7146965015

 DRPCG Starting Iteration 38
rdots 121.4      iteration    37
DRPCG end of iteration 38
  Residual norm (38) = 11.01818741619304
  Norm reduction (38) = 0.001320802784962588

  Quadratic cost function: J   (38) = 528655.7177383336
  Quadratic cost function: Jb  (38) = 130769.3360370042
  Quadratic cost function: JoJc(38) = 397886.3817013294

 DRPCG Starting Iteration 39
rdots 83.5926      iteration    38
DRPCG end of iteration 39
  Residual norm (39) = 9.142900074825517
  Norm reduction (39) = 0.00109600312876477

  Quadratic cost function: J   (39) = 528654.4744369988
  Quadratic cost function: Jb  (39) = 130775.7175835173
  Quadratic cost function: JoJc(39) = 397878.7568534816

 DRPCG Starting Iteration 40
OOPS_STATS DRPCG iteration 40                       - Runtime:   407.88 sec,  Local Memory:     7.26 GB
rdots 62.1131      iteration    39
DRPCG end of iteration 40
  Residual norm (40) = 7.881187973133122
  Norm reduction (40) = 0.0009447556690158866

  Quadratic cost function: J   (40) = 528653.574923055
  Quadratic cost function: Jb  (40) = 130780.4760769366
  Quadratic cost function: JoJc(40) = 397873.0988461184

DRPCG: Achieved required reduction in residual norm.
OOPS_STATS DRPCG end                                - Runtime:   414.29 sec,  Local Memory:     7.26 GB
DRPCGMinimizer: reduction in residual norm = 0.000944756
DRPCGMinimizer output increment:
  Valid time: 2026-05-24T21:00:00Z
  Resolution: nCellsGlobal = 2341818, nFields = 12
Fld=1  Min=-0.0109825, Max=0.011034, RMS=0.000108784 : water_vapor_mixing_ratio_wrt_moist_air
Fld=2  Min=-101.384, Max=86.5998, RMS=2.13878 : air_pressure_at_surface
Fld=3  Min=-9.14394, Max=13.4053, RMS=0.0957354 : air_temperature
Fld=4  Min=-21.8898, Max=18.0914, RMS=0.327685 : northward_wind
Fld=5  Min=-35.395, Max=22.8436, RMS=0.34198 : eastward_wind
Fld=6  Min=-0.00584609, Max=0.00556522, RMS=2.43889e-05 : cloud_liquid_water
Fld=7  Min=-0.00187251, Max=0.00353933, RMS=4.65386e-06 : cloud_liquid_ice
Fld=8  Min=-0.00997806, Max=0.00570806, RMS=5.05391e-05 : rain_water
Fld=9  Min=-0.0070881, Max=0.00616525, RMS=6.47217e-05 : snow_water
Fld=10  Min=-0.00926378, Max=0.00961277, RMS=3.98863e-05 : graupel
Fld=11  Min=-104.303, Max=80.1271, RMS=2.57307 : equivalent_reflectivity_factor
Fld=12  Min=0, Max=0, RMS=0 : upward_air_velocity
CostFunction::addIncrement: First guess:
  Valid time: 2026-05-24T21:00:00Z
  Resolution: nCellsGlobal = 2341818, nFields = 35
Fld=1  Min=0, Max=0.0222783, RMS=0.00599449 : water_vapor_mixing_ratio_wrt_moist_air
Fld=2  Min=63860.8, Max=103542, RMS=96624.3 : air_pressure_at_surface
Fld=3  Min=182.492, Max=312.493, RMS=260.685 : air_temperature
Fld=4  Min=-45.6581, Max=49.6403, RMS=6.69242 : northward_wind
Fld=5  Min=-22.2395, Max=66.326, RMS=11.1523 : eastward_wind
Fld=6  Min=273.067, Max=646.056, RMS=356.154 : air_potential_temperature
Fld=7  Min=0.0385627, Max=1.28554, RMS=0.781657 : dry_air_density
Fld=8  Min=-67.837, Max=67.8442, RMS=9.27888 : u
Fld=9  Min=0, Max=0.022786, RMS=0.00606744 : water_vapor_mixing_ratio_wrt_dry_air
Fld=10  Min=2444.66, Max=103431, RMS=64391.4 : air_pressure
Fld=11  Min=0, Max=1, RMS=0.790008 : landmask
Fld=12  Min=0, Max=1, RMS=0.0621682 : seaice_fraction
Fld=13  Min=0, Max=1, RMS=0.0629136 : snowc
Fld=14  Min=265.684, Max=322.501, RMS=297.612 : skin_temperature_at_surface
Fld=15  Min=1, Max=19, RMS=12.7664 : ivgtyp
Fld=16  Min=1, Max=16, RMS=9.97061 : isltyp
Fld=17  Min=0, Max=7.5, RMS=0.167812 : snowh
Fld=18  Min=0, Max=0.912084, RMS=0.394497 : vegetation_area_fraction
Fld=19  Min=268.849, Max=313.165, RMS=295.067 : air_temperature_at_2m
Fld=20  Min=0.00127872, Max=0.0227827, RMS=0.0111613 : water_vapor_mixing_ratio_wrt_moist_air_at_2m
Fld=21  Min=-17.676, Max=20.126, RMS=3.77289 : eastward_wind_at_10m
Fld=22  Min=-23.304, Max=19.6802, RMS=3.88271 : northward_wind_at_10m
Fld=23  Min=0, Max=6.53724, RMS=1.54659 : lai
Fld=24  Min=0.00200001, Max=1, RMS=0.634552 : smois
Fld=25  Min=262.571, Max=322.501, RMS=292.304 : tslb
Fld=26  Min=-915.678, Max=5962.27, RMS=3196.5 : pressure_p
Fld=27  Min=0, Max=0.00892079, RMS=6.45925e-05 : cloud_liquid_water
Fld=28  Min=0, Max=0.00428382, RMS=7.93852e-06 : cloud_liquid_ice
Fld=29  Min=0, Max=0.0181721, RMS=4.73772e-05 : graupel
Fld=30  Min=0, Max=0.0136413, RMS=7.38038e-05 : rain_water
Fld=31  Min=0, Max=0.0069084, RMS=8.67197e-05 : snow_water
Fld=32  Min=0, Max=1, RMS=0.235178 : cldfrac
Fld=33  Min=0, Max=72.9549, RMS=4.78747 : equivalent_reflectivity_factor
Fld=34  Min=-10.9932, Max=53.9057, RMS=0.245655 : w
Fld=35  Min=0, Max=0, RMS=0 : upward_air_velocity
CostFunction::addIncrement: Increment:
  Valid time: 2026-05-24T21:00:00Z
  Resolution: nCellsGlobal = 2341818, nFields = 12
Fld=1  Min=-0.0109825, Max=0.011034, RMS=0.000108784 : water_vapor_mixing_ratio_wrt_moist_air
Fld=2  Min=-101.384, Max=86.5998, RMS=2.13878 : air_pressure_at_surface
Fld=3  Min=-9.14394, Max=13.4053, RMS=0.0957354 : air_temperature
Fld=4  Min=-21.8898, Max=18.0914, RMS=0.327685 : northward_wind
Fld=5  Min=-35.395, Max=22.8436, RMS=0.34198 : eastward_wind
Fld=6  Min=-0.00584609, Max=0.00556522, RMS=2.43889e-05 : cloud_liquid_water
Fld=7  Min=-0.00187251, Max=0.00353933, RMS=4.65386e-06 : cloud_liquid_ice
Fld=8  Min=-0.00997806, Max=0.00570806, RMS=5.05391e-05 : rain_water
Fld=9  Min=-0.0070881, Max=0.00616525, RMS=6.47217e-05 : snow_water
Fld=10  Min=-0.00926378, Max=0.00961277, RMS=3.98863e-05 : graupel
Fld=11  Min=-104.303, Max=80.1271, RMS=2.57307 : equivalent_reflectivity_factor
Fld=12  Min=0, Max=0, RMS=0 : upward_air_velocity
CostFunction::addIncrement: Analysis: 
  Valid time: 2026-05-24T21:00:00Z
  Resolution: nCellsGlobal = 2341818, nFields = 35
Fld=1  Min=0, Max=0.024583, RMS=0.00599407 : water_vapor_mixing_ratio_wrt_moist_air
Fld=2  Min=63861, Max=103542, RMS=96624.3 : air_pressure_at_surface
Fld=3  Min=181.034, Max=312.493, RMS=260.686 : air_temperature
Fld=4  Min=-45.6581, Max=49.6403, RMS=6.69528 : northward_wind
Fld=5  Min=-24.181, Max=66.326, RMS=11.1548 : eastward_wind
Fld=6  Min=272.964, Max=646.056, RMS=356.155 : air_potential_temperature
Fld=7  Min=0.0380863, Max=1.28554, RMS=0.781653 : dry_air_density
Fld=8  Min=-67.837, Max=67.8442, RMS=9.28095 : u
Fld=9  Min=0, Max=0.0252026, RMS=0.00606703 : water_vapor_mixing_ratio_wrt_dry_air
Fld=10  Min=2414.55, Max=103431, RMS=64391.4 : air_pressure
Fld=11  Min=0, Max=1, RMS=0.790008 : landmask
Fld=12  Min=0, Max=1, RMS=0.0621682 : seaice_fraction
Fld=13  Min=0, Max=1, RMS=0.0629136 : snowc
Fld=14  Min=265.684, Max=322.501, RMS=297.612 : skin_temperature_at_surface
Fld=15  Min=1, Max=19, RMS=12.7664 : ivgtyp
Fld=16  Min=1, Max=16, RMS=9.97061 : isltyp
Fld=17  Min=0, Max=7.5, RMS=0.167812 : snowh
Fld=18  Min=0, Max=0.912084, RMS=0.394497 : vegetation_area_fraction
Fld=19  Min=268.849, Max=313.165, RMS=295.072 : air_temperature_at_2m
Fld=20  Min=0.0012787, Max=0.0227773, RMS=0.0111614 : water_vapor_mixing_ratio_wrt_moist_air_at_2m
Fld=21  Min=-17.676, Max=20.126, RMS=3.77289 : eastward_wind_at_10m
Fld=22  Min=-23.304, Max=19.6802, RMS=3.88271 : northward_wind_at_10m
Fld=23  Min=0, Max=6.53724, RMS=1.54659 : lai
Fld=24  Min=0.00200001, Max=1, RMS=0.634552 : smois
Fld=25  Min=262.571, Max=322.501, RMS=292.304 : tslb
Fld=26  Min=-967.325, Max=5962.5, RMS=3196.52 : pressure_p
Fld=27  Min=0, Max=0.00892079, RMS=6.42069e-05 : cloud_liquid_water
Fld=28  Min=0, Max=0.00416989, RMS=8.30063e-06 : cloud_liquid_ice
Fld=29  Min=0, Max=0.0155612, RMS=4.42701e-05 : graupel
Fld=30  Min=0, Max=0.00951661, RMS=6.45046e-05 : rain_water
Fld=31  Min=0, Max=0.00801254, RMS=8.86318e-05 : snow_water
Fld=32  Min=0, Max=1, RMS=0.235178 : cldfrac
Fld=33  Min=0, Max=112.203, RMS=4.27908 : equivalent_reflectivity_factor
Fld=34  Min=-10.9932, Max=53.9057, RMS=0.245655 : w
Fld=35  Min=0, Max=0, RMS=0 : upward_air_velocity
OOPS_STATS IncrementalAssimilation end              - Runtime:   414.50 sec,  Local Memory:     7.26 GB
Variational: incremental assimilation done 1 iterations.
QC refl10cm equivalentReflectivityFactor: 134585 H(x) failed.
QC refl10cm equivalentReflectivityFactor: 7 rejected by first-guess check.
QC refl10cm equivalentReflectivityFactor: 3780397 passed out of 3914989 observations.
ObsErrorDiagonal covariance updated 3780397
Observer::finalize QC = 
refl10cm equivalentReflectivityFactor nlocs = 3914989, nobs = 3914989, min = 0, max = 19, avg = 0
Jo Observations:
Jo Obs :refl10cm:equivalentReflectivityFactor   : Nobs=  3780397, Min= 0.000000e+00, Max= 6.006086e+01, RMS= 4.782943e+00
Jo Observations Equivalent:
Jo H(x):refl10cm:equivalentReflectivityFactor   : Nobs=  3780397, Min= 0.000000e+00, Max= 6.262501e+01, RMS= 4.303411e+00
Jo Bias Corrected Departures:
Jo Dep :refl10cm:equivalentReflectivityFactor   : Nobs=  3780397, Min=-5.398506e+01, Max= 5.500100e+01, RMS= 2.308093e+00
Jo Observations Errors:
UFO Diagonal observation error covariance, inverse variances: refl10cm nobs= 3780397 Min=0.04, Max=0.04, RMS=0.04



CostJo   : Nonlinear Jo(refl10cm) = 402786, nobs = 3780397, Jo/n = 0.106546, err = 5
CostJo   : Nonlinear Jo = 402786
Increment:diff x1 2
Increment:diff x2 1
CostJb: FG-BG
  Valid time: 2026-05-24T21:00:00Z
  Resolution: nCellsGlobal = 2341818, nFields = 12
Fld=1  Min=-0.0109825, Max=0.011034, RMS=0.000108328 : water_vapor_mixing_ratio_wrt_moist_air
Fld=2  Min=-101.384, Max=86.5998, RMS=2.13878 : air_pressure_at_surface
Fld=3  Min=-9.14394, Max=13.4053, RMS=0.0957354 : air_temperature
Fld=4  Min=-21.8898, Max=18.0914, RMS=0.327685 : northward_wind
Fld=5  Min=-35.395, Max=22.8436, RMS=0.34198 : eastward_wind
Fld=6  Min=-0.0035874, Max=0.00556522, RMS=1.94271e-05 : cloud_liquid_water
Fld=7  Min=-0.00137575, Max=0.00353933, RMS=4.14336e-06 : cloud_liquid_ice
Fld=8  Min=-0.00743861, Max=0.00570806, RMS=3.5389e-05 : rain_water
Fld=9  Min=-0.00486837, Max=0.00616525, RMS=5.90692e-05 : snow_water
Fld=10  Min=-0.00926378, Max=0.00961277, RMS=3.07012e-05 : graupel
Fld=11  Min=-67.7549, Max=80.1271, RMS=2.48232 : equivalent_reflectivity_factor
Fld=12  Min=0, Max=0, RMS=0 : upward_air_velocity
CostFunction: Nonlinear J = 402786
OOPS_STATS Variational end                          - Runtime:   419.23 sec,  Local Memory:     7.26 GB
==> destruct MPAS corelist and domain:  0
Tried to erase key "mesh[address=0x485fac0],halo[size=0]" from cache "NodeColumnsHaloExchangeCache" but it was not found.
Erased key "mesh[address=0x485fac0],halo[size=1]" from cache "NodeColumnsHaloExchangeCache".
==> destruct MPAS corelist and domain:  1
refl10cm: save database to jdiag_mrms_refl.nc (io pool size: 4)
QC refl10cm equivalentReflectivityFactor: 134585 H(x) failed.
QC refl10cm equivalentReflectivityFactor: 7 rejected by first-guess check.
QC refl10cm equivalentReflectivityFactor: 3780397 passed out of 3914989 observations.
Erased key "mesh[address=0x7d451d0]" from cache "NodeColumnsGatherScatterCache".
Tried to erase key "mesh[address=0x7d451d0],halo[size=0]" from cache "NodeColumnsHaloExchangeCache" but it was not found.
Erased key "mesh[address=0x7d451d0],halo[size=1]" from cache "NodeColumnsHaloExchangeCache".

Run: Finishing oops::Variational<MPAS, UFO and IODA observations>
OOPS_STATS  
OOPS_STATS ----------------------------------------------------------------------------------
OOPS_STATS --------------------------- Object counts ----------------------------------------
OOPS_STATS ----------------------------------------------------------------------------------
OOPS_STATS                                      Total  Simult. Remain    Avg (Mb)    HWM (Mb)
OOPS_STATS ioda::ObsDataVector             :        8       5        
OOPS_STATS ioda::ObsVector                 :      100       8        
OOPS_STATS mpas::Geometry                  :        2       2        
OOPS_STATS mpas::Increment                 :     2914     127        
OOPS_STATS mpas::LinVarChaModel2GeoVars    :        1       1        
OOPS_STATS mpas::ModelBias                 :        4       3        
OOPS_STATS mpas::ModelBiasCovariance       :        1       1        
OOPS_STATS mpas::State                     :       75      34        
OOPS_STATS mpas::VarChaModel2GeoVars       :        3       1        
OOPS_STATS oops::ControlIncrement          :      178      94               15.22     1430.72
OOPS_STATS oops::ControlVariable           :        4       3        
OOPS_STATS oops::Diffusion                 :        1       1        
OOPS_STATS oops::EnsembleCovariance        :        1       1             3553.05     3553.05
OOPS_STATS oops::GeoVaLs                   :       84       1        
OOPS_STATS oops::Geometry                  :        2       2        
OOPS_STATS oops::GetValues                 :        3       2        
OOPS_STATS oops::Increment                 :     2832     127               15.02     1932.99
OOPS_STATS oops::LinearObsOperator         :        1       1        
OOPS_STATS oops::LocalInterpolator         :     2400    1600        
OOPS_STATS oops::Localization              :        1       1        
OOPS_STATS oops::ModelAuxControl           :        4       3        
OOPS_STATS oops::ModelAuxCovariance        :        1       1        
OOPS_STATS oops::ModelAuxIncrement         :      178      94        
OOPS_STATS oops::ObsAuxControl             :        4       3        
OOPS_STATS oops::ObsAuxCovariance          :        1       1        
OOPS_STATS oops::ObsAuxIncrement           :      178      94        
OOPS_STATS oops::ObsAuxIncrements          :      178      94        
OOPS_STATS oops::ObsAuxPreconditioner      :        2       2        
OOPS_STATS oops::ObsDataVector             :        4       4        
OOPS_STATS oops::ObsDiagnostics            :        2       1        
OOPS_STATS oops::ObsError                  :        1       1        
OOPS_STATS oops::ObsOperator               :        2       2        
OOPS_STATS oops::ObsSpace                  :        1       1        
OOPS_STATS oops::ObsSpaces                 :        1       1        
OOPS_STATS oops::ObsVector                 :      100       7                0.04        0.23
OOPS_STATS oops::SampledLocations          :        8       4        
OOPS_STATS oops::State                     :       72      34               21.39      702.08
OOPS_STATS oops::UnstructuredInterpolator  :     2400    1600        
OOPS_STATS oops::VariableChange            :        3       1        
OOPS_STATS ufo::BackgroundCheck            :        1       1        
OOPS_STATS ufo::FinalCheck                 :        2       2        
OOPS_STATS ufo::GeoVaLs                    :       87       2        
OOPS_STATS ufo::ObsBias                    :        4       3        
OOPS_STATS ufo::ObsBiasCovariance          :        1       1        
OOPS_STATS ufo::ObsBiasPreconditioner      :        1       1        
OOPS_STATS ufo::ObsFilter                  :        9       6        
OOPS_STATS ufo::ObsFilterData              :        3       3        
OOPS_STATS ufo::ObsVertInterp              :        2       2        
OOPS_STATS ufo::ObsVertInterpTLAD          :        1       1        
OOPS_STATS ufo::SampledLocations           :        4       3        
OOPS_STATS ----------------------------- Object counts --------------------------------------
OOPS_STATS  
OOPS_STATS --------------------------------------------------------------------------------------------
OOPS_STATS ------------------------------------ Timing Statistics -------------------------------------
OOPS_STATS --------------------------------------------------------------------------------------------
OOPS_STATS Name                                                :   total (ms)   count    time/call (ms)
OOPS_STATS ObsFilter::Background Check::ObsFilter              :         0.11       1            0.1124
OOPS_STATS ObsFilter::Background Check::postFilter             :        24.03       1           24.0341
OOPS_STATS ObsFilter::Background Check::preProcess             :         0.00       1            0.0038
OOPS_STATS ObsFilter::Background Check::priorFilter            :         0.03       1            0.0264
OOPS_STATS ObsFilter::Final Check::ObsFilter                   :         0.01       2            0.0050
OOPS_STATS ObsFilter::Final Check::postFilter                  :         0.05       2            0.0227
OOPS_STATS ObsFilter::Final Check::preProcess                  :         0.00       2            0.0003
OOPS_STATS ObsFilter::Final Check::priorFilter                 :         0.00       2            0.0023
OOPS_STATS ObsFilter::QCmanager::ObsFilter                     :         0.20       2            0.0992
OOPS_STATS ObsFilter::QCmanager::postFilter                    :         0.22       2            0.1087
OOPS_STATS ObsFilter::QCmanager::preProcess                    :         0.00       2            0.0001
OOPS_STATS ObsFilter::QCmanager::priorFilter                   :         0.00       2            0.0001
OOPS_STATS ioda::ObsSpace::get_db(DateTime)                    :         0.70       4            0.1743
OOPS_STATS ioda::ObsSpace::get_db(double)                      :         0.29       5            0.0575
OOPS_STATS ioda::ObsSpace::get_db(float)                       :         0.65      12            0.0542
OOPS_STATS ioda::ObsSpace::load                                :       728.25       1          728.2529
OOPS_STATS ioda::ObsSpace::put_db(double)                      :         0.29       6            0.0481
OOPS_STATS ioda::ObsSpace::put_db(float)                       :         0.08       2            0.0405
OOPS_STATS ioda::ObsSpace::put_db(int)                         :         0.36       2            0.1800
OOPS_STATS mpas::LinVarChaModel2GeoVars::LinVarChaModel2GeoVar :         3.05       1            3.0464
OOPS_STATS mpas::LinVarChaModel2GeoVars::changeVarAD           :       994.35      41           24.2525
OOPS_STATS mpas::LinVarChaModel2GeoVars::changeVarTL           :       144.47      40            3.6116
OOPS_STATS mpas::LinVarChaModel2GeoVars::~LinVarChaModel2GeoVa :         0.03       1            0.0320
OOPS_STATS mpas::VarChaModel2GeoVars::VarChaModel2GeoVars      :         0.05       3            0.0169
OOPS_STATS mpas::VarChaModel2GeoVars::changeVar                :        14.28       3            4.7613
OOPS_STATS mpas::VarChaModel2GeoVars::~VarChaModel2GeoVars     :         0.01       3            0.0019
OOPS_STATS oops::Covariance::EnsembleCovariance                :    100435.91       1       100435.9134
OOPS_STATS oops::Covariance::ensemble::Constructor             :         0.01       1            0.0105
OOPS_STATS oops::Covariance::ensemble::multiply                :    229095.03      41         5587.6835
OOPS_STATS oops::Diffusion::Diffusion                          :         0.00       1            0.0002
OOPS_STATS oops::Diffusion::calculateDerivedGeom               :         1.94       1            1.9400
OOPS_STATS oops::Diffusion::multiplySqrtAD                     :     56398.94    1230           45.8528
OOPS_STATS oops::Diffusion::multiplySqrtTL                     :     48061.63    1230           39.0745
OOPS_STATS oops::Diffusion::setParameters                      :         5.38       1            5.3759
OOPS_STATS oops::GeoVaLs::GeoVaLs                              :        18.24      84            0.2172
OOPS_STATS oops::GeoVaLs::fill                                 :        28.26   28750            0.0010
OOPS_STATS oops::GeoVaLs::fillAD                               :        21.80   25625            0.0009
OOPS_STATS oops::GeoVaLs::~GeoVaLs                             :         0.50      84            0.0060
OOPS_STATS oops::Geometry::Geometry                            :     53819.10       2        26909.5476
OOPS_STATS oops::Geometry::variableSizes                       :         4.05      11            0.3681
OOPS_STATS oops::Geometry::~Geometry                           :       392.00       2          195.9976
OOPS_STATS oops::GeometryData::containingTriangleAndBarycentri :        44.83   20532            0.0022
OOPS_STATS oops::GeometryData::setGlobalTree                   :      1815.48       2          907.7397
OOPS_STATS oops::GeometryData::setLocalTree                    :         3.17       2            1.5853
OOPS_STATS oops::GeometryData::setMeshAndTriangulation         :         0.32       2            0.1625
OOPS_STATS oops::GetValues::GetValues                          :       252.01       3           84.0048
OOPS_STATS oops::GetValues::fillGeoVaLs                        :        48.61       3           16.2043
OOPS_STATS oops::GetValues::fillGeoVaLsAD                      :       114.22      41            2.7859
OOPS_STATS oops::GetValues::fillGeoVaLsTL                      :       729.06      40           18.2266
OOPS_STATS oops::GetValues::finalize                           :        17.26       3            5.7525
OOPS_STATS oops::GetValues::finalizeAD                         :       621.71      41           15.1637
OOPS_STATS oops::GetValues::finalizeTL                         :        98.65      40            2.4664
OOPS_STATS oops::GetValues::initialize                         :         2.19       3            0.7294
OOPS_STATS oops::GetValues::initializeAD                       :         4.78      41            0.1165
OOPS_STATS oops::GetValues::initializeTL                       :        16.67      40            0.4167
OOPS_STATS oops::GetValues::process                            :        16.77       3            5.5914
OOPS_STATS oops::GetValues::processAD                          :       123.53      41            3.0129
OOPS_STATS oops::GetValues::processTL                          :       133.45      40            3.3362
OOPS_STATS oops::Increment::Increment                          :     28923.95    2832           10.2133
OOPS_STATS oops::Increment::axpy                               :      5429.56     900            6.0328
OOPS_STATS oops::Increment::diff                               :       364.51      33           11.0458
OOPS_STATS oops::Increment::dot_product_with                   :      8400.10     984            8.5367
OOPS_STATS oops::Increment::fromFieldSet                       :     11001.16    1271            8.6555
OOPS_STATS oops::Increment::operator*=                         :       211.56     121            1.7484
OOPS_STATS oops::Increment::operator+=                         :     11308.06    1421            7.9578
OOPS_STATS oops::Increment::operator+=(State, Increment)       :        52.53       1           52.5258
OOPS_STATS oops::Increment::operator-=                         :       146.08      30            4.8693
OOPS_STATS oops::Increment::operator=                          :      6340.01    1568            4.0434
OOPS_STATS oops::Increment::print                              :     25904.35    1237           20.9413
OOPS_STATS oops::Increment::schur_product_with                 :     12348.35    2460            5.0197
OOPS_STATS oops::Increment::serialSize                         :         4.73     178            0.0266
OOPS_STATS oops::Increment::toFieldSet                         :     10417.35    1311            7.9461
OOPS_STATS oops::Increment::zero                               :       136.98     124            1.1047
OOPS_STATS oops::Increment::~Increment                         :       150.74    2832            0.0532
OOPS_STATS oops::LinearObsOper::refl10cm::LinearObsOperator    :         1.44       1            1.4351
OOPS_STATS oops::LinearObsOper::refl10cm::requiredVars         :         0.10      83            0.0012
OOPS_STATS oops::LinearObsOper::refl10cm::setTrajectory        :         0.91       1            0.9121
OOPS_STATS oops::LinearObsOper::refl10cm::simulateObsAD        :         2.82      41            0.0688
OOPS_STATS oops::LinearObsOper::refl10cm::simulateObsTL        :         5.87      40            0.1468
OOPS_STATS oops::LinearObsOper::refl10cm::~LinearObsOperator   :         0.03       1            0.0335
OOPS_STATS oops::LinearVariableChange::LinearVariableChange    :         0.10       1            0.0984
OOPS_STATS oops::LinearVariableChange::changeVarAD             :      1692.29      41           41.2754
OOPS_STATS oops::LinearVariableChange::changeVarTL             :       546.95      40           13.6737
OOPS_STATS oops::LinearVariableChange::changeVarTraj           :         3.06       1            3.0590
OOPS_STATS oops::LinearVariableChange::~LinearVariableChange   :         0.53       1            0.5330
OOPS_STATS oops::LocalInterpolator::LocalInterpolator          :        52.21    2400            0.0218
OOPS_STATS oops::LocalInterpolator::apply                      :        15.48    2400            0.0064
OOPS_STATS oops::LocalInterpolator::applyAD                    :       107.39   32800            0.0033
OOPS_STATS oops::LocalInterpolator::applyTL                    :       116.89   32000            0.0037
OOPS_STATS oops::LocalInterpolator::preprocess                 :      1141.98      43           26.5577
OOPS_STATS oops::LocalInterpolator::preprocessAD               :        56.02      41            1.3664
OOPS_STATS oops::LocalInterpolator::~LocalInterpolator         :         1.43    2400            0.0006
OOPS_STATS oops::Localization::Localization                    :      7614.62       1         7614.6210
OOPS_STATS oops::Localization::multiply                        :    185757.27    1230          151.0222
OOPS_STATS oops::Localization::~Localization                   :         0.34       1            0.3367
OOPS_STATS oops::ModelAuxControl::ModelAuxControl              :         0.01       4            0.0024
OOPS_STATS oops::ModelAuxControl::print                        :         0.00       3            0.0009
OOPS_STATS oops::ModelAuxControl::~ModelAuxControl             :         0.00       4            0.0008
OOPS_STATS oops::ModelAuxCovariance::ModelAuxCovariance        :         0.00       1            0.0046
OOPS_STATS oops::ModelAuxCovariance::linearize                 :         0.00       1            0.0001
OOPS_STATS oops::ModelAuxCovariance::multiply                  :         0.01      41            0.0003
OOPS_STATS oops::ModelAuxCovariance::~ModelAuxCovariance       :         0.00       1            0.0005
OOPS_STATS oops::ModelAuxIncrement::ModelAuxIncrement          :         0.16     178            0.0009
OOPS_STATS oops::ModelAuxIncrement::axpy                       :         0.38     900            0.0004
OOPS_STATS oops::ModelAuxIncrement::diff                       :         0.00       3            0.0005
OOPS_STATS oops::ModelAuxIncrement::dot_product_with           :         0.25     984            0.0002
OOPS_STATS oops::ModelAuxIncrement::operator*=                 :         0.04      79            0.0005
OOPS_STATS oops::ModelAuxIncrement::operator+=                 :         0.06     120            0.0005
OOPS_STATS oops::ModelAuxIncrement::operator+=ModelAuxControl  :         0.00       1            0.0001
OOPS_STATS oops::ModelAuxIncrement::operator=                  :         0.02      44            0.0004
OOPS_STATS oops::ModelAuxIncrement::print                      :         0.01       7            0.0010
OOPS_STATS oops::ModelAuxIncrement::serialSize                 :         0.01     178            0.0001
OOPS_STATS oops::ModelAuxIncrement::zero                       :         0.01      41            0.0002
OOPS_STATS oops::ModelAuxIncrement::~ModelAuxIncrement         :         0.04     178            0.0002
OOPS_STATS oops::ObsAuxControl::ObsAuxControl                  :         0.18       4            0.0457
OOPS_STATS oops::ObsAuxControl::print                          :         0.00       3            0.0009
OOPS_STATS oops::ObsAuxControl::requiredHdiagnostics           :         0.00       2            0.0002
OOPS_STATS oops::ObsAuxControl::requiredVars                   :         0.00       6            0.0002
OOPS_STATS oops::ObsAuxControl::write                          :         0.16       1            0.1608
OOPS_STATS oops::ObsAuxControl::~ObsAuxControl                 :         0.01       4            0.0016
OOPS_STATS oops::ObsAuxCovariance::ObsAuxCovariance            :         0.11       1            0.1112
OOPS_STATS oops::ObsAuxCovariance::inverseMultiply             :         0.04      41            0.0010
OOPS_STATS oops::ObsAuxCovariance::linearize                   :         0.02       1            0.0225
OOPS_STATS oops::ObsAuxCovariance::multiply                    :         0.20      41            0.0048
OOPS_STATS oops::ObsAuxCovariance::preconditioner              :         0.03       1            0.0313
OOPS_STATS oops::ObsAuxCovariance::write                       :         0.03       1            0.0271
OOPS_STATS oops::ObsAuxCovariance::~ObsAuxCovariance           :         0.00       1            0.0016
OOPS_STATS oops::ObsAuxIncrement::ObsAuxIncrement              :         0.79     178            0.0044
OOPS_STATS oops::ObsAuxIncrement::axpy                         :         1.04     900            0.0012
OOPS_STATS oops::ObsAuxIncrement::diff                         :         0.02       3            0.0055
OOPS_STATS oops::ObsAuxIncrement::dot_product_with             :         0.52     984            0.0005
OOPS_STATS oops::ObsAuxIncrement::operator*=                   :         0.10      79            0.0013
OOPS_STATS oops::ObsAuxIncrement::operator+=                   :         0.15     120            0.0012
OOPS_STATS oops::ObsAuxIncrement::operator=                    :         0.04      44            0.0009
OOPS_STATS oops::ObsAuxIncrement::print                        :         0.01       7            0.0011
OOPS_STATS oops::ObsAuxIncrement::serialSize                   :         0.01     356            0.0000
OOPS_STATS oops::ObsAuxIncrement::zero                         :         0.05      41            0.0012
OOPS_STATS oops::ObsAuxIncrement::~ObsAuxIncrement             :         0.21     178            0.0012
OOPS_STATS oops::ObsAuxPreconditioner::multiply                :         0.03      41            0.0008
OOPS_STATS oops::ObsAuxPreconditioner::~ObsAuxPreconditioner   :         0.00       2            0.0009
OOPS_STATS oops::ObsDataVector::ObsDataVector                  :         0.10       4            0.0250
OOPS_STATS oops::ObsDataVector::mask                           :         0.01       2            0.0039
OOPS_STATS oops::ObsDataVector::operator=                      :         0.02       2            0.0079
OOPS_STATS oops::ObsDataVector::print                          :         2.69       2            1.3471
OOPS_STATS oops::ObsDataVector::save                           :         0.46       4            0.1147
OOPS_STATS oops::ObsDataVector::~ObsDataVector                 :         0.05       4            0.0121
OOPS_STATS oops::ObsDiagnostics::ObsDiagnostics                :         0.08       2            0.0391
OOPS_STATS oops::ObsDiagnostics::~ObsDiagnostics               :         0.02       2            0.0114
OOPS_STATS oops::ObsError::getRMSE                             :         0.68       4            0.1697
OOPS_STATS oops::ObsError::inverseMultiply                     :         0.38      42            0.0090
OOPS_STATS oops::ObsError::obserrors                           :         0.04       6            0.0071
OOPS_STATS oops::ObsError::update                              :        11.76       2            5.8791
OOPS_STATS oops::ObsError::~ObsError                           :         0.01       1            0.0071
OOPS_STATS oops::ObsOperator::refl10cm::ObsOperator            :        17.21       2            8.6071
OOPS_STATS oops::ObsOperator::refl10cm::computeReducedVars     :         0.10       3            0.0348
OOPS_STATS oops::ObsOperator::refl10cm::locations              :         1.48       3            0.4934
OOPS_STATS oops::ObsOperator::refl10cm::requiredVars           :         0.00       3            0.0013
OOPS_STATS oops::ObsOperator::refl10cm::simulateObs            :         1.31       2            0.6565
OOPS_STATS oops::ObsOperator::refl10cm::~ObsOperator           :         0.02       2            0.0123
OOPS_STATS oops::ObsSpace::ObsSpace                            :       731.79       1          731.7904
OOPS_STATS oops::ObsSpace::obsvariables                        :         0.00       3            0.0001
OOPS_STATS oops::ObsSpace::save                                :      2674.30       1         2674.3035
OOPS_STATS oops::ObsSpace::~ObsSpace                           :         0.61       1            0.6070
OOPS_STATS oops::ObsVector::ObsVector                          :         1.19      98            0.0121
OOPS_STATS oops::ObsVector::dot_product                        :         0.52       4            0.1292
OOPS_STATS oops::ObsVector::info                               :         2.19       6            0.3645
OOPS_STATS oops::ObsVector::operator*=                         :         0.01       2            0.0050
OOPS_STATS oops::ObsVector::operator-=                         :         0.02       2            0.0101
OOPS_STATS oops::ObsVector::operator=                          :         0.39       4            0.0970
OOPS_STATS oops::ObsVector::rms                                :         0.35       4            0.0870
OOPS_STATS oops::ObsVector::save                               :         0.31       6            0.0524
OOPS_STATS oops::ObsVector::zero                               :         0.04      42            0.0009
OOPS_STATS oops::ObsVector::~ObsVector                         :         0.21      98            0.0022
OOPS_STATS oops::Parameters::deserialize                       :         5.02      97            0.0517
OOPS_STATS oops::Parameters::serialize                         :         2.32      80            0.0290
OOPS_STATS oops::Run::execute                                  :    421405.66       1       421405.6588
OOPS_STATS oops::SampledLocations::SampledLocations            :         0.00       4            0.0002
OOPS_STATS oops::SampledLocations::latitudes                   :         0.00       3            0.0001
OOPS_STATS oops::SampledLocations::longitudes                  :         0.00       3            0.0000
OOPS_STATS oops::SampledLocations::times                       :         0.00       3            0.0000
OOPS_STATS oops::SampledLocations::~SampledLocations           :         0.17       8            0.0214
OOPS_STATS oops::State::State                                  :     94494.33      72         1312.4212
OOPS_STATS oops::State::print                                  :        76.12       3           25.3733
OOPS_STATS oops::State::toFieldSet                             :        24.07       5            4.8130
OOPS_STATS oops::State::variables                              :         0.00      58            0.0000
OOPS_STATS oops::State::write                                  :      4434.61       1         4434.6073
OOPS_STATS oops::State::zero                                   :        69.87      30            2.3289
OOPS_STATS oops::State::~State                                 :        19.68      72            0.2734
OOPS_STATS oops::UnstructuredInterpolator::UnstructuredInterpo :        50.91    2400            0.0212
OOPS_STATS oops::UnstructuredInterpolator::apply               :       123.12   34400            0.0036
OOPS_STATS oops::UnstructuredInterpolator::applyAD             :        76.78   32800            0.0023
OOPS_STATS oops::VariableChange::VariableChange                :         0.90       3            0.2990
OOPS_STATS oops::VariableChange::changeVar                     :        22.29       3            7.4295
OOPS_STATS oops::VariableChange::~VariableChange               :         0.02       3            0.0070
OOPS_STATS oops::util::FieldSetHelpers::readFieldSet           :      7557.88       2         3778.9413
OOPS_STATS saber::Localization::Localization                   :      7614.61       1         7614.6081
OOPS_STATS saber::Localization::multiply                       :    174888.02    1230          142.1854
OOPS_STATS saber::Localization::~Localization                  :         0.00       1            0.0001
OOPS_STATS ufo::ObsFilter::ObsFilter                           :         0.33       5            0.0654
OOPS_STATS ufo::ObsFilter::checkFilterData                     :         0.01      15            0.0004
OOPS_STATS ufo::ObsFilter::postFilter                          :        24.30       5            4.8603
OOPS_STATS ufo::ObsFilter::preProcess                          :         0.01       5            0.0019
OOPS_STATS ufo::ObsFilter::priorFilter                         :         0.04       5            0.0077
OOPS_STATS ufo::ObsFilter::~ObsFilter                          :        92.84       9           10.3158
OOPS_STATS util::Timers::measured                              :    420978.15       1       420978.1546
OOPS_STATS ------------------------------------ Timing Statistics -------------------------------------

OOPS_STATS ------------------------------------------------------------------------------------------------------------------
OOPS_STATS ---------------------------------- Parallel Timing Statistics ( 800 MPI tasks) -----------------------------------
OOPS_STATS ------------------------------------------------------------------------------------------------------------------
OOPS_STATS Name                                                :     min (ms)    max (ms)    avg (ms)     % total   imbal (%)
OOPS_STATS oops::Covariance::EnsembleCovariance                :    100435.54   100436.84   100436.19       23.83        0.00
OOPS_STATS oops::Covariance::ensemble::multiply                :    228593.58   229741.48   228998.19       54.34        0.50
OOPS_STATS oops::Diffusion::multiplySqrtAD                     :     55451.07    57824.60    56485.62       13.40        4.20
OOPS_STATS oops::Diffusion::multiplySqrtTL                     :     44218.45    74538.68    48024.35       11.40       63.14
OOPS_STATS oops::Geometry::Geometry                            :     52845.62    54041.31    53950.92       12.80        2.22
OOPS_STATS oops::Geometry::~Geometry                           :       379.53      564.11      484.91        0.12       38.07
OOPS_STATS oops::GeometryData::setGlobalTree                   :      1815.48     1959.99     1889.78        0.45        7.65
OOPS_STATS oops::GetValues::fillGeoVaLsTL                      :       289.92      862.86      636.31        0.15       90.04
OOPS_STATS oops::GetValues::finalizeAD                         :       491.15     1020.85      636.31        0.15       83.25
OOPS_STATS oops::Increment::Increment                          :     14646.27    30213.34    24477.50        5.81       63.60
OOPS_STATS oops::Increment::axpy                               :      4580.05     5938.34     5418.10        1.29       25.07
OOPS_STATS oops::Increment::dot_product_with                   :      7582.02     9768.63     8658.44        2.05       25.25
OOPS_STATS oops::Increment::fromFieldSet                       :      8406.18    19898.06    10498.26        2.49      109.46
OOPS_STATS oops::Increment::operator+=                         :      7928.88    13223.81     9963.99        2.36       53.14
OOPS_STATS oops::Increment::operator=                          :      3202.86     7091.49     5377.47        1.28       72.31
OOPS_STATS oops::Increment::print                              :     16546.38    48112.21    33792.78        8.02       93.41
OOPS_STATS oops::Increment::schur_product_with                 :      6028.20    13761.39    11227.81        2.66       68.88
OOPS_STATS oops::Increment::toFieldSet                         :      8297.86    16954.60    10798.35        2.56       80.17
OOPS_STATS oops::LinearVariableChange::changeVarAD             :      1200.28     2314.02     1712.25        0.41       65.05
OOPS_STATS oops::LinearVariableChange::changeVarTL             :       409.57     1058.01      804.94        0.19       80.56
OOPS_STATS oops::LocalInterpolator::preprocess                 :        61.17     1181.39     1135.65        0.27       98.64
OOPS_STATS oops::Localization::Localization                    :      7588.80     7859.41     7688.68        1.82        3.52
OOPS_STATS oops::Localization::multiply                        :    184138.90   207330.83   192463.43       45.67       12.05
OOPS_STATS oops::ObsSpace::ObsSpace                            :       676.33      748.35      714.57        0.17       10.08
OOPS_STATS oops::ObsSpace::save                                :      2504.82     2674.73     2583.74        0.61        6.58
OOPS_STATS oops::State::State                                  :     94355.27    94648.95    94502.99       22.42        0.31
OOPS_STATS oops::State::write                                  :      3375.47     4461.14     4435.11        1.05       24.48
OOPS_STATS oops::util::FieldSetHelpers::readFieldSet           :      7390.06     7626.82     7479.05        1.77        3.17
OOPS_STATS saber::Localization::Localization                   :      7588.78     7859.39     7688.66        1.82        3.52
OOPS_STATS saber::Localization::multiply                       :    172643.35   201665.29   182313.93       43.26       15.92
OOPS_STATS util::Timers::measured                              :    420978.15   421224.98   421139.59       99.93        0.06
OOPS_STATS oops::Run::execute                                  :    421309.93   421492.96   421419.30      100.00        0.04
OOPS_STATS ---------------------------------- Parallel Timing Statistics ( 800 MPI tasks) -----------------------------------

OOPS_STATS Run end                                  - Runtime:    422.53 sec,  Memory: total:  4114.74 GB, per task: min =     4.83 GB, max =     7.26 GB
Run: Finishing oops::Variational<MPAS, UFO and IODA observations> with status = 0
OOPS Ending   2026-05-25 00:28:00 (UTC+0000)
