Configuration input file is: jedivar.pass2.yaml
Full configuration is:YAMLConfiguration[path=jedivar.pass2.yaml, root={_member => {date => 2026-05-22T19:00:00Z , state variables => (water_vapor_mixing_ratio_wrt_moist_air,air_pressure_at_surface,air_temperature,northward_wind,eastward_wind,cloud_liquid_water,cloud_liquid_ice,rain_water,snow_water,graupel,equivalent_reflectivity_factor,upward_air_velocity) , stream name => ensemble} , output => {filename => mpasout.nc , stream name => analysis} , variational => {minimizer => {algorithm => DRPCG} , iterations => ({geometry => {nml_file => ./namelist.atmosphere , streams_file => ./streams.atmosphere , deallocate non-da fields => true , interpolation type => unstructured} , gradient norm reduction => 0.001 , ninner => 75})} , cost function => {cost type => 3D-Var , time window => {begin => 2026-05-22T17:00:00Z , length => PT4H} , jb evaluation => false , geometry => {nml_file => ./namelist.atmosphere , streams_file => ./streams.atmosphere , deallocate non-da fields => true , interpolation type => unstructured} , analysis variables => (water_vapor_mixing_ratio_wrt_moist_air,air_pressure_at_surface,air_temperature,northward_wind,eastward_wind,cloud_liquid_water,cloud_liquid_ice,rain_water,snow_water,graupel,equivalent_reflectivity_factor,upward_air_velocity) , background => {state variables => (water_vapor_mixing_ratio_wrt_moist_air,air_pressure_at_surface,air_temperature,northward_wind,eastward_wind,air_potential_temperature,dry_air_density,u,water_vapor_mixing_ratio_wrt_dry_air,air_pressure,landmask,seaice_fraction,snowc,skin_temperature_at_surface,ivgtyp,isltyp,snowh,vegetation_area_fraction,air_temperature_at_2m,water_vapor_mixing_ratio_wrt_moist_air_at_2m,eastward_wind_at_10m,northward_wind_at_10m,lai,smois,tslb,pressure_p,cloud_liquid_water,cloud_liquid_ice,graupel,rain_water,snow_water,cldfrac,equivalent_reflectivity_factor,w,upward_air_velocity) , filename => mpasout.nc , date => 2026-05-22T19:00:00Z} , background error => {covariance model => ensemble , localization => {localization method => SABER , saber central block => {saber block name => diffusion , active variables => (water_vapor_mixing_ratio_wrt_moist_air,air_pressure_at_surface,air_temperature,northward_wind,eastward_wind,cloud_liquid_water,cloud_liquid_ice,rain_water,snow_water,graupel,equivalent_reflectivity_factor,upward_air_velocity) , read => {groups => ({variables => (water_vapor_mixing_ratio_wrt_moist_air,air_pressure_at_surface,air_temperature,northward_wind,eastward_wind,cloud_liquid_water,cloud_liquid_ice,rain_water,snow_water,graupel,equivalent_reflectivity_factor,upward_air_velocity) , multivariate strategy => duplicated , horizontal => {filepath => data/diffusionloc/mpas_conus3km.diffusion_hz} , vertical => {levels => 59 , filepath => data/diffusionloc/mpas_conus3km.diffusion_vt}})}}} , members from template => {template => {date => 2026-05-22T19:00:00Z , state variables => (water_vapor_mixing_ratio_wrt_moist_air,air_pressure_at_surface,air_temperature,northward_wind,eastward_wind,cloud_liquid_water,cloud_liquid_ice,rain_water,snow_water,graupel,equivalent_reflectivity_factor,upward_air_velocity) , stream name => ensemble , filename => ./data/ens/mem%iMember%.nc} , pattern => %iMember% , start => 1 , zero padding => 3 , nmembers => 30}} , observations => {observers => ({obs space => {name => refl10cm , distribution => {name => RoundRobin , halo size => 500000} , obsdatain => {engine => {type => H5File , obsfile => data/obs/ioda_mrms_refl.nc , missing file action => warn}} , obsdataout => {engine => {type => H5File , allow overwrite => true , obsfile => jdiag_mrms_refl.nc}} , io pool => {write multiple files => false} , _source => mrms , simulated variables => (equivalentReflectivityFactor)} , obs operator => {name => VertInterp , vertical coordinate => height_above_mean_sea_level , observation vertical coordinate => height , interpolation method => linear , observation alias file => obsop_name_map.yaml} , obs localizations => ({localization method => Horizontal Gaspari-Cohn , lengthscale => 200000}) , _obsname => refl10cm , obs filters => ({filter => Background Check , filter variables => ({name => equivalentReflectivityFactor}) , threshold => 12 , action => {name => reject}})})}}}]
OOPS_STATS ObjectCountHelper started.
OOPS_STATS Run start                                - Runtime:      1.23 sec,  Memory: total:   104.27 GB, per task: min =   128.97 MB, max =   130.55 MB
Run: Starting oops::Variational<MPAS, UFO and IODA observations>
OOPS_STATS Variational start                        - Runtime:     1.23 sec,  Local Memory:   130.55 MB
==> create geom
atlas::mpi::push(world)
Increase halo 1
atlas::mpi::pop(world)
atlas::mpi::push(world)
atlas::mpi::pop(world)
atlas::mpi::push(world)
atlas::mpi::pop(world)
atlas::mpi::push(world)
atlas::mpi::pop(world)
refl10cm: read database from data/obs/ioda_mrms_refl.nc (io pool size: 800)
refl10cm processed vars: 1 Variables: equivalentReflectivityFactor
refl10cm assimilated vars: 1 Variables: equivalentReflectivityFactor
refl10cm: 0 observations are outside of time window out of 3878270
refl10cm: 0 observations were rejected by QC checks out of 3878270
No bias-correction is performed for this ObsSpace.
3DVar window: TimeWindow: start = 2026-05-22T17:00:00Z, end = 2026-05-22T21:00:00Z, inclusive upper bound.

OOPS_STATS IncrementalAssimilation start            - Runtime:    38.92 sec,  Local Memory:     2.50 GB
Running incremental assimilation with 1 outer iterations.
Minimizer algorithm=DRPCG
QNewtonLMP: maxouter : 1
IncrementalAssimilation: Configuration for outer iteration 0:
LocalConfiguration[root={geometry => {nml_file => ./namelist.atmosphere , streams_file => ./streams.atmosphere , deallocate non-da fields => true , interpolation type => unstructured} , gradient norm reduction => 0.001 , ninner => 75 , iteration => 0 , total iterations => 1}]
OOPS_STATS IncrementalAssimilation iteration 0      - Runtime:    38.92 sec,  Local Memory:     2.50 GB
==> create geom
atlas::mpi::push(world)
Increase halo 1
atlas::mpi::pop(world)
atlas::mpi::push(world)
atlas::mpi::pop(world)
atlas::mpi::push(world)
atlas::mpi::pop(world)
atlas::mpi::push(world)
atlas::mpi::pop(world)
Key "mesh[address=0x358e520],halo[size=1]" not found in cache "NodeColumnsHaloExchangeCache" , creating new, removable with key "mesh[address=0x358e520],halo[size=1]"
Key "mesh[address=0x68a3650],halo[size=1]" not found in cache "NodeColumnsHaloExchangeCache" , creating new, removable with key "mesh[address=0x68a3650],halo[size=1]"
processWhere: selected 0 obs.
BackgroundCheck obserr: 
refl10cm equivalentReflectivityFactor nlocs = 3878270, nobs = 3878270, min = 5, max = 5, avg = 5
processing a float: 12
ObsErrorDiagonal covariance updated 3745539
Observer::finalize QC = 
refl10cm equivalentReflectivityFactor nlocs = 3878270, nobs = 3878270, min = 0, max = 19, avg = 0
CostJo Observations: 
refl10cm nobs= 3878270 Min=0, Max=55.9422, RMS=5.15248

Jo Observations:
Jo Obs :refl10cm:equivalentReflectivityFactor   : Nobs=  3745539, Min= 0.000000e+00, Max= 5.594216e+01, RMS= 5.226510e+00
Jo Observations Equivalent:
Jo H(x):refl10cm:equivalentReflectivityFactor   : Nobs=  3745539, Min= 0.000000e+00, Max= 6.581973e+01, RMS= 5.016827e+00
Jo Bias Corrected Departures:
Jo Dep :refl10cm:equivalentReflectivityFactor   : Nobs=  3745539, Min=-5.594216e+01, Max= 5.968425e+01, RMS= 4.336417e+00
Jo Observations Errors:
UFO Diagonal observation error covariance, inverse variances: refl10cm nobs= 3745539 Min=0.04, Max=0.04, RMS=0.04



CostJo   : Nonlinear Jo(refl10cm) = 1.40866e+06, nobs = 3745539, Jo/n = 0.37609, err = 5
CostJo   : Nonlinear Jo = 1.40866e+06
Increment:diff x1 4
Increment:diff x2 35
Increment:diff x1 5
Increment:diff x2 36
Increment:diff x1 6
Increment:diff x2 37
Increment:diff x1 7
Increment:diff x2 38
Increment:diff x1 8
Increment:diff x2 39
Increment:diff x1 9
Increment:diff x2 40
Increment:diff x1 10
Increment:diff x2 41
Increment:diff x1 11
Increment:diff x2 42
Increment:diff x1 12
Increment:diff x2 43
Increment:diff x1 13
Increment:diff x2 44
Increment:diff x1 14
Increment:diff x2 45
Increment:diff x1 15
Increment:diff x2 46
Increment:diff x1 16
Increment:diff x2 47
Increment:diff x1 17
Increment:diff x2 48
Increment:diff x1 18
Increment:diff x2 49
Increment:diff x1 19
Increment:diff x2 50
Increment:diff x1 20
Increment:diff x2 51
Increment:diff x1 21
Increment:diff x2 52
Increment:diff x1 22
Increment:diff x2 53
Increment:diff x1 23
Increment:diff x2 54
Increment:diff x1 24
Increment:diff x2 55
Increment:diff x1 25
Increment:diff x2 56
Increment:diff x1 26
Increment:diff x2 57
Increment:diff x1 27
Increment:diff x2 58
Increment:diff x1 28
Increment:diff x2 59
Increment:diff x1 29
Increment:diff x2 60
Increment:diff x1 30
Increment:diff x2 61
Increment:diff x1 31
Increment:diff x2 62
Increment:diff x1 32
Increment:diff x2 63
Increment:diff x1 33
Increment:diff x2 64
Info     : Prepare ensemble configuration
Info     : Read full ensemble
Info     : Creating central block: 
Info     : SaberCentralBlock using multivariate strategy: deprecated
Info     : Creating single central block.
Info     : Read data

==================================================================================
 saber::Diffusion read
----------------------------------------------------------------------------------

group 1 of 1
atlas::mpi::push(world)
atlas::mpi::pop(world)
variables: [water_vapor_mixing_ratio_wrt_moist_air,air_pressure_at_surface,air_temperature,northward_wind,eastward_wind,cloud_liquid_water,cloud_liquid_ice,rain_water,snow_water,graupel,equivalent_reflectivity_factor,upward_air_velocity]
multivariate strategy: duplicated
Reading horizontal parameters
  levels: 1
Key "mesh[address=0x68a3650]" not found in cache "NodeColumnsGatherScatterCache" , creating new, removable with key "mesh[address=0x68a3650]"
  Info     : Reading file: data/diffusionloc/mpas_conus3km.diffusion_hz.nc
atlas::mpi::push(world)
atlas::mpi::pop(world)
  hzScales:  min: 4087.19  mean: 4087.19  max: 4087.19
  hzNorm:    min: 2.4414  mean: 3.71484  max: 4.05626
Reading vertical parameters
  levels: 59
  vertical strategy: normal
  Info     : Reading file: data/diffusionloc/mpas_conus3km.diffusion_vt.nc
atlas::mpi::push(world)
atlas::mpi::pop(world)
  vtScales:  min: 11  mean: 11  max: 11
  vtNorm:    min: 3.7178  mean: 4.83632  max: 5.25235
Diffusion: horizontal iterations: 6
Diffusion: vertical iterations: 242
Increment:diff x1 2
Increment:diff x2 1
==================================================================================

CostJb: FG-BG
  Valid time: 2026-05-22T19:00:00Z
  Resolution: nCellsGlobal = 2341818, nFields = 12
Fld=1  Min=0, Max=0, RMS=0 : water_vapor_mixing_ratio_wrt_moist_air
Fld=2  Min=0, Max=0, RMS=0 : air_pressure_at_surface
Fld=3  Min=0, Max=0, RMS=0 : air_temperature
Fld=4  Min=0, Max=0, RMS=0 : northward_wind
Fld=5  Min=0, Max=0, RMS=0 : eastward_wind
Fld=6  Min=0, Max=0, RMS=0 : cloud_liquid_water
Fld=7  Min=0, Max=0, RMS=0 : cloud_liquid_ice
Fld=8  Min=0, Max=0, RMS=0 : rain_water
Fld=9  Min=0, Max=0, RMS=0 : snow_water
Fld=10  Min=0, Max=0, RMS=0 : graupel
Fld=11  Min=0, Max=0, RMS=0 : equivalent_reflectivity_factor
Fld=12  Min=0, Max=0, RMS=0 : upward_air_velocity
Increment:diff x1 2
Increment:diff x2 1
CostJb: FG-BG
  Valid time: 2026-05-22T19:00:00Z
  Resolution: nCellsGlobal = 2341818, nFields = 12
Fld=1  Min=0, Max=0, RMS=0 : water_vapor_mixing_ratio_wrt_moist_air
Fld=2  Min=0, Max=0, RMS=0 : air_pressure_at_surface
Fld=3  Min=0, Max=0, RMS=0 : air_temperature
Fld=4  Min=0, Max=0, RMS=0 : northward_wind
Fld=5  Min=0, Max=0, RMS=0 : eastward_wind
Fld=6  Min=0, Max=0, RMS=0 : cloud_liquid_water
Fld=7  Min=0, Max=0, RMS=0 : cloud_liquid_ice
Fld=8  Min=0, Max=0, RMS=0 : rain_water
Fld=9  Min=0, Max=0, RMS=0 : snow_water
Fld=10  Min=0, Max=0, RMS=0 : graupel
Fld=11  Min=0, Max=0, RMS=0 : equivalent_reflectivity_factor
Fld=12  Min=0, Max=0, RMS=0 : upward_air_velocity
CostFunction: Nonlinear J = 1.40866e+06
OOPS_STATS IncrementalAssimilation linearize 0      - Runtime:   123.92 sec,  Local Memory:     7.27 GB

DRPCGMinimizer: max iter = 75, requested norm reduction = 0.001
CostFunction::computeGradientFG: gradient:
  Valid time: 2026-05-22T19:00:00Z
  Resolution: nCellsGlobal = 2341818, nFields = 12
Fld=1  Min=0, Max=0, RMS=0 : water_vapor_mixing_ratio_wrt_moist_air
Fld=2  Min=0, Max=0, RMS=0 : air_pressure_at_surface
Fld=3  Min=0, Max=0, RMS=0 : air_temperature
Fld=4  Min=0, Max=0, RMS=0 : northward_wind
Fld=5  Min=0, Max=0, RMS=0 : eastward_wind
Fld=6  Min=0, Max=0, RMS=0 : cloud_liquid_water
Fld=7  Min=0, Max=0, RMS=0 : cloud_liquid_ice
Fld=8  Min=0, Max=0, RMS=0 : rain_water
Fld=9  Min=0, Max=0, RMS=0 : snow_water
Fld=10  Min=0, Max=0, RMS=0 : graupel
Fld=11  Min=-1.85766, Max=1.9726, RMS=0.0166651 : equivalent_reflectivity_factor
Fld=12  Min=0, Max=0, RMS=0 : upward_air_velocity
DRPCGMinimizer rhs
  Valid time: 2026-05-22T19:00:00Z
  Resolution: nCellsGlobal = 2341818, nFields = 12
Fld=1  Min=-0, Max=-0, RMS=0 : water_vapor_mixing_ratio_wrt_moist_air
Fld=2  Min=-0, Max=-0, RMS=0 : air_pressure_at_surface
Fld=3  Min=-0, Max=-0, RMS=0 : air_temperature
Fld=4  Min=-0, Max=-0, RMS=0 : northward_wind
Fld=5  Min=-0, Max=-0, RMS=0 : eastward_wind
Fld=6  Min=-0, Max=-0, RMS=0 : cloud_liquid_water
Fld=7  Min=-0, Max=-0, RMS=0 : cloud_liquid_ice
Fld=8  Min=-0, Max=-0, RMS=0 : rain_water
Fld=9  Min=-0, Max=-0, RMS=0 : snow_water
Fld=10  Min=-0, Max=-0, RMS=0 : graupel
Fld=11  Min=-1.9726, Max=1.85766, RMS=0.0166651 : equivalent_reflectivity_factor
Fld=12  Min=-0, Max=-0, RMS=0 : upward_air_velocity
Initial RHS squared norm = 38372.6
OOPS_STATS DRPCG start                              - Runtime:   124.13 sec,  Local Memory:     7.27 GB
normr0 38372.6
  Residual norm ( 0) = 7888.416116831398
  Norm reduction ( 0) = 1

  Quadratic cost function: J   ( 0) = 1408660.867280156
  Quadratic cost function: Jb  ( 0) = 0
  Quadratic cost function: JoJc( 0) = 1408660.867280156


 DRPCG Starting Iteration 1
OOPS_STATS DRPCG iteration 1                        - Runtime:   129.77 sec,  Local Memory:     7.27 GB
rdots 2.32233e+07      iteration    0
DRPCG end of iteration 1
  Residual norm ( 1) = 4819.055484279279
  Norm reduction ( 1) = 0.6109027988517152

  Quadratic cost function: J   ( 1) = 836051.3289601114
  Quadratic cost function: Jb  ( 1) = 10538.22649092704
  Quadratic cost function: JoJc( 1) = 825513.1024691843

 DRPCG Starting Iteration 2
OOPS_STATS DRPCG iteration 2                        - Runtime:   135.50 sec,  Local Memory:     7.27 GB
rdots 1.12322e+07      iteration    1
DRPCG end of iteration 2
  Residual norm ( 2) = 3351.4462577708
  Norm reduction ( 2) = 0.4248566769468294

  Quadratic cost function: J   ( 2) = 662337.1236905982
  Quadratic cost function: Jb  ( 2) = 20500.96118007117
  Quadratic cost function: JoJc( 2) = 641836.1625105271

 DRPCG Starting Iteration 3
OOPS_STATS DRPCG iteration 3                        - Runtime:   141.40 sec,  Local Memory:     7.27 GB
rdots 6.32029e+06      iteration    2
DRPCG end of iteration 3
  Residual norm ( 3) = 2514.018263811837
  Norm reduction ( 3) = 0.3186974706427712

  Quadratic cost function: J   ( 3) = 570105.6104055459
  Quadratic cost function: Jb  ( 3) = 30206.01717937708
  Quadratic cost function: JoJc( 3) = 539899.5932261689

 DRPCG Starting Iteration 4
OOPS_STATS DRPCG iteration 4                        - Runtime:   147.20 sec,  Local Memory:     7.27 GB
rdots 3.95919e+06      iteration    3
DRPCG end of iteration 4
  Residual norm ( 4) = 1989.771645074698
  Norm reduction ( 4) = 0.2522396911629891

  Quadratic cost function: J   ( 4) = 515143.7053095754
  Quadratic cost function: Jb  ( 4) = 39342.53101974432
  Quadratic cost function: JoJc( 4) = 475801.1742898311

 DRPCG Starting Iteration 5
OOPS_STATS DRPCG iteration 5                        - Runtime:   153.08 sec,  Local Memory:     7.27 GB
rdots 2.58964e+06      iteration    4
DRPCG end of iteration 5
  Residual norm ( 5) = 1609.234497208056
  Norm reduction ( 5) = 0.2039996969447968

  Quadratic cost function: J   ( 5) = 479546.3715217325
  Quadratic cost function: Jb  ( 5) = 47875.45852447801
  Quadratic cost function: JoJc( 5) = 431670.9129972545

 DRPCG Starting Iteration 6
rdots 1.83231e+06      iteration    5
DRPCG end of iteration 6
  Residual norm ( 6) = 1353.62872596999
  Norm reduction ( 6) = 0.1715970235243768

  Quadratic cost function: J   ( 6) = 455574.2687425949
  Quadratic cost function: Jb  ( 6) = 55661.94259931562
  Quadratic cost function: JoJc( 6) = 399912.3261432793

 DRPCG Starting Iteration 7
rdots 1.22756e+06      iteration    6
DRPCG end of iteration 7
  Residual norm ( 7) = 1107.951551775755
  Norm reduction ( 7) = 0.1404529800870589

  Quadratic cost function: J   ( 7) = 438894.3769608696
  Quadratic cost function: Jb  ( 7) = 62665.19871210818
  Quadratic cost function: JoJc( 7) = 376229.1782487615

 DRPCG Starting Iteration 8
rdots 869859      iteration    7
DRPCG end of iteration 8
  Residual norm ( 8) = 932.6622462053167
  Norm reduction ( 8) = 0.1182318772732221

  Quadratic cost function: J   ( 8) = 426735.4952967401
  Quadratic cost function: Jb  ( 8) = 69056.65950188423
  Quadratic cost function: JoJc( 8) = 357678.8357948558

 DRPCG Starting Iteration 9
rdots 620390      iteration    8
DRPCG end of iteration 9
  Residual norm ( 9) = 787.648561456886
  Norm reduction ( 9) = 0.09984875921749257

  Quadratic cost function: J   ( 9) = 418253.4500538799
  Quadratic cost function: Jb  ( 9) = 74488.04585187629
  Quadratic cost function: JoJc( 9) = 343765.4042020036

 DRPCG Starting Iteration 10
OOPS_STATS DRPCG iteration 10                       - Runtime:   182.81 sec,  Local Memory:     7.27 GB
rdots 444576      iteration    9
DRPCG end of iteration 10
  Residual norm (10) = 666.7656259591445
  Norm reduction (10) = 0.08452465185456894

  Quadratic cost function: J   (10) = 411798.9551966024
  Quadratic cost function: Jb  (10) = 79421.61548243088
  Quadratic cost function: JoJc(10) = 332377.3397141715

 DRPCG Starting Iteration 11
rdots 334881      iteration    10
DRPCG end of iteration 11
  Residual norm (11) = 578.6891857573779
  Norm reduction (11) = 0.07335936355114905

  Quadratic cost function: J   (11) = 407091.4375386825
  Quadratic cost function: Jb  (11) = 83652.05063282682
  Quadratic cost function: JoJc(11) = 323439.3869058557

 DRPCG Starting Iteration 12
rdots 251131      iteration    11
DRPCG end of iteration 12
  Residual norm (12) = 501.1295420345807
  Norm reduction (12) = 0.06352727019120201

  Quadratic cost function: J   (12) = 403739.7646608481
  Quadratic cost function: Jb  (12) = 87126.39363813924
  Quadratic cost function: JoJc(12) = 316613.3710227088

 DRPCG Starting Iteration 13
rdots 187334      iteration    12
DRPCG end of iteration 13
  Residual norm (13) = 432.8214418779772
  Norm reduction (13) = 0.05486797799047041

  Quadratic cost function: J   (13) = 401352.0657130767
  Quadratic cost function: Jb  (13) = 89929.25277424416
  Quadratic cost function: JoJc(13) = 311422.8129388326

 DRPCG Starting Iteration 14
rdots 133749      iteration    13
DRPCG end of iteration 14
  Residual norm (14) = 365.7166318142507
  Norm reduction (14) = 0.04636122466130133

  Quadratic cost function: J   (14) = 399512.3687730043
  Quadratic cost function: Jb  (14) = 92347.14336987901
  Quadratic cost function: JoJc(14) = 307165.2254031253

 DRPCG Starting Iteration 15
OOPS_STATS DRPCG iteration 15                       - Runtime:   212.14 sec,  Local Memory:     7.27 GB
rdots 92739.5      iteration    14
DRPCG end of iteration 15
  Residual norm (15) = 304.5316355219762
  Norm reduction (15) = 0.03860491523414967

  Quadratic cost function: J   (15) = 398063.4927599165
  Quadratic cost function: Jb  (15) = 94469.76578063244
  Quadratic cost function: JoJc(15) = 303593.726979284

 DRPCG Starting Iteration 16
rdots 67163      iteration    15
DRPCG end of iteration 16
  Residual norm (16) = 259.1583039000657
  Norm reduction (16) = 0.03285302145092263

  Quadratic cost function: J   (16) = 397032.2892584535
  Quadratic cost function: Jb  (16) = 96142.03576175302
  Quadratic cost function: JoJc(16) = 300890.2534967005

 DRPCG Starting Iteration 17
rdots 48322.3      iteration    16
DRPCG end of iteration 17
  Residual norm (17) = 219.8233989008077
  Norm reduction (17) = 0.0278666079026655

  Quadratic cost function: J   (17) = 396261.1702268773
  Quadratic cost function: Jb  (17) = 97515.53939908276
  Quadratic cost function: JoJc(17) = 298745.6308277945

 DRPCG Starting Iteration 18
rdots 36952.2      iteration    17
DRPCG end of iteration 18
  Residual norm (18) = 192.2294446541169
  Norm reduction (18) = 0.02436857308325302

  Quadratic cost function: J   (18) = 395734.1493689306
  Quadratic cost function: Jb  (18) = 98537.96198803246
  Quadratic cost function: JoJc(18) = 297196.1873808982

 DRPCG Starting Iteration 19
rdots 26694.6      iteration    18
DRPCG end of iteration 19
  Residual norm (19) = 163.3847063017162
  Norm reduction (19) = 0.02071197866363879

  Quadratic cost function: J   (19) = 395345.6827595474
  Quadratic cost function: Jb  (19) = 99352.01051406666
  Quadratic cost function: JoJc(19) = 295993.6722454807

 DRPCG Starting Iteration 20
OOPS_STATS DRPCG iteration 20                       - Runtime:   242.27 sec,  Local Memory:     7.27 GB
rdots 19292.6      iteration    19
DRPCG end of iteration 20
  Residual norm (20) = 138.8976677990168
  Norm reduction (20) = 0.01760780183776726

  Quadratic cost function: J   (20) = 395046.552436665
  Quadratic cost function: Jb  (20) = 100026.9081749628
  Quadratic cost function: JoJc(20) = 295019.6442617022

 DRPCG Starting Iteration 21
rdots 15391.1      iteration    20
DRPCG end of iteration 21
  Residual norm (21) = 124.0608894736098
  Norm reduction (21) = 0.0157269707424413

  Quadratic cost function: J   (21) = 394848.5114660177
  Quadratic cost function: Jb  (21) = 100504.9667002186
  Quadratic cost function: JoJc(21) = 294343.5447657991

 DRPCG Starting Iteration 22
rdots 10415.8      iteration    21
DRPCG end of iteration 22
  Residual norm (22) = 102.0579442740232
  Norm reduction (22) = 0.01293769785499319

  Quadratic cost function: J   (22) = 394696.4424239481
  Quadratic cost function: Jb  (22) = 100895.2694193959
  Quadratic cost function: JoJc(22) = 293801.1730045523

 DRPCG Starting Iteration 23
rdots 7507.71      iteration    22
DRPCG end of iteration 23
  Residual norm (23) = 86.64705546838991
  Norm reduction (23) = 0.01098408783019349

  Quadratic cost function: J   (23) = 394581.1511941759
  Quadratic cost function: Jb  (23) = 101209.4376495434
  Quadratic cost function: JoJc(23) = 293371.7135446325

 DRPCG Starting Iteration 24
rdots 5284.62      iteration    23
DRPCG end of iteration 24
  Residual norm (24) = 72.69541601265344
  Norm reduction (24) = 0.009215464161119024

  Quadratic cost function: J   (24) = 394495.198788896
  Quadratic cost function: Jb  (24) = 101457.7616537687
  Quadratic cost function: JoJc(24) = 293037.4371351273

 DRPCG Starting Iteration 25
OOPS_STATS DRPCG iteration 25                       - Runtime:   273.34 sec,  Local Memory:     7.27 GB
rdots 4207.75      iteration    24
DRPCG end of iteration 25
  Residual norm (25) = 64.86713554816757
  Norm reduction (25) = 0.008223087447144367

  Quadratic cost function: J   (25) = 394436.5709864127
  Quadratic cost function: Jb  (25) = 101636.6484834711
  Quadratic cost function: JoJc(25) = 292799.9225029416

 DRPCG Starting Iteration 26
rdots 2876.82      iteration    25
DRPCG end of iteration 26
  Residual norm (26) = 53.63604153704932
  Norm reduction (26) = 0.006799342319506559

  Quadratic cost function: J   (26) = 394393.7196984639
  Quadratic cost function: Jb  (26) = 101774.1254144703
  Quadratic cost function: JoJc(26) = 292619.5942839936

 DRPCG Starting Iteration 27
rdots 2223.74      iteration    26
DRPCG end of iteration 27
  Residual norm (27) = 47.15657828297249
  Norm reduction (27) = 0.005977952682079637

  Quadratic cost function: J   (27) = 394362.1520547008
  Quadratic cost function: Jb  (27) = 101880.374322605
  Quadratic cost function: JoJc(27) = 292481.7777320958

 DRPCG Starting Iteration 28
rdots 1685.55      iteration    27
DRPCG end of iteration 28
  Residual norm (28) = 41.05547987505602
  Norm reduction (28) = 0.005204527660179659

  Quadratic cost function: J   (28) = 394339.9115213306
  Quadratic cost function: Jb  (28) = 101958.6874738684
  Quadratic cost function: JoJc(28) = 292381.2240474622

 DRPCG Starting Iteration 29
rdots 1204.22      iteration    28
DRPCG end of iteration 29
  Residual norm (29) = 34.70183069526513
  Norm reduction (29) = 0.004399087241508766

  Quadratic cost function: J   (29) = 394323.158238922
  Quadratic cost function: Jb  (29) = 102020.24382585
  Quadratic cost function: JoJc(29) = 292302.9144130721

 DRPCG Starting Iteration 30
OOPS_STATS DRPCG iteration 30                       - Runtime:   304.81 sec,  Local Memory:     7.27 GB
rdots 851.34      iteration    29
DRPCG end of iteration 30
  Residual norm (30) = 29.1777279862154
  Norm reduction (30) = 0.003698806902942064

  Quadratic cost function: J   (30) = 394310.7594650706
  Quadratic cost function: Jb  (30) = 102067.7195099602
  Quadratic cost function: JoJc(30) = 292243.0399551103

 DRPCG Starting Iteration 31
rdots 584.396      iteration    30
DRPCG end of iteration 31
  Residual norm (31) = 24.17429161384376
  Norm reduction (31) = 0.003064530478084622

  Quadratic cost function: J   (31) = 394301.2531438222
  Quadratic cost function: Jb  (31) = 102105.6364555663
  Quadratic cost function: JoJc(31) = 292195.6166882559

 DRPCG Starting Iteration 32
rdots 425.093      iteration    31
DRPCG end of iteration 32
  Residual norm (32) = 20.61777249321303
  Norm reduction (32) = 0.00261367709155469

  Quadratic cost function: J   (32) = 394294.2878706607
  Quadratic cost function: Jb  (32) = 102134.5723633177
  Quadratic cost function: JoJc(32) = 292159.7155073429

 DRPCG Starting Iteration 33
rdots 316.97      iteration    32
DRPCG end of iteration 33
  Residual norm (33) = 17.80364104836653
  Norm reduction (33) = 0.002256934825025161

  Quadratic cost function: J   (33) = 394289.4536939128
  Quadratic cost function: Jb  (33) = 102155.4514860713
  Quadratic cost function: JoJc(33) = 292134.0022078415

 DRPCG Starting Iteration 34
rdots 240.781      iteration    33
DRPCG end of iteration 34
  Residual norm (34) = 15.51712013503748
  Norm reduction (34) = 0.00196707677501049

  Quadratic cost function: J   (34) = 394286.0312494049
  Quadratic cost function: Jb  (34) = 102170.7801937839
  Quadratic cost function: JoJc(34) = 292115.251055621

 DRPCG Starting Iteration 35
OOPS_STATS DRPCG iteration 35                       - Runtime:   336.61 sec,  Local Memory:     7.27 GB
rdots 163.277      iteration    34
DRPCG end of iteration 35
  Residual norm (35) = 12.777985975384
  Norm reduction (35) = 0.001619841776363673

  Quadratic cost function: J   (35) = 394283.5213018878
  Quadratic cost function: Jb  (35) = 102182.417481444
  Quadratic cost function: JoJc(35) = 292101.1038204439

 DRPCG Starting Iteration 36
rdots 117.492      iteration    35
DRPCG end of iteration 36
  Residual norm (36) = 10.83939393091456
  Norm reduction (36) = 0.001374090029022012

  Quadratic cost function: J   (36) = 394281.5592309632
  Quadratic cost function: Jb  (36) = 102191.8368460425
  Quadratic cost function: JoJc(36) = 292089.7223849208

 DRPCG Starting Iteration 37
rdots 86.0363      iteration    36
DRPCG end of iteration 37
  Residual norm (37) = 9.27557745622431
  Norm reduction (37) = 0.001175847891243103

  Quadratic cost function: J   (37) = 394280.2006017644
  Quadratic cost function: Jb  (37) = 102198.5874034472
  Quadratic cost function: JoJc(37) = 292081.6131983171

 DRPCG Starting Iteration 38
rdots 59.7049      iteration    37
DRPCG end of iteration 38
  Residual norm (38) = 7.726893737625205
  Norm reduction (38) = 0.0009795241051164182

  Quadratic cost function: J   (38) = 394279.2068313417
  Quadratic cost function: Jb  (38) = 102203.6897935552
  Quadratic cost function: JoJc(38) = 292075.5170377865

DRPCG: Achieved required reduction in residual norm.
OOPS_STATS DRPCG end                                - Runtime:   362.35 sec,  Local Memory:     7.27 GB
DRPCGMinimizer: reduction in residual norm = 0.000979524
DRPCGMinimizer output increment:
  Valid time: 2026-05-22T19:00:00Z
  Resolution: nCellsGlobal = 2341818, nFields = 12
Fld=1  Min=-0.00974018, Max=0.015061, RMS=8.89855e-05 : water_vapor_mixing_ratio_wrt_moist_air
Fld=2  Min=-97.9737, Max=129.862, RMS=2.6077 : air_pressure_at_surface
Fld=3  Min=-8.27179, Max=9.51231, RMS=0.0873336 : air_temperature
Fld=4  Min=-25.8265, Max=20.6932, RMS=0.350127 : northward_wind
Fld=5  Min=-25.3397, Max=19.927, RMS=0.376855 : eastward_wind
Fld=6  Min=-0.00386228, Max=0.00494447, RMS=2.09102e-05 : cloud_liquid_water
Fld=7  Min=-0.00194184, Max=0.00130961, RMS=3.79887e-06 : cloud_liquid_ice
Fld=8  Min=-0.00754164, Max=0.00647181, RMS=3.74138e-05 : rain_water
Fld=9  Min=-0.00526125, Max=0.0067613, RMS=4.93728e-05 : snow_water
Fld=10  Min=-0.00871944, Max=0.00491313, RMS=2.46289e-05 : graupel
Fld=11  Min=-76.8326, Max=85.4487, RMS=2.40604 : equivalent_reflectivity_factor
Fld=12  Min=0, Max=0, RMS=0 : upward_air_velocity
CostFunction::addIncrement: First guess:
  Valid time: 2026-05-22T19:00:00Z
  Resolution: nCellsGlobal = 2341818, nFields = 35
Fld=1  Min=0, Max=0.02221, RMS=0.00575117 : water_vapor_mixing_ratio_wrt_moist_air
Fld=2  Min=63058.5, Max=103295, RMS=96652.9 : air_pressure_at_surface
Fld=3  Min=188.368, Max=310.759, RMS=259.07 : air_temperature
Fld=4  Min=-38.2259, Max=45.7695, RMS=6.73955 : northward_wind
Fld=5  Min=-21.0546, Max=75.417, RMS=12.087 : eastward_wind
Fld=6  Min=269.623, Max=646.219, RMS=355.244 : air_potential_temperature
Fld=7  Min=0.0384913, Max=1.31456, RMS=0.787337 : dry_air_density
Fld=8  Min=-77.1887, Max=77.1868, RMS=9.83995 : u
Fld=9  Min=0, Max=0.0227145, RMS=0.0058222 : water_vapor_mixing_ratio_wrt_dry_air
Fld=10  Min=2440.11, Max=103186, RMS=64321 : air_pressure
Fld=11  Min=0, Max=1, RMS=0.790008 : landmask
Fld=12  Min=0, Max=1, RMS=0.064856 : seaice_fraction
Fld=13  Min=0, Max=1, RMS=0.073586 : snowc
Fld=14  Min=264.972, Max=321.564, RMS=295.913 : skin_temperature_at_surface
Fld=15  Min=1, Max=19, RMS=12.7664 : ivgtyp
Fld=16  Min=1, Max=16, RMS=9.97061 : isltyp
Fld=17  Min=0, Max=7.49899, RMS=0.173986 : snowh
Fld=18  Min=0, Max=0.910596, RMS=0.390433 : vegetation_area_fraction
Fld=19  Min=266.377, Max=311.619, RMS=292.74 : air_temperature_at_2m
Fld=20  Min=0.00123605, Max=0.0225056, RMS=0.0107535 : water_vapor_mixing_ratio_wrt_moist_air_at_2m
Fld=21  Min=-17.7164, Max=21.9771, RMS=3.73814 : eastward_wind_at_10m
Fld=22  Min=-15.8579, Max=16.9341, RMS=3.7183 : northward_wind_at_10m
Fld=23  Min=0, Max=6.54311, RMS=1.52022 : lai
Fld=24  Min=0.00200001, Max=1, RMS=0.634818 : smois
Fld=25  Min=262.55, Max=321.564, RMS=291.201 : tslb
Fld=26  Min=-950.93, Max=5966.95, RMS=3085.33 : pressure_p
Fld=27  Min=0, Max=0.00639005, RMS=5.16683e-05 : cloud_liquid_water
Fld=28  Min=0, Max=0.00300742, RMS=9.45251e-06 : cloud_liquid_ice
Fld=29  Min=0, Max=0.0133867, RMS=3.42978e-05 : graupel
Fld=30  Min=0, Max=0.0129864, RMS=5.93028e-05 : rain_water
Fld=31  Min=0, Max=0.00688004, RMS=6.80674e-05 : snow_water
Fld=32  Min=0, Max=1, RMS=0.213298 : cldfrac
Fld=33  Min=0, Max=75.2927, RMS=4.62967 : equivalent_reflectivity_factor
Fld=34  Min=-13.8861, Max=42.7241, RMS=0.174747 : w
Fld=35  Min=0, Max=0, RMS=0 : upward_air_velocity
CostFunction::addIncrement: Increment:
  Valid time: 2026-05-22T19:00:00Z
  Resolution: nCellsGlobal = 2341818, nFields = 12
Fld=1  Min=-0.00974018, Max=0.015061, RMS=8.89855e-05 : water_vapor_mixing_ratio_wrt_moist_air
Fld=2  Min=-97.9737, Max=129.862, RMS=2.6077 : air_pressure_at_surface
Fld=3  Min=-8.27179, Max=9.51231, RMS=0.0873336 : air_temperature
Fld=4  Min=-25.8265, Max=20.6932, RMS=0.350127 : northward_wind
Fld=5  Min=-25.3397, Max=19.927, RMS=0.376855 : eastward_wind
Fld=6  Min=-0.00386228, Max=0.00494447, RMS=2.09102e-05 : cloud_liquid_water
Fld=7  Min=-0.00194184, Max=0.00130961, RMS=3.79887e-06 : cloud_liquid_ice
Fld=8  Min=-0.00754164, Max=0.00647181, RMS=3.74138e-05 : rain_water
Fld=9  Min=-0.00526125, Max=0.0067613, RMS=4.93728e-05 : snow_water
Fld=10  Min=-0.00871944, Max=0.00491313, RMS=2.46289e-05 : graupel
Fld=11  Min=-76.8326, Max=85.4487, RMS=2.40604 : equivalent_reflectivity_factor
Fld=12  Min=0, Max=0, RMS=0 : upward_air_velocity
CostFunction::addIncrement: Analysis: 
  Valid time: 2026-05-22T19:00:00Z
  Resolution: nCellsGlobal = 2341818, nFields = 35
Fld=1  Min=0, Max=0.0222368, RMS=0.00575054 : water_vapor_mixing_ratio_wrt_moist_air
Fld=2  Min=63058.5, Max=103295, RMS=96652.9 : air_pressure_at_surface
Fld=3  Min=188.83, Max=310.759, RMS=259.071 : air_temperature
Fld=4  Min=-38.2259, Max=45.3498, RMS=6.74195 : northward_wind
Fld=5  Min=-29.7495, Max=75.417, RMS=12.0912 : eastward_wind
Fld=6  Min=269.623, Max=646.219, RMS=355.244 : air_potential_temperature
Fld=7  Min=0.0381527, Max=1.31456, RMS=0.787335 : dry_air_density
Fld=8  Min=-77.1887, Max=77.1868, RMS=9.84315 : u
Fld=9  Min=0, Max=0.0227426, RMS=0.00582157 : water_vapor_mixing_ratio_wrt_dry_air
Fld=10  Min=2426.74, Max=103186, RMS=64321 : air_pressure
Fld=11  Min=0, Max=1, RMS=0.790008 : landmask
Fld=12  Min=0, Max=1, RMS=0.064856 : seaice_fraction
Fld=13  Min=0, Max=1, RMS=0.073586 : snowc
Fld=14  Min=264.972, Max=321.564, RMS=295.913 : skin_temperature_at_surface
Fld=15  Min=1, Max=19, RMS=12.7664 : ivgtyp
Fld=16  Min=1, Max=16, RMS=9.97061 : isltyp
Fld=17  Min=0, Max=7.49899, RMS=0.173986 : snowh
Fld=18  Min=0, Max=0.910596, RMS=0.390433 : vegetation_area_fraction
Fld=19  Min=266.362, Max=311.619, RMS=292.744 : air_temperature_at_2m
Fld=20  Min=0.00123606, Max=0.0225056, RMS=0.0107528 : water_vapor_mixing_ratio_wrt_moist_air_at_2m
Fld=21  Min=-17.7164, Max=21.9771, RMS=3.73814 : eastward_wind_at_10m
Fld=22  Min=-15.8579, Max=16.9341, RMS=3.7183 : northward_wind_at_10m
Fld=23  Min=0, Max=6.54311, RMS=1.52022 : lai
Fld=24  Min=0.00200001, Max=1, RMS=0.634818 : smois
Fld=25  Min=262.55, Max=321.564, RMS=291.201 : tslb
Fld=26  Min=-965.277, Max=5960.23, RMS=3085.35 : pressure_p
Fld=27  Min=0, Max=0.00633182, RMS=5.0284e-05 : cloud_liquid_water
Fld=28  Min=0, Max=0.00223071, RMS=9.64536e-06 : cloud_liquid_ice
Fld=29  Min=0, Max=0.0124265, RMS=3.04366e-05 : graupel
Fld=30  Min=0, Max=0.00996145, RMS=5.13933e-05 : rain_water
Fld=31  Min=0, Max=0.00676142, RMS=7.85575e-05 : snow_water
Fld=32  Min=0, Max=1, RMS=0.213298 : cldfrac
Fld=33  Min=0, Max=85.4487, RMS=4.27865 : equivalent_reflectivity_factor
Fld=34  Min=-13.8861, Max=42.7241, RMS=0.174747 : w
Fld=35  Min=0, Max=0, RMS=0 : upward_air_velocity
OOPS_STATS IncrementalAssimilation end              - Runtime:   362.65 sec,  Local Memory:     7.27 GB
Variational: incremental assimilation done 1 iterations.
QC refl10cm equivalentReflectivityFactor: 132724 H(x) failed.
QC refl10cm equivalentReflectivityFactor: 7 rejected by first-guess check.
QC refl10cm equivalentReflectivityFactor: 3745539 passed out of 3878270 observations.
ObsErrorDiagonal covariance updated 3745539
Observer::finalize QC = 
refl10cm equivalentReflectivityFactor nlocs = 3878270, nobs = 3878270, min = 0, max = 19, avg = 0
Jo Observations:
Jo Obs :refl10cm:equivalentReflectivityFactor   : Nobs=  3745539, Min= 0.000000e+00, Max= 5.594216e+01, RMS= 5.226510e+00
Jo Observations Equivalent:
Jo H(x):refl10cm:equivalentReflectivityFactor   : Nobs=  3745539, Min= 0.000000e+00, Max= 5.719102e+01, RMS= 4.833262e+00
Jo Bias Corrected Departures:
Jo Dep :refl10cm:equivalentReflectivityFactor   : Nobs=  3745539, Min=-5.095787e+01, Max= 5.551269e+01, RMS= 1.985690e+00
Jo Observations Errors:
UFO Diagonal observation error covariance, inverse variances: refl10cm nobs= 3745539 Min=0.04, Max=0.04, RMS=0.04



CostJo   : Nonlinear Jo(refl10cm) = 295370, nobs = 3745539, Jo/n = 0.0788593, err = 5
CostJo   : Nonlinear Jo = 295370
Increment:diff x1 2
Increment:diff x2 1
CostJb: FG-BG
  Valid time: 2026-05-22T19:00:00Z
  Resolution: nCellsGlobal = 2341818, nFields = 12
Fld=1  Min=-0.00974018, Max=0.015061, RMS=8.87244e-05 : water_vapor_mixing_ratio_wrt_moist_air
Fld=2  Min=-97.9737, Max=129.862, RMS=2.6077 : air_pressure_at_surface
Fld=3  Min=-8.27179, Max=9.51231, RMS=0.0873336 : air_temperature
Fld=4  Min=-25.8265, Max=20.6932, RMS=0.350127 : northward_wind
Fld=5  Min=-25.3397, Max=19.927, RMS=0.376855 : eastward_wind
Fld=6  Min=-0.00246041, Max=0.00494447, RMS=1.65699e-05 : cloud_liquid_water
Fld=7  Min=-0.00129699, Max=0.00130961, RMS=3.44644e-06 : cloud_liquid_ice
Fld=8  Min=-0.00741953, Max=0.00647181, RMS=2.87472e-05 : rain_water
Fld=9  Min=-0.00405435, Max=0.0067613, RMS=4.70225e-05 : snow_water
Fld=10  Min=-0.00871944, Max=0.00491313, RMS=1.92838e-05 : graupel
Fld=11  Min=-71.215, Max=85.4487, RMS=2.33894 : equivalent_reflectivity_factor
Fld=12  Min=0, Max=0, RMS=0 : upward_air_velocity
CostFunction: Nonlinear J = 295370
OOPS_STATS Variational end                          - Runtime:   384.75 sec,  Local Memory:     7.27 GB
==> destruct MPAS corelist and domain:  0
Tried to erase key "mesh[address=0x358e520],halo[size=0]" from cache "NodeColumnsHaloExchangeCache" but it was not found.
Erased key "mesh[address=0x358e520],halo[size=1]" from cache "NodeColumnsHaloExchangeCache".
==> destruct MPAS corelist and domain:  1
refl10cm: save database to jdiag_mrms_refl.nc (io pool size: 4)
QC refl10cm equivalentReflectivityFactor: 132724 H(x) failed.
QC refl10cm equivalentReflectivityFactor: 7 rejected by first-guess check.
QC refl10cm equivalentReflectivityFactor: 3745539 passed out of 3878270 observations.
Erased key "mesh[address=0x68a3650]" from cache "NodeColumnsGatherScatterCache".
Tried to erase key "mesh[address=0x68a3650],halo[size=0]" from cache "NodeColumnsHaloExchangeCache" but it was not found.
Erased key "mesh[address=0x68a3650],halo[size=1]" from cache "NodeColumnsHaloExchangeCache".

Run: Finishing oops::Variational<MPAS, UFO and IODA observations>
OOPS_STATS  
OOPS_STATS ----------------------------------------------------------------------------------
OOPS_STATS --------------------------- Object counts ----------------------------------------
OOPS_STATS ----------------------------------------------------------------------------------
OOPS_STATS                                      Total  Simult. Remain    Avg (Mb)    HWM (Mb)
OOPS_STATS ioda::ObsDataVector             :        8       5        
OOPS_STATS ioda::ObsVector                 :       96       8        
OOPS_STATS mpas::Geometry                  :        2       2        
OOPS_STATS mpas::Increment                 :     2774     123        
OOPS_STATS mpas::LinVarChaModel2GeoVars    :        1       1        
OOPS_STATS mpas::ModelBias                 :        4       3        
OOPS_STATS mpas::ModelBiasCovariance       :        1       1        
OOPS_STATS mpas::State                     :       75      34        
OOPS_STATS mpas::VarChaModel2GeoVars       :        3       1        
OOPS_STATS oops::ControlIncrement          :      170      90               15.22     1369.84
OOPS_STATS oops::ControlVariable           :        4       3        
OOPS_STATS oops::Diffusion                 :        1       1        
OOPS_STATS oops::EnsembleCovariance        :        1       1             3562.36     3562.36
OOPS_STATS oops::GeoVaLs                   :       80       1        
OOPS_STATS oops::Geometry                  :        2       2        
OOPS_STATS oops::GetValues                 :        3       2        
OOPS_STATS oops::Increment                 :     2696     123               15.02     1872.11
OOPS_STATS oops::LinearObsOperator         :        1       1        
OOPS_STATS oops::LocalInterpolator         :     2400    1600        
OOPS_STATS oops::Localization              :        1       1        
OOPS_STATS oops::ModelAuxControl           :        4       3        
OOPS_STATS oops::ModelAuxCovariance        :        1       1        
OOPS_STATS oops::ModelAuxIncrement         :      170      90        
OOPS_STATS oops::ObsAuxControl             :        4       3        
OOPS_STATS oops::ObsAuxCovariance          :        1       1        
OOPS_STATS oops::ObsAuxIncrement           :      170      90        
OOPS_STATS oops::ObsAuxIncrements          :      170      90        
OOPS_STATS oops::ObsAuxPreconditioner      :        2       2        
OOPS_STATS oops::ObsDataVector             :        4       4        
OOPS_STATS oops::ObsDiagnostics            :        2       1        
OOPS_STATS oops::ObsError                  :        1       1        
OOPS_STATS oops::ObsOperator               :        2       2        
OOPS_STATS oops::ObsSpace                  :        1       1        
OOPS_STATS oops::ObsSpaces                 :        1       1        
OOPS_STATS oops::ObsVector                 :       96       7                0.04        0.23
OOPS_STATS oops::SampledLocations          :        8       4        
OOPS_STATS oops::State                     :       72      34               21.39      702.08
OOPS_STATS oops::UnstructuredInterpolator  :     2400    1600        
OOPS_STATS oops::VariableChange            :        3       1        
OOPS_STATS ufo::BackgroundCheck            :        1       1        
OOPS_STATS ufo::FinalCheck                 :        2       2        
OOPS_STATS ufo::GeoVaLs                    :       83       2        
OOPS_STATS ufo::ObsBias                    :        4       3        
OOPS_STATS ufo::ObsBiasCovariance          :        1       1        
OOPS_STATS ufo::ObsBiasPreconditioner      :        1       1        
OOPS_STATS ufo::ObsFilter                  :        9       6        
OOPS_STATS ufo::ObsFilterData              :        3       3        
OOPS_STATS ufo::ObsVertInterp              :        2       2        
OOPS_STATS ufo::ObsVertInterpTLAD          :        1       1        
OOPS_STATS ufo::SampledLocations           :        4       3        
OOPS_STATS ----------------------------- Object counts --------------------------------------
OOPS_STATS  
OOPS_STATS --------------------------------------------------------------------------------------------
OOPS_STATS ------------------------------------ Timing Statistics -------------------------------------
OOPS_STATS --------------------------------------------------------------------------------------------
OOPS_STATS Name                                                :   total (ms)   count    time/call (ms)
OOPS_STATS ObsFilter::Background Check::ObsFilter              :         0.21       1            0.2102
OOPS_STATS ObsFilter::Background Check::postFilter             :        37.21       1           37.2082
OOPS_STATS ObsFilter::Background Check::preProcess             :         0.01       1            0.0077
OOPS_STATS ObsFilter::Background Check::priorFilter            :         0.02       1            0.0177
OOPS_STATS ObsFilter::Final Check::ObsFilter                   :         0.01       2            0.0073
OOPS_STATS ObsFilter::Final Check::postFilter                  :         0.05       2            0.0245
OOPS_STATS ObsFilter::Final Check::preProcess                  :         0.00       2            0.0003
OOPS_STATS ObsFilter::Final Check::priorFilter                 :         0.01       2            0.0028
OOPS_STATS ObsFilter::QCmanager::ObsFilter                     :         0.28       2            0.1388
OOPS_STATS ObsFilter::QCmanager::postFilter                    :         0.23       2            0.1157
OOPS_STATS ObsFilter::QCmanager::preProcess                    :         0.00       2            0.0002
OOPS_STATS ObsFilter::QCmanager::priorFilter                   :         0.00       2            0.0001
OOPS_STATS ioda::ObsSpace::get_db(DateTime)                    :         0.73       4            0.1822
OOPS_STATS ioda::ObsSpace::get_db(double)                      :        50.65       5           10.1293
OOPS_STATS ioda::ObsSpace::get_db(float)                       :         0.72      12            0.0599
OOPS_STATS ioda::ObsSpace::load                                :       698.95       1          698.9538
OOPS_STATS ioda::ObsSpace::put_db(double)                      :        50.84       6            8.4740
OOPS_STATS ioda::ObsSpace::put_db(float)                       :         0.08       2            0.0413
OOPS_STATS ioda::ObsSpace::put_db(int)                         :       116.16       2           58.0820
OOPS_STATS mpas::LinVarChaModel2GeoVars::LinVarChaModel2GeoVar :         3.12       1            3.1158
OOPS_STATS mpas::LinVarChaModel2GeoVars::changeVarAD           :       911.04      39           23.3599
OOPS_STATS mpas::LinVarChaModel2GeoVars::changeVarTL           :       136.02      38            3.5795
OOPS_STATS mpas::LinVarChaModel2GeoVars::~LinVarChaModel2GeoVa :         0.04       1            0.0405
OOPS_STATS mpas::VarChaModel2GeoVars::VarChaModel2GeoVars      :         0.06       3            0.0191
OOPS_STATS mpas::VarChaModel2GeoVars::changeVar                :        13.05       3            4.3501
OOPS_STATS mpas::VarChaModel2GeoVars::~VarChaModel2GeoVars     :         0.01       3            0.0019
OOPS_STATS oops::Covariance::EnsembleCovariance                :     60316.47       1        60316.4730
OOPS_STATS oops::Covariance::ensemble::Constructor             :         0.01       1            0.0090
OOPS_STATS oops::Covariance::ensemble::multiply                :    217053.22      39         5565.4673
OOPS_STATS oops::Diffusion::Diffusion                          :         0.00       1            0.0001
OOPS_STATS oops::Diffusion::calculateDerivedGeom               :         1.94       1            1.9374
OOPS_STATS oops::Diffusion::multiplySqrtAD                     :     53668.37    1170           45.8704
OOPS_STATS oops::Diffusion::multiplySqrtTL                     :     45718.46    1170           39.0756
OOPS_STATS oops::Diffusion::setParameters                      :         4.09       1            4.0911
OOPS_STATS oops::GeoVaLs::GeoVaLs                              :        16.65      80            0.2081
OOPS_STATS oops::GeoVaLs::fill                                 :        27.65   27236            0.0010
OOPS_STATS oops::GeoVaLs::fillAD                               :        21.85   24141            0.0009
OOPS_STATS oops::GeoVaLs::~GeoVaLs                             :         0.44      80            0.0055
OOPS_STATS oops::Geometry::Geometry                            :     55140.24       2        27570.1196
OOPS_STATS oops::Geometry::variableSizes                       :         3.82      11            0.3474
OOPS_STATS oops::Geometry::~Geometry                           :       636.51       2          318.2567
OOPS_STATS oops::GeometryData::containingTriangleAndBarycentri :        44.78   20583            0.0022
OOPS_STATS oops::GeometryData::setGlobalTree                   :      1819.10       2          909.5477
OOPS_STATS oops::GeometryData::setLocalTree                    :         3.20       2            1.6023
OOPS_STATS oops::GeometryData::setMeshAndTriangulation         :         0.37       2            0.1854
OOPS_STATS oops::GetValues::GetValues                          :       515.57       3          171.8562
OOPS_STATS oops::GetValues::fillGeoVaLs                        :        57.08       3           19.0268
OOPS_STATS oops::GetValues::fillGeoVaLsAD                      :       108.57      39            2.7838
OOPS_STATS oops::GetValues::fillGeoVaLsTL                      :       679.56      38           17.8833
OOPS_STATS oops::GetValues::finalize                           :        17.52       3            5.8416
OOPS_STATS oops::GetValues::finalizeAD                         :       640.38      39           16.4199
OOPS_STATS oops::GetValues::finalizeTL                         :        97.82      38            2.5743
OOPS_STATS oops::GetValues::initialize                         :         1.78       3            0.5919
OOPS_STATS oops::GetValues::initializeAD                       :         4.96      39            0.1271
OOPS_STATS oops::GetValues::initializeTL                       :        17.40      38            0.4579
OOPS_STATS oops::GetValues::process                            :        16.94       3            5.6463
OOPS_STATS oops::GetValues::processAD                          :       117.18      39            3.0047
OOPS_STATS oops::GetValues::processTL                          :       125.52      38            3.3031
OOPS_STATS oops::Increment::Increment                          :     24082.53    2696            8.9327
OOPS_STATS oops::Increment::axpy                               :      4911.77     817            6.0120
OOPS_STATS oops::Increment::diff                               :       376.41      33           11.4065
OOPS_STATS oops::Increment::dot_product_with                   :      7703.03     897            8.5875
OOPS_STATS oops::Increment::fromFieldSet                       :      9890.56    1209            8.1808
OOPS_STATS oops::Increment::operator*=                         :       210.62     115            1.8315
OOPS_STATS oops::Increment::operator+=                         :      9810.42    1353            7.2509
OOPS_STATS oops::Increment::operator+=(State, Increment)       :        68.18       1           68.1848
OOPS_STATS oops::Increment::operator-=                         :       158.11      30            5.2704
OOPS_STATS oops::Increment::operator=                          :      5183.84    1492            3.4744
OOPS_STATS oops::Increment::print                              :     30282.92    1177           25.7289
OOPS_STATS oops::Increment::schur_product_with                 :     11126.24    2340            4.7548
OOPS_STATS oops::Increment::serialSize                         :         4.69     170            0.0276
OOPS_STATS oops::Increment::toFieldSet                         :      9818.04    1247            7.8733
OOPS_STATS oops::Increment::zero                               :       123.26     118            1.0446
OOPS_STATS oops::Increment::~Increment                         :       152.49    2696            0.0566
OOPS_STATS oops::LinearObsOper::refl10cm::LinearObsOperator    :         0.56       1            0.5563
OOPS_STATS oops::LinearObsOper::refl10cm::requiredVars         :         0.09      79            0.0012
OOPS_STATS oops::LinearObsOper::refl10cm::setTrajectory        :         0.94       1            0.9413
OOPS_STATS oops::LinearObsOper::refl10cm::simulateObsAD        :         3.44      39            0.0882
OOPS_STATS oops::LinearObsOper::refl10cm::simulateObsTL        :         6.67      38            0.1755
OOPS_STATS oops::LinearObsOper::refl10cm::~LinearObsOperator   :         0.05       1            0.0530
OOPS_STATS oops::LinearVariableChange::LinearVariableChange    :         0.04       1            0.0365
OOPS_STATS oops::LinearVariableChange::changeVarAD             :      1475.90      39           37.8437
OOPS_STATS oops::LinearVariableChange::changeVarTL             :       887.08      38           23.3442
OOPS_STATS oops::LinearVariableChange::changeVarTraj           :         3.13       1            3.1289
OOPS_STATS oops::LinearVariableChange::~LinearVariableChange   :         0.05       1            0.0530
OOPS_STATS oops::LocalInterpolator::LocalInterpolator          :        51.82    2400            0.0216
OOPS_STATS oops::LocalInterpolator::apply                      :        15.66    2400            0.0065
OOPS_STATS oops::LocalInterpolator::applyAD                    :       101.33   31200            0.0032
OOPS_STATS oops::LocalInterpolator::applyTL                    :       110.24   30400            0.0036
OOPS_STATS oops::LocalInterpolator::preprocess                 :      1320.34      41           32.2034
OOPS_STATS oops::LocalInterpolator::preprocessAD               :        50.24      39            1.2882
OOPS_STATS oops::LocalInterpolator::~LocalInterpolator         :         1.40    2400            0.0006
OOPS_STATS oops::Localization::Localization                    :      7664.48       1         7664.4794
OOPS_STATS oops::Localization::multiply                        :    180690.19    1170          154.4361
OOPS_STATS oops::Localization::~Localization                   :         0.37       1            0.3669
OOPS_STATS oops::ModelAuxControl::ModelAuxControl              :         0.01       4            0.0024
OOPS_STATS oops::ModelAuxControl::print                        :         0.00       3            0.0006
OOPS_STATS oops::ModelAuxControl::~ModelAuxControl             :         0.00       4            0.0008
OOPS_STATS oops::ModelAuxCovariance::ModelAuxCovariance        :         0.00       1            0.0036
OOPS_STATS oops::ModelAuxCovariance::linearize                 :         0.00       1            0.0001
OOPS_STATS oops::ModelAuxCovariance::multiply                  :         0.01      39            0.0003
OOPS_STATS oops::ModelAuxCovariance::~ModelAuxCovariance       :         0.00       1            0.0005
OOPS_STATS oops::ModelAuxIncrement::ModelAuxIncrement          :         0.17     170            0.0010
OOPS_STATS oops::ModelAuxIncrement::axpy                       :         0.33     817            0.0004
OOPS_STATS oops::ModelAuxIncrement::diff                       :         0.00       3            0.0003
OOPS_STATS oops::ModelAuxIncrement::dot_product_with           :         0.29     897            0.0003
OOPS_STATS oops::ModelAuxIncrement::operator*=                 :         0.03      75            0.0004
OOPS_STATS oops::ModelAuxIncrement::operator+=                 :         0.05     114            0.0005
OOPS_STATS oops::ModelAuxIncrement::operator+=ModelAuxControl  :         0.00       1            0.0001
OOPS_STATS oops::ModelAuxIncrement::operator=                  :         0.02      42            0.0004
OOPS_STATS oops::ModelAuxIncrement::print                      :         0.01       7            0.0008
OOPS_STATS oops::ModelAuxIncrement::serialSize                 :         0.01     170            0.0001
OOPS_STATS oops::ModelAuxIncrement::zero                       :         0.01      39            0.0003
OOPS_STATS oops::ModelAuxIncrement::~ModelAuxIncrement         :         0.03     170            0.0002
OOPS_STATS oops::ObsAuxControl::ObsAuxControl                  :         0.22       4            0.0553
OOPS_STATS oops::ObsAuxControl::print                          :         0.00       3            0.0010
OOPS_STATS oops::ObsAuxControl::requiredHdiagnostics           :         0.00       2            0.0002
OOPS_STATS oops::ObsAuxControl::requiredVars                   :         0.00       6            0.0002
OOPS_STATS oops::ObsAuxControl::write                          :         0.04       1            0.0392
OOPS_STATS oops::ObsAuxControl::~ObsAuxControl                 :         0.01       4            0.0016
OOPS_STATS oops::ObsAuxCovariance::ObsAuxCovariance            :         0.10       1            0.1048
OOPS_STATS oops::ObsAuxCovariance::inverseMultiply             :         0.04      39            0.0010
OOPS_STATS oops::ObsAuxCovariance::linearize                   :         0.07       1            0.0714
OOPS_STATS oops::ObsAuxCovariance::multiply                    :         0.24      39            0.0062
OOPS_STATS oops::ObsAuxCovariance::preconditioner              :         0.02       1            0.0158
OOPS_STATS oops::ObsAuxCovariance::write                       :         0.02       1            0.0241
OOPS_STATS oops::ObsAuxCovariance::~ObsAuxCovariance           :         0.00       1            0.0018
OOPS_STATS oops::ObsAuxIncrement::ObsAuxIncrement              :         0.90     170            0.0053
OOPS_STATS oops::ObsAuxIncrement::axpy                         :         1.09     817            0.0013
OOPS_STATS oops::ObsAuxIncrement::diff                         :         0.01       3            0.0044
OOPS_STATS oops::ObsAuxIncrement::dot_product_with             :         0.44     897            0.0005
OOPS_STATS oops::ObsAuxIncrement::operator*=                   :         0.09      75            0.0013
OOPS_STATS oops::ObsAuxIncrement::operator+=                   :         0.17     114            0.0014
OOPS_STATS oops::ObsAuxIncrement::operator=                    :         0.03      42            0.0006
OOPS_STATS oops::ObsAuxIncrement::print                        :         0.01       7            0.0010
OOPS_STATS oops::ObsAuxIncrement::serialSize                   :         0.01     340            0.0000
OOPS_STATS oops::ObsAuxIncrement::zero                         :         0.06      39            0.0015
OOPS_STATS oops::ObsAuxIncrement::~ObsAuxIncrement             :         0.20     170            0.0012
OOPS_STATS oops::ObsAuxPreconditioner::multiply                :         0.02      39            0.0006
OOPS_STATS oops::ObsAuxPreconditioner::~ObsAuxPreconditioner   :         0.00       2            0.0009
OOPS_STATS oops::ObsDataVector::ObsDataVector                  :         0.42       4            0.1060
OOPS_STATS oops::ObsDataVector::mask                           :         0.01       2            0.0039
OOPS_STATS oops::ObsDataVector::operator=                      :         0.02       2            0.0094
OOPS_STATS oops::ObsDataVector::print                          :         4.99       2            2.4936
OOPS_STATS oops::ObsDataVector::save                           :       140.97       4           35.2419
OOPS_STATS oops::ObsDataVector::~ObsDataVector                 :         0.01       4            0.0035
OOPS_STATS oops::ObsDiagnostics::ObsDiagnostics                :         0.18       2            0.0920
OOPS_STATS oops::ObsDiagnostics::~ObsDiagnostics               :         0.02       2            0.0098
OOPS_STATS oops::ObsError::getRMSE                             :         0.80       4            0.2009
OOPS_STATS oops::ObsError::inverseMultiply                     :         0.35      40            0.0088
OOPS_STATS oops::ObsError::obserrors                           :         0.07       6            0.0119
OOPS_STATS oops::ObsError::update                              :        38.69       2           19.3470
OOPS_STATS oops::ObsError::~ObsError                           :         0.01       1            0.0127
OOPS_STATS oops::ObsOperator::refl10cm::ObsOperator            :         8.18       2            4.0911
OOPS_STATS oops::ObsOperator::refl10cm::computeReducedVars     :         0.56       3            0.1855
OOPS_STATS oops::ObsOperator::refl10cm::locations              :         1.68       3            0.5587
OOPS_STATS oops::ObsOperator::refl10cm::requiredVars           :         0.01       3            0.0018
OOPS_STATS oops::ObsOperator::refl10cm::simulateObs            :        92.11       2           46.0554
OOPS_STATS oops::ObsOperator::refl10cm::~ObsOperator           :         0.03       2            0.0169
OOPS_STATS oops::ObsSpace::ObsSpace                            :       701.11       1          701.1061
OOPS_STATS oops::ObsSpace::obsvariables                        :         0.00       3            0.0001
OOPS_STATS oops::ObsSpace::save                                :      2633.44       1         2633.4416
OOPS_STATS oops::ObsSpace::~ObsSpace                           :         0.74       1            0.7354
OOPS_STATS oops::ObsVector::ObsVector                          :        69.82      94            0.7428
OOPS_STATS oops::ObsVector::dot_product                        :         0.20       4            0.0500
OOPS_STATS oops::ObsVector::info                               :         6.34       6            1.0566
OOPS_STATS oops::ObsVector::operator*=                         :         0.01       2            0.0047
OOPS_STATS oops::ObsVector::operator-=                         :         0.02       2            0.0116
OOPS_STATS oops::ObsVector::operator=                          :         0.39       4            0.0979
OOPS_STATS oops::ObsVector::rms                                :         0.44       4            0.1101
OOPS_STATS oops::ObsVector::save                               :        50.88       6            8.4799
OOPS_STATS oops::ObsVector::zero                               :         0.09      40            0.0023
OOPS_STATS oops::ObsVector::~ObsVector                         :         7.80      94            0.0830
OOPS_STATS oops::Parameters::deserialize                       :         3.43      97            0.0354
OOPS_STATS oops::Parameters::serialize                         :         2.02      80            0.0253
OOPS_STATS oops::Run::execute                                  :    387083.69       1       387083.6870
OOPS_STATS oops::SampledLocations::SampledLocations            :         0.00       4            0.0003
OOPS_STATS oops::SampledLocations::latitudes                   :         0.00       3            0.0000
OOPS_STATS oops::SampledLocations::longitudes                  :         0.00       3            0.0000
OOPS_STATS oops::SampledLocations::times                       :         0.00       3            0.0000
OOPS_STATS oops::SampledLocations::~SampledLocations           :         0.19       8            0.0236
OOPS_STATS oops::State::State                                  :     54249.38      72          753.4636
OOPS_STATS oops::State::print                                  :       170.72       3           56.9066
OOPS_STATS oops::State::toFieldSet                             :        26.35       5            5.2698
OOPS_STATS oops::State::variables                              :         0.00      58            0.0000
OOPS_STATS oops::State::write                                  :     21416.28       1        21416.2766
OOPS_STATS oops::State::zero                                   :        71.18      30            2.3727
OOPS_STATS oops::State::~State                                 :         7.17      72            0.0995
OOPS_STATS oops::UnstructuredInterpolator::UnstructuredInterpo :        50.84    2400            0.0212
OOPS_STATS oops::UnstructuredInterpolator::apply               :       117.07   32800            0.0036
OOPS_STATS oops::UnstructuredInterpolator::applyAD             :        72.62   31200            0.0023
OOPS_STATS oops::VariableChange::VariableChange                :         0.36       3            0.1196
OOPS_STATS oops::VariableChange::changeVar                     :        22.02       3            7.3407
OOPS_STATS oops::VariableChange::~VariableChange               :         0.02       3            0.0066
OOPS_STATS oops::util::FieldSetHelpers::readFieldSet           :      7597.71       2         3798.8541
OOPS_STATS saber::Localization::Localization                   :      7664.47       1         7664.4689
OOPS_STATS saber::Localization::multiply                       :    171130.84    1170          146.2657
OOPS_STATS saber::Localization::~Localization                  :         0.00       1            0.0001
OOPS_STATS ufo::ObsFilter::ObsFilter                           :         0.51       5            0.1014
OOPS_STATS ufo::ObsFilter::checkFilterData                     :         0.01      15            0.0006
OOPS_STATS ufo::ObsFilter::postFilter                          :        37.49       5            7.4990
OOPS_STATS ufo::ObsFilter::preProcess                          :         0.01       5            0.0024
OOPS_STATS ufo::ObsFilter::priorFilter                         :         0.03       5            0.0061
OOPS_STATS ufo::ObsFilter::~ObsFilter                          :        50.76       9            5.6395
OOPS_STATS util::Timers::measured                              :    386529.93       1       386529.9257
OOPS_STATS ------------------------------------ Timing Statistics -------------------------------------

OOPS_STATS ------------------------------------------------------------------------------------------------------------------
OOPS_STATS ---------------------------------- Parallel Timing Statistics ( 800 MPI tasks) -----------------------------------
OOPS_STATS ------------------------------------------------------------------------------------------------------------------
OOPS_STATS Name                                                :     min (ms)    max (ms)    avg (ms)     % total   imbal (%)
OOPS_STATS oops::Covariance::EnsembleCovariance                :     60315.78    60316.68    60316.23       15.58        0.00
OOPS_STATS oops::Covariance::ensemble::multiply                :    216602.89   217612.74   217043.63       56.07        0.47
OOPS_STATS oops::Diffusion::multiplySqrtAD                     :     52672.34    54486.13    53760.43       13.89        3.37
OOPS_STATS oops::Diffusion::multiplySqrtTL                     :     42625.29    66115.66    45643.51       11.79       51.46
OOPS_STATS oops::Geometry::Geometry                            :     54067.72    55350.24    55265.66       14.28        2.32
OOPS_STATS oops::Geometry::~Geometry                           :       510.18      801.39      703.81        0.18       41.38
OOPS_STATS oops::GeometryData::setGlobalTree                   :      1819.10     1958.70     1891.90        0.49        7.38
OOPS_STATS oops::GetValues::fillGeoVaLsTL                      :       272.53      763.12      595.67        0.15       82.36
OOPS_STATS oops::GetValues::finalizeAD                         :       529.11     1071.83      651.56        0.17       83.30
OOPS_STATS oops::Increment::Increment                          :     15368.11    32437.55    23587.93        6.09       72.37
OOPS_STATS oops::Increment::axpy                               :      4228.69     5463.24     4896.62        1.27       25.21
OOPS_STATS oops::Increment::dot_product_with                   :      6859.33     8710.85     7775.57        2.01       23.81
OOPS_STATS oops::Increment::fromFieldSet                       :      8037.92    16710.99     9934.69        2.57       87.30
OOPS_STATS oops::Increment::operator+=                         :      7493.62    12676.13     9523.58        2.46       54.42
OOPS_STATS oops::Increment::operator=                          :      3300.28     7718.06     5205.26        1.34       84.87
OOPS_STATS oops::Increment::print                              :     14224.70    49124.15    30641.88        7.92      113.89
OOPS_STATS oops::Increment::schur_product_with                 :      6296.30    14389.41    10798.33        2.79       74.95
OOPS_STATS oops::Increment::toFieldSet                         :      7982.73    15590.20    10253.38        2.65       74.19
OOPS_STATS oops::LinearVariableChange::changeVarAD             :      1016.69     2138.72     1533.62        0.40       73.16
OOPS_STATS oops::LinearVariableChange::changeVarTL             :       304.39     1191.55      947.50        0.24       93.63
OOPS_STATS oops::LocalInterpolator::preprocess                 :        68.61     1359.71     1311.43        0.34       98.45
OOPS_STATS oops::Localization::Localization                    :      7641.96     7805.85     7692.42        1.99        2.13
OOPS_STATS oops::Localization::multiply                        :    170404.24   194597.88   181900.03       46.99       13.30
OOPS_STATS oops::ObsSpace::ObsSpace                            :       626.76      717.96      683.71        0.18       13.34
OOPS_STATS oops::ObsSpace::save                                :      2471.59     2636.58     2547.70        0.66        6.48
OOPS_STATS oops::State::State                                  :     54142.96    54499.25    54265.39       14.02        0.66
OOPS_STATS oops::State::write                                  :     19816.99    21445.53    21417.13        5.53        7.60
OOPS_STATS oops::util::FieldSetHelpers::readFieldSet           :      7436.91     7597.71     7471.17        1.93        2.15
OOPS_STATS saber::Localization::Localization                   :      7641.95     7805.84     7692.40        1.99        2.13
OOPS_STATS saber::Localization::multiply                       :    158007.98   187364.33   172115.93       44.47       17.06
OOPS_STATS util::Timers::measured                              :    386529.93   386710.00   386629.82       99.88        0.05
OOPS_STATS oops::Run::execute                                  :    387013.58   387173.89   387076.96      100.00        0.04
OOPS_STATS ---------------------------------- Parallel Timing Statistics ( 800 MPI tasks) -----------------------------------

OOPS_STATS Run end                                  - Runtime:    388.31 sec,  Memory: total:  4061.03 GB, per task: min =     4.77 GB, max =     7.27 GB
Run: Finishing oops::Variational<MPAS, UFO and IODA observations> with status = 0
OOPS Ending   2026-05-22 23:26:15 (UTC+0000)
