Configuration input file is: jedivar.pass2.yaml
Full configuration is:YAMLConfiguration[path=jedivar.pass2.yaml, root={_member => {date => 2026-05-23T17:00:00Z , state variables => (water_vapor_mixing_ratio_wrt_moist_air,air_pressure_at_surface,air_temperature,northward_wind,eastward_wind,cloud_liquid_water,cloud_liquid_ice,rain_water,snow_water,graupel,equivalent_reflectivity_factor,upward_air_velocity) , stream name => ensemble} , output => {filename => mpasout.nc , stream name => analysis} , variational => {minimizer => {algorithm => DRPCG} , iterations => ({geometry => {nml_file => ./namelist.atmosphere , streams_file => ./streams.atmosphere , deallocate non-da fields => true , interpolation type => unstructured} , gradient norm reduction => 0.001 , ninner => 75})} , cost function => {cost type => 3D-Var , time window => {begin => 2026-05-23T15:00:00Z , length => PT4H} , jb evaluation => false , geometry => {nml_file => ./namelist.atmosphere , streams_file => ./streams.atmosphere , deallocate non-da fields => true , interpolation type => unstructured} , analysis variables => (water_vapor_mixing_ratio_wrt_moist_air,air_pressure_at_surface,air_temperature,northward_wind,eastward_wind,cloud_liquid_water,cloud_liquid_ice,rain_water,snow_water,graupel,equivalent_reflectivity_factor,upward_air_velocity) , background => {state variables => (water_vapor_mixing_ratio_wrt_moist_air,air_pressure_at_surface,air_temperature,northward_wind,eastward_wind,air_potential_temperature,dry_air_density,u,water_vapor_mixing_ratio_wrt_dry_air,air_pressure,landmask,seaice_fraction,snowc,skin_temperature_at_surface,ivgtyp,isltyp,snowh,vegetation_area_fraction,air_temperature_at_2m,water_vapor_mixing_ratio_wrt_moist_air_at_2m,eastward_wind_at_10m,northward_wind_at_10m,lai,smois,tslb,pressure_p,cloud_liquid_water,cloud_liquid_ice,graupel,rain_water,snow_water,cldfrac,equivalent_reflectivity_factor,w,upward_air_velocity) , filename => mpasout.nc , date => 2026-05-23T17:00:00Z} , background error => {covariance model => ensemble , localization => {localization method => SABER , saber central block => {saber block name => diffusion , active variables => (water_vapor_mixing_ratio_wrt_moist_air,air_pressure_at_surface,air_temperature,northward_wind,eastward_wind,cloud_liquid_water,cloud_liquid_ice,rain_water,snow_water,graupel,equivalent_reflectivity_factor,upward_air_velocity) , read => {groups => ({variables => (water_vapor_mixing_ratio_wrt_moist_air,air_pressure_at_surface,air_temperature,northward_wind,eastward_wind,cloud_liquid_water,cloud_liquid_ice,rain_water,snow_water,graupel,equivalent_reflectivity_factor,upward_air_velocity) , multivariate strategy => duplicated , horizontal => {filepath => data/diffusionloc/mpas_conus3km.diffusion_hz} , vertical => {levels => 59 , filepath => data/diffusionloc/mpas_conus3km.diffusion_vt}})}}} , members from template => {template => {date => 2026-05-23T17:00:00Z , state variables => (water_vapor_mixing_ratio_wrt_moist_air,air_pressure_at_surface,air_temperature,northward_wind,eastward_wind,cloud_liquid_water,cloud_liquid_ice,rain_water,snow_water,graupel,equivalent_reflectivity_factor,upward_air_velocity) , stream name => ensemble , filename => ./data/ens/mem%iMember%.nc} , pattern => %iMember% , start => 1 , zero padding => 3 , nmembers => 30}} , observations => {observers => ({obs space => {name => refl10cm , distribution => {name => RoundRobin , halo size => 500000} , obsdatain => {engine => {type => H5File , obsfile => data/obs/ioda_mrms_refl.nc , missing file action => warn}} , obsdataout => {engine => {type => H5File , allow overwrite => true , obsfile => jdiag_mrms_refl.nc}} , io pool => {write multiple files => false} , _source => mrms , simulated variables => (equivalentReflectivityFactor)} , obs operator => {name => VertInterp , vertical coordinate => height_above_mean_sea_level , observation vertical coordinate => height , interpolation method => linear , observation alias file => obsop_name_map.yaml} , obs localizations => ({localization method => Horizontal Gaspari-Cohn , lengthscale => 200000}) , _obsname => refl10cm , obs filters => ({filter => Background Check , filter variables => ({name => equivalentReflectivityFactor}) , threshold => 12 , action => {name => reject}})})}}}]
OOPS_STATS ObjectCountHelper started.
OOPS_STATS Run start                                - Runtime:      1.31 sec,  Memory: total:   104.14 GB, per task: min =   128.97 MB, max =   130.55 MB
Run: Starting oops::Variational<MPAS, UFO and IODA observations>
OOPS_STATS Variational start                        - Runtime:     1.31 sec,  Local Memory:   130.55 MB
==> create geom
atlas::mpi::push(world)
Increase halo 1
atlas::mpi::pop(world)
atlas::mpi::push(world)
atlas::mpi::pop(world)
atlas::mpi::push(world)
atlas::mpi::pop(world)
atlas::mpi::push(world)
atlas::mpi::pop(world)
refl10cm: read database from data/obs/ioda_mrms_refl.nc (io pool size: 800)
refl10cm processed vars: 1 Variables: equivalentReflectivityFactor
refl10cm assimilated vars: 1 Variables: equivalentReflectivityFactor
refl10cm: 0 observations are outside of time window out of 3875563
refl10cm: 0 observations were rejected by QC checks out of 3875563
No bias-correction is performed for this ObsSpace.
3DVar window: TimeWindow: start = 2026-05-23T15:00:00Z, end = 2026-05-23T19:00:00Z, inclusive upper bound.

OOPS_STATS IncrementalAssimilation start            - Runtime:    30.39 sec,  Local Memory:     2.49 GB
Running incremental assimilation with 1 outer iterations.
Minimizer algorithm=DRPCG
QNewtonLMP: maxouter : 1
IncrementalAssimilation: Configuration for outer iteration 0:
LocalConfiguration[root={geometry => {nml_file => ./namelist.atmosphere , streams_file => ./streams.atmosphere , deallocate non-da fields => true , interpolation type => unstructured} , gradient norm reduction => 0.001 , ninner => 75 , iteration => 0 , total iterations => 1}]
OOPS_STATS IncrementalAssimilation iteration 0      - Runtime:    30.39 sec,  Local Memory:     2.49 GB
==> create geom
atlas::mpi::push(world)
Increase halo 1
atlas::mpi::pop(world)
atlas::mpi::push(world)
atlas::mpi::pop(world)
atlas::mpi::push(world)
atlas::mpi::pop(world)
atlas::mpi::push(world)
atlas::mpi::pop(world)
Key "mesh[address=0x3ee54e0],halo[size=1]" not found in cache "NodeColumnsHaloExchangeCache" , creating new, removable with key "mesh[address=0x3ee54e0],halo[size=1]"
Key "mesh[address=0x724f3a0],halo[size=1]" not found in cache "NodeColumnsHaloExchangeCache" , creating new, removable with key "mesh[address=0x724f3a0],halo[size=1]"
processWhere: selected 0 obs.
BackgroundCheck obserr: 
refl10cm equivalentReflectivityFactor nlocs = 3875563, nobs = 3875563, min = 5, max = 5, avg = 5
processing a float: 12
ObsErrorDiagonal covariance updated 3743591
Observer::finalize QC = 
refl10cm equivalentReflectivityFactor nlocs = 3875563, nobs = 3875563, min = 0, max = 19, avg = 0
CostJo Observations: 
refl10cm nobs= 3875563 Min=0, Max=57.1898, RMS=5.55454

Jo Observations:
Jo Obs :refl10cm:equivalentReflectivityFactor   : Nobs=  3743591, Min= 0.000000e+00, Max= 5.718983e+01, RMS= 5.610806e+00
Jo Observations Equivalent:
Jo H(x):refl10cm:equivalentReflectivityFactor   : Nobs=  3743591, Min= 0.000000e+00, Max= 6.423498e+01, RMS= 5.304367e+00
Jo Bias Corrected Departures:
Jo Dep :refl10cm:equivalentReflectivityFactor   : Nobs=  3743591, Min=-5.490158e+01, Max= 5.990619e+01, RMS= 4.323531e+00
Jo Observations Errors:
UFO Diagonal observation error covariance, inverse variances: refl10cm nobs= 3743591 Min=0.04, Max=0.04, RMS=0.04



CostJo   : Nonlinear Jo(refl10cm) = 1.39957e+06, nobs = 3743591, Jo/n = 0.373858, err = 5
CostJo   : Nonlinear Jo = 1.39957e+06
Increment:diff x1 4
Increment:diff x2 35
Increment:diff x1 5
Increment:diff x2 36
Increment:diff x1 6
Increment:diff x2 37
Increment:diff x1 7
Increment:diff x2 38
Increment:diff x1 8
Increment:diff x2 39
Increment:diff x1 9
Increment:diff x2 40
Increment:diff x1 10
Increment:diff x2 41
Increment:diff x1 11
Increment:diff x2 42
Increment:diff x1 12
Increment:diff x2 43
Increment:diff x1 13
Increment:diff x2 44
Increment:diff x1 14
Increment:diff x2 45
Increment:diff x1 15
Increment:diff x2 46
Increment:diff x1 16
Increment:diff x2 47
Increment:diff x1 17
Increment:diff x2 48
Increment:diff x1 18
Increment:diff x2 49
Increment:diff x1 19
Increment:diff x2 50
Increment:diff x1 20
Increment:diff x2 51
Increment:diff x1 21
Increment:diff x2 52
Increment:diff x1 22
Increment:diff x2 53
Increment:diff x1 23
Increment:diff x2 54
Increment:diff x1 24
Increment:diff x2 55
Increment:diff x1 25
Increment:diff x2 56
Increment:diff x1 26
Increment:diff x2 57
Increment:diff x1 27
Increment:diff x2 58
Increment:diff x1 28
Increment:diff x2 59
Increment:diff x1 29
Increment:diff x2 60
Increment:diff x1 30
Increment:diff x2 61
Increment:diff x1 31
Increment:diff x2 62
Increment:diff x1 32
Increment:diff x2 63
Increment:diff x1 33
Increment:diff x2 64
Info     : Prepare ensemble configuration
Info     : Read full ensemble
Info     : Creating central block: 
Info     : SaberCentralBlock using multivariate strategy: deprecated
Info     : Creating single central block.
Info     : Read data

==================================================================================
 saber::Diffusion read
----------------------------------------------------------------------------------

group 1 of 1
atlas::mpi::push(world)
atlas::mpi::pop(world)
variables: [water_vapor_mixing_ratio_wrt_moist_air,air_pressure_at_surface,air_temperature,northward_wind,eastward_wind,cloud_liquid_water,cloud_liquid_ice,rain_water,snow_water,graupel,equivalent_reflectivity_factor,upward_air_velocity]
multivariate strategy: duplicated
Reading horizontal parameters
  levels: 1
Key "mesh[address=0x724f3a0]" not found in cache "NodeColumnsGatherScatterCache" , creating new, removable with key "mesh[address=0x724f3a0]"
  Info     : Reading file: data/diffusionloc/mpas_conus3km.diffusion_hz.nc
atlas::mpi::push(world)
atlas::mpi::pop(world)
  hzScales:  min: 4087.19  mean: 4087.19  max: 4087.19
  hzNorm:    min: 2.4414  mean: 3.71484  max: 4.05626
Reading vertical parameters
  levels: 59
  vertical strategy: normal
  Info     : Reading file: data/diffusionloc/mpas_conus3km.diffusion_vt.nc
atlas::mpi::push(world)
atlas::mpi::pop(world)
  vtScales:  min: 11  mean: 11  max: 11
  vtNorm:    min: 3.7178  mean: 4.83632  max: 5.25235
Diffusion: horizontal iterations: 6
Diffusion: vertical iterations: 242
Increment:diff x1 2
Increment:diff x2 1
==================================================================================

CostJb: FG-BG
  Valid time: 2026-05-23T17:00:00Z
  Resolution: nCellsGlobal = 2341818, nFields = 12
Fld=1  Min=0, Max=0, RMS=0 : water_vapor_mixing_ratio_wrt_moist_air
Fld=2  Min=0, Max=0, RMS=0 : air_pressure_at_surface
Fld=3  Min=0, Max=0, RMS=0 : air_temperature
Fld=4  Min=0, Max=0, RMS=0 : northward_wind
Fld=5  Min=0, Max=0, RMS=0 : eastward_wind
Fld=6  Min=0, Max=0, RMS=0 : cloud_liquid_water
Fld=7  Min=0, Max=0, RMS=0 : cloud_liquid_ice
Fld=8  Min=0, Max=0, RMS=0 : rain_water
Fld=9  Min=0, Max=0, RMS=0 : snow_water
Fld=10  Min=0, Max=0, RMS=0 : graupel
Fld=11  Min=0, Max=0, RMS=0 : equivalent_reflectivity_factor
Fld=12  Min=0, Max=0, RMS=0 : upward_air_velocity
Increment:diff x1 2
Increment:diff x2 1
CostJb: FG-BG
  Valid time: 2026-05-23T17:00:00Z
  Resolution: nCellsGlobal = 2341818, nFields = 12
Fld=1  Min=0, Max=0, RMS=0 : water_vapor_mixing_ratio_wrt_moist_air
Fld=2  Min=0, Max=0, RMS=0 : air_pressure_at_surface
Fld=3  Min=0, Max=0, RMS=0 : air_temperature
Fld=4  Min=0, Max=0, RMS=0 : northward_wind
Fld=5  Min=0, Max=0, RMS=0 : eastward_wind
Fld=6  Min=0, Max=0, RMS=0 : cloud_liquid_water
Fld=7  Min=0, Max=0, RMS=0 : cloud_liquid_ice
Fld=8  Min=0, Max=0, RMS=0 : rain_water
Fld=9  Min=0, Max=0, RMS=0 : snow_water
Fld=10  Min=0, Max=0, RMS=0 : graupel
Fld=11  Min=0, Max=0, RMS=0 : equivalent_reflectivity_factor
Fld=12  Min=0, Max=0, RMS=0 : upward_air_velocity
CostFunction: Nonlinear J = 1.39957e+06
OOPS_STATS IncrementalAssimilation linearize 0      - Runtime:   133.57 sec,  Local Memory:     7.26 GB

DRPCGMinimizer: max iter = 75, requested norm reduction = 0.001
CostFunction::computeGradientFG: gradient:
  Valid time: 2026-05-23T17:00:00Z
  Resolution: nCellsGlobal = 2341818, nFields = 12
Fld=1  Min=0, Max=0, RMS=0 : water_vapor_mixing_ratio_wrt_moist_air
Fld=2  Min=0, Max=0, RMS=0 : air_pressure_at_surface
Fld=3  Min=0, Max=0, RMS=0 : air_temperature
Fld=4  Min=0, Max=0, RMS=0 : northward_wind
Fld=5  Min=0, Max=0, RMS=0 : eastward_wind
Fld=6  Min=0, Max=0, RMS=0 : cloud_liquid_water
Fld=7  Min=0, Max=0, RMS=0 : cloud_liquid_ice
Fld=8  Min=0, Max=0, RMS=0 : rain_water
Fld=9  Min=0, Max=0, RMS=0 : snow_water
Fld=10  Min=0, Max=0, RMS=0 : graupel
Fld=11  Min=-1.90036, Max=1.81685, RMS=0.0166489 : equivalent_reflectivity_factor
Fld=12  Min=0, Max=0, RMS=0 : upward_air_velocity
DRPCGMinimizer rhs
  Valid time: 2026-05-23T17:00:00Z
  Resolution: nCellsGlobal = 2341818, nFields = 12
Fld=1  Min=-0, Max=-0, RMS=0 : water_vapor_mixing_ratio_wrt_moist_air
Fld=2  Min=-0, Max=-0, RMS=0 : air_pressure_at_surface
Fld=3  Min=-0, Max=-0, RMS=0 : air_temperature
Fld=4  Min=-0, Max=-0, RMS=0 : northward_wind
Fld=5  Min=-0, Max=-0, RMS=0 : eastward_wind
Fld=6  Min=-0, Max=-0, RMS=0 : cloud_liquid_water
Fld=7  Min=-0, Max=-0, RMS=0 : cloud_liquid_ice
Fld=8  Min=-0, Max=-0, RMS=0 : rain_water
Fld=9  Min=-0, Max=-0, RMS=0 : snow_water
Fld=10  Min=-0, Max=-0, RMS=0 : graupel
Fld=11  Min=-1.81685, Max=1.90036, RMS=0.0166489 : equivalent_reflectivity_factor
Fld=12  Min=-0, Max=-0, RMS=0 : upward_air_velocity
Initial RHS squared norm = 38298
OOPS_STATS DRPCG start                              - Runtime:   133.76 sec,  Local Memory:     7.26 GB
normr0 38298
  Residual norm ( 0) = 8397.025154441921
  Norm reduction ( 0) = 1

  Quadratic cost function: J   ( 0) = 1399573.236527822
  Quadratic cost function: Jb  ( 0) = 0
  Quadratic cost function: JoJc( 0) = 1399573.236527822


 DRPCG Starting Iteration 1
OOPS_STATS DRPCG iteration 1                        - Runtime:   139.53 sec,  Local Memory:     7.26 GB
rdots 3.32943e+07      iteration    0
DRPCG end of iteration 1
  Residual norm ( 1) = 5770.117915168974
  Norm reduction ( 1) = 0.687162156721259

  Quadratic cost function: J   ( 1) = 833506.1650781436
  Quadratic cost function: Jb  ( 1) = 9088.97423007408
  Quadratic cost function: JoJc( 1) = 824417.1908480695

 DRPCG Starting Iteration 2
OOPS_STATS DRPCG iteration 2                        - Runtime:   145.49 sec,  Local Memory:     7.26 GB
rdots 1.65066e+07      iteration    1
DRPCG end of iteration 2
  Residual norm ( 2) = 4062.82632489857
  Norm reduction ( 2) = 0.483841152095321

  Quadratic cost function: J   ( 2) = 660220.0629004703
  Quadratic cost function: Jb  ( 2) = 17309.19861063765
  Quadratic cost function: JoJc( 2) = 642910.8642898327

 DRPCG Starting Iteration 3
OOPS_STATS DRPCG iteration 3                        - Runtime:   151.34 sec,  Local Memory:     7.26 GB
rdots 1.09526e+07      iteration    2
DRPCG end of iteration 3
  Residual norm ( 3) = 3309.472661992002
  Norm reduction ( 3) = 0.394124419198784

  Quadratic cost function: J   ( 3) = 579437.6784171856
  Quadratic cost function: Jb  ( 3) = 23747.05394531024
  Quadratic cost function: JoJc( 3) = 555690.6244718753

 DRPCG Starting Iteration 4
OOPS_STATS DRPCG iteration 4                        - Runtime:   157.26 sec,  Local Memory:     7.26 GB
rdots 6.2479e+06      iteration    3
DRPCG end of iteration 4
  Residual norm ( 4) = 2499.580347536315
  Norm reduction ( 4) = 0.2976745099083178

  Quadratic cost function: J   ( 4) = 518180.4958130093
  Quadratic cost function: Jb  ( 4) = 31137.79633548942
  Quadratic cost function: JoJc( 4) = 487042.6994775199

 DRPCG Starting Iteration 5
OOPS_STATS DRPCG iteration 5                        - Runtime:   163.16 sec,  Local Memory:     7.26 GB
rdots 4.02942e+06      iteration    4
DRPCG end of iteration 5
  Residual norm ( 5) = 2007.342066358228
  Norm reduction ( 5) = 0.2390539541609411

  Quadratic cost function: J   ( 5) = 476030.6129031824
  Quadratic cost function: Jb  ( 5) = 38501.38900510598
  Quadratic cost function: JoJc( 5) = 437529.2238980764

 DRPCG Starting Iteration 6
rdots 2.68487e+06      iteration    5
DRPCG end of iteration 6
  Residual norm ( 6) = 1638.556442577328
  Norm reduction ( 6) = 0.195135350012683

  Quadratic cost function: J   ( 6) = 447392.0371636568
  Quadratic cost function: Jb  ( 6) = 45355.69862954343
  Quadratic cost function: JoJc( 6) = 402036.3385341134

 DRPCG Starting Iteration 7
rdots 1.8174e+06      iteration    6
DRPCG end of iteration 7
  Residual norm ( 7) = 1348.109646635798
  Norm reduction ( 7) = 0.1605461007726844

  Quadratic cost function: J   ( 7) = 426522.2902945547
  Quadratic cost function: Jb  ( 7) = 51923.89458899131
  Quadratic cost function: JoJc( 7) = 374598.3957055634

 DRPCG Starting Iteration 8
rdots 1.40954e+06      iteration    7
DRPCG end of iteration 8
  Residual norm ( 8) = 1187.241260969863
  Norm reduction ( 8) = 0.1413883177832125

  Quadratic cost function: J   ( 8) = 412295.0462622857
  Quadratic cost function: Jb  ( 8) = 57599.77780628688
  Quadratic cost function: JoJc( 8) = 354695.2684559988

 DRPCG Starting Iteration 9
rdots 1.07758e+06      iteration    8
DRPCG end of iteration 9
  Residual norm ( 9) = 1038.067438788537
  Norm reduction ( 9) = 0.1236232379558149

  Quadratic cost function: J   ( 9) = 402252.9006557257
  Quadratic cost function: Jb  ( 9) = 62493.44998389068
  Quadratic cost function: JoJc( 9) = 339759.450671835

 DRPCG Starting Iteration 10
OOPS_STATS DRPCG iteration 10                       - Runtime:   192.67 sec,  Local Memory:     7.26 GB
rdots 729371      iteration    9
DRPCG end of iteration 10
  Residual norm (10) = 854.0319120659245
  Norm reduction (10) = 0.1017064848988993

  Quadratic cost function: J   (10) = 394102.4996105202
  Quadratic cost function: Jb  (10) = 67251.77590899763
  Quadratic cost function: JoJc(10) = 326850.7237015226

 DRPCG Starting Iteration 11
rdots 606746      iteration    10
DRPCG end of iteration 11
  Residual norm (11) = 778.938869088296
  Norm reduction (11) = 0.0927636698427951

  Quadratic cost function: J   (11) = 387666.3985928214
  Quadratic cost function: Jb  (11) = 71717.0180736715
  Quadratic cost function: JoJc(11) = 315949.3805191499

 DRPCG Starting Iteration 12
rdots 475044      iteration    11
DRPCG end of iteration 12
  Residual norm (12) = 689.2341428282515
  Norm reduction (12) = 0.08208075242738259

  Quadratic cost function: J   (12) = 383444.4269409915
  Quadratic cost function: Jb  (12) = 75113.07602683015
  Quadratic cost function: JoJc(12) = 308331.3509141614

 DRPCG Starting Iteration 13
rdots 334948      iteration    12
DRPCG end of iteration 13
  Residual norm (13) = 578.7468212351804
  Norm reduction (13) = 0.0689228400047165

  Quadratic cost function: J   (13) = 379817.9084154831
  Quadratic cost function: Jb  (13) = 78437.5424634003
  Quadratic cost function: JoJc(13) = 301380.3659520828

 DRPCG Starting Iteration 14
rdots 239973      iteration    13
DRPCG end of iteration 14
  Residual norm (14) = 489.8701497868528
  Norm reduction (14) = 0.0583385354666608

  Quadratic cost function: J   (14) = 376948.9673950498
  Quadratic cost function: Jb  (14) = 81425.59919430598
  Quadratic cost function: JoJc(14) = 295523.3682007438

 DRPCG Starting Iteration 15
OOPS_STATS DRPCG iteration 15                       - Runtime:   223.04 sec,  Local Memory:     7.26 GB
rdots 204822      iteration    14
DRPCG end of iteration 15
  Residual norm (15) = 452.5729738082331
  Norm reduction (15) = 0.05389682244417569

  Quadratic cost function: J   (15) = 374897.9463107374
  Quadratic cost function: Jb  (15) = 83824.37249267969
  Quadratic cost function: JoJc(15) = 291073.5738180577

 DRPCG Starting Iteration 16
rdots 153549      iteration    15
DRPCG end of iteration 16
  Residual norm (16) = 391.8533695995912
  Norm reduction (16) = 0.04666573725723635

  Quadratic cost function: J   (16) = 373405.5474354976
  Quadratic cost function: Jb  (16) = 85754.87129364838
  Quadratic cost function: JoJc(16) = 287650.6761418493

 DRPCG Starting Iteration 17
rdots 106344      iteration    16
DRPCG end of iteration 17
  Residual norm (17) = 326.1039463043976
  Norm reduction (17) = 0.03883565194893964

  Quadratic cost function: J   (17) = 372153.6311616682
  Quadratic cost function: Jb  (17) = 87534.35734257146
  Quadratic cost function: JoJc(17) = 284619.2738190967

 DRPCG Starting Iteration 18
rdots 84332.5      iteration    17
DRPCG end of iteration 18
  Residual norm (18) = 290.4006418022424
  Norm reduction (18) = 0.03458375275303589

  Quadratic cost function: J   (18) = 371225.2248955847
  Quadratic cost function: Jb  (18) = 88978.858791292
  Quadratic cost function: JoJc(18) = 282246.3661042927

 DRPCG Starting Iteration 19
rdots 62987.6      iteration    18
DRPCG end of iteration 19
  Residual norm (19) = 250.9732132768216
  Norm reduction (19) = 0.02988834839253279

  Quadratic cost function: J   (19) = 370513.3020643383
  Quadratic cost function: Jb  (19) = 90183.19554860392
  Quadratic cost function: JoJc(19) = 280330.1065157345

 DRPCG Starting Iteration 20
OOPS_STATS DRPCG iteration 20                       - Runtime:   253.68 sec,  Local Memory:     7.26 GB
rdots 46549.1      iteration    19
DRPCG end of iteration 20
  Residual norm (20) = 215.7523963235327
  Norm reduction (20) = 0.02569390853966924

  Quadratic cost function: J   (20) = 369958.7622925421
  Quadratic cost function: Jb  (20) = 91198.61497102104
  Quadratic cost function: JoJc(20) = 278760.1473215211

 DRPCG Starting Iteration 21
rdots 37847.6      iteration    20
DRPCG end of iteration 21
  Residual norm (21) = 194.544523127071
  Norm reduction (21) = 0.02316826727905649

  Quadratic cost function: J   (21) = 369551.8722168042
  Quadratic cost function: Jb  (21) = 92000.83847240751
  Quadratic cost function: JoJc(21) = 277551.0337443966

 DRPCG Starting Iteration 22
rdots 27184.3      iteration    21
DRPCG end of iteration 22
  Residual norm (22) = 164.8766661894045
  Norm reduction (22) = 0.01963512829328454

  Quadratic cost function: J   (22) = 369248.2559564462
  Quadratic cost function: Jb  (22) = 92641.18835976781
  Quadratic cost function: JoJc(22) = 276607.0675966784

 DRPCG Starting Iteration 23
rdots 23298      iteration    22
DRPCG end of iteration 23
  Residual norm (23) = 152.6369498594256
  Norm reduction (23) = 0.01817750299088751

  Quadratic cost function: J   (23) = 369021.7663695149
  Quadratic cost function: Jb  (23) = 93149.51121383943
  Quadratic cost function: JoJc(23) = 275872.2551556755

 DRPCG Starting Iteration 24
rdots 17424.4      iteration    23
DRPCG end of iteration 24
  Residual norm (24) = 132.0015455574944
  Norm reduction (24) = 0.01572003693327835

  Quadratic cost function: J   (24) = 368858.5729183435
  Quadratic cost function: Jb  (24) = 93536.96953491477
  Quadratic cost function: JoJc(24) = 275321.6033834287

 DRPCG Starting Iteration 25
OOPS_STATS DRPCG iteration 25                       - Runtime:   284.92 sec,  Local Memory:     7.26 GB
rdots 13987.3      iteration    24
DRPCG end of iteration 25
  Residual norm (25) = 118.2677803596334
  Norm reduction (25) = 0.01408448565824186

  Quadratic cost function: J   (25) = 368729.6602409822
  Quadratic cost function: Jb  (25) = 93859.37381338721
  Quadratic cost function: JoJc(25) = 274870.286427595

 DRPCG Starting Iteration 26
rdots 9507.86      iteration    25
DRPCG end of iteration 26
  Residual norm (26) = 97.50826823985915
  Norm reduction (26) = 0.01161223962611074

  Quadratic cost function: J   (26) = 368625.0859533548
  Quadratic cost function: Jb  (26) = 94134.63105614136
  Quadratic cost function: JoJc(26) = 274490.4548972135

 DRPCG Starting Iteration 27
rdots 6745.44      iteration    26
DRPCG end of iteration 27
  Residual norm (27) = 82.1306369657416
  Norm reduction (27) = 0.00978092067787787

  Quadratic cost function: J   (27) = 368535.7342724195
  Quadratic cost function: Jb  (27) = 94382.60518955023
  Quadratic cost function: JoJc(27) = 274153.1290828693

 DRPCG Starting Iteration 28
rdots 5133.38      iteration    27
DRPCG end of iteration 28
  Residual norm (28) = 71.64757503559281
  Norm reduction (28) = 0.008532494986952866

  Quadratic cost function: J   (28) = 368469.2119336011
  Quadratic cost function: Jb  (28) = 94577.36117742976
  Quadratic cost function: JoJc(28) = 273891.8507561713

 DRPCG Starting Iteration 29
rdots 4101.11      iteration    28
DRPCG end of iteration 29
  Residual norm (29) = 64.03987897142134
  Norm reduction (29) = 0.007626496026100989

  Quadratic cost function: J   (29) = 368422.3894757875
  Quadratic cost function: Jb  (29) = 94721.38782394823
  Quadratic cost function: JoJc(29) = 273701.0016518393

 DRPCG Starting Iteration 30
OOPS_STATS DRPCG iteration 30                       - Runtime:   316.87 sec,  Local Memory:     7.26 GB
rdots 2796.38      iteration    29
DRPCG end of iteration 30
  Residual norm (30) = 52.88080275467073
  Norm reduction (30) = 0.006297563932709842

  Quadratic cost function: J   (30) = 368387.4323060436
  Quadratic cost function: Jb  (30) = 94833.90767520605
  Quadratic cost function: JoJc(30) = 273553.5246308375

 DRPCG Starting Iteration 31
rdots 2056.85      iteration    30
DRPCG end of iteration 31
  Residual norm (31) = 45.35254634434044
  Norm reduction (31) = 0.005401025423908551

  Quadratic cost function: J   (31) = 368359.6309850385
  Quadratic cost function: Jb  (31) = 94927.48041488
  Quadratic cost function: JoJc(31) = 273432.1505701585

 DRPCG Starting Iteration 32
rdots 1533.48      iteration    31
DRPCG end of iteration 32
  Residual norm (32) = 39.15969418860681
  Norm reduction (32) = 0.004663519933353043

  Quadratic cost function: J   (32) = 368339.3129618507
  Quadratic cost function: Jb  (32) = 94998.9466818684
  Quadratic cost function: JoJc(32) = 273340.3662799823

 DRPCG Starting Iteration 33
rdots 1171.34      iteration    32
DRPCG end of iteration 33
  Residual norm (33) = 34.22491259564953
  Norm reduction (33) = 0.004075837807577006

  Quadratic cost function: J   (33) = 368324.2685560792
  Quadratic cost function: Jb  (33) = 95054.13395651884
  Quadratic cost function: JoJc(33) = 273270.1345995604

 DRPCG Starting Iteration 34
rdots 861.852      iteration    33
DRPCG end of iteration 34
  Residual norm (34) = 29.35731044078752
  Norm reduction (34) = 0.00349615606727793

  Quadratic cost function: J   (34) = 368313.1797338694
  Quadratic cost function: Jb  (34) = 95096.4747652674
  Quadratic cost function: JoJc(34) = 273216.704968602

 DRPCG Starting Iteration 35
OOPS_STATS DRPCG iteration 35                       - Runtime:   348.83 sec,  Local Memory:     7.26 GB
rdots 704.637      iteration    34
DRPCG end of iteration 35
  Residual norm (35) = 26.54500457149089
  Norm reduction (35) = 0.003161239139250275

  Quadratic cost function: J   (35) = 368305.3247044671
  Quadratic cost function: Jb  (35) = 95127.61166813117
  Quadratic cost function: JoJc(35) = 273177.7130363359

 DRPCG Starting Iteration 36
rdots 502.043      iteration    35
DRPCG end of iteration 36
  Residual norm (36) = 22.40631308848664
  Norm reduction (36) = 0.002668363221066926

  Quadratic cost function: J   (36) = 368299.3646685004
  Quadratic cost function: Jb  (36) = 95152.08248563217
  Quadratic cost function: JoJc(36) = 273147.2821828682

 DRPCG Starting Iteration 37
rdots 394.529      iteration    36
DRPCG end of iteration 37
  Residual norm (37) = 19.86274248496353
  Norm reduction (37) = 0.00236544992061342

  Quadratic cost function: J   (37) = 368294.835673317
  Quadratic cost function: Jb  (37) = 95171.32393468564
  Quadratic cost function: JoJc(37) = 273123.5117386313

 DRPCG Starting Iteration 38
rdots 275.404      iteration    37
DRPCG end of iteration 38
  Residual norm (38) = 16.59531102887678
  Norm reduction (38) = 0.001976332179986155

  Quadratic cost function: J   (38) = 368291.3672138844
  Quadratic cost function: Jb  (38) = 95186.56081067774
  Quadratic cost function: JoJc(38) = 273104.8064032067

 DRPCG Starting Iteration 39
rdots 199.769      iteration    38
DRPCG end of iteration 39
  Residual norm (39) = 14.13397781138612
  Norm reduction (39) = 0.001683212512934943

  Quadratic cost function: J   (39) = 368288.6435622692
  Quadratic cost function: Jb  (39) = 95198.93272582717
  Quadratic cost function: JoJc(39) = 273089.710836442

 DRPCG Starting Iteration 40
OOPS_STATS DRPCG iteration 40                       - Runtime:   381.46 sec,  Local Memory:     7.26 GB
rdots 141.244      iteration    39
DRPCG end of iteration 40
  Residual norm (40) = 11.88459405130653
  Norm reduction (40) = 0.001415333863209845

  Quadratic cost function: J   (40) = 368286.5746938593
  Quadratic cost function: Jb  (40) = 95208.6527944956
  Quadratic cost function: JoJc(40) = 273077.9218993637

 DRPCG Starting Iteration 41
rdots 109.434      iteration    40
DRPCG end of iteration 41
  Residual norm (41) = 10.46105161526527
  Norm reduction (41) = 0.001245804487048786

  Quadratic cost function: J   (41) = 368285.1285068855
  Quadratic cost function: Jb  (41) = 95215.6711998805
  Quadratic cost function: JoJc(41) = 273069.457307005

 DRPCG Starting Iteration 42
rdots 75.9184      iteration    41
DRPCG end of iteration 42
  Residual norm (42) = 8.71311808930173
  Norm reduction (42) = 0.001037643442653331

  Quadratic cost function: J   (42) = 368284.0621406097
  Quadratic cost function: Jb  (42) = 95221.00741646257
  Quadratic cost function: JoJc(42) = 273063.0547241471

 DRPCG Starting Iteration 43
rdots 57.0541      iteration    42
DRPCG end of iteration 43
  Residual norm (43) = 7.553416332044501
  Norm reduction (43) = 0.0008995347987077112

  Quadratic cost function: J   (43) = 368283.2539197239
  Quadratic cost function: Jb  (43) = 95225.1760870143
  Quadratic cost function: JoJc(43) = 273058.0778327096

DRPCG: Achieved required reduction in residual norm.
OOPS_STATS DRPCG end                                - Runtime:   407.76 sec,  Local Memory:     7.26 GB
DRPCGMinimizer: reduction in residual norm = 0.000899535
DRPCGMinimizer output increment:
  Valid time: 2026-05-23T17:00:00Z
  Resolution: nCellsGlobal = 2341818, nFields = 12
Fld=1  Min=-0.00791319, Max=0.00833141, RMS=9.63939e-05 : water_vapor_mixing_ratio_wrt_moist_air
Fld=2  Min=-136.203, Max=93.6163, RMS=3.18116 : air_pressure_at_surface
Fld=3  Min=-8.59398, Max=11.6224, RMS=0.112242 : air_temperature
Fld=4  Min=-26.8483, Max=24.4991, RMS=0.376361 : northward_wind
Fld=5  Min=-40.7532, Max=37.964, RMS=0.415966 : eastward_wind
Fld=6  Min=-0.00426053, Max=0.00563279, RMS=1.78288e-05 : cloud_liquid_water
Fld=7  Min=-0.00119295, Max=0.00125276, RMS=7.3316e-06 : cloud_liquid_ice
Fld=8  Min=-0.00993955, Max=0.00783792, RMS=4.21445e-05 : rain_water
Fld=9  Min=-0.00370934, Max=0.00605967, RMS=5.94662e-05 : snow_water
Fld=10  Min=-0.0119055, Max=0.0104356, RMS=3.53883e-05 : graupel
Fld=11  Min=-73.3957, Max=74.5811, RMS=2.41516 : equivalent_reflectivity_factor
Fld=12  Min=0, Max=0, RMS=0 : upward_air_velocity
CostFunction::addIncrement: First guess:
  Valid time: 2026-05-23T17:00:00Z
  Resolution: nCellsGlobal = 2341818, nFields = 35
Fld=1  Min=0, Max=0.0226372, RMS=0.00585363 : water_vapor_mixing_ratio_wrt_moist_air
Fld=2  Min=63390, Max=103530, RMS=96808.4 : air_pressure_at_surface
Fld=3  Min=171.346, Max=307.88, RMS=259.132 : air_temperature
Fld=4  Min=-48.0927, Max=44.6568, RMS=6.73623 : northward_wind
Fld=5  Min=-25.0601, Max=71.2844, RMS=11.0246 : eastward_wind
Fld=6  Min=273.129, Max=646.48, RMS=355.091 : air_potential_temperature
Fld=7  Min=0.0383775, Max=1.29214, RMS=0.78846 : dry_air_density
Fld=8  Min=-75.2855, Max=75.3034, RMS=9.1609 : u
Fld=9  Min=0, Max=0.0231615, RMS=0.00592506 : water_vapor_mixing_ratio_wrt_dry_air
Fld=10  Min=2444.96, Max=103419, RMS=64433.8 : air_pressure
Fld=11  Min=0, Max=1, RMS=0.790008 : landmask
Fld=12  Min=0, Max=1, RMS=0.0641977 : seaice_fraction
Fld=13  Min=0, Max=1, RMS=0.0714561 : snowc
Fld=14  Min=262.566, Max=318.879, RMS=294.864 : skin_temperature_at_surface
Fld=15  Min=1, Max=19, RMS=12.7664 : ivgtyp
Fld=16  Min=1, Max=16, RMS=9.97061 : isltyp
Fld=17  Min=0, Max=7.49972, RMS=0.174166 : snowh
Fld=18  Min=0, Max=0.91134, RMS=0.392459 : vegetation_area_fraction
Fld=19  Min=269.271, Max=309.296, RMS=292.126 : air_temperature_at_2m
Fld=20  Min=0.00122163, Max=0.0221123, RMS=0.0108958 : water_vapor_mixing_ratio_wrt_moist_air_at_2m
Fld=21  Min=-17.6473, Max=19.1104, RMS=3.44494 : eastward_wind_at_10m
Fld=22  Min=-13.9713, Max=18.4207, RMS=3.27668 : northward_wind_at_10m
Fld=23  Min=0, Max=6.54018, RMS=1.53334 : lai
Fld=24  Min=0.00200001, Max=1, RMS=0.635331 : smois
Fld=25  Min=262.471, Max=318.879, RMS=290.699 : tslb
Fld=26  Min=-978.349, Max=5969.8, RMS=3196.21 : pressure_p
Fld=27  Min=0, Max=0.00820289, RMS=4.66912e-05 : cloud_liquid_water
Fld=28  Min=0, Max=0.00429934, RMS=1.50066e-05 : cloud_liquid_ice
Fld=29  Min=0, Max=0.0169341, RMS=3.9681e-05 : graupel
Fld=30  Min=0, Max=0.012018, RMS=4.94862e-05 : rain_water
Fld=31  Min=0, Max=0.00599803, RMS=8.24053e-05 : snow_water
Fld=32  Min=0, Max=1, RMS=0.2281 : cldfrac
Fld=33  Min=0, Max=72.8289, RMS=4.57301 : equivalent_reflectivity_factor
Fld=34  Min=-11.3876, Max=49.892, RMS=0.139425 : w
Fld=35  Min=0, Max=0, RMS=0 : upward_air_velocity
CostFunction::addIncrement: Increment:
  Valid time: 2026-05-23T17:00:00Z
  Resolution: nCellsGlobal = 2341818, nFields = 12
Fld=1  Min=-0.00791319, Max=0.00833141, RMS=9.63939e-05 : water_vapor_mixing_ratio_wrt_moist_air
Fld=2  Min=-136.203, Max=93.6163, RMS=3.18116 : air_pressure_at_surface
Fld=3  Min=-8.59398, Max=11.6224, RMS=0.112242 : air_temperature
Fld=4  Min=-26.8483, Max=24.4991, RMS=0.376361 : northward_wind
Fld=5  Min=-40.7532, Max=37.964, RMS=0.415966 : eastward_wind
Fld=6  Min=-0.00426053, Max=0.00563279, RMS=1.78288e-05 : cloud_liquid_water
Fld=7  Min=-0.00119295, Max=0.00125276, RMS=7.3316e-06 : cloud_liquid_ice
Fld=8  Min=-0.00993955, Max=0.00783792, RMS=4.21445e-05 : rain_water
Fld=9  Min=-0.00370934, Max=0.00605967, RMS=5.94662e-05 : snow_water
Fld=10  Min=-0.0119055, Max=0.0104356, RMS=3.53883e-05 : graupel
Fld=11  Min=-73.3957, Max=74.5811, RMS=2.41516 : equivalent_reflectivity_factor
Fld=12  Min=0, Max=0, RMS=0 : upward_air_velocity
CostFunction::addIncrement: Analysis: 
  Valid time: 2026-05-23T17:00:00Z
  Resolution: nCellsGlobal = 2341818, nFields = 35
Fld=1  Min=0, Max=0.0233761, RMS=0.00585519 : water_vapor_mixing_ratio_wrt_moist_air
Fld=2  Min=63390, Max=103530, RMS=96808.3 : air_pressure_at_surface
Fld=3  Min=171.242, Max=307.88, RMS=259.135 : air_temperature
Fld=4  Min=-48.0927, Max=47.3726, RMS=6.744 : northward_wind
Fld=5  Min=-27.4713, Max=77.1166, RMS=11.0278 : eastward_wind
Fld=6  Min=273.129, Max=646.48, RMS=355.093 : air_potential_temperature
Fld=7  Min=0.0382716, Max=1.29214, RMS=0.788448 : dry_air_density
Fld=8  Min=-76.935, Max=76.0274, RMS=9.16536 : u
Fld=9  Min=0, Max=0.0239356, RMS=0.00592666 : water_vapor_mixing_ratio_wrt_dry_air
Fld=10  Min=2431.11, Max=103419, RMS=64434 : air_pressure
Fld=11  Min=0, Max=1, RMS=0.790008 : landmask
Fld=12  Min=0, Max=1, RMS=0.0641977 : seaice_fraction
Fld=13  Min=0, Max=1, RMS=0.0714561 : snowc
Fld=14  Min=262.566, Max=318.879, RMS=294.864 : skin_temperature_at_surface
Fld=15  Min=1, Max=19, RMS=12.7664 : ivgtyp
Fld=16  Min=1, Max=16, RMS=9.97061 : isltyp
Fld=17  Min=0, Max=7.49972, RMS=0.174166 : snowh
Fld=18  Min=0, Max=0.91134, RMS=0.392459 : vegetation_area_fraction
Fld=19  Min=269.271, Max=309.296, RMS=292.132 : air_temperature_at_2m
Fld=20  Min=0.00122163, Max=0.0221327, RMS=0.010896 : water_vapor_mixing_ratio_wrt_moist_air_at_2m
Fld=21  Min=-17.6473, Max=19.1104, RMS=3.44494 : eastward_wind_at_10m
Fld=22  Min=-13.9713, Max=18.4207, RMS=3.27668 : northward_wind_at_10m
Fld=23  Min=0, Max=6.54018, RMS=1.53334 : lai
Fld=24  Min=0.00200001, Max=1, RMS=0.635331 : smois
Fld=25  Min=262.471, Max=318.879, RMS=290.699 : tslb
Fld=26  Min=-978.349, Max=5945.57, RMS=3196.38 : pressure_p
Fld=27  Min=0, Max=0.00736761, RMS=4.62967e-05 : cloud_liquid_water
Fld=28  Min=0, Max=0.00371239, RMS=1.58459e-05 : cloud_liquid_ice
Fld=29  Min=0, Max=0.0133304, RMS=3.89843e-05 : graupel
Fld=30  Min=0, Max=0.00920815, RMS=4.09437e-05 : rain_water
Fld=31  Min=0, Max=0.00658343, RMS=9.72735e-05 : snow_water
Fld=32  Min=0, Max=1, RMS=0.2281 : cldfrac
Fld=33  Min=0, Max=77.6021, RMS=4.21082 : equivalent_reflectivity_factor
Fld=34  Min=-11.3876, Max=49.892, RMS=0.139425 : w
Fld=35  Min=0, Max=0, RMS=0 : upward_air_velocity
OOPS_STATS IncrementalAssimilation end              - Runtime:   408.17 sec,  Local Memory:     7.26 GB
Variational: incremental assimilation done 1 iterations.
QC refl10cm equivalentReflectivityFactor: 131960 H(x) failed.
QC refl10cm equivalentReflectivityFactor: 12 rejected by first-guess check.
QC refl10cm equivalentReflectivityFactor: 3743591 passed out of 3875563 observations.
ObsErrorDiagonal covariance updated 3743591
Observer::finalize QC = 
refl10cm equivalentReflectivityFactor nlocs = 3875563, nobs = 3875563, min = 0, max = 19, avg = 0
Jo Observations:
Jo Obs :refl10cm:equivalentReflectivityFactor   : Nobs=  3743591, Min= 0.000000e+00, Max= 5.718983e+01, RMS= 5.610806e+00
Jo Observations Equivalent:
Jo H(x):refl10cm:equivalentReflectivityFactor   : Nobs=  3743591, Min= 0.000000e+00, Max= 5.734775e+01, RMS= 5.181583e+00
Jo Bias Corrected Departures:
Jo Dep :refl10cm:equivalentReflectivityFactor   : Nobs=  3743591, Min=-5.370322e+01, Max= 3.392956e+01, RMS= 1.912900e+00
Jo Observations Errors:
UFO Diagonal observation error covariance, inverse variances: refl10cm nobs= 3743591 Min=0.04, Max=0.04, RMS=0.04



CostJo   : Nonlinear Jo(refl10cm) = 273970, nobs = 3743591, Jo/n = 0.0731837, err = 5
CostJo   : Nonlinear Jo = 273970
Increment:diff x1 2
Increment:diff x2 1
CostJb: FG-BG
  Valid time: 2026-05-23T17:00:00Z
  Resolution: nCellsGlobal = 2341818, nFields = 12
Fld=1  Min=-0.00791319, Max=0.00833141, RMS=9.61449e-05 : water_vapor_mixing_ratio_wrt_moist_air
Fld=2  Min=-136.203, Max=93.6163, RMS=3.18116 : air_pressure_at_surface
Fld=3  Min=-8.59398, Max=11.6224, RMS=0.112242 : air_temperature
Fld=4  Min=-26.8483, Max=24.4991, RMS=0.376361 : northward_wind
Fld=5  Min=-40.7532, Max=37.964, RMS=0.415966 : eastward_wind
Fld=6  Min=-0.00236215, Max=0.00563279, RMS=1.56806e-05 : cloud_liquid_water
Fld=7  Min=-0.00119295, Max=0.00125276, RMS=6.96254e-06 : cloud_liquid_ice
Fld=8  Min=-0.00634192, Max=0.00783792, RMS=3.04812e-05 : rain_water
Fld=9  Min=-0.00367533, Max=0.00605967, RMS=5.74217e-05 : snow_water
Fld=10  Min=-0.00952845, Max=0.0104356, RMS=3.02996e-05 : graupel
Fld=11  Min=-65.8388, Max=74.5811, RMS=2.37185 : equivalent_reflectivity_factor
Fld=12  Min=0, Max=0, RMS=0 : upward_air_velocity
CostFunction: Nonlinear J = 273970
OOPS_STATS Variational end                          - Runtime:   414.24 sec,  Local Memory:     7.26 GB
==> destruct MPAS corelist and domain:  0
Tried to erase key "mesh[address=0x3ee54e0],halo[size=0]" from cache "NodeColumnsHaloExchangeCache" but it was not found.
Erased key "mesh[address=0x3ee54e0],halo[size=1]" from cache "NodeColumnsHaloExchangeCache".
==> destruct MPAS corelist and domain:  1
refl10cm: save database to jdiag_mrms_refl.nc (io pool size: 4)
QC refl10cm equivalentReflectivityFactor: 131960 H(x) failed.
QC refl10cm equivalentReflectivityFactor: 12 rejected by first-guess check.
QC refl10cm equivalentReflectivityFactor: 3743591 passed out of 3875563 observations.
Erased key "mesh[address=0x724f3a0]" from cache "NodeColumnsGatherScatterCache".
Tried to erase key "mesh[address=0x724f3a0],halo[size=0]" from cache "NodeColumnsHaloExchangeCache" but it was not found.
Erased key "mesh[address=0x724f3a0],halo[size=1]" from cache "NodeColumnsHaloExchangeCache".

Run: Finishing oops::Variational<MPAS, UFO and IODA observations>
OOPS_STATS  
OOPS_STATS ----------------------------------------------------------------------------------
OOPS_STATS --------------------------- Object counts ----------------------------------------
OOPS_STATS ----------------------------------------------------------------------------------
OOPS_STATS                                      Total  Simult. Remain    Avg (Mb)    HWM (Mb)
OOPS_STATS ioda::ObsDataVector             :        8       5        
OOPS_STATS ioda::ObsVector                 :      106       8        
OOPS_STATS mpas::Geometry                  :        2       2        
OOPS_STATS mpas::Increment                 :     3124     133        
OOPS_STATS mpas::LinVarChaModel2GeoVars    :        1       1        
OOPS_STATS mpas::ModelBias                 :        4       3        
OOPS_STATS mpas::ModelBiasCovariance       :        1       1        
OOPS_STATS mpas::State                     :       75      34        
OOPS_STATS mpas::VarChaModel2GeoVars       :        3       1        
OOPS_STATS oops::ControlIncrement          :      190     100               15.22     1522.04
OOPS_STATS oops::ControlVariable           :        4       3        
OOPS_STATS oops::Diffusion                 :        1       1        
OOPS_STATS oops::EnsembleCovariance        :        1       1             3559.58     3559.58
OOPS_STATS oops::GeoVaLs                   :       90       1        
OOPS_STATS oops::Geometry                  :        2       2        
OOPS_STATS oops::GetValues                 :        3       2        
OOPS_STATS oops::Increment                 :     3036     133               15.02     2024.32
OOPS_STATS oops::LinearObsOperator         :        1       1        
OOPS_STATS oops::LocalInterpolator         :     2400    1600        
OOPS_STATS oops::Localization              :        1       1        
OOPS_STATS oops::ModelAuxControl           :        4       3        
OOPS_STATS oops::ModelAuxCovariance        :        1       1        
OOPS_STATS oops::ModelAuxIncrement         :      190     100        
OOPS_STATS oops::ObsAuxControl             :        4       3        
OOPS_STATS oops::ObsAuxCovariance          :        1       1        
OOPS_STATS oops::ObsAuxIncrement           :      190     100        
OOPS_STATS oops::ObsAuxIncrements          :      190     100        
OOPS_STATS oops::ObsAuxPreconditioner      :        2       2        
OOPS_STATS oops::ObsDataVector             :        4       4        
OOPS_STATS oops::ObsDiagnostics            :        2       1        
OOPS_STATS oops::ObsError                  :        1       1        
OOPS_STATS oops::ObsOperator               :        2       2        
OOPS_STATS oops::ObsSpace                  :        1       1        
OOPS_STATS oops::ObsSpaces                 :        1       1        
OOPS_STATS oops::ObsVector                 :      106       7                0.04        0.23
OOPS_STATS oops::SampledLocations          :        8       4        
OOPS_STATS oops::State                     :       72      34               21.39      702.08
OOPS_STATS oops::UnstructuredInterpolator  :     2400    1600        
OOPS_STATS oops::VariableChange            :        3       1        
OOPS_STATS ufo::BackgroundCheck            :        1       1        
OOPS_STATS ufo::FinalCheck                 :        2       2        
OOPS_STATS ufo::GeoVaLs                    :       93       2        
OOPS_STATS ufo::ObsBias                    :        4       3        
OOPS_STATS ufo::ObsBiasCovariance          :        1       1        
OOPS_STATS ufo::ObsBiasPreconditioner      :        1       1        
OOPS_STATS ufo::ObsFilter                  :        9       6        
OOPS_STATS ufo::ObsFilterData              :        3       3        
OOPS_STATS ufo::ObsVertInterp              :        2       2        
OOPS_STATS ufo::ObsVertInterpTLAD          :        1       1        
OOPS_STATS ufo::SampledLocations           :        4       3        
OOPS_STATS ----------------------------- Object counts --------------------------------------
OOPS_STATS  
OOPS_STATS --------------------------------------------------------------------------------------------
OOPS_STATS ------------------------------------ Timing Statistics -------------------------------------
OOPS_STATS --------------------------------------------------------------------------------------------
OOPS_STATS Name                                                :   total (ms)   count    time/call (ms)
OOPS_STATS ObsFilter::Background Check::ObsFilter              :         7.52       1            7.5156
OOPS_STATS ObsFilter::Background Check::postFilter             :        47.92       1           47.9223
OOPS_STATS ObsFilter::Background Check::preProcess             :         0.01       1            0.0065
OOPS_STATS ObsFilter::Background Check::priorFilter            :         1.00       1            0.9959
OOPS_STATS ObsFilter::Final Check::ObsFilter                   :         0.64       2            0.3199
OOPS_STATS ObsFilter::Final Check::postFilter                  :         0.05       2            0.0229
OOPS_STATS ObsFilter::Final Check::preProcess                  :         0.00       2            0.0003
OOPS_STATS ObsFilter::Final Check::priorFilter                 :         0.00       2            0.0021
OOPS_STATS ObsFilter::QCmanager::ObsFilter                     :        23.54       2           11.7713
OOPS_STATS ObsFilter::QCmanager::postFilter                    :         0.22       2            0.1080
OOPS_STATS ObsFilter::QCmanager::preProcess                    :         0.00       2            0.0001
OOPS_STATS ObsFilter::QCmanager::priorFilter                   :         0.00       2            0.0001
OOPS_STATS ioda::ObsSpace::get_db(DateTime)                    :         2.28       4            0.5711
OOPS_STATS ioda::ObsSpace::get_db(double)                      :         0.29       5            0.0585
OOPS_STATS ioda::ObsSpace::get_db(float)                       :        22.57      12            1.8804
OOPS_STATS ioda::ObsSpace::load                                :       612.16       1          612.1554
OOPS_STATS ioda::ObsSpace::put_db(double)                      :         0.43       6            0.0718
OOPS_STATS ioda::ObsSpace::put_db(float)                       :         0.08       2            0.0412
OOPS_STATS ioda::ObsSpace::put_db(int)                         :         1.03       2            0.5130
OOPS_STATS mpas::LinVarChaModel2GeoVars::LinVarChaModel2GeoVar :         3.05       1            3.0543
OOPS_STATS mpas::LinVarChaModel2GeoVars::changeVarAD           :       907.61      44           20.6274
OOPS_STATS mpas::LinVarChaModel2GeoVars::changeVarTL           :       154.27      43            3.5876
OOPS_STATS mpas::LinVarChaModel2GeoVars::~LinVarChaModel2GeoVa :         0.03       1            0.0317
OOPS_STATS mpas::VarChaModel2GeoVars::VarChaModel2GeoVars      :         0.04       3            0.0137
OOPS_STATS mpas::VarChaModel2GeoVars::changeVar                :        12.01       3            4.0049
OOPS_STATS mpas::VarChaModel2GeoVars::~VarChaModel2GeoVars     :         0.01       3            0.0023
OOPS_STATS oops::Covariance::EnsembleCovariance                :     77184.55       1        77184.5494
OOPS_STATS oops::Covariance::ensemble::Constructor             :         0.01       1            0.0063
OOPS_STATS oops::Covariance::ensemble::multiply                :    247171.89      44         5617.5430
OOPS_STATS oops::Diffusion::Diffusion                          :         0.00       1            0.0001
OOPS_STATS oops::Diffusion::calculateDerivedGeom               :         1.90       1            1.8959
OOPS_STATS oops::Diffusion::multiplySqrtAD                     :     60595.09    1320           45.9054
OOPS_STATS oops::Diffusion::multiplySqrtTL                     :     51328.77    1320           38.8854
OOPS_STATS oops::Diffusion::setParameters                      :         4.03       1            4.0337
OOPS_STATS oops::GeoVaLs::GeoVaLs                              :        18.63      90            0.2070
OOPS_STATS oops::GeoVaLs::fill                                 :        29.65   30625            0.0010
OOPS_STATS oops::GeoVaLs::fillAD                               :        22.64   27500            0.0008
OOPS_STATS oops::GeoVaLs::~GeoVaLs                             :         0.51      90            0.0057
OOPS_STATS oops::Geometry::Geometry                            :     48261.20       2        24130.6006
OOPS_STATS oops::Geometry::variableSizes                       :         3.88      11            0.3527
OOPS_STATS oops::Geometry::~Geometry                           :       472.70       2          236.3512
OOPS_STATS oops::GeometryData::containingTriangleAndBarycentri :        44.56   20562            0.0022
OOPS_STATS oops::GeometryData::setGlobalTree                   :      1826.05       2          913.0270
OOPS_STATS oops::GeometryData::setLocalTree                    :         3.19       2            1.5952
OOPS_STATS oops::GeometryData::setMeshAndTriangulation         :         0.29       2            0.1437
OOPS_STATS oops::GetValues::GetValues                          :       304.35       3          101.4509
OOPS_STATS oops::GetValues::fillGeoVaLs                        :        57.88       3           19.2942
OOPS_STATS oops::GetValues::fillGeoVaLsAD                      :       118.59      44            2.6951
OOPS_STATS oops::GetValues::fillGeoVaLsTL                      :       784.95      43           18.2546
OOPS_STATS oops::GetValues::finalize                           :        18.98       3            6.3265
OOPS_STATS oops::GetValues::finalizeAD                         :       733.54      44           16.6714
OOPS_STATS oops::GetValues::finalizeTL                         :       107.89      43            2.5091
OOPS_STATS oops::GetValues::initialize                         :         2.32       3            0.7745
OOPS_STATS oops::GetValues::initializeAD                       :         5.32      44            0.1210
OOPS_STATS oops::GetValues::initializeTL                       :        18.64      43            0.4335
OOPS_STATS oops::GetValues::process                            :        16.25       3            5.4153
OOPS_STATS oops::GetValues::processAD                          :       130.30      44            2.9614
OOPS_STATS oops::GetValues::processTL                          :       143.87      43            3.3457
OOPS_STATS oops::Increment::Increment                          :     31434.72    3036           10.3540
OOPS_STATS oops::Increment::axpy                               :      6353.00    1032            6.1560
OOPS_STATS oops::Increment::diff                               :       329.63      33            9.9887
OOPS_STATS oops::Increment::dot_product_with                   :     10746.16    1122            9.5777
OOPS_STATS oops::Increment::fromFieldSet                       :     11617.48    1364            8.5172
OOPS_STATS oops::Increment::operator*=                         :       223.92     130            1.7224
OOPS_STATS oops::Increment::operator+=                         :     11776.26    1523            7.7323
OOPS_STATS oops::Increment::operator+=(State, Increment)       :        80.82       1           80.8164
OOPS_STATS oops::Increment::operator-=                         :       101.64      30            3.3880
OOPS_STATS oops::Increment::operator=                          :      6763.76    1682            4.0213
OOPS_STATS oops::Increment::print                              :     29783.18    1327           22.4440
OOPS_STATS oops::Increment::schur_product_with                 :     13176.40    2640            4.9911
OOPS_STATS oops::Increment::serialSize                         :         4.84     190            0.0255
OOPS_STATS oops::Increment::toFieldSet                         :     10899.01    1407            7.7463
OOPS_STATS oops::Increment::zero                               :       143.36     133            1.0779
OOPS_STATS oops::Increment::~Increment                         :       161.96    3036            0.0533
OOPS_STATS oops::LinearObsOper::refl10cm::LinearObsOperator    :         4.75       1            4.7487
OOPS_STATS oops::LinearObsOper::refl10cm::requiredVars         :         0.09      89            0.0010
OOPS_STATS oops::LinearObsOper::refl10cm::setTrajectory        :         0.90       1            0.9013
OOPS_STATS oops::LinearObsOper::refl10cm::simulateObsAD        :         3.18      44            0.0722
OOPS_STATS oops::LinearObsOper::refl10cm::simulateObsTL        :         9.81      43            0.2282
OOPS_STATS oops::LinearObsOper::refl10cm::~LinearObsOperator   :        19.31       1           19.3112
OOPS_STATS oops::LinearVariableChange::LinearVariableChange    :         0.10       1            0.0969
OOPS_STATS oops::LinearVariableChange::changeVarAD             :      1625.07      44           36.9334
OOPS_STATS oops::LinearVariableChange::changeVarTL             :       794.97      43           18.4877
OOPS_STATS oops::LinearVariableChange::changeVarTraj           :         3.07       1            3.0694
OOPS_STATS oops::LinearVariableChange::~LinearVariableChange   :         0.43       1            0.4282
OOPS_STATS oops::LocalInterpolator::LocalInterpolator          :        51.68    2400            0.0215
OOPS_STATS oops::LocalInterpolator::apply                      :        15.02    2400            0.0063
OOPS_STATS oops::LocalInterpolator::applyAD                    :       113.00   35200            0.0032
OOPS_STATS oops::LocalInterpolator::applyTL                    :       126.94   34400            0.0037
OOPS_STATS oops::LocalInterpolator::preprocess                 :      1307.22      46           28.4178
OOPS_STATS oops::LocalInterpolator::preprocessAD               :        41.10      44            0.9341
OOPS_STATS oops::LocalInterpolator::~LocalInterpolator         :        18.92    2400            0.0079
OOPS_STATS oops::Localization::Localization                    :      7711.22       1         7711.2217
OOPS_STATS oops::Localization::multiply                        :    200815.00    1320          152.1326
OOPS_STATS oops::Localization::~Localization                   :         0.35       1            0.3452
OOPS_STATS oops::ModelAuxControl::ModelAuxControl              :         0.02       4            0.0040
OOPS_STATS oops::ModelAuxControl::print                        :         0.00       3            0.0005
OOPS_STATS oops::ModelAuxControl::~ModelAuxControl             :         0.00       4            0.0009
OOPS_STATS oops::ModelAuxCovariance::ModelAuxCovariance        :         0.00       1            0.0033
OOPS_STATS oops::ModelAuxCovariance::linearize                 :         0.00       1            0.0001
OOPS_STATS oops::ModelAuxCovariance::multiply                  :         0.01      44            0.0002
OOPS_STATS oops::ModelAuxCovariance::~ModelAuxCovariance       :         0.00       1            0.0005
OOPS_STATS oops::ModelAuxIncrement::ModelAuxIncrement          :         0.14     190            0.0008
OOPS_STATS oops::ModelAuxIncrement::axpy                       :         0.40    1032            0.0004
OOPS_STATS oops::ModelAuxIncrement::diff                       :         0.00       3            0.0004
OOPS_STATS oops::ModelAuxIncrement::dot_product_with           :         0.32    1122            0.0003
OOPS_STATS oops::ModelAuxIncrement::operator*=                 :         0.04      85            0.0005
OOPS_STATS oops::ModelAuxIncrement::operator+=                 :         0.08     129            0.0006
OOPS_STATS oops::ModelAuxIncrement::operator+=ModelAuxControl  :         0.00       1            0.0004
OOPS_STATS oops::ModelAuxIncrement::operator=                  :         0.02      47            0.0003
OOPS_STATS oops::ModelAuxIncrement::print                      :         0.01       7            0.0011
OOPS_STATS oops::ModelAuxIncrement::serialSize                 :         0.01     190            0.0001
OOPS_STATS oops::ModelAuxIncrement::zero                       :         0.01      44            0.0003
OOPS_STATS oops::ModelAuxIncrement::~ModelAuxIncrement         :         0.04     190            0.0002
OOPS_STATS oops::ObsAuxControl::ObsAuxControl                  :         0.50       4            0.1250
OOPS_STATS oops::ObsAuxControl::print                          :         0.00       3            0.0010
OOPS_STATS oops::ObsAuxControl::requiredHdiagnostics           :         0.00       2            0.0001
OOPS_STATS oops::ObsAuxControl::requiredVars                   :         0.00       6            0.0002
OOPS_STATS oops::ObsAuxControl::write                          :         0.03       1            0.0284
OOPS_STATS oops::ObsAuxControl::~ObsAuxControl                 :         0.01       4            0.0016
OOPS_STATS oops::ObsAuxCovariance::ObsAuxCovariance            :         2.84       1            2.8391
OOPS_STATS oops::ObsAuxCovariance::inverseMultiply             :         0.05      44            0.0011
OOPS_STATS oops::ObsAuxCovariance::linearize                   :         0.02       1            0.0191
OOPS_STATS oops::ObsAuxCovariance::multiply                    :         0.24      44            0.0055
OOPS_STATS oops::ObsAuxCovariance::preconditioner              :         0.04       1            0.0438
OOPS_STATS oops::ObsAuxCovariance::write                       :         0.02       1            0.0226
OOPS_STATS oops::ObsAuxCovariance::~ObsAuxCovariance           :         0.00       1            0.0020
OOPS_STATS oops::ObsAuxIncrement::ObsAuxIncrement              :         0.87     190            0.0046
OOPS_STATS oops::ObsAuxIncrement::axpy                         :         1.09    1032            0.0011
OOPS_STATS oops::ObsAuxIncrement::diff                         :         0.01       3            0.0049
OOPS_STATS oops::ObsAuxIncrement::dot_product_with             :         0.54    1122            0.0005
OOPS_STATS oops::ObsAuxIncrement::operator*=                   :         0.09      85            0.0010
OOPS_STATS oops::ObsAuxIncrement::operator+=                   :         0.16     129            0.0013
OOPS_STATS oops::ObsAuxIncrement::operator=                    :         0.03      47            0.0006
OOPS_STATS oops::ObsAuxIncrement::print                        :         0.01       7            0.0010
OOPS_STATS oops::ObsAuxIncrement::serialSize                   :         0.01     380            0.0000
OOPS_STATS oops::ObsAuxIncrement::zero                         :         0.06      44            0.0013
OOPS_STATS oops::ObsAuxIncrement::~ObsAuxIncrement             :         0.22     190            0.0012
OOPS_STATS oops::ObsAuxPreconditioner::multiply                :         0.03      44            0.0006
OOPS_STATS oops::ObsAuxPreconditioner::~ObsAuxPreconditioner   :         0.00       2            0.0010
OOPS_STATS oops::ObsDataVector::ObsDataVector                  :         0.29       4            0.0715
OOPS_STATS oops::ObsDataVector::mask                           :         0.01       2            0.0038
OOPS_STATS oops::ObsDataVector::operator=                      :         0.09       2            0.0462
OOPS_STATS oops::ObsDataVector::print                          :         4.17       2            2.0857
OOPS_STATS oops::ObsDataVector::save                           :         1.13       4            0.2825
OOPS_STATS oops::ObsDataVector::~ObsDataVector                 :         0.02       4            0.0055
OOPS_STATS oops::ObsDiagnostics::ObsDiagnostics                :         0.72       2            0.3598
OOPS_STATS oops::ObsDiagnostics::~ObsDiagnostics               :         0.02       2            0.0093
OOPS_STATS oops::ObsError::getRMSE                             :         0.81       4            0.2027
OOPS_STATS oops::ObsError::inverseMultiply                     :         0.39      45            0.0087
OOPS_STATS oops::ObsError::obserrors                           :         0.39       6            0.0653
OOPS_STATS oops::ObsError::update                              :        42.92       2           21.4610
OOPS_STATS oops::ObsError::~ObsError                           :         0.03       1            0.0258
OOPS_STATS oops::ObsOperator::refl10cm::ObsOperator            :        26.88       2           13.4419
OOPS_STATS oops::ObsOperator::refl10cm::computeReducedVars     :         0.71       3            0.2367
OOPS_STATS oops::ObsOperator::refl10cm::locations              :         8.46       3            2.8195
OOPS_STATS oops::ObsOperator::refl10cm::requiredVars           :         0.00       3            0.0014
OOPS_STATS oops::ObsOperator::refl10cm::simulateObs            :         1.94       2            0.9718
OOPS_STATS oops::ObsOperator::refl10cm::~ObsOperator           :         0.24       2            0.1218
OOPS_STATS oops::ObsSpace::ObsSpace                            :       625.34       1          625.3439
OOPS_STATS oops::ObsSpace::obsvariables                        :         0.00       3            0.0001
OOPS_STATS oops::ObsSpace::save                                :      2648.07       1         2648.0711
OOPS_STATS oops::ObsSpace::~ObsSpace                           :         0.69       1            0.6903
OOPS_STATS oops::ObsVector::ObsVector                          :         3.39     104            0.0326
OOPS_STATS oops::ObsVector::dot_product                        :         0.51       4            0.1271
OOPS_STATS oops::ObsVector::info                               :         2.18       6            0.3636
OOPS_STATS oops::ObsVector::operator*=                         :         0.01       2            0.0047
OOPS_STATS oops::ObsVector::operator-=                         :         0.02       2            0.0109
OOPS_STATS oops::ObsVector::operator=                          :         0.40       4            0.0993
OOPS_STATS oops::ObsVector::rms                                :         0.31       4            0.0781
OOPS_STATS oops::ObsVector::save                               :         0.46       6            0.0766
OOPS_STATS oops::ObsVector::zero                               :         0.39      45            0.0087
OOPS_STATS oops::ObsVector::~ObsVector                         :         0.27     104            0.0026
OOPS_STATS oops::Parameters::deserialize                       :        45.24      97            0.4664
OOPS_STATS oops::Parameters::serialize                         :         2.30      80            0.0288
OOPS_STATS oops::Run::execute                                  :    416379.99       1       416379.9934
OOPS_STATS oops::SampledLocations::SampledLocations            :         0.00       4            0.0003
OOPS_STATS oops::SampledLocations::latitudes                   :         0.00       3            0.0000
OOPS_STATS oops::SampledLocations::longitudes                  :         0.00       3            0.0000
OOPS_STATS oops::SampledLocations::times                       :         0.00       3            0.0000
OOPS_STATS oops::SampledLocations::~SampledLocations           :        63.32       8            7.9156
OOPS_STATS oops::State::State                                  :     71125.95      72          987.8604
OOPS_STATS oops::State::print                                  :        75.19       3           25.0648
OOPS_STATS oops::State::toFieldSet                             :        23.83       5            4.7670
OOPS_STATS oops::State::variables                              :         0.00      58            0.0000
OOPS_STATS oops::State::write                                  :      5724.03       1         5724.0270
OOPS_STATS oops::State::zero                                   :        53.52      30            1.7841
OOPS_STATS oops::State::~State                                 :         8.58      72            0.1192
OOPS_STATS oops::UnstructuredInterpolator::UnstructuredInterpo :        50.80    2400            0.0212
OOPS_STATS oops::UnstructuredInterpolator::apply               :       132.12   36800            0.0036
OOPS_STATS oops::UnstructuredInterpolator::applyAD             :        80.79   35200            0.0023
OOPS_STATS oops::VariableChange::VariableChange                :         0.28       3            0.0943
OOPS_STATS oops::VariableChange::changeVar                     :        16.98       3            5.6598
OOPS_STATS oops::VariableChange::~VariableChange               :         0.02       3            0.0078
OOPS_STATS oops::util::FieldSetHelpers::readFieldSet           :      7657.48       2         3828.7420
OOPS_STATS saber::Localization::Localization                   :      7711.21       1         7711.2069
OOPS_STATS saber::Localization::multiply                       :    189055.39    1320          143.2238
OOPS_STATS saber::Localization::~Localization                  :         0.00       1            0.0001
OOPS_STATS ufo::ObsFilter::ObsFilter                           :        31.71       5            6.3416
OOPS_STATS ufo::ObsFilter::checkFilterData                     :         0.01      15            0.0004
OOPS_STATS ufo::ObsFilter::postFilter                          :        48.19       5            9.6380
OOPS_STATS ufo::ObsFilter::preProcess                          :         0.02       5            0.0047
OOPS_STATS ufo::ObsFilter::priorFilter                         :         1.01       5            0.2014
OOPS_STATS ufo::ObsFilter::~ObsFilter                          :        76.18       9            8.4644
OOPS_STATS util::Timers::measured                              :    415844.19       1       415844.1885
OOPS_STATS ------------------------------------ Timing Statistics -------------------------------------

OOPS_STATS ------------------------------------------------------------------------------------------------------------------
OOPS_STATS ---------------------------------- Parallel Timing Statistics ( 800 MPI tasks) -----------------------------------
OOPS_STATS ------------------------------------------------------------------------------------------------------------------
OOPS_STATS Name                                                :     min (ms)    max (ms)    avg (ms)     % total   imbal (%)
OOPS_STATS oops::Covariance::EnsembleCovariance                :     77183.91    77185.25    77184.64       18.54        0.00
OOPS_STATS oops::Covariance::ensemble::multiply                :    246669.66   247953.02   247090.86       59.34        0.52
OOPS_STATS oops::Diffusion::multiplySqrtAD                     :     59355.84    61978.15    60622.00       14.56        4.33
OOPS_STATS oops::Diffusion::multiplySqrtTL                     :     47306.70    81736.44    51672.89       12.41       66.63
OOPS_STATS oops::Geometry::Geometry                            :     47060.38    48452.00    48365.05       11.62        2.88
OOPS_STATS oops::Geometry::~Geometry                           :       446.12      629.83      551.07        0.13       33.34
OOPS_STATS oops::GeometryData::setGlobalTree                   :      1826.05     1982.01     1892.01        0.45        8.24
OOPS_STATS oops::GetValues::fillGeoVaLsTL                      :       325.13      951.81      694.40        0.17       90.25
OOPS_STATS oops::GetValues::finalizeAD                         :       617.77     1150.03      716.01        0.17       74.34
OOPS_STATS oops::Increment::Increment                          :     15181.23    35636.59    26383.60        6.34       77.53
OOPS_STATS oops::Increment::axpy                               :      5251.96     7316.58     6211.97        1.49       33.24
OOPS_STATS oops::Increment::dot_product_with                   :      9619.24    12395.67    11135.68        2.67       24.93
OOPS_STATS oops::Increment::fromFieldSet                       :      8742.96    21386.94    11222.48        2.70      112.67
OOPS_STATS oops::Increment::operator+=                         :      7989.10    16514.82    10692.95        2.57       79.73
OOPS_STATS oops::Increment::operator=                          :      3407.39     8315.73     5827.50        1.40       84.23
OOPS_STATS oops::Increment::print                              :     17300.35    60154.22    37058.02        8.90      115.64
OOPS_STATS oops::Increment::schur_product_with                 :      5899.88    15805.16    12146.43        2.92       81.55
OOPS_STATS oops::Increment::toFieldSet                         :      8724.11    19670.53    11586.53        2.78       94.48
OOPS_STATS oops::LinearVariableChange::changeVarAD             :      1144.93     2356.24     1689.03        0.41       71.72
OOPS_STATS oops::LinearVariableChange::changeVarTL             :       336.15     1342.19     1046.60        0.25       96.12
OOPS_STATS oops::LocalInterpolator::preprocess                 :        59.87     1328.09     1279.31        0.31       99.13
OOPS_STATS oops::Localization::Localization                    :      7520.11     7885.70     7727.04        1.86        4.73
OOPS_STATS oops::Localization::multiply                        :    195271.73   224435.72   207607.61       49.86       14.05
OOPS_STATS oops::ObsSpace::ObsSpace                            :       579.81      643.98      613.19        0.15       10.47
OOPS_STATS oops::ObsSpace::save                                :      2492.92     2657.16     2568.15        0.62        6.40
OOPS_STATS oops::State::State                                  :     71011.55    71279.80    71129.22       17.08        0.38
OOPS_STATS oops::State::write                                  :      4530.00     5751.48     5726.20        1.38       21.33
OOPS_STATS oops::util::FieldSetHelpers::readFieldSet           :      7321.09     7657.48     7522.31        1.81        4.47
OOPS_STATS saber::Localization::Localization                   :      7520.10     7885.67     7727.02        1.86        4.73
OOPS_STATS saber::Localization::multiply                       :    181617.50   217898.58   196677.51       47.24       18.45
OOPS_STATS util::Timers::measured                              :    415843.51   416056.16   415992.01       99.91        0.05
OOPS_STATS oops::Run::execute                                  :    416249.05   416445.11   416364.27      100.00        0.05
OOPS_STATS ---------------------------------- Parallel Timing Statistics ( 800 MPI tasks) -----------------------------------

OOPS_STATS Run end                                  - Runtime:    417.60 sec,  Memory: total:  4202.31 GB, per task: min =     4.94 GB, max =     7.26 GB
Run: Finishing oops::Variational<MPAS, UFO and IODA observations> with status = 0
OOPS Ending   2026-05-23 19:30:47 (UTC+0000)
