Configuration input file is: jedivar.pass2.yaml
Full configuration is:YAMLConfiguration[path=jedivar.pass2.yaml, root={_member => {date => 2026-05-28T06:00:00Z , state variables => (water_vapor_mixing_ratio_wrt_moist_air,air_pressure_at_surface,air_temperature,northward_wind,eastward_wind,cloud_liquid_water,cloud_liquid_ice,rain_water,snow_water,graupel,equivalent_reflectivity_factor,upward_air_velocity) , stream name => ensemble} , output => {filename => mpasout.nc , stream name => analysis} , variational => {minimizer => {algorithm => DRPCG} , iterations => ({geometry => {nml_file => ./namelist.atmosphere , streams_file => ./streams.atmosphere , deallocate non-da fields => true , interpolation type => unstructured} , gradient norm reduction => 0.001 , ninner => 75})} , cost function => {cost type => 3D-Var , time window => {begin => 2026-05-28T04:00:00Z , length => PT4H} , jb evaluation => false , geometry => {nml_file => ./namelist.atmosphere , streams_file => ./streams.atmosphere , deallocate non-da fields => true , interpolation type => unstructured} , analysis variables => (water_vapor_mixing_ratio_wrt_moist_air,air_pressure_at_surface,air_temperature,northward_wind,eastward_wind,cloud_liquid_water,cloud_liquid_ice,rain_water,snow_water,graupel,equivalent_reflectivity_factor,upward_air_velocity) , background => {state variables => (water_vapor_mixing_ratio_wrt_moist_air,air_pressure_at_surface,air_temperature,northward_wind,eastward_wind,air_potential_temperature,dry_air_density,u,water_vapor_mixing_ratio_wrt_dry_air,air_pressure,landmask,seaice_fraction,snowc,skin_temperature_at_surface,ivgtyp,isltyp,snowh,vegetation_area_fraction,air_temperature_at_2m,water_vapor_mixing_ratio_wrt_moist_air_at_2m,eastward_wind_at_10m,northward_wind_at_10m,lai,smois,tslb,pressure_p,cloud_liquid_water,cloud_liquid_ice,graupel,rain_water,snow_water,cldfrac,equivalent_reflectivity_factor,w,upward_air_velocity) , filename => mpasout.nc , date => 2026-05-28T06:00:00Z} , background error => {covariance model => ensemble , localization => {localization method => SABER , saber central block => {saber block name => diffusion , active variables => (water_vapor_mixing_ratio_wrt_moist_air,air_pressure_at_surface,air_temperature,northward_wind,eastward_wind,cloud_liquid_water,cloud_liquid_ice,rain_water,snow_water,graupel,equivalent_reflectivity_factor,upward_air_velocity) , read => {groups => ({variables => (water_vapor_mixing_ratio_wrt_moist_air,air_pressure_at_surface,air_temperature,northward_wind,eastward_wind,cloud_liquid_water,cloud_liquid_ice,rain_water,snow_water,graupel,equivalent_reflectivity_factor,upward_air_velocity) , multivariate strategy => duplicated , horizontal => {filepath => data/diffusionloc/mpas_conus3km.diffusion_hz} , vertical => {levels => 59 , filepath => data/diffusionloc/mpas_conus3km.diffusion_vt}})}}} , members from template => {template => {date => 2026-05-28T06:00:00Z , state variables => (water_vapor_mixing_ratio_wrt_moist_air,air_pressure_at_surface,air_temperature,northward_wind,eastward_wind,cloud_liquid_water,cloud_liquid_ice,rain_water,snow_water,graupel,equivalent_reflectivity_factor,upward_air_velocity) , stream name => ensemble , filename => ./data/ens/mem%iMember%.nc} , pattern => %iMember% , start => 1 , zero padding => 3 , nmembers => 30}} , observations => {observers => ({obs space => {name => refl10cm , distribution => {name => RoundRobin , halo size => 500000} , obsdatain => {engine => {type => H5File , obsfile => data/obs/ioda_mrms_refl.nc , missing file action => warn}} , obsdataout => {engine => {type => H5File , allow overwrite => true , obsfile => jdiag_mrms_refl.nc}} , io pool => {write multiple files => false} , _source => mrms , simulated variables => (equivalentReflectivityFactor)} , obs operator => {name => VertInterp , vertical coordinate => height_above_mean_sea_level , observation vertical coordinate => height , interpolation method => linear , observation alias file => obsop_name_map.yaml} , obs localizations => ({localization method => Horizontal Gaspari-Cohn , lengthscale => 200000}) , _obsname => refl10cm , obs filters => ({filter => Background Check , filter variables => ({name => equivalentReflectivityFactor}) , threshold => 12 , action => {name => reject}})})}}}]
OOPS_STATS ObjectCountHelper started.
OOPS_STATS Run start                                - Runtime:      0.86 sec,  Memory: total:   104.38 GB, per task: min =   128.97 MB, max =   130.55 MB
Run: Starting oops::Variational<MPAS, UFO and IODA observations>
OOPS_STATS Variational start                        - Runtime:     0.86 sec,  Local Memory:   130.55 MB
==> create geom
atlas::mpi::push(world)
Increase halo 1
atlas::mpi::pop(world)
atlas::mpi::push(world)
atlas::mpi::pop(world)
atlas::mpi::push(world)
atlas::mpi::pop(world)
atlas::mpi::push(world)
atlas::mpi::pop(world)
refl10cm: read database from data/obs/ioda_mrms_refl.nc (io pool size: 800)
refl10cm processed vars: 1 Variables: equivalentReflectivityFactor
refl10cm assimilated vars: 1 Variables: equivalentReflectivityFactor
refl10cm: 0 observations are outside of time window out of 3922740
refl10cm: 0 observations were rejected by QC checks out of 3922740
No bias-correction is performed for this ObsSpace.
3DVar window: TimeWindow: start = 2026-05-28T04:00:00Z, end = 2026-05-28T08:00:00Z, inclusive upper bound.

OOPS_STATS IncrementalAssimilation start            - Runtime:    35.54 sec,  Local Memory:     2.50 GB
Running incremental assimilation with 1 outer iterations.
Minimizer algorithm=DRPCG
QNewtonLMP: maxouter : 1
IncrementalAssimilation: Configuration for outer iteration 0:
LocalConfiguration[root={geometry => {nml_file => ./namelist.atmosphere , streams_file => ./streams.atmosphere , deallocate non-da fields => true , interpolation type => unstructured} , gradient norm reduction => 0.001 , ninner => 75 , iteration => 0 , total iterations => 1}]
OOPS_STATS IncrementalAssimilation iteration 0      - Runtime:    35.54 sec,  Local Memory:     2.50 GB
==> create geom
atlas::mpi::push(world)
Increase halo 1
atlas::mpi::pop(world)
atlas::mpi::push(world)
atlas::mpi::pop(world)
atlas::mpi::push(world)
atlas::mpi::pop(world)
atlas::mpi::push(world)
atlas::mpi::pop(world)
Key "mesh[address=0x4928b90],halo[size=1]" not found in cache "NodeColumnsHaloExchangeCache" , creating new, removable with key "mesh[address=0x4928b90],halo[size=1]"
Key "mesh[address=0x1a5853e0],halo[size=1]" not found in cache "NodeColumnsHaloExchangeCache" , creating new, removable with key "mesh[address=0x1a5853e0],halo[size=1]"
processWhere: selected 0 obs.
BackgroundCheck obserr: 
refl10cm equivalentReflectivityFactor nlocs = 3922740, nobs = 3922740, min = 5, max = 5, avg = 5
processing a float: 12
ObsErrorDiagonal covariance updated 3789117
Observer::finalize QC = 
refl10cm equivalentReflectivityFactor nlocs = 3922740, nobs = 3922740, min = 0, max = 15, avg = 0
CostJo Observations: 
refl10cm nobs= 3922740 Min=0, Max=53.4604, RMS=3.39222

Jo Observations:
Jo Obs :refl10cm:equivalentReflectivityFactor   : Nobs=  3789117, Min= 0.000000e+00, Max= 5.346037e+01, RMS= 3.427048e+00
Jo Observations Equivalent:
Jo H(x):refl10cm:equivalentReflectivityFactor   : Nobs=  3789117, Min= 0.000000e+00, Max= 5.741362e+01, RMS= 3.468007e+00
Jo Bias Corrected Departures:
Jo Dep :refl10cm:equivalentReflectivityFactor   : Nobs=  3789117, Min=-5.234399e+01, Max= 5.741362e+01, RMS= 3.387220e+00
Jo Observations Errors:
UFO Diagonal observation error covariance, inverse variances: refl10cm nobs= 3789117 Min=0.04, Max=0.04, RMS=0.04



CostJo   : Nonlinear Jo(refl10cm) = 869470, nobs = 3789117, Jo/n = 0.229465, err = 5
CostJo   : Nonlinear Jo = 869470
Increment:diff x1 4
Increment:diff x2 35
Increment:diff x1 5
Increment:diff x2 36
Increment:diff x1 6
Increment:diff x2 37
Increment:diff x1 7
Increment:diff x2 38
Increment:diff x1 8
Increment:diff x2 39
Increment:diff x1 9
Increment:diff x2 40
Increment:diff x1 10
Increment:diff x2 41
Increment:diff x1 11
Increment:diff x2 42
Increment:diff x1 12
Increment:diff x2 43
Increment:diff x1 13
Increment:diff x2 44
Increment:diff x1 14
Increment:diff x2 45
Increment:diff x1 15
Increment:diff x2 46
Increment:diff x1 16
Increment:diff x2 47
Increment:diff x1 17
Increment:diff x2 48
Increment:diff x1 18
Increment:diff x2 49
Increment:diff x1 19
Increment:diff x2 50
Increment:diff x1 20
Increment:diff x2 51
Increment:diff x1 21
Increment:diff x2 52
Increment:diff x1 22
Increment:diff x2 53
Increment:diff x1 23
Increment:diff x2 54
Increment:diff x1 24
Increment:diff x2 55
Increment:diff x1 25
Increment:diff x2 56
Increment:diff x1 26
Increment:diff x2 57
Increment:diff x1 27
Increment:diff x2 58
Increment:diff x1 28
Increment:diff x2 59
Increment:diff x1 29
Increment:diff x2 60
Increment:diff x1 30
Increment:diff x2 61
Increment:diff x1 31
Increment:diff x2 62
Increment:diff x1 32
Increment:diff x2 63
Increment:diff x1 33
Increment:diff x2 64
Info     : Prepare ensemble configuration
Info     : Read full ensemble
Info     : Creating central block: 
Info     : SaberCentralBlock using multivariate strategy: deprecated
Info     : Creating single central block.
Info     : Read data

==================================================================================
 saber::Diffusion read
----------------------------------------------------------------------------------

group 1 of 1
atlas::mpi::push(world)
atlas::mpi::pop(world)
variables: [water_vapor_mixing_ratio_wrt_moist_air,air_pressure_at_surface,air_temperature,northward_wind,eastward_wind,cloud_liquid_water,cloud_liquid_ice,rain_water,snow_water,graupel,equivalent_reflectivity_factor,upward_air_velocity]
multivariate strategy: duplicated
Reading horizontal parameters
  levels: 1
Key "mesh[address=0x1a5853e0]" not found in cache "NodeColumnsGatherScatterCache" , creating new, removable with key "mesh[address=0x1a5853e0]"
  Info     : Reading file: data/diffusionloc/mpas_conus3km.diffusion_hz.nc
atlas::mpi::push(world)
atlas::mpi::pop(world)
  hzScales:  min: 4087.19  mean: 4087.19  max: 4087.19
  hzNorm:    min: 2.4414  mean: 3.71484  max: 4.05626
Reading vertical parameters
  levels: 59
  vertical strategy: normal
  Info     : Reading file: data/diffusionloc/mpas_conus3km.diffusion_vt.nc
atlas::mpi::push(world)
atlas::mpi::pop(world)
  vtScales:  min: 11  mean: 11  max: 11
  vtNorm:    min: 3.7178  mean: 4.83632  max: 5.25235
Diffusion: horizontal iterations: 6
Diffusion: vertical iterations: 242
Increment:diff x1 2
Increment:diff x2 1
==================================================================================

CostJb: FG-BG
  Valid time: 2026-05-28T06:00:00Z
  Resolution: nCellsGlobal = 2341818, nFields = 12
Fld=1  Min=0, Max=0, RMS=0 : water_vapor_mixing_ratio_wrt_moist_air
Fld=2  Min=0, Max=0, RMS=0 : air_pressure_at_surface
Fld=3  Min=0, Max=0, RMS=0 : air_temperature
Fld=4  Min=0, Max=0, RMS=0 : northward_wind
Fld=5  Min=0, Max=0, RMS=0 : eastward_wind
Fld=6  Min=0, Max=0, RMS=0 : cloud_liquid_water
Fld=7  Min=0, Max=0, RMS=0 : cloud_liquid_ice
Fld=8  Min=0, Max=0, RMS=0 : rain_water
Fld=9  Min=0, Max=0, RMS=0 : snow_water
Fld=10  Min=0, Max=0, RMS=0 : graupel
Fld=11  Min=0, Max=0, RMS=0 : equivalent_reflectivity_factor
Fld=12  Min=0, Max=0, RMS=0 : upward_air_velocity
Increment:diff x1 2
Increment:diff x2 1
CostJb: FG-BG
  Valid time: 2026-05-28T06:00:00Z
  Resolution: nCellsGlobal = 2341818, nFields = 12
Fld=1  Min=0, Max=0, RMS=0 : water_vapor_mixing_ratio_wrt_moist_air
Fld=2  Min=0, Max=0, RMS=0 : air_pressure_at_surface
Fld=3  Min=0, Max=0, RMS=0 : air_temperature
Fld=4  Min=0, Max=0, RMS=0 : northward_wind
Fld=5  Min=0, Max=0, RMS=0 : eastward_wind
Fld=6  Min=0, Max=0, RMS=0 : cloud_liquid_water
Fld=7  Min=0, Max=0, RMS=0 : cloud_liquid_ice
Fld=8  Min=0, Max=0, RMS=0 : rain_water
Fld=9  Min=0, Max=0, RMS=0 : snow_water
Fld=10  Min=0, Max=0, RMS=0 : graupel
Fld=11  Min=0, Max=0, RMS=0 : equivalent_reflectivity_factor
Fld=12  Min=0, Max=0, RMS=0 : upward_air_velocity
CostFunction: Nonlinear J = 869470
OOPS_STATS IncrementalAssimilation linearize 0      - Runtime:   126.54 sec,  Local Memory:     7.27 GB

DRPCGMinimizer: max iter = 75, requested norm reduction = 0.001
CostFunction::computeGradientFG: gradient:
  Valid time: 2026-05-28T06:00:00Z
  Resolution: nCellsGlobal = 2341818, nFields = 12
Fld=1  Min=0, Max=0, RMS=0 : water_vapor_mixing_ratio_wrt_moist_air
Fld=2  Min=0, Max=0, RMS=0 : air_pressure_at_surface
Fld=3  Min=0, Max=0, RMS=0 : air_temperature
Fld=4  Min=0, Max=0, RMS=0 : northward_wind
Fld=5  Min=0, Max=0, RMS=0 : eastward_wind
Fld=6  Min=0, Max=0, RMS=0 : cloud_liquid_water
Fld=7  Min=0, Max=0, RMS=0 : cloud_liquid_ice
Fld=8  Min=0, Max=0, RMS=0 : rain_water
Fld=9  Min=0, Max=0, RMS=0 : snow_water
Fld=10  Min=0, Max=0, RMS=0 : graupel
Fld=11  Min=-1.52558, Max=1.66582, RMS=0.0130722 : equivalent_reflectivity_factor
Fld=12  Min=0, Max=0, RMS=0 : upward_air_velocity
DRPCGMinimizer rhs
  Valid time: 2026-05-28T06:00:00Z
  Resolution: nCellsGlobal = 2341818, nFields = 12
Fld=1  Min=-0, Max=-0, RMS=0 : water_vapor_mixing_ratio_wrt_moist_air
Fld=2  Min=-0, Max=-0, RMS=0 : air_pressure_at_surface
Fld=3  Min=-0, Max=-0, RMS=0 : air_temperature
Fld=4  Min=-0, Max=-0, RMS=0 : northward_wind
Fld=5  Min=-0, Max=-0, RMS=0 : eastward_wind
Fld=6  Min=-0, Max=-0, RMS=0 : cloud_liquid_water
Fld=7  Min=-0, Max=-0, RMS=0 : cloud_liquid_ice
Fld=8  Min=-0, Max=-0, RMS=0 : rain_water
Fld=9  Min=-0, Max=-0, RMS=0 : snow_water
Fld=10  Min=-0, Max=-0, RMS=0 : graupel
Fld=11  Min=-1.66582, Max=1.52558, RMS=0.0130722 : equivalent_reflectivity_factor
Fld=12  Min=-0, Max=-0, RMS=0 : upward_air_velocity
Initial RHS squared norm = 23610.4
OOPS_STATS DRPCG start                              - Runtime:   126.69 sec,  Local Memory:     7.27 GB
normr0 23610.4
  Residual norm ( 0) = 6331.792423753239
  Norm reduction ( 0) = 1

  Quadratic cost function: J   ( 0) = 869470.4502992214
  Quadratic cost function: Jb  ( 0) = 0
  Quadratic cost function: JoJc( 0) = 869470.4502992214


 DRPCG Starting Iteration 1
OOPS_STATS DRPCG iteration 1                        - Runtime:   131.98 sec,  Local Memory:     7.27 GB
rdots 9.91879e+06      iteration    0
DRPCG end of iteration 1
  Residual norm ( 1) = 3149.410955571971
  Norm reduction ( 1) = 0.49739643134181

  Quadratic cost function: J   ( 1) = 455507.6494954053
  Quadratic cost function: Jb  ( 1) = 8548.684539875641
  Quadratic cost function: JoJc( 1) = 446958.9649555297

 DRPCG Starting Iteration 2
OOPS_STATS DRPCG iteration 2                        - Runtime:   137.33 sec,  Local Memory:     7.27 GB
rdots 4.1739e+06      iteration    1
DRPCG end of iteration 2
  Residual norm ( 2) = 2043.012269065985
  Norm reduction ( 2) = 0.322659388106562

  Quadratic cost function: J   ( 2) = 350382.420783218
  Quadratic cost function: Jb  ( 2) = 15670.19827854437
  Quadratic cost function: JoJc( 2) = 334712.2225046736

 DRPCG Starting Iteration 3
OOPS_STATS DRPCG iteration 3                        - Runtime:   142.96 sec,  Local Memory:     7.27 GB
rdots 2.28149e+06      iteration    2
DRPCG end of iteration 3
  Residual norm ( 3) = 1510.460341042862
  Norm reduction ( 3) = 0.2385517780678477

  Quadratic cost function: J   ( 3) = 298176.3020514062
  Quadratic cost function: Jb  ( 3) = 22578.69441398873
  Quadratic cost function: JoJc( 3) = 275597.6076374175

 DRPCG Starting Iteration 4
OOPS_STATS DRPCG iteration 4                        - Runtime:   148.73 sec,  Local Memory:     7.27 GB
rdots 1.31379e+06      iteration    3
DRPCG end of iteration 4
  Residual norm ( 4) = 1146.206983683036
  Norm reduction ( 4) = 0.181024093490988

  Quadratic cost function: J   ( 4) = 268458.1192844636
  Quadratic cost function: Jb  ( 4) = 29064.51256675605
  Quadratic cost function: JoJc( 4) = 239393.6067177075

 DRPCG Starting Iteration 5
OOPS_STATS DRPCG iteration 5                        - Runtime:   154.18 sec,  Local Memory:     7.27 GB
rdots 836756      iteration    4
DRPCG end of iteration 5
  Residual norm ( 5) = 914.7434199118704
  Norm reduction ( 5) = 0.144468320926043

  Quadratic cost function: J   ( 5) = 250561.5994281556
  Quadratic cost function: Jb  ( 5) = 34827.54742772225
  Quadratic cost function: JoJc( 5) = 215734.0520004333

 DRPCG Starting Iteration 6
rdots 557957      iteration    5
DRPCG end of iteration 6
  Residual norm ( 6) = 746.96516767458
  Norm reduction ( 6) = 0.1179705709985686

  Quadratic cost function: J   ( 6) = 239191.6152455488
  Quadratic cost function: Jb  ( 6) = 39839.315732293
  Quadratic cost function: JoJc( 6) = 199352.2995132558

 DRPCG Starting Iteration 7
rdots 367809      iteration    6
DRPCG end of iteration 7
  Residual norm ( 7) = 606.4728121823431
  Norm reduction ( 7) = 0.09578216902803167

  Quadratic cost function: J   ( 7) = 231644.8037230528
  Quadratic cost function: Jb  ( 7) = 44158.03949274262
  Quadratic cost function: JoJc( 7) = 187486.7642303102

 DRPCG Starting Iteration 8
rdots 241203      iteration    7
DRPCG end of iteration 8
  Residual norm ( 8) = 491.1243916132591
  Norm reduction ( 8) = 0.07756482821054639

  Quadratic cost function: J   ( 8) = 226241.1741515186
  Quadratic cost function: Jb  ( 8) = 48046.19810321656
  Quadratic cost function: JoJc( 8) = 178194.9760483021

 DRPCG Starting Iteration 9
rdots 171661      iteration    8
DRPCG end of iteration 9
  Residual norm ( 9) = 414.3193450136966
  Norm reduction ( 9) = 0.06543476432667139

  Quadratic cost function: J   ( 9) = 222569.7871467622
  Quadratic cost function: Jb  ( 9) = 51284.20039994917
  Quadratic cost function: JoJc( 9) = 171285.5867468131

 DRPCG Starting Iteration 10
OOPS_STATS DRPCG iteration 10                       - Runtime:   183.54 sec,  Local Memory:     7.27 GB
rdots 118704      iteration    9
DRPCG end of iteration 10
  Residual norm (10) = 344.5351591427204
  Norm reduction (10) = 0.05441352717916381

  Quadratic cost function: J   (10) = 220184.3918383577
  Quadratic cost function: Jb  (10) = 53784.20626277213
  Quadratic cost function: JoJc(10) = 166400.1855755855

 DRPCG Starting Iteration 11
rdots 84857.1      iteration    10
DRPCG end of iteration 11
  Residual norm (11) = 291.3024536208113
  Norm reduction (11) = 0.04600631766259618

  Quadratic cost function: J   (11) = 218508.7902822355
  Quadratic cost function: Jb  (11) = 55822.27401514387
  Quadratic cost function: JoJc(11) = 162686.5162670916

 DRPCG Starting Iteration 12
rdots 60557.7      iteration    11
DRPCG end of iteration 12
  Residual norm (12) = 246.0848140731
  Norm reduction (12) = 0.03886495286073048

  Quadratic cost function: J   (12) = 217383.0894285868
  Quadratic cost function: Jb  (12) = 57383.22866528523
  Quadratic cost function: JoJc(12) = 159999.8607633015

 DRPCG Starting Iteration 13
rdots 40713.8      iteration    12
DRPCG end of iteration 13
  Residual norm (13) = 201.7766794849617
  Norm reduction (13) = 0.03186722905318434

  Quadratic cost function: J   (13) = 216591.1643135021
  Quadratic cost function: Jb  (13) = 58615.81269508526
  Quadratic cost function: JoJc(13) = 157975.3516184169

 DRPCG Starting Iteration 14
rdots 26417      iteration    13
DRPCG end of iteration 14
  Residual norm (14) = 162.5330460760892
  Norm reduction (14) = 0.02566935793194338

  Quadratic cost function: J   (14) = 216014.2215557619
  Quadratic cost function: Jb  (14) = 59615.37835141656
  Quadratic cost function: JoJc(14) = 156398.8432043453

 DRPCG Starting Iteration 15
OOPS_STATS DRPCG iteration 15                       - Runtime:   212.76 sec,  Local Memory:     7.27 GB
rdots 18742.1      iteration    14
DRPCG end of iteration 15
  Residual norm (15) = 136.9018857255051
  Norm reduction (15) = 0.02162134772642389

  Quadratic cost function: J   (15) = 215614.0985575659
  Quadratic cost function: Jb  (15) = 60382.1197383829
  Quadratic cost function: JoJc(15) = 155231.978819183

 DRPCG Starting Iteration 16
rdots 12902.3      iteration    15
DRPCG end of iteration 16
  Residual norm (16) = 113.5881882311695
  Norm reduction (16) = 0.01793934175811766

  Quadratic cost function: J   (16) = 215339.7260697916
  Quadratic cost function: Jb  (16) = 60958.99858709981
  Quadratic cost function: JoJc(16) = 154380.7274826918

 DRPCG Starting Iteration 17
rdots 8992.47      iteration    16
DRPCG end of iteration 17
  Residual norm (17) = 94.82862007354117
  Norm reduction (17) = 0.01497658383711361

  Quadratic cost function: J   (17) = 215150.781136958
  Quadratic cost function: Jb  (17) = 61391.51450662052
  Quadratic cost function: JoJc(17) = 153759.2666303375

 DRPCG Starting Iteration 18
rdots 6246.35      iteration    17
DRPCG end of iteration 18
  Residual norm (18) = 79.03383576442872
  Norm reduction (18) = 0.01248206360460259

  Quadratic cost function: J   (18) = 215021.7391500365
  Quadratic cost function: Jb  (18) = 61710.89991653374
  Quadratic cost function: JoJc(18) = 153310.8392335027

 DRPCG Starting Iteration 19
rdots 4373.65      iteration    18
DRPCG end of iteration 19
  Residual norm (19) = 66.13360816000834
  Norm reduction (19) = 0.01044468986568687

  Quadratic cost function: J   (19) = 214932.3295182318
  Quadratic cost function: Jb  (19) = 61948.7549596484
  Quadratic cost function: JoJc(19) = 152983.5745585834

 DRPCG Starting Iteration 20
OOPS_STATS DRPCG iteration 20                       - Runtime:   243.19 sec,  Local Memory:     7.27 GB
rdots 3005.59      iteration    19
DRPCG end of iteration 20
  Residual norm (20) = 54.8232360252733
  Norm reduction (20) = 0.008658407028570313

  Quadratic cost function: J   (20) = 214870.4489115566
  Quadratic cost function: Jb  (20) = 62124.83506663794
  Quadratic cost function: JoJc(20) = 152745.6138449187

 DRPCG Starting Iteration 21
rdots 2075.97      iteration    20
DRPCG end of iteration 21
  Residual norm (21) = 45.5627634006072
  Norm reduction (21) = 0.007195871303310885

  Quadratic cost function: J   (21) = 214827.5065092881
  Quadratic cost function: Jb  (21) = 62254.98060105163
  Quadratic cost function: JoJc(21) = 152572.5259082365

 DRPCG Starting Iteration 22
rdots 1449.73      iteration    21
DRPCG end of iteration 22
  Residual norm (22) = 38.07533892797732
  Norm reduction (22) = 0.006013358679469746

  Quadratic cost function: J   (22) = 214798.8804034049
  Quadratic cost function: Jb  (22) = 62346.95202681358
  Quadratic cost function: JoJc(22) = 152451.9283765914

 DRPCG Starting Iteration 23
rdots 956.603      iteration    22
DRPCG end of iteration 23
  Residual norm (23) = 30.92899565702731
  Norm reduction (23) = 0.004884714088383493

  Quadratic cost function: J   (23) = 214777.6442731366
  Quadratic cost function: Jb  (23) = 62419.1097999824
  Quadratic cost function: JoJc(23) = 152358.5344731542

 DRPCG Starting Iteration 24
rdots 672.171      iteration    23
DRPCG end of iteration 24
  Residual norm (24) = 25.92626732795209
  Norm reduction (24) = 0.004094617383648217

  Quadratic cost function: J   (24) = 214763.4632533146
  Quadratic cost function: Jb  (24) = 62469.97713839983
  Quadratic cost function: JoJc(24) = 152293.4861149148

 DRPCG Starting Iteration 25
OOPS_STATS DRPCG iteration 25                       - Runtime:   274.25 sec,  Local Memory:     7.27 GB
rdots 465.679      iteration    24
DRPCG end of iteration 25
  Residual norm (25) = 21.57959329193447
  Norm reduction (25) = 0.003408133408003122

  Quadratic cost function: J   (25) = 214753.6508342559
  Quadratic cost function: Jb  (25) = 62507.01311559326
  Quadratic cost function: JoJc(25) = 152246.6377186626

 DRPCG Starting Iteration 26
rdots 308.911      iteration    25
DRPCG end of iteration 26
  Residual norm (26) = 17.57586723691196
  Norm reduction (26) = 0.002775812291473332

  Quadratic cost function: J   (26) = 214746.8185037721
  Quadratic cost function: Jb  (26) = 62534.08973802814
  Quadratic cost function: JoJc(26) = 152212.728765744

 DRPCG Starting Iteration 27
rdots 212.903      iteration    26
DRPCG end of iteration 27
  Residual norm (27) = 14.59120492672021
  Norm reduction (27) = 0.002304435134667778

  Quadratic cost function: J   (27) = 214742.1053004878
  Quadratic cost function: Jb  (27) = 62553.66646758543
  Quadratic cost function: JoJc(27) = 152188.4388329024

 DRPCG Starting Iteration 28
rdots 146.666      iteration    27
DRPCG end of iteration 28
  Residual norm (28) = 12.11059104820932
  Norm reduction (28) = 0.001912663940589297

  Quadratic cost function: J   (28) = 214738.8991523479
  Quadratic cost function: Jb  (28) = 62567.59646341623
  Quadratic cost function: JoJc(28) = 152171.3026889317

 DRPCG Starting Iteration 29
rdots 100.104      iteration    28
DRPCG end of iteration 29
  Residual norm (29) = 10.00521549255646
  Norm reduction (29) = 0.001580155321425676

  Quadratic cost function: J   (29) = 214736.7255336008
  Quadratic cost function: Jb  (29) = 62577.4524502151
  Quadratic cost function: JoJc(29) = 152159.2730833857

 DRPCG Starting Iteration 30
OOPS_STATS DRPCG iteration 30                       - Runtime:   305.55 sec,  Local Memory:     7.27 GB
rdots 67.9865      iteration    29
DRPCG end of iteration 30
  Residual norm (30) = 8.245395228075546
  Norm reduction (30) = 0.001302221342118477

  Quadratic cost function: J   (30) = 214735.235280227
  Quadratic cost function: Jb  (30) = 62584.49097366085
  Quadratic cost function: JoJc(30) = 152150.7443065662

 DRPCG Starting Iteration 31
rdots 46.626      iteration    30
DRPCG end of iteration 31
  Residual norm (31) = 6.828326449509822
  Norm reduction (31) = 0.001078419188837251

  Quadratic cost function: J   (31) = 214734.1959524781
  Quadratic cost function: Jb  (31) = 62589.59807994287
  Quadratic cost function: JoJc(31) = 152144.5978725352

 DRPCG Starting Iteration 32
rdots 33.0599      iteration    31
DRPCG end of iteration 32
  Residual norm (32) = 5.749774429353496
  Norm reduction (32) = 0.0009080800576758729

  Quadratic cost function: J   (32) = 214733.5180827028
  Quadratic cost function: Jb  (32) = 62593.05672634262
  Quadratic cost function: JoJc(32) = 152140.4613563601

DRPCG: Achieved required reduction in residual norm.
OOPS_STATS DRPCG end                                - Runtime:   325.19 sec,  Local Memory:     7.27 GB
DRPCGMinimizer: reduction in residual norm = 0.00090808
DRPCGMinimizer output increment:
  Valid time: 2026-05-28T06:00:00Z
  Resolution: nCellsGlobal = 2341818, nFields = 12
Fld=1  Min=-0.00681087, Max=0.0101903, RMS=7.7512e-05 : water_vapor_mixing_ratio_wrt_moist_air
Fld=2  Min=-71.8155, Max=78.1702, RMS=1.7635 : air_pressure_at_surface
Fld=3  Min=-8.60746, Max=5.42665, RMS=0.0801478 : air_temperature
Fld=4  Min=-20.8023, Max=20.5757, RMS=0.311 : northward_wind
Fld=5  Min=-48.5922, Max=25.5274, RMS=0.341943 : eastward_wind
Fld=6  Min=-0.00350391, Max=0.00316627, RMS=1.18191e-05 : cloud_liquid_water
Fld=7  Min=-0.00104747, Max=0.00128612, RMS=2.60961e-06 : cloud_liquid_ice
Fld=8  Min=-0.00802932, Max=0.00342629, RMS=2.57973e-05 : rain_water
Fld=9  Min=-0.00421193, Max=0.00514835, RMS=4.72685e-05 : snow_water
Fld=10  Min=-0.00746691, Max=0.00443433, RMS=1.40727e-05 : graupel
Fld=11  Min=-74.8309, Max=67.2513, RMS=1.94156 : equivalent_reflectivity_factor
Fld=12  Min=0, Max=0, RMS=0 : upward_air_velocity
CostFunction::addIncrement: First guess:
  Valid time: 2026-05-28T06:00:00Z
  Resolution: nCellsGlobal = 2341818, nFields = 35
Fld=1  Min=0, Max=0.0220822, RMS=0.00616385 : water_vapor_mixing_ratio_wrt_moist_air
Fld=2  Min=63149.2, Max=102697, RMS=96444.3 : air_pressure_at_surface
Fld=3  Min=195.742, Max=304.472, RMS=260.443 : air_temperature
Fld=4  Min=-52.6082, Max=48.5058, RMS=8.99472 : northward_wind
Fld=5  Min=-38.9012, Max=74.8168, RMS=11.0989 : eastward_wind
Fld=6  Min=269.263, Max=641.692, RMS=355.768 : air_potential_temperature
Fld=7  Min=0.0387807, Max=1.3092, RMS=0.782031 : dry_air_density
Fld=8  Min=-77.3774, Max=77.163, RMS=10.153 : u
Fld=9  Min=0, Max=0.0225809, RMS=0.0062383 : water_vapor_mixing_ratio_wrt_dry_air
Fld=10  Min=2451.8, Max=102581, RMS=64268.4 : air_pressure
Fld=11  Min=0, Max=1, RMS=0.790008 : landmask
Fld=12  Min=0, Max=1, RMS=0.0534985 : seaice_fraction
Fld=13  Min=0, Max=1, RMS=0.0594463 : snowc
Fld=14  Min=253.586, Max=303.905, RMS=290.218 : skin_temperature_at_surface
Fld=15  Min=1, Max=19, RMS=12.7664 : ivgtyp
Fld=16  Min=1, Max=16, RMS=9.97061 : isltyp
Fld=17  Min=0, Max=7.5, RMS=0.163476 : snowh
Fld=18  Min=0, Max=0.915062, RMS=0.402774 : vegetation_area_fraction
Fld=19  Min=260.577, Max=302.039, RMS=290.419 : air_temperature_at_2m
Fld=20  Min=0.000372556, Max=0.0219105, RMS=0.0114696 : water_vapor_mixing_ratio_wrt_moist_air_at_2m
Fld=21  Min=-13.7857, Max=20.0347, RMS=3.36003 : eastward_wind_at_10m
Fld=22  Min=-15.5194, Max=15.8527, RMS=3.69646 : northward_wind_at_10m
Fld=23  Min=0, Max=6.54409, RMS=1.60091 : lai
Fld=24  Min=0.00200001, Max=1, RMS=0.635202 : smois
Fld=25  Min=261.091, Max=308.672, RMS=290.346 : tslb
Fld=26  Min=-898.765, Max=5837.67, RMS=3093.95 : pressure_p
Fld=27  Min=0, Max=0.00441046, RMS=3.7607e-05 : cloud_liquid_water
Fld=28  Min=0, Max=0.00242322, RMS=8.25001e-06 : cloud_liquid_ice
Fld=29  Min=0, Max=0.011763, RMS=1.51897e-05 : graupel
Fld=30  Min=0, Max=0.00788534, RMS=2.8787e-05 : rain_water
Fld=31  Min=0, Max=0.00532931, RMS=5.89569e-05 : snow_water
Fld=32  Min=0, Max=1, RMS=0.214801 : cldfrac
Fld=33  Min=0, Max=64.8579, RMS=3.21843 : equivalent_reflectivity_factor
Fld=34  Min=-9.07985, Max=30.7271, RMS=0.126681 : w
Fld=35  Min=0, Max=0, RMS=0 : upward_air_velocity
CostFunction::addIncrement: Increment:
  Valid time: 2026-05-28T06:00:00Z
  Resolution: nCellsGlobal = 2341818, nFields = 12
Fld=1  Min=-0.00681087, Max=0.0101903, RMS=7.7512e-05 : water_vapor_mixing_ratio_wrt_moist_air
Fld=2  Min=-71.8155, Max=78.1702, RMS=1.7635 : air_pressure_at_surface
Fld=3  Min=-8.60746, Max=5.42665, RMS=0.0801478 : air_temperature
Fld=4  Min=-20.8023, Max=20.5757, RMS=0.311 : northward_wind
Fld=5  Min=-48.5922, Max=25.5274, RMS=0.341943 : eastward_wind
Fld=6  Min=-0.00350391, Max=0.00316627, RMS=1.18191e-05 : cloud_liquid_water
Fld=7  Min=-0.00104747, Max=0.00128612, RMS=2.60961e-06 : cloud_liquid_ice
Fld=8  Min=-0.00802932, Max=0.00342629, RMS=2.57973e-05 : rain_water
Fld=9  Min=-0.00421193, Max=0.00514835, RMS=4.72685e-05 : snow_water
Fld=10  Min=-0.00746691, Max=0.00443433, RMS=1.40727e-05 : graupel
Fld=11  Min=-74.8309, Max=67.2513, RMS=1.94156 : equivalent_reflectivity_factor
Fld=12  Min=0, Max=0, RMS=0 : upward_air_velocity
CostFunction::addIncrement: Analysis: 
  Valid time: 2026-05-28T06:00:00Z
  Resolution: nCellsGlobal = 2341818, nFields = 35
Fld=1  Min=0, Max=0.0220789, RMS=0.00616268 : water_vapor_mixing_ratio_wrt_moist_air
Fld=2  Min=63149.2, Max=102697, RMS=96444.3 : air_pressure_at_surface
Fld=3  Min=195.949, Max=304.472, RMS=260.443 : air_temperature
Fld=4  Min=-52.6082, Max=48.5058, RMS=8.99628 : northward_wind
Fld=5  Min=-43.8495, Max=74.8168, RMS=11.1005 : eastward_wind
Fld=6  Min=269.263, Max=641.692, RMS=355.768 : air_potential_temperature
Fld=7  Min=0.0384217, Max=1.3092, RMS=0.782031 : dry_air_density
Fld=8  Min=-77.3774, Max=77.163, RMS=10.1544 : u
Fld=9  Min=0, Max=0.0225773, RMS=0.00623711 : water_vapor_mixing_ratio_wrt_dry_air
Fld=10  Min=2437.11, Max=102581, RMS=64268.4 : air_pressure
Fld=11  Min=0, Max=1, RMS=0.790008 : landmask
Fld=12  Min=0, Max=1, RMS=0.0534985 : seaice_fraction
Fld=13  Min=0, Max=1, RMS=0.0594463 : snowc
Fld=14  Min=253.586, Max=303.905, RMS=290.218 : skin_temperature_at_surface
Fld=15  Min=1, Max=19, RMS=12.7664 : ivgtyp
Fld=16  Min=1, Max=16, RMS=9.97061 : isltyp
Fld=17  Min=0, Max=7.5, RMS=0.163476 : snowh
Fld=18  Min=0, Max=0.915062, RMS=0.402774 : vegetation_area_fraction
Fld=19  Min=260.58, Max=302.039, RMS=290.419 : air_temperature_at_2m
Fld=20  Min=0.000372694, Max=0.0219078, RMS=0.0114689 : water_vapor_mixing_ratio_wrt_moist_air_at_2m
Fld=21  Min=-13.7857, Max=20.0347, RMS=3.36003 : eastward_wind_at_10m
Fld=22  Min=-15.5194, Max=15.8527, RMS=3.69646 : northward_wind_at_10m
Fld=23  Min=0, Max=6.54409, RMS=1.60091 : lai
Fld=24  Min=0.00200001, Max=1, RMS=0.635202 : smois
Fld=25  Min=261.091, Max=308.672, RMS=290.346 : tslb
Fld=26  Min=-930.845, Max=5816.12, RMS=3094 : pressure_p
Fld=27  Min=0, Max=0.00406239, RMS=3.70208e-05 : cloud_liquid_water
Fld=28  Min=0, Max=0.00243939, RMS=8.32297e-06 : cloud_liquid_ice
Fld=29  Min=0, Max=0.0117485, RMS=1.50402e-05 : graupel
Fld=30  Min=0, Max=0.00595879, RMS=2.30385e-05 : rain_water
Fld=31  Min=0, Max=0.00574825, RMS=6.8595e-05 : snow_water
Fld=32  Min=0, Max=1, RMS=0.214801 : cldfrac
Fld=33  Min=0, Max=71.3085, RMS=2.80151 : equivalent_reflectivity_factor
Fld=34  Min=-9.07985, Max=30.7271, RMS=0.126681 : w
Fld=35  Min=0, Max=0, RMS=0 : upward_air_velocity
OOPS_STATS IncrementalAssimilation end              - Runtime:   325.47 sec,  Local Memory:     7.27 GB
Variational: incremental assimilation done 1 iterations.
QC refl10cm equivalentReflectivityFactor: 133623 H(x) failed.
QC refl10cm equivalentReflectivityFactor: 3789117 passed out of 3922740 observations.
ObsErrorDiagonal covariance updated 3789117
Observer::finalize QC = 
refl10cm equivalentReflectivityFactor nlocs = 3922740, nobs = 3922740, min = 0, max = 15, avg = 0
Jo Observations:
Jo Obs :refl10cm:equivalentReflectivityFactor   : Nobs=  3789117, Min= 0.000000e+00, Max= 5.346037e+01, RMS= 3.427048e+00
Jo Observations Equivalent:
Jo H(x):refl10cm:equivalentReflectivityFactor   : Nobs=  3789117, Min= 0.000000e+00, Max= 5.682477e+01, RMS= 3.076725e+00
Jo Bias Corrected Departures:
Jo Dep :refl10cm:equivalentReflectivityFactor   : Nobs=  3789117, Min=-4.935875e+01, Max= 4.954036e+01, RMS= 1.420975e+00
Jo Observations Errors:
UFO Diagonal observation error covariance, inverse variances: refl10cm nobs= 3789117 Min=0.04, Max=0.04, RMS=0.04



CostJo   : Nonlinear Jo(refl10cm) = 153017, nobs = 3789117, Jo/n = 0.0403834, err = 5
CostJo   : Nonlinear Jo = 153017
Increment:diff x1 2
Increment:diff x2 1
CostJb: FG-BG
  Valid time: 2026-05-28T06:00:00Z
  Resolution: nCellsGlobal = 2341818, nFields = 12
Fld=1  Min=-0.00681087, Max=0.0101903, RMS=7.74633e-05 : water_vapor_mixing_ratio_wrt_moist_air
Fld=2  Min=-71.8155, Max=78.1702, RMS=1.7635 : air_pressure_at_surface
Fld=3  Min=-8.60746, Max=5.42665, RMS=0.0801478 : air_temperature
Fld=4  Min=-20.8023, Max=20.5757, RMS=0.311 : northward_wind
Fld=5  Min=-48.5922, Max=25.5274, RMS=0.341943 : eastward_wind
Fld=6  Min=-0.00174865, Max=0.00316627, RMS=9.40372e-06 : cloud_liquid_water
Fld=7  Min=-0.00104747, Max=0.00128612, RMS=2.32339e-06 : cloud_liquid_ice
Fld=8  Min=-0.00670983, Max=0.00342629, RMS=1.67255e-05 : rain_water
Fld=9  Min=-0.00420597, Max=0.00514835, RMS=4.49294e-05 : snow_water
Fld=10  Min=-0.00700315, Max=0.00443433, RMS=1.06469e-05 : graupel
Fld=11  Min=-63.3745, Max=67.2513, RMS=1.89014 : equivalent_reflectivity_factor
Fld=12  Min=0, Max=0, RMS=0 : upward_air_velocity
CostFunction: Nonlinear J = 153017
OOPS_STATS Variational end                          - Runtime:   349.00 sec,  Local Memory:     7.27 GB
==> destruct MPAS corelist and domain:  0
Tried to erase key "mesh[address=0x4928b90],halo[size=0]" from cache "NodeColumnsHaloExchangeCache" but it was not found.
Erased key "mesh[address=0x4928b90],halo[size=1]" from cache "NodeColumnsHaloExchangeCache".
==> destruct MPAS corelist and domain:  1
refl10cm: save database to jdiag_mrms_refl.nc (io pool size: 4)
QC refl10cm equivalentReflectivityFactor: 133623 H(x) failed.
QC refl10cm equivalentReflectivityFactor: 3789117 passed out of 3922740 observations.
Erased key "mesh[address=0x1a5853e0]" from cache "NodeColumnsGatherScatterCache".
Tried to erase key "mesh[address=0x1a5853e0],halo[size=0]" from cache "NodeColumnsHaloExchangeCache" but it was not found.
Erased key "mesh[address=0x1a5853e0],halo[size=1]" from cache "NodeColumnsHaloExchangeCache".

Run: Finishing oops::Variational<MPAS, UFO and IODA observations>
OOPS_STATS  
OOPS_STATS ----------------------------------------------------------------------------------
OOPS_STATS --------------------------- Object counts ----------------------------------------
OOPS_STATS ----------------------------------------------------------------------------------
OOPS_STATS                                      Total  Simult. Remain    Avg (Mb)    HWM (Mb)
OOPS_STATS ioda::ObsDataVector             :        8       5        
OOPS_STATS ioda::ObsVector                 :       84       8        
OOPS_STATS mpas::Geometry                  :        2       2        
OOPS_STATS mpas::Increment                 :     2354     111        
OOPS_STATS mpas::LinVarChaModel2GeoVars    :        1       1        
OOPS_STATS mpas::ModelBias                 :        4       3        
OOPS_STATS mpas::ModelBiasCovariance       :        1       1        
OOPS_STATS mpas::State                     :       75      34        
OOPS_STATS mpas::VarChaModel2GeoVars       :        3       1        
OOPS_STATS oops::ControlIncrement          :      146      78               15.22     1187.19
OOPS_STATS oops::ControlVariable           :        4       3        
OOPS_STATS oops::Diffusion                 :        1       1        
OOPS_STATS oops::EnsembleCovariance        :        1       1             3559.24     3559.24
OOPS_STATS oops::GeoVaLs                   :       68       1        
OOPS_STATS oops::Geometry                  :        2       2        
OOPS_STATS oops::GetValues                 :        3       2        
OOPS_STATS oops::Increment                 :     2288     111               15.02     1689.47
OOPS_STATS oops::LinearObsOperator         :        1       1        
OOPS_STATS oops::LocalInterpolator         :     2400    1600        
OOPS_STATS oops::Localization              :        1       1        
OOPS_STATS oops::ModelAuxControl           :        4       3        
OOPS_STATS oops::ModelAuxCovariance        :        1       1        
OOPS_STATS oops::ModelAuxIncrement         :      146      78        
OOPS_STATS oops::ObsAuxControl             :        4       3        
OOPS_STATS oops::ObsAuxCovariance          :        1       1        
OOPS_STATS oops::ObsAuxIncrement           :      146      78        
OOPS_STATS oops::ObsAuxIncrements          :      146      78        
OOPS_STATS oops::ObsAuxPreconditioner      :        2       2        
OOPS_STATS oops::ObsDataVector             :        4       4        
OOPS_STATS oops::ObsDiagnostics            :        2       1        
OOPS_STATS oops::ObsError                  :        1       1        
OOPS_STATS oops::ObsOperator               :        2       2        
OOPS_STATS oops::ObsSpace                  :        1       1        
OOPS_STATS oops::ObsSpaces                 :        1       1        
OOPS_STATS oops::ObsVector                 :       84       7                0.04        0.24
OOPS_STATS oops::SampledLocations          :        8       4        
OOPS_STATS oops::State                     :       72      34               21.39      702.08
OOPS_STATS oops::UnstructuredInterpolator  :     2400    1600        
OOPS_STATS oops::VariableChange            :        3       1        
OOPS_STATS ufo::BackgroundCheck            :        1       1        
OOPS_STATS ufo::FinalCheck                 :        2       2        
OOPS_STATS ufo::GeoVaLs                    :       71       2        
OOPS_STATS ufo::ObsBias                    :        4       3        
OOPS_STATS ufo::ObsBiasCovariance          :        1       1        
OOPS_STATS ufo::ObsBiasPreconditioner      :        1       1        
OOPS_STATS ufo::ObsFilter                  :        9       6        
OOPS_STATS ufo::ObsFilterData              :        3       3        
OOPS_STATS ufo::ObsVertInterp              :        2       2        
OOPS_STATS ufo::ObsVertInterpTLAD          :        1       1        
OOPS_STATS ufo::SampledLocations           :        4       3        
OOPS_STATS ----------------------------- Object counts --------------------------------------
OOPS_STATS  
OOPS_STATS --------------------------------------------------------------------------------------------
OOPS_STATS ------------------------------------ Timing Statistics -------------------------------------
OOPS_STATS --------------------------------------------------------------------------------------------
OOPS_STATS Name                                                :   total (ms)   count    time/call (ms)
OOPS_STATS ObsFilter::Background Check::ObsFilter              :         0.16       1            0.1559
OOPS_STATS ObsFilter::Background Check::postFilter             :        23.07       1           23.0672
OOPS_STATS ObsFilter::Background Check::preProcess             :         0.01       1            0.0050
OOPS_STATS ObsFilter::Background Check::priorFilter            :         0.02       1            0.0243
OOPS_STATS ObsFilter::Final Check::ObsFilter                   :         0.01       2            0.0056
OOPS_STATS ObsFilter::Final Check::postFilter                  :         0.05       2            0.0234
OOPS_STATS ObsFilter::Final Check::preProcess                  :         0.00       2            0.0004
OOPS_STATS ObsFilter::Final Check::priorFilter                 :         0.01       2            0.0026
OOPS_STATS ObsFilter::QCmanager::ObsFilter                     :         0.23       2            0.1130
OOPS_STATS ObsFilter::QCmanager::postFilter                    :         0.22       2            0.1123
OOPS_STATS ObsFilter::QCmanager::preProcess                    :         0.00       2            0.0001
OOPS_STATS ObsFilter::QCmanager::priorFilter                   :         0.00       2            0.0001
OOPS_STATS ioda::ObsSpace::get_db(DateTime)                    :         0.72       4            0.1797
OOPS_STATS ioda::ObsSpace::get_db(double)                      :         0.30       5            0.0598
OOPS_STATS ioda::ObsSpace::get_db(float)                       :         0.67      12            0.0556
OOPS_STATS ioda::ObsSpace::load                                :       626.57       1          626.5726
OOPS_STATS ioda::ObsSpace::put_db(double)                      :         0.31       6            0.0512
OOPS_STATS ioda::ObsSpace::put_db(float)                       :         0.08       2            0.0414
OOPS_STATS ioda::ObsSpace::put_db(int)                         :         0.42       2            0.2114
OOPS_STATS mpas::LinVarChaModel2GeoVars::LinVarChaModel2GeoVar :         3.07       1            3.0715
OOPS_STATS mpas::LinVarChaModel2GeoVars::changeVarAD           :       773.87      33           23.4506
OOPS_STATS mpas::LinVarChaModel2GeoVars::changeVarTL           :       114.89      32            3.5902
OOPS_STATS mpas::LinVarChaModel2GeoVars::~LinVarChaModel2GeoVa :         0.04       1            0.0361
OOPS_STATS mpas::VarChaModel2GeoVars::VarChaModel2GeoVars      :         0.04       3            0.0148
OOPS_STATS mpas::VarChaModel2GeoVars::changeVar                :        12.40       3            4.1331
OOPS_STATS mpas::VarChaModel2GeoVars::~VarChaModel2GeoVars     :         0.01       3            0.0023
OOPS_STATS oops::Covariance::EnsembleCovariance                :     65966.23       1        65966.2257
OOPS_STATS oops::Covariance::ensemble::Constructor             :         0.01       1            0.0093
OOPS_STATS oops::Covariance::ensemble::multiply                :    182263.83      33         5523.1464
OOPS_STATS oops::Diffusion::Diffusion                          :         0.00       1            0.0001
OOPS_STATS oops::Diffusion::calculateDerivedGeom               :         1.85       1            1.8533
OOPS_STATS oops::Diffusion::multiplySqrtAD                     :     45262.46     990           45.7197
OOPS_STATS oops::Diffusion::multiplySqrtTL                     :     39075.14     990           39.4698
OOPS_STATS oops::Diffusion::setParameters                      :         3.92       1            3.9193
OOPS_STATS oops::GeoVaLs::GeoVaLs                              :        15.11      68            0.2223
OOPS_STATS oops::GeoVaLs::fill                                 :        22.86   23940            0.0010
OOPS_STATS oops::GeoVaLs::fillAD                               :        17.17   20790            0.0008
OOPS_STATS oops::GeoVaLs::~GeoVaLs                             :         0.40      68            0.0059
OOPS_STATS oops::Geometry::Geometry                            :     52806.25       2        26403.1268
OOPS_STATS oops::Geometry::variableSizes                       :         3.89      11            0.3538
OOPS_STATS oops::Geometry::~Geometry                           :       407.21       2          203.6074
OOPS_STATS oops::GeometryData::containingTriangleAndBarycentri :        44.37   20565            0.0022
OOPS_STATS oops::GeometryData::setGlobalTree                   :      1816.88       2          908.4380
OOPS_STATS oops::GeometryData::setLocalTree                    :         3.18       2            1.5904
OOPS_STATS oops::GeometryData::setMeshAndTriangulation         :         0.28       2            0.1425
OOPS_STATS oops::GetValues::GetValues                          :       447.31       3          149.1029
OOPS_STATS oops::GetValues::fillGeoVaLs                        :        55.56       3           18.5214
OOPS_STATS oops::GetValues::fillGeoVaLsAD                      :        91.71      33            2.7790
OOPS_STATS oops::GetValues::fillGeoVaLsTL                      :       613.77      32           19.1802
OOPS_STATS oops::GetValues::finalize                           :        16.28       3            5.4254
OOPS_STATS oops::GetValues::finalizeAD                         :       511.59      33           15.5027
OOPS_STATS oops::GetValues::finalizeTL                         :        87.19      32            2.7246
OOPS_STATS oops::GetValues::initialize                         :         2.36       3            0.7883
OOPS_STATS oops::GetValues::initializeAD                       :         3.83      33            0.1160
OOPS_STATS oops::GetValues::initializeTL                       :        17.09      32            0.5339
OOPS_STATS oops::GetValues::process                            :        16.77       3            5.5904
OOPS_STATS oops::GetValues::processAD                          :        97.67      33            2.9597
OOPS_STATS oops::GetValues::processTL                          :       106.63      32            3.3323
OOPS_STATS oops::Increment::Increment                          :     24868.31    2288           10.8690
OOPS_STATS oops::Increment::axpy                               :      3648.46     592            6.1629
OOPS_STATS oops::Increment::diff                               :       288.00      33            8.7272
OOPS_STATS oops::Increment::dot_product_with                   :      5160.97     660            7.8197
OOPS_STATS oops::Increment::fromFieldSet                       :      8505.99    1023            8.3147
OOPS_STATS oops::Increment::operator*=                         :       173.94      97            1.7932
OOPS_STATS oops::Increment::operator+=                         :      9979.28    1149            8.6852
OOPS_STATS oops::Increment::operator+=(State, Increment)       :       129.67       1          129.6727
OOPS_STATS oops::Increment::operator-=                         :        70.86      30            2.3620
OOPS_STATS oops::Increment::operator=                          :      6272.43    1264            4.9624
OOPS_STATS oops::Increment::print                              :     14443.75     997           14.4872
OOPS_STATS oops::Increment::schur_product_with                 :     11050.80    1980            5.5812
OOPS_STATS oops::Increment::serialSize                         :         4.18     146            0.0286
OOPS_STATS oops::Increment::toFieldSet                         :      8764.26    1055            8.3074
OOPS_STATS oops::Increment::zero                               :       119.54     100            1.1954
OOPS_STATS oops::Increment::~Increment                         :       142.13    2288            0.0621
OOPS_STATS oops::LinearObsOper::refl10cm::LinearObsOperator    :        16.64       1           16.6425
OOPS_STATS oops::LinearObsOper::refl10cm::requiredVars         :         0.42      67            0.0063
OOPS_STATS oops::LinearObsOper::refl10cm::setTrajectory        :         0.90       1            0.9005
OOPS_STATS oops::LinearObsOper::refl10cm::simulateObsAD        :         2.51      33            0.0761
OOPS_STATS oops::LinearObsOper::refl10cm::simulateObsTL        :         6.35      32            0.1984
OOPS_STATS oops::LinearObsOper::refl10cm::~LinearObsOperator   :         0.03       1            0.0319
OOPS_STATS oops::LinearVariableChange::LinearVariableChange    :         0.05       1            0.0451
OOPS_STATS oops::LinearVariableChange::changeVarAD             :      1358.79      33           41.1755
OOPS_STATS oops::LinearVariableChange::changeVarTL             :       451.69      32           14.1152
OOPS_STATS oops::LinearVariableChange::changeVarTraj           :         3.09       1            3.0850
OOPS_STATS oops::LinearVariableChange::~LinearVariableChange   :         0.05       1            0.0493
OOPS_STATS oops::LocalInterpolator::LocalInterpolator          :        51.67    2400            0.0215
OOPS_STATS oops::LocalInterpolator::apply                      :        15.49    2400            0.0065
OOPS_STATS oops::LocalInterpolator::applyAD                    :        84.47   26400            0.0032
OOPS_STATS oops::LocalInterpolator::applyTL                    :        93.40   25600            0.0036
OOPS_STATS oops::LocalInterpolator::preprocess                 :      1256.77      35           35.9076
OOPS_STATS oops::LocalInterpolator::preprocessAD               :        51.54      33            1.5617
OOPS_STATS oops::LocalInterpolator::~LocalInterpolator         :         1.59    2400            0.0007
OOPS_STATS oops::Localization::Localization                    :      7733.16       1         7733.1586
OOPS_STATS oops::Localization::multiply                        :    144199.13     990          145.6557
OOPS_STATS oops::Localization::~Localization                   :         0.37       1            0.3685
OOPS_STATS oops::ModelAuxControl::ModelAuxControl              :         0.01       4            0.0027
OOPS_STATS oops::ModelAuxControl::print                        :         0.00       3            0.0006
OOPS_STATS oops::ModelAuxControl::~ModelAuxControl             :         0.00       4            0.0009
OOPS_STATS oops::ModelAuxCovariance::ModelAuxCovariance        :         0.00       1            0.0035
OOPS_STATS oops::ModelAuxCovariance::linearize                 :         0.00       1            0.0001
OOPS_STATS oops::ModelAuxCovariance::multiply                  :         0.01      33            0.0002
OOPS_STATS oops::ModelAuxCovariance::~ModelAuxCovariance       :         0.00       1            0.0008
OOPS_STATS oops::ModelAuxIncrement::ModelAuxIncrement          :         0.14     146            0.0010
OOPS_STATS oops::ModelAuxIncrement::axpy                       :         0.22     592            0.0004
OOPS_STATS oops::ModelAuxIncrement::diff                       :         0.00       3            0.0003
OOPS_STATS oops::ModelAuxIncrement::dot_product_with           :         0.19     660            0.0003
OOPS_STATS oops::ModelAuxIncrement::operator*=                 :         0.03      63            0.0005
OOPS_STATS oops::ModelAuxIncrement::operator+=                 :         0.05      96            0.0005
OOPS_STATS oops::ModelAuxIncrement::operator+=ModelAuxControl  :         0.00       1            0.0002
OOPS_STATS oops::ModelAuxIncrement::operator=                  :         0.02      36            0.0006
OOPS_STATS oops::ModelAuxIncrement::print                      :         0.01       7            0.0008
OOPS_STATS oops::ModelAuxIncrement::serialSize                 :         0.01     146            0.0001
OOPS_STATS oops::ModelAuxIncrement::zero                       :         0.01      33            0.0003
OOPS_STATS oops::ModelAuxIncrement::~ModelAuxIncrement         :         0.03     146            0.0002
OOPS_STATS oops::ObsAuxControl::ObsAuxControl                  :         0.15       4            0.0373
OOPS_STATS oops::ObsAuxControl::print                          :         0.00       3            0.0011
OOPS_STATS oops::ObsAuxControl::requiredHdiagnostics           :         0.00       2            0.0001
OOPS_STATS oops::ObsAuxControl::requiredVars                   :         0.00       6            0.0002
OOPS_STATS oops::ObsAuxControl::write                          :         0.03       1            0.0311
OOPS_STATS oops::ObsAuxControl::~ObsAuxControl                 :         0.01       4            0.0018
OOPS_STATS oops::ObsAuxCovariance::ObsAuxCovariance            :         0.08       1            0.0785
OOPS_STATS oops::ObsAuxCovariance::inverseMultiply             :         0.05      33            0.0015
OOPS_STATS oops::ObsAuxCovariance::linearize                   :         0.02       1            0.0157
OOPS_STATS oops::ObsAuxCovariance::multiply                    :         0.27      33            0.0082
OOPS_STATS oops::ObsAuxCovariance::preconditioner              :         0.12       1            0.1236
OOPS_STATS oops::ObsAuxCovariance::write                       :         0.02       1            0.0250
OOPS_STATS oops::ObsAuxCovariance::~ObsAuxCovariance           :         0.00       1            0.0017
OOPS_STATS oops::ObsAuxIncrement::ObsAuxIncrement              :         0.89     146            0.0061
OOPS_STATS oops::ObsAuxIncrement::axpy                         :         0.71     592            0.0012
OOPS_STATS oops::ObsAuxIncrement::diff                         :         0.02       3            0.0052
OOPS_STATS oops::ObsAuxIncrement::dot_product_with             :         0.37     660            0.0006
OOPS_STATS oops::ObsAuxIncrement::operator*=                   :         0.08      63            0.0013
OOPS_STATS oops::ObsAuxIncrement::operator+=                   :         0.13      96            0.0014
OOPS_STATS oops::ObsAuxIncrement::operator=                    :         0.04      36            0.0011
OOPS_STATS oops::ObsAuxIncrement::print                        :         0.01       7            0.0011
OOPS_STATS oops::ObsAuxIncrement::serialSize                   :         0.01     292            0.0000
OOPS_STATS oops::ObsAuxIncrement::zero                         :         0.05      33            0.0014
OOPS_STATS oops::ObsAuxIncrement::~ObsAuxIncrement             :         0.19     146            0.0013
OOPS_STATS oops::ObsAuxPreconditioner::multiply                :         0.08      33            0.0023
OOPS_STATS oops::ObsAuxPreconditioner::~ObsAuxPreconditioner   :         0.00       2            0.0010
OOPS_STATS oops::ObsDataVector::ObsDataVector                  :         0.14       4            0.0354
OOPS_STATS oops::ObsDataVector::mask                           :         0.01       2            0.0040
OOPS_STATS oops::ObsDataVector::operator=                      :         0.02       2            0.0079
OOPS_STATS oops::ObsDataVector::print                          :        61.53       2           30.7672
OOPS_STATS oops::ObsDataVector::save                           :         0.53       4            0.1321
OOPS_STATS oops::ObsDataVector::~ObsDataVector                 :         0.01       4            0.0024
OOPS_STATS oops::ObsDiagnostics::ObsDiagnostics                :         0.08       2            0.0425
OOPS_STATS oops::ObsDiagnostics::~ObsDiagnostics               :         0.02       2            0.0101
OOPS_STATS oops::ObsError::getRMSE                             :         0.96       4            0.2410
OOPS_STATS oops::ObsError::inverseMultiply                     :         0.34      34            0.0099
OOPS_STATS oops::ObsError::obserrors                           :         0.05       6            0.0079
OOPS_STATS oops::ObsError::update                              :       118.82       2           59.4081
OOPS_STATS oops::ObsError::~ObsError                           :         0.01       1            0.0124
OOPS_STATS oops::ObsOperator::refl10cm::ObsOperator            :        16.95       2            8.4759
OOPS_STATS oops::ObsOperator::refl10cm::computeReducedVars     :         0.10       3            0.0339
OOPS_STATS oops::ObsOperator::refl10cm::locations              :         1.56       3            0.5202
OOPS_STATS oops::ObsOperator::refl10cm::requiredVars           :         0.00       3            0.0015
OOPS_STATS oops::ObsOperator::refl10cm::simulateObs            :         1.28       2            0.6415
OOPS_STATS oops::ObsOperator::refl10cm::~ObsOperator           :         0.02       2            0.0116
OOPS_STATS oops::ObsSpace::ObsSpace                            :       629.12       1          629.1198
OOPS_STATS oops::ObsSpace::obsvariables                        :         0.00       3            0.0000
OOPS_STATS oops::ObsSpace::save                                :      2659.59       1         2659.5902
OOPS_STATS oops::ObsSpace::~ObsSpace                           :         0.67       1            0.6713
OOPS_STATS oops::ObsVector::ObsVector                          :         1.07      82            0.0130
OOPS_STATS oops::ObsVector::dot_product                        :         0.50       4            0.1261
OOPS_STATS oops::ObsVector::info                               :         1.21       6            0.2020
OOPS_STATS oops::ObsVector::operator*=                         :         0.01       2            0.0049
OOPS_STATS oops::ObsVector::operator-=                         :         0.02       2            0.0114
OOPS_STATS oops::ObsVector::operator=                          :         0.39       4            0.0978
OOPS_STATS oops::ObsVector::rms                                :         0.62       4            0.1555
OOPS_STATS oops::ObsVector::save                               :         0.34       6            0.0563
OOPS_STATS oops::ObsVector::zero                               :         0.03      34            0.0009
OOPS_STATS oops::ObsVector::~ObsVector                         :         0.16      82            0.0020
OOPS_STATS oops::Parameters::deserialize                       :         4.46      97            0.0460
OOPS_STATS oops::Parameters::serialize                         :         2.22      80            0.0278
OOPS_STATS oops::Run::execute                                  :    351467.42       1       351467.4226
OOPS_STATS oops::SampledLocations::SampledLocations            :         0.00       4            0.0002
OOPS_STATS oops::SampledLocations::latitudes                   :         0.00       3            0.0001
OOPS_STATS oops::SampledLocations::longitudes                  :         0.00       3            0.0000
OOPS_STATS oops::SampledLocations::times                       :         0.00       3            0.0000
OOPS_STATS oops::SampledLocations::~SampledLocations           :         0.19       8            0.0234
OOPS_STATS oops::State::State                                  :     59998.81      72          833.3168
OOPS_STATS oops::State::print                                  :        66.17       3           22.0568
OOPS_STATS oops::State::toFieldSet                             :        18.17       5            3.6334
OOPS_STATS oops::State::variables                              :         0.00      58            0.0000
OOPS_STATS oops::State::write                                  :     22969.89       1        22969.8914
OOPS_STATS oops::State::zero                                   :        45.99      30            1.5332
OOPS_STATS oops::State::~State                                 :         8.47      72            0.1176
OOPS_STATS oops::UnstructuredInterpolator::UnstructuredInterpo :        50.42    2400            0.0210
OOPS_STATS oops::UnstructuredInterpolator::apply               :       101.36   28000            0.0036
OOPS_STATS oops::UnstructuredInterpolator::applyAD             :        60.22   26400            0.0023
OOPS_STATS oops::VariableChange::VariableChange                :         0.28       3            0.0942
OOPS_STATS oops::VariableChange::changeVar                     :        18.86       3            6.2854
OOPS_STATS oops::VariableChange::~VariableChange               :         0.02       3            0.0077
OOPS_STATS oops::util::FieldSetHelpers::readFieldSet           :      7676.21       2         3838.1058
OOPS_STATS saber::Localization::Localization                   :      7733.14       1         7733.1389
OOPS_STATS saber::Localization::multiply                       :    134165.73     990          135.5209
OOPS_STATS saber::Localization::~Localization                  :         0.00       1            0.0001
OOPS_STATS ufo::ObsFilter::ObsFilter                           :         0.40       5            0.0795
OOPS_STATS ufo::ObsFilter::checkFilterData                     :         0.01      15            0.0004
OOPS_STATS ufo::ObsFilter::postFilter                          :        23.34       5            4.6687
OOPS_STATS ufo::ObsFilter::preProcess                          :         0.01       5            0.0021
OOPS_STATS ufo::ObsFilter::priorFilter                         :         0.04       5            0.0071
OOPS_STATS ufo::ObsFilter::~ObsFilter                          :       151.55       9           16.8394
OOPS_STATS util::Timers::measured                              :    351087.83       1       351087.8327
OOPS_STATS ------------------------------------ Timing Statistics -------------------------------------

OOPS_STATS ------------------------------------------------------------------------------------------------------------------
OOPS_STATS ---------------------------------- Parallel Timing Statistics ( 800 MPI tasks) -----------------------------------
OOPS_STATS ------------------------------------------------------------------------------------------------------------------
OOPS_STATS Name                                                :     min (ms)    max (ms)    avg (ms)     % total   imbal (%)
OOPS_STATS oops::Covariance::EnsembleCovariance                :     65965.59    65966.50    65966.09       18.77        0.00
OOPS_STATS oops::Covariance::ensemble::multiply                :    181909.18   182543.68   182205.87       51.84        0.35
OOPS_STATS oops::Diffusion::multiplySqrtAD                     :     44616.95    47805.33    45495.82       12.94        7.01
OOPS_STATS oops::Diffusion::multiplySqrtTL                     :     35651.16    47127.38    38149.10       10.85       30.08
OOPS_STATS oops::Geometry::Geometry                            :     51673.07    52952.07    52869.02       15.04        2.42
OOPS_STATS oops::Geometry::~Geometry                           :       381.90      569.18      482.05        0.14       38.85
OOPS_STATS oops::GeometryData::setGlobalTree                   :      1816.88     2032.30     1889.22        0.54       11.40
OOPS_STATS oops::GetValues::GetValues                          :       246.73     4028.99      388.97        0.11      972.37
OOPS_STATS oops::GetValues::fillGeoVaLsTL                      :       229.83      689.80      534.30        0.15       86.09
OOPS_STATS oops::GetValues::finalizeAD                         :       439.71      900.80      527.65        0.15       87.38
OOPS_STATS oops::Increment::Increment                          :     14915.69    26439.57    20225.17        5.75       56.98
OOPS_STATS oops::Increment::axpy                               :      2990.70     3912.21     3529.75        1.00       26.11
OOPS_STATS oops::Increment::diff                               :       252.44      427.22      357.06        0.10       48.95
OOPS_STATS oops::Increment::dot_product_with                   :      4912.10     6283.14     5517.08        1.57       24.85
OOPS_STATS oops::Increment::fromFieldSet                       :      7436.98    12435.18     8330.67        2.37       60.00
OOPS_STATS oops::Increment::operator+=                         :      7163.59    10559.07     8121.70        2.31       41.81
OOPS_STATS oops::Increment::operator=                          :      2862.22     6364.96     4478.40        1.27       78.21
OOPS_STATS oops::Increment::print                              :     11873.58    30471.59    24866.88        7.08       74.79
OOPS_STATS oops::Increment::schur_product_with                 :      6253.43    12104.80     9293.88        2.64       62.96
OOPS_STATS oops::Increment::toFieldSet                         :      6648.57    11762.23     8612.13        2.45       59.38
OOPS_STATS oops::LinearVariableChange::changeVarAD             :      1024.29     1922.39     1382.85        0.39       64.95
OOPS_STATS oops::LinearVariableChange::changeVarTL             :       273.07      970.43      739.83        0.21       94.26
OOPS_STATS oops::LocalInterpolator::preprocess                 :        68.41     1317.29     1265.94        0.36       98.65
OOPS_STATS oops::Localization::Localization                    :      7706.73     7902.30     7768.58        2.21        2.52
OOPS_STATS oops::Localization::multiply                        :    143273.89   159374.60   152086.29       43.27       10.59
OOPS_STATS oops::ObsSpace::ObsSpace                            :       565.86      650.52      616.56        0.18       13.73
OOPS_STATS oops::ObsSpace::save                                :      2502.19     2668.65     2576.87        0.73        6.46
OOPS_STATS oops::State::State                                  :     59767.37    60060.99    59883.44       17.04        0.49
OOPS_STATS oops::State::write                                  :     21749.39    22998.44    22971.87        6.54        5.44
OOPS_STATS oops::util::FieldSetHelpers::readFieldSet           :      7485.56     7676.21     7540.39        2.15        2.53
OOPS_STATS saber::Localization::Localization                   :      7706.72     7902.28     7768.57        2.21        2.52
OOPS_STATS saber::Localization::multiply                       :    132969.53   150348.40   143718.16       40.89       12.09
OOPS_STATS util::Timers::measured                              :    351087.83   351281.81   351196.52       99.92        0.06
OOPS_STATS oops::Run::execute                                  :    351405.91   351540.56   351466.85      100.00        0.04
OOPS_STATS ---------------------------------- Parallel Timing Statistics ( 800 MPI tasks) -----------------------------------

OOPS_STATS Run end                                  - Runtime:    352.32 sec,  Memory: total:  3888.76 GB, per task: min =     4.56 GB, max =     7.27 GB
Run: Finishing oops::Variational<MPAS, UFO and IODA observations> with status = 0
OOPS Ending   2026-05-28 08:43:23 (UTC+0000)
