Configuration input file is: jedivar.pass2.yaml
Full configuration is:YAMLConfiguration[path=jedivar.pass2.yaml, root={_member => {date => 2026-05-30T10:00:00Z , state variables => (water_vapor_mixing_ratio_wrt_moist_air,air_pressure_at_surface,air_temperature,northward_wind,eastward_wind,cloud_liquid_water,cloud_liquid_ice,rain_water,snow_water,graupel,equivalent_reflectivity_factor,upward_air_velocity) , stream name => ensemble} , output => {filename => mpasout.nc , stream name => analysis} , variational => {minimizer => {algorithm => DRPCG} , iterations => ({geometry => {nml_file => ./namelist.atmosphere , streams_file => ./streams.atmosphere , deallocate non-da fields => true , interpolation type => unstructured} , gradient norm reduction => 0.001 , ninner => 75})} , cost function => {cost type => 3D-Var , time window => {begin => 2026-05-30T08:00:00Z , length => PT4H} , jb evaluation => false , geometry => {nml_file => ./namelist.atmosphere , streams_file => ./streams.atmosphere , deallocate non-da fields => true , interpolation type => unstructured} , analysis variables => (water_vapor_mixing_ratio_wrt_moist_air,air_pressure_at_surface,air_temperature,northward_wind,eastward_wind,cloud_liquid_water,cloud_liquid_ice,rain_water,snow_water,graupel,equivalent_reflectivity_factor,upward_air_velocity) , background => {state variables => (water_vapor_mixing_ratio_wrt_moist_air,air_pressure_at_surface,air_temperature,northward_wind,eastward_wind,air_potential_temperature,dry_air_density,u,water_vapor_mixing_ratio_wrt_dry_air,air_pressure,landmask,seaice_fraction,snowc,skin_temperature_at_surface,ivgtyp,isltyp,snowh,vegetation_area_fraction,air_temperature_at_2m,water_vapor_mixing_ratio_wrt_moist_air_at_2m,eastward_wind_at_10m,northward_wind_at_10m,lai,smois,tslb,pressure_p,cloud_liquid_water,cloud_liquid_ice,graupel,rain_water,snow_water,cldfrac,equivalent_reflectivity_factor,w,upward_air_velocity) , filename => mpasout.nc , date => 2026-05-30T10:00:00Z} , background error => {covariance model => ensemble , localization => {localization method => SABER , saber central block => {saber block name => diffusion , active variables => (water_vapor_mixing_ratio_wrt_moist_air,air_pressure_at_surface,air_temperature,northward_wind,eastward_wind,cloud_liquid_water,cloud_liquid_ice,rain_water,snow_water,graupel,equivalent_reflectivity_factor,upward_air_velocity) , read => {groups => ({variables => (water_vapor_mixing_ratio_wrt_moist_air,air_pressure_at_surface,air_temperature,northward_wind,eastward_wind,cloud_liquid_water,cloud_liquid_ice,rain_water,snow_water,graupel,equivalent_reflectivity_factor,upward_air_velocity) , multivariate strategy => duplicated , horizontal => {filepath => data/diffusionloc/mpas_conus3km.diffusion_hz} , vertical => {levels => 59 , filepath => data/diffusionloc/mpas_conus3km.diffusion_vt}})}}} , members from template => {template => {date => 2026-05-30T10:00:00Z , state variables => (water_vapor_mixing_ratio_wrt_moist_air,air_pressure_at_surface,air_temperature,northward_wind,eastward_wind,cloud_liquid_water,cloud_liquid_ice,rain_water,snow_water,graupel,equivalent_reflectivity_factor,upward_air_velocity) , stream name => ensemble , filename => ./data/ens/mem%iMember%.nc} , pattern => %iMember% , start => 1 , zero padding => 3 , nmembers => 30}} , observations => {observers => ({obs space => {name => refl10cm , distribution => {name => RoundRobin , halo size => 500000} , obsdatain => {engine => {type => H5File , obsfile => data/obs/ioda_mrms_refl.nc , missing file action => warn}} , obsdataout => {engine => {type => H5File , allow overwrite => true , obsfile => jdiag_mrms_refl.nc}} , io pool => {write multiple files => false} , _source => mrms , simulated variables => (equivalentReflectivityFactor)} , obs operator => {name => VertInterp , vertical coordinate => height_above_mean_sea_level , observation vertical coordinate => height , interpolation method => linear , observation alias file => obsop_name_map.yaml} , obs localizations => ({localization method => Horizontal Gaspari-Cohn , lengthscale => 200000}) , _obsname => refl10cm , obs filters => ({filter => Background Check , filter variables => ({name => equivalentReflectivityFactor}) , threshold => 12 , action => {name => reject}})})}}}]
OOPS_STATS ObjectCountHelper started.
OOPS_STATS Run start                                - Runtime:      1.35 sec,  Memory: total:   104.27 GB, per task: min =   128.97 MB, max =   130.55 MB
Run: Starting oops::Variational<MPAS, UFO and IODA observations>
OOPS_STATS Variational start                        - Runtime:     1.35 sec,  Local Memory:   130.55 MB
==> create geom
atlas::mpi::push(world)
Increase halo 1
atlas::mpi::pop(world)
atlas::mpi::push(world)
atlas::mpi::pop(world)
atlas::mpi::push(world)
atlas::mpi::pop(world)
atlas::mpi::push(world)
atlas::mpi::pop(world)
refl10cm: read database from data/obs/ioda_mrms_refl.nc (io pool size: 800)
refl10cm processed vars: 1 Variables: equivalentReflectivityFactor
refl10cm assimilated vars: 1 Variables: equivalentReflectivityFactor
refl10cm: 0 observations are outside of time window out of 3905623
refl10cm: 0 observations were rejected by QC checks out of 3905623
No bias-correction is performed for this ObsSpace.
3DVar window: TimeWindow: start = 2026-05-30T08:00:00Z, end = 2026-05-30T12:00:00Z, inclusive upper bound.

OOPS_STATS IncrementalAssimilation start            - Runtime:    38.65 sec,  Local Memory:     2.50 GB
Running incremental assimilation with 1 outer iterations.
Minimizer algorithm=DRPCG
QNewtonLMP: maxouter : 1
IncrementalAssimilation: Configuration for outer iteration 0:
LocalConfiguration[root={geometry => {nml_file => ./namelist.atmosphere , streams_file => ./streams.atmosphere , deallocate non-da fields => true , interpolation type => unstructured} , gradient norm reduction => 0.001 , ninner => 75 , iteration => 0 , total iterations => 1}]
OOPS_STATS IncrementalAssimilation iteration 0      - Runtime:    38.65 sec,  Local Memory:     2.50 GB
==> create geom
atlas::mpi::push(world)
Increase halo 1
atlas::mpi::pop(world)
atlas::mpi::push(world)
atlas::mpi::pop(world)
atlas::mpi::push(world)
atlas::mpi::pop(world)
atlas::mpi::push(world)
atlas::mpi::pop(world)
Key "mesh[address=0x4b78d40],halo[size=1]" not found in cache "NodeColumnsHaloExchangeCache" , creating new, removable with key "mesh[address=0x4b78d40],halo[size=1]"
Key "mesh[address=0x80811d0],halo[size=1]" not found in cache "NodeColumnsHaloExchangeCache" , creating new, removable with key "mesh[address=0x80811d0],halo[size=1]"
processWhere: selected 0 obs.
BackgroundCheck obserr: 
refl10cm equivalentReflectivityFactor nlocs = 3905623, nobs = 3905623, min = 5, max = 5, avg = 5
processing a float: 12
ObsErrorDiagonal covariance updated 3772158
Observer::finalize QC = 
refl10cm equivalentReflectivityFactor nlocs = 3905623, nobs = 3905623, min = 0, max = 15, avg = 0
CostJo Observations: 
refl10cm nobs= 3905623 Min=0, Max=56.9259, RMS=4.23512

Jo Observations:
Jo Obs :refl10cm:equivalentReflectivityFactor   : Nobs=  3772158, Min= 0.000000e+00, Max= 5.692586e+01, RMS= 4.303330e+00
Jo Observations Equivalent:
Jo H(x):refl10cm:equivalentReflectivityFactor   : Nobs=  3772158, Min= 0.000000e+00, Max= 6.362004e+01, RMS= 3.972801e+00
Jo Bias Corrected Departures:
Jo Dep :refl10cm:equivalentReflectivityFactor   : Nobs=  3772158, Min=-5.652897e+01, Max= 5.555603e+01, RMS= 3.896925e+00
Jo Observations Errors:
UFO Diagonal observation error covariance, inverse variances: refl10cm nobs= 3772158 Min=0.04, Max=0.04, RMS=0.04



CostJo   : Nonlinear Jo(refl10cm) = 1.14568e+06, nobs = 3772158, Jo/n = 0.30372, err = 5
CostJo   : Nonlinear Jo = 1.14568e+06
Increment:diff x1 4
Increment:diff x2 35
Increment:diff x1 5
Increment:diff x2 36
Increment:diff x1 6
Increment:diff x2 37
Increment:diff x1 7
Increment:diff x2 38
Increment:diff x1 8
Increment:diff x2 39
Increment:diff x1 9
Increment:diff x2 40
Increment:diff x1 10
Increment:diff x2 41
Increment:diff x1 11
Increment:diff x2 42
Increment:diff x1 12
Increment:diff x2 43
Increment:diff x1 13
Increment:diff x2 44
Increment:diff x1 14
Increment:diff x2 45
Increment:diff x1 15
Increment:diff x2 46
Increment:diff x1 16
Increment:diff x2 47
Increment:diff x1 17
Increment:diff x2 48
Increment:diff x1 18
Increment:diff x2 49
Increment:diff x1 19
Increment:diff x2 50
Increment:diff x1 20
Increment:diff x2 51
Increment:diff x1 21
Increment:diff x2 52
Increment:diff x1 22
Increment:diff x2 53
Increment:diff x1 23
Increment:diff x2 54
Increment:diff x1 24
Increment:diff x2 55
Increment:diff x1 25
Increment:diff x2 56
Increment:diff x1 26
Increment:diff x2 57
Increment:diff x1 27
Increment:diff x2 58
Increment:diff x1 28
Increment:diff x2 59
Increment:diff x1 29
Increment:diff x2 60
Increment:diff x1 30
Increment:diff x2 61
Increment:diff x1 31
Increment:diff x2 62
Increment:diff x1 32
Increment:diff x2 63
Increment:diff x1 33
Increment:diff x2 64
Info     : Prepare ensemble configuration
Info     : Read full ensemble
Info     : Creating central block: 
Info     : SaberCentralBlock using multivariate strategy: deprecated
Info     : Creating single central block.
Info     : Read data

==================================================================================
 saber::Diffusion read
----------------------------------------------------------------------------------

group 1 of 1
atlas::mpi::push(world)
atlas::mpi::pop(world)
variables: [water_vapor_mixing_ratio_wrt_moist_air,air_pressure_at_surface,air_temperature,northward_wind,eastward_wind,cloud_liquid_water,cloud_liquid_ice,rain_water,snow_water,graupel,equivalent_reflectivity_factor,upward_air_velocity]
multivariate strategy: duplicated
Reading horizontal parameters
  levels: 1
Key "mesh[address=0x80811d0]" not found in cache "NodeColumnsGatherScatterCache" , creating new, removable with key "mesh[address=0x80811d0]"
  Info     : Reading file: data/diffusionloc/mpas_conus3km.diffusion_hz.nc
atlas::mpi::push(world)
atlas::mpi::pop(world)
  hzScales:  min: 4087.19  mean: 4087.19  max: 4087.19
  hzNorm:    min: 2.4414  mean: 3.71484  max: 4.05626
Reading vertical parameters
  levels: 59
  vertical strategy: normal
  Info     : Reading file: data/diffusionloc/mpas_conus3km.diffusion_vt.nc
atlas::mpi::push(world)
atlas::mpi::pop(world)
  vtScales:  min: 11  mean: 11  max: 11
  vtNorm:    min: 3.7178  mean: 4.83632  max: 5.25235
Diffusion: horizontal iterations: 6
Diffusion: vertical iterations: 242
Increment:diff x1 2
Increment:diff x2 1
==================================================================================

CostJb: FG-BG
  Valid time: 2026-05-30T10:00:00Z
  Resolution: nCellsGlobal = 2341818, nFields = 12
Fld=1  Min=0, Max=0, RMS=0 : water_vapor_mixing_ratio_wrt_moist_air
Fld=2  Min=0, Max=0, RMS=0 : air_pressure_at_surface
Fld=3  Min=0, Max=0, RMS=0 : air_temperature
Fld=4  Min=0, Max=0, RMS=0 : northward_wind
Fld=5  Min=0, Max=0, RMS=0 : eastward_wind
Fld=6  Min=0, Max=0, RMS=0 : cloud_liquid_water
Fld=7  Min=0, Max=0, RMS=0 : cloud_liquid_ice
Fld=8  Min=0, Max=0, RMS=0 : rain_water
Fld=9  Min=0, Max=0, RMS=0 : snow_water
Fld=10  Min=0, Max=0, RMS=0 : graupel
Fld=11  Min=0, Max=0, RMS=0 : equivalent_reflectivity_factor
Fld=12  Min=0, Max=0, RMS=0 : upward_air_velocity
Increment:diff x1 2
Increment:diff x2 1
CostJb: FG-BG
  Valid time: 2026-05-30T10:00:00Z
  Resolution: nCellsGlobal = 2341818, nFields = 12
Fld=1  Min=0, Max=0, RMS=0 : water_vapor_mixing_ratio_wrt_moist_air
Fld=2  Min=0, Max=0, RMS=0 : air_pressure_at_surface
Fld=3  Min=0, Max=0, RMS=0 : air_temperature
Fld=4  Min=0, Max=0, RMS=0 : northward_wind
Fld=5  Min=0, Max=0, RMS=0 : eastward_wind
Fld=6  Min=0, Max=0, RMS=0 : cloud_liquid_water
Fld=7  Min=0, Max=0, RMS=0 : cloud_liquid_ice
Fld=8  Min=0, Max=0, RMS=0 : rain_water
Fld=9  Min=0, Max=0, RMS=0 : snow_water
Fld=10  Min=0, Max=0, RMS=0 : graupel
Fld=11  Min=0, Max=0, RMS=0 : equivalent_reflectivity_factor
Fld=12  Min=0, Max=0, RMS=0 : upward_air_velocity
CostFunction: Nonlinear J = 1.14568e+06
OOPS_STATS IncrementalAssimilation linearize 0      - Runtime:   136.68 sec,  Local Memory:     7.26 GB

DRPCGMinimizer: max iter = 75, requested norm reduction = 0.001
CostFunction::computeGradientFG: gradient:
  Valid time: 2026-05-30T10:00:00Z
  Resolution: nCellsGlobal = 2341818, nFields = 12
Fld=1  Min=0, Max=0, RMS=0 : water_vapor_mixing_ratio_wrt_moist_air
Fld=2  Min=0, Max=0, RMS=0 : air_pressure_at_surface
Fld=3  Min=0, Max=0, RMS=0 : air_temperature
Fld=4  Min=0, Max=0, RMS=0 : northward_wind
Fld=5  Min=0, Max=0, RMS=0 : eastward_wind
Fld=6  Min=0, Max=0, RMS=0 : cloud_liquid_water
Fld=7  Min=0, Max=0, RMS=0 : cloud_liquid_ice
Fld=8  Min=0, Max=0, RMS=0 : rain_water
Fld=9  Min=0, Max=0, RMS=0 : snow_water
Fld=10  Min=0, Max=0, RMS=0 : graupel
Fld=11  Min=-1.71919, Max=1.93767, RMS=0.0149841 : equivalent_reflectivity_factor
Fld=12  Min=0, Max=0, RMS=0 : upward_air_velocity
DRPCGMinimizer rhs
  Valid time: 2026-05-30T10:00:00Z
  Resolution: nCellsGlobal = 2341818, nFields = 12
Fld=1  Min=-0, Max=-0, RMS=0 : water_vapor_mixing_ratio_wrt_moist_air
Fld=2  Min=-0, Max=-0, RMS=0 : air_pressure_at_surface
Fld=3  Min=-0, Max=-0, RMS=0 : air_temperature
Fld=4  Min=-0, Max=-0, RMS=0 : northward_wind
Fld=5  Min=-0, Max=-0, RMS=0 : eastward_wind
Fld=6  Min=-0, Max=-0, RMS=0 : cloud_liquid_water
Fld=7  Min=-0, Max=-0, RMS=0 : cloud_liquid_ice
Fld=8  Min=-0, Max=-0, RMS=0 : rain_water
Fld=9  Min=-0, Max=-0, RMS=0 : snow_water
Fld=10  Min=-0, Max=-0, RMS=0 : graupel
Fld=11  Min=-1.93767, Max=1.71919, RMS=0.0149841 : equivalent_reflectivity_factor
Fld=12  Min=-0, Max=-0, RMS=0 : upward_air_velocity
Initial RHS squared norm = 31021.8
OOPS_STATS DRPCG start                              - Runtime:   136.83 sec,  Local Memory:     7.26 GB
normr0 31021.8
  Residual norm ( 0) = 6487.827213819478
  Norm reduction ( 0) = 1

  Quadratic cost function: J   ( 0) = 1145681.632854168
  Quadratic cost function: Jb  ( 0) = 0
  Quadratic cost function: JoJc( 0) = 1145681.632854168


 DRPCG Starting Iteration 1
OOPS_STATS DRPCG iteration 1                        - Runtime:   142.21 sec,  Local Memory:     7.26 GB
rdots 1.73284e+07      iteration    0
DRPCG end of iteration 1
  Residual norm ( 1) = 4162.738272356435
  Norm reduction ( 1) = 0.6416228631196501

  Quadratic cost function: J   ( 1) = 718979.2928174846
  Quadratic cost function: Jb  ( 1) = 8651.302437294533
  Quadratic cost function: JoJc( 1) = 710327.9903801901

 DRPCG Starting Iteration 2
OOPS_STATS DRPCG iteration 2                        - Runtime:   148.05 sec,  Local Memory:     7.26 GB
rdots 8.03407e+06      iteration    1
DRPCG end of iteration 2
  Residual norm ( 2) = 2834.443112045481
  Norm reduction ( 2) = 0.4368863440148252

  Quadratic cost function: J   ( 2) = 564393.2503174532
  Quadratic cost function: Jb  ( 2) = 18813.27830682548
  Quadratic cost function: JoJc( 2) = 545579.9720106277

 DRPCG Starting Iteration 3
OOPS_STATS DRPCG iteration 3                        - Runtime:   153.98 sec,  Local Memory:     7.26 GB
rdots 4.27734e+06      iteration    2
DRPCG end of iteration 3
  Residual norm ( 3) = 2068.173942987995
  Norm reduction ( 3) = 0.3187775929948712

  Quadratic cost function: J   ( 3) = 484358.8504981867
  Quadratic cost function: Jb  ( 3) = 28728.56190283187
  Quadratic cost function: JoJc( 3) = 455630.2885953548

 DRPCG Starting Iteration 4
OOPS_STATS DRPCG iteration 4                        - Runtime:   159.82 sec,  Local Memory:     7.26 GB
rdots 2.6574e+06      iteration    3
DRPCG end of iteration 4
  Residual norm ( 4) = 1630.1542728632
  Norm reduction ( 4) = 0.2512635153708887

  Quadratic cost function: J   ( 4) = 437422.3845181455
  Quadratic cost function: Jb  ( 4) = 38028.09011604614
  Quadratic cost function: JoJc( 4) = 399394.2944020993

 DRPCG Starting Iteration 5
OOPS_STATS DRPCG iteration 5                        - Runtime:   165.70 sec,  Local Memory:     7.26 GB
rdots 1.77712e+06      iteration    4
DRPCG end of iteration 5
  Residual norm ( 5) = 1333.088329042972
  Norm reduction ( 5) = 0.2054753132456133

  Quadratic cost function: J   ( 5) = 407504.4160323492
  Quadratic cost function: Jb  ( 5) = 46651.54511892826
  Quadratic cost function: JoJc( 5) = 360852.870913421

 DRPCG Starting Iteration 6
rdots 1.13679e+06      iteration    5
DRPCG end of iteration 6
  Residual norm ( 6) = 1066.20278899292
  Norm reduction ( 6) = 0.1643389618517956

  Quadratic cost function: J   ( 6) = 387790.1731167156
  Quadratic cost function: Jb  ( 6) = 54368.22060416311
  Quadratic cost function: JoJc( 6) = 333421.9525125525

 DRPCG Starting Iteration 7
rdots 785494      iteration    6
DRPCG end of iteration 7
  Residual norm ( 7) = 886.2809210304499
  Norm reduction ( 7) = 0.1366067393321783

  Quadratic cost function: J   ( 7) = 374130.3206310027
  Quadratic cost function: Jb  ( 7) = 61300.42079819264
  Quadratic cost function: JoJc( 7) = 312829.89983281

 DRPCG Starting Iteration 8
rdots 528893      iteration    7
DRPCG end of iteration 8
  Residual norm ( 8) = 727.2503794212681
  Norm reduction ( 8) = 0.112094597382646

  Quadratic cost function: J   ( 8) = 364807.5243418911
  Quadratic cost function: Jb  ( 8) = 67220.70558967172
  Quadratic cost function: JoJc( 8) = 297586.8187522193

 DRPCG Starting Iteration 9
rdots 390535      iteration    8
DRPCG end of iteration 9
  Residual norm ( 9) = 624.9277142809271
  Norm reduction ( 9) = 0.09632311306777591

  Quadratic cost function: J   ( 9) = 357939.3305536786
  Quadratic cost function: Jb  ( 9) = 72546.04167094595
  Quadratic cost function: JoJc( 9) = 285393.2888827326

 DRPCG Starting Iteration 10
OOPS_STATS DRPCG iteration 10                       - Runtime:   195.79 sec,  Local Memory:     7.26 GB
rdots 289569      iteration    9
DRPCG end of iteration 10
  Residual norm (10) = 538.1166052426697
  Norm reduction (10) = 0.08294249946984528

  Quadratic cost function: J   (10) = 353666.1292454191
  Quadratic cost function: Jb  (10) = 76469.13261461064
  Quadratic cost function: JoJc(10) = 277196.9966308084

 DRPCG Starting Iteration 11
rdots 206602      iteration    10
DRPCG end of iteration 11
  Residual norm (11) = 454.5346036453387
  Norm reduction (11) = 0.07005960372636799

  Quadratic cost function: J   (11) = 350414.6077066185
  Quadratic cost function: Jb  (11) = 79917.90168744478
  Quadratic cost function: JoJc(11) = 270496.7060191737

 DRPCG Starting Iteration 12
rdots 148869      iteration    11
DRPCG end of iteration 12
  Residual norm (12) = 385.8353945787561
  Norm reduction (12) = 0.05947066434767292

  Quadratic cost function: J   (12) = 348075.7096332768
  Quadratic cost function: Jb  (12) = 82750.70821949298
  Quadratic cost function: JoJc(12) = 265325.0014137838

 DRPCG Starting Iteration 13
rdots 108377      iteration    12
DRPCG end of iteration 13
  Residual norm (13) = 329.2069038152725
  Norm reduction (13) = 0.05074224281344011

  Quadratic cost function: J   (13) = 346340.2874110704
  Quadratic cost function: Jb  (13) = 85123.2338658048
  Quadratic cost function: JoJc(13) = 261217.0535452656

 DRPCG Starting Iteration 14
rdots 80122      iteration    13
DRPCG end of iteration 14
  Residual norm (14) = 283.0583784515797
  Norm reduction (14) = 0.04362914873081818

  Quadratic cost function: J   (14) = 345152.4653028743
  Quadratic cost function: Jb  (14) = 86932.84553535227
  Quadratic cost function: JoJc(14) = 258219.6197675221

 DRPCG Starting Iteration 15
OOPS_STATS DRPCG iteration 15                       - Runtime:   226.41 sec,  Local Memory:     7.26 GB
rdots 56802.3      iteration    14
DRPCG end of iteration 15
  Residual norm (15) = 238.3323237388574
  Norm reduction (15) = 0.03673530688844405

  Quadratic cost function: J   (15) = 344253.895369831
  Quadratic cost function: Jb  (15) = 88442.75824445031
  Quadratic cost function: JoJc(15) = 255811.1371253807

 DRPCG Starting Iteration 16
rdots 42559.6      iteration    15
DRPCG end of iteration 16
  Residual norm (16) = 206.2997345177172
  Norm reduction (16) = 0.03179796990867542

  Quadratic cost function: J   (16) = 343620.0360524225
  Quadratic cost function: Jb  (16) = 89608.8524356705
  Quadratic cost function: JoJc(16) = 254011.183616752

 DRPCG Starting Iteration 17
rdots 27763.5      iteration    16
DRPCG end of iteration 17
  Residual norm (17) = 166.6239203879354
  Norm reduction (17) = 0.02568254592739709

  Quadratic cost function: J   (17) = 343142.2512665987
  Quadratic cost function: Jb  (17) = 90564.73340832966
  Quadratic cost function: JoJc(17) = 252577.517858269

 DRPCG Starting Iteration 18
rdots 19653.8      iteration    17
DRPCG end of iteration 18
  Residual norm (18) = 140.1918568661838
  Norm reduction (18) = 0.02160844489932875

  Quadratic cost function: J   (18) = 342777.6017996043
  Quadratic cost function: Jb  (18) = 91356.56500379188
  Quadratic cost function: JoJc(18) = 251421.0367958124

 DRPCG Starting Iteration 19
rdots 14898.7      iteration    18
DRPCG end of iteration 19
  Residual norm (19) = 122.0600962811087
  Norm reduction (19) = 0.01881370946826591

  Quadratic cost function: J   (19) = 342531.7088641288
  Quadratic cost function: Jb  (19) = 91933.24887605745
  Quadratic cost function: JoJc(19) = 250598.4599880714

 DRPCG Starting Iteration 20
OOPS_STATS DRPCG iteration 20                       - Runtime:   257.18 sec,  Local Memory:     7.26 GB
rdots 9956.39      iteration    19
DRPCG end of iteration 20
  Residual norm (20) = 99.78169216590979
  Norm reduction (20) = 0.01537983193408242

  Quadratic cost function: J   (20) = 342357.9629790195
  Quadratic cost function: Jb  (20) = 92369.9649129263
  Quadratic cost function: JoJc(20) = 249987.9980660932

 DRPCG Starting Iteration 21
rdots 7513.84      iteration    20
DRPCG end of iteration 21
  Residual norm (21) = 86.68241332330011
  Norm reduction (21) = 0.01336077710865375

  Quadratic cost function: J   (21) = 342232.2759483689
  Quadratic cost function: Jb  (21) = 92707.10808057216
  Quadratic cost function: JoJc(21) = 249525.1678677968

 DRPCG Starting Iteration 22
rdots 5424.67      iteration    21
DRPCG end of iteration 22
  Residual norm (22) = 73.65235979919839
  Norm reduction (22) = 0.01135239231438135

  Quadratic cost function: J   (22) = 342145.4806350949
  Quadratic cost function: Jb  (22) = 92954.48372779723
  Quadratic cost function: JoJc(22) = 249190.9969072977

 DRPCG Starting Iteration 23
rdots 3885.8      iteration    22
DRPCG end of iteration 23
  Residual norm (23) = 62.33618488419832
  Norm reduction (23) = 0.00960817586994585

  Quadratic cost function: J   (23) = 342082.4036694147
  Quadratic cost function: Jb  (23) = 93144.67610308569
  Quadratic cost function: JoJc(23) = 248937.727566329

 DRPCG Starting Iteration 24
rdots 2742.22      iteration    23
DRPCG end of iteration 24
  Residual norm (24) = 52.36620786071936
  Norm reduction (24) = 0.00807145537864758

  Quadratic cost function: J   (24) = 342036.6243873168
  Quadratic cost function: Jb  (24) = 93290.34545442584
  Quadratic cost function: JoJc(24) = 248746.2789328909

 DRPCG Starting Iteration 25
OOPS_STATS DRPCG iteration 25                       - Runtime:   288.66 sec,  Local Memory:     7.26 GB
rdots 1883.25      iteration    24
DRPCG end of iteration 25
  Residual norm (25) = 43.39641102236881
  Norm reduction (25) = 0.006688897467850521

  Quadratic cost function: J   (25) = 342002.9172008791
  Quadratic cost function: Jb  (25) = 93403.33339843441
  Quadratic cost function: JoJc(25) = 248599.5838024447

 DRPCG Starting Iteration 26
rdots 1385.1      iteration    25
DRPCG end of iteration 26
  Residual norm (26) = 37.21694773206604
  Norm reduction (26) = 0.005736427081903725

  Quadratic cost function: J   (26) = 341979.1343432665
  Quadratic cost function: Jb  (26) = 93487.15468237469
  Quadratic cost function: JoJc(26) = 248491.9796608918

 DRPCG Starting Iteration 27
rdots 940.034      iteration    26
DRPCG end of iteration 27
  Residual norm (27) = 30.65996907226455
  Norm reduction (27) = 0.004725768437075035

  Quadratic cost function: J   (27) = 341961.7478709987
  Quadratic cost function: Jb  (27) = 93551.46093485507
  Quadratic cost function: JoJc(27) = 248410.2869361436

 DRPCG Starting Iteration 28
rdots 637.171      iteration    27
DRPCG end of iteration 28
  Residual norm (28) = 25.2422473662214
  Norm reduction (28) = 0.003890708943736022

  Quadratic cost function: J   (28) = 341949.2317408333
  Quadratic cost function: Jb  (28) = 93599.9826334778
  Quadratic cost function: JoJc(28) = 248349.2491073555

 DRPCG Starting Iteration 29
rdots 487.589      iteration    28
DRPCG end of iteration 29
  Residual norm (29) = 22.08142343597778
  Norm reduction (29) = 0.003403515955070901

  Quadratic cost function: J   (29) = 341940.9216332277
  Quadratic cost function: Jb  (29) = 93633.6603363028
  Quadratic cost function: JoJc(29) = 248307.2612969249

 DRPCG Starting Iteration 30
OOPS_STATS DRPCG iteration 30                       - Runtime:   320.39 sec,  Local Memory:     7.26 GB
rdots 342.132      iteration    29
DRPCG end of iteration 30
  Residual norm (30) = 18.49681033284825
  Norm reduction (30) = 0.002851002303737203

  Quadratic cost function: J   (30) = 341935.0330624894
  Quadratic cost function: Jb  (30) = 93658.53054475116
  Quadratic cost function: JoJc(30) = 248276.5025177382

 DRPCG Starting Iteration 31
rdots 234.35      iteration    30
DRPCG end of iteration 31
  Residual norm (31) = 15.30848056242703
  Norm reduction (31) = 0.00235956970768565

  Quadratic cost function: J   (31) = 341930.7560190945
  Quadratic cost function: Jb  (31) = 93677.32900587977
  Quadratic cost function: JoJc(31) = 248253.4270132147

 DRPCG Starting Iteration 32
rdots 171.844      iteration    31
DRPCG end of iteration 32
  Residual norm (32) = 13.10893484002465
  Norm reduction (32) = 0.002020543150733391

  Quadratic cost function: J   (32) = 341927.7272170148
  Quadratic cost function: Jb  (32) = 93691.16822686506
  Quadratic cost function: JoJc(32) = 248236.5589901497

 DRPCG Starting Iteration 33
rdots 122.117      iteration    32
DRPCG end of iteration 33
  Residual norm (33) = 11.0506458283266
  Norm reduction (33) = 0.001703289169722035

  Quadratic cost function: J   (33) = 341925.634891242
  Quadratic cost function: Jb  (33) = 93701.08818509779
  Quadratic cost function: JoJc(33) = 248224.5467061442

 DRPCG Starting Iteration 34
rdots 90.391      iteration    33
DRPCG end of iteration 34
  Residual norm (34) = 9.507420276085709
  Norm reduction (34) = 0.001465424395987968

  Quadratic cost function: J   (34) = 341924.1896241396
  Quadratic cost function: Jb  (34) = 93708.18139500459
  Quadratic cost function: JoJc(34) = 248216.008229135

 DRPCG Starting Iteration 35
OOPS_STATS DRPCG iteration 35                       - Runtime:   352.71 sec,  Local Memory:     7.26 GB
rdots 63.8651      iteration    34
DRPCG end of iteration 35
  Residual norm (35) = 7.991564167358426
  Norm reduction (35) = 0.001231778206166757

  Quadratic cost function: J   (35) = 341923.13249932
  Quadratic cost function: Jb  (35) = 93713.54470617266
  Quadratic cost function: JoJc(35) = 248209.5877931473

 DRPCG Starting Iteration 36
rdots 45.1367      iteration    35
DRPCG end of iteration 36
  Residual norm (36) = 6.718381531176299
  Norm reduction (36) = 0.001035536445370451

  Quadratic cost function: J   (36) = 341922.3594078858
  Quadratic cost function: Jb  (36) = 93717.59741033279
  Quadratic cost function: JoJc(36) = 248204.761997553

 DRPCG Starting Iteration 37
rdots 33.4582      iteration    36
DRPCG end of iteration 37
  Residual norm (37) = 5.7843049652034
  Norm reduction (37) = 0.0008915627334961185

  Quadratic cost function: J   (37) = 341921.8314110327
  Quadratic cost function: Jb  (37) = 93720.45338461352
  Quadratic cost function: JoJc(37) = 248201.3780264192

DRPCG: Achieved required reduction in residual norm.
OOPS_STATS DRPCG end                                - Runtime:   372.40 sec,  Local Memory:     7.26 GB
DRPCGMinimizer: reduction in residual norm = 0.000891563
DRPCGMinimizer output increment:
  Valid time: 2026-05-30T10:00:00Z
  Resolution: nCellsGlobal = 2341818, nFields = 12
Fld=1  Min=-0.00973064, Max=0.0105684, RMS=9.62812e-05 : water_vapor_mixing_ratio_wrt_moist_air
Fld=2  Min=-107.252, Max=110.268, RMS=2.7843 : air_pressure_at_surface
Fld=3  Min=-6.49054, Max=5.61625, RMS=0.092673 : air_temperature
Fld=4  Min=-26.6064, Max=21.2475, RMS=0.391998 : northward_wind
Fld=5  Min=-21.6531, Max=33.1801, RMS=0.406134 : eastward_wind
Fld=6  Min=-0.00313887, Max=0.0028695, RMS=1.39703e-05 : cloud_liquid_water
Fld=7  Min=-0.000872233, Max=0.00100503, RMS=2.5608e-06 : cloud_liquid_ice
Fld=8  Min=-0.00403186, Max=0.00429993, RMS=2.70085e-05 : rain_water
Fld=9  Min=-0.0065925, Max=0.00474403, RMS=6.13901e-05 : snow_water
Fld=10  Min=-0.00434492, Max=0.00579213, RMS=1.85851e-05 : graupel
Fld=11  Min=-67.3, Max=83.5655, RMS=2.09923 : equivalent_reflectivity_factor
Fld=12  Min=0, Max=0, RMS=0 : upward_air_velocity
CostFunction::addIncrement: First guess:
  Valid time: 2026-05-30T10:00:00Z
  Resolution: nCellsGlobal = 2341818, nFields = 35
Fld=1  Min=0, Max=0.022153, RMS=0.00605629 : water_vapor_mixing_ratio_wrt_moist_air
Fld=2  Min=63002.4, Max=103729, RMS=96455.1 : air_pressure_at_surface
Fld=3  Min=185.47, Max=305.171, RMS=259.382 : air_temperature
Fld=4  Min=-59.1005, Max=49.0925, RMS=8.42116 : northward_wind
Fld=5  Min=-34.9508, Max=67.9991, RMS=10.8847 : eastward_wind
Fld=6  Min=268.428, Max=640.855, RMS=354.945 : air_potential_temperature
Fld=7  Min=0.0383945, Max=1.31608, RMS=0.785627 : dry_air_density
Fld=8  Min=-69.0014, Max=69.2951, RMS=9.7554 : u
Fld=9  Min=0, Max=0.0226549, RMS=0.00613069 : water_vapor_mixing_ratio_wrt_dry_air
Fld=10  Min=2429.9, Max=103614, RMS=64220.1 : air_pressure
Fld=11  Min=0, Max=1, RMS=0.790008 : landmask
Fld=12  Min=0, Max=1, RMS=0.0419189 : seaice_fraction
Fld=13  Min=0, Max=1, RMS=0.0564931 : snowc
Fld=14  Min=245.426, Max=304.952, RMS=289.166 : skin_temperature_at_surface
Fld=15  Min=1, Max=19, RMS=12.7664 : ivgtyp
Fld=16  Min=1, Max=16, RMS=9.97061 : isltyp
Fld=17  Min=0, Max=7.5, RMS=0.158864 : snowh
Fld=18  Min=0, Max=0.916551, RMS=0.406985 : vegetation_area_fraction
Fld=19  Min=260.25, Max=302.716, RMS=289.078 : air_temperature_at_2m
Fld=20  Min=0.000140893, Max=0.0220727, RMS=0.0113651 : water_vapor_mixing_ratio_wrt_moist_air_at_2m
Fld=21  Min=-20.7796, Max=17.2058, RMS=3.09477 : eastward_wind_at_10m
Fld=22  Min=-15.6801, Max=14.3533, RMS=3.75433 : northward_wind_at_10m
Fld=23  Min=0, Max=6.54882, RMS=1.62881 : lai
Fld=24  Min=0.00200001, Max=1, RMS=0.634955 : smois
Fld=25  Min=260.81, Max=311.009, RMS=289.98 : tslb
Fld=26  Min=-949.528, Max=5720.74, RMS=3025.47 : pressure_p
Fld=27  Min=0, Max=0.00748033, RMS=4.40488e-05 : cloud_liquid_water
Fld=28  Min=0, Max=0.00163341, RMS=3.37981e-06 : cloud_liquid_ice
Fld=29  Min=0, Max=0.0109084, RMS=2.47761e-05 : graupel
Fld=30  Min=0, Max=0.00953945, RMS=5.05277e-05 : rain_water
Fld=31  Min=0, Max=0.00595379, RMS=7.81894e-05 : snow_water
Fld=32  Min=0, Max=1, RMS=0.209504 : cldfrac
Fld=33  Min=0, Max=71.7132, RMS=3.85936 : equivalent_reflectivity_factor
Fld=34  Min=-6.2276, Max=23.6632, RMS=0.143408 : w
Fld=35  Min=0, Max=0, RMS=0 : upward_air_velocity
CostFunction::addIncrement: Increment:
  Valid time: 2026-05-30T10:00:00Z
  Resolution: nCellsGlobal = 2341818, nFields = 12
Fld=1  Min=-0.00973064, Max=0.0105684, RMS=9.62812e-05 : water_vapor_mixing_ratio_wrt_moist_air
Fld=2  Min=-107.252, Max=110.268, RMS=2.7843 : air_pressure_at_surface
Fld=3  Min=-6.49054, Max=5.61625, RMS=0.092673 : air_temperature
Fld=4  Min=-26.6064, Max=21.2475, RMS=0.391998 : northward_wind
Fld=5  Min=-21.6531, Max=33.1801, RMS=0.406134 : eastward_wind
Fld=6  Min=-0.00313887, Max=0.0028695, RMS=1.39703e-05 : cloud_liquid_water
Fld=7  Min=-0.000872233, Max=0.00100503, RMS=2.5608e-06 : cloud_liquid_ice
Fld=8  Min=-0.00403186, Max=0.00429993, RMS=2.70085e-05 : rain_water
Fld=9  Min=-0.0065925, Max=0.00474403, RMS=6.13901e-05 : snow_water
Fld=10  Min=-0.00434492, Max=0.00579213, RMS=1.85851e-05 : graupel
Fld=11  Min=-67.3, Max=83.5655, RMS=2.09923 : equivalent_reflectivity_factor
Fld=12  Min=0, Max=0, RMS=0 : upward_air_velocity
CostFunction::addIncrement: Analysis: 
  Valid time: 2026-05-30T10:00:00Z
  Resolution: nCellsGlobal = 2341818, nFields = 35
Fld=1  Min=0, Max=0.022153, RMS=0.00605547 : water_vapor_mixing_ratio_wrt_moist_air
Fld=2  Min=63002.4, Max=103729, RMS=96455.1 : air_pressure_at_surface
Fld=3  Min=185.47, Max=305.171, RMS=259.382 : air_temperature
Fld=4  Min=-59.1005, Max=49.0925, RMS=8.42576 : northward_wind
Fld=5  Min=-35.3808, Max=70.2217, RMS=10.8892 : eastward_wind
Fld=6  Min=268.428, Max=641.722, RMS=354.945 : air_potential_temperature
Fld=7  Min=0.0383945, Max=1.31608, RMS=0.785626 : dry_air_density
Fld=8  Min=-70.6384, Max=70.2083, RMS=9.75953 : u
Fld=9  Min=0, Max=0.0226549, RMS=0.00612985 : water_vapor_mixing_ratio_wrt_dry_air
Fld=10  Min=2429.9, Max=103614, RMS=64220.1 : air_pressure
Fld=11  Min=0, Max=1, RMS=0.790008 : landmask
Fld=12  Min=0, Max=1, RMS=0.0419189 : seaice_fraction
Fld=13  Min=0, Max=1, RMS=0.0564931 : snowc
Fld=14  Min=245.426, Max=304.952, RMS=289.166 : skin_temperature_at_surface
Fld=15  Min=1, Max=19, RMS=12.7664 : ivgtyp
Fld=16  Min=1, Max=16, RMS=9.97061 : isltyp
Fld=17  Min=0, Max=7.5, RMS=0.158864 : snowh
Fld=18  Min=0, Max=0.916551, RMS=0.406985 : vegetation_area_fraction
Fld=19  Min=260.25, Max=302.716, RMS=289.079 : air_temperature_at_2m
Fld=20  Min=0.000140893, Max=0.0220727, RMS=0.0113642 : water_vapor_mixing_ratio_wrt_moist_air_at_2m
Fld=21  Min=-20.7796, Max=17.2058, RMS=3.09477 : eastward_wind_at_10m
Fld=22  Min=-15.6801, Max=14.3533, RMS=3.75433 : northward_wind_at_10m
Fld=23  Min=0, Max=6.54882, RMS=1.62881 : lai
Fld=24  Min=0.00200001, Max=1, RMS=0.634955 : smois
Fld=25  Min=260.81, Max=311.009, RMS=289.98 : tslb
Fld=26  Min=-972.362, Max=5717.82, RMS=3025.48 : pressure_p
Fld=27  Min=0, Max=0.0065399, RMS=4.41281e-05 : cloud_liquid_water
Fld=28  Min=0, Max=0.00162984, RMS=4.08602e-06 : cloud_liquid_ice
Fld=29  Min=0, Max=0.0108521, RMS=2.54619e-05 : graupel
Fld=30  Min=0, Max=0.0087742, RMS=4.64284e-05 : rain_water
Fld=31  Min=0, Max=0.0069655, RMS=9.01217e-05 : snow_water
Fld=32  Min=0, Max=1, RMS=0.209504 : cldfrac
Fld=33  Min=0, Max=83.5655, RMS=3.56803 : equivalent_reflectivity_factor
Fld=34  Min=-6.2276, Max=23.6632, RMS=0.143408 : w
Fld=35  Min=0, Max=0, RMS=0 : upward_air_velocity
OOPS_STATS IncrementalAssimilation end              - Runtime:   372.64 sec,  Local Memory:     7.26 GB
Variational: incremental assimilation done 1 iterations.
QC refl10cm equivalentReflectivityFactor: 133465 H(x) failed.
QC refl10cm equivalentReflectivityFactor: 3772158 passed out of 3905623 observations.
ObsErrorDiagonal covariance updated 3772158
Observer::finalize QC = 
refl10cm equivalentReflectivityFactor nlocs = 3905623, nobs = 3905623, min = 0, max = 15, avg = 0
Jo Observations:
Jo Obs :refl10cm:equivalentReflectivityFactor   : Nobs=  3772158, Min= 0.000000e+00, Max= 5.692586e+01, RMS= 4.303330e+00
Jo Observations Equivalent:
Jo H(x):refl10cm:equivalentReflectivityFactor   : Nobs=  3772158, Min= 0.000000e+00, Max= 5.806259e+01, RMS= 3.837858e+00
Jo Bias Corrected Departures:
Jo Dep :refl10cm:equivalentReflectivityFactor   : Nobs=  3772158, Min=-5.212939e+01, Max= 4.837962e+01, RMS= 1.821047e+00
Jo Observations Errors:
UFO Diagonal observation error covariance, inverse variances: refl10cm nobs= 3772158 Min=0.04, Max=0.04, RMS=0.04



CostJo   : Nonlinear Jo(refl10cm) = 250186, nobs = 3772158, Jo/n = 0.0663243, err = 5
CostJo   : Nonlinear Jo = 250186
Increment:diff x1 2
Increment:diff x2 1
CostJb: FG-BG
  Valid time: 2026-05-30T10:00:00Z
  Resolution: nCellsGlobal = 2341818, nFields = 12
Fld=1  Min=-0.00928605, Max=0.0105684, RMS=9.60831e-05 : water_vapor_mixing_ratio_wrt_moist_air
Fld=2  Min=-107.252, Max=110.268, RMS=2.7843 : air_pressure_at_surface
Fld=3  Min=-6.49054, Max=5.61625, RMS=0.092673 : air_temperature
Fld=4  Min=-26.6064, Max=21.2475, RMS=0.391998 : northward_wind
Fld=5  Min=-21.6531, Max=33.1801, RMS=0.406134 : eastward_wind
Fld=6  Min=-0.00190809, Max=0.0028695, RMS=1.13073e-05 : cloud_liquid_water
Fld=7  Min=-0.000536791, Max=0.00100503, RMS=2.37e-06 : cloud_liquid_ice
Fld=8  Min=-0.00330164, Max=0.00429993, RMS=2.03367e-05 : rain_water
Fld=9  Min=-0.00562036, Max=0.00474403, RMS=5.81442e-05 : snow_water
Fld=10  Min=-0.00382599, Max=0.00579213, RMS=1.56875e-05 : graupel
Fld=11  Min=-60.3861, Max=83.5655, RMS=2.04364 : equivalent_reflectivity_factor
Fld=12  Min=0, Max=0, RMS=0 : upward_air_velocity
CostFunction: Nonlinear J = 250186
OOPS_STATS Variational end                          - Runtime:   392.66 sec,  Local Memory:     7.26 GB
==> destruct MPAS corelist and domain:  0
Tried to erase key "mesh[address=0x4b78d40],halo[size=0]" from cache "NodeColumnsHaloExchangeCache" but it was not found.
Erased key "mesh[address=0x4b78d40],halo[size=1]" from cache "NodeColumnsHaloExchangeCache".
==> destruct MPAS corelist and domain:  1
refl10cm: save database to jdiag_mrms_refl.nc (io pool size: 4)
QC refl10cm equivalentReflectivityFactor: 133465 H(x) failed.
QC refl10cm equivalentReflectivityFactor: 3772158 passed out of 3905623 observations.
Erased key "mesh[address=0x80811d0]" from cache "NodeColumnsGatherScatterCache".
Tried to erase key "mesh[address=0x80811d0],halo[size=0]" from cache "NodeColumnsHaloExchangeCache" but it was not found.
Erased key "mesh[address=0x80811d0],halo[size=1]" from cache "NodeColumnsHaloExchangeCache".

Run: Finishing oops::Variational<MPAS, UFO and IODA observations>
OOPS_STATS  
OOPS_STATS ----------------------------------------------------------------------------------
OOPS_STATS --------------------------- Object counts ----------------------------------------
OOPS_STATS ----------------------------------------------------------------------------------
OOPS_STATS                                      Total  Simult. Remain    Avg (Mb)    HWM (Mb)
OOPS_STATS ioda::ObsDataVector             :        8       5        
OOPS_STATS ioda::ObsVector                 :       94       8        
OOPS_STATS mpas::Geometry                  :        2       2        
OOPS_STATS mpas::Increment                 :     2704     121        
OOPS_STATS mpas::LinVarChaModel2GeoVars    :        1       1        
OOPS_STATS mpas::ModelBias                 :        4       3        
OOPS_STATS mpas::ModelBiasCovariance       :        1       1        
OOPS_STATS mpas::State                     :       75      34        
OOPS_STATS mpas::VarChaModel2GeoVars       :        3       1        
OOPS_STATS oops::ControlIncrement          :      166      88               15.22     1339.40
OOPS_STATS oops::ControlVariable           :        4       3        
OOPS_STATS oops::Diffusion                 :        1       1        
OOPS_STATS oops::EnsembleCovariance        :        1       1             3550.88     3550.88
OOPS_STATS oops::GeoVaLs                   :       78       1        
OOPS_STATS oops::Geometry                  :        2       2        
OOPS_STATS oops::GetValues                 :        3       2        
OOPS_STATS oops::Increment                 :     2628     121               15.02     1841.67
OOPS_STATS oops::LinearObsOperator         :        1       1        
OOPS_STATS oops::LocalInterpolator         :     2400    1600        
OOPS_STATS oops::Localization              :        1       1        
OOPS_STATS oops::ModelAuxControl           :        4       3        
OOPS_STATS oops::ModelAuxCovariance        :        1       1        
OOPS_STATS oops::ModelAuxIncrement         :      166      88        
OOPS_STATS oops::ObsAuxControl             :        4       3        
OOPS_STATS oops::ObsAuxCovariance          :        1       1        
OOPS_STATS oops::ObsAuxIncrement           :      166      88        
OOPS_STATS oops::ObsAuxIncrements          :      166      88        
OOPS_STATS oops::ObsAuxPreconditioner      :        2       2        
OOPS_STATS oops::ObsDataVector             :        4       4        
OOPS_STATS oops::ObsDiagnostics            :        2       1        
OOPS_STATS oops::ObsError                  :        1       1        
OOPS_STATS oops::ObsOperator               :        2       2        
OOPS_STATS oops::ObsSpace                  :        1       1        
OOPS_STATS oops::ObsSpaces                 :        1       1        
OOPS_STATS oops::ObsVector                 :       94       7                0.04        0.23
OOPS_STATS oops::SampledLocations          :        8       4        
OOPS_STATS oops::State                     :       72      34               21.39      702.08
OOPS_STATS oops::UnstructuredInterpolator  :     2400    1600        
OOPS_STATS oops::VariableChange            :        3       1        
OOPS_STATS ufo::BackgroundCheck            :        1       1        
OOPS_STATS ufo::FinalCheck                 :        2       2        
OOPS_STATS ufo::GeoVaLs                    :       81       2        
OOPS_STATS ufo::ObsBias                    :        4       3        
OOPS_STATS ufo::ObsBiasCovariance          :        1       1        
OOPS_STATS ufo::ObsBiasPreconditioner      :        1       1        
OOPS_STATS ufo::ObsFilter                  :        9       6        
OOPS_STATS ufo::ObsFilterData              :        3       3        
OOPS_STATS ufo::ObsVertInterp              :        2       2        
OOPS_STATS ufo::ObsVertInterpTLAD          :        1       1        
OOPS_STATS ufo::SampledLocations           :        4       3        
OOPS_STATS ----------------------------- Object counts --------------------------------------
OOPS_STATS  
OOPS_STATS --------------------------------------------------------------------------------------------
OOPS_STATS ------------------------------------ Timing Statistics -------------------------------------
OOPS_STATS --------------------------------------------------------------------------------------------
OOPS_STATS Name                                                :   total (ms)   count    time/call (ms)
OOPS_STATS ObsFilter::Background Check::ObsFilter              :         0.12       1            0.1211
OOPS_STATS ObsFilter::Background Check::postFilter             :        23.64       1           23.6401
OOPS_STATS ObsFilter::Background Check::preProcess             :         0.00       1            0.0019
OOPS_STATS ObsFilter::Background Check::priorFilter            :         0.01       1            0.0143
OOPS_STATS ObsFilter::Final Check::ObsFilter                   :         0.02       2            0.0079
OOPS_STATS ObsFilter::Final Check::postFilter                  :         0.05       2            0.0238
OOPS_STATS ObsFilter::Final Check::preProcess                  :         0.00       2            0.0003
OOPS_STATS ObsFilter::Final Check::priorFilter                 :         0.01       2            0.0025
OOPS_STATS ObsFilter::QCmanager::ObsFilter                     :         0.26       2            0.1313
OOPS_STATS ObsFilter::QCmanager::postFilter                    :         0.22       2            0.1117
OOPS_STATS ObsFilter::QCmanager::preProcess                    :         0.00       2            0.0001
OOPS_STATS ObsFilter::QCmanager::priorFilter                   :         0.00       2            0.0001
OOPS_STATS ioda::ObsSpace::get_db(DateTime)                    :         1.14       4            0.2849
OOPS_STATS ioda::ObsSpace::get_db(double)                      :         0.31       5            0.0618
OOPS_STATS ioda::ObsSpace::get_db(float)                       :       114.32      12            9.5264
OOPS_STATS ioda::ObsSpace::load                                :       677.73       1          677.7333
OOPS_STATS ioda::ObsSpace::put_db(double)                      :         0.27       6            0.0450
OOPS_STATS ioda::ObsSpace::put_db(float)                       :         0.08       2            0.0383
OOPS_STATS ioda::ObsSpace::put_db(int)                         :         0.42       2            0.2108
OOPS_STATS mpas::LinVarChaModel2GeoVars::LinVarChaModel2GeoVar :         2.99       1            2.9933
OOPS_STATS mpas::LinVarChaModel2GeoVars::changeVarAD           :       932.05      38           24.5275
OOPS_STATS mpas::LinVarChaModel2GeoVars::changeVarTL           :       133.96      37            3.6205
OOPS_STATS mpas::LinVarChaModel2GeoVars::~LinVarChaModel2GeoVa :         0.03       1            0.0311
OOPS_STATS mpas::VarChaModel2GeoVars::VarChaModel2GeoVars      :         0.04       3            0.0132
OOPS_STATS mpas::VarChaModel2GeoVars::changeVar                :        12.95       3            4.3182
OOPS_STATS mpas::VarChaModel2GeoVars::~VarChaModel2GeoVars     :         0.00       3            0.0013
OOPS_STATS oops::Covariance::EnsembleCovariance                :     72815.12       1        72815.1245
OOPS_STATS oops::Covariance::ensemble::Constructor             :         0.01       1            0.0100
OOPS_STATS oops::Covariance::ensemble::multiply                :    215217.39      38         5663.6156
OOPS_STATS oops::Diffusion::Diffusion                          :         0.00       1            0.0001
OOPS_STATS oops::Diffusion::calculateDerivedGeom               :         1.95       1            1.9503
OOPS_STATS oops::Diffusion::multiplySqrtAD                     :     52304.90    1140           45.8815
OOPS_STATS oops::Diffusion::multiplySqrtTL                     :     44057.23    1140           38.6467
OOPS_STATS oops::Diffusion::setParameters                      :         7.37       1            7.3734
OOPS_STATS oops::GeoVaLs::GeoVaLs                              :        18.97      78            0.2432
OOPS_STATS oops::GeoVaLs::fill                                 :        25.92   27047            0.0010
OOPS_STATS oops::GeoVaLs::fillAD                               :        19.51   23902            0.0008
OOPS_STATS oops::GeoVaLs::~GeoVaLs                             :         0.42      78            0.0054
OOPS_STATS oops::Geometry::Geometry                            :     55428.87       2        27714.4336
OOPS_STATS oops::Geometry::variableSizes                       :         3.95      11            0.3589
OOPS_STATS oops::Geometry::~Geometry                           :       489.40       2          244.6995
OOPS_STATS oops::GeometryData::containingTriangleAndBarycentri :        48.42   20604            0.0024
OOPS_STATS oops::GeometryData::setGlobalTree                   :      1816.59       2          908.2973
OOPS_STATS oops::GeometryData::setLocalTree                    :         3.19       2            1.5957
OOPS_STATS oops::GeometryData::setMeshAndTriangulation         :         0.53       2            0.2634
OOPS_STATS oops::GetValues::GetValues                          :       300.20       3          100.0656
OOPS_STATS oops::GetValues::fillGeoVaLs                        :       468.12       3          156.0387
OOPS_STATS oops::GetValues::fillGeoVaLsAD                      :       101.77      38            2.6781
OOPS_STATS oops::GetValues::fillGeoVaLsTL                      :       648.75      37           17.5338
OOPS_STATS oops::GetValues::finalize                           :        11.28       3            3.7600
OOPS_STATS oops::GetValues::finalizeAD                         :       568.84      38           14.9696
OOPS_STATS oops::GetValues::finalizeTL                         :        99.86      37            2.6990
OOPS_STATS oops::GetValues::initialize                         :         2.39       3            0.7957
OOPS_STATS oops::GetValues::initializeAD                       :         4.54      38            0.1195
OOPS_STATS oops::GetValues::initializeTL                       :        19.56      37            0.5286
OOPS_STATS oops::GetValues::process                            :        17.52       3            5.8409
OOPS_STATS oops::GetValues::processAD                          :       115.41      38            3.0370
OOPS_STATS oops::GetValues::processTL                          :       125.01      37            3.3787
OOPS_STATS oops::Increment::Increment                          :     30337.00    2628           11.5438
OOPS_STATS oops::Increment::axpy                               :      4753.84     777            6.1182
OOPS_STATS oops::Increment::diff                               :       341.99      33           10.3633
OOPS_STATS oops::Increment::dot_product_with                   :      6847.71     855            8.0090
OOPS_STATS oops::Increment::fromFieldSet                       :     10060.92    1178            8.5407
OOPS_STATS oops::Increment::operator*=                         :       241.40     112            2.1553
OOPS_STATS oops::Increment::operator+=                         :     11469.90    1319            8.6959
OOPS_STATS oops::Increment::operator+=(State, Increment)       :        45.84       1           45.8438
OOPS_STATS oops::Increment::operator-=                         :        92.45      30            3.0816
OOPS_STATS oops::Increment::operator=                          :      7142.35    1454            4.9122
OOPS_STATS oops::Increment::print                              :     21166.31    1147           18.4536
OOPS_STATS oops::Increment::schur_product_with                 :     12587.23    2280            5.5207
OOPS_STATS oops::Increment::serialSize                         :         5.20     166            0.0313
OOPS_STATS oops::Increment::toFieldSet                         :      9882.07    1215            8.1334
OOPS_STATS oops::Increment::zero                               :       141.85     115            1.2335
OOPS_STATS oops::Increment::~Increment                         :       156.54    2628            0.0596
OOPS_STATS oops::LinearObsOper::refl10cm::LinearObsOperator    :         4.03       1            4.0306
OOPS_STATS oops::LinearObsOper::refl10cm::requiredVars         :         0.08      77            0.0011
OOPS_STATS oops::LinearObsOper::refl10cm::setTrajectory        :       142.89       1          142.8940
OOPS_STATS oops::LinearObsOper::refl10cm::simulateObsAD        :         2.96      38            0.0778
OOPS_STATS oops::LinearObsOper::refl10cm::simulateObsTL        :         5.83      37            0.1576
OOPS_STATS oops::LinearObsOper::refl10cm::~LinearObsOperator   :         0.03       1            0.0305
OOPS_STATS oops::LinearVariableChange::LinearVariableChange    :         0.04       1            0.0350
OOPS_STATS oops::LinearVariableChange::changeVarAD             :      1623.63      38           42.7272
OOPS_STATS oops::LinearVariableChange::changeVarTL             :       663.62      37           17.9357
OOPS_STATS oops::LinearVariableChange::changeVarTraj           :         3.00       1            3.0039
OOPS_STATS oops::LinearVariableChange::~LinearVariableChange   :         0.40       1            0.3980
OOPS_STATS oops::LocalInterpolator::LocalInterpolator          :        56.05    2400            0.0234
OOPS_STATS oops::LocalInterpolator::apply                      :        16.22    2400            0.0068
OOPS_STATS oops::LocalInterpolator::applyAD                    :       100.03   30400            0.0033
OOPS_STATS oops::LocalInterpolator::applyTL                    :       109.91   29600            0.0037
OOPS_STATS oops::LocalInterpolator::preprocess                 :      1305.58      40           32.6394
OOPS_STATS oops::LocalInterpolator::preprocessAD               :        72.04      38            1.8959
OOPS_STATS oops::LocalInterpolator::~LocalInterpolator         :         1.53    2400            0.0006
OOPS_STATS oops::Localization::Localization                    :      7646.47       1         7646.4728
OOPS_STATS oops::Localization::multiply                        :    170186.73    1140          149.2866
OOPS_STATS oops::Localization::~Localization                   :         0.35       1            0.3491
OOPS_STATS oops::ModelAuxControl::ModelAuxControl              :         0.01       4            0.0036
OOPS_STATS oops::ModelAuxControl::print                        :         0.00       3            0.0003
OOPS_STATS oops::ModelAuxControl::~ModelAuxControl             :         0.00       4            0.0008
OOPS_STATS oops::ModelAuxCovariance::ModelAuxCovariance        :         0.00       1            0.0023
OOPS_STATS oops::ModelAuxCovariance::linearize                 :         0.00       1            0.0001
OOPS_STATS oops::ModelAuxCovariance::multiply                  :         0.01      38            0.0002
OOPS_STATS oops::ModelAuxCovariance::~ModelAuxCovariance       :         0.00       1            0.0006
OOPS_STATS oops::ModelAuxIncrement::ModelAuxIncrement          :         0.15     166            0.0009
OOPS_STATS oops::ModelAuxIncrement::axpy                       :         0.28     777            0.0004
OOPS_STATS oops::ModelAuxIncrement::diff                       :         0.00       3            0.0002
OOPS_STATS oops::ModelAuxIncrement::dot_product_with           :         0.19     855            0.0002
OOPS_STATS oops::ModelAuxIncrement::operator*=                 :         0.03      73            0.0004
OOPS_STATS oops::ModelAuxIncrement::operator+=                 :         0.05     111            0.0005
OOPS_STATS oops::ModelAuxIncrement::operator+=ModelAuxControl  :         0.00       1            0.0001
OOPS_STATS oops::ModelAuxIncrement::operator=                  :         0.02      41            0.0004
OOPS_STATS oops::ModelAuxIncrement::print                      :         0.01       7            0.0012
OOPS_STATS oops::ModelAuxIncrement::serialSize                 :         0.01     166            0.0001
OOPS_STATS oops::ModelAuxIncrement::zero                       :         0.01      38            0.0003
OOPS_STATS oops::ModelAuxIncrement::~ModelAuxIncrement         :         0.03     166            0.0002
OOPS_STATS oops::ObsAuxControl::ObsAuxControl                  :         0.19       4            0.0484
OOPS_STATS oops::ObsAuxControl::print                          :         0.00       3            0.0007
OOPS_STATS oops::ObsAuxControl::requiredHdiagnostics           :         0.00       2            0.0001
OOPS_STATS oops::ObsAuxControl::requiredVars                   :         0.00       6            0.0002
OOPS_STATS oops::ObsAuxControl::write                          :         0.48       1            0.4767
OOPS_STATS oops::ObsAuxControl::~ObsAuxControl                 :         0.01       4            0.0015
OOPS_STATS oops::ObsAuxCovariance::ObsAuxCovariance            :         0.10       1            0.0972
OOPS_STATS oops::ObsAuxCovariance::inverseMultiply             :         0.05      38            0.0014
OOPS_STATS oops::ObsAuxCovariance::linearize                   :         0.34       1            0.3431
OOPS_STATS oops::ObsAuxCovariance::multiply                    :         0.25      38            0.0067
OOPS_STATS oops::ObsAuxCovariance::preconditioner              :         0.02       1            0.0220
OOPS_STATS oops::ObsAuxCovariance::write                       :         0.02       1            0.0212
OOPS_STATS oops::ObsAuxCovariance::~ObsAuxCovariance           :         0.00       1            0.0017
OOPS_STATS oops::ObsAuxIncrement::ObsAuxIncrement              :         1.31     166            0.0079
OOPS_STATS oops::ObsAuxIncrement::axpy                         :         0.86     777            0.0011
OOPS_STATS oops::ObsAuxIncrement::diff                         :         0.02       3            0.0062
OOPS_STATS oops::ObsAuxIncrement::dot_product_with             :         0.63     855            0.0007
OOPS_STATS oops::ObsAuxIncrement::operator*=                   :         0.13      73            0.0017
OOPS_STATS oops::ObsAuxIncrement::operator+=                   :         0.19     111            0.0017
OOPS_STATS oops::ObsAuxIncrement::operator=                    :         0.05      41            0.0012
OOPS_STATS oops::ObsAuxIncrement::print                        :         0.01       7            0.0008
OOPS_STATS oops::ObsAuxIncrement::serialSize                   :         0.01     332            0.0000
OOPS_STATS oops::ObsAuxIncrement::zero                         :         0.05      38            0.0014
OOPS_STATS oops::ObsAuxIncrement::~ObsAuxIncrement             :         0.33     166            0.0020
OOPS_STATS oops::ObsAuxPreconditioner::multiply                :         7.19      38            0.1892
OOPS_STATS oops::ObsAuxPreconditioner::~ObsAuxPreconditioner   :         0.00       2            0.0009
OOPS_STATS oops::ObsDataVector::ObsDataVector                  :         0.38       4            0.0948
OOPS_STATS oops::ObsDataVector::mask                           :         0.01       2            0.0041
OOPS_STATS oops::ObsDataVector::operator=                      :         0.10       2            0.0512
OOPS_STATS oops::ObsDataVector::print                          :         1.07       2            0.5356
OOPS_STATS oops::ObsDataVector::save                           :         0.52       4            0.1291
OOPS_STATS oops::ObsDataVector::~ObsDataVector                 :         0.14       4            0.0361
OOPS_STATS oops::ObsDiagnostics::ObsDiagnostics                :         0.07       2            0.0349
OOPS_STATS oops::ObsDiagnostics::~ObsDiagnostics               :         0.02       2            0.0076
OOPS_STATS oops::ObsError::getRMSE                             :         0.69       4            0.1736
OOPS_STATS oops::ObsError::inverseMultiply                     :         0.36      39            0.0093
OOPS_STATS oops::ObsError::obserrors                           :         0.04       6            0.0064
OOPS_STATS oops::ObsError::update                              :        15.77       2            7.8859
OOPS_STATS oops::ObsError::~ObsError                           :         8.74       1            8.7389
OOPS_STATS oops::ObsOperator::refl10cm::ObsOperator            :        33.01       2           16.5039
OOPS_STATS oops::ObsOperator::refl10cm::computeReducedVars     :         0.08       3            0.0272
OOPS_STATS oops::ObsOperator::refl10cm::locations              :         1.40       3            0.4674
OOPS_STATS oops::ObsOperator::refl10cm::requiredVars           :         0.00       3            0.0010
OOPS_STATS oops::ObsOperator::refl10cm::simulateObs            :         1.24       2            0.6218
OOPS_STATS oops::ObsOperator::refl10cm::~ObsOperator           :         0.03       2            0.0127
OOPS_STATS oops::ObsSpace::ObsSpace                            :       688.66       1          688.6606
OOPS_STATS oops::ObsSpace::obsvariables                        :         0.00       3            0.0001
OOPS_STATS oops::ObsSpace::save                                :      2859.11       1         2859.1064
OOPS_STATS oops::ObsSpace::~ObsSpace                           :         0.92       1            0.9210
OOPS_STATS oops::ObsVector::ObsVector                          :         1.04      92            0.0114
OOPS_STATS oops::ObsVector::dot_product                        :         0.37       4            0.0925
OOPS_STATS oops::ObsVector::info                               :         1.51       6            0.2513
OOPS_STATS oops::ObsVector::operator*=                         :         0.01       2            0.0051
OOPS_STATS oops::ObsVector::operator-=                         :         0.02       2            0.0114
OOPS_STATS oops::ObsVector::operator=                          :         0.40       4            0.1004
OOPS_STATS oops::ObsVector::rms                                :         0.34       4            0.0841
OOPS_STATS oops::ObsVector::save                               :         0.30       6            0.0495
OOPS_STATS oops::ObsVector::zero                               :         0.04      39            0.0009
OOPS_STATS oops::ObsVector::~ObsVector                         :         0.24      92            0.0026
OOPS_STATS oops::Parameters::deserialize                       :        21.46      97            0.2213
OOPS_STATS oops::Parameters::serialize                         :         2.18      80            0.0272
OOPS_STATS oops::Run::execute                                  :    394977.99       1       394977.9945
OOPS_STATS oops::SampledLocations::SampledLocations            :         0.00       4            0.0002
OOPS_STATS oops::SampledLocations::latitudes                   :         0.00       3            0.0002
OOPS_STATS oops::SampledLocations::longitudes                  :         0.00       3            0.0000
OOPS_STATS oops::SampledLocations::times                       :         0.00       3            0.0000
OOPS_STATS oops::SampledLocations::~SampledLocations           :        16.29       8            2.0360
OOPS_STATS oops::State::State                                  :     66842.65      72          928.3701
OOPS_STATS oops::State::print                                  :       118.91       3           39.6359
OOPS_STATS oops::State::toFieldSet                             :        18.86       5            3.7711
OOPS_STATS oops::State::variables                              :         0.00      58            0.0000
OOPS_STATS oops::State::write                                  :     19355.48       1        19355.4787
OOPS_STATS oops::State::zero                                   :        57.24      30            1.9080
OOPS_STATS oops::State::~State                                 :         8.37      72            0.1162
OOPS_STATS oops::UnstructuredInterpolator::UnstructuredInterpo :        54.97    2400            0.0229
OOPS_STATS oops::UnstructuredInterpolator::apply               :       117.16   32000            0.0037
OOPS_STATS oops::UnstructuredInterpolator::applyAD             :        71.56   30400            0.0024
OOPS_STATS oops::VariableChange::VariableChange                :         0.30       3            0.1012
OOPS_STATS oops::VariableChange::changeVar                     :        20.09       3            6.6967
OOPS_STATS oops::VariableChange::~VariableChange               :         0.02       3            0.0050
OOPS_STATS oops::util::FieldSetHelpers::readFieldSet           :      7597.41       2         3798.7068
OOPS_STATS saber::Localization::Localization                   :      7646.46       1         7646.4571
OOPS_STATS saber::Localization::multiply                       :    158309.41    1140          138.8679
OOPS_STATS saber::Localization::~Localization                  :         0.00       1            0.0001
OOPS_STATS ufo::ObsFilter::ObsFilter                           :         0.40       5            0.0808
OOPS_STATS ufo::ObsFilter::checkFilterData                     :         0.01      15            0.0004
OOPS_STATS ufo::ObsFilter::postFilter                          :        23.92       5            4.7833
OOPS_STATS ufo::ObsFilter::preProcess                          :         0.01       5            0.0012
OOPS_STATS ufo::ObsFilter::priorFilter                         :         0.03       5            0.0051
OOPS_STATS ufo::ObsFilter::~ObsFilter                          :        35.79       9            3.9766
OOPS_STATS util::Timers::measured                              :    394575.24       1       394575.2440
OOPS_STATS ------------------------------------ Timing Statistics -------------------------------------

OOPS_STATS ------------------------------------------------------------------------------------------------------------------
OOPS_STATS ---------------------------------- Parallel Timing Statistics ( 800 MPI tasks) -----------------------------------
OOPS_STATS ------------------------------------------------------------------------------------------------------------------
OOPS_STATS Name                                                :     min (ms)    max (ms)    avg (ms)     % total   imbal (%)
OOPS_STATS oops::Covariance::EnsembleCovariance                :     72814.29    72815.42    72814.87       18.44        0.00
OOPS_STATS oops::Covariance::ensemble::multiply                :    214778.86   215368.74   215134.42       54.47        0.27
OOPS_STATS oops::Diffusion::multiplySqrtAD                     :     51404.51    53833.40    52391.41       13.26        4.64
OOPS_STATS oops::Diffusion::multiplySqrtTL                     :     41037.03    49277.72    43947.14       11.13       18.75
OOPS_STATS oops::Geometry::Geometry                            :     54351.22    55619.56    55530.44       14.06        2.28
OOPS_STATS oops::Geometry::~Geometry                           :       446.18      727.26      565.66        0.14       49.69
OOPS_STATS oops::GeometryData::setGlobalTree                   :      1816.59     1964.37     1892.10        0.48        7.81
OOPS_STATS oops::GetValues::fillGeoVaLs                        :        33.59      477.94      416.03        0.11      106.81
OOPS_STATS oops::GetValues::fillGeoVaLsTL                      :       268.52      905.41      575.61        0.15      110.65
OOPS_STATS oops::GetValues::finalizeAD                         :       537.72      974.94      600.21        0.15       72.84
OOPS_STATS oops::Increment::Increment                          :     21060.81    32096.88    23322.56        5.90       47.32
OOPS_STATS oops::Increment::axpy                               :      4058.21     5105.02     4656.95        1.18       22.48
OOPS_STATS oops::Increment::dot_product_with                   :      6439.10     8126.96     7254.27        1.84       23.27
OOPS_STATS oops::Increment::fromFieldSet                       :      8617.81    13118.75     9628.54        2.44       46.75
OOPS_STATS oops::Increment::operator+=                         :      8303.65    11568.92     9362.40        2.37       34.88
OOPS_STATS oops::Increment::operator=                          :      3658.01     8086.78     5157.57        1.31       85.87
OOPS_STATS oops::Increment::print                              :     14538.53    40392.49    33594.16        8.51       76.96
OOPS_STATS oops::Increment::schur_product_with                 :      7560.92    15158.70    10736.06        2.72       70.77
OOPS_STATS oops::Increment::toFieldSet                         :      7996.20    15391.03     9947.60        2.52       74.34
OOPS_STATS oops::LinearVariableChange::changeVarAD             :      1030.10     2118.29     1622.02        0.41       67.09
OOPS_STATS oops::LinearVariableChange::changeVarTL             :       287.77     1284.95     1027.13        0.26       97.08
OOPS_STATS oops::LocalInterpolator::preprocess                 :        90.91     1727.75     1337.50        0.34      122.38
OOPS_STATS oops::Localization::Localization                    :      7622.02     7866.68     7693.43        1.95        3.18
OOPS_STATS oops::Localization::multiply                        :    166942.53   188319.63   180321.35       45.65       11.86
OOPS_STATS oops::ObsSpace::ObsSpace                            :       628.56      702.63      669.27        0.17       11.07
OOPS_STATS oops::ObsSpace::save                                :      2627.54     2870.16     2776.34        0.70        8.74
OOPS_STATS oops::State::State                                  :     66672.25    67014.05    66795.16       16.91        0.51
OOPS_STATS oops::State::write                                  :     18197.89    19438.65    19362.70        4.90        6.41
OOPS_STATS oops::util::FieldSetHelpers::readFieldSet           :      7420.33     7630.25     7479.17        1.89        2.81
OOPS_STATS saber::Localization::Localization                   :      7622.00     7866.67     7693.42        1.95        3.18
OOPS_STATS saber::Localization::multiply                       :    154626.27   175251.68   170660.10       43.21       12.09
OOPS_STATS util::Timers::measured                              :    394525.68   394768.51   394659.23       99.92        0.06
OOPS_STATS oops::Run::execute                                  :    394859.34   395158.58   394970.44      100.00        0.08
OOPS_STATS ---------------------------------- Parallel Timing Statistics ( 800 MPI tasks) -----------------------------------

OOPS_STATS Run end                                  - Runtime:    396.41 sec,  Memory: total:  4029.57 GB, per task: min =     4.73 GB, max =     7.26 GB
Run: Finishing oops::Variational<MPAS, UFO and IODA observations> with status = 0
OOPS Ending   2026-05-30 14:28:54 (UTC+0000)
