Configuration input file is: jedivar.pass2.yaml
Full configuration is:YAMLConfiguration[path=jedivar.pass2.yaml, root={_member => {date => 2026-05-31T16:00:00Z , state variables => (water_vapor_mixing_ratio_wrt_moist_air,air_pressure_at_surface,air_temperature,northward_wind,eastward_wind,cloud_liquid_water,cloud_liquid_ice,rain_water,snow_water,graupel,equivalent_reflectivity_factor,upward_air_velocity) , stream name => ensemble} , output => {filename => mpasout.nc , stream name => analysis} , variational => {minimizer => {algorithm => DRPCG} , iterations => ({geometry => {nml_file => ./namelist.atmosphere , streams_file => ./streams.atmosphere , deallocate non-da fields => true , interpolation type => unstructured} , gradient norm reduction => 0.001 , ninner => 75})} , cost function => {cost type => 3D-Var , time window => {begin => 2026-05-31T14:00:00Z , length => PT4H} , jb evaluation => false , geometry => {nml_file => ./namelist.atmosphere , streams_file => ./streams.atmosphere , deallocate non-da fields => true , interpolation type => unstructured} , analysis variables => (water_vapor_mixing_ratio_wrt_moist_air,air_pressure_at_surface,air_temperature,northward_wind,eastward_wind,cloud_liquid_water,cloud_liquid_ice,rain_water,snow_water,graupel,equivalent_reflectivity_factor,upward_air_velocity) , background => {state variables => (water_vapor_mixing_ratio_wrt_moist_air,air_pressure_at_surface,air_temperature,northward_wind,eastward_wind,air_potential_temperature,dry_air_density,u,water_vapor_mixing_ratio_wrt_dry_air,air_pressure,landmask,seaice_fraction,snowc,skin_temperature_at_surface,ivgtyp,isltyp,snowh,vegetation_area_fraction,air_temperature_at_2m,water_vapor_mixing_ratio_wrt_moist_air_at_2m,eastward_wind_at_10m,northward_wind_at_10m,lai,smois,tslb,pressure_p,cloud_liquid_water,cloud_liquid_ice,graupel,rain_water,snow_water,cldfrac,equivalent_reflectivity_factor,w,upward_air_velocity) , filename => mpasout.nc , date => 2026-05-31T16:00:00Z} , background error => {covariance model => ensemble , localization => {localization method => SABER , saber central block => {saber block name => diffusion , active variables => (water_vapor_mixing_ratio_wrt_moist_air,air_pressure_at_surface,air_temperature,northward_wind,eastward_wind,cloud_liquid_water,cloud_liquid_ice,rain_water,snow_water,graupel,equivalent_reflectivity_factor,upward_air_velocity) , read => {groups => ({variables => (water_vapor_mixing_ratio_wrt_moist_air,air_pressure_at_surface,air_temperature,northward_wind,eastward_wind,cloud_liquid_water,cloud_liquid_ice,rain_water,snow_water,graupel,equivalent_reflectivity_factor,upward_air_velocity) , multivariate strategy => duplicated , horizontal => {filepath => data/diffusionloc/mpas_conus3km.diffusion_hz} , vertical => {levels => 59 , filepath => data/diffusionloc/mpas_conus3km.diffusion_vt}})}}} , members from template => {template => {date => 2026-05-31T16:00:00Z , state variables => (water_vapor_mixing_ratio_wrt_moist_air,air_pressure_at_surface,air_temperature,northward_wind,eastward_wind,cloud_liquid_water,cloud_liquid_ice,rain_water,snow_water,graupel,equivalent_reflectivity_factor,upward_air_velocity) , stream name => ensemble , filename => ./data/ens/mem%iMember%.nc} , pattern => %iMember% , start => 1 , zero padding => 3 , nmembers => 30}} , observations => {observers => ({obs space => {name => refl10cm , distribution => {name => RoundRobin , halo size => 500000} , obsdatain => {engine => {type => H5File , obsfile => data/obs/ioda_mrms_refl.nc , missing file action => warn}} , obsdataout => {engine => {type => H5File , allow overwrite => true , obsfile => jdiag_mrms_refl.nc}} , io pool => {write multiple files => false} , _source => mrms , simulated variables => (equivalentReflectivityFactor)} , obs operator => {name => VertInterp , vertical coordinate => height_above_mean_sea_level , observation vertical coordinate => height , interpolation method => linear , observation alias file => obsop_name_map.yaml} , obs localizations => ({localization method => Horizontal Gaspari-Cohn , lengthscale => 200000}) , _obsname => refl10cm , obs filters => ({filter => Background Check , filter variables => ({name => equivalentReflectivityFactor}) , threshold => 12 , action => {name => reject}})})}}}]
OOPS_STATS ObjectCountHelper started.
OOPS_STATS Run start                                - Runtime:      1.25 sec,  Memory: total:   104.39 GB, per task: min =   128.97 MB, max =   130.55 MB
Run: Starting oops::Variational<MPAS, UFO and IODA observations>
OOPS_STATS Variational start                        - Runtime:     1.25 sec,  Local Memory:   130.55 MB
==> create geom
atlas::mpi::push(world)
Increase halo 1
atlas::mpi::pop(world)
atlas::mpi::push(world)
atlas::mpi::pop(world)
atlas::mpi::push(world)
atlas::mpi::pop(world)
atlas::mpi::push(world)
atlas::mpi::pop(world)
refl10cm: read database from data/obs/ioda_mrms_refl.nc (io pool size: 800)
refl10cm processed vars: 1 Variables: equivalentReflectivityFactor
refl10cm assimilated vars: 1 Variables: equivalentReflectivityFactor
refl10cm: 0 observations are outside of time window out of 3874763
refl10cm: 0 observations were rejected by QC checks out of 3874763
No bias-correction is performed for this ObsSpace.
3DVar window: TimeWindow: start = 2026-05-31T14:00:00Z, end = 2026-05-31T18:00:00Z, inclusive upper bound.

OOPS_STATS IncrementalAssimilation start            - Runtime:    31.45 sec,  Local Memory:     2.50 GB
Running incremental assimilation with 1 outer iterations.
Minimizer algorithm=DRPCG
QNewtonLMP: maxouter : 1
IncrementalAssimilation: Configuration for outer iteration 0:
LocalConfiguration[root={geometry => {nml_file => ./namelist.atmosphere , streams_file => ./streams.atmosphere , deallocate non-da fields => true , interpolation type => unstructured} , gradient norm reduction => 0.001 , ninner => 75 , iteration => 0 , total iterations => 1}]
OOPS_STATS IncrementalAssimilation iteration 0      - Runtime:    31.45 sec,  Local Memory:     2.50 GB
==> create geom
atlas::mpi::push(world)
Increase halo 1
atlas::mpi::pop(world)
atlas::mpi::push(world)
atlas::mpi::pop(world)
atlas::mpi::push(world)
atlas::mpi::pop(world)
atlas::mpi::push(world)
atlas::mpi::pop(world)
Key "mesh[address=0x4529c30],halo[size=1]" not found in cache "NodeColumnsHaloExchangeCache" , creating new, removable with key "mesh[address=0x4529c30],halo[size=1]"
Key "mesh[address=0x69f0610],halo[size=1]" not found in cache "NodeColumnsHaloExchangeCache" , creating new, removable with key "mesh[address=0x69f0610],halo[size=1]"
processWhere: selected 0 obs.
BackgroundCheck obserr: 
refl10cm equivalentReflectivityFactor nlocs = 3874763, nobs = 3874763, min = 5, max = 5, avg = 5
processing a float: 12
ObsErrorDiagonal covariance updated 3742897
Observer::finalize QC = 
refl10cm equivalentReflectivityFactor nlocs = 3874763, nobs = 3874763, min = 0, max = 15, avg = 0
CostJo Observations: 
refl10cm nobs= 3874763 Min=0, Max=55.7054, RMS=3.89784

Jo Observations:
Jo Obs :refl10cm:equivalentReflectivityFactor   : Nobs=  3742897, Min= 0.000000e+00, Max= 5.570542e+01, RMS= 3.762893e+00
Jo Observations Equivalent:
Jo H(x):refl10cm:equivalentReflectivityFactor   : Nobs=  3742897, Min= 0.000000e+00, Max= 4.438759e+01, RMS= 2.890988e+00
Jo Bias Corrected Departures:
Jo Dep :refl10cm:equivalentReflectivityFactor   : Nobs=  3742897, Min=-5.570542e+01, Max= 4.286995e+01, RMS= 3.625062e+00
Jo Observations Errors:
UFO Diagonal observation error covariance, inverse variances: refl10cm nobs= 3742897 Min=0.04, Max=0.04, RMS=0.04



CostJo   : Nonlinear Jo(refl10cm) = 983714, nobs = 3742897, Jo/n = 0.262821, err = 5
CostJo   : Nonlinear Jo = 983714
Increment:diff x1 4
Increment:diff x2 35
Increment:diff x1 5
Increment:diff x2 36
Increment:diff x1 6
Increment:diff x2 37
Increment:diff x1 7
Increment:diff x2 38
Increment:diff x1 8
Increment:diff x2 39
Increment:diff x1 9
Increment:diff x2 40
Increment:diff x1 10
Increment:diff x2 41
Increment:diff x1 11
Increment:diff x2 42
Increment:diff x1 12
Increment:diff x2 43
Increment:diff x1 13
Increment:diff x2 44
Increment:diff x1 14
Increment:diff x2 45
Increment:diff x1 15
Increment:diff x2 46
Increment:diff x1 16
Increment:diff x2 47
Increment:diff x1 17
Increment:diff x2 48
Increment:diff x1 18
Increment:diff x2 49
Increment:diff x1 19
Increment:diff x2 50
Increment:diff x1 20
Increment:diff x2 51
Increment:diff x1 21
Increment:diff x2 52
Increment:diff x1 22
Increment:diff x2 53
Increment:diff x1 23
Increment:diff x2 54
Increment:diff x1 24
Increment:diff x2 55
Increment:diff x1 25
Increment:diff x2 56
Increment:diff x1 26
Increment:diff x2 57
Increment:diff x1 27
Increment:diff x2 58
Increment:diff x1 28
Increment:diff x2 59
Increment:diff x1 29
Increment:diff x2 60
Increment:diff x1 30
Increment:diff x2 61
Increment:diff x1 31
Increment:diff x2 62
Increment:diff x1 32
Increment:diff x2 63
Increment:diff x1 33
Increment:diff x2 64
Info     : Prepare ensemble configuration
Info     : Read full ensemble
Info     : Creating central block: 
Info     : SaberCentralBlock using multivariate strategy: deprecated
Info     : Creating single central block.
Info     : Read data

==================================================================================
 saber::Diffusion read
----------------------------------------------------------------------------------

group 1 of 1
atlas::mpi::push(world)
atlas::mpi::pop(world)
variables: [water_vapor_mixing_ratio_wrt_moist_air,air_pressure_at_surface,air_temperature,northward_wind,eastward_wind,cloud_liquid_water,cloud_liquid_ice,rain_water,snow_water,graupel,equivalent_reflectivity_factor,upward_air_velocity]
multivariate strategy: duplicated
Reading horizontal parameters
  levels: 1
Key "mesh[address=0x69f0610]" not found in cache "NodeColumnsGatherScatterCache" , creating new, removable with key "mesh[address=0x69f0610]"
  Info     : Reading file: data/diffusionloc/mpas_conus3km.diffusion_hz.nc
atlas::mpi::push(world)
atlas::mpi::pop(world)
  hzScales:  min: 4087.19  mean: 4087.19  max: 4087.19
  hzNorm:    min: 2.4414  mean: 3.71484  max: 4.05626
Reading vertical parameters
  levels: 59
  vertical strategy: normal
  Info     : Reading file: data/diffusionloc/mpas_conus3km.diffusion_vt.nc
atlas::mpi::push(world)
atlas::mpi::pop(world)
  vtScales:  min: 11  mean: 11  max: 11
  vtNorm:    min: 3.7178  mean: 4.83632  max: 5.25235
Diffusion: horizontal iterations: 6
Diffusion: vertical iterations: 242
Increment:diff x1 2
Increment:diff x2 1
==================================================================================

CostJb: FG-BG
  Valid time: 2026-05-31T16:00:00Z
  Resolution: nCellsGlobal = 2341818, nFields = 12
Fld=1  Min=0, Max=0, RMS=0 : water_vapor_mixing_ratio_wrt_moist_air
Fld=2  Min=0, Max=0, RMS=0 : air_pressure_at_surface
Fld=3  Min=0, Max=0, RMS=0 : air_temperature
Fld=4  Min=0, Max=0, RMS=0 : northward_wind
Fld=5  Min=0, Max=0, RMS=0 : eastward_wind
Fld=6  Min=0, Max=0, RMS=0 : cloud_liquid_water
Fld=7  Min=0, Max=0, RMS=0 : cloud_liquid_ice
Fld=8  Min=0, Max=0, RMS=0 : rain_water
Fld=9  Min=0, Max=0, RMS=0 : snow_water
Fld=10  Min=0, Max=0, RMS=0 : graupel
Fld=11  Min=0, Max=0, RMS=0 : equivalent_reflectivity_factor
Fld=12  Min=0, Max=0, RMS=0 : upward_air_velocity
Increment:diff x1 2
Increment:diff x2 1
CostJb: FG-BG
  Valid time: 2026-05-31T16:00:00Z
  Resolution: nCellsGlobal = 2341818, nFields = 12
Fld=1  Min=0, Max=0, RMS=0 : water_vapor_mixing_ratio_wrt_moist_air
Fld=2  Min=0, Max=0, RMS=0 : air_pressure_at_surface
Fld=3  Min=0, Max=0, RMS=0 : air_temperature
Fld=4  Min=0, Max=0, RMS=0 : northward_wind
Fld=5  Min=0, Max=0, RMS=0 : eastward_wind
Fld=6  Min=0, Max=0, RMS=0 : cloud_liquid_water
Fld=7  Min=0, Max=0, RMS=0 : cloud_liquid_ice
Fld=8  Min=0, Max=0, RMS=0 : rain_water
Fld=9  Min=0, Max=0, RMS=0 : snow_water
Fld=10  Min=0, Max=0, RMS=0 : graupel
Fld=11  Min=0, Max=0, RMS=0 : equivalent_reflectivity_factor
Fld=12  Min=0, Max=0, RMS=0 : upward_air_velocity
CostFunction: Nonlinear J = 983714
OOPS_STATS IncrementalAssimilation linearize 0      - Runtime:   131.92 sec,  Local Memory:     7.26 GB

DRPCGMinimizer: max iter = 75, requested norm reduction = 0.001
CostFunction::computeGradientFG: gradient:
  Valid time: 2026-05-31T16:00:00Z
  Resolution: nCellsGlobal = 2341818, nFields = 12
Fld=1  Min=0, Max=0, RMS=0 : water_vapor_mixing_ratio_wrt_moist_air
Fld=2  Min=0, Max=0, RMS=0 : air_pressure_at_surface
Fld=3  Min=0, Max=0, RMS=0 : air_temperature
Fld=4  Min=0, Max=0, RMS=0 : northward_wind
Fld=5  Min=0, Max=0, RMS=0 : eastward_wind
Fld=6  Min=0, Max=0, RMS=0 : cloud_liquid_water
Fld=7  Min=0, Max=0, RMS=0 : cloud_liquid_ice
Fld=8  Min=0, Max=0, RMS=0 : rain_water
Fld=9  Min=0, Max=0, RMS=0 : snow_water
Fld=10  Min=0, Max=0, RMS=0 : graupel
Fld=11  Min=-1.55926, Max=1.31553, RMS=0.0139054 : equivalent_reflectivity_factor
Fld=12  Min=0, Max=0, RMS=0 : upward_air_velocity
DRPCGMinimizer rhs
  Valid time: 2026-05-31T16:00:00Z
  Resolution: nCellsGlobal = 2341818, nFields = 12
Fld=1  Min=-0, Max=-0, RMS=0 : water_vapor_mixing_ratio_wrt_moist_air
Fld=2  Min=-0, Max=-0, RMS=0 : air_pressure_at_surface
Fld=3  Min=-0, Max=-0, RMS=0 : air_temperature
Fld=4  Min=-0, Max=-0, RMS=0 : northward_wind
Fld=5  Min=-0, Max=-0, RMS=0 : eastward_wind
Fld=6  Min=-0, Max=-0, RMS=0 : cloud_liquid_water
Fld=7  Min=-0, Max=-0, RMS=0 : cloud_liquid_ice
Fld=8  Min=-0, Max=-0, RMS=0 : rain_water
Fld=9  Min=-0, Max=-0, RMS=0 : snow_water
Fld=10  Min=-0, Max=-0, RMS=0 : graupel
Fld=11  Min=-1.31553, Max=1.55926, RMS=0.0139054 : equivalent_reflectivity_factor
Fld=12  Min=-0, Max=-0, RMS=0 : upward_air_velocity
Initial RHS squared norm = 26716
OOPS_STATS DRPCG start                              - Runtime:   132.08 sec,  Local Memory:     7.26 GB
normr0 26716
  Residual norm ( 0) = 6833.337209739077
  Norm reduction ( 0) = 1

  Quadratic cost function: J   ( 0) = 983713.5535199109
  Quadratic cost function: Jb  ( 0) = 0
  Quadratic cost function: JoJc( 0) = 983713.5535199109


 DRPCG Starting Iteration 1
OOPS_STATS DRPCG iteration 1                        - Runtime:   137.86 sec,  Local Memory:     7.26 GB
rdots 1.73955e+07      iteration    0
DRPCG end of iteration 1
  Residual norm ( 1) = 4170.787849646171
  Norm reduction ( 1) = 0.6103588512655046

  Quadratic cost function: J   ( 1) = 621296.2182760824
  Quadratic cost function: Jb  ( 1) = 5625.773148308514
  Quadratic cost function: JoJc( 1) = 615670.4451277739

 DRPCG Starting Iteration 2
OOPS_STATS DRPCG iteration 2                        - Runtime:   143.72 sec,  Local Memory:     7.26 GB
rdots 8.30836e+06      iteration    1
DRPCG end of iteration 2
  Residual norm ( 2) = 2882.421762845473
  Norm reduction ( 2) = 0.421817579664788

  Quadratic cost function: J   ( 2) = 522233.5643521772
  Quadratic cost function: Jb  ( 2) = 10249.85104200229
  Quadratic cost function: JoJc( 2) = 511983.7133101749

 DRPCG Starting Iteration 3
OOPS_STATS DRPCG iteration 3                        - Runtime:   149.67 sec,  Local Memory:     7.26 GB
rdots 5.02659e+06      iteration    2
DRPCG end of iteration 3
  Residual norm ( 3) = 2242.005715217888
  Norm reduction ( 3) = 0.3280982112257704

  Quadratic cost function: J   ( 3) = 461974.1961466481
  Quadratic cost function: Jb  ( 3) = 15451.78344999952
  Quadratic cost function: JoJc( 3) = 446522.4126966486

 DRPCG Starting Iteration 4
OOPS_STATS DRPCG iteration 4                        - Runtime:   155.58 sec,  Local Memory:     7.26 GB
rdots 3.20367e+06      iteration    3
DRPCG end of iteration 4
  Residual norm ( 4) = 1789.880522665283
  Norm reduction ( 4) = 0.2619335864347938

  Quadratic cost function: J   ( 4) = 432528.0229450591
  Quadratic cost function: Jb  ( 4) = 19391.44059356919
  Quadratic cost function: JoJc( 4) = 413136.5823514899

 DRPCG Starting Iteration 5
OOPS_STATS DRPCG iteration 5                        - Runtime:   161.51 sec,  Local Memory:     7.26 GB
rdots 2.11024e+06      iteration    4
DRPCG end of iteration 5
  Residual norm ( 5) = 1452.665536319933
  Norm reduction ( 5) = 0.2125850798420355

  Quadratic cost function: J   ( 5) = 409033.9196676642
  Quadratic cost function: Jb  ( 5) = 23869.90892979185
  Quadratic cost function: JoJc( 5) = 385164.0107378723

 DRPCG Starting Iteration 6
rdots 1.45246e+06      iteration    5
DRPCG end of iteration 6
  Residual norm ( 6) = 1205.181035520191
  Norm reduction ( 6) = 0.1763678563678273

  Quadratic cost function: J   ( 6) = 392640.0131261155
  Quadratic cost function: Jb  ( 6) = 28178.671512155
  Quadratic cost function: JoJc( 6) = 364461.3416139606

 DRPCG Starting Iteration 7
rdots 982181      iteration    6
DRPCG end of iteration 7
  Residual norm ( 7) = 991.0503622640952
  Norm reduction ( 7) = 0.1450316780579218

  Quadratic cost function: J   ( 7) = 380992.2240852403
  Quadratic cost function: Jb  ( 7) = 32200.43452145049
  Quadratic cost function: JoJc( 7) = 348791.7895637898

 DRPCG Starting Iteration 8
rdots 709621      iteration    7
DRPCG end of iteration 8
  Residual norm ( 8) = 842.3899064722785
  Norm reduction ( 8) = 0.123276501746713

  Quadratic cost function: J   ( 8) = 372378.8341716771
  Quadratic cost function: Jb  ( 8) = 35979.19172421746
  Quadratic cost function: JoJc( 8) = 336399.6424474597

 DRPCG Starting Iteration 9
rdots 496420      iteration    8
DRPCG end of iteration 9
  Residual norm ( 9) = 704.5707293659577
  Norm reduction ( 9) = 0.103107853123622

  Quadratic cost function: J   ( 9) = 365987.3876883362
  Quadratic cost function: Jb  ( 9) = 39452.78091455612
  Quadratic cost function: JoJc( 9) = 326534.6067737801

 DRPCG Starting Iteration 10
OOPS_STATS DRPCG iteration 10                       - Runtime:   192.97 sec,  Local Memory:     7.26 GB
rdots 361663      iteration    9
DRPCG end of iteration 10
  Residual norm (10) = 601.3841821989141
  Norm reduction (10) = 0.08800739137266685

  Quadratic cost function: J   (10) = 360926.0445611416
  Quadratic cost function: Jb  (10) = 42805.2191689676
  Quadratic cost function: JoJc(10) = 318120.8253921741

 DRPCG Starting Iteration 11
rdots 257677      iteration    10
DRPCG end of iteration 11
  Residual norm (11) = 507.6186181152913
  Norm reduction (11) = 0.07428560929084811

  Quadratic cost function: J   (11) = 357291.6399495692
  Quadratic cost function: Jb  (11) = 45684.67793969301
  Quadratic cost function: JoJc(11) = 311606.9620098763

 DRPCG Starting Iteration 12
rdots 200746      iteration    11
DRPCG end of iteration 12
  Residual norm (12) = 448.046940255298
  Norm reduction (12) = 0.06556780772017633

  Quadratic cost function: J   (12) = 354578.0755476702
  Quadratic cost function: Jb  (12) = 48204.52746251141
  Quadratic cost function: JoJc(12) = 306373.5480851588

 DRPCG Starting Iteration 13
rdots 146991      iteration    12
DRPCG end of iteration 13
  Residual norm (13) = 383.3934686151153
  Norm reduction (13) = 0.05610632943281234

  Quadratic cost function: J   (13) = 352648.9594000862
  Quadratic cost function: Jb  (13) = 50265.15747324262
  Quadratic cost function: JoJc(13) = 302383.8019268436

 DRPCG Starting Iteration 14
rdots 124427      iteration    13
DRPCG end of iteration 14
  Residual norm (14) = 352.7424899881643
  Norm reduction (14) = 0.05162082290998682

  Quadratic cost function: J   (14) = 351240.931368559
  Quadratic cost function: Jb  (14) = 51964.75929189622
  Quadratic cost function: JoJc(14) = 299276.1720766628

 DRPCG Starting Iteration 15
OOPS_STATS DRPCG iteration 15                       - Runtime:   222.53 sec,  Local Memory:     7.26 GB
rdots 90131      iteration    14
DRPCG end of iteration 15
  Residual norm (15) = 300.2183301101493
  Norm reduction (15) = 0.04393436484917929

  Quadratic cost function: J   (15) = 350238.9400256416
  Quadratic cost function: Jb  (15) = 53309.88913578379
  Quadratic cost function: JoJc(15) = 296929.0508898578

 DRPCG Starting Iteration 16
rdots 66766      iteration    15
DRPCG end of iteration 16
  Residual norm (16) = 258.3911166095322
  Norm reduction (16) = 0.0378133126872863

  Quadratic cost function: J   (16) = 349457.9554888877
  Quadratic cost function: Jb  (16) = 54463.15694827294
  Quadratic cost function: JoJc(16) = 294994.7985406148

 DRPCG Starting Iteration 17
rdots 49556.3      iteration    16
DRPCG end of iteration 17
  Residual norm (17) = 222.6124075025517
  Norm reduction (17) = 0.03257740700770304

  Quadratic cost function: J   (17) = 348859.8749422937
  Quadratic cost function: Jb  (17) = 55429.42657567566
  Quadratic cost function: JoJc(17) = 293430.4483666181

 DRPCG Starting Iteration 18
rdots 34018.8      iteration    17
DRPCG end of iteration 18
  Residual norm (18) = 184.4418916467633
  Norm reduction (18) = 0.02699148102685335

  Quadratic cost function: J   (18) = 348387.1806041748
  Quadratic cost function: Jb  (18) = 56261.71580995202
  Quadratic cost function: JoJc(18) = 292125.4647942228

 DRPCG Starting Iteration 19
rdots 27652.6      iteration    18
DRPCG end of iteration 19
  Residual norm (19) = 166.2907617172566
  Norm reduction (19) = 0.0243352196171812

  Quadratic cost function: J   (19) = 348041.327571942
  Quadratic cost function: Jb  (19) = 56922.45170069957
  Quadratic cost function: JoJc(19) = 291118.8758712424

 DRPCG Starting Iteration 20
OOPS_STATS DRPCG iteration 20                       - Runtime:   253.04 sec,  Local Memory:     7.26 GB
rdots 19649.5      iteration    19
DRPCG end of iteration 20
  Residual norm (20) = 140.1767398633586
  Norm reduction (20) = 0.02051365761133148

  Quadratic cost function: J   (20) = 347782.0001397735
  Quadratic cost function: Jb  (20) = 57456.78213918056
  Quadratic cost function: JoJc(20) = 290325.2180005929

 DRPCG Starting Iteration 21
rdots 15016.4      iteration    20
DRPCG end of iteration 21
  Residual norm (21) = 122.5413869147787
  Norm reduction (21) = 0.01793287571702579

  Quadratic cost function: J   (21) = 347583.6287083399
  Quadratic cost function: Jb  (21) = 57895.7775395198
  Quadratic cost function: JoJc(21) = 289687.8511688201

 DRPCG Starting Iteration 22
rdots 10911.6      iteration    21
DRPCG end of iteration 22
  Residual norm (22) = 104.4586924763357
  Norm reduction (22) = 0.01528662925158414

  Quadratic cost function: J   (22) = 347441.2778145968
  Quadratic cost function: Jb  (22) = 58232.46129316033
  Quadratic cost function: JoJc(22) = 289208.8165214364

 DRPCG Starting Iteration 23
rdots 8483.07      iteration    22
DRPCG end of iteration 23
  Residual norm (23) = 92.10359735369846
  Norm reduction (23) = 0.01347856757638561

  Quadratic cost function: J   (23) = 347336.2260107595
  Quadratic cost function: Jb  (23) = 58496.57206234609
  Quadratic cost function: JoJc(23) = 288839.6539484134

 DRPCG Starting Iteration 24
rdots 7102.24      iteration    23
DRPCG end of iteration 24
  Residual norm (24) = 84.27477707972811
  Norm reduction (24) = 0.01233288721060292

  Quadratic cost function: J   (24) = 347263.473285232
  Quadratic cost function: Jb  (24) = 58689.87895282781
  Quadratic cost function: JoJc(24) = 288573.5943324041

 DRPCG Starting Iteration 25
OOPS_STATS DRPCG iteration 25                       - Runtime:   284.37 sec,  Local Memory:     7.26 GB
rdots 4737.51      iteration    24
DRPCG end of iteration 25
  Residual norm (25) = 68.82955588935626
  Norm reduction (25) = 0.01007261222104747

  Quadratic cost function: J   (25) = 347206.4849693711
  Quadratic cost function: Jb  (25) = 58849.18755837368
  Quadratic cost function: JoJc(25) = 288357.2974109974

 DRPCG Starting Iteration 26
rdots 3542.63      iteration    25
DRPCG end of iteration 26
  Residual norm (26) = 59.5199811991053
  Norm reduction (26) = 0.008710236209955457

  Quadratic cost function: J   (26) = 347161.0316652709
  Quadratic cost function: Jb  (26) = 58982.82578025141
  Quadratic cost function: JoJc(26) = 288178.2058850195

 DRPCG Starting Iteration 27
rdots 2708.74      iteration    26
DRPCG end of iteration 27
  Residual norm (27) = 52.04558113880168
  Norm reduction (27) = 0.0076164221874818

  Quadratic cost function: J   (27) = 347128.7992975852
  Quadratic cost function: Jb  (27) = 59082.3033867238
  Quadratic cost function: JoJc(27) = 288046.4959108614

 DRPCG Starting Iteration 28
rdots 2007.06      iteration    27
DRPCG end of iteration 28
  Residual norm (28) = 44.80018965962119
  Norm reduction (28) = 0.006556121596892748

  Quadratic cost function: J   (28) = 347103.3586972454
  Quadratic cost function: Jb  (28) = 59164.54251097134
  Quadratic cost function: JoJc(28) = 287938.8161862741

 DRPCG Starting Iteration 29
rdots 1531.4      iteration    28
DRPCG end of iteration 29
  Residual norm (29) = 39.13314524367117
  Norm reduction (29) = 0.005726798494284381

  Quadratic cost function: J   (29) = 347084.886071259
  Quadratic cost function: Jb  (29) = 59226.98996143203
  Quadratic cost function: JoJc(29) = 287857.896109827

 DRPCG Starting Iteration 30
OOPS_STATS DRPCG iteration 30                       - Runtime:   316.46 sec,  Local Memory:     7.26 GB
rdots 1084.94      iteration    29
DRPCG end of iteration 30
  Residual norm (30) = 32.93846554108645
  Norm reduction (30) = 0.004820260515483059

  Quadratic cost function: J   (30) = 347070.3573803465
  Quadratic cost function: Jb  (30) = 59278.27259967301
  Quadratic cost function: JoJc(30) = 287792.0847806735

 DRPCG Starting Iteration 31
rdots 817.407      iteration    30
DRPCG end of iteration 31
  Residual norm (31) = 28.59032862438484
  Norm reduction (31) = 0.004183948156932319

  Quadratic cost function: J   (31) = 347059.6447432601
  Quadratic cost function: Jb  (31) = 59317.71731795552
  Quadratic cost function: JoJc(31) = 287741.9274253046

 DRPCG Starting Iteration 32
rdots 624.425      iteration    31
DRPCG end of iteration 32
  Residual norm (32) = 24.98849474624691
  Norm reduction (32) = 0.003656850815240401

  Quadratic cost function: J   (32) = 347051.8996726855
  Quadratic cost function: Jb  (32) = 59347.39639403265
  Quadratic cost function: JoJc(32) = 287704.5032786529

 DRPCG Starting Iteration 33
rdots 447.102      iteration    32
DRPCG end of iteration 33
  Residual norm (33) = 21.14477649483125
  Norm reduction (33) = 0.003094355780466253

  Quadratic cost function: J   (33) = 347046.2464834298
  Quadratic cost function: Jb  (33) = 59369.88453060191
  Quadratic cost function: JoJc(33) = 287676.3619528279

 DRPCG Starting Iteration 34
rdots 318.957      iteration    33
DRPCG end of iteration 34
  Residual norm (34) = 17.85937976283394
  Norm reduction (34) = 0.002613566287549839

  Quadratic cost function: J   (34) = 347041.7988070151
  Quadratic cost function: Jb  (34) = 59388.23827507856
  Quadratic cost function: JoJc(34) = 287653.5605319365

 DRPCG Starting Iteration 35
OOPS_STATS DRPCG iteration 35                       - Runtime:   347.44 sec,  Local Memory:     7.26 GB
rdots 232.151      iteration    34
DRPCG end of iteration 35
  Residual norm (35) = 15.23650385244473
  Norm reduction (35) = 0.002229731006210143

  Quadratic cost function: J   (35) = 347038.3700888469
  Quadratic cost function: Jb  (35) = 59402.92591881814
  Quadratic cost function: JoJc(35) = 287635.4441700287

 DRPCG Starting Iteration 36
rdots 177.079      iteration    35
DRPCG end of iteration 36
  Residual norm (36) = 13.30709371169224
  Norm reduction (36) = 0.001947378462858027

  Quadratic cost function: J   (36) = 347035.9820925217
  Quadratic cost function: Jb  (36) = 59413.53080820257
  Quadratic cost function: JoJc(36) = 287622.4512843192

 DRPCG Starting Iteration 37
rdots 133.549      iteration    36
DRPCG end of iteration 37
  Residual norm (37) = 11.55632297774249
  Norm reduction (37) = 0.001691168256890949

  Quadratic cost function: J   (37) = 347034.2431314837
  Quadratic cost function: Jb  (37) = 59421.51794088461
  Quadratic cost function: JoJc(37) = 287612.725190599

 DRPCG Starting Iteration 38
rdots 91.5433      iteration    37
DRPCG end of iteration 38
  Residual norm (38) = 9.567826416751721
  Norm reduction (38) = 0.001400168925238369

  Quadratic cost function: J   (38) = 347032.8889074789
  Quadratic cost function: Jb  (38) = 59427.94721326597
  Quadratic cost function: JoJc(38) = 287604.9416942129

 DRPCG Starting Iteration 39
rdots 66.3686      iteration    38
DRPCG end of iteration 39
  Residual norm (39) = 8.146689746759892
  Norm reduction (39) = 0.001192197823217181

  Quadratic cost function: J   (39) = 347031.8929718781
  Quadratic cost function: Jb  (39) = 59432.83378869412
  Quadratic cost function: JoJc(39) = 287599.0591831839

 DRPCG Starting Iteration 40
OOPS_STATS DRPCG iteration 40                       - Runtime:   379.08 sec,  Local Memory:     7.26 GB
rdots 47.9864      iteration    39
DRPCG end of iteration 40
  Residual norm (40) = 6.927222019261851
  Norm reduction (40) = 0.00101373923262399

  Quadratic cost function: J   (40) = 347031.1877565566
  Quadratic cost function: Jb  (40) = 59436.40516748216
  Quadratic cost function: JoJc(40) = 287594.7825890744

 DRPCG Starting Iteration 41
rdots 35.2846      iteration    40
DRPCG end of iteration 41
  Residual norm (41) = 5.94008764214555
  Norm reduction (41) = 0.0008692806252382159

  Quadratic cost function: J   (41) = 347030.6578257066
  Quadratic cost function: Jb  (41) = 59439.17280145311
  Quadratic cost function: JoJc(41) = 287591.4850242535

DRPCG: Achieved required reduction in residual norm.
OOPS_STATS DRPCG end                                - Runtime:   391.83 sec,  Local Memory:     7.26 GB
DRPCGMinimizer: reduction in residual norm = 0.000869281
DRPCGMinimizer output increment:
  Valid time: 2026-05-31T16:00:00Z
  Resolution: nCellsGlobal = 2341818, nFields = 12
Fld=1  Min=-0.00969729, Max=0.00894075, RMS=9.17827e-05 : water_vapor_mixing_ratio_wrt_moist_air
Fld=2  Min=-42.2089, Max=95.3544, RMS=2.31037 : air_pressure_at_surface
Fld=3  Min=-7.00775, Max=8.06989, RMS=0.121499 : air_temperature
Fld=4  Min=-51.6949, Max=26.498, RMS=0.398462 : northward_wind
Fld=5  Min=-22.2151, Max=26.918, RMS=0.361554 : eastward_wind
Fld=6  Min=-0.00185281, Max=0.00470637, RMS=1.40837e-05 : cloud_liquid_water
Fld=7  Min=-0.000436709, Max=0.000698829, RMS=9.70714e-06 : cloud_liquid_ice
Fld=8  Min=-0.00182686, Max=0.0048361, RMS=1.27824e-05 : rain_water
Fld=9  Min=-0.00595055, Max=0.00475096, RMS=4.13937e-05 : snow_water
Fld=10  Min=-0.00303932, Max=0.00277968, RMS=6.5593e-06 : graupel
Fld=11  Min=-44.8618, Max=71.0935, RMS=1.91065 : equivalent_reflectivity_factor
Fld=12  Min=0, Max=0, RMS=0 : upward_air_velocity
CostFunction::addIncrement: First guess:
  Valid time: 2026-05-31T16:00:00Z
  Resolution: nCellsGlobal = 2341818, nFields = 35
Fld=1  Min=0, Max=0.0209794, RMS=0.00585954 : water_vapor_mixing_ratio_wrt_moist_air
Fld=2  Min=63445.7, Max=103172, RMS=96655.7 : air_pressure_at_surface
Fld=3  Min=195.818, Max=307.832, RMS=259.921 : air_temperature
Fld=4  Min=-64.4129, Max=44.9152, RMS=8.11804 : northward_wind
Fld=5  Min=-36.8691, Max=48.6949, RMS=9.75457 : eastward_wind
Fld=6  Min=272.168, Max=642.638, RMS=355.322 : air_potential_temperature
Fld=7  Min=0.0386074, Max=1.29151, RMS=0.785698 : dry_air_density
Fld=8  Min=-67.0532, Max=67.03, RMS=8.96718 : u
Fld=9  Min=0, Max=0.021429, RMS=0.00593192 : water_vapor_mixing_ratio_wrt_dry_air
Fld=10  Min=2446.14, Max=103062, RMS=64371.2 : air_pressure
Fld=11  Min=0, Max=1, RMS=0.790008 : landmask
Fld=12  Min=0, Max=1, RMS=0.0386364 : seaice_fraction
Fld=13  Min=0, Max=1, RMS=0.0584736 : snowc
Fld=14  Min=259.583, Max=316.85, RMS=295.618 : skin_temperature_at_surface
Fld=15  Min=1, Max=19, RMS=12.7664 : ivgtyp
Fld=16  Min=1, Max=16, RMS=9.97061 : isltyp
Fld=17  Min=0, Max=7.5, RMS=0.162841 : snowh
Fld=18  Min=0, Max=0.917811, RMS=0.409107 : vegetation_area_fraction
Fld=19  Min=265.175, Max=308.664, RMS=292.884 : air_temperature_at_2m
Fld=20  Min=0.000891258, Max=0.0210983, RMS=0.0109811 : water_vapor_mixing_ratio_wrt_moist_air_at_2m
Fld=21  Min=-11.7028, Max=18.7147, RMS=3.07449 : eastward_wind_at_10m
Fld=22  Min=-16.4532, Max=10.69, RMS=4.45615 : northward_wind_at_10m
Fld=23  Min=0, Max=6.55118, RMS=1.64293 : lai
Fld=24  Min=0.00200001, Max=1, RMS=0.634953 : smois
Fld=25  Min=261.892, Max=338.687, RMS=291.736 : tslb
Fld=26  Min=-934.201, Max=5784.14, RMS=3166.72 : pressure_p
Fld=27  Min=0, Max=0.00262605, RMS=2.34215e-05 : cloud_liquid_water
Fld=28  Min=0, Max=0.000612405, RMS=1.5758e-05 : cloud_liquid_ice
Fld=29  Min=0, Max=0.00351695, RMS=3.73124e-06 : graupel
Fld=30  Min=0, Max=0.00207285, RMS=1.38752e-05 : rain_water
Fld=31  Min=0, Max=0.00491937, RMS=3.83452e-05 : snow_water
Fld=32  Min=0, Max=1, RMS=0.204981 : cldfrac
Fld=33  Min=0, Max=50.6311, RMS=2.83189 : equivalent_reflectivity_factor
Fld=34  Min=-4.22329, Max=7.52484, RMS=0.0607471 : w
Fld=35  Min=0, Max=0, RMS=0 : upward_air_velocity
CostFunction::addIncrement: Increment:
  Valid time: 2026-05-31T16:00:00Z
  Resolution: nCellsGlobal = 2341818, nFields = 12
Fld=1  Min=-0.00969729, Max=0.00894075, RMS=9.17827e-05 : water_vapor_mixing_ratio_wrt_moist_air
Fld=2  Min=-42.2089, Max=95.3544, RMS=2.31037 : air_pressure_at_surface
Fld=3  Min=-7.00775, Max=8.06989, RMS=0.121499 : air_temperature
Fld=4  Min=-51.6949, Max=26.498, RMS=0.398462 : northward_wind
Fld=5  Min=-22.2151, Max=26.918, RMS=0.361554 : eastward_wind
Fld=6  Min=-0.00185281, Max=0.00470637, RMS=1.40837e-05 : cloud_liquid_water
Fld=7  Min=-0.000436709, Max=0.000698829, RMS=9.70714e-06 : cloud_liquid_ice
Fld=8  Min=-0.00182686, Max=0.0048361, RMS=1.27824e-05 : rain_water
Fld=9  Min=-0.00595055, Max=0.00475096, RMS=4.13937e-05 : snow_water
Fld=10  Min=-0.00303932, Max=0.00277968, RMS=6.5593e-06 : graupel
Fld=11  Min=-44.8618, Max=71.0935, RMS=1.91065 : equivalent_reflectivity_factor
Fld=12  Min=0, Max=0, RMS=0 : upward_air_velocity
CostFunction::addIncrement: Analysis: 
  Valid time: 2026-05-31T16:00:00Z
  Resolution: nCellsGlobal = 2341818, nFields = 35
Fld=1  Min=0, Max=0.021497, RMS=0.00586202 : water_vapor_mixing_ratio_wrt_moist_air
Fld=2  Min=63445.7, Max=103172, RMS=96655.8 : air_pressure_at_surface
Fld=3  Min=195.818, Max=307.832, RMS=259.919 : air_temperature
Fld=4  Min=-64.4129, Max=44.9152, RMS=8.11672 : northward_wind
Fld=5  Min=-38.9609, Max=48.6949, RMS=9.75641 : eastward_wind
Fld=6  Min=272.168, Max=642.743, RMS=355.321 : air_potential_temperature
Fld=7  Min=0.0386074, Max=1.29151, RMS=0.785702 : dry_air_density
Fld=8  Min=-67.0532, Max=67.03, RMS=8.96733 : u
Fld=9  Min=0, Max=0.0219693, RMS=0.00593445 : water_vapor_mixing_ratio_wrt_dry_air
Fld=10  Min=2446.14, Max=103062, RMS=64371.2 : air_pressure
Fld=11  Min=0, Max=1, RMS=0.790008 : landmask
Fld=12  Min=0, Max=1, RMS=0.0386364 : seaice_fraction
Fld=13  Min=0, Max=1, RMS=0.0584736 : snowc
Fld=14  Min=259.583, Max=316.85, RMS=295.618 : skin_temperature_at_surface
Fld=15  Min=1, Max=19, RMS=12.7664 : ivgtyp
Fld=16  Min=1, Max=16, RMS=9.97061 : isltyp
Fld=17  Min=0, Max=7.5, RMS=0.162841 : snowh
Fld=18  Min=0, Max=0.917811, RMS=0.409107 : vegetation_area_fraction
Fld=19  Min=265.175, Max=308.664, RMS=292.883 : air_temperature_at_2m
Fld=20  Min=0.000891258, Max=0.0210983, RMS=0.0109819 : water_vapor_mixing_ratio_wrt_moist_air_at_2m
Fld=21  Min=-11.7028, Max=18.7147, RMS=3.07449 : eastward_wind_at_10m
Fld=22  Min=-16.4532, Max=10.69, RMS=4.45615 : northward_wind_at_10m
Fld=23  Min=0, Max=6.55118, RMS=1.64293 : lai
Fld=24  Min=0.00200001, Max=1, RMS=0.634953 : smois
Fld=25  Min=261.892, Max=338.687, RMS=291.736 : tslb
Fld=26  Min=-938.545, Max=5820.17, RMS=3166.7 : pressure_p
Fld=27  Min=0, Max=0.00470637, RMS=2.64384e-05 : cloud_liquid_water
Fld=28  Min=0, Max=0.000869898, RMS=1.67674e-05 : cloud_liquid_ice
Fld=29  Min=0, Max=0.00277968, RMS=5.67813e-06 : graupel
Fld=30  Min=0, Max=0.0048361, RMS=1.26665e-05 : rain_water
Fld=31  Min=0, Max=0.00555131, RMS=3.98025e-05 : snow_water
Fld=32  Min=0, Max=1, RMS=0.204981 : cldfrac
Fld=33  Min=0, Max=71.0935, RMS=2.68449 : equivalent_reflectivity_factor
Fld=34  Min=-4.22329, Max=7.52484, RMS=0.0607471 : w
Fld=35  Min=0, Max=0, RMS=0 : upward_air_velocity
OOPS_STATS IncrementalAssimilation end              - Runtime:   392.14 sec,  Local Memory:     7.26 GB
Variational: incremental assimilation done 1 iterations.
QC refl10cm equivalentReflectivityFactor: 131866 H(x) failed.
QC refl10cm equivalentReflectivityFactor: 3742897 passed out of 3874763 observations.
ObsErrorDiagonal covariance updated 3742897
Observer::finalize QC = 
refl10cm equivalentReflectivityFactor nlocs = 3874763, nobs = 3874763, min = 0, max = 15, avg = 0
Jo Observations:
Jo Obs :refl10cm:equivalentReflectivityFactor   : Nobs=  3742897, Min= 0.000000e+00, Max= 5.570542e+01, RMS= 3.762893e+00
Jo Observations Equivalent:
Jo H(x):refl10cm:equivalentReflectivityFactor   : Nobs=  3742897, Min= 0.000000e+00, Max= 5.355289e+01, RMS= 3.039165e+00
Jo Bias Corrected Departures:
Jo Dep :refl10cm:equivalentReflectivityFactor   : Nobs=  3742897, Min=-5.570542e+01, Max= 3.008723e+01, RMS= 1.958559e+00
Jo Observations Errors:
UFO Diagonal observation error covariance, inverse variances: refl10cm nobs= 3742897 Min=0.04, Max=0.04, RMS=0.04



CostJo   : Nonlinear Jo(refl10cm) = 287152, nobs = 3742897, Jo/n = 0.0767191, err = 5
CostJo   : Nonlinear Jo = 287152
Increment:diff x1 2
Increment:diff x2 1
CostJb: FG-BG
  Valid time: 2026-05-31T16:00:00Z
  Resolution: nCellsGlobal = 2341818, nFields = 12
Fld=1  Min=-0.00947091, Max=0.00894075, RMS=9.17691e-05 : water_vapor_mixing_ratio_wrt_moist_air
Fld=2  Min=-42.2089, Max=95.3544, RMS=2.31037 : air_pressure_at_surface
Fld=3  Min=-7.00775, Max=8.06989, RMS=0.121499 : air_temperature
Fld=4  Min=-51.6949, Max=26.498, RMS=0.398462 : northward_wind
Fld=5  Min=-22.2151, Max=26.918, RMS=0.361554 : eastward_wind
Fld=6  Min=-0.00135896, Max=0.00470637, RMS=1.37343e-05 : cloud_liquid_water
Fld=7  Min=-0.000397173, Max=0.000698829, RMS=9.53124e-06 : cloud_liquid_ice
Fld=8  Min=-0.00154576, Max=0.0048361, RMS=1.02657e-05 : rain_water
Fld=9  Min=-0.00402915, Max=0.00475096, RMS=3.60531e-05 : snow_water
Fld=10  Min=-0.00303932, Max=0.00277968, RMS=5.49841e-06 : graupel
Fld=11  Min=-44.1026, Max=71.0935, RMS=1.89336 : equivalent_reflectivity_factor
Fld=12  Min=0, Max=0, RMS=0 : upward_air_velocity
CostFunction: Nonlinear J = 287152
OOPS_STATS Variational end                          - Runtime:   397.21 sec,  Local Memory:     7.26 GB
==> destruct MPAS corelist and domain:  0
Tried to erase key "mesh[address=0x4529c30],halo[size=0]" from cache "NodeColumnsHaloExchangeCache" but it was not found.
Erased key "mesh[address=0x4529c30],halo[size=1]" from cache "NodeColumnsHaloExchangeCache".
==> destruct MPAS corelist and domain:  1
refl10cm: save database to jdiag_mrms_refl.nc (io pool size: 4)
QC refl10cm equivalentReflectivityFactor: 131866 H(x) failed.
QC refl10cm equivalentReflectivityFactor: 3742897 passed out of 3874763 observations.
Erased key "mesh[address=0x69f0610]" from cache "NodeColumnsGatherScatterCache".
Tried to erase key "mesh[address=0x69f0610],halo[size=0]" from cache "NodeColumnsHaloExchangeCache" but it was not found.
Erased key "mesh[address=0x69f0610],halo[size=1]" from cache "NodeColumnsHaloExchangeCache".

Run: Finishing oops::Variational<MPAS, UFO and IODA observations>
OOPS_STATS  
OOPS_STATS ----------------------------------------------------------------------------------
OOPS_STATS --------------------------- Object counts ----------------------------------------
OOPS_STATS ----------------------------------------------------------------------------------
OOPS_STATS                                      Total  Simult. Remain    Avg (Mb)    HWM (Mb)
OOPS_STATS ioda::ObsDataVector             :        8       5        
OOPS_STATS ioda::ObsVector                 :      102       8        
OOPS_STATS mpas::Geometry                  :        2       2        
OOPS_STATS mpas::Increment                 :     2984     129        
OOPS_STATS mpas::LinVarChaModel2GeoVars    :        1       1        
OOPS_STATS mpas::ModelBias                 :        4       3        
OOPS_STATS mpas::ModelBiasCovariance       :        1       1        
OOPS_STATS mpas::State                     :       75      34        
OOPS_STATS mpas::VarChaModel2GeoVars       :        3       1        
OOPS_STATS oops::ControlIncrement          :      182      96               15.22     1461.16
OOPS_STATS oops::ControlVariable           :        4       3        
OOPS_STATS oops::Diffusion                 :        1       1        
OOPS_STATS oops::EnsembleCovariance        :        1       1             3553.30     3553.30
OOPS_STATS oops::GeoVaLs                   :       86       1        
OOPS_STATS oops::Geometry                  :        2       2        
OOPS_STATS oops::GetValues                 :        3       2        
OOPS_STATS oops::Increment                 :     2900     129               15.02     1963.43
OOPS_STATS oops::LinearObsOperator         :        1       1        
OOPS_STATS oops::LocalInterpolator         :     2400    1600        
OOPS_STATS oops::Localization              :        1       1        
OOPS_STATS oops::ModelAuxControl           :        4       3        
OOPS_STATS oops::ModelAuxCovariance        :        1       1        
OOPS_STATS oops::ModelAuxIncrement         :      182      96        
OOPS_STATS oops::ObsAuxControl             :        4       3        
OOPS_STATS oops::ObsAuxCovariance          :        1       1        
OOPS_STATS oops::ObsAuxIncrement           :      182      96        
OOPS_STATS oops::ObsAuxIncrements          :      182      96        
OOPS_STATS oops::ObsAuxPreconditioner      :        2       2        
OOPS_STATS oops::ObsDataVector             :        4       4        
OOPS_STATS oops::ObsDiagnostics            :        2       1        
OOPS_STATS oops::ObsError                  :        1       1        
OOPS_STATS oops::ObsOperator               :        2       2        
OOPS_STATS oops::ObsSpace                  :        1       1        
OOPS_STATS oops::ObsSpaces                 :        1       1        
OOPS_STATS oops::ObsVector                 :      102       7                0.04        0.23
OOPS_STATS oops::SampledLocations          :        8       4        
OOPS_STATS oops::State                     :       72      34               21.39      702.08
OOPS_STATS oops::UnstructuredInterpolator  :     2400    1600        
OOPS_STATS oops::VariableChange            :        3       1        
OOPS_STATS ufo::BackgroundCheck            :        1       1        
OOPS_STATS ufo::FinalCheck                 :        2       2        
OOPS_STATS ufo::GeoVaLs                    :       89       2        
OOPS_STATS ufo::ObsBias                    :        4       3        
OOPS_STATS ufo::ObsBiasCovariance          :        1       1        
OOPS_STATS ufo::ObsBiasPreconditioner      :        1       1        
OOPS_STATS ufo::ObsFilter                  :        9       6        
OOPS_STATS ufo::ObsFilterData              :        3       3        
OOPS_STATS ufo::ObsVertInterp              :        2       2        
OOPS_STATS ufo::ObsVertInterpTLAD          :        1       1        
OOPS_STATS ufo::SampledLocations           :        4       3        
OOPS_STATS ----------------------------- Object counts --------------------------------------
OOPS_STATS  
OOPS_STATS --------------------------------------------------------------------------------------------
OOPS_STATS ------------------------------------ Timing Statistics -------------------------------------
OOPS_STATS --------------------------------------------------------------------------------------------
OOPS_STATS Name                                                :   total (ms)   count    time/call (ms)
OOPS_STATS ObsFilter::Background Check::ObsFilter              :         0.14       1            0.1429
OOPS_STATS ObsFilter::Background Check::postFilter             :        21.83       1           21.8309
OOPS_STATS ObsFilter::Background Check::preProcess             :         0.01       1            0.0054
OOPS_STATS ObsFilter::Background Check::priorFilter            :         0.01       1            0.0103
OOPS_STATS ObsFilter::Final Check::ObsFilter                   :         0.02       2            0.0097
OOPS_STATS ObsFilter::Final Check::postFilter                  :         0.05       2            0.0234
OOPS_STATS ObsFilter::Final Check::preProcess                  :         0.00       2            0.0003
OOPS_STATS ObsFilter::Final Check::priorFilter                 :         0.00       2            0.0020
OOPS_STATS ObsFilter::QCmanager::ObsFilter                     :         7.79       2            3.8929
OOPS_STATS ObsFilter::QCmanager::postFilter                    :         0.23       2            0.1147
OOPS_STATS ObsFilter::QCmanager::preProcess                    :         0.00       2            0.0001
OOPS_STATS ObsFilter::QCmanager::priorFilter                   :         0.00       2            0.0001
OOPS_STATS ioda::ObsSpace::get_db(DateTime)                    :         4.74       4            1.1859
OOPS_STATS ioda::ObsSpace::get_db(double)                      :         0.35       5            0.0703
OOPS_STATS ioda::ObsSpace::get_db(float)                       :         7.84      12            0.6530
OOPS_STATS ioda::ObsSpace::load                                :       700.39       1          700.3923
OOPS_STATS ioda::ObsSpace::put_db(double)                      :         0.43       6            0.0715
OOPS_STATS ioda::ObsSpace::put_db(float)                       :         0.08       2            0.0406
OOPS_STATS ioda::ObsSpace::put_db(int)                         :         0.64       2            0.3185
OOPS_STATS mpas::LinVarChaModel2GeoVars::LinVarChaModel2GeoVar :         3.02       1            3.0171
OOPS_STATS mpas::LinVarChaModel2GeoVars::changeVarAD           :       881.32      42           20.9838
OOPS_STATS mpas::LinVarChaModel2GeoVars::changeVarTL           :       147.18      41            3.5898
OOPS_STATS mpas::LinVarChaModel2GeoVars::~LinVarChaModel2GeoVa :         0.32       1            0.3169
OOPS_STATS mpas::VarChaModel2GeoVars::VarChaModel2GeoVars      :         0.31       3            0.1022
OOPS_STATS mpas::VarChaModel2GeoVars::changeVar                :        12.50       3            4.1661
OOPS_STATS mpas::VarChaModel2GeoVars::~VarChaModel2GeoVars     :         0.01       3            0.0020
OOPS_STATS oops::Covariance::EnsembleCovariance                :     75540.13       1        75540.1348
OOPS_STATS oops::Covariance::ensemble::Constructor             :         0.01       1            0.0058
OOPS_STATS oops::Covariance::ensemble::multiply                :    235359.94      42         5603.8081
OOPS_STATS oops::Diffusion::Diffusion                          :         0.00       1            0.0001
OOPS_STATS oops::Diffusion::calculateDerivedGeom               :         1.94       1            1.9355
OOPS_STATS oops::Diffusion::multiplySqrtAD                     :     58132.83    1260           46.1372
OOPS_STATS oops::Diffusion::multiplySqrtTL                     :     50290.21    1260           39.9129
OOPS_STATS oops::Diffusion::setParameters                      :        16.19       1           16.1932
OOPS_STATS oops::GeoVaLs::GeoVaLs                              :        22.52      86            0.2619
OOPS_STATS oops::GeoVaLs::fill                                 :        31.68   29422            0.0011
OOPS_STATS oops::GeoVaLs::fillAD                               :        27.47   26292            0.0010
OOPS_STATS oops::GeoVaLs::~GeoVaLs                             :         0.50      86            0.0058
OOPS_STATS oops::Geometry::Geometry                            :     48281.57       2        24140.7871
OOPS_STATS oops::Geometry::variableSizes                       :         4.55      11            0.4132
OOPS_STATS oops::Geometry::~Geometry                           :       487.58       2          243.7914
OOPS_STATS oops::GeometryData::containingTriangleAndBarycentri :        45.42   19209            0.0024
OOPS_STATS oops::GeometryData::setGlobalTree                   :      1809.72       2          904.8605
OOPS_STATS oops::GeometryData::setLocalTree                    :         7.99       2            3.9949
OOPS_STATS oops::GeometryData::setMeshAndTriangulation         :         0.28       2            0.1421
OOPS_STATS oops::GetValues::GetValues                          :       303.95       3          101.3171
OOPS_STATS oops::GetValues::fillGeoVaLs                        :        52.61       3           17.5365
OOPS_STATS oops::GetValues::fillGeoVaLsAD                      :       122.94      42            2.9271
OOPS_STATS oops::GetValues::fillGeoVaLsTL                      :       746.46      41           18.2064
OOPS_STATS oops::GetValues::finalize                           :        15.25       3            5.0825
OOPS_STATS oops::GetValues::finalizeAD                         :       623.40      42           14.8428
OOPS_STATS oops::GetValues::finalizeTL                         :        99.89      41            2.4362
OOPS_STATS oops::GetValues::initialize                         :         3.03       3            1.0103
OOPS_STATS oops::GetValues::initializeAD                       :         5.10      42            0.1213
OOPS_STATS oops::GetValues::initializeTL                       :        17.35      41            0.4233
OOPS_STATS oops::GetValues::process                            :        15.99       3            5.3303
OOPS_STATS oops::GetValues::processAD                          :       121.76      42            2.8990
OOPS_STATS oops::GetValues::processTL                          :       133.17      41            3.2480
OOPS_STATS oops::Increment::Increment                          :     28828.93    2900            9.9410
OOPS_STATS oops::Increment::axpy                               :      5746.50     943            6.0939
OOPS_STATS oops::Increment::diff                               :       378.62      33           11.4735
OOPS_STATS oops::Increment::dot_product_with                   :      9473.42    1029            9.2064
OOPS_STATS oops::Increment::fromFieldSet                       :     11145.26    1302            8.5601
OOPS_STATS oops::Increment::operator*=                         :       215.88     124            1.7410
OOPS_STATS oops::Increment::operator+=                         :     10876.46    1455            7.4752
OOPS_STATS oops::Increment::operator+=(State, Increment)       :        54.71       1           54.7083
OOPS_STATS oops::Increment::operator-=                         :       151.85      30            5.0618
OOPS_STATS oops::Increment::operator=                          :      6063.35    1606            3.7754
OOPS_STATS oops::Increment::print                              :     29345.45    1267           23.1614
OOPS_STATS oops::Increment::schur_product_with                 :     12090.51    2520            4.7978
OOPS_STATS oops::Increment::serialSize                         :         4.72     182            0.0260
OOPS_STATS oops::Increment::toFieldSet                         :     10060.18    1343            7.4908
OOPS_STATS oops::Increment::zero                               :       127.05     127            1.0004
OOPS_STATS oops::Increment::~Increment                         :       141.20    2900            0.0487
OOPS_STATS oops::LinearObsOper::refl10cm::LinearObsOperator    :         1.71       1            1.7084
OOPS_STATS oops::LinearObsOper::refl10cm::requiredVars         :         0.10      85            0.0011
OOPS_STATS oops::LinearObsOper::refl10cm::setTrajectory        :         0.82       1            0.8218
OOPS_STATS oops::LinearObsOper::refl10cm::simulateObsAD        :         3.29      42            0.0784
OOPS_STATS oops::LinearObsOper::refl10cm::simulateObsTL        :         6.95      41            0.1696
OOPS_STATS oops::LinearObsOper::refl10cm::~LinearObsOperator   :        15.74       1           15.7382
OOPS_STATS oops::LinearVariableChange::LinearVariableChange    :         0.04       1            0.0425
OOPS_STATS oops::LinearVariableChange::changeVarAD             :      1516.54      42           36.1081
OOPS_STATS oops::LinearVariableChange::changeVarTL             :       887.19      41           21.6387
OOPS_STATS oops::LinearVariableChange::changeVarTraj           :         3.03       1            3.0278
OOPS_STATS oops::LinearVariableChange::~LinearVariableChange   :         1.41       1            1.4061
OOPS_STATS oops::LocalInterpolator::LocalInterpolator          :        52.94    2400            0.0221
OOPS_STATS oops::LocalInterpolator::apply                      :        14.65    2400            0.0061
OOPS_STATS oops::LocalInterpolator::applyAD                    :       105.11   33600            0.0031
OOPS_STATS oops::LocalInterpolator::applyTL                    :       117.00   32800            0.0036
OOPS_STATS oops::LocalInterpolator::preprocess                 :      1293.59      44           29.3998
OOPS_STATS oops::LocalInterpolator::preprocessAD               :        55.67      42            1.3256
OOPS_STATS oops::LocalInterpolator::~LocalInterpolator         :         6.56    2400            0.0027
OOPS_STATS oops::Localization::Localization                    :      7944.09       1         7944.0876
OOPS_STATS oops::Localization::multiply                        :    192778.53    1260          152.9988
OOPS_STATS oops::Localization::~Localization                   :         0.36       1            0.3632
OOPS_STATS oops::ModelAuxControl::ModelAuxControl              :         0.01       4            0.0022
OOPS_STATS oops::ModelAuxControl::print                        :         0.00       3            0.0010
OOPS_STATS oops::ModelAuxControl::~ModelAuxControl             :         0.00       4            0.0010
OOPS_STATS oops::ModelAuxCovariance::ModelAuxCovariance        :         0.00       1            0.0037
OOPS_STATS oops::ModelAuxCovariance::linearize                 :         0.00       1            0.0001
OOPS_STATS oops::ModelAuxCovariance::multiply                  :         0.01      42            0.0002
OOPS_STATS oops::ModelAuxCovariance::~ModelAuxCovariance       :         0.00       1            0.0006
OOPS_STATS oops::ModelAuxIncrement::ModelAuxIncrement          :         0.16     182            0.0009
OOPS_STATS oops::ModelAuxIncrement::axpy                       :         0.37     943            0.0004
OOPS_STATS oops::ModelAuxIncrement::diff                       :         0.00       3            0.0002
OOPS_STATS oops::ModelAuxIncrement::dot_product_with           :         0.23    1029            0.0002
OOPS_STATS oops::ModelAuxIncrement::operator*=                 :         0.04      81            0.0005
OOPS_STATS oops::ModelAuxIncrement::operator+=                 :         0.06     123            0.0005
OOPS_STATS oops::ModelAuxIncrement::operator+=ModelAuxControl  :         0.00       1            0.0002
OOPS_STATS oops::ModelAuxIncrement::operator=                  :         0.01      45            0.0003
OOPS_STATS oops::ModelAuxIncrement::print                      :         0.01       7            0.0008
OOPS_STATS oops::ModelAuxIncrement::serialSize                 :         0.01     182            0.0001
OOPS_STATS oops::ModelAuxIncrement::zero                       :         0.01      42            0.0002
OOPS_STATS oops::ModelAuxIncrement::~ModelAuxIncrement         :         0.04     182            0.0002
OOPS_STATS oops::ObsAuxControl::ObsAuxControl                  :         0.16       4            0.0399
OOPS_STATS oops::ObsAuxControl::print                          :         0.00       3            0.0011
OOPS_STATS oops::ObsAuxControl::requiredHdiagnostics           :         0.00       2            0.0001
OOPS_STATS oops::ObsAuxControl::requiredVars                   :         0.00       6            0.0002
OOPS_STATS oops::ObsAuxControl::write                          :         0.03       1            0.0320
OOPS_STATS oops::ObsAuxControl::~ObsAuxControl                 :         0.01       4            0.0017
OOPS_STATS oops::ObsAuxCovariance::ObsAuxCovariance            :         0.08       1            0.0820
OOPS_STATS oops::ObsAuxCovariance::inverseMultiply             :         0.05      42            0.0012
OOPS_STATS oops::ObsAuxCovariance::linearize                   :         0.01       1            0.0146
OOPS_STATS oops::ObsAuxCovariance::multiply                    :         0.26      42            0.0062
OOPS_STATS oops::ObsAuxCovariance::preconditioner              :         0.02       1            0.0155
OOPS_STATS oops::ObsAuxCovariance::write                       :         0.02       1            0.0238
OOPS_STATS oops::ObsAuxCovariance::~ObsAuxCovariance           :         0.00       1            0.0022
OOPS_STATS oops::ObsAuxIncrement::ObsAuxIncrement              :         0.79     182            0.0043
OOPS_STATS oops::ObsAuxIncrement::axpy                         :         1.28     943            0.0014
OOPS_STATS oops::ObsAuxIncrement::diff                         :         0.01       3            0.0037
OOPS_STATS oops::ObsAuxIncrement::dot_product_with             :         0.54    1029            0.0005
OOPS_STATS oops::ObsAuxIncrement::operator*=                   :         0.09      81            0.0011
OOPS_STATS oops::ObsAuxIncrement::operator+=                   :         0.17     123            0.0013
OOPS_STATS oops::ObsAuxIncrement::operator=                    :         0.03      45            0.0007
OOPS_STATS oops::ObsAuxIncrement::print                        :         0.01       7            0.0011
OOPS_STATS oops::ObsAuxIncrement::serialSize                   :         0.01     364            0.0000
OOPS_STATS oops::ObsAuxIncrement::zero                         :         0.06      42            0.0014
OOPS_STATS oops::ObsAuxIncrement::~ObsAuxIncrement             :         0.24     182            0.0013
OOPS_STATS oops::ObsAuxPreconditioner::multiply                :         0.05      42            0.0011
OOPS_STATS oops::ObsAuxPreconditioner::~ObsAuxPreconditioner   :         0.00       2            0.0010
OOPS_STATS oops::ObsDataVector::ObsDataVector                  :         0.18       4            0.0440
OOPS_STATS oops::ObsDataVector::mask                           :         0.01       2            0.0039
OOPS_STATS oops::ObsDataVector::operator=                      :         0.01       2            0.0071
OOPS_STATS oops::ObsDataVector::print                          :         5.16       2            2.5788
OOPS_STATS oops::ObsDataVector::save                           :         0.74       4            0.1842
OOPS_STATS oops::ObsDataVector::~ObsDataVector                 :         0.03       4            0.0087
OOPS_STATS oops::ObsDiagnostics::ObsDiagnostics                :         0.07       2            0.0326
OOPS_STATS oops::ObsDiagnostics::~ObsDiagnostics               :         0.02       2            0.0085
OOPS_STATS oops::ObsError::getRMSE                             :         0.67       4            0.1668
OOPS_STATS oops::ObsError::inverseMultiply                     :         0.43      43            0.0101
OOPS_STATS oops::ObsError::obserrors                           :         0.04       6            0.0070
OOPS_STATS oops::ObsError::update                              :        45.70       2           22.8486
OOPS_STATS oops::ObsError::~ObsError                           :         0.01       1            0.0139
OOPS_STATS oops::ObsOperator::refl10cm::ObsOperator            :        19.58       2            9.7877
OOPS_STATS oops::ObsOperator::refl10cm::computeReducedVars     :         0.07       3            0.0247
OOPS_STATS oops::ObsOperator::refl10cm::locations              :        13.01       3            4.3371
OOPS_STATS oops::ObsOperator::refl10cm::requiredVars           :         0.01       3            0.0018
OOPS_STATS oops::ObsOperator::refl10cm::simulateObs            :        12.92       2            6.4624
OOPS_STATS oops::ObsOperator::refl10cm::~ObsOperator           :         0.28       2            0.1387
OOPS_STATS oops::ObsSpace::ObsSpace                            :       704.89       1          704.8896
OOPS_STATS oops::ObsSpace::obsvariables                        :         0.00       3            0.0001
OOPS_STATS oops::ObsSpace::save                                :      2676.14       1         2676.1368
OOPS_STATS oops::ObsSpace::~ObsSpace                           :         0.87       1            0.8695
OOPS_STATS oops::ObsVector::ObsVector                          :         5.37     100            0.0537
OOPS_STATS oops::ObsVector::dot_product                        :         0.20       4            0.0497
OOPS_STATS oops::ObsVector::info                               :         2.57       6            0.4283
OOPS_STATS oops::ObsVector::operator*=                         :         0.01       2            0.0048
OOPS_STATS oops::ObsVector::operator-=                         :         0.02       2            0.0115
OOPS_STATS oops::ObsVector::operator=                          :         0.40       4            0.1008
OOPS_STATS oops::ObsVector::rms                                :         0.34       4            0.0848
OOPS_STATS oops::ObsVector::save                               :         0.46       6            0.0760
OOPS_STATS oops::ObsVector::zero                               :         0.14      43            0.0031
OOPS_STATS oops::ObsVector::~ObsVector                         :         0.20     100            0.0020
OOPS_STATS oops::Parameters::deserialize                       :         9.92      97            0.1023
OOPS_STATS oops::Parameters::serialize                         :         2.06      80            0.0257
OOPS_STATS oops::Run::execute                                  :    399415.67       1       399415.6738
OOPS_STATS oops::SampledLocations::SampledLocations            :         0.00       4            0.0003
OOPS_STATS oops::SampledLocations::latitudes                   :         0.00       3            0.0002
OOPS_STATS oops::SampledLocations::longitudes                  :         0.00       3            0.0000
OOPS_STATS oops::SampledLocations::times                       :         0.00       3            0.0000
OOPS_STATS oops::SampledLocations::~SampledLocations           :        78.24       8            9.7800
OOPS_STATS oops::State::State                                  :     69165.64      72          960.6338
OOPS_STATS oops::State::print                                  :        82.23       3           27.4098
OOPS_STATS oops::State::toFieldSet                             :        28.20       5            5.6407
OOPS_STATS oops::State::variables                              :         0.00      58            0.0000
OOPS_STATS oops::State::write                                  :      4658.03       1         4658.0291
OOPS_STATS oops::State::zero                                   :        66.13      30            2.2042
OOPS_STATS oops::State::~State                                 :         6.75      72            0.0938
OOPS_STATS oops::UnstructuredInterpolator::UnstructuredInterpo :        51.35    2400            0.0214
OOPS_STATS oops::UnstructuredInterpolator::apply               :       121.70   35200            0.0035
OOPS_STATS oops::UnstructuredInterpolator::applyAD             :        73.25   33600            0.0022
OOPS_STATS oops::VariableChange::VariableChange                :         0.59       3            0.1959
OOPS_STATS oops::VariableChange::changeVar                     :        18.02       3            6.0067
OOPS_STATS oops::VariableChange::~VariableChange               :         0.02       3            0.0070
OOPS_STATS oops::util::FieldSetHelpers::readFieldSet           :      7870.12       2         3935.0603
OOPS_STATS saber::Localization::Localization                   :      7944.08       1         7944.0759
OOPS_STATS saber::Localization::multiply                       :    182163.29    1260          144.5740
OOPS_STATS saber::Localization::~Localization                  :         0.00       1            0.0001
OOPS_STATS ufo::ObsFilter::ObsFilter                           :         7.95       5            1.5906
OOPS_STATS ufo::ObsFilter::checkFilterData                     :         0.01      15            0.0004
OOPS_STATS ufo::ObsFilter::postFilter                          :        22.11       5            4.4225
OOPS_STATS ufo::ObsFilter::preProcess                          :         0.01       5            0.0023
OOPS_STATS ufo::ObsFilter::priorFilter                         :         0.02       5            0.0042
OOPS_STATS ufo::ObsFilter::~ObsFilter                          :       123.68       9           13.7425
OOPS_STATS util::Timers::measured                              :    398973.37       1       398973.3691
OOPS_STATS ------------------------------------ Timing Statistics -------------------------------------

OOPS_STATS ------------------------------------------------------------------------------------------------------------------
OOPS_STATS ---------------------------------- Parallel Timing Statistics ( 800 MPI tasks) -----------------------------------
OOPS_STATS ------------------------------------------------------------------------------------------------------------------
OOPS_STATS Name                                                :     min (ms)    max (ms)    avg (ms)     % total   imbal (%)
OOPS_STATS oops::Covariance::EnsembleCovariance                :     75539.25    75540.25    75539.53       18.91        0.00
OOPS_STATS oops::Covariance::ensemble::multiply                :    234914.65   235873.13   235246.02       58.90        0.41
OOPS_STATS oops::Diffusion::multiplySqrtAD                     :     56808.96    59694.86    57959.41       14.51        4.98
OOPS_STATS oops::Diffusion::multiplySqrtTL                     :     45801.39    77457.66    49193.75       12.32       64.35
OOPS_STATS oops::Geometry::Geometry                            :     47108.96    48433.04    48347.66       12.11        2.74
OOPS_STATS oops::Geometry::~Geometry                           :       468.75      719.29      574.65        0.14       43.60
OOPS_STATS oops::GeometryData::setGlobalTree                   :      1809.72     1977.05     1896.50        0.47        8.82
OOPS_STATS oops::GetValues::fillGeoVaLsTL                      :       290.55      876.00      640.15        0.16       91.46
OOPS_STATS oops::GetValues::finalizeAD                         :       568.75     1055.53      646.57        0.16       75.29
OOPS_STATS oops::Increment::Increment                          :     14162.73    34227.85    25305.93        6.34       79.29
OOPS_STATS oops::Increment::axpy                               :      4944.67     6995.81     5675.85        1.42       36.14
OOPS_STATS oops::Increment::dot_product_with                   :      8295.28    10764.70     9742.68        2.44       25.35
OOPS_STATS oops::Increment::fromFieldSet                       :      8993.95    25070.32    10756.65        2.69      149.46
OOPS_STATS oops::Increment::operator+=                         :      8051.25    13980.20    10216.30        2.56       58.03
OOPS_STATS oops::Increment::operator=                          :      3130.56     8472.24     5546.29        1.39       96.31
OOPS_STATS oops::Increment::print                              :     15777.33    46560.00    34807.59        8.72       88.44
OOPS_STATS oops::Increment::schur_product_with                 :      6237.24    16031.16    11598.05        2.90       84.44
OOPS_STATS oops::Increment::toFieldSet                         :      8255.44    16727.20    11038.02        2.76       76.75
OOPS_STATS oops::LinearVariableChange::changeVarAD             :      1017.29     2179.44     1560.89        0.39       74.45
OOPS_STATS oops::LinearVariableChange::changeVarTL             :       291.54     1322.85     1040.75        0.26       99.09
OOPS_STATS oops::LocalInterpolator::preprocess                 :        64.99     1333.11     1285.89        0.32       98.62
OOPS_STATS oops::Localization::Localization                    :      7684.01     8147.48     7962.66        1.99        5.82
OOPS_STATS oops::Localization::multiply                        :    185444.24   214194.35   197534.92       49.46       14.55
OOPS_STATS oops::ObsSpace::ObsSpace                            :       636.37      710.88      677.17        0.17       11.00
OOPS_STATS oops::ObsSpace::save                                :      2442.98     2684.99     2590.78        0.65        9.34
OOPS_STATS oops::State::State                                  :     69099.76    69393.03    69208.49       17.33        0.42
OOPS_STATS oops::State::write                                  :      3429.29     4685.42     4660.15        1.17       26.95
OOPS_STATS oops::util::FieldSetHelpers::readFieldSet           :      7460.58     7876.25     7733.45        1.94        5.37
OOPS_STATS saber::Localization::Localization                   :      7683.99     8147.47     7962.64        1.99        5.82
OOPS_STATS saber::Localization::multiply                       :    170977.01   208845.26   187033.19       46.83       20.25
OOPS_STATS util::Timers::measured                              :    398973.37   399185.54   399100.40       99.93        0.05
OOPS_STATS oops::Run::execute                                  :    399316.10   399464.99   399386.84      100.00        0.04
OOPS_STATS ---------------------------------- Parallel Timing Statistics ( 800 MPI tasks) -----------------------------------

OOPS_STATS Run end                                  - Runtime:    400.61 sec,  Memory: total:  4150.44 GB, per task: min =     4.88 GB, max =     7.26 GB
Run: Finishing oops::Variational<MPAS, UFO and IODA observations> with status = 0
OOPS Ending   2026-05-31 17:41:11 (UTC+0000)
