Configuration input file is: jedivar.pass2.yaml
Full configuration is:YAMLConfiguration[path=jedivar.pass2.yaml, root={_member => {date => 2026-06-06T06:00:00Z , state variables => (water_vapor_mixing_ratio_wrt_moist_air,air_pressure_at_surface,air_temperature,northward_wind,eastward_wind,cloud_liquid_water,cloud_liquid_ice,rain_water,snow_water,graupel,equivalent_reflectivity_factor,upward_air_velocity) , stream name => ensemble} , output => {filename => mpasout.nc , stream name => analysis} , variational => {minimizer => {algorithm => DRPCG} , iterations => ({geometry => {nml_file => ./namelist.atmosphere , streams_file => ./streams.atmosphere , deallocate non-da fields => true , interpolation type => unstructured} , gradient norm reduction => 0.001 , ninner => 75})} , cost function => {cost type => 3D-Var , time window => {begin => 2026-06-06T04:00:00Z , length => PT4H} , jb evaluation => false , geometry => {nml_file => ./namelist.atmosphere , streams_file => ./streams.atmosphere , deallocate non-da fields => true , interpolation type => unstructured} , analysis variables => (water_vapor_mixing_ratio_wrt_moist_air,air_pressure_at_surface,air_temperature,northward_wind,eastward_wind,cloud_liquid_water,cloud_liquid_ice,rain_water,snow_water,graupel,equivalent_reflectivity_factor,upward_air_velocity) , background => {state variables => (water_vapor_mixing_ratio_wrt_moist_air,air_pressure_at_surface,air_temperature,northward_wind,eastward_wind,air_potential_temperature,dry_air_density,u,water_vapor_mixing_ratio_wrt_dry_air,air_pressure,landmask,seaice_fraction,snowc,skin_temperature_at_surface,ivgtyp,isltyp,snowh,vegetation_area_fraction,air_temperature_at_2m,water_vapor_mixing_ratio_wrt_moist_air_at_2m,eastward_wind_at_10m,northward_wind_at_10m,lai,smois,tslb,pressure_p,cloud_liquid_water,cloud_liquid_ice,graupel,rain_water,snow_water,cldfrac,equivalent_reflectivity_factor,w,upward_air_velocity) , filename => mpasout.nc , date => 2026-06-06T06:00:00Z} , background error => {covariance model => ensemble , localization => {localization method => SABER , saber central block => {saber block name => diffusion , active variables => (water_vapor_mixing_ratio_wrt_moist_air,air_pressure_at_surface,air_temperature,northward_wind,eastward_wind,cloud_liquid_water,cloud_liquid_ice,rain_water,snow_water,graupel,equivalent_reflectivity_factor,upward_air_velocity) , read => {groups => ({variables => (water_vapor_mixing_ratio_wrt_moist_air,air_pressure_at_surface,air_temperature,northward_wind,eastward_wind,cloud_liquid_water,cloud_liquid_ice,rain_water,snow_water,graupel,equivalent_reflectivity_factor,upward_air_velocity) , multivariate strategy => duplicated , horizontal => {filepath => data/diffusionloc/mpas_conus3km.diffusion_hz} , vertical => {levels => 59 , filepath => data/diffusionloc/mpas_conus3km.diffusion_vt}})}}} , members from template => {template => {date => 2026-06-06T06:00:00Z , state variables => (water_vapor_mixing_ratio_wrt_moist_air,air_pressure_at_surface,air_temperature,northward_wind,eastward_wind,cloud_liquid_water,cloud_liquid_ice,rain_water,snow_water,graupel,equivalent_reflectivity_factor,upward_air_velocity) , stream name => ensemble , filename => ./data/ens/mem%iMember%.nc} , pattern => %iMember% , start => 1 , zero padding => 3 , nmembers => 30}} , observations => {observers => ({obs space => {name => refl10cm , distribution => {name => RoundRobin , halo size => 500000} , obsdatain => {engine => {type => H5File , obsfile => data/obs/ioda_mrms_refl.nc , missing file action => warn}} , obsdataout => {engine => {type => H5File , allow overwrite => true , obsfile => jdiag_mrms_refl.nc}} , io pool => {write multiple files => false} , _source => mrms , simulated variables => (equivalentReflectivityFactor)} , obs operator => {name => VertInterp , vertical coordinate => height_above_mean_sea_level , observation vertical coordinate => height , interpolation method => linear , observation alias file => obsop_name_map.yaml} , obs localizations => ({localization method => Horizontal Gaspari-Cohn , lengthscale => 200000}) , _obsname => refl10cm , obs filters => ({filter => Background Check , filter variables => ({name => equivalentReflectivityFactor}) , threshold => 12 , action => {name => reject}})})}}}]
OOPS_STATS ObjectCountHelper started.
OOPS_STATS Run start                                - Runtime:      0.89 sec,  Memory: total:   104.08 GB, per task: min =   128.97 MB, max =   130.55 MB
Run: Starting oops::Variational<MPAS, UFO and IODA observations>
OOPS_STATS Variational start                        - Runtime:     0.89 sec,  Local Memory:   132.12 MB
==> create geom
atlas::mpi::push(world)
Increase halo 1
atlas::mpi::pop(world)
atlas::mpi::push(world)
atlas::mpi::pop(world)
atlas::mpi::push(world)
atlas::mpi::pop(world)
atlas::mpi::push(world)
atlas::mpi::pop(world)
refl10cm: read database from data/obs/ioda_mrms_refl.nc (io pool size: 800)
refl10cm processed vars: 1 Variables: equivalentReflectivityFactor
refl10cm assimilated vars: 1 Variables: equivalentReflectivityFactor
refl10cm: 0 observations are outside of time window out of 3931641
refl10cm: 0 observations were rejected by QC checks out of 3931641
No bias-correction is performed for this ObsSpace.
3DVar window: TimeWindow: start = 2026-06-06T04:00:00Z, end = 2026-06-06T08:00:00Z, inclusive upper bound.

OOPS_STATS IncrementalAssimilation start            - Runtime:    35.84 sec,  Local Memory:     2.28 GB
Running incremental assimilation with 1 outer iterations.
Minimizer algorithm=DRPCG
QNewtonLMP: maxouter : 1
IncrementalAssimilation: Configuration for outer iteration 0:
LocalConfiguration[root={geometry => {nml_file => ./namelist.atmosphere , streams_file => ./streams.atmosphere , deallocate non-da fields => true , interpolation type => unstructured} , gradient norm reduction => 0.001 , ninner => 75 , iteration => 0 , total iterations => 1}]
OOPS_STATS IncrementalAssimilation iteration 0      - Runtime:    35.85 sec,  Local Memory:     2.28 GB
==> create geom
atlas::mpi::push(world)
Increase halo 1
atlas::mpi::pop(world)
atlas::mpi::push(world)
atlas::mpi::pop(world)
atlas::mpi::push(world)
atlas::mpi::pop(world)
atlas::mpi::push(world)
atlas::mpi::pop(world)
Key "mesh[address=0x5100d20],halo[size=1]" not found in cache "NodeColumnsHaloExchangeCache" , creating new, removable with key "mesh[address=0x5100d20],halo[size=1]"
Key "mesh[address=0x80b3590],halo[size=1]" not found in cache "NodeColumnsHaloExchangeCache" , creating new, removable with key "mesh[address=0x80b3590],halo[size=1]"
processWhere: selected 0 obs.
BackgroundCheck obserr: 
refl10cm equivalentReflectivityFactor nlocs = 3931641, nobs = 3931641, min = 5, max = 5, avg = 5
processing a float: 12
ObsErrorDiagonal covariance updated 3795426
Observer::finalize QC = 
refl10cm equivalentReflectivityFactor nlocs = 3931641, nobs = 3931641, min = 0, max = 19, avg = 0
CostJo Observations: 
refl10cm nobs= 3931641 Min=0, Max=60.0538, RMS=4.41199

Jo Observations:
Jo Obs :refl10cm:equivalentReflectivityFactor   : Nobs=  3795426, Min= 0.000000e+00, Max= 5.996209e+01, RMS= 4.479845e+00
Jo Observations Equivalent:
Jo H(x):refl10cm:equivalentReflectivityFactor   : Nobs=  3795426, Min= 0.000000e+00, Max= 6.640643e+01, RMS= 4.590655e+00
Jo Bias Corrected Departures:
Jo Dep :refl10cm:equivalentReflectivityFactor   : Nobs=  3795426, Min=-5.996209e+01, Max= 5.895421e+01, RMS= 4.110760e+00
Jo Observations Errors:
UFO Diagonal observation error covariance, inverse variances: refl10cm nobs= 3795426 Min=0.04, Max=0.04, RMS=0.04



CostJo   : Nonlinear Jo(refl10cm) = 1.28273e+06, nobs = 3795426, Jo/n = 0.337967, err = 5
CostJo   : Nonlinear Jo = 1.28273e+06
Increment:diff x1 4
Increment:diff x2 35
Increment:diff x1 5
Increment:diff x2 36
Increment:diff x1 6
Increment:diff x2 37
Increment:diff x1 7
Increment:diff x2 38
Increment:diff x1 8
Increment:diff x2 39
Increment:diff x1 9
Increment:diff x2 40
Increment:diff x1 10
Increment:diff x2 41
Increment:diff x1 11
Increment:diff x2 42
Increment:diff x1 12
Increment:diff x2 43
Increment:diff x1 13
Increment:diff x2 44
Increment:diff x1 14
Increment:diff x2 45
Increment:diff x1 15
Increment:diff x2 46
Increment:diff x1 16
Increment:diff x2 47
Increment:diff x1 17
Increment:diff x2 48
Increment:diff x1 18
Increment:diff x2 49
Increment:diff x1 19
Increment:diff x2 50
Increment:diff x1 20
Increment:diff x2 51
Increment:diff x1 21
Increment:diff x2 52
Increment:diff x1 22
Increment:diff x2 53
Increment:diff x1 23
Increment:diff x2 54
Increment:diff x1 24
Increment:diff x2 55
Increment:diff x1 25
Increment:diff x2 56
Increment:diff x1 26
Increment:diff x2 57
Increment:diff x1 27
Increment:diff x2 58
Increment:diff x1 28
Increment:diff x2 59
Increment:diff x1 29
Increment:diff x2 60
Increment:diff x1 30
Increment:diff x2 61
Increment:diff x1 31
Increment:diff x2 62
Increment:diff x1 32
Increment:diff x2 63
Increment:diff x1 33
Increment:diff x2 64
Info     : Prepare ensemble configuration
Info     : Read full ensemble
Info     : Creating central block: 
Info     : SaberCentralBlock using multivariate strategy: deprecated
Info     : Creating single central block.
Info     : Read data

==================================================================================
 saber::Diffusion read
----------------------------------------------------------------------------------

group 1 of 1
atlas::mpi::push(world)
atlas::mpi::pop(world)
variables: [water_vapor_mixing_ratio_wrt_moist_air,air_pressure_at_surface,air_temperature,northward_wind,eastward_wind,cloud_liquid_water,cloud_liquid_ice,rain_water,snow_water,graupel,equivalent_reflectivity_factor,upward_air_velocity]
multivariate strategy: duplicated
Reading horizontal parameters
  levels: 1
Key "mesh[address=0x80b3590]" not found in cache "NodeColumnsGatherScatterCache" , creating new, removable with key "mesh[address=0x80b3590]"
  Info     : Reading file: data/diffusionloc/mpas_conus3km.diffusion_hz.nc
atlas::mpi::push(world)
atlas::mpi::pop(world)
  hzScales:  min: 4087.19  mean: 4087.19  max: 4087.19
  hzNorm:    min: 2.4414  mean: 3.71484  max: 4.05626
Reading vertical parameters
  levels: 59
  vertical strategy: normal
  Info     : Reading file: data/diffusionloc/mpas_conus3km.diffusion_vt.nc
atlas::mpi::push(world)
atlas::mpi::pop(world)
  vtScales:  min: 11  mean: 11  max: 11
  vtNorm:    min: 3.7178  mean: 4.83632  max: 5.25235
Diffusion: horizontal iterations: 6
Diffusion: vertical iterations: 242
Increment:diff x1 2
Increment:diff x2 1
==================================================================================

CostJb: FG-BG
  Valid time: 2026-06-06T06:00:00Z
  Resolution: nCellsGlobal = 2341818, nFields = 12
Fld=1  Min=0, Max=0, RMS=0 : water_vapor_mixing_ratio_wrt_moist_air
Fld=2  Min=0, Max=0, RMS=0 : air_pressure_at_surface
Fld=3  Min=0, Max=0, RMS=0 : air_temperature
Fld=4  Min=0, Max=0, RMS=0 : northward_wind
Fld=5  Min=0, Max=0, RMS=0 : eastward_wind
Fld=6  Min=0, Max=0, RMS=0 : cloud_liquid_water
Fld=7  Min=0, Max=0, RMS=0 : cloud_liquid_ice
Fld=8  Min=0, Max=0, RMS=0 : rain_water
Fld=9  Min=0, Max=0, RMS=0 : snow_water
Fld=10  Min=0, Max=0, RMS=0 : graupel
Fld=11  Min=0, Max=0, RMS=0 : equivalent_reflectivity_factor
Fld=12  Min=0, Max=0, RMS=0 : upward_air_velocity
Increment:diff x1 2
Increment:diff x2 1
CostJb: FG-BG
  Valid time: 2026-06-06T06:00:00Z
  Resolution: nCellsGlobal = 2341818, nFields = 12
Fld=1  Min=0, Max=0, RMS=0 : water_vapor_mixing_ratio_wrt_moist_air
Fld=2  Min=0, Max=0, RMS=0 : air_pressure_at_surface
Fld=3  Min=0, Max=0, RMS=0 : air_temperature
Fld=4  Min=0, Max=0, RMS=0 : northward_wind
Fld=5  Min=0, Max=0, RMS=0 : eastward_wind
Fld=6  Min=0, Max=0, RMS=0 : cloud_liquid_water
Fld=7  Min=0, Max=0, RMS=0 : cloud_liquid_ice
Fld=8  Min=0, Max=0, RMS=0 : rain_water
Fld=9  Min=0, Max=0, RMS=0 : snow_water
Fld=10  Min=0, Max=0, RMS=0 : graupel
Fld=11  Min=0, Max=0, RMS=0 : equivalent_reflectivity_factor
Fld=12  Min=0, Max=0, RMS=0 : upward_air_velocity
CostFunction: Nonlinear J = 1.28273e+06
OOPS_STATS IncrementalAssimilation linearize 0      - Runtime:   148.01 sec,  Local Memory:     7.02 GB

DRPCGMinimizer: max iter = 75, requested norm reduction = 0.001
CostFunction::computeGradientFG: gradient:
  Valid time: 2026-06-06T06:00:00Z
  Resolution: nCellsGlobal = 2341818, nFields = 12
Fld=1  Min=0, Max=0, RMS=0 : water_vapor_mixing_ratio_wrt_moist_air
Fld=2  Min=0, Max=0, RMS=0 : air_pressure_at_surface
Fld=3  Min=0, Max=0, RMS=0 : air_temperature
Fld=4  Min=0, Max=0, RMS=0 : northward_wind
Fld=5  Min=0, Max=0, RMS=0 : eastward_wind
Fld=6  Min=0, Max=0, RMS=0 : cloud_liquid_water
Fld=7  Min=0, Max=0, RMS=0 : cloud_liquid_ice
Fld=8  Min=0, Max=0, RMS=0 : rain_water
Fld=9  Min=0, Max=0, RMS=0 : snow_water
Fld=10  Min=0, Max=0, RMS=0 : graupel
Fld=11  Min=-1.94621, Max=2.00225, RMS=0.0159078 : equivalent_reflectivity_factor
Fld=12  Min=0, Max=0, RMS=0 : upward_air_velocity
DRPCGMinimizer rhs
  Valid time: 2026-06-06T06:00:00Z
  Resolution: nCellsGlobal = 2341818, nFields = 12
Fld=1  Min=-0, Max=-0, RMS=0 : water_vapor_mixing_ratio_wrt_moist_air
Fld=2  Min=-0, Max=-0, RMS=0 : air_pressure_at_surface
Fld=3  Min=-0, Max=-0, RMS=0 : air_temperature
Fld=4  Min=-0, Max=-0, RMS=0 : northward_wind
Fld=5  Min=-0, Max=-0, RMS=0 : eastward_wind
Fld=6  Min=-0, Max=-0, RMS=0 : cloud_liquid_water
Fld=7  Min=-0, Max=-0, RMS=0 : cloud_liquid_ice
Fld=8  Min=-0, Max=-0, RMS=0 : rain_water
Fld=9  Min=-0, Max=-0, RMS=0 : snow_water
Fld=10  Min=-0, Max=-0, RMS=0 : graupel
Fld=11  Min=-2.00225, Max=1.94621, RMS=0.0159078 : equivalent_reflectivity_factor
Fld=12  Min=-0, Max=-0, RMS=0 : upward_air_velocity
Initial RHS squared norm = 34964.4
OOPS_STATS DRPCG start                              - Runtime:   148.16 sec,  Local Memory:     7.02 GB
normr0 34964.4
  Residual norm ( 0) = 9136.091563725942
  Norm reduction ( 0) = 1

  Quadratic cost function: J   ( 0) = 1282728.477690826
  Quadratic cost function: Jb  ( 0) = 0
  Quadratic cost function: JoJc( 0) = 1282728.477690826


 DRPCG Starting Iteration 1
OOPS_STATS DRPCG iteration 1                        - Runtime:   153.63 sec,  Local Memory:     7.02 GB
rdots 2.85455e+07      iteration    0
DRPCG end of iteration 1
  Residual norm ( 1) = 5342.799800125541
  Norm reduction ( 1) = 0.5848014725836005

  Quadratic cost function: J   ( 1) = 744050.4444915387
  Quadratic cost function: Jb  ( 1) = 6952.926527959124
  Quadratic cost function: JoJc( 1) = 737097.5179635795

 DRPCG Starting Iteration 2
OOPS_STATS DRPCG iteration 2                        - Runtime:   159.16 sec,  Local Memory:     7.02 GB
rdots 1.30211e+07      iteration    1
DRPCG end of iteration 2
  Residual norm ( 2) = 3608.476948780071
  Norm reduction ( 2) = 0.3949694378181601

  Quadratic cost function: J   ( 2) = 578595.5507623833
  Quadratic cost function: Jb  ( 2) = 13798.0664971181
  Quadratic cost function: JoJc( 2) = 564797.4842652652

 DRPCG Starting Iteration 3
OOPS_STATS DRPCG iteration 3                        - Runtime:   164.71 sec,  Local Memory:     7.02 GB
rdots 7.57473e+06      iteration    2
DRPCG end of iteration 3
  Residual norm ( 3) = 2752.222896104123
  Norm reduction ( 3) = 0.3012472978085711

  Quadratic cost function: J   ( 3) = 493515.26011627
  Quadratic cost function: Jb  ( 3) = 20434.00713265419
  Quadratic cost function: JoJc( 3) = 473081.2529836159

 DRPCG Starting Iteration 4
OOPS_STATS DRPCG iteration 4                        - Runtime:   170.34 sec,  Local Memory:     7.02 GB
rdots 5.26778e+06      iteration    3
DRPCG end of iteration 4
  Residual norm ( 4) = 2295.164428583709
  Norm reduction ( 4) = 0.2512195080986775

  Quadratic cost function: J   ( 4) = 445119.3757024612
  Quadratic cost function: Jb  ( 4) = 26426.67788676605
  Quadratic cost function: JoJc( 4) = 418692.6978156952

 DRPCG Starting Iteration 5
OOPS_STATS DRPCG iteration 5                        - Runtime:   175.82 sec,  Local Memory:     7.02 GB
rdots 3.5686e+06      iteration    4
DRPCG end of iteration 5
  Residual norm ( 5) = 1889.074674810421
  Norm reduction ( 5) = 0.2067705497075826

  Quadratic cost function: J   ( 5) = 409663.5982759784
  Quadratic cost function: Jb  ( 5) = 32815.48047034597
  Quadratic cost function: JoJc( 5) = 376848.1178056324

 DRPCG Starting Iteration 6
rdots 2.27302e+06      iteration    5
DRPCG end of iteration 6
  Residual norm ( 6) = 1507.654907319117
  Norm reduction ( 6) = 0.1650218692318201

  Quadratic cost function: J   ( 6) = 384520.1874018753
  Quadratic cost function: Jb  ( 6) = 39058.48129563128
  Quadratic cost function: JoJc( 6) = 345461.706106244

 DRPCG Starting Iteration 7
rdots 1.82129e+06      iteration    6
DRPCG end of iteration 7
  Residual norm ( 7) = 1349.553224858438
  Norm reduction ( 7) = 0.1477166921374477

  Quadratic cost function: J   ( 7) = 366885.7040140029
  Quadratic cost function: Jb  ( 7) = 44805.83408034277
  Quadratic cost function: JoJc( 7) = 322079.8699336601

 DRPCG Starting Iteration 8
rdots 1.37749e+06      iteration    7
DRPCG end of iteration 8
  Residual norm ( 8) = 1173.664144287804
  Norm reduction ( 8) = 0.1284645776699235

  Quadratic cost function: J   ( 8) = 355453.8449983029
  Quadratic cost function: Jb  ( 8) = 49449.93247456581
  Quadratic cost function: JoJc( 8) = 306003.9125237371

 DRPCG Starting Iteration 9
rdots 963155      iteration    8
DRPCG end of iteration 9
  Residual norm ( 9) = 981.4045008854863
  Norm reduction ( 9) = 0.107420606945542

  Quadratic cost function: J   ( 9) = 345678.1020666375
  Quadratic cost function: Jb  ( 9) = 54271.0609966183
  Quadratic cost function: JoJc( 9) = 291407.0410700192

 DRPCG Starting Iteration 10
OOPS_STATS DRPCG iteration 10                       - Runtime:   204.85 sec,  Local Memory:     7.02 GB
rdots 723663      iteration    9
DRPCG end of iteration 10
  Residual norm (10) = 850.6838975242936
  Norm reduction (10) = 0.09311245313059908

  Quadratic cost function: J   (10) = 338261.0848118581
  Quadratic cost function: Jb  (10) = 58665.6723538164
  Quadratic cost function: JoJc(10) = 279595.4124580417

 DRPCG Starting Iteration 11
rdots 556604      iteration    10
DRPCG end of iteration 11
  Residual norm (11) = 746.0591596243652
  Norm reduction (11) = 0.08166064825647415

  Quadratic cost function: J   (11) = 332649.2403264048
  Quadratic cost function: Jb  (11) = 62586.50453011341
  Quadratic cost function: JoJc(11) = 270062.7357962914

 DRPCG Starting Iteration 12
rdots 418695      iteration    11
DRPCG end of iteration 12
  Residual norm (12) = 647.0667998092055
  Norm reduction (12) = 0.07082534093444597

  Quadratic cost function: J   (12) = 328185.5286081067
  Quadratic cost function: Jb  (12) = 66214.00089210314
  Quadratic cost function: JoJc(12) = 261971.5277160035

 DRPCG Starting Iteration 13
rdots 312061      iteration    12
DRPCG end of iteration 13
  Residual norm (13) = 558.6239139179157
  Norm reduction (13) = 0.06114473678612016

  Quadratic cost function: J   (13) = 324850.4360545037
  Quadratic cost function: Jb  (13) = 69323.76353529809
  Quadratic cost function: JoJc(13) = 255526.6725192056

 DRPCG Starting Iteration 14
rdots 242986      iteration    13
DRPCG end of iteration 14
  Residual norm (14) = 492.935678150334
  Norm reduction (14) = 0.05395476552659479

  Quadratic cost function: J   (14) = 322308.9881984307
  Quadratic cost function: Jb  (14) = 72005.099026499
  Quadratic cost function: JoJc(14) = 250303.8891719317

 DRPCG Starting Iteration 15
OOPS_STATS DRPCG iteration 15                       - Runtime:   234.28 sec,  Local Memory:     7.02 GB
rdots 181047      iteration    14
DRPCG end of iteration 15
  Residual norm (15) = 425.4959900893246
  Norm reduction (15) = 0.04657308731216305

  Quadratic cost function: J   (15) = 320382.2675454678
  Quadratic cost function: Jb  (15) = 74279.35252091676
  Quadratic cost function: JoJc(15) = 246102.9150245511

 DRPCG Starting Iteration 16
rdots 145212      iteration    15
DRPCG end of iteration 16
  Residual norm (16) = 381.0674025780004
  Norm reduction (16) = 0.04171011202328526

  Quadratic cost function: J   (16) = 318896.8747465593
  Quadratic cost function: Jb  (16) = 76222.94288962217
  Quadratic cost function: JoJc(16) = 242673.9318569371

 DRPCG Starting Iteration 17
rdots 105661      iteration    16
DRPCG end of iteration 17
  Residual norm (17) = 325.0559707979601
  Norm reduction (17) = 0.03557932498056023

  Quadratic cost function: J   (17) = 317779.2316851097
  Quadratic cost function: Jb  (17) = 77829.91208861435
  Quadratic cost function: JoJc(17) = 239949.3195964953

 DRPCG Starting Iteration 18
rdots 75599.4      iteration    17
DRPCG end of iteration 18
  Residual norm (18) = 274.9533601023202
  Norm reduction (18) = 0.03009529383374381

  Quadratic cost function: J   (18) = 316893.1461705593
  Quadratic cost function: Jb  (18) = 79220.98633114737
  Quadratic cost function: JoJc(18) = 237672.159839412

 DRPCG Starting Iteration 19
rdots 60282.3      iteration    18
DRPCG end of iteration 19
  Residual norm (19) = 245.5245920182517
  Norm reduction (19) = 0.02687413871737951

  Quadratic cost function: J   (19) = 316211.2849447645
  Quadratic cost function: Jb  (19) = 80385.51332301385
  Quadratic cost function: JoJc(19) = 235825.7716217506

 DRPCG Starting Iteration 20
OOPS_STATS DRPCG iteration 20                       - Runtime:   264.39 sec,  Local Memory:     7.02 GB
rdots 44275.3      iteration    19
DRPCG end of iteration 20
  Residual norm (20) = 210.4169083698456
  Norm reduction (20) = 0.02303139224274936

  Quadratic cost function: J   (20) = 315714.7420897326
  Quadratic cost function: Jb  (20) = 81301.95186163913
  Quadratic cost function: JoJc(20) = 234412.7902280934

 DRPCG Starting Iteration 21
rdots 33181.6      iteration    20
DRPCG end of iteration 21
  Residual norm (21) = 182.1583006054805
  Norm reduction (21) = 0.01993831818944593

  Quadratic cost function: J   (21) = 315328.3705561813
  Quadratic cost function: Jb  (21) = 82068.22984472002
  Quadratic cost function: JoJc(21) = 233260.1407114613

 DRPCG Starting Iteration 22
rdots 26289.7      iteration    21
DRPCG end of iteration 22
  Residual norm (22) = 162.1409350267978
  Norm reduction (22) = 0.01774729750636084

  Quadratic cost function: J   (22) = 315039.4456714354
  Quadratic cost function: Jb  (22) = 82681.6470330302
  Quadratic cost function: JoJc(22) = 232357.7986384052

 DRPCG Starting Iteration 23
rdots 19165.8      iteration    22
DRPCG end of iteration 23
  Residual norm (23) = 138.4407490316351
  Norm reduction (23) = 0.01515317004716788

  Quadratic cost function: J   (23) = 314819.8042226067
  Quadratic cost function: Jb  (23) = 83178.62108658164
  Quadratic cost function: JoJc(23) = 231641.1831360251

 DRPCG Starting Iteration 24
rdots 15278.5      iteration    23
DRPCG end of iteration 24
  Residual norm (24) = 123.6063215821402
  Norm reduction (24) = 0.01352945301828063

  Quadratic cost function: J   (24) = 314660.3011881888
  Quadratic cost function: Jb  (24) = 83561.38599972599
  Quadratic cost function: JoJc(24) = 231098.9151884629

 DRPCG Starting Iteration 25
OOPS_STATS DRPCG iteration 25                       - Runtime:   294.85 sec,  Local Memory:     7.02 GB
rdots 11492.9      iteration    24
DRPCG end of iteration 25
  Residual norm (25) = 107.2049056914672
  Norm reduction (25) = 0.01173421970912758

  Quadratic cost function: J   (25) = 314536.2716295798
  Quadratic cost function: Jb  (25) = 83875.87746932471
  Quadratic cost function: JoJc(25) = 230660.3941602551

 DRPCG Starting Iteration 26
rdots 8467.6      iteration    25
DRPCG end of iteration 26
  Residual norm (26) = 92.01954833098732
  Norm reduction (26) = 0.01007209129737085

  Quadratic cost function: J   (26) = 314440.381329514
  Quadratic cost function: Jb  (26) = 84132.27809245835
  Quadratic cost function: JoJc(26) = 230308.1032370556

 DRPCG Starting Iteration 27
rdots 6535.46      iteration    26
DRPCG end of iteration 27
  Residual norm (27) = 80.84218576385433
  Norm reduction (27) = 0.008848661946956748

  Quadratic cost function: J   (27) = 314368.9384373527
  Quadratic cost function: Jb  (27) = 84333.20450135204
  Quadratic cost function: JoJc(27) = 230035.7339360006

 DRPCG Starting Iteration 28
rdots 4912.49      iteration    27
DRPCG end of iteration 28
  Residual norm (28) = 70.08918660614395
  Norm reduction (28) = 0.00767168171611009

  Quadratic cost function: J   (28) = 314314.0427348514
  Quadratic cost function: Jb  (28) = 84495.19526662964
  Quadratic cost function: JoJc(28) = 229818.8474682217

 DRPCG Starting Iteration 29
rdots 3740.67      iteration    28
DRPCG end of iteration 29
  Residual norm (29) = 61.1610320318649
  Norm reduction (29) = 0.006694441666357577

  Quadratic cost function: J   (29) = 314272.6962135024
  Quadratic cost function: Jb  (29) = 84622.95019965988
  Quadratic cost function: JoJc(29) = 229649.7460138426

 DRPCG Starting Iteration 30
OOPS_STATS DRPCG iteration 30                       - Runtime:   325.36 sec,  Local Memory:     7.02 GB
rdots 2715.12      iteration    29
DRPCG end of iteration 30
  Residual norm (30) = 52.10683201241655
  Norm reduction (30) = 0.005703405186885626

  Quadratic cost function: J   (30) = 314240.1184132928
  Quadratic cost function: Jb  (30) = 84728.21536823352
  Quadratic cost function: JoJc(30) = 229511.9030450593

 DRPCG Starting Iteration 31
rdots 2136.62      iteration    30
DRPCG end of iteration 31
  Residual norm (31) = 46.22361385183379
  Norm reduction (31) = 0.005059451684499379

  Quadratic cost function: J   (31) = 314215.8825309738
  Quadratic cost function: Jb  (31) = 84810.00313499515
  Quadratic cost function: JoJc(31) = 229405.8793959786

 DRPCG Starting Iteration 32
rdots 1604.05      iteration    31
DRPCG end of iteration 32
  Residual norm (32) = 40.05057196401224
  Norm reduction (32) = 0.004383775237436274

  Quadratic cost function: J   (32) = 314196.9673528152
  Quadratic cost function: Jb  (32) = 84876.57606557052
  Quadratic cost function: JoJc(32) = 229320.3912872447

 DRPCG Starting Iteration 33
rdots 1254.28      iteration    32
DRPCG end of iteration 33
  Residual norm (33) = 35.41577575518007
  Norm reduction (33) = 0.003876469002981026

  Quadratic cost function: J   (33) = 314183.2256965815
  Quadratic cost function: Jb  (33) = 84926.91876343597
  Quadratic cost function: JoJc(33) = 229256.3069331456

 DRPCG Starting Iteration 34
rdots 918.283      iteration    33
DRPCG end of iteration 34
  Residual norm (34) = 30.30317795527995
  Norm reduction (34) = 0.003316864519571595

  Quadratic cost function: J   (34) = 314173.0435430788
  Quadratic cost function: Jb  (34) = 84965.63625547891
  Quadratic cost function: JoJc(34) = 229207.4072875999

 DRPCG Starting Iteration 35
OOPS_STATS DRPCG iteration 35                       - Runtime:   356.18 sec,  Local Memory:     7.02 GB
rdots 700.176      iteration    34
DRPCG end of iteration 35
  Residual norm (35) = 26.46083655295029
  Norm reduction (35) = 0.002896297215103529

  Quadratic cost function: J   (35) = 314165.0308650605
  Quadratic cost function: Jb  (35) = 84997.22461086928
  Quadratic cost function: JoJc(35) = 229167.8062541912

 DRPCG Starting Iteration 36
rdots 530.9      iteration    35
DRPCG end of iteration 36
  Residual norm (36) = 23.04127140701821
  Norm reduction (36) = 0.002522005306788034

  Quadratic cost function: J   (36) = 314159.1960039015
  Quadratic cost function: Jb  (36) = 85021.0439595926
  Quadratic cost function: JoJc(36) = 229138.152044309

 DRPCG Starting Iteration 37
rdots 403.273      iteration    36
DRPCG end of iteration 37
  Residual norm (37) = 20.08166093752384
  Norm reduction (37) = 0.002198058195613574

  Quadratic cost function: J   (37) = 314154.6470704405
  Quadratic cost function: Jb  (37) = 85040.24724310203
  Quadratic cost function: JoJc(37) = 229114.3998273384

 DRPCG Starting Iteration 38
rdots 304.501      iteration    37
DRPCG end of iteration 38
  Residual norm (38) = 17.44994490764746
  Norm reduction (38) = 0.001910001096850971

  Quadratic cost function: J   (38) = 314151.2747594916
  Quadratic cost function: Jb  (38) = 85054.95458530498
  Quadratic cost function: JoJc(38) = 229096.3201741866

 DRPCG Starting Iteration 39
rdots 230.154      iteration    38
DRPCG end of iteration 39
  Residual norm (39) = 15.17083660683172
  Norm reduction (39) = 0.001660539028206133

  Quadratic cost function: J   (39) = 314148.7309347439
  Quadratic cost function: Jb  (39) = 85066.39953746747
  Quadratic cost function: JoJc(39) = 229082.3313972764

 DRPCG Starting Iteration 40
OOPS_STATS DRPCG iteration 40                       - Runtime:   387.28 sec,  Local Memory:     7.02 GB
rdots 167.67      iteration    39
DRPCG end of iteration 40
  Residual norm (40) = 12.94873894666484
  Norm reduction (40) = 0.001417317116005786

  Quadratic cost function: J   (40) = 314146.7003680103
  Quadratic cost function: Jb  (40) = 85075.82240935163
  Quadratic cost function: JoJc(40) = 229070.8779586587

 DRPCG Starting Iteration 41
rdots 130.102      iteration    40
DRPCG end of iteration 41
  Residual norm (41) = 11.40621745114552
  Norm reduction (41) = 0.001248478889641705

  Quadratic cost function: J   (41) = 314145.2051034357
  Quadratic cost function: Jb  (41) = 85082.97631759604
  Quadratic cost function: JoJc(41) = 229062.2287858396

 DRPCG Starting Iteration 42
rdots 97.9813      iteration    41
DRPCG end of iteration 42
  Residual norm (42) = 9.89855263822615
  Norm reduction (42) = 0.001083455936182546

  Quadratic cost function: J   (42) = 314144.0951666889
  Quadratic cost function: Jb  (42) = 85088.44346013491
  Quadratic cost function: JoJc(42) = 229055.651706554

 DRPCG Starting Iteration 43
rdots 68.6799      iteration    42
DRPCG end of iteration 43
  Residual norm (43) = 8.287336503084523
  Norm reduction (43) = 0.0009070986696311879

  Quadratic cost function: J   (43) = 314143.2145912976
  Quadratic cost function: Jb  (43) = 85092.90718481416
  Quadratic cost function: JoJc(43) = 229050.3074064834

DRPCG: Achieved required reduction in residual norm.
OOPS_STATS DRPCG end                                - Runtime:   412.57 sec,  Local Memory:     7.02 GB
DRPCGMinimizer: reduction in residual norm = 0.000907099
DRPCGMinimizer output increment:
  Valid time: 2026-06-06T06:00:00Z
  Resolution: nCellsGlobal = 2341818, nFields = 12
Fld=1  Min=-0.0119096, Max=0.0153084, RMS=0.000108755 : water_vapor_mixing_ratio_wrt_moist_air
Fld=2  Min=-73.7057, Max=167.084, RMS=2.65535 : air_pressure_at_surface
Fld=3  Min=-18.9816, Max=12.7609, RMS=0.112161 : air_temperature
Fld=4  Min=-31.2485, Max=50.0114, RMS=0.394778 : northward_wind
Fld=5  Min=-59.834, Max=37.4098, RMS=0.381591 : eastward_wind
Fld=6  Min=-0.00403343, Max=0.00896306, RMS=1.68616e-05 : cloud_liquid_water
Fld=7  Min=-0.000884734, Max=0.00332477, RMS=5.09191e-06 : cloud_liquid_ice
Fld=8  Min=-0.00629355, Max=0.00456252, RMS=2.86513e-05 : rain_water
Fld=9  Min=-0.00406014, Max=0.0062679, RMS=5.10986e-05 : snow_water
Fld=10  Min=-0.00749611, Max=0.0110773, RMS=2.79041e-05 : graupel
Fld=11  Min=-94.6563, Max=115.406, RMS=2.36287 : equivalent_reflectivity_factor
Fld=12  Min=0, Max=0, RMS=0 : upward_air_velocity
CostFunction::addIncrement: First guess:
  Valid time: 2026-06-06T06:00:00Z
  Resolution: nCellsGlobal = 2341818, nFields = 35
Fld=1  Min=0, Max=0.021113, RMS=0.00611608 : water_vapor_mixing_ratio_wrt_moist_air
Fld=2  Min=63701.3, Max=102202, RMS=96270.8 : air_pressure_at_surface
Fld=3  Min=194.385, Max=313.154, RMS=261.243 : air_temperature
Fld=4  Min=-42.3314, Max=45.4435, RMS=7.8059 : northward_wind
Fld=5  Min=-25.9387, Max=56.1622, RMS=10.9658 : eastward_wind
Fld=6  Min=274.254, Max=645.034, RMS=356.32 : air_potential_temperature
Fld=7  Min=0.0384755, Max=1.26843, RMS=0.778342 : dry_air_density
Fld=8  Min=-56.0437, Max=56.3583, RMS=9.48555 : u
Fld=9  Min=0, Max=0.0215684, RMS=0.00618828 : water_vapor_mixing_ratio_wrt_dry_air
Fld=10  Min=2446.9, Max=102094, RMS=64196.1 : air_pressure
Fld=11  Min=0, Max=1, RMS=0.790008 : landmask
Fld=12  Min=0, Max=0.997171, RMS=0.0232342 : seaice_fraction
Fld=13  Min=0, Max=1, RMS=0.0524999 : snowc
Fld=14  Min=258.224, Max=310.258, RMS=291.337 : skin_temperature_at_surface
Fld=15  Min=1, Max=19, RMS=12.7664 : ivgtyp
Fld=16  Min=1, Max=16, RMS=9.97061 : isltyp
Fld=17  Min=0, Max=7.5, RMS=0.155346 : snowh
Fld=18  Min=0, Max=0.930115, RMS=0.422073 : vegetation_area_fraction
Fld=19  Min=261.077, Max=310.667, RMS=291.435 : air_temperature_at_2m
Fld=20  Min=0.000763127, Max=0.0213543, RMS=0.0114847 : water_vapor_mixing_ratio_wrt_moist_air_at_2m
Fld=21  Min=-12.913, Max=16.5306, RMS=3.2563 : eastward_wind_at_10m
Fld=22  Min=-13.9745, Max=17.4574, RMS=3.42603 : northward_wind_at_10m
Fld=23  Min=0, Max=6.56538, RMS=1.72987 : lai
Fld=24  Min=0.00200001, Max=1, RMS=0.63356 : smois
Fld=25  Min=262.134, Max=314.831, RMS=291.303 : tslb
Fld=26  Min=-871.119, Max=5631.62, RMS=3058.42 : pressure_p
Fld=27  Min=0, Max=0.00597889, RMS=3.85408e-05 : cloud_liquid_water
Fld=28  Min=0, Max=0.00362217, RMS=8.15306e-06 : cloud_liquid_ice
Fld=29  Min=0, Max=0.0125558, RMS=3.08652e-05 : graupel
Fld=30  Min=0, Max=0.00991953, RMS=4.02901e-05 : rain_water
Fld=31  Min=0, Max=0.00631925, RMS=8.53004e-05 : snow_water
Fld=32  Min=0, Max=1, RMS=0.198885 : cldfrac
Fld=33  Min=0, Max=72.4124, RMS=3.85281 : equivalent_reflectivity_factor
Fld=34  Min=-9.11827, Max=32.6448, RMS=0.157695 : w
Fld=35  Min=0, Max=0, RMS=0 : upward_air_velocity
CostFunction::addIncrement: Increment:
  Valid time: 2026-06-06T06:00:00Z
  Resolution: nCellsGlobal = 2341818, nFields = 12
Fld=1  Min=-0.0119096, Max=0.0153084, RMS=0.000108755 : water_vapor_mixing_ratio_wrt_moist_air
Fld=2  Min=-73.7057, Max=167.084, RMS=2.65535 : air_pressure_at_surface
Fld=3  Min=-18.9816, Max=12.7609, RMS=0.112161 : air_temperature
Fld=4  Min=-31.2485, Max=50.0114, RMS=0.394778 : northward_wind
Fld=5  Min=-59.834, Max=37.4098, RMS=0.381591 : eastward_wind
Fld=6  Min=-0.00403343, Max=0.00896306, RMS=1.68616e-05 : cloud_liquid_water
Fld=7  Min=-0.000884734, Max=0.00332477, RMS=5.09191e-06 : cloud_liquid_ice
Fld=8  Min=-0.00629355, Max=0.00456252, RMS=2.86513e-05 : rain_water
Fld=9  Min=-0.00406014, Max=0.0062679, RMS=5.10986e-05 : snow_water
Fld=10  Min=-0.00749611, Max=0.0110773, RMS=2.79041e-05 : graupel
Fld=11  Min=-94.6563, Max=115.406, RMS=2.36287 : equivalent_reflectivity_factor
Fld=12  Min=0, Max=0, RMS=0 : upward_air_velocity
CostFunction::addIncrement: Analysis: 
  Valid time: 2026-06-06T06:00:00Z
  Resolution: nCellsGlobal = 2341818, nFields = 35
Fld=1  Min=0, Max=0.0237059, RMS=0.00611624 : water_vapor_mixing_ratio_wrt_moist_air
Fld=2  Min=63701.3, Max=102202, RMS=96270.9 : air_pressure_at_surface
Fld=3  Min=194.385, Max=313.154, RMS=261.245 : air_temperature
Fld=4  Min=-42.3314, Max=49.1701, RMS=7.8113 : northward_wind
Fld=5  Min=-62.0528, Max=71.1559, RMS=10.9666 : eastward_wind
Fld=6  Min=274.254, Max=645.034, RMS=356.321 : air_potential_temperature
Fld=7  Min=0.0384755, Max=1.26843, RMS=0.778336 : dry_air_density
Fld=8  Min=-67.8812, Max=70.8274, RMS=9.48782 : u
Fld=9  Min=0, Max=0.0242815, RMS=0.00618847 : water_vapor_mixing_ratio_wrt_dry_air
Fld=10  Min=2446.17, Max=102094, RMS=64196.3 : air_pressure
Fld=11  Min=0, Max=1, RMS=0.790008 : landmask
Fld=12  Min=0, Max=0.997171, RMS=0.0232342 : seaice_fraction
Fld=13  Min=0, Max=1, RMS=0.0524999 : snowc
Fld=14  Min=258.224, Max=310.258, RMS=291.337 : skin_temperature_at_surface
Fld=15  Min=1, Max=19, RMS=12.7664 : ivgtyp
Fld=16  Min=1, Max=16, RMS=9.97061 : isltyp
Fld=17  Min=0, Max=7.5, RMS=0.155346 : snowh
Fld=18  Min=0, Max=0.930115, RMS=0.422073 : vegetation_area_fraction
Fld=19  Min=261.164, Max=310.667, RMS=291.436 : air_temperature_at_2m
Fld=20  Min=0.000763127, Max=0.0213577, RMS=0.0114842 : water_vapor_mixing_ratio_wrt_moist_air_at_2m
Fld=21  Min=-12.913, Max=16.5306, RMS=3.2563 : eastward_wind_at_10m
Fld=22  Min=-13.9745, Max=17.4574, RMS=3.42603 : northward_wind_at_10m
Fld=23  Min=0, Max=6.56538, RMS=1.72987 : lai
Fld=24  Min=0.00200001, Max=1, RMS=0.63356 : smois
Fld=25  Min=262.134, Max=314.831, RMS=291.303 : tslb
Fld=26  Min=-893, Max=5631.62, RMS=3058.68 : pressure_p
Fld=27  Min=0, Max=0.00896306, RMS=3.90812e-05 : cloud_liquid_water
Fld=28  Min=0, Max=0.00366396, RMS=9.09753e-06 : cloud_liquid_ice
Fld=29  Min=0, Max=0.0120689, RMS=3.69632e-05 : graupel
Fld=30  Min=0, Max=0.00742291, RMS=3.78118e-05 : rain_water
Fld=31  Min=0, Max=0.0068907, RMS=9.79676e-05 : snow_water
Fld=32  Min=0, Max=1, RMS=0.198885 : cldfrac
Fld=33  Min=0, Max=115.406, RMS=3.34217 : equivalent_reflectivity_factor
Fld=34  Min=-9.11827, Max=32.6448, RMS=0.157695 : w
Fld=35  Min=0, Max=0, RMS=0 : upward_air_velocity
OOPS_STATS IncrementalAssimilation end              - Runtime:   412.77 sec,  Local Memory:     7.02 GB
Variational: incremental assimilation done 1 iterations.
QC refl10cm equivalentReflectivityFactor: 136213 H(x) failed.
QC refl10cm equivalentReflectivityFactor: 2 rejected by first-guess check.
QC refl10cm equivalentReflectivityFactor: 3795426 passed out of 3931641 observations.
ObsErrorDiagonal covariance updated 3795426
Observer::finalize QC = 
refl10cm equivalentReflectivityFactor nlocs = 3931641, nobs = 3931641, min = 0, max = 19, avg = 0
Jo Observations:
Jo Obs :refl10cm:equivalentReflectivityFactor   : Nobs=  3795426, Min= 0.000000e+00, Max= 5.996209e+01, RMS= 4.479845e+00
Jo Observations Equivalent:
Jo H(x):refl10cm:equivalentReflectivityFactor   : Nobs=  3795426, Min= 0.000000e+00, Max= 6.628716e+01, RMS= 4.142810e+00
Jo Bias Corrected Departures:
Jo Dep :refl10cm:equivalentReflectivityFactor   : Nobs=  3795426, Min=-5.279368e+01, Max= 5.026043e+01, RMS= 1.739150e+00
Jo Observations Errors:
UFO Diagonal observation error covariance, inverse variances: refl10cm nobs= 3795426 Min=0.04, Max=0.04, RMS=0.04



CostJo   : Nonlinear Jo(refl10cm) = 229596, nobs = 3795426, Jo/n = 0.0604929, err = 5
CostJo   : Nonlinear Jo = 229596
Increment:diff x1 2
Increment:diff x2 1
CostJb: FG-BG
  Valid time: 2026-06-06T06:00:00Z
  Resolution: nCellsGlobal = 2341818, nFields = 12
Fld=1  Min=-0.010708, Max=0.0153084, RMS=0.000108532 : water_vapor_mixing_ratio_wrt_moist_air
Fld=2  Min=-73.7057, Max=167.084, RMS=2.65535 : air_pressure_at_surface
Fld=3  Min=-18.9816, Max=12.7609, RMS=0.112161 : air_temperature
Fld=4  Min=-31.2485, Max=50.0114, RMS=0.394778 : northward_wind
Fld=5  Min=-59.834, Max=37.4098, RMS=0.381591 : eastward_wind
Fld=6  Min=-0.00280763, Max=0.00896306, RMS=1.4085e-05 : cloud_liquid_water
Fld=7  Min=-0.000868024, Max=0.00332477, RMS=4.67248e-06 : cloud_liquid_ice
Fld=8  Min=-0.00461862, Max=0.00456252, RMS=2.03595e-05 : rain_water
Fld=9  Min=-0.00360187, Max=0.0062679, RMS=4.8637e-05 : snow_water
Fld=10  Min=-0.00749611, Max=0.0110773, RMS=2.53215e-05 : graupel
Fld=11  Min=-60.6112, Max=115.406, RMS=2.3031 : equivalent_reflectivity_factor
Fld=12  Min=0, Max=0, RMS=0 : upward_air_velocity
CostFunction: Nonlinear J = 229596
OOPS_STATS Variational end                          - Runtime:   432.37 sec,  Local Memory:     7.02 GB
==> destruct MPAS corelist and domain:  0
Tried to erase key "mesh[address=0x5100d20],halo[size=0]" from cache "NodeColumnsHaloExchangeCache" but it was not found.
Erased key "mesh[address=0x5100d20],halo[size=1]" from cache "NodeColumnsHaloExchangeCache".
==> destruct MPAS corelist and domain:  1
refl10cm: save database to jdiag_mrms_refl.nc (io pool size: 4)
QC refl10cm equivalentReflectivityFactor: 136213 H(x) failed.
QC refl10cm equivalentReflectivityFactor: 2 rejected by first-guess check.
QC refl10cm equivalentReflectivityFactor: 3795426 passed out of 3931641 observations.
Erased key "mesh[address=0x80b3590]" from cache "NodeColumnsGatherScatterCache".
Tried to erase key "mesh[address=0x80b3590],halo[size=0]" from cache "NodeColumnsHaloExchangeCache" but it was not found.
Erased key "mesh[address=0x80b3590],halo[size=1]" from cache "NodeColumnsHaloExchangeCache".

Run: Finishing oops::Variational<MPAS, UFO and IODA observations>
OOPS_STATS  
OOPS_STATS ----------------------------------------------------------------------------------
OOPS_STATS --------------------------- Object counts ----------------------------------------
OOPS_STATS ----------------------------------------------------------------------------------
OOPS_STATS                                      Total  Simult. Remain    Avg (Mb)    HWM (Mb)
OOPS_STATS ioda::ObsDataVector             :        8       5        
OOPS_STATS ioda::ObsVector                 :      106       8        
OOPS_STATS mpas::Geometry                  :        2       2        
OOPS_STATS mpas::Increment                 :     3124     133        
OOPS_STATS mpas::LinVarChaModel2GeoVars    :        1       1        
OOPS_STATS mpas::ModelBias                 :        4       3        
OOPS_STATS mpas::ModelBiasCovariance       :        1       1        
OOPS_STATS mpas::State                     :       75      34        
OOPS_STATS mpas::VarChaModel2GeoVars       :        3       1        
OOPS_STATS oops::ControlIncrement          :      190     100               15.22     1522.04
OOPS_STATS oops::ControlVariable           :        4       3        
OOPS_STATS oops::Diffusion                 :        1       1        
OOPS_STATS oops::EnsembleCovariance        :        1       1             3528.73     3528.73
OOPS_STATS oops::GeoVaLs                   :       90       1        
OOPS_STATS oops::Geometry                  :        2       2        
OOPS_STATS oops::GetValues                 :        3       2        
OOPS_STATS oops::Increment                 :     3036     133               15.02     2024.32
OOPS_STATS oops::LinearObsOperator         :        1       1        
OOPS_STATS oops::LocalInterpolator         :     2400    1600        
OOPS_STATS oops::Localization              :        1       1        
OOPS_STATS oops::ModelAuxControl           :        4       3        
OOPS_STATS oops::ModelAuxCovariance        :        1       1        
OOPS_STATS oops::ModelAuxIncrement         :      190     100        
OOPS_STATS oops::ObsAuxControl             :        4       3        
OOPS_STATS oops::ObsAuxCovariance          :        1       1        
OOPS_STATS oops::ObsAuxIncrement           :      190     100        
OOPS_STATS oops::ObsAuxIncrements          :      190     100        
OOPS_STATS oops::ObsAuxPreconditioner      :        2       2        
OOPS_STATS oops::ObsDataVector             :        4       4        
OOPS_STATS oops::ObsDiagnostics            :        2       1        
OOPS_STATS oops::ObsError                  :        1       1        
OOPS_STATS oops::ObsOperator               :        2       2        
OOPS_STATS oops::ObsSpace                  :        1       1                3.56        3.56
OOPS_STATS oops::ObsSpaces                 :        1       1        
OOPS_STATS oops::ObsVector                 :      106       7                0.04        0.24
OOPS_STATS oops::SampledLocations          :        8       4        
OOPS_STATS oops::State                     :       72      34               21.39      702.08
OOPS_STATS oops::UnstructuredInterpolator  :     2400    1600        
OOPS_STATS oops::VariableChange            :        3       1        
OOPS_STATS ufo::BackgroundCheck            :        1       1        
OOPS_STATS ufo::FinalCheck                 :        2       2        
OOPS_STATS ufo::GeoVaLs                    :       93       2        
OOPS_STATS ufo::ObsBias                    :        4       3        
OOPS_STATS ufo::ObsBiasCovariance          :        1       1        
OOPS_STATS ufo::ObsBiasPreconditioner      :        1       1        
OOPS_STATS ufo::ObsFilter                  :        9       6        
OOPS_STATS ufo::ObsFilterData              :        3       3        
OOPS_STATS ufo::ObsVertInterp              :        2       2        
OOPS_STATS ufo::ObsVertInterpTLAD          :        1       1        
OOPS_STATS ufo::SampledLocations           :        4       3        
OOPS_STATS ----------------------------- Object counts --------------------------------------
OOPS_STATS  
OOPS_STATS --------------------------------------------------------------------------------------------
OOPS_STATS ------------------------------------ Timing Statistics -------------------------------------
OOPS_STATS --------------------------------------------------------------------------------------------
OOPS_STATS Name                                                :   total (ms)   count    time/call (ms)
OOPS_STATS ObsFilter::Background Check::ObsFilter              :         0.14       1            0.1418
OOPS_STATS ObsFilter::Background Check::postFilter             :        24.54       1           24.5421
OOPS_STATS ObsFilter::Background Check::preProcess             :         0.00       1            0.0042
OOPS_STATS ObsFilter::Background Check::priorFilter            :         0.02       1            0.0247
OOPS_STATS ObsFilter::Final Check::ObsFilter                   :         0.01       2            0.0064
OOPS_STATS ObsFilter::Final Check::postFilter                  :         0.04       2            0.0222
OOPS_STATS ObsFilter::Final Check::preProcess                  :         0.00       2            0.0003
OOPS_STATS ObsFilter::Final Check::priorFilter                 :         0.01       2            0.0027
OOPS_STATS ObsFilter::QCmanager::ObsFilter                     :         0.22       2            0.1089
OOPS_STATS ObsFilter::QCmanager::postFilter                    :         0.23       2            0.1164
OOPS_STATS ObsFilter::QCmanager::preProcess                    :         0.00       2            0.0001
OOPS_STATS ObsFilter::QCmanager::priorFilter                   :         0.00       2            0.0001
OOPS_STATS ioda::ObsSpace::get_db(DateTime)                    :         0.76       4            0.1905
OOPS_STATS ioda::ObsSpace::get_db(double)                      :         0.31       5            0.0628
OOPS_STATS ioda::ObsSpace::get_db(float)                       :         0.65      12            0.0546
OOPS_STATS ioda::ObsSpace::load                                :       740.54       1          740.5441
OOPS_STATS ioda::ObsSpace::put_db(double)                      :         0.29       6            0.0486
OOPS_STATS ioda::ObsSpace::put_db(float)                       :         0.08       2            0.0419
OOPS_STATS ioda::ObsSpace::put_db(int)                         :         0.21       2            0.1050
OOPS_STATS mpas::LinVarChaModel2GeoVars::LinVarChaModel2GeoVar :         2.90       1            2.9043
OOPS_STATS mpas::LinVarChaModel2GeoVars::changeVarAD           :      1576.82      44           35.8368
OOPS_STATS mpas::LinVarChaModel2GeoVars::changeVarTL           :       155.05      43            3.6059
OOPS_STATS mpas::LinVarChaModel2GeoVars::~LinVarChaModel2GeoVa :         0.04       1            0.0425
OOPS_STATS mpas::VarChaModel2GeoVars::VarChaModel2GeoVars      :         0.04       3            0.0145
OOPS_STATS mpas::VarChaModel2GeoVars::changeVar                :        12.52       3            4.1748
OOPS_STATS mpas::VarChaModel2GeoVars::~VarChaModel2GeoVars     :         0.01       3            0.0021
OOPS_STATS oops::Covariance::EnsembleCovariance                :     89096.11       1        89096.1059
OOPS_STATS oops::Covariance::ensemble::Constructor             :         0.01       1            0.0090
OOPS_STATS oops::Covariance::ensemble::multiply                :    239195.00      44         5436.2499
OOPS_STATS oops::Diffusion::Diffusion                          :         0.00       1            0.0006
OOPS_STATS oops::Diffusion::calculateDerivedGeom               :         2.46       1            2.4563
OOPS_STATS oops::Diffusion::multiplySqrtAD                     :     60831.43    1320           46.0844
OOPS_STATS oops::Diffusion::multiplySqrtTL                     :     51570.59    1320           39.0686
OOPS_STATS oops::Diffusion::setParameters                      :         3.37       1            3.3652
OOPS_STATS oops::GeoVaLs::GeoVaLs                              :        19.45      90            0.2161
OOPS_STATS oops::GeoVaLs::fill                                 :        33.83   30625            0.0011
OOPS_STATS oops::GeoVaLs::fillAD                               :        25.39   27500            0.0009
OOPS_STATS oops::GeoVaLs::~GeoVaLs                             :         0.51      90            0.0057
OOPS_STATS oops::Geometry::Geometry                            :     50994.39       2        25497.1931
OOPS_STATS oops::Geometry::variableSizes                       :         3.96      11            0.3599
OOPS_STATS oops::Geometry::~Geometry                           :       449.32       2          224.6582
OOPS_STATS oops::GeometryData::containingTriangleAndBarycentri :        44.16   20265            0.0022
OOPS_STATS oops::GeometryData::setGlobalTree                   :      1800.78       2          900.3902
OOPS_STATS oops::GeometryData::setLocalTree                    :         3.17       2            1.5873
OOPS_STATS oops::GeometryData::setMeshAndTriangulation         :         0.36       2            0.1804
OOPS_STATS oops::GetValues::GetValues                          :       527.85       3          175.9484
OOPS_STATS oops::GetValues::fillGeoVaLs                        :        52.14       3           17.3786
OOPS_STATS oops::GetValues::fillGeoVaLsAD                      :       123.65      44            2.8103
OOPS_STATS oops::GetValues::fillGeoVaLsTL                      :       801.96      43           18.6502
OOPS_STATS oops::GetValues::finalize                           :        20.06       3            6.6865
OOPS_STATS oops::GetValues::finalizeAD                         :       658.89      44           14.9748
OOPS_STATS oops::GetValues::finalizeTL                         :       104.13      43            2.4216
OOPS_STATS oops::GetValues::initialize                         :         2.47       3            0.8217
OOPS_STATS oops::GetValues::initializeAD                       :         5.27      44            0.1197
OOPS_STATS oops::GetValues::initializeTL                       :        18.78      43            0.4366
OOPS_STATS oops::GetValues::process                            :        17.15       3            5.7162
OOPS_STATS oops::GetValues::processAD                          :       133.23      44            3.0280
OOPS_STATS oops::GetValues::processTL                          :       144.18      43            3.3531
OOPS_STATS oops::Increment::Increment                          :     28623.27    3036            9.4280
OOPS_STATS oops::Increment::axpy                               :      6104.89    1032            5.9156
OOPS_STATS oops::Increment::diff                               :       323.28      33            9.7963
OOPS_STATS oops::Increment::dot_product_with                   :      9356.89    1122            8.3395
OOPS_STATS oops::Increment::fromFieldSet                       :     11618.80    1364            8.5182
OOPS_STATS oops::Increment::operator*=                         :       251.50     130            1.9346
OOPS_STATS oops::Increment::operator+=                         :     10726.13    1523            7.0428
OOPS_STATS oops::Increment::operator+=(State, Increment)       :        47.30       1           47.2988
OOPS_STATS oops::Increment::operator-=                         :       138.75      30            4.6249
OOPS_STATS oops::Increment::operator=                          :      5779.52    1682            3.4361
OOPS_STATS oops::Increment::print                              :     27610.73    1327           20.8069
OOPS_STATS oops::Increment::schur_product_with                 :     11563.15    2640            4.3800
OOPS_STATS oops::Increment::serialSize                         :         5.56     190            0.0293
OOPS_STATS oops::Increment::toFieldSet                         :     10618.58    1407            7.5470
OOPS_STATS oops::Increment::zero                               :       136.79     133            1.0285
OOPS_STATS oops::Increment::~Increment                         :       151.25    3036            0.0498
OOPS_STATS oops::LinearObsOper::refl10cm::LinearObsOperator    :         1.29       1            1.2914
OOPS_STATS oops::LinearObsOper::refl10cm::requiredVars         :         0.11      89            0.0013
OOPS_STATS oops::LinearObsOper::refl10cm::setTrajectory        :         0.92       1            0.9190
OOPS_STATS oops::LinearObsOper::refl10cm::simulateObsAD        :         3.72      44            0.0845
OOPS_STATS oops::LinearObsOper::refl10cm::simulateObsTL        :         7.56      43            0.1758
OOPS_STATS oops::LinearObsOper::refl10cm::~LinearObsOperator   :         0.05       1            0.0476
OOPS_STATS oops::LinearVariableChange::LinearVariableChange    :         0.04       1            0.0416
OOPS_STATS oops::LinearVariableChange::changeVarAD             :      2223.18      44           50.5269
OOPS_STATS oops::LinearVariableChange::changeVarTL             :       520.60      43           12.1070
OOPS_STATS oops::LinearVariableChange::changeVarTraj           :         2.91       1            2.9149
OOPS_STATS oops::LinearVariableChange::~LinearVariableChange   :         0.05       1            0.0546
OOPS_STATS oops::LocalInterpolator::LocalInterpolator          :        51.38    2400            0.0214
OOPS_STATS oops::LocalInterpolator::apply                      :        15.87    2400            0.0066
OOPS_STATS oops::LocalInterpolator::applyAD                    :       115.32   35200            0.0033
OOPS_STATS oops::LocalInterpolator::applyTL                    :       127.12   34400            0.0037
OOPS_STATS oops::LocalInterpolator::preprocess                 :      1312.63      46           28.5355
OOPS_STATS oops::LocalInterpolator::preprocessAD               :        59.63      44            1.3552
OOPS_STATS oops::LocalInterpolator::~LocalInterpolator         :         1.43    2400            0.0006
OOPS_STATS oops::Localization::Localization                    :      7647.83       1         7647.8267
OOPS_STATS oops::Localization::multiply                        :    197948.08    1320          149.9607
OOPS_STATS oops::Localization::~Localization                   :         0.36       1            0.3558
OOPS_STATS oops::ModelAuxControl::ModelAuxControl              :         0.01       4            0.0021
OOPS_STATS oops::ModelAuxControl::print                        :         0.00       3            0.0006
OOPS_STATS oops::ModelAuxControl::~ModelAuxControl             :         0.00       4            0.0008
OOPS_STATS oops::ModelAuxCovariance::ModelAuxCovariance        :         0.00       1            0.0023
OOPS_STATS oops::ModelAuxCovariance::linearize                 :         0.00       1            0.0001
OOPS_STATS oops::ModelAuxCovariance::multiply                  :         0.01      44            0.0002
OOPS_STATS oops::ModelAuxCovariance::~ModelAuxCovariance       :         0.00       1            0.0007
OOPS_STATS oops::ModelAuxIncrement::ModelAuxIncrement          :         0.18     190            0.0009
OOPS_STATS oops::ModelAuxIncrement::axpy                       :         0.45    1032            0.0004
OOPS_STATS oops::ModelAuxIncrement::diff                       :         0.00       3            0.0002
OOPS_STATS oops::ModelAuxIncrement::dot_product_with           :         0.30    1122            0.0003
OOPS_STATS oops::ModelAuxIncrement::operator*=                 :         0.03      85            0.0004
OOPS_STATS oops::ModelAuxIncrement::operator+=                 :         0.06     129            0.0004
OOPS_STATS oops::ModelAuxIncrement::operator+=ModelAuxControl  :         0.00       1            0.0001
OOPS_STATS oops::ModelAuxIncrement::operator=                  :         0.02      47            0.0003
OOPS_STATS oops::ModelAuxIncrement::print                      :         0.00       7            0.0005
OOPS_STATS oops::ModelAuxIncrement::serialSize                 :         0.01     190            0.0000
OOPS_STATS oops::ModelAuxIncrement::zero                       :         0.02      44            0.0003
OOPS_STATS oops::ModelAuxIncrement::~ModelAuxIncrement         :         0.04     190            0.0002
OOPS_STATS oops::ObsAuxControl::ObsAuxControl                  :         0.30       4            0.0745
OOPS_STATS oops::ObsAuxControl::print                          :         0.00       3            0.0008
OOPS_STATS oops::ObsAuxControl::requiredHdiagnostics           :         0.00       2            0.0001
OOPS_STATS oops::ObsAuxControl::requiredVars                   :         0.00       6            0.0002
OOPS_STATS oops::ObsAuxControl::write                          :         0.23       1            0.2284
OOPS_STATS oops::ObsAuxControl::~ObsAuxControl                 :         0.01       4            0.0031
OOPS_STATS oops::ObsAuxCovariance::ObsAuxCovariance            :         0.06       1            0.0642
OOPS_STATS oops::ObsAuxCovariance::inverseMultiply             :         0.06      44            0.0014
OOPS_STATS oops::ObsAuxCovariance::linearize                   :         0.01       1            0.0109
OOPS_STATS oops::ObsAuxCovariance::multiply                    :         0.25      44            0.0056
OOPS_STATS oops::ObsAuxCovariance::preconditioner              :         0.02       1            0.0190
OOPS_STATS oops::ObsAuxCovariance::write                       :         0.03       1            0.0274
OOPS_STATS oops::ObsAuxCovariance::~ObsAuxCovariance           :         0.00       1            0.0014
OOPS_STATS oops::ObsAuxIncrement::ObsAuxIncrement              :         1.04     190            0.0055
OOPS_STATS oops::ObsAuxIncrement::axpy                         :         1.49    1032            0.0014
OOPS_STATS oops::ObsAuxIncrement::diff                         :         0.01       3            0.0040
OOPS_STATS oops::ObsAuxIncrement::dot_product_with             :         0.76    1122            0.0007
OOPS_STATS oops::ObsAuxIncrement::operator*=                   :         0.15      85            0.0017
OOPS_STATS oops::ObsAuxIncrement::operator+=                   :         0.18     129            0.0014
OOPS_STATS oops::ObsAuxIncrement::operator=                    :         0.04      47            0.0009
OOPS_STATS oops::ObsAuxIncrement::print                        :         0.01       7            0.0009
OOPS_STATS oops::ObsAuxIncrement::serialSize                   :         0.01     380            0.0000
OOPS_STATS oops::ObsAuxIncrement::zero                         :         0.06      44            0.0015
OOPS_STATS oops::ObsAuxIncrement::~ObsAuxIncrement             :         0.58     190            0.0031
OOPS_STATS oops::ObsAuxPreconditioner::multiply                :         0.04      44            0.0010
OOPS_STATS oops::ObsAuxPreconditioner::~ObsAuxPreconditioner   :         0.00       2            0.0009
OOPS_STATS oops::ObsDataVector::ObsDataVector                  :         0.41       4            0.1014
OOPS_STATS oops::ObsDataVector::mask                           :         0.01       2            0.0043
OOPS_STATS oops::ObsDataVector::operator=                      :         0.34       2            0.1713
OOPS_STATS oops::ObsDataVector::print                          :         3.41       2            1.7035
OOPS_STATS oops::ObsDataVector::save                           :         0.32       4            0.0811
OOPS_STATS oops::ObsDataVector::~ObsDataVector                 :         0.03       4            0.0087
OOPS_STATS oops::ObsDiagnostics::ObsDiagnostics                :         0.07       2            0.0339
OOPS_STATS oops::ObsDiagnostics::~ObsDiagnostics               :         0.02       2            0.0078
OOPS_STATS oops::ObsError::getRMSE                             :         0.72       4            0.1812
OOPS_STATS oops::ObsError::inverseMultiply                     :         0.43      45            0.0095
OOPS_STATS oops::ObsError::obserrors                           :         0.04       6            0.0069
OOPS_STATS oops::ObsError::update                              :        17.72       2            8.8587
OOPS_STATS oops::ObsError::~ObsError                           :         0.01       1            0.0099
OOPS_STATS oops::ObsOperator::refl10cm::ObsOperator            :         6.40       2            3.2017
OOPS_STATS oops::ObsOperator::refl10cm::computeReducedVars     :         0.09       3            0.0289
OOPS_STATS oops::ObsOperator::refl10cm::locations              :         1.54       3            0.5148
OOPS_STATS oops::ObsOperator::refl10cm::requiredVars           :         0.00       3            0.0013
OOPS_STATS oops::ObsOperator::refl10cm::simulateObs            :         1.28       2            0.6376
OOPS_STATS oops::ObsOperator::refl10cm::~ObsOperator           :         0.04       2            0.0179
OOPS_STATS oops::ObsSpace::ObsSpace                            :       746.04       1          746.0437
OOPS_STATS oops::ObsSpace::obsvariables                        :         0.00       3            0.0000
OOPS_STATS oops::ObsSpace::save                                :      2345.81       1         2345.8137
OOPS_STATS oops::ObsSpace::~ObsSpace                           :         0.67       1            0.6700
OOPS_STATS oops::ObsVector::ObsVector                          :         1.49     104            0.0143
OOPS_STATS oops::ObsVector::dot_product                        :         0.68       4            0.1708
OOPS_STATS oops::ObsVector::info                               :         2.13       6            0.3556
OOPS_STATS oops::ObsVector::operator*=                         :         0.01       2            0.0050
OOPS_STATS oops::ObsVector::operator-=                         :         0.02       2            0.0113
OOPS_STATS oops::ObsVector::operator=                          :         0.42       4            0.1049
OOPS_STATS oops::ObsVector::rms                                :         0.40       4            0.1003
OOPS_STATS oops::ObsVector::save                               :         0.32       6            0.0534
OOPS_STATS oops::ObsVector::zero                               :         0.06      45            0.0013
OOPS_STATS oops::ObsVector::~ObsVector                         :         0.24     104            0.0023
OOPS_STATS oops::Parameters::deserialize                       :         5.23      97            0.0539
OOPS_STATS oops::Parameters::serialize                         :         2.08      80            0.0260
OOPS_STATS oops::Run::execute                                  :    434506.50       1       434506.4985
OOPS_STATS oops::SampledLocations::SampledLocations            :         0.00       4            0.0002
OOPS_STATS oops::SampledLocations::latitudes                   :         0.00       3            0.0001
OOPS_STATS oops::SampledLocations::longitudes                  :         0.00       3            0.0000
OOPS_STATS oops::SampledLocations::times                       :         0.00       3            0.0000
OOPS_STATS oops::SampledLocations::~SampledLocations           :         0.16       8            0.0204
OOPS_STATS oops::State::State                                  :     83016.81      72         1153.0112
OOPS_STATS oops::State::print                                  :        80.19       3           26.7309
OOPS_STATS oops::State::toFieldSet                             :        29.86       5            5.9713
OOPS_STATS oops::State::variables                              :         0.00      58            0.0000
OOPS_STATS oops::State::write                                  :     19347.84       1        19347.8426
OOPS_STATS oops::State::zero                                   :        52.83      30            1.7610
OOPS_STATS oops::State::~State                                 :         8.59      72            0.1193
OOPS_STATS oops::UnstructuredInterpolator::UnstructuredInterpo :        50.34    2400            0.0210
OOPS_STATS oops::UnstructuredInterpolator::apply               :       133.11   36800            0.0036
OOPS_STATS oops::UnstructuredInterpolator::applyAD             :        82.17   35200            0.0023
OOPS_STATS oops::VariableChange::VariableChange                :         0.32       3            0.1061
OOPS_STATS oops::VariableChange::changeVar                     :        19.95       3            6.6502
OOPS_STATS oops::VariableChange::~VariableChange               :         0.02       3            0.0074
OOPS_STATS oops::util::FieldSetHelpers::readFieldSet           :      7585.99       2         3792.9933
OOPS_STATS saber::Localization::Localization                   :      7647.81       1         7647.8115
OOPS_STATS saber::Localization::multiply                       :    187270.18    1320          141.8713
OOPS_STATS saber::Localization::~Localization                  :         0.00       1            0.0001
OOPS_STATS ufo::ObsFilter::ObsFilter                           :         0.38       5            0.0751
OOPS_STATS ufo::ObsFilter::checkFilterData                     :         0.01      15            0.0004
OOPS_STATS ufo::ObsFilter::postFilter                          :        24.82       5            4.9649
OOPS_STATS ufo::ObsFilter::preProcess                          :         0.01       5            0.0016
OOPS_STATS ufo::ObsFilter::priorFilter                         :         0.04       5            0.0075
OOPS_STATS ufo::ObsFilter::~ObsFilter                          :        41.15       9            4.5719
OOPS_STATS util::Timers::measured                              :    434172.79       1       434172.7896
OOPS_STATS ------------------------------------ Timing Statistics -------------------------------------

OOPS_STATS ------------------------------------------------------------------------------------------------------------------
OOPS_STATS ---------------------------------- Parallel Timing Statistics ( 800 MPI tasks) -----------------------------------
OOPS_STATS ------------------------------------------------------------------------------------------------------------------
OOPS_STATS Name                                                :     min (ms)    max (ms)    avg (ms)     % total   imbal (%)
OOPS_STATS oops::Covariance::EnsembleCovariance                :     89095.39    89096.67    89095.92       20.50        0.00
OOPS_STATS oops::Covariance::ensemble::multiply                :    238716.51   239408.25   239116.97       55.03        0.29
OOPS_STATS oops::Diffusion::multiplySqrtAD                     :     59490.74    63463.27    60835.49       14.00        6.53
OOPS_STATS oops::Diffusion::multiplySqrtTL                     :     47793.02    58115.45    51117.81       11.76       20.19
OOPS_STATS oops::Geometry::Geometry                            :     49716.97    51122.06    51056.11       11.75        2.75
OOPS_STATS oops::Geometry::~Geometry                           :       440.63      632.57      541.68        0.12       35.43
OOPS_STATS oops::GeometryData::setGlobalTree                   :      1800.78     1942.56     1886.21        0.43        7.52
OOPS_STATS oops::GetValues::GetValues                          :       347.21     4237.43      474.13        0.11      820.49
OOPS_STATS oops::GetValues::fillGeoVaLsTL                      :       314.71      892.50      693.29        0.16       83.34
OOPS_STATS oops::GetValues::finalizeAD                         :       565.14     1087.31      669.13        0.15       78.04
OOPS_STATS oops::Increment::Increment                          :     23557.27    29594.16    26635.02        6.13       22.67
OOPS_STATS oops::Increment::axpy                               :      5427.07     6872.99     6232.95        1.43       23.20
OOPS_STATS oops::Increment::dot_product_with                   :      8626.35    10419.01     9364.98        2.16       19.14
OOPS_STATS oops::Increment::fromFieldSet                       :      9868.25    14780.90    11116.95        2.56       44.19
OOPS_STATS oops::Increment::operator+=                         :      9099.94    13246.42    10702.53        2.46       38.74
OOPS_STATS oops::Increment::operator=                          :      4102.93     6733.34     5818.73        1.34       45.21
OOPS_STATS oops::Increment::print                              :     24108.95    36246.52    29124.43        6.70       41.67
OOPS_STATS oops::Increment::schur_product_with                 :      8354.41    13981.49    12208.94        2.81       46.09
OOPS_STATS oops::Increment::toFieldSet                         :      9273.44    16842.86    11514.10        2.65       65.74
OOPS_STATS oops::LinearVariableChange::changeVarAD             :      1759.46     3020.11     2311.63        0.53       54.53
OOPS_STATS oops::LinearVariableChange::changeVarTL             :       447.43      812.29      579.99        0.13       62.91
OOPS_STATS oops::LocalInterpolator::preprocess                 :        81.03     1358.86     1306.68        0.30       97.79
OOPS_STATS oops::Localization::Localization                    :      7518.83     7796.74     7626.92        1.76        3.64
OOPS_STATS oops::Localization::multiply                        :    196634.57   208566.09   199459.26       45.90        5.98
OOPS_STATS oops::ObsSpace::ObsSpace                            :       690.02      753.12      719.89        0.17        8.77
OOPS_STATS oops::ObsSpace::save                                :      2182.52     2354.15     2264.11        0.52        7.58
OOPS_STATS oops::State::State                                  :     82916.82    83302.75    83062.66       19.11        0.46
OOPS_STATS oops::State::write                                  :     18150.82    19374.57    19348.65        4.45        6.32
OOPS_STATS oops::util::FieldSetHelpers::readFieldSet           :      7331.87     7585.99     7421.51        1.71        3.42
OOPS_STATS saber::Localization::Localization                   :      7518.82     7796.72     7626.90        1.76        3.64
OOPS_STATS saber::Localization::multiply                       :    185713.63   194403.30   188376.72       43.35        4.61
OOPS_STATS util::Timers::measured                              :    434172.79   434341.75   434260.48       99.93        0.04
OOPS_STATS oops::Run::execute                                  :    434491.18   434611.77   434549.58      100.00        0.03
OOPS_STATS ---------------------------------- Parallel Timing Statistics ( 800 MPI tasks) -----------------------------------

OOPS_STATS Run end                                  - Runtime:    435.41 sec,  Memory: total:  4159.85 GB, per task: min =     4.88 GB, max =     7.02 GB
Run: Finishing oops::Variational<MPAS, UFO and IODA observations> with status = 0
OOPS Ending   2026-06-06 08:26:26 (UTC+0000)
