Configuration input file is: jedivar.pass2.yaml
Full configuration is:YAMLConfiguration[path=jedivar.pass2.yaml, root={_member => {date => 2026-05-23T12:00:00Z , state variables => (water_vapor_mixing_ratio_wrt_moist_air,air_pressure_at_surface,air_temperature,northward_wind,eastward_wind,cloud_liquid_water,cloud_liquid_ice,rain_water,snow_water,graupel,equivalent_reflectivity_factor,upward_air_velocity) , stream name => ensemble} , output => {filename => mpasout.nc , stream name => analysis} , variational => {minimizer => {algorithm => DRPCG} , iterations => ({geometry => {nml_file => ./namelist.atmosphere , streams_file => ./streams.atmosphere , deallocate non-da fields => true , interpolation type => unstructured} , gradient norm reduction => 0.001 , ninner => 75})} , cost function => {cost type => 3D-Var , time window => {begin => 2026-05-23T10:00:00Z , length => PT4H} , jb evaluation => false , geometry => {nml_file => ./namelist.atmosphere , streams_file => ./streams.atmosphere , deallocate non-da fields => true , interpolation type => unstructured} , analysis variables => (water_vapor_mixing_ratio_wrt_moist_air,air_pressure_at_surface,air_temperature,northward_wind,eastward_wind,cloud_liquid_water,cloud_liquid_ice,rain_water,snow_water,graupel,equivalent_reflectivity_factor,upward_air_velocity) , background => {state variables => (water_vapor_mixing_ratio_wrt_moist_air,air_pressure_at_surface,air_temperature,northward_wind,eastward_wind,air_potential_temperature,dry_air_density,u,water_vapor_mixing_ratio_wrt_dry_air,air_pressure,landmask,seaice_fraction,snowc,skin_temperature_at_surface,ivgtyp,isltyp,snowh,vegetation_area_fraction,air_temperature_at_2m,water_vapor_mixing_ratio_wrt_moist_air_at_2m,eastward_wind_at_10m,northward_wind_at_10m,lai,smois,tslb,pressure_p,cloud_liquid_water,cloud_liquid_ice,graupel,rain_water,snow_water,cldfrac,equivalent_reflectivity_factor,w,upward_air_velocity) , filename => mpasout.nc , date => 2026-05-23T12:00:00Z} , background error => {covariance model => ensemble , localization => {localization method => SABER , saber central block => {saber block name => diffusion , active variables => (water_vapor_mixing_ratio_wrt_moist_air,air_pressure_at_surface,air_temperature,northward_wind,eastward_wind,cloud_liquid_water,cloud_liquid_ice,rain_water,snow_water,graupel,equivalent_reflectivity_factor,upward_air_velocity) , read => {groups => ({variables => (water_vapor_mixing_ratio_wrt_moist_air,air_pressure_at_surface,air_temperature,northward_wind,eastward_wind,cloud_liquid_water,cloud_liquid_ice,rain_water,snow_water,graupel,equivalent_reflectivity_factor,upward_air_velocity) , multivariate strategy => duplicated , horizontal => {filepath => data/diffusionloc/mpas_conus3km.diffusion_hz} , vertical => {levels => 59 , filepath => data/diffusionloc/mpas_conus3km.diffusion_vt}})}}} , members from template => {template => {date => 2026-05-23T12:00:00Z , state variables => (water_vapor_mixing_ratio_wrt_moist_air,air_pressure_at_surface,air_temperature,northward_wind,eastward_wind,cloud_liquid_water,cloud_liquid_ice,rain_water,snow_water,graupel,equivalent_reflectivity_factor,upward_air_velocity) , stream name => ensemble , filename => ./data/ens/mem%iMember%.nc} , pattern => %iMember% , start => 1 , zero padding => 3 , nmembers => 30}} , observations => {observers => ({obs space => {name => refl10cm , distribution => {name => RoundRobin , halo size => 500000} , obsdatain => {engine => {type => H5File , obsfile => data/obs/ioda_mrms_refl.nc , missing file action => warn}} , obsdataout => {engine => {type => H5File , allow overwrite => true , obsfile => jdiag_mrms_refl.nc}} , io pool => {write multiple files => false} , _source => mrms , simulated variables => (equivalentReflectivityFactor)} , obs operator => {name => VertInterp , vertical coordinate => height_above_mean_sea_level , observation vertical coordinate => height , interpolation method => linear , observation alias file => obsop_name_map.yaml} , obs localizations => ({localization method => Horizontal Gaspari-Cohn , lengthscale => 200000}) , _obsname => refl10cm , obs filters => ({filter => Background Check , filter variables => ({name => equivalentReflectivityFactor}) , threshold => 12 , action => {name => reject}})})}}}]
OOPS_STATS ObjectCountHelper started.
OOPS_STATS Run start                                - Runtime:      1.23 sec,  Memory: total:   104.39 GB, per task: min =   128.97 MB, max =   130.55 MB
Run: Starting oops::Variational<MPAS, UFO and IODA observations>
OOPS_STATS Variational start                        - Runtime:     1.23 sec,  Local Memory:   130.55 MB
==> create geom
atlas::mpi::push(world)
Increase halo 1
atlas::mpi::pop(world)
atlas::mpi::push(world)
atlas::mpi::pop(world)
atlas::mpi::push(world)
atlas::mpi::pop(world)
atlas::mpi::push(world)
atlas::mpi::pop(world)
refl10cm: read database from data/obs/ioda_mrms_refl.nc (io pool size: 800)
refl10cm processed vars: 1 Variables: equivalentReflectivityFactor
refl10cm assimilated vars: 1 Variables: equivalentReflectivityFactor
refl10cm: 0 observations are outside of time window out of 3858359
refl10cm: 0 observations were rejected by QC checks out of 3858359
No bias-correction is performed for this ObsSpace.
3DVar window: TimeWindow: start = 2026-05-23T10:00:00Z, end = 2026-05-23T14:00:00Z, inclusive upper bound.

OOPS_STATS IncrementalAssimilation start            - Runtime:    39.39 sec,  Local Memory:     2.50 GB
Running incremental assimilation with 1 outer iterations.
Minimizer algorithm=DRPCG
QNewtonLMP: maxouter : 1
IncrementalAssimilation: Configuration for outer iteration 0:
LocalConfiguration[root={geometry => {nml_file => ./namelist.atmosphere , streams_file => ./streams.atmosphere , deallocate non-da fields => true , interpolation type => unstructured} , gradient norm reduction => 0.001 , ninner => 75 , iteration => 0 , total iterations => 1}]
OOPS_STATS IncrementalAssimilation iteration 0      - Runtime:    39.39 sec,  Local Memory:     2.50 GB
==> create geom
atlas::mpi::push(world)
Increase halo 1
atlas::mpi::pop(world)
atlas::mpi::push(world)
atlas::mpi::pop(world)
atlas::mpi::push(world)
atlas::mpi::pop(world)
atlas::mpi::push(world)
atlas::mpi::pop(world)
Key "mesh[address=0x49f4f20],halo[size=1]" not found in cache "NodeColumnsHaloExchangeCache" , creating new, removable with key "mesh[address=0x49f4f20],halo[size=1]"
Key "mesh[address=0x7db5590],halo[size=1]" not found in cache "NodeColumnsHaloExchangeCache" , creating new, removable with key "mesh[address=0x7db5590],halo[size=1]"
processWhere: selected 0 obs.
BackgroundCheck obserr: 
refl10cm equivalentReflectivityFactor nlocs = 3858359, nobs = 3858359, min = 5, max = 5, avg = 5
processing a float: 12
ObsErrorDiagonal covariance updated 3726773
Observer::finalize QC = 
refl10cm equivalentReflectivityFactor nlocs = 3858359, nobs = 3858359, min = 0, max = 19, avg = 0
CostJo Observations: 
refl10cm nobs= 3858359 Min=0, Max=58.1021, RMS=5.53814

Jo Observations:
Jo Obs :refl10cm:equivalentReflectivityFactor   : Nobs=  3726773, Min= 0.000000e+00, Max= 5.810213e+01, RMS= 5.583923e+00
Jo Observations Equivalent:
Jo H(x):refl10cm:equivalentReflectivityFactor   : Nobs=  3726773, Min= 0.000000e+00, Max= 6.059339e+01, RMS= 5.270577e+00
Jo Bias Corrected Departures:
Jo Dep :refl10cm:equivalentReflectivityFactor   : Nobs=  3726773, Min=-5.810213e+01, Max= 5.804994e+01, RMS= 4.604773e+00
Jo Observations Errors:
UFO Diagonal observation error covariance, inverse variances: refl10cm nobs= 3726773 Min=0.04, Max=0.04, RMS=0.04



CostJo   : Nonlinear Jo(refl10cm) = 1.58045e+06, nobs = 3726773, Jo/n = 0.424079, err = 5
CostJo   : Nonlinear Jo = 1.58045e+06
Increment:diff x1 4
Increment:diff x2 35
Increment:diff x1 5
Increment:diff x2 36
Increment:diff x1 6
Increment:diff x2 37
Increment:diff x1 7
Increment:diff x2 38
Increment:diff x1 8
Increment:diff x2 39
Increment:diff x1 9
Increment:diff x2 40
Increment:diff x1 10
Increment:diff x2 41
Increment:diff x1 11
Increment:diff x2 42
Increment:diff x1 12
Increment:diff x2 43
Increment:diff x1 13
Increment:diff x2 44
Increment:diff x1 14
Increment:diff x2 45
Increment:diff x1 15
Increment:diff x2 46
Increment:diff x1 16
Increment:diff x2 47
Increment:diff x1 17
Increment:diff x2 48
Increment:diff x1 18
Increment:diff x2 49
Increment:diff x1 19
Increment:diff x2 50
Increment:diff x1 20
Increment:diff x2 51
Increment:diff x1 21
Increment:diff x2 52
Increment:diff x1 22
Increment:diff x2 53
Increment:diff x1 23
Increment:diff x2 54
Increment:diff x1 24
Increment:diff x2 55
Increment:diff x1 25
Increment:diff x2 56
Increment:diff x1 26
Increment:diff x2 57
Increment:diff x1 27
Increment:diff x2 58
Increment:diff x1 28
Increment:diff x2 59
Increment:diff x1 29
Increment:diff x2 60
Increment:diff x1 30
Increment:diff x2 61
Increment:diff x1 31
Increment:diff x2 62
Increment:diff x1 32
Increment:diff x2 63
Increment:diff x1 33
Increment:diff x2 64
Info     : Prepare ensemble configuration
Info     : Read full ensemble
Info     : Creating central block: 
Info     : SaberCentralBlock using multivariate strategy: deprecated
Info     : Creating single central block.
Info     : Read data

==================================================================================
 saber::Diffusion read
----------------------------------------------------------------------------------

group 1 of 1
atlas::mpi::push(world)
atlas::mpi::pop(world)
variables: [water_vapor_mixing_ratio_wrt_moist_air,air_pressure_at_surface,air_temperature,northward_wind,eastward_wind,cloud_liquid_water,cloud_liquid_ice,rain_water,snow_water,graupel,equivalent_reflectivity_factor,upward_air_velocity]
multivariate strategy: duplicated
Reading horizontal parameters
  levels: 1
Key "mesh[address=0x7db5590]" not found in cache "NodeColumnsGatherScatterCache" , creating new, removable with key "mesh[address=0x7db5590]"
  Info     : Reading file: data/diffusionloc/mpas_conus3km.diffusion_hz.nc
atlas::mpi::push(world)
atlas::mpi::pop(world)
  hzScales:  min: 4087.19  mean: 4087.19  max: 4087.19
  hzNorm:    min: 2.4414  mean: 3.71484  max: 4.05626
Reading vertical parameters
  levels: 59
  vertical strategy: normal
  Info     : Reading file: data/diffusionloc/mpas_conus3km.diffusion_vt.nc
atlas::mpi::push(world)
atlas::mpi::pop(world)
  vtScales:  min: 11  mean: 11  max: 11
  vtNorm:    min: 3.7178  mean: 4.83632  max: 5.25235
Diffusion: horizontal iterations: 6
Diffusion: vertical iterations: 242
Increment:diff x1 2
Increment:diff x2 1
==================================================================================

CostJb: FG-BG
  Valid time: 2026-05-23T12:00:00Z
  Resolution: nCellsGlobal = 2341818, nFields = 12
Fld=1  Min=0, Max=0, RMS=0 : water_vapor_mixing_ratio_wrt_moist_air
Fld=2  Min=0, Max=0, RMS=0 : air_pressure_at_surface
Fld=3  Min=0, Max=0, RMS=0 : air_temperature
Fld=4  Min=0, Max=0, RMS=0 : northward_wind
Fld=5  Min=0, Max=0, RMS=0 : eastward_wind
Fld=6  Min=0, Max=0, RMS=0 : cloud_liquid_water
Fld=7  Min=0, Max=0, RMS=0 : cloud_liquid_ice
Fld=8  Min=0, Max=0, RMS=0 : rain_water
Fld=9  Min=0, Max=0, RMS=0 : snow_water
Fld=10  Min=0, Max=0, RMS=0 : graupel
Fld=11  Min=0, Max=0, RMS=0 : equivalent_reflectivity_factor
Fld=12  Min=0, Max=0, RMS=0 : upward_air_velocity
Increment:diff x1 2
Increment:diff x2 1
CostJb: FG-BG
  Valid time: 2026-05-23T12:00:00Z
  Resolution: nCellsGlobal = 2341818, nFields = 12
Fld=1  Min=0, Max=0, RMS=0 : water_vapor_mixing_ratio_wrt_moist_air
Fld=2  Min=0, Max=0, RMS=0 : air_pressure_at_surface
Fld=3  Min=0, Max=0, RMS=0 : air_temperature
Fld=4  Min=0, Max=0, RMS=0 : northward_wind
Fld=5  Min=0, Max=0, RMS=0 : eastward_wind
Fld=6  Min=0, Max=0, RMS=0 : cloud_liquid_water
Fld=7  Min=0, Max=0, RMS=0 : cloud_liquid_ice
Fld=8  Min=0, Max=0, RMS=0 : rain_water
Fld=9  Min=0, Max=0, RMS=0 : snow_water
Fld=10  Min=0, Max=0, RMS=0 : graupel
Fld=11  Min=0, Max=0, RMS=0 : equivalent_reflectivity_factor
Fld=12  Min=0, Max=0, RMS=0 : upward_air_velocity
CostFunction: Nonlinear J = 1.58045e+06
OOPS_STATS IncrementalAssimilation linearize 0      - Runtime:   143.72 sec,  Local Memory:     7.27 GB

DRPCGMinimizer: max iter = 75, requested norm reduction = 0.001
CostFunction::computeGradientFG: gradient:
  Valid time: 2026-05-23T12:00:00Z
  Resolution: nCellsGlobal = 2341818, nFields = 12
Fld=1  Min=0, Max=0, RMS=0 : water_vapor_mixing_ratio_wrt_moist_air
Fld=2  Min=0, Max=0, RMS=0 : air_pressure_at_surface
Fld=3  Min=0, Max=0, RMS=0 : air_temperature
Fld=4  Min=0, Max=0, RMS=0 : northward_wind
Fld=5  Min=0, Max=0, RMS=0 : eastward_wind
Fld=6  Min=0, Max=0, RMS=0 : cloud_liquid_water
Fld=7  Min=0, Max=0, RMS=0 : cloud_liquid_ice
Fld=8  Min=0, Max=0, RMS=0 : rain_water
Fld=9  Min=0, Max=0, RMS=0 : snow_water
Fld=10  Min=0, Max=0, RMS=0 : graupel
Fld=11  Min=-1.72451, Max=2.04601, RMS=0.0176792 : equivalent_reflectivity_factor
Fld=12  Min=0, Max=0, RMS=0 : upward_air_velocity
DRPCGMinimizer rhs
  Valid time: 2026-05-23T12:00:00Z
  Resolution: nCellsGlobal = 2341818, nFields = 12
Fld=1  Min=-0, Max=-0, RMS=0 : water_vapor_mixing_ratio_wrt_moist_air
Fld=2  Min=-0, Max=-0, RMS=0 : air_pressure_at_surface
Fld=3  Min=-0, Max=-0, RMS=0 : air_temperature
Fld=4  Min=-0, Max=-0, RMS=0 : northward_wind
Fld=5  Min=-0, Max=-0, RMS=0 : eastward_wind
Fld=6  Min=-0, Max=-0, RMS=0 : cloud_liquid_water
Fld=7  Min=-0, Max=-0, RMS=0 : cloud_liquid_ice
Fld=8  Min=-0, Max=-0, RMS=0 : rain_water
Fld=9  Min=-0, Max=-0, RMS=0 : snow_water
Fld=10  Min=-0, Max=-0, RMS=0 : graupel
Fld=11  Min=-2.04601, Max=1.72451, RMS=0.0176792 : equivalent_reflectivity_factor
Fld=12  Min=-0, Max=-0, RMS=0 : upward_air_velocity
Initial RHS squared norm = 43184.9
OOPS_STATS DRPCG start                              - Runtime:   143.86 sec,  Local Memory:     7.27 GB
normr0 43184.9
  Residual norm ( 0) = 8261.708794956838
  Norm reduction ( 0) = 1

  Quadratic cost function: J   ( 0) = 1580445.174262581
  Quadratic cost function: Jb  ( 0) = 0
  Quadratic cost function: JoJc( 0) = 1580445.174262581


 DRPCG Starting Iteration 1
OOPS_STATS DRPCG iteration 1                        - Runtime:   149.12 sec,  Local Memory:     7.27 GB
rdots 3.57723e+07      iteration    0
DRPCG end of iteration 1
  Residual norm ( 1) = 5980.992343580138
  Norm reduction ( 1) = 0.7239413167444357

  Quadratic cost function: J   ( 1) = 1038318.988895758
  Quadratic cost function: Jb  ( 1) = 8611.741775989643
  Quadratic cost function: JoJc( 1) = 1029707.247119768

 DRPCG Starting Iteration 2
OOPS_STATS DRPCG iteration 2                        - Runtime:   154.62 sec,  Local Memory:     7.27 GB
rdots 1.65652e+07      iteration    1
DRPCG end of iteration 2
  Residual norm ( 2) = 4070.041611525283
  Norm reduction ( 2) = 0.4926392000175246

  Quadratic cost function: J   ( 2) = 821521.2933079841
  Quadratic cost function: Jb  ( 2) = 19504.46959201196
  Quadratic cost function: JoJc( 2) = 802016.8237159721

 DRPCG Starting Iteration 3
OOPS_STATS DRPCG iteration 3                        - Runtime:   160.15 sec,  Local Memory:     7.27 GB
rdots 8.98764e+06      iteration    2
DRPCG end of iteration 3
  Residual norm ( 3) = 2997.939157109519
  Norm reduction ( 3) = 0.3628715598084913

  Quadratic cost function: J   ( 3) = 703720.2792399874
  Quadratic cost function: Jb  ( 3) = 30457.35204872554
  Quadratic cost function: JoJc( 3) = 673262.9271912618

 DRPCG Starting Iteration 4
OOPS_STATS DRPCG iteration 4                        - Runtime:   165.71 sec,  Local Memory:     7.27 GB
rdots 5.18111e+06      iteration    3
DRPCG end of iteration 4
  Residual norm ( 4) = 2276.204706453903
  Norm reduction ( 4) = 0.2755125801387913

  Quadratic cost function: J   ( 4) = 630195.7490695432
  Quadratic cost function: Jb  ( 4) = 41393.5171209851
  Quadratic cost function: JoJc( 4) = 588802.2319485581

 DRPCG Starting Iteration 5
OOPS_STATS DRPCG iteration 5                        - Runtime:   171.16 sec,  Local Memory:     7.27 GB
rdots 3.76411e+06      iteration    4
DRPCG end of iteration 5
  Residual norm ( 5) = 1940.132249412878
  Norm reduction ( 5) = 0.2348342573629787

  Quadratic cost function: J   ( 5) = 586868.3244568736
  Quadratic cost function: Jb  ( 5) = 50732.08609812457
  Quadratic cost function: JoJc( 5) = 536136.238358749

 DRPCG Starting Iteration 6
rdots 2.56465e+06      iteration    5
DRPCG end of iteration 6
  Residual norm ( 6) = 1601.453071890647
  Norm reduction ( 6) = 0.1938404162669369

  Quadratic cost function: J   ( 6) = 556041.7779637591
  Quadratic cost function: Jb  ( 6) = 59743.0482932827
  Quadratic cost function: JoJc( 6) = 496298.7296704765

 DRPCG Starting Iteration 7
rdots 1.812e+06      iteration    6
DRPCG end of iteration 7
  Residual norm ( 7) = 1346.10571672698
  Norm reduction ( 7) = 0.1629330868631775

  Quadratic cost function: J   ( 7) = 535642.3827844512
  Quadratic cost function: Jb  ( 7) = 67436.90516635061
  Quadratic cost function: JoJc( 7) = 468205.4776181006

 DRPCG Starting Iteration 8
rdots 1.21833e+06      iteration    7
DRPCG end of iteration 8
  Residual norm ( 8) = 1103.781250387811
  Norm reduction ( 8) = 0.1336020522850657

  Quadratic cost function: J   ( 8) = 519301.6991893786
  Quadratic cost function: Jb  ( 8) = 75170.851535832
  Quadratic cost function: JoJc( 8) = 444130.8476535467

 DRPCG Starting Iteration 9
rdots 824363      iteration    8
DRPCG end of iteration 9
  Residual norm ( 9) = 907.9441912566836
  Norm reduction ( 9) = 0.1098978690474925

  Quadratic cost function: J   ( 9) = 507869.6733178217
  Quadratic cost function: Jb  ( 9) = 81821.43336842267
  Quadratic cost function: JoJc( 9) = 426048.239949399

 DRPCG Starting Iteration 10
OOPS_STATS DRPCG iteration 10                       - Runtime:   199.43 sec,  Local Memory:     7.27 GB
rdots 614438      iteration    9
DRPCG end of iteration 10
  Residual norm (10) = 783.8610318210442
  Norm reduction (10) = 0.09487880186475871

  Quadratic cost function: J   (10) = 499185.2662762713
  Quadratic cost function: Jb  (10) = 87907.52266839097
  Quadratic cost function: JoJc(10) = 411277.7436078803

 DRPCG Starting Iteration 11
rdots 459517      iteration    10
DRPCG end of iteration 11
  Residual norm (11) = 677.8767248801661
  Norm reduction (11) = 0.08205042585063754

  Quadratic cost function: J   (11) = 493100.4536219588
  Quadratic cost function: Jb  (11) = 92948.0922128455
  Quadratic cost function: JoJc(11) = 400152.3614091133

 DRPCG Starting Iteration 12
rdots 332195      iteration    11
DRPCG end of iteration 12
  Residual norm (12) = 576.3633049964674
  Norm reduction (12) = 0.06976320750354874

  Quadratic cost function: J   (12) = 488508.669559336
  Quadratic cost function: Jb  (12) = 97360.94058200944
  Quadratic cost function: JoJc(12) = 391147.7289773266

 DRPCG Starting Iteration 13
rdots 258973      iteration    12
DRPCG end of iteration 13
  Residual norm (13) = 508.8941153235321
  Norm reduction (13) = 0.06159671418510591

  Quadratic cost function: J   (13) = 485223.5337505513
  Quadratic cost function: Jb  (13) = 100968.7142018235
  Quadratic cost function: JoJc(13) = 384254.8195487277

 DRPCG Starting Iteration 14
rdots 192922      iteration    13
DRPCG end of iteration 14
  Residual norm (14) = 439.2287242492603
  Norm reduction (14) = 0.05316439191337475

  Quadratic cost function: J   (14) = 482809.4776610215
  Quadratic cost function: Jb  (14) = 103952.7549237373
  Quadratic cost function: JoJc(14) = 378856.7227372841

 DRPCG Starting Iteration 15
OOPS_STATS DRPCG iteration 15                       - Runtime:   227.74 sec,  Local Memory:     7.27 GB
rdots 138855      iteration    14
DRPCG end of iteration 15
  Residual norm (15) = 372.6326327274089
  Norm reduction (15) = 0.04510357868760438

  Quadratic cost function: J   (15) = 480985.6771239864
  Quadratic cost function: Jb  (15) = 106463.0769518114
  Quadratic cost function: JoJc(15) = 374522.600172175

 DRPCG Starting Iteration 16
rdots 99827.5      iteration    15
DRPCG end of iteration 16
  Residual norm (16) = 315.9549499254413
  Norm reduction (16) = 0.03824329297569874

  Quadratic cost function: J   (16) = 479587.6820865811
  Quadratic cost function: Jb  (16) = 108591.1850199135
  Quadratic cost function: JoJc(16) = 370996.4970666677

 DRPCG Starting Iteration 17
rdots 79996.9      iteration    16
DRPCG end of iteration 17
  Residual norm (17) = 282.8371571334409
  Norm reduction (17) = 0.03423470424255236

  Quadratic cost function: J   (17) = 478576.6855523798
  Quadratic cost function: Jb  (17) = 110280.7586970628
  Quadratic cost function: JoJc(17) = 368295.926855317

 DRPCG Starting Iteration 18
rdots 58662      iteration    17
DRPCG end of iteration 18
  Residual norm (18) = 242.2024662069122
  Norm reduction (18) = 0.02931626764123651

  Quadratic cost function: J   (18) = 477854.8414722085
  Quadratic cost function: Jb  (18) = 111592.0066499704
  Quadratic cost function: JoJc(18) = 366262.8348222381

 DRPCG Starting Iteration 19
rdots 47318.3      iteration    18
DRPCG end of iteration 19
  Residual norm (19) = 217.5276123246897
  Norm reduction (19) = 0.02632961506189546

  Quadratic cost function: J   (19) = 477329.6233309393
  Quadratic cost function: Jb  (19) = 112619.9687477353
  Quadratic cost function: JoJc(19) = 364709.654583204

 DRPCG Starting Iteration 20
OOPS_STATS DRPCG iteration 20                       - Runtime:   256.41 sec,  Local Memory:     7.27 GB
rdots 32739.6      iteration    19
DRPCG end of iteration 20
  Residual norm (20) = 180.940988467032
  Norm reduction (20) = 0.02190115785459336

  Quadratic cost function: J   (20) = 476940.4262204925
  Quadratic cost function: Jb  (20) = 113435.2835224583
  Quadratic cost function: JoJc(20) = 363505.1426980342

 DRPCG Starting Iteration 21
rdots 23999.5      iteration    20
DRPCG end of iteration 21
  Residual norm (21) = 154.9176646059374
  Norm reduction (21) = 0.01875128601730712

  Quadratic cost function: J   (21) = 476618.0646260423
  Quadratic cost function: Jb  (21) = 114157.0338940049
  Quadratic cost function: JoJc(21) = 362461.0307320374

 DRPCG Starting Iteration 22
rdots 17325.6      iteration    21
DRPCG end of iteration 22
  Residual norm (22) = 131.6265812721045
  Norm reduction (22) = 0.01593212548867043

  Quadratic cost function: J   (22) = 476384.0196857236
  Quadratic cost function: Jb  (22) = 114716.3330403346
  Quadratic cost function: JoJc(22) = 361667.686645389

 DRPCG Starting Iteration 23
rdots 12369.4      iteration    22
DRPCG end of iteration 23
  Residual norm (23) = 111.2176499891837
  Norm reduction (23) = 0.01346182160972241

  Quadratic cost function: J   (23) = 476201.9487845271
  Quadratic cost function: Jb  (23) = 115179.4423499812
  Quadratic cost function: JoJc(23) = 361022.5064345459

 DRPCG Starting Iteration 24
rdots 9790.09      iteration    23
DRPCG end of iteration 24
  Residual norm (24) = 98.94488668337908
  Norm reduction (24) = 0.01197632222813005

  Quadratic cost function: J   (24) = 476074.5157555197
  Quadratic cost function: Jb  (24) = 115523.3463336604
  Quadratic cost function: JoJc(24) = 360551.1694218594

 DRPCG Starting Iteration 25
OOPS_STATS DRPCG iteration 25                       - Runtime:   285.77 sec,  Local Memory:     7.27 GB
rdots 6497.56      iteration    24
DRPCG end of iteration 25
  Residual norm (25) = 80.60745452885752
  Norm reduction (25) = 0.009756753297582021

  Quadratic cost function: J   (25) = 475976.7989241048
  Quadratic cost function: Jb  (25) = 115802.1263252355
  Quadratic cost function: JoJc(25) = 360174.6725988693

 DRPCG Starting Iteration 26
rdots 5028.72      iteration    25
DRPCG end of iteration 26
  Residual norm (26) = 70.9134602630056
  Norm reduction (26) = 0.008583388984406352

  Quadratic cost function: J   (26) = 475907.7727336513
  Quadratic cost function: Jb  (26) = 116009.7355151211
  Quadratic cost function: JoJc(26) = 359898.0372185302

 DRPCG Starting Iteration 27
rdots 3383.62      iteration    26
DRPCG end of iteration 27
  Residual norm (27) = 58.16892992171088
  Norm reduction (27) = 0.007040786762808526

  Quadratic cost function: J   (27) = 475853.3314401258
  Quadratic cost function: Jb  (27) = 116182.1074347064
  Quadratic cost function: JoJc(27) = 359671.2240054195

 DRPCG Starting Iteration 28
rdots 2512.82      iteration    27
DRPCG end of iteration 28
  Residual norm (28) = 50.1280392495321
  Norm reduction (28) = 0.006067514662357934

  Quadratic cost function: J   (28) = 475814.7779824119
  Quadratic cost function: Jb  (28) = 116310.4539291659
  Quadratic cost function: JoJc(28) = 359504.3240532459

 DRPCG Starting Iteration 29
rdots 1807.72      iteration    28
DRPCG end of iteration 29
  Residual norm (29) = 42.51725929479932
  Norm reduction (29) = 0.005146303307222952

  Quadratic cost function: J   (29) = 475786.8263241984
  Quadratic cost function: Jb  (29) = 116408.0269722966
  Quadratic cost function: JoJc(29) = 359378.7993519017

 DRPCG Starting Iteration 30
OOPS_STATS DRPCG iteration 30                       - Runtime:   315.27 sec,  Local Memory:     7.27 GB
rdots 1327.7      iteration    29
DRPCG end of iteration 30
  Residual norm (30) = 36.43766990602377
  Norm reduction (30) = 0.004410427771100608

  Quadratic cost function: J   (30) = 475766.8678102153
  Quadratic cost function: Jb  (30) = 116480.9049343115
  Quadratic cost function: JoJc(30) = 359285.9628759038

 DRPCG Starting Iteration 31
rdots 1006.68      iteration    30
DRPCG end of iteration 31
  Residual norm (31) = 31.72827558980333
  Norm reduction (31) = 0.003840401105540188

  Quadratic cost function: J   (31) = 475752.1712319783
  Quadratic cost function: Jb  (31) = 116536.9314538899
  Quadratic cost function: JoJc(31) = 359215.2397780885

 DRPCG Starting Iteration 32
rdots 801.305      iteration    31
DRPCG end of iteration 32
  Residual norm (32) = 28.30733255451592
  Norm reduction (32) = 0.003426329014621703

  Quadratic cost function: J   (32) = 475742.4365295088
  Quadratic cost function: Jb  (32) = 116575.5399815386
  Quadratic cost function: JoJc(32) = 359166.8965479701

 DRPCG Starting Iteration 33
rdots 544.011      iteration    32
DRPCG end of iteration 33
  Residual norm (33) = 23.32404053411252
  Norm reduction (33) = 0.002823149679198343

  Quadratic cost function: J   (33) = 475734.8563607826
  Quadratic cost function: Jb  (33) = 116606.730291823
  Quadratic cost function: JoJc(33) = 359128.1260689596

 DRPCG Starting Iteration 34
rdots 380.328      iteration    33
DRPCG end of iteration 34
  Residual norm (34) = 19.50199741344766
  Norm reduction (34) = 0.002360528299587634

  Quadratic cost function: J   (34) = 475728.8953425724
  Quadratic cost function: Jb  (34) = 116632.1951477071
  Quadratic cost function: JoJc(34) = 359096.7001948652

 DRPCG Starting Iteration 35
OOPS_STATS DRPCG iteration 35                       - Runtime:   345.38 sec,  Local Memory:     7.27 GB
rdots 288.605      iteration    34
DRPCG end of iteration 35
  Residual norm (35) = 16.98836878882
  Norm reduction (35) = 0.002056277848862229

  Quadratic cost function: J   (35) = 475724.6398340676
  Quadratic cost function: Jb  (35) = 116651.0635764435
  Quadratic cost function: JoJc(35) = 359073.576257624

 DRPCG Starting Iteration 36
rdots 195.425      iteration    35
DRPCG end of iteration 36
  Residual norm (36) = 13.97945351916578
  Norm reduction (36) = 0.001692077736714613

  Quadratic cost function: J   (36) = 475721.4774917201
  Quadratic cost function: Jb  (36) = 116665.5982406661
  Quadratic cost function: JoJc(36) = 359055.879251054

 DRPCG Starting Iteration 37
rdots 145.18      iteration    36
DRPCG end of iteration 37
  Residual norm (37) = 12.04906608572886
  Norm reduction (37) = 0.001458422995141626

  Quadratic cost function: J   (37) = 475719.1931560629
  Quadratic cost function: Jb  (37) = 116676.4725098962
  Quadratic cost function: JoJc(37) = 359042.7206461667

 DRPCG Starting Iteration 38
rdots 107.519      iteration    37
DRPCG end of iteration 38
  Residual norm (38) = 10.36912845306179
  Norm reduction (38) = 0.001255082781348015

  Quadratic cost function: J   (38) = 475717.5548865921
  Quadratic cost function: Jb  (38) = 116684.5401516374
  Quadratic cost function: JoJc(38) = 359033.0147349547

 DRPCG Starting Iteration 39
rdots 82.0139      iteration    38
DRPCG end of iteration 39
  Residual norm (39) = 9.056154966657182
  Norm reduction (39) = 0.001096160030741497

  Quadratic cost function: J   (39) = 475716.4013260256
  Quadratic cost function: Jb  (39) = 116690.4061899681
  Quadratic cost function: JoJc(39) = 359025.9951360575

 DRPCG Starting Iteration 40
OOPS_STATS DRPCG iteration 40                       - Runtime:   375.89 sec,  Local Memory:     7.27 GB
rdots 61.3921      iteration    39
DRPCG end of iteration 40
  Residual norm (40) = 7.835309869377507
  Norm reduction (40) = 0.0009483885312152839

  Quadratic cost function: J   (40) = 475715.6015996851
  Quadratic cost function: Jb  (40) = 116694.5954703733
  Quadratic cost function: JoJc(40) = 359021.0061293119

DRPCG: Achieved required reduction in residual norm.
OOPS_STATS DRPCG end                                - Runtime:   382.03 sec,  Local Memory:     7.27 GB
DRPCGMinimizer: reduction in residual norm = 0.000948389
DRPCGMinimizer output increment:
  Valid time: 2026-05-23T12:00:00Z
  Resolution: nCellsGlobal = 2341818, nFields = 12
Fld=1  Min=-0.0115985, Max=0.0120911, RMS=0.000101824 : water_vapor_mixing_ratio_wrt_moist_air
Fld=2  Min=-109.071, Max=118.582, RMS=2.6496 : air_pressure_at_surface
Fld=3  Min=-7.82538, Max=9.77344, RMS=0.100479 : air_temperature
Fld=4  Min=-41.9036, Max=33.0055, RMS=0.377461 : northward_wind
Fld=5  Min=-29.2887, Max=36.3275, RMS=0.441329 : eastward_wind
Fld=6  Min=-0.00414647, Max=0.00647282, RMS=1.92467e-05 : cloud_liquid_water
Fld=7  Min=-0.0013224, Max=0.00159703, RMS=3.79961e-06 : cloud_liquid_ice
Fld=8  Min=-0.0059877, Max=0.00475453, RMS=3.56465e-05 : rain_water
Fld=9  Min=-0.00581596, Max=0.0052555, RMS=5.91126e-05 : snow_water
Fld=10  Min=-0.00851752, Max=0.00620204, RMS=3.48122e-05 : graupel
Fld=11  Min=-72.9087, Max=77.2432, RMS=2.48717 : equivalent_reflectivity_factor
Fld=12  Min=0, Max=0, RMS=0 : upward_air_velocity
CostFunction::addIncrement: First guess:
  Valid time: 2026-05-23T12:00:00Z
  Resolution: nCellsGlobal = 2341818, nFields = 35
Fld=1  Min=0, Max=0.0289597, RMS=0.00580019 : water_vapor_mixing_ratio_wrt_moist_air
Fld=2  Min=63192.5, Max=103694, RMS=96737.1 : air_pressure_at_surface
Fld=3  Min=188.072, Max=306.435, RMS=258.45 : air_temperature
Fld=4  Min=-43.1161, Max=41.1096, RMS=6.84742 : northward_wind
Fld=5  Min=-31.5617, Max=73.5644, RMS=11.4422 : eastward_wind
Fld=6  Min=270.194, Max=647.592, RMS=354.601 : air_potential_temperature
Fld=7  Min=0.0383044, Max=1.30783, RMS=0.790626 : dry_air_density
Fld=8  Min=-77.3741, Max=77.2074, RMS=9.46106 : u
Fld=9  Min=0, Max=0.0298234, RMS=0.00587226 : water_vapor_mixing_ratio_wrt_dry_air
Fld=10  Min=2424.76, Max=103580, RMS=64362.2 : air_pressure
Fld=11  Min=0, Max=1, RMS=0.790008 : landmask
Fld=12  Min=0, Max=1, RMS=0.0639752 : seaice_fraction
Fld=13  Min=0, Max=1, RMS=0.0727495 : snowc
Fld=14  Min=248.673, Max=303.738, RMS=287.69 : skin_temperature_at_surface
Fld=15  Min=1, Max=19, RMS=12.7664 : ivgtyp
Fld=16  Min=1, Max=16, RMS=9.97061 : isltyp
Fld=17  Min=0, Max=7.5, RMS=0.17242 : snowh
Fld=18  Min=0, Max=0.91134, RMS=0.392459 : vegetation_area_fraction
Fld=19  Min=262.122, Max=303.533, RMS=287.629 : air_temperature_at_2m
Fld=20  Min=0.00015131, Max=0.0219686, RMS=0.0106776 : water_vapor_mixing_ratio_wrt_moist_air_at_2m
Fld=21  Min=-17.3992, Max=19.7069, RMS=3.41901 : eastward_wind_at_10m
Fld=22  Min=-20.3869, Max=20.1699, RMS=3.16112 : northward_wind_at_10m
Fld=23  Min=0, Max=6.54018, RMS=1.53334 : lai
Fld=24  Min=0.00200001, Max=1, RMS=0.635498 : smois
Fld=25  Min=259.792, Max=308.588, RMS=288.454 : tslb
Fld=26  Min=-959.267, Max=5961.25, RMS=3128.53 : pressure_p
Fld=27  Min=0, Max=0.0077591, RMS=6.27624e-05 : cloud_liquid_water
Fld=28  Min=0, Max=0.00373419, RMS=5.36438e-06 : cloud_liquid_ice
Fld=29  Min=0, Max=0.0154361, RMS=4.4045e-05 : graupel
Fld=30  Min=0, Max=0.0147919, RMS=5.33902e-05 : rain_water
Fld=31  Min=0, Max=0.00675406, RMS=8.60175e-05 : snow_water
Fld=32  Min=0, Max=1, RMS=0.239486 : cldfrac
Fld=33  Min=0, Max=72.4693, RMS=4.68324 : equivalent_reflectivity_factor
Fld=34  Min=-13.2688, Max=34.9019, RMS=0.16257 : w
Fld=35  Min=0, Max=0, RMS=0 : upward_air_velocity
CostFunction::addIncrement: Increment:
  Valid time: 2026-05-23T12:00:00Z
  Resolution: nCellsGlobal = 2341818, nFields = 12
Fld=1  Min=-0.0115985, Max=0.0120911, RMS=0.000101824 : water_vapor_mixing_ratio_wrt_moist_air
Fld=2  Min=-109.071, Max=118.582, RMS=2.6496 : air_pressure_at_surface
Fld=3  Min=-7.82538, Max=9.77344, RMS=0.100479 : air_temperature
Fld=4  Min=-41.9036, Max=33.0055, RMS=0.377461 : northward_wind
Fld=5  Min=-29.2887, Max=36.3275, RMS=0.441329 : eastward_wind
Fld=6  Min=-0.00414647, Max=0.00647282, RMS=1.92467e-05 : cloud_liquid_water
Fld=7  Min=-0.0013224, Max=0.00159703, RMS=3.79961e-06 : cloud_liquid_ice
Fld=8  Min=-0.0059877, Max=0.00475453, RMS=3.56465e-05 : rain_water
Fld=9  Min=-0.00581596, Max=0.0052555, RMS=5.91126e-05 : snow_water
Fld=10  Min=-0.00851752, Max=0.00620204, RMS=3.48122e-05 : graupel
Fld=11  Min=-72.9087, Max=77.2432, RMS=2.48717 : equivalent_reflectivity_factor
Fld=12  Min=0, Max=0, RMS=0 : upward_air_velocity
CostFunction::addIncrement: Analysis: 
  Valid time: 2026-05-23T12:00:00Z
  Resolution: nCellsGlobal = 2341818, nFields = 35
Fld=1  Min=0, Max=0.030597, RMS=0.0058008 : water_vapor_mixing_ratio_wrt_moist_air
Fld=2  Min=63192.5, Max=103694, RMS=96737.1 : air_pressure_at_surface
Fld=3  Min=185.68, Max=306.435, RMS=258.45 : air_temperature
Fld=4  Min=-43.1161, Max=50.1797, RMS=6.85648 : northward_wind
Fld=5  Min=-31.3725, Max=73.5644, RMS=11.4469 : eastward_wind
Fld=6  Min=270.194, Max=647.592, RMS=354.601 : air_potential_temperature
Fld=7  Min=0.0381615, Max=1.30783, RMS=0.790624 : dry_air_density
Fld=8  Min=-77.3741, Max=77.2074, RMS=9.46679 : u
Fld=9  Min=0, Max=0.0315627, RMS=0.00587289 : water_vapor_mixing_ratio_wrt_dry_air
Fld=10  Min=2410.58, Max=103580, RMS=64362.3 : air_pressure
Fld=11  Min=0, Max=1, RMS=0.790008 : landmask
Fld=12  Min=0, Max=1, RMS=0.0639752 : seaice_fraction
Fld=13  Min=0, Max=1, RMS=0.0727495 : snowc
Fld=14  Min=248.673, Max=303.738, RMS=287.69 : skin_temperature_at_surface
Fld=15  Min=1, Max=19, RMS=12.7664 : ivgtyp
Fld=16  Min=1, Max=16, RMS=9.97061 : isltyp
Fld=17  Min=0, Max=7.5, RMS=0.17242 : snowh
Fld=18  Min=0, Max=0.91134, RMS=0.392459 : vegetation_area_fraction
Fld=19  Min=262.122, Max=303.533, RMS=287.63 : air_temperature_at_2m
Fld=20  Min=0.00015131, Max=0.022485, RMS=0.0106781 : water_vapor_mixing_ratio_wrt_moist_air_at_2m
Fld=21  Min=-17.3992, Max=19.7069, RMS=3.41901 : eastward_wind_at_10m
Fld=22  Min=-20.3869, Max=20.1699, RMS=3.16112 : northward_wind_at_10m
Fld=23  Min=0, Max=6.54018, RMS=1.53334 : lai
Fld=24  Min=0.00200001, Max=1, RMS=0.635498 : smois
Fld=25  Min=259.792, Max=308.588, RMS=288.454 : tslb
Fld=26  Min=-963.009, Max=5961.43, RMS=3128.57 : pressure_p
Fld=27  Min=0, Max=0.00773623, RMS=6.24602e-05 : cloud_liquid_water
Fld=28  Min=0, Max=0.00315604, RMS=6.06689e-06 : cloud_liquid_ice
Fld=29  Min=0, Max=0.0145364, RMS=4.08903e-05 : graupel
Fld=30  Min=0, Max=0.012818, RMS=4.68546e-05 : rain_water
Fld=31  Min=0, Max=0.00704682, RMS=0.000103837 : snow_water
Fld=32  Min=0, Max=1, RMS=0.239486 : cldfrac
Fld=33  Min=0, Max=94.0586, RMS=4.29791 : equivalent_reflectivity_factor
Fld=34  Min=-13.2688, Max=34.9019, RMS=0.16257 : w
Fld=35  Min=0, Max=0, RMS=0 : upward_air_velocity
OOPS_STATS IncrementalAssimilation end              - Runtime:   382.37 sec,  Local Memory:     7.27 GB
Variational: incremental assimilation done 1 iterations.
QC refl10cm equivalentReflectivityFactor: 131580 H(x) failed.
QC refl10cm equivalentReflectivityFactor: 6 rejected by first-guess check.
QC refl10cm equivalentReflectivityFactor: 3726773 passed out of 3858359 observations.
ObsErrorDiagonal covariance updated 3726773
Observer::finalize QC = 
refl10cm equivalentReflectivityFactor nlocs = 3858359, nobs = 3858359, min = 0, max = 19, avg = 0
Jo Observations:
Jo Obs :refl10cm:equivalentReflectivityFactor   : Nobs=  3726773, Min= 0.000000e+00, Max= 5.810213e+01, RMS= 5.583923e+00
Jo Observations Equivalent:
Jo H(x):refl10cm:equivalentReflectivityFactor   : Nobs=  3726773, Min= 0.000000e+00, Max= 5.907775e+01, RMS= 5.081834e+00
Jo Bias Corrected Departures:
Jo Dep :refl10cm:equivalentReflectivityFactor   : Nobs=  3726773, Min=-5.810213e+01, Max= 5.702917e+01, RMS= 2.201377e+00
Jo Observations Errors:
UFO Diagonal observation error covariance, inverse variances: refl10cm nobs= 3726773 Min=0.04, Max=0.04, RMS=0.04



CostJo   : Nonlinear Jo(refl10cm) = 361203, nobs = 3726773, Jo/n = 0.0969212, err = 5
CostJo   : Nonlinear Jo = 361203
Increment:diff x1 2
Increment:diff x2 1
CostJb: FG-BG
  Valid time: 2026-05-23T12:00:00Z
  Resolution: nCellsGlobal = 2341818, nFields = 12
Fld=1  Min=-0.0101753, Max=0.0120911, RMS=0.000101492 : water_vapor_mixing_ratio_wrt_moist_air
Fld=2  Min=-109.071, Max=118.582, RMS=2.6496 : air_pressure_at_surface
Fld=3  Min=-7.82538, Max=9.77344, RMS=0.100479 : air_temperature
Fld=4  Min=-41.9036, Max=33.0055, RMS=0.377461 : northward_wind
Fld=5  Min=-29.2887, Max=36.3275, RMS=0.441329 : eastward_wind
Fld=6  Min=-0.00240546, Max=0.00647282, RMS=1.51241e-05 : cloud_liquid_water
Fld=7  Min=-0.00117849, Max=0.00159703, RMS=3.45313e-06 : cloud_liquid_ice
Fld=8  Min=-0.00363607, Max=0.00475453, RMS=2.47102e-05 : rain_water
Fld=9  Min=-0.00418837, Max=0.0052555, RMS=5.64613e-05 : snow_water
Fld=10  Min=-0.00761693, Max=0.00620204, RMS=2.86091e-05 : graupel
Fld=11  Min=-63.2849, Max=77.2432, RMS=2.42249 : equivalent_reflectivity_factor
Fld=12  Min=0, Max=0, RMS=0 : upward_air_velocity
CostFunction: Nonlinear J = 361203
OOPS_STATS Variational end                          - Runtime:   399.35 sec,  Local Memory:     7.27 GB
==> destruct MPAS corelist and domain:  0
Tried to erase key "mesh[address=0x49f4f20],halo[size=0]" from cache "NodeColumnsHaloExchangeCache" but it was not found.
Erased key "mesh[address=0x49f4f20],halo[size=1]" from cache "NodeColumnsHaloExchangeCache".
==> destruct MPAS corelist and domain:  1
refl10cm: save database to jdiag_mrms_refl.nc (io pool size: 4)
QC refl10cm equivalentReflectivityFactor: 131580 H(x) failed.
QC refl10cm equivalentReflectivityFactor: 6 rejected by first-guess check.
QC refl10cm equivalentReflectivityFactor: 3726773 passed out of 3858359 observations.
Erased key "mesh[address=0x7db5590]" from cache "NodeColumnsGatherScatterCache".
Tried to erase key "mesh[address=0x7db5590],halo[size=0]" from cache "NodeColumnsHaloExchangeCache" but it was not found.
Erased key "mesh[address=0x7db5590],halo[size=1]" from cache "NodeColumnsHaloExchangeCache".

Run: Finishing oops::Variational<MPAS, UFO and IODA observations>
OOPS_STATS  
OOPS_STATS ----------------------------------------------------------------------------------
OOPS_STATS --------------------------- Object counts ----------------------------------------
OOPS_STATS ----------------------------------------------------------------------------------
OOPS_STATS                                      Total  Simult. Remain    Avg (Mb)    HWM (Mb)
OOPS_STATS ioda::ObsDataVector             :        8       5        
OOPS_STATS ioda::ObsVector                 :      100       8        
OOPS_STATS mpas::Geometry                  :        2       2        
OOPS_STATS mpas::Increment                 :     2914     127        
OOPS_STATS mpas::LinVarChaModel2GeoVars    :        1       1        
OOPS_STATS mpas::ModelBias                 :        4       3        
OOPS_STATS mpas::ModelBiasCovariance       :        1       1        
OOPS_STATS mpas::State                     :       75      34        
OOPS_STATS mpas::VarChaModel2GeoVars       :        3       1        
OOPS_STATS oops::ControlIncrement          :      178      94               15.22     1430.72
OOPS_STATS oops::ControlVariable           :        4       3        
OOPS_STATS oops::Diffusion                 :        1       1        
OOPS_STATS oops::EnsembleCovariance        :        1       1             3550.41     3550.41
OOPS_STATS oops::GeoVaLs                   :       84       1        
OOPS_STATS oops::Geometry                  :        2       2        
OOPS_STATS oops::GetValues                 :        3       2        
OOPS_STATS oops::Increment                 :     2832     127               15.02     1932.99
OOPS_STATS oops::LinearObsOperator         :        1       1        
OOPS_STATS oops::LocalInterpolator         :     2400    1600        
OOPS_STATS oops::Localization              :        1       1        
OOPS_STATS oops::ModelAuxControl           :        4       3        
OOPS_STATS oops::ModelAuxCovariance        :        1       1        
OOPS_STATS oops::ModelAuxIncrement         :      178      94        
OOPS_STATS oops::ObsAuxControl             :        4       3        
OOPS_STATS oops::ObsAuxCovariance          :        1       1        
OOPS_STATS oops::ObsAuxIncrement           :      178      94        
OOPS_STATS oops::ObsAuxIncrements          :      178      94        
OOPS_STATS oops::ObsAuxPreconditioner      :        2       2        
OOPS_STATS oops::ObsDataVector             :        4       4        
OOPS_STATS oops::ObsDiagnostics            :        2       1        
OOPS_STATS oops::ObsError                  :        1       1        
OOPS_STATS oops::ObsOperator               :        2       2        
OOPS_STATS oops::ObsSpace                  :        1       1        
OOPS_STATS oops::ObsSpaces                 :        1       1        
OOPS_STATS oops::ObsVector                 :      100       7                0.04        0.23
OOPS_STATS oops::SampledLocations          :        8       4        
OOPS_STATS oops::State                     :       72      34               21.39      702.08
OOPS_STATS oops::UnstructuredInterpolator  :     2400    1600        
OOPS_STATS oops::VariableChange            :        3       1        
OOPS_STATS ufo::BackgroundCheck            :        1       1        
OOPS_STATS ufo::FinalCheck                 :        2       2        
OOPS_STATS ufo::GeoVaLs                    :       87       2        
OOPS_STATS ufo::ObsBias                    :        4       3        
OOPS_STATS ufo::ObsBiasCovariance          :        1       1        
OOPS_STATS ufo::ObsBiasPreconditioner      :        1       1        
OOPS_STATS ufo::ObsFilter                  :        9       6        
OOPS_STATS ufo::ObsFilterData              :        3       3        
OOPS_STATS ufo::ObsVertInterp              :        2       2        
OOPS_STATS ufo::ObsVertInterpTLAD          :        1       1        
OOPS_STATS ufo::SampledLocations           :        4       3        
OOPS_STATS ----------------------------- Object counts --------------------------------------
OOPS_STATS  
OOPS_STATS --------------------------------------------------------------------------------------------
OOPS_STATS ------------------------------------ Timing Statistics -------------------------------------
OOPS_STATS --------------------------------------------------------------------------------------------
OOPS_STATS Name                                                :   total (ms)   count    time/call (ms)
OOPS_STATS ObsFilter::Background Check::ObsFilter              :         0.14       1            0.1412
OOPS_STATS ObsFilter::Background Check::postFilter             :        23.64       1           23.6442
OOPS_STATS ObsFilter::Background Check::preProcess             :         0.01       1            0.0057
OOPS_STATS ObsFilter::Background Check::priorFilter            :         0.02       1            0.0245
OOPS_STATS ObsFilter::Final Check::ObsFilter                   :         0.01       2            0.0057
OOPS_STATS ObsFilter::Final Check::postFilter                  :         0.05       2            0.0232
OOPS_STATS ObsFilter::Final Check::preProcess                  :         0.00       2            0.0003
OOPS_STATS ObsFilter::Final Check::priorFilter                 :         0.00       2            0.0023
OOPS_STATS ObsFilter::QCmanager::ObsFilter                     :         3.20       2            1.6002
OOPS_STATS ObsFilter::QCmanager::postFilter                    :         0.22       2            0.1086
OOPS_STATS ObsFilter::QCmanager::preProcess                    :         0.00       2            0.0002
OOPS_STATS ObsFilter::QCmanager::priorFilter                   :         0.00       2            0.0001
OOPS_STATS ioda::ObsSpace::get_db(DateTime)                    :         1.23       4            0.3064
OOPS_STATS ioda::ObsSpace::get_db(double)                      :         0.28       5            0.0566
OOPS_STATS ioda::ObsSpace::get_db(float)                       :         3.15      12            0.2622
OOPS_STATS ioda::ObsSpace::load                                :       697.69       1          697.6851
OOPS_STATS ioda::ObsSpace::put_db(double)                      :         1.32       6            0.2194
OOPS_STATS ioda::ObsSpace::put_db(float)                       :         0.08       2            0.0381
OOPS_STATS ioda::ObsSpace::put_db(int)                         :         1.60       2            0.8000
OOPS_STATS mpas::LinVarChaModel2GeoVars::LinVarChaModel2GeoVar :         3.08       1            3.0819
OOPS_STATS mpas::LinVarChaModel2GeoVars::changeVarAD           :       862.02      41           21.0249
OOPS_STATS mpas::LinVarChaModel2GeoVars::changeVarTL           :       143.64      40            3.5910
OOPS_STATS mpas::LinVarChaModel2GeoVars::~LinVarChaModel2GeoVa :         0.03       1            0.0298
OOPS_STATS mpas::VarChaModel2GeoVars::VarChaModel2GeoVars      :         0.04       3            0.0148
OOPS_STATS mpas::VarChaModel2GeoVars::changeVar                :        12.52       3            4.1749
OOPS_STATS mpas::VarChaModel2GeoVars::~VarChaModel2GeoVars     :         0.00       3            0.0011
OOPS_STATS oops::Covariance::EnsembleCovariance                :     80187.90       1        80187.9028
OOPS_STATS oops::Covariance::ensemble::Constructor             :         0.01       1            0.0060
OOPS_STATS oops::Covariance::ensemble::multiply                :    216411.49      41         5278.3290
OOPS_STATS oops::Diffusion::Diffusion                          :         0.00       1            0.0001
OOPS_STATS oops::Diffusion::calculateDerivedGeom               :         1.84       1            1.8403
OOPS_STATS oops::Diffusion::multiplySqrtAD                     :     56530.85    1230           45.9600
OOPS_STATS oops::Diffusion::multiplySqrtTL                     :     47932.97    1230           38.9699
OOPS_STATS oops::Diffusion::setParameters                      :         4.43       1            4.4260
OOPS_STATS oops::GeoVaLs::GeoVaLs                              :        17.29      84            0.2058
OOPS_STATS oops::GeoVaLs::fill                                 :        28.21   28750            0.0010
OOPS_STATS oops::GeoVaLs::fillAD                               :        20.22   25625            0.0008
OOPS_STATS oops::GeoVaLs::~GeoVaLs                             :         0.46      84            0.0055
OOPS_STATS oops::Geometry::Geometry                            :     55443.10       2        27721.5519
OOPS_STATS oops::Geometry::variableSizes                       :         4.76      11            0.4327
OOPS_STATS oops::Geometry::~Geometry                           :       460.63       2          230.3129
OOPS_STATS oops::GeometryData::containingTriangleAndBarycentri :        44.73   20517            0.0022
OOPS_STATS oops::GeometryData::setGlobalTree                   :      1833.52       2          916.7593
OOPS_STATS oops::GeometryData::setLocalTree                    :         3.16       2            1.5785
OOPS_STATS oops::GeometryData::setMeshAndTriangulation         :         0.59       2            0.2972
OOPS_STATS oops::GetValues::GetValues                          :       361.39       3          120.4640
OOPS_STATS oops::GetValues::fillGeoVaLs                        :        51.37       3           17.1241
OOPS_STATS oops::GetValues::fillGeoVaLsAD                      :       108.87      41            2.6554
OOPS_STATS oops::GetValues::fillGeoVaLsTL                      :       712.53      40           17.8133
OOPS_STATS oops::GetValues::finalize                           :        19.73       3            6.5782
OOPS_STATS oops::GetValues::finalizeAD                         :       612.88      41           14.9483
OOPS_STATS oops::GetValues::finalizeTL                         :       102.16      40            2.5539
OOPS_STATS oops::GetValues::initialize                         :         3.19       3            1.0635
OOPS_STATS oops::GetValues::initializeAD                       :         4.77      41            0.1164
OOPS_STATS oops::GetValues::initializeTL                       :        18.94      40            0.4735
OOPS_STATS oops::GetValues::process                            :        16.76       3            5.5875
OOPS_STATS oops::GetValues::processAD                          :       122.22      41            2.9811
OOPS_STATS oops::GetValues::processTL                          :       132.24      40            3.3060
OOPS_STATS oops::Increment::Increment                          :     26797.15    2832            9.4623
OOPS_STATS oops::Increment::axpy                               :      5323.75     900            5.9153
OOPS_STATS oops::Increment::diff                               :       307.57      33            9.3202
OOPS_STATS oops::Increment::dot_product_with                   :      8049.97     984            8.1809
OOPS_STATS oops::Increment::fromFieldSet                       :     10950.68    1271            8.6158
OOPS_STATS oops::Increment::operator*=                         :       199.86     121            1.6517
OOPS_STATS oops::Increment::operator+=                         :     10169.41    1421            7.1565
OOPS_STATS oops::Increment::operator+=(State, Increment)       :       162.20       1          162.2047
OOPS_STATS oops::Increment::operator-=                         :       118.22      30            3.9405
OOPS_STATS oops::Increment::operator=                          :      5505.36    1568            3.5111
OOPS_STATS oops::Increment::print                              :     19430.47    1237           15.7077
OOPS_STATS oops::Increment::schur_product_with                 :     11152.80    2460            4.5337
OOPS_STATS oops::Increment::serialSize                         :         4.53     178            0.0255
OOPS_STATS oops::Increment::toFieldSet                         :      9692.41    1311            7.3931
OOPS_STATS oops::Increment::zero                               :       118.93     124            0.9591
OOPS_STATS oops::Increment::~Increment                         :       128.44    2832            0.0454
OOPS_STATS oops::LinearObsOper::refl10cm::LinearObsOperator    :         0.54       1            0.5415
OOPS_STATS oops::LinearObsOper::refl10cm::requiredVars         :         0.11      83            0.0013
OOPS_STATS oops::LinearObsOper::refl10cm::setTrajectory        :         0.87       1            0.8671
OOPS_STATS oops::LinearObsOper::refl10cm::simulateObsAD        :         2.95      41            0.0721
OOPS_STATS oops::LinearObsOper::refl10cm::simulateObsTL        :         6.36      40            0.1591
OOPS_STATS oops::LinearObsOper::refl10cm::~LinearObsOperator   :        11.37       1           11.3706
OOPS_STATS oops::LinearVariableChange::LinearVariableChange    :         0.11       1            0.1065
OOPS_STATS oops::LinearVariableChange::changeVarAD             :      1464.25      41           35.7133
OOPS_STATS oops::LinearVariableChange::changeVarTL             :       433.48      40           10.8370
OOPS_STATS oops::LinearVariableChange::changeVarTraj           :         3.09       1            3.0935
OOPS_STATS oops::LinearVariableChange::~LinearVariableChange   :         0.98       1            0.9808
OOPS_STATS oops::LocalInterpolator::LocalInterpolator          :        52.39    2400            0.0218
OOPS_STATS oops::LocalInterpolator::apply                      :        15.48    2400            0.0065
OOPS_STATS oops::LocalInterpolator::applyAD                    :       106.18   32800            0.0032
OOPS_STATS oops::LocalInterpolator::applyTL                    :       116.08   32000            0.0036
OOPS_STATS oops::LocalInterpolator::preprocess                 :      1227.46      43           28.5455
OOPS_STATS oops::LocalInterpolator::preprocessAD               :        71.72      41            1.7493
OOPS_STATS oops::LocalInterpolator::~LocalInterpolator         :         1.53    2400            0.0006
OOPS_STATS oops::Localization::Localization                    :      7561.21       1         7561.2145
OOPS_STATS oops::Localization::multiply                        :    177135.41    1230          144.0125
OOPS_STATS oops::Localization::~Localization                   :         0.33       1            0.3330
OOPS_STATS oops::ModelAuxControl::ModelAuxControl              :         0.01       4            0.0021
OOPS_STATS oops::ModelAuxControl::print                        :         0.00       3            0.0011
OOPS_STATS oops::ModelAuxControl::~ModelAuxControl             :         0.00       4            0.0009
OOPS_STATS oops::ModelAuxCovariance::ModelAuxCovariance        :         0.00       1            0.0033
OOPS_STATS oops::ModelAuxCovariance::linearize                 :         0.00       1            0.0001
OOPS_STATS oops::ModelAuxCovariance::multiply                  :         0.01      41            0.0002
OOPS_STATS oops::ModelAuxCovariance::~ModelAuxCovariance       :         0.00       1            0.0005
OOPS_STATS oops::ModelAuxIncrement::ModelAuxIncrement          :         0.15     178            0.0009
OOPS_STATS oops::ModelAuxIncrement::axpy                       :         0.37     900            0.0004
OOPS_STATS oops::ModelAuxIncrement::diff                       :         0.00       3            0.0003
OOPS_STATS oops::ModelAuxIncrement::dot_product_with           :         0.24     984            0.0002
OOPS_STATS oops::ModelAuxIncrement::operator*=                 :         0.04      79            0.0005
OOPS_STATS oops::ModelAuxIncrement::operator+=                 :         0.08     120            0.0007
OOPS_STATS oops::ModelAuxIncrement::operator+=ModelAuxControl  :         0.00       1            0.0002
OOPS_STATS oops::ModelAuxIncrement::operator=                  :         0.01      44            0.0003
OOPS_STATS oops::ModelAuxIncrement::print                      :         0.01       7            0.0014
OOPS_STATS oops::ModelAuxIncrement::serialSize                 :         0.01     178            0.0001
OOPS_STATS oops::ModelAuxIncrement::zero                       :         0.01      41            0.0003
OOPS_STATS oops::ModelAuxIncrement::~ModelAuxIncrement         :         0.03     178            0.0002
OOPS_STATS oops::ObsAuxControl::ObsAuxControl                  :         0.17       4            0.0432
OOPS_STATS oops::ObsAuxControl::print                          :         0.00       3            0.0011
OOPS_STATS oops::ObsAuxControl::requiredHdiagnostics           :         0.00       2            0.0002
OOPS_STATS oops::ObsAuxControl::requiredVars                   :         0.00       6            0.0002
OOPS_STATS oops::ObsAuxControl::write                          :         0.03       1            0.0263
OOPS_STATS oops::ObsAuxControl::~ObsAuxControl                 :         0.01       4            0.0017
OOPS_STATS oops::ObsAuxCovariance::ObsAuxCovariance            :         0.08       1            0.0798
OOPS_STATS oops::ObsAuxCovariance::inverseMultiply             :         0.05      41            0.0012
OOPS_STATS oops::ObsAuxCovariance::linearize                   :         0.02       1            0.0158
OOPS_STATS oops::ObsAuxCovariance::multiply                    :         0.21      41            0.0052
OOPS_STATS oops::ObsAuxCovariance::preconditioner              :         0.02       1            0.0159
OOPS_STATS oops::ObsAuxCovariance::write                       :         0.03       1            0.0253
OOPS_STATS oops::ObsAuxCovariance::~ObsAuxCovariance           :         0.00       1            0.0029
OOPS_STATS oops::ObsAuxIncrement::ObsAuxIncrement              :         0.92     178            0.0052
OOPS_STATS oops::ObsAuxIncrement::axpy                         :         1.32     900            0.0015
OOPS_STATS oops::ObsAuxIncrement::diff                         :         0.01       3            0.0038
OOPS_STATS oops::ObsAuxIncrement::dot_product_with             :         0.53     984            0.0005
OOPS_STATS oops::ObsAuxIncrement::operator*=                   :         0.10      79            0.0013
OOPS_STATS oops::ObsAuxIncrement::operator+=                   :         0.19     120            0.0016
OOPS_STATS oops::ObsAuxIncrement::operator=                    :         0.04      44            0.0008
OOPS_STATS oops::ObsAuxIncrement::print                        :         0.01       7            0.0016
OOPS_STATS oops::ObsAuxIncrement::serialSize                   :         0.01     356            0.0000
OOPS_STATS oops::ObsAuxIncrement::zero                         :         0.06      41            0.0014
OOPS_STATS oops::ObsAuxIncrement::~ObsAuxIncrement             :         0.23     178            0.0013
OOPS_STATS oops::ObsAuxPreconditioner::multiply                :         0.03      41            0.0007
OOPS_STATS oops::ObsAuxPreconditioner::~ObsAuxPreconditioner   :         0.00       2            0.0011
OOPS_STATS oops::ObsDataVector::ObsDataVector                  :         0.24       4            0.0612
OOPS_STATS oops::ObsDataVector::mask                           :         0.01       2            0.0040
OOPS_STATS oops::ObsDataVector::operator=                      :         0.01       2            0.0072
OOPS_STATS oops::ObsDataVector::print                          :         1.46       2            0.7307
OOPS_STATS oops::ObsDataVector::save                           :         1.70       4            0.4239
OOPS_STATS oops::ObsDataVector::~ObsDataVector                 :         0.19       4            0.0465
OOPS_STATS oops::ObsDiagnostics::ObsDiagnostics                :         0.07       2            0.0348
OOPS_STATS oops::ObsDiagnostics::~ObsDiagnostics               :         0.02       2            0.0109
OOPS_STATS oops::ObsError::getRMSE                             :         3.26       4            0.8140
OOPS_STATS oops::ObsError::inverseMultiply                     :         0.39      42            0.0094
OOPS_STATS oops::ObsError::obserrors                           :         0.19       6            0.0312
OOPS_STATS oops::ObsError::update                              :         3.95       2            1.9741
OOPS_STATS oops::ObsError::~ObsError                           :         0.02       1            0.0158
OOPS_STATS oops::ObsOperator::refl10cm::ObsOperator            :         9.07       2            4.5335
OOPS_STATS oops::ObsOperator::refl10cm::computeReducedVars     :         0.10       3            0.0333
OOPS_STATS oops::ObsOperator::refl10cm::locations              :         2.61       3            0.8698
OOPS_STATS oops::ObsOperator::refl10cm::requiredVars           :         0.00       3            0.0013
OOPS_STATS oops::ObsOperator::refl10cm::simulateObs            :        13.36       2            6.6787
OOPS_STATS oops::ObsOperator::refl10cm::~ObsOperator           :         7.33       2            3.6633
OOPS_STATS oops::ObsSpace::ObsSpace                            :       700.23       1          700.2258
OOPS_STATS oops::ObsSpace::obsvariables                        :         0.00       3            0.0000
OOPS_STATS oops::ObsSpace::save                                :      2561.00       1         2561.0019
OOPS_STATS oops::ObsSpace::~ObsSpace                           :         1.57       1            1.5726
OOPS_STATS oops::ObsVector::ObsVector                          :         4.58      98            0.0468
OOPS_STATS oops::ObsVector::dot_product                        :         2.73       4            0.6822
OOPS_STATS oops::ObsVector::info                               :         2.50       6            0.4164
OOPS_STATS oops::ObsVector::operator*=                         :         0.01       2            0.0050
OOPS_STATS oops::ObsVector::operator-=                         :         0.02       2            0.0107
OOPS_STATS oops::ObsVector::operator=                          :         0.40       4            0.1004
OOPS_STATS oops::ObsVector::rms                                :         2.76       4            0.6909
OOPS_STATS oops::ObsVector::save                               :         1.34       6            0.2237
OOPS_STATS oops::ObsVector::zero                               :         0.21      42            0.0050
OOPS_STATS oops::ObsVector::~ObsVector                         :         0.22      98            0.0022
OOPS_STATS oops::Parameters::deserialize                       :         3.31      97            0.0341
OOPS_STATS oops::Parameters::serialize                         :         1.87      80            0.0234
OOPS_STATS oops::Run::execute                                  :    401470.15       1       401470.1549
OOPS_STATS oops::SampledLocations::SampledLocations            :         0.00       4            0.0003
OOPS_STATS oops::SampledLocations::latitudes                   :         0.00       3            0.0001
OOPS_STATS oops::SampledLocations::longitudes                  :         0.00       3            0.0000
OOPS_STATS oops::SampledLocations::times                       :         0.00       3            0.0000
OOPS_STATS oops::SampledLocations::~SampledLocations           :         0.18       8            0.0230
OOPS_STATS oops::State::State                                  :     74304.83      72         1032.0115
OOPS_STATS oops::State::print                                  :        78.88       3           26.2929
OOPS_STATS oops::State::toFieldSet                             :        21.04       5            4.2075
OOPS_STATS oops::State::variables                              :         0.00      58            0.0000
OOPS_STATS oops::State::write                                  :     16660.22       1        16660.2241
OOPS_STATS oops::State::zero                                   :        59.21      30            1.9736
OOPS_STATS oops::State::~State                                 :        21.23      72            0.2948
OOPS_STATS oops::UnstructuredInterpolator::UnstructuredInterpo :        51.03    2400            0.0213
OOPS_STATS oops::UnstructuredInterpolator::apply               :       122.55   34400            0.0036
OOPS_STATS oops::UnstructuredInterpolator::applyAD             :        75.63   32800            0.0023
OOPS_STATS oops::VariableChange::VariableChange                :         1.88       3            0.6280
OOPS_STATS oops::VariableChange::changeVar                     :        18.53       3            6.1757
OOPS_STATS oops::VariableChange::~VariableChange               :         0.01       3            0.0048
OOPS_STATS oops::util::FieldSetHelpers::readFieldSet           :      7511.52       2         3755.7613
OOPS_STATS saber::Localization::Localization                   :      7561.20       1         7561.2004
OOPS_STATS saber::Localization::multiply                       :    167297.46    1230          136.0142
OOPS_STATS saber::Localization::~Localization                  :         0.00       1            0.0001
OOPS_STATS ufo::ObsFilter::ObsFilter                           :         3.36       5            0.6715
OOPS_STATS ufo::ObsFilter::checkFilterData                     :         0.01      15            0.0004
OOPS_STATS ufo::ObsFilter::postFilter                          :        23.91       5            4.7825
OOPS_STATS ufo::ObsFilter::preProcess                          :         0.01       5            0.0022
OOPS_STATS ufo::ObsFilter::priorFilter                         :         0.03       5            0.0069
OOPS_STATS ufo::ObsFilter::~ObsFilter                          :        91.16       9           10.1289
OOPS_STATS util::Timers::measured                              :    400997.97       1       400997.9670
OOPS_STATS ------------------------------------ Timing Statistics -------------------------------------

OOPS_STATS ------------------------------------------------------------------------------------------------------------------
OOPS_STATS ---------------------------------- Parallel Timing Statistics ( 800 MPI tasks) -----------------------------------
OOPS_STATS ------------------------------------------------------------------------------------------------------------------
OOPS_STATS Name                                                :     min (ms)    max (ms)    avg (ms)     % total   imbal (%)
OOPS_STATS oops::Covariance::EnsembleCovariance                :     80187.59    80188.59    80187.93       19.98        0.00
OOPS_STATS oops::Covariance::ensemble::multiply                :    215922.07   216498.67   216286.90       53.88        0.27
OOPS_STATS oops::Diffusion::multiplySqrtAD                     :     55391.35    58131.83    56460.55       14.06        4.85
OOPS_STATS oops::Diffusion::multiplySqrtTL                     :     44544.03    49485.99    47384.56       11.80       10.43
OOPS_STATS oops::Geometry::Geometry                            :     54347.79    55603.23    55533.14       13.83        2.26
OOPS_STATS oops::Geometry::~Geometry                           :       445.54      656.84      547.89        0.14       38.57
OOPS_STATS oops::GeometryData::setGlobalTree                   :      1833.52     1962.30     1895.34        0.47        6.79
OOPS_STATS oops::GetValues::fillGeoVaLsTL                      :       282.98      792.04      621.97        0.15       81.85
OOPS_STATS oops::GetValues::finalizeAD                         :       528.67     1030.07      620.44        0.15       80.82
OOPS_STATS oops::Increment::Increment                          :     22342.30    27562.20    24883.37        6.20       20.98
OOPS_STATS oops::Increment::axpy                               :      4718.57     5945.97     5434.11        1.35       22.59
OOPS_STATS oops::Increment::dot_product_with                   :      7384.78     9127.35     8110.36        2.02       21.49
OOPS_STATS oops::Increment::fromFieldSet                       :      9253.84    12854.26    10331.61        2.57       34.85
OOPS_STATS oops::Increment::operator+=                         :      8899.87    11382.82    10036.27        2.50       24.74
OOPS_STATS oops::Increment::operator=                          :      3968.99     6290.04     5494.54        1.37       42.24
OOPS_STATS oops::Increment::print                              :     17086.35    27432.87    21176.47        5.28       48.86
OOPS_STATS oops::Increment::schur_product_with                 :      8271.52    13185.53    11475.33        2.86       42.82
OOPS_STATS oops::Increment::toFieldSet                         :      8820.17    14841.84    10705.21        2.67       56.25
OOPS_STATS oops::LinearVariableChange::changeVarAD             :       994.94     2180.79     1535.84        0.38       77.21
OOPS_STATS oops::LinearVariableChange::changeVarTL             :       364.76      742.95      498.24        0.12       75.90
OOPS_STATS oops::LocalInterpolator::preprocess                 :        60.27     1276.66     1230.95        0.31       98.82
OOPS_STATS oops::Localization::Localization                    :      7555.09     7822.66     7640.48        1.90        3.50
OOPS_STATS oops::Localization::multiply                        :    176645.94   186937.52   179096.45       44.61        5.75
OOPS_STATS oops::ObsSpace::ObsSpace                            :       654.57      721.66      688.86        0.17        9.74
OOPS_STATS oops::ObsSpace::save                                :      2369.64     2563.73     2469.99        0.62        7.86
OOPS_STATS oops::State::State                                  :     74135.81    74545.97    74248.71       18.50        0.55
OOPS_STATS oops::State::write                                  :     15503.85    16688.61    16663.76        4.15        7.11
OOPS_STATS oops::util::FieldSetHelpers::readFieldSet           :      7358.34     7580.47     7431.29        1.85        2.99
OOPS_STATS saber::Localization::Localization                   :      7555.08     7822.63     7640.47        1.90        3.50
OOPS_STATS saber::Localization::multiply                       :    166625.26   173320.22   168753.97       42.04        3.97
OOPS_STATS util::Timers::measured                              :    400997.97   401225.96   401141.46       99.93        0.06
OOPS_STATS oops::Run::execute                                  :    401335.72   401497.56   401432.10      100.00        0.04
OOPS_STATS ---------------------------------- Parallel Timing Statistics ( 800 MPI tasks) -----------------------------------

OOPS_STATS Run end                                  - Runtime:    402.61 sec,  Memory: total:  4120.27 GB, per task: min =     4.83 GB, max =     7.27 GB
Run: Finishing oops::Variational<MPAS, UFO and IODA observations> with status = 0
OOPS Ending   2026-05-23 17:57:52 (UTC+0000)
