Configuration input file is: jedivar.pass2.yaml
Full configuration is:YAMLConfiguration[path=jedivar.pass2.yaml, root={_member => {date => 2026-06-01T21:00:00Z , state variables => (water_vapor_mixing_ratio_wrt_moist_air,air_pressure_at_surface,air_temperature,northward_wind,eastward_wind,cloud_liquid_water,cloud_liquid_ice,rain_water,snow_water,graupel,equivalent_reflectivity_factor,upward_air_velocity) , stream name => ensemble} , output => {filename => mpasout.nc , stream name => analysis} , variational => {minimizer => {algorithm => DRPCG} , iterations => ({geometry => {nml_file => ./namelist.atmosphere , streams_file => ./streams.atmosphere , deallocate non-da fields => true , interpolation type => unstructured} , gradient norm reduction => 0.001 , ninner => 75})} , cost function => {cost type => 3D-Var , time window => {begin => 2026-06-01T19:00:00Z , length => PT4H} , jb evaluation => false , geometry => {nml_file => ./namelist.atmosphere , streams_file => ./streams.atmosphere , deallocate non-da fields => true , interpolation type => unstructured} , analysis variables => (water_vapor_mixing_ratio_wrt_moist_air,air_pressure_at_surface,air_temperature,northward_wind,eastward_wind,cloud_liquid_water,cloud_liquid_ice,rain_water,snow_water,graupel,equivalent_reflectivity_factor,upward_air_velocity) , background => {state variables => (water_vapor_mixing_ratio_wrt_moist_air,air_pressure_at_surface,air_temperature,northward_wind,eastward_wind,air_potential_temperature,dry_air_density,u,water_vapor_mixing_ratio_wrt_dry_air,air_pressure,landmask,seaice_fraction,snowc,skin_temperature_at_surface,ivgtyp,isltyp,snowh,vegetation_area_fraction,air_temperature_at_2m,water_vapor_mixing_ratio_wrt_moist_air_at_2m,eastward_wind_at_10m,northward_wind_at_10m,lai,smois,tslb,pressure_p,cloud_liquid_water,cloud_liquid_ice,graupel,rain_water,snow_water,cldfrac,equivalent_reflectivity_factor,w,upward_air_velocity) , filename => mpasout.nc , date => 2026-06-01T21:00:00Z} , background error => {covariance model => ensemble , localization => {localization method => SABER , saber central block => {saber block name => diffusion , active variables => (water_vapor_mixing_ratio_wrt_moist_air,air_pressure_at_surface,air_temperature,northward_wind,eastward_wind,cloud_liquid_water,cloud_liquid_ice,rain_water,snow_water,graupel,equivalent_reflectivity_factor,upward_air_velocity) , read => {groups => ({variables => (water_vapor_mixing_ratio_wrt_moist_air,air_pressure_at_surface,air_temperature,northward_wind,eastward_wind,cloud_liquid_water,cloud_liquid_ice,rain_water,snow_water,graupel,equivalent_reflectivity_factor,upward_air_velocity) , multivariate strategy => duplicated , horizontal => {filepath => data/diffusionloc/mpas_conus3km.diffusion_hz} , vertical => {levels => 59 , filepath => data/diffusionloc/mpas_conus3km.diffusion_vt}})}}} , members from template => {template => {date => 2026-06-01T21:00:00Z , state variables => (water_vapor_mixing_ratio_wrt_moist_air,air_pressure_at_surface,air_temperature,northward_wind,eastward_wind,cloud_liquid_water,cloud_liquid_ice,rain_water,snow_water,graupel,equivalent_reflectivity_factor,upward_air_velocity) , stream name => ensemble , filename => ./data/ens/mem%iMember%.nc} , pattern => %iMember% , start => 1 , zero padding => 3 , nmembers => 30}} , observations => {observers => ({obs space => {name => refl10cm , distribution => {name => RoundRobin , halo size => 500000} , obsdatain => {engine => {type => H5File , obsfile => data/obs/ioda_mrms_refl.nc , missing file action => warn}} , obsdataout => {engine => {type => H5File , allow overwrite => true , obsfile => jdiag_mrms_refl.nc}} , io pool => {write multiple files => false} , _source => mrms , simulated variables => (equivalentReflectivityFactor)} , obs operator => {name => VertInterp , vertical coordinate => height_above_mean_sea_level , observation vertical coordinate => height , interpolation method => linear , observation alias file => obsop_name_map.yaml} , obs localizations => ({localization method => Horizontal Gaspari-Cohn , lengthscale => 200000}) , _obsname => refl10cm , obs filters => ({filter => Background Check , filter variables => ({name => equivalentReflectivityFactor}) , threshold => 12 , action => {name => reject}})})}}}]
OOPS_STATS ObjectCountHelper started.
OOPS_STATS Run start                                - Runtime:      0.99 sec,  Memory: total:   104.35 GB, per task: min =   128.97 MB, max =   130.55 MB
Run: Starting oops::Variational<MPAS, UFO and IODA observations>
OOPS_STATS Variational start                        - Runtime:     0.99 sec,  Local Memory:   130.55 MB
==> create geom
atlas::mpi::push(world)
Increase halo 1
atlas::mpi::pop(world)
atlas::mpi::push(world)
atlas::mpi::pop(world)
atlas::mpi::push(world)
atlas::mpi::pop(world)
atlas::mpi::push(world)
atlas::mpi::pop(world)
refl10cm: read database from data/obs/ioda_mrms_refl.nc (io pool size: 800)
refl10cm processed vars: 1 Variables: equivalentReflectivityFactor
refl10cm assimilated vars: 1 Variables: equivalentReflectivityFactor
refl10cm: 0 observations are outside of time window out of 3906477
refl10cm: 0 observations were rejected by QC checks out of 3906477
No bias-correction is performed for this ObsSpace.
3DVar window: TimeWindow: start = 2026-06-01T19:00:00Z, end = 2026-06-01T23:00:00Z, inclusive upper bound.

OOPS_STATS IncrementalAssimilation start            - Runtime:    35.62 sec,  Local Memory:     2.50 GB
Running incremental assimilation with 1 outer iterations.
Minimizer algorithm=DRPCG
QNewtonLMP: maxouter : 1
IncrementalAssimilation: Configuration for outer iteration 0:
LocalConfiguration[root={geometry => {nml_file => ./namelist.atmosphere , streams_file => ./streams.atmosphere , deallocate non-da fields => true , interpolation type => unstructured} , gradient norm reduction => 0.001 , ninner => 75 , iteration => 0 , total iterations => 1}]
OOPS_STATS IncrementalAssimilation iteration 0      - Runtime:    35.62 sec,  Local Memory:     2.50 GB
==> create geom
atlas::mpi::push(world)
Increase halo 1
atlas::mpi::pop(world)
atlas::mpi::push(world)
atlas::mpi::pop(world)
atlas::mpi::push(world)
atlas::mpi::pop(world)
atlas::mpi::push(world)
atlas::mpi::pop(world)
Key "mesh[address=0x52f4d30],halo[size=1]" not found in cache "NodeColumnsHaloExchangeCache" , creating new, removable with key "mesh[address=0x52f4d30],halo[size=1]"
Key "mesh[address=0x87512d0],halo[size=1]" not found in cache "NodeColumnsHaloExchangeCache" , creating new, removable with key "mesh[address=0x87512d0],halo[size=1]"
processWhere: selected 0 obs.
BackgroundCheck obserr: 
refl10cm equivalentReflectivityFactor nlocs = 3906477, nobs = 3906477, min = 5, max = 5, avg = 5
processing a float: 12
ObsErrorDiagonal covariance updated 3773800
Observer::finalize QC = 
refl10cm equivalentReflectivityFactor nlocs = 3906477, nobs = 3906477, min = 0, max = 19, avg = 0
CostJo Observations: 
refl10cm nobs= 3906477 Min=0, Max=61.0223, RMS=4.0306

Jo Observations:
Jo Obs :refl10cm:equivalentReflectivityFactor   : Nobs=  3773800, Min= 0.000000e+00, Max= 6.102225e+01, RMS= 3.971976e+00
Jo Observations Equivalent:
Jo H(x):refl10cm:equivalentReflectivityFactor   : Nobs=  3773800, Min= 0.000000e+00, Max= 6.628436e+01, RMS= 3.745905e+00
Jo Bias Corrected Departures:
Jo Dep :refl10cm:equivalentReflectivityFactor   : Nobs=  3773800, Min=-5.981268e+01, Max= 5.987418e+01, RMS= 4.039496e+00
Jo Observations Errors:
UFO Diagonal observation error covariance, inverse variances: refl10cm nobs= 3773800 Min=0.04, Max=0.04, RMS=0.04



CostJo   : Nonlinear Jo(refl10cm) = 1.23158e+06, nobs = 3773800, Jo/n = 0.326351, err = 5
CostJo   : Nonlinear Jo = 1.23158e+06
Increment:diff x1 4
Increment:diff x2 35
Increment:diff x1 5
Increment:diff x2 36
Increment:diff x1 6
Increment:diff x2 37
Increment:diff x1 7
Increment:diff x2 38
Increment:diff x1 8
Increment:diff x2 39
Increment:diff x1 9
Increment:diff x2 40
Increment:diff x1 10
Increment:diff x2 41
Increment:diff x1 11
Increment:diff x2 42
Increment:diff x1 12
Increment:diff x2 43
Increment:diff x1 13
Increment:diff x2 44
Increment:diff x1 14
Increment:diff x2 45
Increment:diff x1 15
Increment:diff x2 46
Increment:diff x1 16
Increment:diff x2 47
Increment:diff x1 17
Increment:diff x2 48
Increment:diff x1 18
Increment:diff x2 49
Increment:diff x1 19
Increment:diff x2 50
Increment:diff x1 20
Increment:diff x2 51
Increment:diff x1 21
Increment:diff x2 52
Increment:diff x1 22
Increment:diff x2 53
Increment:diff x1 23
Increment:diff x2 54
Increment:diff x1 24
Increment:diff x2 55
Increment:diff x1 25
Increment:diff x2 56
Increment:diff x1 26
Increment:diff x2 57
Increment:diff x1 27
Increment:diff x2 58
Increment:diff x1 28
Increment:diff x2 59
Increment:diff x1 29
Increment:diff x2 60
Increment:diff x1 30
Increment:diff x2 61
Increment:diff x1 31
Increment:diff x2 62
Increment:diff x1 32
Increment:diff x2 63
Increment:diff x1 33
Increment:diff x2 64
Info     : Prepare ensemble configuration
Info     : Read full ensemble
Info     : Creating central block: 
Info     : SaberCentralBlock using multivariate strategy: deprecated
Info     : Creating single central block.
Info     : Read data

==================================================================================
 saber::Diffusion read
----------------------------------------------------------------------------------

group 1 of 1
atlas::mpi::push(world)
atlas::mpi::pop(world)
variables: [water_vapor_mixing_ratio_wrt_moist_air,air_pressure_at_surface,air_temperature,northward_wind,eastward_wind,cloud_liquid_water,cloud_liquid_ice,rain_water,snow_water,graupel,equivalent_reflectivity_factor,upward_air_velocity]
multivariate strategy: duplicated
Reading horizontal parameters
  levels: 1
Key "mesh[address=0x87512d0]" not found in cache "NodeColumnsGatherScatterCache" , creating new, removable with key "mesh[address=0x87512d0]"
  Info     : Reading file: data/diffusionloc/mpas_conus3km.diffusion_hz.nc
atlas::mpi::push(world)
atlas::mpi::pop(world)
  hzScales:  min: 4087.19  mean: 4087.19  max: 4087.19
  hzNorm:    min: 2.4414  mean: 3.71484  max: 4.05626
Reading vertical parameters
  levels: 59
  vertical strategy: normal
  Info     : Reading file: data/diffusionloc/mpas_conus3km.diffusion_vt.nc
atlas::mpi::push(world)
atlas::mpi::pop(world)
  vtScales:  min: 11  mean: 11  max: 11
  vtNorm:    min: 3.7178  mean: 4.83632  max: 5.25235
Diffusion: horizontal iterations: 6
Diffusion: vertical iterations: 242
Increment:diff x1 2
Increment:diff x2 1
==================================================================================

CostJb: FG-BG
  Valid time: 2026-06-01T21:00:00Z
  Resolution: nCellsGlobal = 2341818, nFields = 12
Fld=1  Min=0, Max=0, RMS=0 : water_vapor_mixing_ratio_wrt_moist_air
Fld=2  Min=0, Max=0, RMS=0 : air_pressure_at_surface
Fld=3  Min=0, Max=0, RMS=0 : air_temperature
Fld=4  Min=0, Max=0, RMS=0 : northward_wind
Fld=5  Min=0, Max=0, RMS=0 : eastward_wind
Fld=6  Min=0, Max=0, RMS=0 : cloud_liquid_water
Fld=7  Min=0, Max=0, RMS=0 : cloud_liquid_ice
Fld=8  Min=0, Max=0, RMS=0 : rain_water
Fld=9  Min=0, Max=0, RMS=0 : snow_water
Fld=10  Min=0, Max=0, RMS=0 : graupel
Fld=11  Min=0, Max=0, RMS=0 : equivalent_reflectivity_factor
Fld=12  Min=0, Max=0, RMS=0 : upward_air_velocity
Increment:diff x1 2
Increment:diff x2 1
CostJb: FG-BG
  Valid time: 2026-06-01T21:00:00Z
  Resolution: nCellsGlobal = 2341818, nFields = 12
Fld=1  Min=0, Max=0, RMS=0 : water_vapor_mixing_ratio_wrt_moist_air
Fld=2  Min=0, Max=0, RMS=0 : air_pressure_at_surface
Fld=3  Min=0, Max=0, RMS=0 : air_temperature
Fld=4  Min=0, Max=0, RMS=0 : northward_wind
Fld=5  Min=0, Max=0, RMS=0 : eastward_wind
Fld=6  Min=0, Max=0, RMS=0 : cloud_liquid_water
Fld=7  Min=0, Max=0, RMS=0 : cloud_liquid_ice
Fld=8  Min=0, Max=0, RMS=0 : rain_water
Fld=9  Min=0, Max=0, RMS=0 : snow_water
Fld=10  Min=0, Max=0, RMS=0 : graupel
Fld=11  Min=0, Max=0, RMS=0 : equivalent_reflectivity_factor
Fld=12  Min=0, Max=0, RMS=0 : upward_air_velocity
CostFunction: Nonlinear J = 1.23158e+06
OOPS_STATS IncrementalAssimilation linearize 0      - Runtime:   121.74 sec,  Local Memory:     7.26 GB

DRPCGMinimizer: max iter = 75, requested norm reduction = 0.001
CostFunction::computeGradientFG: gradient:
  Valid time: 2026-06-01T21:00:00Z
  Resolution: nCellsGlobal = 2341818, nFields = 12
Fld=1  Min=0, Max=0, RMS=0 : water_vapor_mixing_ratio_wrt_moist_air
Fld=2  Min=0, Max=0, RMS=0 : air_pressure_at_surface
Fld=3  Min=0, Max=0, RMS=0 : air_temperature
Fld=4  Min=0, Max=0, RMS=0 : northward_wind
Fld=5  Min=0, Max=0, RMS=0 : eastward_wind
Fld=6  Min=0, Max=0, RMS=0 : cloud_liquid_water
Fld=7  Min=0, Max=0, RMS=0 : cloud_liquid_ice
Fld=8  Min=0, Max=0, RMS=0 : rain_water
Fld=9  Min=0, Max=0, RMS=0 : snow_water
Fld=10  Min=0, Max=0, RMS=0 : graupel
Fld=11  Min=-1.73119, Max=2.03189, RMS=0.0155435 : equivalent_reflectivity_factor
Fld=12  Min=0, Max=0, RMS=0 : upward_air_velocity
DRPCGMinimizer rhs
  Valid time: 2026-06-01T21:00:00Z
  Resolution: nCellsGlobal = 2341818, nFields = 12
Fld=1  Min=-0, Max=-0, RMS=0 : water_vapor_mixing_ratio_wrt_moist_air
Fld=2  Min=-0, Max=-0, RMS=0 : air_pressure_at_surface
Fld=3  Min=-0, Max=-0, RMS=0 : air_temperature
Fld=4  Min=-0, Max=-0, RMS=0 : northward_wind
Fld=5  Min=-0, Max=-0, RMS=0 : eastward_wind
Fld=6  Min=-0, Max=-0, RMS=0 : cloud_liquid_water
Fld=7  Min=-0, Max=-0, RMS=0 : cloud_liquid_ice
Fld=8  Min=-0, Max=-0, RMS=0 : rain_water
Fld=9  Min=-0, Max=-0, RMS=0 : snow_water
Fld=10  Min=-0, Max=-0, RMS=0 : graupel
Fld=11  Min=-2.03189, Max=1.73119, RMS=0.0155435 : equivalent_reflectivity_factor
Fld=12  Min=-0, Max=-0, RMS=0 : upward_air_velocity
Initial RHS squared norm = 33381.2
OOPS_STATS DRPCG start                              - Runtime:   121.89 sec,  Local Memory:     7.26 GB
normr0 33381.2
  Residual norm ( 0) = 8171.050284207277
  Norm reduction ( 0) = 1

  Quadratic cost function: J   ( 0) = 1231581.91298988
  Quadratic cost function: Jb  ( 0) = 0
  Quadratic cost function: JoJc( 0) = 1231581.91298988


 DRPCG Starting Iteration 1
OOPS_STATS DRPCG iteration 1                        - Runtime:   127.31 sec,  Local Memory:     7.26 GB
rdots 2.59385e+07      iteration    0
DRPCG end of iteration 1
  Residual norm ( 1) = 5092.984422095633
  Norm reduction ( 1) = 0.6232961791875369

  Quadratic cost function: J   ( 1) = 818231.943977886
  Quadratic cost function: Jb  ( 1) = 5118.115097771934
  Quadratic cost function: JoJc( 1) = 813113.828880114

 DRPCG Starting Iteration 2
OOPS_STATS DRPCG iteration 2                        - Runtime:   132.96 sec,  Local Memory:     7.26 GB
rdots 1.59993e+07      iteration    1
DRPCG end of iteration 2
  Residual norm ( 2) = 3999.907996320971
  Norm reduction ( 2) = 0.489521892191981

  Quadratic cost function: J   ( 2) = 654133.3115309456
  Quadratic cost function: Jb  ( 2) = 12064.83880867966
  Quadratic cost function: JoJc( 2) = 642068.472722266

 DRPCG Starting Iteration 3
OOPS_STATS DRPCG iteration 3                        - Runtime:   138.72 sec,  Local Memory:     7.26 GB
rdots 9.68013e+06      iteration    2
DRPCG end of iteration 3
  Residual norm ( 3) = 3111.291097419211
  Norm reduction ( 3) = 0.3807700343531855

  Quadratic cost function: J   ( 3) = 571272.7506593859
  Quadratic cost function: Jb  ( 3) = 18621.62102349964
  Quadratic cost function: JoJc( 3) = 552651.1296358863

 DRPCG Starting Iteration 4
OOPS_STATS DRPCG iteration 4                        - Runtime:   144.58 sec,  Local Memory:     7.26 GB
rdots 6.69254e+06      iteration    3
DRPCG end of iteration 4
  Residual norm ( 4) = 2586.993795959421
  Norm reduction ( 4) = 0.3166048067234972

  Quadratic cost function: J   ( 4) = 519857.2176207969
  Quadratic cost function: Jb  ( 4) = 24838.48941340173
  Quadratic cost function: JoJc( 4) = 495018.7282073951

 DRPCG Starting Iteration 5
OOPS_STATS DRPCG iteration 5                        - Runtime:   150.38 sec,  Local Memory:     7.26 GB
rdots 4.48405e+06      iteration    4
DRPCG end of iteration 5
  Residual norm ( 5) = 2117.556427551317
  Norm reduction ( 5) = 0.2591535180788272

  Quadratic cost function: J   ( 5) = 483708.0477520608
  Quadratic cost function: Jb  ( 5) = 30988.53002168766
  Quadratic cost function: JoJc( 5) = 452719.5177303731

 DRPCG Starting Iteration 6
rdots 3.05701e+06      iteration    5
DRPCG end of iteration 6
  Residual norm ( 6) = 1748.431606013336
  Norm reduction ( 6) = 0.2139788087453879

  Quadratic cost function: J   ( 6) = 457805.244605867
  Quadratic cost function: Jb  ( 6) = 36880.04833054129
  Quadratic cost function: JoJc( 6) = 420925.1962753257

 DRPCG Starting Iteration 7
rdots 2.13582e+06      iteration    6
DRPCG end of iteration 7
  Residual norm ( 7) = 1461.444791137411
  Norm reduction ( 7) = 0.1788564187350604

  Quadratic cost function: J   ( 7) = 436895.4022302551
  Quadratic cost function: Jb  ( 7) = 43080.4806548231
  Quadratic cost function: JoJc( 7) = 393814.9215754319

 DRPCG Starting Iteration 8
rdots 1.68798e+06      iteration    7
DRPCG end of iteration 8
  Residual norm ( 8) = 1299.221260355329
  Norm reduction ( 8) = 0.1590029696508439

  Quadratic cost function: J   ( 8) = 422032.7809137485
  Quadratic cost function: Jb  ( 8) = 48671.66462140181
  Quadratic cost function: JoJc( 8) = 373361.1162923467

 DRPCG Starting Iteration 9
rdots 1.25148e+06      iteration    8
DRPCG end of iteration 9
  Residual norm ( 9) = 1118.695966268763
  Norm reduction ( 9) = 0.1369096905976628

  Quadratic cost function: J   ( 9) = 410924.1317255355
  Quadratic cost function: Jb  ( 9) = 53797.21895176275
  Quadratic cost function: JoJc( 9) = 357126.9127737727

 DRPCG Starting Iteration 10
OOPS_STATS DRPCG iteration 10                       - Runtime:   180.57 sec,  Local Memory:     7.26 GB
rdots 997805      iteration    9
DRPCG end of iteration 10
  Residual norm (10) = 998.9019189370305
  Norm reduction (10) = 0.122248901205231

  Quadratic cost function: J   (10) = 402859.7323735026
  Quadratic cost function: Jb  (10) = 58234.22445023298
  Quadratic cost function: JoJc(10) = 344625.5079232696

 DRPCG Starting Iteration 11
rdots 723228      iteration    10
DRPCG end of iteration 11
  Residual norm (11) = 850.4283805905505
  Norm reduction (11) = 0.1040782214049311

  Quadratic cost function: J   (11) = 396437.5693546615
  Quadratic cost function: Jb  (11) = 62367.35581178345
  Quadratic cost function: JoJc(11) = 334070.213542878

 DRPCG Starting Iteration 12
rdots 558305      iteration    11
DRPCG end of iteration 12
  Residual norm (12) = 747.1982544039091
  Norm reduction (12) = 0.09144457914401384

  Quadratic cost function: J   (12) = 391287.6266732741
  Quadratic cost function: Jb  (12) = 66205.69865488916
  Quadratic cost function: JoJc(12) = 325081.928018385

 DRPCG Starting Iteration 13
rdots 389463      iteration    12
DRPCG end of iteration 13
  Residual norm (13) = 624.069417586016
  Norm reduction (13) = 0.07637566724955736

  Quadratic cost function: J   (13) = 387197.5557221835
  Quadratic cost function: Jb  (13) = 69704.30523036598
  Quadratic cost function: JoJc(13) = 317493.2504918176

 DRPCG Starting Iteration 14
rdots 309746      iteration    13
DRPCG end of iteration 14
  Residual norm (14) = 556.5480210330785
  Norm reduction (14) = 0.06811217673066525

  Quadratic cost function: J   (14) = 384021.5121135577
  Quadratic cost function: Jb  (14) = 72793.85190962564
  Quadratic cost function: JoJc(14) = 311227.660203932

 DRPCG Starting Iteration 15
OOPS_STATS DRPCG iteration 15                       - Runtime:   210.73 sec,  Local Memory:     7.26 GB
rdots 234910      iteration    14
DRPCG end of iteration 15
  Residual norm (15) = 484.6753332487785
  Norm reduction (15) = 0.05931616088393707

  Quadratic cost function: J   (15) = 381633.6438529557
  Quadratic cost function: Jb  (15) = 75406.52799173957
  Quadratic cost function: JoJc(15) = 306227.1158612161

 DRPCG Starting Iteration 16
rdots 195012      iteration    15
DRPCG end of iteration 16
  Residual norm (16) = 441.6010839054048
  Norm reduction (16) = 0.0540445926221891

  Quadratic cost function: J   (16) = 379823.0662421663
  Quadratic cost function: Jb  (16) = 77609.32567940099
  Quadratic cost function: JoJc(16) = 302213.7405627653

 DRPCG Starting Iteration 17
rdots 141255      iteration    16
DRPCG end of iteration 17
  Residual norm (17) = 375.8387638748838
  Norm reduction (17) = 0.04599638367191203

  Quadratic cost function: J   (17) = 378477.0342112319
  Quadratic cost function: Jb  (17) = 79410.05354849267
  Quadratic cost function: JoJc(17) = 299066.9806627392

 DRPCG Starting Iteration 18
rdots 108324      iteration    17
DRPCG end of iteration 18
  Residual norm (18) = 329.1267430449611
  Norm reduction (18) = 0.04027961297473421

  Quadratic cost function: J   (18) = 377364.222396963
  Quadratic cost function: Jb  (18) = 81037.44776988472
  Quadratic cost function: JoJc(18) = 296326.7746270783

 DRPCG Starting Iteration 19
rdots 82779.6      iteration    18
DRPCG end of iteration 19
  Residual norm (19) = 287.7145129265718
  Norm reduction (19) = 0.03521144809041947

  Quadratic cost function: J   (19) = 376525.0053109803
  Quadratic cost function: Jb  (19) = 82373.45428362078
  Quadratic cost function: JoJc(19) = 294151.5510273594

 DRPCG Starting Iteration 20
OOPS_STATS DRPCG iteration 20                       - Runtime:   240.91 sec,  Local Memory:     7.26 GB
rdots 63507.1      iteration    19
DRPCG end of iteration 20
  Residual norm (20) = 252.0061529450151
  Norm reduction (20) = 0.03084134158763945

  Quadratic cost function: J   (20) = 375877.7551377295
  Quadratic cost function: Jb  (20) = 83487.95725664904
  Quadratic cost function: JoJc(20) = 292389.7978810804

 DRPCG Starting Iteration 21
rdots 48865.4      iteration    20
DRPCG end of iteration 21
  Residual norm (21) = 221.0552716840279
  Norm reduction (21) = 0.02705347097315946

  Quadratic cost function: J   (21) = 375382.0747043299
  Quadratic cost function: Jb  (21) = 84406.45896330132
  Quadratic cost function: JoJc(21) = 290975.6157410286

 DRPCG Starting Iteration 22
rdots 36000.3      iteration    21
DRPCG end of iteration 22
  Residual norm (22) = 189.7373912425758
  Norm reduction (22) = 0.0232206857922896

  Quadratic cost function: J   (22) = 375002.9662531852
  Quadratic cost function: Jb  (22) = 85158.79135939576
  Quadratic cost function: JoJc(22) = 289844.1748937894

 DRPCG Starting Iteration 23
rdots 27519.1      iteration    22
DRPCG end of iteration 23
  Residual norm (23) = 165.8888478597312
  Norm reduction (23) = 0.02030202263965446

  Quadratic cost function: J   (23) = 374705.5225574516
  Quadratic cost function: Jb  (23) = 85788.88635049479
  Quadratic cost function: JoJc(23) = 288916.6362069568

 DRPCG Starting Iteration 24
rdots 20454.7      iteration    23
DRPCG end of iteration 24
  Residual norm (24) = 143.0198687396742
  Norm reduction (24) = 0.01750324178228325

  Quadratic cost function: J   (24) = 374475.4361852901
  Quadratic cost function: Jb  (24) = 86307.94034962403
  Quadratic cost function: JoJc(24) = 288167.4958356661

 DRPCG Starting Iteration 25
OOPS_STATS DRPCG iteration 25                       - Runtime:   273.55 sec,  Local Memory:     7.26 GB
rdots 15723.7      iteration    24
DRPCG end of iteration 25
  Residual norm (25) = 125.3943250288755
  Norm reduction (25) = 0.01534616979058779

  Quadratic cost function: J   (25) = 374296.7544178354
  Quadratic cost function: Jb  (25) = 86736.18844364361
  Quadratic cost function: JoJc(25) = 287560.5659741918

 DRPCG Starting Iteration 26
rdots 12606.8      iteration    25
DRPCG end of iteration 26
  Residual norm (26) = 112.2799564294604
  Norm reduction (26) = 0.01374119024165978

  Quadratic cost function: J   (26) = 374173.8057836345
  Quadratic cost function: Jb  (26) = 87047.59808726405
  Quadratic cost function: JoJc(26) = 287126.2076963705

 DRPCG Starting Iteration 27
rdots 8820.39      iteration    26
DRPCG end of iteration 27
  Residual norm (27) = 93.91693597385989
  Norm reduction (27) = 0.01149386342112951

  Quadratic cost function: J   (27) = 374071.293345994
  Quadratic cost function: Jb  (27) = 87321.08613444369
  Quadratic cost function: JoJc(27) = 286750.2072115503

 DRPCG Starting Iteration 28
rdots 6495.91      iteration    27
DRPCG end of iteration 28
  Residual norm (28) = 80.59723288597543
  Norm reduction (28) = 0.009863754362367708

  Quadratic cost function: J   (28) = 373992.3012381571
  Quadratic cost function: Jb  (28) = 87543.06605415723
  Quadratic cost function: JoJc(28) = 286449.2351839999

 DRPCG Starting Iteration 29
rdots 5076.46      iteration    28
DRPCG end of iteration 29
  Residual norm (29) = 71.24927790605896
  Norm reduction (29) = 0.00871972089607221

  Quadratic cost function: J   (29) = 373931.026405734
  Quadratic cost function: Jb  (29) = 87724.25281329418
  Quadratic cost function: JoJc(29) = 286206.7735924398

 DRPCG Starting Iteration 30
OOPS_STATS DRPCG iteration 30                       - Runtime:   304.77 sec,  Local Memory:     7.26 GB
rdots 3912.4      iteration    29
DRPCG end of iteration 30
  Residual norm (30) = 62.54921435962395
  Norm reduction (30) = 0.007654978513657774

  Quadratic cost function: J   (30) = 373889.0273106898
  Quadratic cost function: Jb  (30) = 87854.42853746269
  Quadratic cost function: JoJc(30) = 286034.5987732271

 DRPCG Starting Iteration 31
rdots 3049.81      iteration    30
DRPCG end of iteration 31
  Residual norm (31) = 55.22505394030743
  Norm reduction (31) = 0.006758623679876809

  Quadratic cost function: J   (31) = 373856.1850933403
  Quadratic cost function: Jb  (31) = 87960.74097679125
  Quadratic cost function: JoJc(31) = 285895.4441165491

 DRPCG Starting Iteration 32
rdots 2238.2      iteration    31
DRPCG end of iteration 32
  Residual norm (32) = 47.30961353212599
  Norm reduction (32) = 0.005789906056944035

  Quadratic cost function: J   (32) = 373831.862545758
  Quadratic cost function: Jb  (32) = 88042.81739142041
  Quadratic cost function: JoJc(32) = 285789.0451543376

 DRPCG Starting Iteration 33
rdots 1606.83      iteration    32
DRPCG end of iteration 33
  Residual norm (33) = 40.08534467707401
  Norm reduction (33) = 0.004905776281238848

  Quadratic cost function: J   (33) = 373811.9219528595
  Quadratic cost function: Jb  (33) = 88112.91673502
  Quadratic cost function: JoJc(33) = 285699.0052178395

 DRPCG Starting Iteration 34
rdots 1302.17      iteration    33
DRPCG end of iteration 34
  Residual norm (34) = 36.08561730163399
  Norm reduction (34) = 0.004416276494024154

  Quadratic cost function: J   (34) = 373797.6968275983
  Quadratic cost function: Jb  (34) = 88164.96157915148
  Quadratic cost function: JoJc(34) = 285632.7352484468

 DRPCG Starting Iteration 35
OOPS_STATS DRPCG iteration 35                       - Runtime:   336.40 sec,  Local Memory:     7.26 GB
rdots 929.498      iteration    34
DRPCG end of iteration 35
  Residual norm (35) = 30.48766246730177
  Norm reduction (35) = 0.003731180375456417

  Quadratic cost function: J   (35) = 373786.5688199759
  Quadratic cost function: Jb  (35) = 88207.25317166062
  Quadratic cost function: JoJc(35) = 285579.3156483154

 DRPCG Starting Iteration 36
rdots 685.857      iteration    35
DRPCG end of iteration 36
  Residual norm (36) = 26.18887502797578
  Norm reduction (36) = 0.003205080634320991

  Quadratic cost function: J   (36) = 373777.9235041358
  Quadratic cost function: Jb  (36) = 88241.37367558795
  Quadratic cost function: JoJc(36) = 285536.5498285479

 DRPCG Starting Iteration 37
rdots 545.658      iteration    36
DRPCG end of iteration 37
  Residual norm (37) = 23.35932810200357
  Norm reduction (37) = 0.002858791378037616

  Quadratic cost function: J   (37) = 373771.747989618
  Quadratic cost function: Jb  (37) = 88266.64555867374
  Quadratic cost function: JoJc(37) = 285505.1024309442

 DRPCG Starting Iteration 38
rdots 423.842      iteration    37
DRPCG end of iteration 38
  Residual norm (38) = 20.58742788800653
  Norm reduction (38) = 0.002519557115906776

  Quadratic cost function: J   (38) = 373767.2059625406
  Quadratic cost function: Jb  (38) = 88285.86930608883
  Quadratic cost function: JoJc(38) = 285481.3366564517

 DRPCG Starting Iteration 39
rdots 316.5      iteration    38
DRPCG end of iteration 39
  Residual norm (39) = 17.79043290575942
  Norm reduction (39) = 0.002177251673526494

  Quadratic cost function: J   (39) = 373763.7259672678
  Quadratic cost function: Jb  (39) = 88301.07923952228
  Quadratic cost function: JoJc(39) = 285462.6467277455

 DRPCG Starting Iteration 40
OOPS_STATS DRPCG iteration 40                       - Runtime:   369.18 sec,  Local Memory:     7.26 GB
rdots 238.623      iteration    39
DRPCG end of iteration 40
  Residual norm (40) = 15.44743672410784
  Norm reduction (40) = 0.001890508097100334

  Quadratic cost function: J   (40) = 373760.9732341884
  Quadratic cost function: Jb  (40) = 88313.49997129881
  Quadratic cost function: JoJc(40) = 285447.4732628896

 DRPCG Starting Iteration 41
rdots 178.888      iteration    40
DRPCG end of iteration 41
  Residual norm (41) = 13.37488666234304
  Norm reduction (41) = 0.001636862606046319

  Quadratic cost function: J   (41) = 373758.9874666997
  Quadratic cost function: Jb  (41) = 88322.73986798644
  Quadratic cost function: JoJc(41) = 285436.2475987133

 DRPCG Starting Iteration 42
rdots 131.198      iteration    41
DRPCG end of iteration 42
  Residual norm (42) = 11.45417897193927
  Norm reduction (42) = 0.001401800083653568

  Quadratic cost function: J   (42) = 373757.4680439816
  Quadratic cost function: Jb  (42) = 88330.01995959498
  Quadratic cost function: JoJc(42) = 285427.4480843866

 DRPCG Starting Iteration 43
rdots 93.7443      iteration    42
DRPCG end of iteration 43
  Residual norm (43) = 9.682162096145177
  Norm reduction (43) = 0.001184934832044606

  Quadratic cost function: J   (43) = 373756.2889667738
  Quadratic cost function: Jb  (43) = 88335.8362124257
  Quadratic cost function: JoJc(43) = 285420.4527543481

 DRPCG Starting Iteration 44
rdots 72.3536      iteration    43
DRPCG end of iteration 44
  Residual norm (44) = 8.506094234445957
  Norm reduction (44) = 0.001041003780246738

  Quadratic cost function: J   (44) = 373755.3926603668
  Quadratic cost function: Jb  (44) = 88340.38825872471
  Quadratic cost function: JoJc(44) = 285415.0044016421

 DRPCG Starting Iteration 45
OOPS_STATS DRPCG iteration 45                       - Runtime:   402.44 sec,  Local Memory:     7.26 GB
rdots 56.5763      iteration    44
DRPCG end of iteration 45
  Residual norm (45) = 7.521720226736232
  Norm reduction (45) = 0.0009205328525849304

  Quadratic cost function: J   (45) = 373754.7533424145
  Quadratic cost function: Jb  (45) = 88343.727306336
  Quadratic cost function: JoJc(45) = 285411.0260360785

DRPCG: Achieved required reduction in residual norm.
OOPS_STATS DRPCG end                                - Runtime:   409.03 sec,  Local Memory:     7.26 GB
DRPCGMinimizer: reduction in residual norm = 0.000920533
DRPCGMinimizer output increment:
  Valid time: 2026-06-01T21:00:00Z
  Resolution: nCellsGlobal = 2341818, nFields = 12
Fld=1  Min=-0.0120949, Max=0.0157431, RMS=0.000112341 : water_vapor_mixing_ratio_wrt_moist_air
Fld=2  Min=-112.433, Max=105.806, RMS=2.51565 : air_pressure_at_surface
Fld=3  Min=-10.665, Max=12.7411, RMS=0.112326 : air_temperature
Fld=4  Min=-26.4407, Max=31.4058, RMS=0.354869 : northward_wind
Fld=5  Min=-34.5526, Max=30.6709, RMS=0.401639 : eastward_wind
Fld=6  Min=-0.00596896, Max=0.0078774, RMS=2.386e-05 : cloud_liquid_water
Fld=7  Min=-0.00253422, Max=0.00330671, RMS=6.53355e-06 : cloud_liquid_ice
Fld=8  Min=-0.00727142, Max=0.00756962, RMS=4.43915e-05 : rain_water
Fld=9  Min=-0.00627342, Max=0.00700579, RMS=6.21559e-05 : snow_water
Fld=10  Min=-0.0106762, Max=0.00913338, RMS=4.26852e-05 : graupel
Fld=11  Min=-96.999, Max=86.4023, RMS=2.20746 : equivalent_reflectivity_factor
Fld=12  Min=0, Max=0, RMS=0 : upward_air_velocity
CostFunction::addIncrement: First guess:
  Valid time: 2026-06-01T21:00:00Z
  Resolution: nCellsGlobal = 2341818, nFields = 35
Fld=1  Min=0, Max=0.0233778, RMS=0.00600715 : water_vapor_mixing_ratio_wrt_moist_air
Fld=2  Min=63833, Max=102876, RMS=96667.4 : air_pressure_at_surface
Fld=3  Min=176.92, Max=314.43, RMS=261.125 : air_temperature
Fld=4  Min=-43.346, Max=43.1041, RMS=6.51922 : northward_wind
Fld=5  Min=-48.1678, Max=67.0226, RMS=10.649 : eastward_wind
Fld=6  Min=269.737, Max=644.066, RMS=356.125 : air_potential_temperature
Fld=7  Min=0.0384634, Max=1.30733, RMS=0.781092 : dry_air_density
Fld=8  Min=-65.995, Max=66.1836, RMS=8.88301 : u
Fld=9  Min=0, Max=0.0239374, RMS=0.00608356 : water_vapor_mixing_ratio_wrt_dry_air
Fld=10  Min=2438.91, Max=102764, RMS=64435.7 : air_pressure
Fld=11  Min=0, Max=1, RMS=0.790008 : landmask
Fld=12  Min=0, Max=1, RMS=0.0308973 : seaice_fraction
Fld=13  Min=0, Max=1, RMS=0.0580028 : snowc
Fld=14  Min=266.289, Max=324.405, RMS=298.66 : skin_temperature_at_surface
Fld=15  Min=1, Max=19, RMS=12.7664 : ivgtyp
Fld=16  Min=1, Max=16, RMS=9.97061 : isltyp
Fld=17  Min=0, Max=7.49827, RMS=0.15192 : snowh
Fld=18  Min=0, Max=0.919862, RMS=0.411241 : vegetation_area_fraction
Fld=19  Min=267.868, Max=314.987, RMS=295.799 : air_temperature_at_2m
Fld=20  Min=0.000751646, Max=0.0234405, RMS=0.0114326 : water_vapor_mixing_ratio_wrt_moist_air_at_2m
Fld=21  Min=-19.0007, Max=18.8435, RMS=3.38891 : eastward_wind_at_10m
Fld=22  Min=-20.9703, Max=20.1174, RMS=4.05554 : northward_wind_at_10m
Fld=23  Min=0, Max=6.55355, RMS=1.65715 : lai
Fld=24  Min=0.00200001, Max=1, RMS=0.63388 : smois
Fld=25  Min=262.416, Max=327.745, RMS=293.331 : tslb
Fld=26  Min=-912.338, Max=6019.56, RMS=3239.1 : pressure_p
Fld=27  Min=0, Max=0.00831401, RMS=4.87719e-05 : cloud_liquid_water
Fld=28  Min=0, Max=0.00551291, RMS=9.18719e-06 : cloud_liquid_ice
Fld=29  Min=0, Max=0.020392, RMS=4.82729e-05 : graupel
Fld=30  Min=0, Max=0.0119155, RMS=5.92217e-05 : rain_water
Fld=31  Min=0, Max=0.00661254, RMS=8.9153e-05 : snow_water
Fld=32  Min=0, Max=1, RMS=0.191599 : cldfrac
Fld=33  Min=0, Max=73.8879, RMS=4.09279 : equivalent_reflectivity_factor
Fld=34  Min=-14.8766, Max=46.4877, RMS=0.241851 : w
Fld=35  Min=0, Max=0, RMS=0 : upward_air_velocity
CostFunction::addIncrement: Increment:
  Valid time: 2026-06-01T21:00:00Z
  Resolution: nCellsGlobal = 2341818, nFields = 12
Fld=1  Min=-0.0120949, Max=0.0157431, RMS=0.000112341 : water_vapor_mixing_ratio_wrt_moist_air
Fld=2  Min=-112.433, Max=105.806, RMS=2.51565 : air_pressure_at_surface
Fld=3  Min=-10.665, Max=12.7411, RMS=0.112326 : air_temperature
Fld=4  Min=-26.4407, Max=31.4058, RMS=0.354869 : northward_wind
Fld=5  Min=-34.5526, Max=30.6709, RMS=0.401639 : eastward_wind
Fld=6  Min=-0.00596896, Max=0.0078774, RMS=2.386e-05 : cloud_liquid_water
Fld=7  Min=-0.00253422, Max=0.00330671, RMS=6.53355e-06 : cloud_liquid_ice
Fld=8  Min=-0.00727142, Max=0.00756962, RMS=4.43915e-05 : rain_water
Fld=9  Min=-0.00627342, Max=0.00700579, RMS=6.21559e-05 : snow_water
Fld=10  Min=-0.0106762, Max=0.00913338, RMS=4.26852e-05 : graupel
Fld=11  Min=-96.999, Max=86.4023, RMS=2.20746 : equivalent_reflectivity_factor
Fld=12  Min=0, Max=0, RMS=0 : upward_air_velocity
CostFunction::addIncrement: Analysis: 
  Valid time: 2026-06-01T21:00:00Z
  Resolution: nCellsGlobal = 2341818, nFields = 35
Fld=1  Min=0, Max=0.025491, RMS=0.00600749 : water_vapor_mixing_ratio_wrt_moist_air
Fld=2  Min=63833.1, Max=102876, RMS=96667.4 : air_pressure_at_surface
Fld=3  Min=175.787, Max=314.43, RMS=261.127 : air_temperature
Fld=4  Min=-43.346, Max=52.7257, RMS=6.52585 : northward_wind
Fld=5  Min=-48.1678, Max=68.5998, RMS=10.6501 : eastward_wind
Fld=6  Min=269.737, Max=644.066, RMS=356.125 : air_potential_temperature
Fld=7  Min=0.0381695, Max=1.30733, RMS=0.781088 : dry_air_density
Fld=8  Min=-70.1924, Max=69.8563, RMS=8.8856 : u
Fld=9  Min=0, Max=0.0261578, RMS=0.00608393 : water_vapor_mixing_ratio_wrt_dry_air
Fld=10  Min=2418.92, Max=102764, RMS=64435.7 : air_pressure
Fld=11  Min=0, Max=1, RMS=0.790008 : landmask
Fld=12  Min=0, Max=1, RMS=0.0308973 : seaice_fraction
Fld=13  Min=0, Max=1, RMS=0.0580028 : snowc
Fld=14  Min=266.289, Max=324.405, RMS=298.66 : skin_temperature_at_surface
Fld=15  Min=1, Max=19, RMS=12.7664 : ivgtyp
Fld=16  Min=1, Max=16, RMS=9.97061 : isltyp
Fld=17  Min=0, Max=7.49827, RMS=0.15192 : snowh
Fld=18  Min=0, Max=0.919862, RMS=0.411241 : vegetation_area_fraction
Fld=19  Min=267.865, Max=314.987, RMS=295.804 : air_temperature_at_2m
Fld=20  Min=0.000751646, Max=0.0238537, RMS=0.011433 : water_vapor_mixing_ratio_wrt_moist_air_at_2m
Fld=21  Min=-19.0007, Max=18.8435, RMS=3.38891 : eastward_wind_at_10m
Fld=22  Min=-20.9703, Max=20.1174, RMS=4.05554 : northward_wind_at_10m
Fld=23  Min=0, Max=6.55355, RMS=1.65715 : lai
Fld=24  Min=0.00200001, Max=1, RMS=0.63388 : smois
Fld=25  Min=262.416, Max=327.745, RMS=293.331 : tslb
Fld=26  Min=-936.358, Max=6010.9, RMS=3239.14 : pressure_p
Fld=27  Min=0, Max=0.0078774, RMS=4.97498e-05 : cloud_liquid_water
Fld=28  Min=0, Max=0.00526458, RMS=9.92785e-06 : cloud_liquid_ice
Fld=29  Min=0, Max=0.0155994, RMS=4.82136e-05 : graupel
Fld=30  Min=0, Max=0.0111013, RMS=5.45497e-05 : rain_water
Fld=31  Min=0, Max=0.00930277, RMS=0.000102629 : snow_water
Fld=32  Min=0, Max=1, RMS=0.191599 : cldfrac
Fld=33  Min=0, Max=100.629, RMS=3.79589 : equivalent_reflectivity_factor
Fld=34  Min=-14.8766, Max=46.4877, RMS=0.241851 : w
Fld=35  Min=0, Max=0, RMS=0 : upward_air_velocity
OOPS_STATS IncrementalAssimilation end              - Runtime:   409.49 sec,  Local Memory:     7.26 GB
Variational: incremental assimilation done 1 iterations.
QC refl10cm equivalentReflectivityFactor: 132668 H(x) failed.
QC refl10cm equivalentReflectivityFactor: 9 rejected by first-guess check.
QC refl10cm equivalentReflectivityFactor: 3773800 passed out of 3906477 observations.
ObsErrorDiagonal covariance updated 3773800
Observer::finalize QC = 
refl10cm equivalentReflectivityFactor nlocs = 3906477, nobs = 3906477, min = 0, max = 19, avg = 0
Jo Observations:
Jo Obs :refl10cm:equivalentReflectivityFactor   : Nobs=  3773800, Min= 0.000000e+00, Max= 6.102225e+01, RMS= 3.971976e+00
Jo Observations Equivalent:
Jo H(x):refl10cm:equivalentReflectivityFactor   : Nobs=  3773800, Min= 0.000000e+00, Max= 7.110858e+01, RMS= 3.453592e+00
Jo Bias Corrected Departures:
Jo Dep :refl10cm:equivalentReflectivityFactor   : Nobs=  3773800, Min=-5.289135e+01, Max= 4.728144e+01, RMS= 1.955715e+00
Jo Observations Errors:
UFO Diagonal observation error covariance, inverse variances: refl10cm nobs= 3773800 Min=0.04, Max=0.04, RMS=0.04



CostJo   : Nonlinear Jo(refl10cm) = 288682, nobs = 3773800, Jo/n = 0.0764964, err = 5
CostJo   : Nonlinear Jo = 288682
Increment:diff x1 2
Increment:diff x2 1
CostJb: FG-BG
  Valid time: 2026-06-01T21:00:00Z
  Resolution: nCellsGlobal = 2341818, nFields = 12
Fld=1  Min=-0.0100502, Max=0.0157431, RMS=0.00011139 : water_vapor_mixing_ratio_wrt_moist_air
Fld=2  Min=-112.433, Max=105.806, RMS=2.51565 : air_pressure_at_surface
Fld=3  Min=-10.665, Max=12.7411, RMS=0.112326 : air_temperature
Fld=4  Min=-26.4407, Max=31.4058, RMS=0.354869 : northward_wind
Fld=5  Min=-34.5526, Max=30.6709, RMS=0.401639 : eastward_wind
Fld=6  Min=-0.00323472, Max=0.0078774, RMS=1.98375e-05 : cloud_liquid_water
Fld=7  Min=-0.00193042, Max=0.00330671, RMS=6.06756e-06 : cloud_liquid_ice
Fld=8  Min=-0.00713169, Max=0.00756962, RMS=3.04292e-05 : rain_water
Fld=9  Min=-0.00448832, Max=0.00700579, RMS=5.88142e-05 : snow_water
Fld=10  Min=-0.0106762, Max=0.00913338, RMS=3.46092e-05 : graupel
Fld=11  Min=-68.5299, Max=86.4023, RMS=2.12932 : equivalent_reflectivity_factor
Fld=12  Min=0, Max=0, RMS=0 : upward_air_velocity
CostFunction: Nonlinear J = 288682
OOPS_STATS Variational end                          - Runtime:   428.87 sec,  Local Memory:     7.26 GB
==> destruct MPAS corelist and domain:  0
Tried to erase key "mesh[address=0x52f4d30],halo[size=0]" from cache "NodeColumnsHaloExchangeCache" but it was not found.
Erased key "mesh[address=0x52f4d30],halo[size=1]" from cache "NodeColumnsHaloExchangeCache".
==> destruct MPAS corelist and domain:  1
refl10cm: save database to jdiag_mrms_refl.nc (io pool size: 4)
QC refl10cm equivalentReflectivityFactor: 132668 H(x) failed.
QC refl10cm equivalentReflectivityFactor: 9 rejected by first-guess check.
QC refl10cm equivalentReflectivityFactor: 3773800 passed out of 3906477 observations.
Erased key "mesh[address=0x87512d0]" from cache "NodeColumnsGatherScatterCache".
Tried to erase key "mesh[address=0x87512d0],halo[size=0]" from cache "NodeColumnsHaloExchangeCache" but it was not found.
Erased key "mesh[address=0x87512d0],halo[size=1]" from cache "NodeColumnsHaloExchangeCache".

Run: Finishing oops::Variational<MPAS, UFO and IODA observations>
OOPS_STATS  
OOPS_STATS ----------------------------------------------------------------------------------
OOPS_STATS --------------------------- Object counts ----------------------------------------
OOPS_STATS ----------------------------------------------------------------------------------
OOPS_STATS                                      Total  Simult. Remain    Avg (Mb)    HWM (Mb)
OOPS_STATS ioda::ObsDataVector             :        8       5        
OOPS_STATS ioda::ObsVector                 :      110       8        
OOPS_STATS mpas::Geometry                  :        2       2        
OOPS_STATS mpas::Increment                 :     3264     137        
OOPS_STATS mpas::LinVarChaModel2GeoVars    :        1       1        
OOPS_STATS mpas::ModelBias                 :        4       3        
OOPS_STATS mpas::ModelBiasCovariance       :        1       1        
OOPS_STATS mpas::State                     :       75      34        
OOPS_STATS mpas::VarChaModel2GeoVars       :        3       1        
OOPS_STATS oops::ControlIncrement          :      198     104               15.22     1582.92
OOPS_STATS oops::ControlVariable           :        4       3        
OOPS_STATS oops::Diffusion                 :        1       1        
OOPS_STATS oops::EnsembleCovariance        :        1       1             3544.17     3544.17
OOPS_STATS oops::GeoVaLs                   :       94       1        
OOPS_STATS oops::Geometry                  :        2       2        
OOPS_STATS oops::GetValues                 :        3       2        
OOPS_STATS oops::Increment                 :     3172     137               15.02     2085.20
OOPS_STATS oops::LinearObsOperator         :        1       1        
OOPS_STATS oops::LocalInterpolator         :     2400    1600        
OOPS_STATS oops::Localization              :        1       1        
OOPS_STATS oops::ModelAuxControl           :        4       3        
OOPS_STATS oops::ModelAuxCovariance        :        1       1        
OOPS_STATS oops::ModelAuxIncrement         :      198     104        
OOPS_STATS oops::ObsAuxControl             :        4       3        
OOPS_STATS oops::ObsAuxCovariance          :        1       1        
OOPS_STATS oops::ObsAuxIncrement           :      198     104        
OOPS_STATS oops::ObsAuxIncrements          :      198     104        
OOPS_STATS oops::ObsAuxPreconditioner      :        2       2        
OOPS_STATS oops::ObsDataVector             :        4       4        
OOPS_STATS oops::ObsDiagnostics            :        2       1        
OOPS_STATS oops::ObsError                  :        1       1        
OOPS_STATS oops::ObsOperator               :        2       2        
OOPS_STATS oops::ObsSpace                  :        1       1        
OOPS_STATS oops::ObsSpaces                 :        1       1        
OOPS_STATS oops::ObsVector                 :      110       7                0.04        0.23
OOPS_STATS oops::SampledLocations          :        8       4        
OOPS_STATS oops::State                     :       72      34               21.39      702.08
OOPS_STATS oops::UnstructuredInterpolator  :     2400    1600        
OOPS_STATS oops::VariableChange            :        3       1        
OOPS_STATS ufo::BackgroundCheck            :        1       1        
OOPS_STATS ufo::FinalCheck                 :        2       2        
OOPS_STATS ufo::GeoVaLs                    :       97       2        
OOPS_STATS ufo::ObsBias                    :        4       3        
OOPS_STATS ufo::ObsBiasCovariance          :        1       1        
OOPS_STATS ufo::ObsBiasPreconditioner      :        1       1        
OOPS_STATS ufo::ObsFilter                  :        9       6        
OOPS_STATS ufo::ObsFilterData              :        3       3        
OOPS_STATS ufo::ObsVertInterp              :        2       2        
OOPS_STATS ufo::ObsVertInterpTLAD          :        1       1        
OOPS_STATS ufo::SampledLocations           :        4       3        
OOPS_STATS ----------------------------- Object counts --------------------------------------
OOPS_STATS  
OOPS_STATS --------------------------------------------------------------------------------------------
OOPS_STATS ------------------------------------ Timing Statistics -------------------------------------
OOPS_STATS --------------------------------------------------------------------------------------------
OOPS_STATS Name                                                :   total (ms)   count    time/call (ms)
OOPS_STATS ObsFilter::Background Check::ObsFilter              :         0.15       1            0.1528
OOPS_STATS ObsFilter::Background Check::postFilter             :        24.63       1           24.6297
OOPS_STATS ObsFilter::Background Check::preProcess             :         0.00       1            0.0043
OOPS_STATS ObsFilter::Background Check::priorFilter            :         0.02       1            0.0239
OOPS_STATS ObsFilter::Final Check::ObsFilter                   :         0.01       2            0.0048
OOPS_STATS ObsFilter::Final Check::postFilter                  :         0.05       2            0.0238
OOPS_STATS ObsFilter::Final Check::preProcess                  :         0.00       2            0.0003
OOPS_STATS ObsFilter::Final Check::priorFilter                 :         0.00       2            0.0022
OOPS_STATS ObsFilter::QCmanager::ObsFilter                     :         0.27       2            0.1325
OOPS_STATS ObsFilter::QCmanager::postFilter                    :         0.22       2            0.1093
OOPS_STATS ObsFilter::QCmanager::preProcess                    :         0.00       2            0.0001
OOPS_STATS ObsFilter::QCmanager::priorFilter                   :         0.00       2            0.0001
OOPS_STATS ioda::ObsSpace::get_db(DateTime)                    :         0.73       4            0.1813
OOPS_STATS ioda::ObsSpace::get_db(double)                      :       155.98       5           31.1952
OOPS_STATS ioda::ObsSpace::get_db(float)                       :         0.67      12            0.0559
OOPS_STATS ioda::ObsSpace::load                                :       626.35       1          626.3548
OOPS_STATS ioda::ObsSpace::put_db(double)                      :         0.31       6            0.0524
OOPS_STATS ioda::ObsSpace::put_db(float)                       :         0.08       2            0.0408
OOPS_STATS ioda::ObsSpace::put_db(int)                         :         1.89       2            0.9447
OOPS_STATS mpas::LinVarChaModel2GeoVars::LinVarChaModel2GeoVar :         2.99       1            2.9863
OOPS_STATS mpas::LinVarChaModel2GeoVars::changeVarAD           :       968.47      46           21.0537
OOPS_STATS mpas::LinVarChaModel2GeoVars::changeVarTL           :       161.91      45            3.5979
OOPS_STATS mpas::LinVarChaModel2GeoVars::~LinVarChaModel2GeoVa :         0.03       1            0.0313
OOPS_STATS mpas::VarChaModel2GeoVars::VarChaModel2GeoVars      :         0.05       3            0.0166
OOPS_STATS mpas::VarChaModel2GeoVars::changeVar                :        12.43       3            4.1434
OOPS_STATS mpas::VarChaModel2GeoVars::~VarChaModel2GeoVars     :         0.01       3            0.0023
OOPS_STATS oops::Covariance::EnsembleCovariance                :     62312.32       1        62312.3157
OOPS_STATS oops::Covariance::ensemble::Constructor             :         0.01       1            0.0094
OOPS_STATS oops::Covariance::ensemble::multiply                :    259542.33      46         5642.2246
OOPS_STATS oops::Diffusion::Diffusion                          :         0.00       1            0.0003
OOPS_STATS oops::Diffusion::calculateDerivedGeom               :         1.86       1            1.8643
OOPS_STATS oops::Diffusion::multiplySqrtAD                     :     63504.28    1380           46.0176
OOPS_STATS oops::Diffusion::multiplySqrtTL                     :     53827.22    1380           39.0052
OOPS_STATS oops::Diffusion::setParameters                      :         5.22       1            5.2175
OOPS_STATS oops::GeoVaLs::GeoVaLs                              :        20.21      94            0.2150
OOPS_STATS oops::GeoVaLs::fill                                 :        31.51   31977            0.0010
OOPS_STATS oops::GeoVaLs::fillAD                               :        24.09   28842            0.0008
OOPS_STATS oops::GeoVaLs::~GeoVaLs                             :         0.53      94            0.0056
OOPS_STATS oops::Geometry::Geometry                            :     51649.11       2        25824.5559
OOPS_STATS oops::Geometry::variableSizes                       :         4.49      11            0.4082
OOPS_STATS oops::Geometry::~Geometry                           :       646.74       2          323.3707
OOPS_STATS oops::GeometryData::containingTriangleAndBarycentri :        41.54   18684            0.0022
OOPS_STATS oops::GeometryData::setGlobalTree                   :      1818.67       2          909.3373
OOPS_STATS oops::GeometryData::setLocalTree                    :         3.18       2            1.5878
OOPS_STATS oops::GeometryData::setMeshAndTriangulation         :         0.31       2            0.1530
OOPS_STATS oops::GetValues::GetValues                          :       310.57       3          103.5217
OOPS_STATS oops::GetValues::fillGeoVaLs                        :        80.52       3           26.8388
OOPS_STATS oops::GetValues::fillGeoVaLsAD                      :       127.41      46            2.7697
OOPS_STATS oops::GetValues::fillGeoVaLsTL                      :      1080.83      45           24.0185
OOPS_STATS oops::GetValues::finalize                           :        14.38       3            4.7925
OOPS_STATS oops::GetValues::finalizeAD                         :       770.22      46           16.7439
OOPS_STATS oops::GetValues::finalizeTL                         :       106.20      45            2.3601
OOPS_STATS oops::GetValues::initialize                         :         2.75       3            0.9167
OOPS_STATS oops::GetValues::initializeAD                       :         5.69      46            0.1237
OOPS_STATS oops::GetValues::initializeTL                       :        19.07      45            0.4238
OOPS_STATS oops::GetValues::process                            :        16.34       3            5.4454
OOPS_STATS oops::GetValues::processAD                          :       134.20      46            2.9174
OOPS_STATS oops::GetValues::processTL                          :       144.11      45            3.2024
OOPS_STATS oops::Increment::Increment                          :     34036.03    3172           10.7301
OOPS_STATS oops::Increment::axpy                               :      6780.17    1125            6.0268
OOPS_STATS oops::Increment::diff                               :       301.14      33            9.1253
OOPS_STATS oops::Increment::dot_product_with                   :     10050.34    1219            8.2447
OOPS_STATS oops::Increment::fromFieldSet                       :     12293.88    1426            8.6212
OOPS_STATS oops::Increment::operator*=                         :       265.28     136            1.9506
OOPS_STATS oops::Increment::operator+=                         :     13702.66    1591            8.6126
OOPS_STATS oops::Increment::operator+=(State, Increment)       :        45.35       1           45.3481
OOPS_STATS oops::Increment::operator-=                         :        73.49      30            2.4497
OOPS_STATS oops::Increment::operator=                          :      8031.88    1758            4.5688
OOPS_STATS oops::Increment::print                              :     26612.55    1387           19.1871
OOPS_STATS oops::Increment::schur_product_with                 :     15027.17    2760            5.4446
OOPS_STATS oops::Increment::serialSize                         :         5.78     198            0.0292
OOPS_STATS oops::Increment::toFieldSet                         :     12683.38    1471            8.6223
OOPS_STATS oops::Increment::zero                               :       153.64     139            1.1053
OOPS_STATS oops::Increment::~Increment                         :       205.14    3172            0.0647
OOPS_STATS oops::LinearObsOper::refl10cm::LinearObsOperator    :         0.53       1            0.5266
OOPS_STATS oops::LinearObsOper::refl10cm::requiredVars         :         0.11      93            0.0012
OOPS_STATS oops::LinearObsOper::refl10cm::setTrajectory        :         0.91       1            0.9135
OOPS_STATS oops::LinearObsOper::refl10cm::simulateObsAD        :         3.62      46            0.0787
OOPS_STATS oops::LinearObsOper::refl10cm::simulateObsTL        :         7.57      45            0.1683
OOPS_STATS oops::LinearObsOper::refl10cm::~LinearObsOperator   :         0.03       1            0.0330
OOPS_STATS oops::LinearVariableChange::LinearVariableChange    :         0.04       1            0.0374
OOPS_STATS oops::LinearVariableChange::changeVarAD             :      1781.82      46           38.7353
OOPS_STATS oops::LinearVariableChange::changeVarTL             :       850.48      45           18.8996
OOPS_STATS oops::LinearVariableChange::changeVarTraj           :         3.00       1            2.9967
OOPS_STATS oops::LinearVariableChange::~LinearVariableChange   :         0.04       1            0.0449
OOPS_STATS oops::LocalInterpolator::LocalInterpolator          :        48.62    2400            0.0203
OOPS_STATS oops::LocalInterpolator::apply                      :        15.07    2400            0.0063
OOPS_STATS oops::LocalInterpolator::applyAD                    :       116.35   36800            0.0032
OOPS_STATS oops::LocalInterpolator::applyTL                    :       126.36   36000            0.0035
OOPS_STATS oops::LocalInterpolator::preprocess                 :      1282.10      48           26.7103
OOPS_STATS oops::LocalInterpolator::preprocessAD               :        73.85      46            1.6055
OOPS_STATS oops::LocalInterpolator::~LocalInterpolator         :         1.55    2400            0.0006
OOPS_STATS oops::Localization::Localization                    :      7823.27       1         7823.2715
OOPS_STATS oops::Localization::multiply                        :    207507.06    1380          150.3674
OOPS_STATS oops::Localization::~Localization                   :         0.87       1            0.8731
OOPS_STATS oops::ModelAuxControl::ModelAuxControl              :         0.01       4            0.0019
OOPS_STATS oops::ModelAuxControl::print                        :         0.00       3            0.0009
OOPS_STATS oops::ModelAuxControl::~ModelAuxControl             :         0.00       4            0.0010
OOPS_STATS oops::ModelAuxCovariance::ModelAuxCovariance        :         0.00       1            0.0017
OOPS_STATS oops::ModelAuxCovariance::linearize                 :         0.00       1            0.0001
OOPS_STATS oops::ModelAuxCovariance::multiply                  :         0.01      46            0.0002
OOPS_STATS oops::ModelAuxCovariance::~ModelAuxCovariance       :         0.00       1            0.0010
OOPS_STATS oops::ModelAuxIncrement::ModelAuxIncrement          :         0.18     198            0.0009
OOPS_STATS oops::ModelAuxIncrement::axpy                       :         0.42    1125            0.0004
OOPS_STATS oops::ModelAuxIncrement::diff                       :         0.00       3            0.0006
OOPS_STATS oops::ModelAuxIncrement::dot_product_with           :         0.36    1219            0.0003
OOPS_STATS oops::ModelAuxIncrement::operator*=                 :         0.04      89            0.0005
OOPS_STATS oops::ModelAuxIncrement::operator+=                 :         0.06     135            0.0004
OOPS_STATS oops::ModelAuxIncrement::operator+=ModelAuxControl  :         0.00       1            0.0001
OOPS_STATS oops::ModelAuxIncrement::operator=                  :         0.02      49            0.0004
OOPS_STATS oops::ModelAuxIncrement::print                      :         0.00       7            0.0006
OOPS_STATS oops::ModelAuxIncrement::serialSize                 :         0.01     198            0.0001
OOPS_STATS oops::ModelAuxIncrement::zero                       :         0.01      46            0.0002
OOPS_STATS oops::ModelAuxIncrement::~ModelAuxIncrement         :         0.04     198            0.0002
OOPS_STATS oops::ObsAuxControl::ObsAuxControl                  :         0.17       4            0.0420
OOPS_STATS oops::ObsAuxControl::print                          :         0.00       3            0.0011
OOPS_STATS oops::ObsAuxControl::requiredHdiagnostics           :         0.00       2            0.0001
OOPS_STATS oops::ObsAuxControl::requiredVars                   :         0.00       6            0.0002
OOPS_STATS oops::ObsAuxControl::write                          :         0.04       1            0.0353
OOPS_STATS oops::ObsAuxControl::~ObsAuxControl                 :         0.01       4            0.0015
OOPS_STATS oops::ObsAuxCovariance::ObsAuxCovariance            :         0.05       1            0.0531
OOPS_STATS oops::ObsAuxCovariance::inverseMultiply             :         0.04      46            0.0009
OOPS_STATS oops::ObsAuxCovariance::linearize                   :         0.13       1            0.1262
OOPS_STATS oops::ObsAuxCovariance::multiply                    :         0.25      46            0.0055
OOPS_STATS oops::ObsAuxCovariance::preconditioner              :         0.03       1            0.0318
OOPS_STATS oops::ObsAuxCovariance::write                       :         0.04       1            0.0432
OOPS_STATS oops::ObsAuxCovariance::~ObsAuxCovariance           :         0.00       1            0.0033
OOPS_STATS oops::ObsAuxIncrement::ObsAuxIncrement              :         0.87     198            0.0044
OOPS_STATS oops::ObsAuxIncrement::axpy                         :         1.21    1125            0.0011
OOPS_STATS oops::ObsAuxIncrement::diff                         :         0.01       3            0.0047
OOPS_STATS oops::ObsAuxIncrement::dot_product_with             :         0.94    1219            0.0008
OOPS_STATS oops::ObsAuxIncrement::operator*=                   :         0.14      89            0.0016
OOPS_STATS oops::ObsAuxIncrement::operator+=                   :         0.18     135            0.0013
OOPS_STATS oops::ObsAuxIncrement::operator=                    :         0.05      49            0.0010
OOPS_STATS oops::ObsAuxIncrement::print                        :         0.01       7            0.0010
OOPS_STATS oops::ObsAuxIncrement::serialSize                   :         0.01     396            0.0000
OOPS_STATS oops::ObsAuxIncrement::zero                         :         0.04      46            0.0010
OOPS_STATS oops::ObsAuxIncrement::~ObsAuxIncrement             :         0.37     198            0.0019
OOPS_STATS oops::ObsAuxPreconditioner::multiply                :         0.04      46            0.0008
OOPS_STATS oops::ObsAuxPreconditioner::~ObsAuxPreconditioner   :         0.00       2            0.0008
OOPS_STATS oops::ObsDataVector::ObsDataVector                  :         0.19       4            0.0463
OOPS_STATS oops::ObsDataVector::mask                           :         0.01       2            0.0042
OOPS_STATS oops::ObsDataVector::operator=                      :         0.02       2            0.0076
OOPS_STATS oops::ObsDataVector::print                          :        40.24       2           20.1217
OOPS_STATS oops::ObsDataVector::save                           :         1.99       4            0.4975
OOPS_STATS oops::ObsDataVector::~ObsDataVector                 :         0.01       4            0.0031
OOPS_STATS oops::ObsDiagnostics::ObsDiagnostics                :         0.07       2            0.0357
OOPS_STATS oops::ObsDiagnostics::~ObsDiagnostics               :         0.02       2            0.0119
OOPS_STATS oops::ObsError::getRMSE                             :         0.71       4            0.1767
OOPS_STATS oops::ObsError::inverseMultiply                     :         0.44      47            0.0094
OOPS_STATS oops::ObsError::obserrors                           :         0.05       6            0.0076
OOPS_STATS oops::ObsError::update                              :         2.44       2            1.2195
OOPS_STATS oops::ObsError::~ObsError                           :         0.02       1            0.0170
OOPS_STATS oops::ObsOperator::refl10cm::ObsOperator            :        18.92       2            9.4623
OOPS_STATS oops::ObsOperator::refl10cm::computeReducedVars     :         0.09       3            0.0315
OOPS_STATS oops::ObsOperator::refl10cm::locations              :         1.60       3            0.5328
OOPS_STATS oops::ObsOperator::refl10cm::requiredVars           :         0.00       3            0.0012
OOPS_STATS oops::ObsOperator::refl10cm::simulateObs            :       156.97       2           78.4834
OOPS_STATS oops::ObsOperator::refl10cm::~ObsOperator           :         0.03       2            0.0152
OOPS_STATS oops::ObsSpace::ObsSpace                            :       631.03       1          631.0288
OOPS_STATS oops::ObsSpace::obsvariables                        :         0.00       3            0.0000
OOPS_STATS oops::ObsSpace::save                                :      2800.25       1         2800.2533
OOPS_STATS oops::ObsSpace::~ObsSpace                           :         0.64       1            0.6365
OOPS_STATS oops::ObsVector::ObsVector                          :         1.42     108            0.0131
OOPS_STATS oops::ObsVector::dot_product                        :         0.45       4            0.1113
OOPS_STATS oops::ObsVector::info                               :         1.73       6            0.2882
OOPS_STATS oops::ObsVector::operator*=                         :         0.01       2            0.0049
OOPS_STATS oops::ObsVector::operator-=                         :         0.02       2            0.0110
OOPS_STATS oops::ObsVector::operator=                          :         0.39       4            0.0977
OOPS_STATS oops::ObsVector::rms                                :         0.35       4            0.0871
OOPS_STATS oops::ObsVector::save                               :         0.34       6            0.0573
OOPS_STATS oops::ObsVector::zero                               :         0.04      47            0.0009
OOPS_STATS oops::ObsVector::~ObsVector                         :         0.22     108            0.0021
OOPS_STATS oops::Parameters::deserialize                       :         5.42      97            0.0559
OOPS_STATS oops::Parameters::serialize                         :         1.82      80            0.0228
OOPS_STATS oops::Run::execute                                  :    431658.69       1       431658.6852
OOPS_STATS oops::SampledLocations::SampledLocations            :         0.00       4            0.0003
OOPS_STATS oops::SampledLocations::latitudes                   :         0.00       3            0.0001
OOPS_STATS oops::SampledLocations::longitudes                  :         0.00       3            0.0000
OOPS_STATS oops::SampledLocations::times                       :         0.00       3            0.0000
OOPS_STATS oops::SampledLocations::~SampledLocations           :         0.18       8            0.0225
OOPS_STATS oops::State::State                                  :     56243.98      72          781.1664
OOPS_STATS oops::State::print                                  :       201.15       3           67.0513
OOPS_STATS oops::State::toFieldSet                             :        19.48       5            3.8960
OOPS_STATS oops::State::variables                              :         0.00      58            0.0001
OOPS_STATS oops::State::write                                  :     18867.78       1        18867.7808
OOPS_STATS oops::State::zero                                   :        50.10      30            1.6698
OOPS_STATS oops::State::~State                                 :         8.44      72            0.1172
OOPS_STATS oops::UnstructuredInterpolator::UnstructuredInterpo :        47.69    2400            0.0199
OOPS_STATS oops::UnstructuredInterpolator::apply               :       131.24   38400            0.0034
OOPS_STATS oops::UnstructuredInterpolator::applyAD             :        81.82   36800            0.0022
OOPS_STATS oops::VariableChange::VariableChange                :         0.33       3            0.1102
OOPS_STATS oops::VariableChange::changeVar                     :        20.60       3            6.8662
OOPS_STATS oops::VariableChange::~VariableChange               :         0.02       3            0.0071
OOPS_STATS oops::util::FieldSetHelpers::readFieldSet           :      7773.63       2         3886.8136
OOPS_STATS saber::Localization::Localization                   :      7823.25       1         7823.2541
OOPS_STATS saber::Localization::multiply                       :    194131.09    1380          140.6747
OOPS_STATS saber::Localization::~Localization                  :         0.00       1            0.0001
OOPS_STATS ufo::ObsFilter::ObsFilter                           :         0.43       5            0.0866
OOPS_STATS ufo::ObsFilter::checkFilterData                     :         0.01      15            0.0005
OOPS_STATS ufo::ObsFilter::postFilter                          :        24.90       5            4.9804
OOPS_STATS ufo::ObsFilter::preProcess                          :         0.01       5            0.0018
OOPS_STATS ufo::ObsFilter::priorFilter                         :         0.03       5            0.0068
OOPS_STATS ufo::ObsFilter::~ObsFilter                          :        75.50       9            8.3893
OOPS_STATS util::Timers::measured                              :    431232.69       1       431232.6860
OOPS_STATS ------------------------------------ Timing Statistics -------------------------------------

OOPS_STATS ------------------------------------------------------------------------------------------------------------------
OOPS_STATS ---------------------------------- Parallel Timing Statistics ( 800 MPI tasks) -----------------------------------
OOPS_STATS ------------------------------------------------------------------------------------------------------------------
OOPS_STATS Name                                                :     min (ms)    max (ms)    avg (ms)     % total   imbal (%)
OOPS_STATS oops::Covariance::EnsembleCovariance                :     62310.48    62312.48    62310.93       14.44        0.00
OOPS_STATS oops::Covariance::ensemble::multiply                :    259102.43   259676.26   259455.64       60.11        0.22
OOPS_STATS oops::Diffusion::multiplySqrtAD                     :     61677.76    64641.99    63418.82       14.69        4.67
OOPS_STATS oops::Diffusion::multiplySqrtTL                     :     50014.76    55513.82    53215.47       12.33       10.33
OOPS_STATS oops::Geometry::Geometry                            :     50566.55    51844.54    51757.14       11.99        2.47
OOPS_STATS oops::Geometry::~Geometry                           :       623.69      853.71      725.47        0.17       31.71
OOPS_STATS oops::GeometryData::setGlobalTree                   :      1818.67     1959.83     1889.04        0.44        7.47
OOPS_STATS oops::GetValues::fillGeoVaLsTL                      :       432.75     1173.06      934.33        0.22       79.23
OOPS_STATS oops::GetValues::finalizeAD                         :       664.63     1289.49      801.45        0.19       77.97
OOPS_STATS oops::Increment::Increment                          :     25449.50    38638.17    28262.06        6.55       46.67
OOPS_STATS oops::Increment::axpy                               :      5756.50     7490.85     6761.33        1.57       25.65
OOPS_STATS oops::Increment::dot_product_with                   :      9183.01    11716.49    10368.26        2.40       24.44
OOPS_STATS oops::Increment::fromFieldSet                       :     10341.47    16172.06    11677.52        2.71       49.93
OOPS_STATS oops::Increment::operator+=                         :      9441.06    14531.98    11320.91        2.62       44.97
OOPS_STATS oops::Increment::operator=                          :      4624.82     9637.36     6308.40        1.46       79.46
OOPS_STATS oops::Increment::print                              :     18034.07    47377.46    39381.44        9.12       74.51
OOPS_STATS oops::Increment::schur_product_with                 :      9629.38    17890.05    13071.61        3.03       63.20
OOPS_STATS oops::Increment::toFieldSet                         :      9853.80    19117.83    12061.24        2.79       76.81
OOPS_STATS oops::LinearVariableChange::changeVarAD             :      1280.16     2587.33     1812.35        0.42       72.13
OOPS_STATS oops::LinearVariableChange::changeVarTL             :       421.70     1588.42     1265.45        0.29       92.20
OOPS_STATS oops::LocalInterpolator::preprocess                 :        74.75     1337.80     1274.02        0.30       99.14
OOPS_STATS oops::Localization::Localization                    :      7803.04     7994.96     7877.57        1.83        2.44
OOPS_STATS oops::Localization::multiply                        :    202336.82   226228.28   217066.94       50.29       11.01
OOPS_STATS oops::ObsSpace::ObsSpace                            :       575.84      651.09      613.34        0.14       12.27
OOPS_STATS oops::ObsSpace::save                                :      2575.35     2806.10     2715.74        0.63        8.50
OOPS_STATS oops::State::State                                  :     56022.48    56283.28    56118.06       13.00        0.46
OOPS_STATS oops::State::write                                  :     17662.65    18894.08    18866.58        4.37        6.53
OOPS_STATS oops::util::FieldSetHelpers::readFieldSet           :      7588.60     7773.63     7658.56        1.77        2.42
OOPS_STATS saber::Localization::Localization                   :      7803.03     7994.91     7877.55        1.83        2.44
OOPS_STATS saber::Localization::multiply                       :    187340.30   212111.01   205323.78       47.57       12.06
OOPS_STATS util::Timers::measured                              :    431210.10   431434.48   431341.56       99.93        0.05
OOPS_STATS oops::Run::execute                                  :    431519.14   431707.92   431630.63      100.00        0.04
OOPS_STATS ---------------------------------- Parallel Timing Statistics ( 800 MPI tasks) -----------------------------------

OOPS_STATS Run end                                  - Runtime:    432.55 sec,  Memory: total:  4263.41 GB, per task: min =     5.00 GB, max =     7.26 GB
Run: Finishing oops::Variational<MPAS, UFO and IODA observations> with status = 0
OOPS Ending   2026-06-02 01:06:28 (UTC+0000)
