Configuration input file is: jedivar.pass2.yaml
Full configuration is:YAMLConfiguration[path=jedivar.pass2.yaml, root={_member => {date => 2026-06-01T20:00:00Z , state variables => (water_vapor_mixing_ratio_wrt_moist_air,air_pressure_at_surface,air_temperature,northward_wind,eastward_wind,cloud_liquid_water,cloud_liquid_ice,rain_water,snow_water,graupel,equivalent_reflectivity_factor,upward_air_velocity) , stream name => ensemble} , output => {filename => mpasout.nc , stream name => analysis} , variational => {minimizer => {algorithm => DRPCG} , iterations => ({geometry => {nml_file => ./namelist.atmosphere , streams_file => ./streams.atmosphere , deallocate non-da fields => true , interpolation type => unstructured} , gradient norm reduction => 0.001 , ninner => 75})} , cost function => {cost type => 3D-Var , time window => {begin => 2026-06-01T18:00:00Z , length => PT4H} , jb evaluation => false , geometry => {nml_file => ./namelist.atmosphere , streams_file => ./streams.atmosphere , deallocate non-da fields => true , interpolation type => unstructured} , analysis variables => (water_vapor_mixing_ratio_wrt_moist_air,air_pressure_at_surface,air_temperature,northward_wind,eastward_wind,cloud_liquid_water,cloud_liquid_ice,rain_water,snow_water,graupel,equivalent_reflectivity_factor,upward_air_velocity) , background => {state variables => (water_vapor_mixing_ratio_wrt_moist_air,air_pressure_at_surface,air_temperature,northward_wind,eastward_wind,air_potential_temperature,dry_air_density,u,water_vapor_mixing_ratio_wrt_dry_air,air_pressure,landmask,seaice_fraction,snowc,skin_temperature_at_surface,ivgtyp,isltyp,snowh,vegetation_area_fraction,air_temperature_at_2m,water_vapor_mixing_ratio_wrt_moist_air_at_2m,eastward_wind_at_10m,northward_wind_at_10m,lai,smois,tslb,pressure_p,cloud_liquid_water,cloud_liquid_ice,graupel,rain_water,snow_water,cldfrac,equivalent_reflectivity_factor,w,upward_air_velocity) , filename => mpasout.nc , date => 2026-06-01T20:00:00Z} , background error => {covariance model => ensemble , localization => {localization method => SABER , saber central block => {saber block name => diffusion , active variables => (water_vapor_mixing_ratio_wrt_moist_air,air_pressure_at_surface,air_temperature,northward_wind,eastward_wind,cloud_liquid_water,cloud_liquid_ice,rain_water,snow_water,graupel,equivalent_reflectivity_factor,upward_air_velocity) , read => {groups => ({variables => (water_vapor_mixing_ratio_wrt_moist_air,air_pressure_at_surface,air_temperature,northward_wind,eastward_wind,cloud_liquid_water,cloud_liquid_ice,rain_water,snow_water,graupel,equivalent_reflectivity_factor,upward_air_velocity) , multivariate strategy => duplicated , horizontal => {filepath => data/diffusionloc/mpas_conus3km.diffusion_hz} , vertical => {levels => 59 , filepath => data/diffusionloc/mpas_conus3km.diffusion_vt}})}}} , members from template => {template => {date => 2026-06-01T20:00:00Z , state variables => (water_vapor_mixing_ratio_wrt_moist_air,air_pressure_at_surface,air_temperature,northward_wind,eastward_wind,cloud_liquid_water,cloud_liquid_ice,rain_water,snow_water,graupel,equivalent_reflectivity_factor,upward_air_velocity) , stream name => ensemble , filename => ./data/ens/mem%iMember%.nc} , pattern => %iMember% , start => 1 , zero padding => 3 , nmembers => 30}} , observations => {observers => ({obs space => {name => refl10cm , distribution => {name => RoundRobin , halo size => 500000} , obsdatain => {engine => {type => H5File , obsfile => data/obs/ioda_mrms_refl.nc , missing file action => warn}} , obsdataout => {engine => {type => H5File , allow overwrite => true , obsfile => jdiag_mrms_refl.nc}} , io pool => {write multiple files => false} , _source => mrms , simulated variables => (equivalentReflectivityFactor)} , obs operator => {name => VertInterp , vertical coordinate => height_above_mean_sea_level , observation vertical coordinate => height , interpolation method => linear , observation alias file => obsop_name_map.yaml} , obs localizations => ({localization method => Horizontal Gaspari-Cohn , lengthscale => 200000}) , _obsname => refl10cm , obs filters => ({filter => Background Check , filter variables => ({name => equivalentReflectivityFactor}) , threshold => 12 , action => {name => reject}})})}}}]
OOPS_STATS ObjectCountHelper started.
OOPS_STATS Run start                                - Runtime:      1.10 sec,  Memory: total:   104.38 GB, per task: min =   128.97 MB, max =   130.55 MB
Run: Starting oops::Variational<MPAS, UFO and IODA observations>
OOPS_STATS Variational start                        - Runtime:     1.10 sec,  Local Memory:   130.55 MB
==> create geom
atlas::mpi::push(world)
Increase halo 1
atlas::mpi::pop(world)
atlas::mpi::push(world)
atlas::mpi::pop(world)
atlas::mpi::push(world)
atlas::mpi::pop(world)
atlas::mpi::push(world)
atlas::mpi::pop(world)
refl10cm: read database from data/obs/ioda_mrms_refl.nc (io pool size: 800)
refl10cm processed vars: 1 Variables: equivalentReflectivityFactor
refl10cm assimilated vars: 1 Variables: equivalentReflectivityFactor
refl10cm: 0 observations are outside of time window out of 3898919
refl10cm: 0 observations were rejected by QC checks out of 3898919
No bias-correction is performed for this ObsSpace.
3DVar window: TimeWindow: start = 2026-06-01T18:00:00Z, end = 2026-06-01T22:00:00Z, inclusive upper bound.

OOPS_STATS IncrementalAssimilation start            - Runtime:    36.41 sec,  Local Memory:     2.50 GB
Running incremental assimilation with 1 outer iterations.
Minimizer algorithm=DRPCG
QNewtonLMP: maxouter : 1
IncrementalAssimilation: Configuration for outer iteration 0:
LocalConfiguration[root={geometry => {nml_file => ./namelist.atmosphere , streams_file => ./streams.atmosphere , deallocate non-da fields => true , interpolation type => unstructured} , gradient norm reduction => 0.001 , ninner => 75 , iteration => 0 , total iterations => 1}]
OOPS_STATS IncrementalAssimilation iteration 0      - Runtime:    36.41 sec,  Local Memory:     2.50 GB
==> create geom
atlas::mpi::push(world)
Increase halo 1
atlas::mpi::pop(world)
atlas::mpi::push(world)
atlas::mpi::pop(world)
atlas::mpi::push(world)
atlas::mpi::pop(world)
atlas::mpi::push(world)
atlas::mpi::pop(world)
Key "mesh[address=0x353e840],halo[size=1]" not found in cache "NodeColumnsHaloExchangeCache" , creating new, removable with key "mesh[address=0x353e840],halo[size=1]"
Key "mesh[address=0x67a0a50],halo[size=1]" not found in cache "NodeColumnsHaloExchangeCache" , creating new, removable with key "mesh[address=0x67a0a50],halo[size=1]"
processWhere: selected 0 obs.
BackgroundCheck obserr: 
refl10cm equivalentReflectivityFactor nlocs = 3898919, nobs = 3898919, min = 5, max = 5, avg = 5
processing a float: 12
ObsErrorDiagonal covariance updated 3766182
Observer::finalize QC = 
refl10cm equivalentReflectivityFactor nlocs = 3898919, nobs = 3898919, min = 0, max = 19, avg = 0
CostJo Observations: 
refl10cm nobs= 3898919 Min=0, Max=67.9409, RMS=3.87138

Jo Observations:
Jo Obs :refl10cm:equivalentReflectivityFactor   : Nobs=  3766182, Min= 0.000000e+00, Max= 6.794092e+01, RMS= 3.782256e+00
Jo Observations Equivalent:
Jo H(x):refl10cm:equivalentReflectivityFactor   : Nobs=  3766182, Min= 0.000000e+00, Max= 6.640683e+01, RMS= 3.406863e+00
Jo Bias Corrected Departures:
Jo Dep :refl10cm:equivalentReflectivityFactor   : Nobs=  3766182, Min=-5.920179e+01, Max= 5.972979e+01, RMS= 3.828598e+00
Jo Observations Errors:
UFO Diagonal observation error covariance, inverse variances: refl10cm nobs= 3766182 Min=0.04, Max=0.04, RMS=0.04



CostJo   : Nonlinear Jo(refl10cm) = 1.10411e+06, nobs = 3766182, Jo/n = 0.293163, err = 5
CostJo   : Nonlinear Jo = 1.10411e+06
Increment:diff x1 4
Increment:diff x2 35
Increment:diff x1 5
Increment:diff x2 36
Increment:diff x1 6
Increment:diff x2 37
Increment:diff x1 7
Increment:diff x2 38
Increment:diff x1 8
Increment:diff x2 39
Increment:diff x1 9
Increment:diff x2 40
Increment:diff x1 10
Increment:diff x2 41
Increment:diff x1 11
Increment:diff x2 42
Increment:diff x1 12
Increment:diff x2 43
Increment:diff x1 13
Increment:diff x2 44
Increment:diff x1 14
Increment:diff x2 45
Increment:diff x1 15
Increment:diff x2 46
Increment:diff x1 16
Increment:diff x2 47
Increment:diff x1 17
Increment:diff x2 48
Increment:diff x1 18
Increment:diff x2 49
Increment:diff x1 19
Increment:diff x2 50
Increment:diff x1 20
Increment:diff x2 51
Increment:diff x1 21
Increment:diff x2 52
Increment:diff x1 22
Increment:diff x2 53
Increment:diff x1 23
Increment:diff x2 54
Increment:diff x1 24
Increment:diff x2 55
Increment:diff x1 25
Increment:diff x2 56
Increment:diff x1 26
Increment:diff x2 57
Increment:diff x1 27
Increment:diff x2 58
Increment:diff x1 28
Increment:diff x2 59
Increment:diff x1 29
Increment:diff x2 60
Increment:diff x1 30
Increment:diff x2 61
Increment:diff x1 31
Increment:diff x2 62
Increment:diff x1 32
Increment:diff x2 63
Increment:diff x1 33
Increment:diff x2 64
Info     : Prepare ensemble configuration
Info     : Read full ensemble
Info     : Creating central block: 
Info     : SaberCentralBlock using multivariate strategy: deprecated
Info     : Creating single central block.
Info     : Read data

==================================================================================
 saber::Diffusion read
----------------------------------------------------------------------------------

group 1 of 1
atlas::mpi::push(world)
atlas::mpi::pop(world)
variables: [water_vapor_mixing_ratio_wrt_moist_air,air_pressure_at_surface,air_temperature,northward_wind,eastward_wind,cloud_liquid_water,cloud_liquid_ice,rain_water,snow_water,graupel,equivalent_reflectivity_factor,upward_air_velocity]
multivariate strategy: duplicated
Reading horizontal parameters
  levels: 1
Key "mesh[address=0x67a0a50]" not found in cache "NodeColumnsGatherScatterCache" , creating new, removable with key "mesh[address=0x67a0a50]"
  Info     : Reading file: data/diffusionloc/mpas_conus3km.diffusion_hz.nc
atlas::mpi::push(world)
atlas::mpi::pop(world)
  hzScales:  min: 4087.19  mean: 4087.19  max: 4087.19
  hzNorm:    min: 2.4414  mean: 3.71484  max: 4.05626
Reading vertical parameters
  levels: 59
  vertical strategy: normal
  Info     : Reading file: data/diffusionloc/mpas_conus3km.diffusion_vt.nc
atlas::mpi::push(world)
atlas::mpi::pop(world)
  vtScales:  min: 11  mean: 11  max: 11
  vtNorm:    min: 3.7178  mean: 4.83632  max: 5.25235
Diffusion: horizontal iterations: 6
Diffusion: vertical iterations: 242
Increment:diff x1 2
Increment:diff x2 1
==================================================================================

CostJb: FG-BG
  Valid time: 2026-06-01T20:00:00Z
  Resolution: nCellsGlobal = 2341818, nFields = 12
Fld=1  Min=0, Max=0, RMS=0 : water_vapor_mixing_ratio_wrt_moist_air
Fld=2  Min=0, Max=0, RMS=0 : air_pressure_at_surface
Fld=3  Min=0, Max=0, RMS=0 : air_temperature
Fld=4  Min=0, Max=0, RMS=0 : northward_wind
Fld=5  Min=0, Max=0, RMS=0 : eastward_wind
Fld=6  Min=0, Max=0, RMS=0 : cloud_liquid_water
Fld=7  Min=0, Max=0, RMS=0 : cloud_liquid_ice
Fld=8  Min=0, Max=0, RMS=0 : rain_water
Fld=9  Min=0, Max=0, RMS=0 : snow_water
Fld=10  Min=0, Max=0, RMS=0 : graupel
Fld=11  Min=0, Max=0, RMS=0 : equivalent_reflectivity_factor
Fld=12  Min=0, Max=0, RMS=0 : upward_air_velocity
Increment:diff x1 2
Increment:diff x2 1
CostJb: FG-BG
  Valid time: 2026-06-01T20:00:00Z
  Resolution: nCellsGlobal = 2341818, nFields = 12
Fld=1  Min=0, Max=0, RMS=0 : water_vapor_mixing_ratio_wrt_moist_air
Fld=2  Min=0, Max=0, RMS=0 : air_pressure_at_surface
Fld=3  Min=0, Max=0, RMS=0 : air_temperature
Fld=4  Min=0, Max=0, RMS=0 : northward_wind
Fld=5  Min=0, Max=0, RMS=0 : eastward_wind
Fld=6  Min=0, Max=0, RMS=0 : cloud_liquid_water
Fld=7  Min=0, Max=0, RMS=0 : cloud_liquid_ice
Fld=8  Min=0, Max=0, RMS=0 : rain_water
Fld=9  Min=0, Max=0, RMS=0 : snow_water
Fld=10  Min=0, Max=0, RMS=0 : graupel
Fld=11  Min=0, Max=0, RMS=0 : equivalent_reflectivity_factor
Fld=12  Min=0, Max=0, RMS=0 : upward_air_velocity
CostFunction: Nonlinear J = 1.10411e+06
OOPS_STATS IncrementalAssimilation linearize 0      - Runtime:   129.59 sec,  Local Memory:     7.26 GB

DRPCGMinimizer: max iter = 75, requested norm reduction = 0.001
CostFunction::computeGradientFG: gradient:
  Valid time: 2026-06-01T20:00:00Z
  Resolution: nCellsGlobal = 2341818, nFields = 12
Fld=1  Min=0, Max=0, RMS=0 : water_vapor_mixing_ratio_wrt_moist_air
Fld=2  Min=0, Max=0, RMS=0 : air_pressure_at_surface
Fld=3  Min=0, Max=0, RMS=0 : air_temperature
Fld=4  Min=0, Max=0, RMS=0 : northward_wind
Fld=5  Min=0, Max=0, RMS=0 : eastward_wind
Fld=6  Min=0, Max=0, RMS=0 : cloud_liquid_water
Fld=7  Min=0, Max=0, RMS=0 : cloud_liquid_ice
Fld=8  Min=0, Max=0, RMS=0 : rain_water
Fld=9  Min=0, Max=0, RMS=0 : snow_water
Fld=10  Min=0, Max=0, RMS=0 : graupel
Fld=11  Min=-1.74665, Max=1.92473, RMS=0.0147296 : equivalent_reflectivity_factor
Fld=12  Min=0, Max=0, RMS=0 : upward_air_velocity
DRPCGMinimizer rhs
  Valid time: 2026-06-01T20:00:00Z
  Resolution: nCellsGlobal = 2341818, nFields = 12
Fld=1  Min=-0, Max=-0, RMS=0 : water_vapor_mixing_ratio_wrt_moist_air
Fld=2  Min=-0, Max=-0, RMS=0 : air_pressure_at_surface
Fld=3  Min=-0, Max=-0, RMS=0 : air_temperature
Fld=4  Min=-0, Max=-0, RMS=0 : northward_wind
Fld=5  Min=-0, Max=-0, RMS=0 : eastward_wind
Fld=6  Min=-0, Max=-0, RMS=0 : cloud_liquid_water
Fld=7  Min=-0, Max=-0, RMS=0 : cloud_liquid_ice
Fld=8  Min=-0, Max=-0, RMS=0 : rain_water
Fld=9  Min=-0, Max=-0, RMS=0 : snow_water
Fld=10  Min=-0, Max=-0, RMS=0 : graupel
Fld=11  Min=-1.92473, Max=1.74665, RMS=0.0147296 : equivalent_reflectivity_factor
Fld=12  Min=-0, Max=-0, RMS=0 : upward_air_velocity
Initial RHS squared norm = 29976.8
OOPS_STATS DRPCG start                              - Runtime:   129.74 sec,  Local Memory:     7.26 GB
normr0 29976.8
  Residual norm ( 0) = 7570.091052120185
  Norm reduction ( 0) = 1

  Quadratic cost function: J   ( 0) = 1104106.052983833
  Quadratic cost function: Jb  ( 0) = 0
  Quadratic cost function: JoJc( 0) = 1104106.052983833


 DRPCG Starting Iteration 1
OOPS_STATS DRPCG iteration 1                        - Runtime:   135.51 sec,  Local Memory:     7.26 GB
rdots 2.82394e+07      iteration    0
DRPCG end of iteration 1
  Residual norm ( 1) = 5314.075856585348
  Norm reduction ( 1) = 0.7019830831621257

  Quadratic cost function: J   ( 1) = 752220.3790663606
  Quadratic cost function: Jb  ( 1) = 4321.464616745737
  Quadratic cost function: JoJc( 1) = 747898.9144496149

 DRPCG Starting Iteration 2
OOPS_STATS DRPCG iteration 2                        - Runtime:   141.32 sec,  Local Memory:     7.26 GB
rdots 1.48437e+07      iteration    1
DRPCG end of iteration 2
  Residual norm ( 2) = 3852.748947428759
  Norm reduction ( 2) = 0.5089435412206442

  Quadratic cost function: J   ( 2) = 603261.4427412413
  Quadratic cost function: Jb  ( 2) = 10326.02493985397
  Quadratic cost function: JoJc( 2) = 592935.4178013874

 DRPCG Starting Iteration 3
OOPS_STATS DRPCG iteration 3                        - Runtime:   147.02 sec,  Local Memory:     7.26 GB
rdots 8.75597e+06      iteration    2
DRPCG end of iteration 3
  Residual norm ( 3) = 2959.048629692098
  Norm reduction ( 3) = 0.3908867950621737

  Quadratic cost function: J   ( 3) = 524556.6209864127
  Quadratic cost function: Jb  ( 3) = 16227.62810313749
  Quadratic cost function: JoJc( 3) = 508328.9928832753

 DRPCG Starting Iteration 4
OOPS_STATS DRPCG iteration 4                        - Runtime:   152.98 sec,  Local Memory:     7.26 GB
rdots 5.7855e+06      iteration    3
DRPCG end of iteration 4
  Residual norm ( 4) = 2405.307203129362
  Norm reduction ( 4) = 0.3177382129975436

  Quadratic cost function: J   ( 4) = 475151.3850916121
  Quadratic cost function: Jb  ( 4) = 22011.71535315714
  Quadratic cost function: JoJc( 4) = 453139.669738455

 DRPCG Starting Iteration 5
OOPS_STATS DRPCG iteration 5                        - Runtime:   158.98 sec,  Local Memory:     7.26 GB
rdots 3.67704e+06      iteration    4
DRPCG end of iteration 5
  Residual norm ( 5) = 1917.561088765305
  Norm reduction ( 5) = 0.2533075329692694

  Quadratic cost function: J   ( 5) = 439495.7558629637
  Quadratic cost function: Jb  ( 5) = 28047.61651021294
  Quadratic cost function: JoJc( 5) = 411448.1393527508

 DRPCG Starting Iteration 6
rdots 2.59846e+06      iteration    5
DRPCG end of iteration 6
  Residual norm ( 6) = 1611.97467101857
  Norm reduction ( 6) = 0.2129399316230282

  Quadratic cost function: J   ( 6) = 413988.7851692809
  Quadratic cost function: Jb  ( 6) = 33990.17950213425
  Quadratic cost function: JoJc( 6) = 379998.6056671467

 DRPCG Starting Iteration 7
rdots 1.91595e+06      iteration    6
DRPCG end of iteration 7
  Residual norm ( 7) = 1384.179773002589
  Norm reduction ( 7) = 0.1828484972601375

  Quadratic cost function: J   ( 7) = 396155.6325775387
  Quadratic cost function: Jb  ( 7) = 39439.64812839626
  Quadratic cost function: JoJc( 7) = 356715.9844491425

 DRPCG Starting Iteration 8
rdots 1.36686e+06      iteration    7
DRPCG end of iteration 8
  Residual norm ( 8) = 1169.129182785546
  Norm reduction ( 8) = 0.1544405707588026

  Quadratic cost function: J   ( 8) = 383282.6101562072
  Quadratic cost function: Jb  ( 8) = 44387.60599509825
  Quadratic cost function: JoJc( 8) = 338895.004161109

 DRPCG Starting Iteration 9
rdots 997990      iteration    8
DRPCG end of iteration 9
  Residual norm ( 9) = 998.9943884761301
  Norm reduction ( 9) = 0.1319659673309131

  Quadratic cost function: J   ( 9) = 373034.8840018172
  Quadratic cost function: Jb  ( 9) = 49231.7145071086
  Quadratic cost function: JoJc( 9) = 323803.1694947086

 DRPCG Starting Iteration 10
OOPS_STATS DRPCG iteration 10                       - Runtime:   189.32 sec,  Local Memory:     7.26 GB
rdots 756795      iteration    9
DRPCG end of iteration 10
  Residual norm (10) = 869.939496246447
  Norm reduction (10) = 0.1149179699764377

  Quadratic cost function: J   (10) = 365635.1676236271
  Quadratic cost function: Jb  (10) = 53444.59652079736
  Quadratic cost function: JoJc(10) = 312190.5711028298

 DRPCG Starting Iteration 11
rdots 564674      iteration    10
DRPCG end of iteration 11
  Residual norm (11) = 751.4480642691497
  Norm reduction (11) = 0.09926539312346694

  Quadratic cost function: J   (11) = 359995.145903476
  Quadratic cost function: Jb  (11) = 57227.97698622393
  Quadratic cost function: JoJc(11) = 302767.1689172521

 DRPCG Starting Iteration 12
rdots 441089      iteration    11
DRPCG end of iteration 12
  Residual norm (12) = 664.1450214301212
  Norm reduction (12) = 0.08773276528082334

  Quadratic cost function: J   (12) = 355478.5112633533
  Quadratic cost function: Jb  (12) = 60755.83398321054
  Quadratic cost function: JoJc(12) = 294722.6772801427

 DRPCG Starting Iteration 13
rdots 331308      iteration    12
DRPCG end of iteration 13
  Residual norm (13) = 575.5936716586583
  Norm reduction (13) = 0.07603523758111859

  Quadratic cost function: J   (13) = 352263.178535244
  Quadratic cost function: Jb  (13) = 63632.95752397584
  Quadratic cost function: JoJc(13) = 288630.2210112681

 DRPCG Starting Iteration 14
rdots 239833      iteration    13
DRPCG end of iteration 14
  Residual norm (14) = 489.7276673380447
  Norm reduction (14) = 0.06469244081296549

  Quadratic cost function: J   (14) = 349580.1408158693
  Quadratic cost function: Jb  (14) = 66351.93383010697
  Quadratic cost function: JoJc(14) = 283228.2069857623

 DRPCG Starting Iteration 15
OOPS_STATS DRPCG iteration 15                       - Runtime:   219.93 sec,  Local Memory:     7.26 GB
rdots 191057      iteration    14
DRPCG end of iteration 15
  Residual norm (15) = 437.1006098248022
  Norm reduction (15) = 0.05774046927776143

  Quadratic cost function: J   (15) = 347551.2567810852
  Quadratic cost function: Jb  (15) = 68665.97387211581
  Quadratic cost function: JoJc(15) = 278885.2829089693

 DRPCG Starting Iteration 16
rdots 150117      iteration    15
DRPCG end of iteration 16
  Residual norm (16) = 387.4496322142029
  Norm reduction (16) = 0.05118163434846512

  Quadratic cost function: J   (16) = 346089.5925121855
  Quadratic cost function: Jb  (16) = 70517.34377458553
  Quadratic cost function: JoJc(16) = 275572.2487375999

 DRPCG Starting Iteration 17
rdots 113111      iteration    16
DRPCG end of iteration 17
  Residual norm (17) = 336.3201215205731
  Norm reduction (17) = 0.04442748696217843

  Quadratic cost function: J   (17) = 344995.3789199146
  Quadratic cost function: Jb  (17) = 72037.27100193557
  Quadratic cost function: JoJc(17) = 272958.107917979

 DRPCG Starting Iteration 18
rdots 90750.3      iteration    17
DRPCG end of iteration 18
  Residual norm (18) = 301.2478442734767
  Norm reduction (18) = 0.03979448096454601

  Quadratic cost function: J   (18) = 344130.2086573567
  Quadratic cost function: Jb  (18) = 73346.40449970948
  Quadratic cost function: JoJc(18) = 270783.8041576472

 DRPCG Starting Iteration 19
rdots 62194.3      iteration    18
DRPCG end of iteration 19
  Residual norm (19) = 249.3878145268315
  Norm reduction (19) = 0.03294383288256281

  Quadratic cost function: J   (19) = 343430.272566966
  Quadratic cost function: Jb  (19) = 74496.50657053533
  Quadratic cost function: JoJc(19) = 268933.7659964307

 DRPCG Starting Iteration 20
OOPS_STATS DRPCG iteration 20                       - Runtime:   250.21 sec,  Local Memory:     7.26 GB
rdots 45742      iteration    19
DRPCG end of iteration 20
  Residual norm (20) = 213.8737375155293
  Norm reduction (20) = 0.02825246566296305

  Quadratic cost function: J   (20) = 342876.4477810313
  Quadratic cost function: Jb  (20) = 75482.52353333085
  Quadratic cost function: JoJc(20) = 267393.9242477004

 DRPCG Starting Iteration 21
rdots 37084.8      iteration    20
DRPCG end of iteration 21
  Residual norm (21) = 192.5742309117619
  Norm reduction (21) = 0.02543882624210007

  Quadratic cost function: J   (21) = 342471.3624420522
  Quadratic cost function: Jb  (21) = 76260.39121524247
  Quadratic cost function: JoJc(21) = 266210.9712268098

 DRPCG Starting Iteration 22
rdots 28209.2      iteration    21
DRPCG end of iteration 22
  Residual norm (22) = 167.9560308838161
  Norm reduction (22) = 0.02218679137773065

  Quadratic cost function: J   (22) = 342164.2244901615
  Quadratic cost function: Jb  (22) = 76892.69619939724
  Quadratic cost function: JoJc(22) = 265271.5282907643

 DRPCG Starting Iteration 23
rdots 21995.2      iteration    22
DRPCG end of iteration 23
  Residual norm (23) = 148.3078075726523
  Norm reduction (23) = 0.01959128451052318

  Quadratic cost function: J   (23) = 341939.1339142196
  Quadratic cost function: Jb  (23) = 77386.6440348858
  Quadratic cost function: JoJc(23) = 264552.4898793338

 DRPCG Starting Iteration 24
rdots 15441.5      iteration    23
DRPCG end of iteration 24
  Residual norm (24) = 124.2636633473456
  Norm reduction (24) = 0.01641508173307143

  Quadratic cost function: J   (24) = 341763.4273997262
  Quadratic cost function: Jb  (24) = 77795.87066962614
  Quadratic cost function: JoJc(24) = 263967.5567301001

 DRPCG Starting Iteration 25
OOPS_STATS DRPCG iteration 25                       - Runtime:   280.24 sec,  Local Memory:     7.26 GB
rdots 11696.2      iteration    24
DRPCG end of iteration 25
  Residual norm (25) = 108.1488766633563
  Norm reduction (25) = 0.01428633763038645

  Quadratic cost function: J   (25) = 341626.2673858346
  Quadratic cost function: Jb  (25) = 78134.36009075854
  Quadratic cost function: JoJc(25) = 263491.9072950761

 DRPCG Starting Iteration 26
rdots 8540.41      iteration    25
DRPCG end of iteration 26
  Residual norm (26) = 92.41431957712085
  Norm reduction (26) = 0.01220782140410821

  Quadratic cost function: J   (26) = 341520.3659233218
  Quadratic cost function: Jb  (26) = 78410.91861517217
  Quadratic cost function: JoJc(26) = 263109.4473081497

 DRPCG Starting Iteration 27
rdots 6548.73      iteration    26
DRPCG end of iteration 27
  Residual norm (27) = 80.92420541845088
  Norm reduction (27) = 0.01068999102669791

  Quadratic cost function: J   (27) = 341439.2985740764
  Quadratic cost function: Jb  (27) = 78634.58159683584
  Quadratic cost function: JoJc(27) = 262804.7169772405

 DRPCG Starting Iteration 28
rdots 4952.88      iteration    27
DRPCG end of iteration 28
  Residual norm (28) = 70.37669329835668
  Norm reduction (28) = 0.009296677254449404

  Quadratic cost function: J   (28) = 341380.7729032089
  Quadratic cost function: Jb  (28) = 78804.62780128172
  Quadratic cost function: JoJc(28) = 262576.1451019271

 DRPCG Starting Iteration 29
rdots 3638.26      iteration    28
DRPCG end of iteration 29
  Residual norm (29) = 60.3180127133795
  Norm reduction (29) = 0.007967937545016185

  Quadratic cost function: J   (29) = 341336.6530796523
  Quadratic cost function: Jb  (29) = 78939.16052958483
  Quadratic cost function: JoJc(29) = 262397.4925500675

 DRPCG Starting Iteration 30
OOPS_STATS DRPCG iteration 30                       - Runtime:   311.60 sec,  Local Memory:     7.26 GB
rdots 2510.97      iteration    29
DRPCG end of iteration 30
  Residual norm (30) = 50.10958160660972
  Norm reduction (30) = 0.00661941597024455

  Quadratic cost function: J   (30) = 341301.3265598697
  Quadratic cost function: Jb  (30) = 79052.14314351673
  Quadratic cost function: JoJc(30) = 262249.183416353

 DRPCG Starting Iteration 31
rdots 1907.35      iteration    30
DRPCG end of iteration 31
  Residual norm (31) = 43.67321029505788
  Norm reduction (31) = 0.005769178995915268

  Quadratic cost function: J   (31) = 341274.8770012059
  Quadratic cost function: Jb  (31) = 79140.85517636349
  Quadratic cost function: JoJc(31) = 262134.0218248424

 DRPCG Starting Iteration 32
rdots 1580      iteration    31
DRPCG end of iteration 32
  Residual norm (32) = 39.74920600570341
  Norm reduction (32) = 0.005250822709004364

  Quadratic cost function: J   (32) = 341256.9090918596
  Quadratic cost function: Jb  (32) = 79203.83413519818
  Quadratic cost function: JoJc(32) = 262053.0749566614

 DRPCG Starting Iteration 33
rdots 1145.23      iteration    32
DRPCG end of iteration 33
  Residual norm (33) = 33.84131597912916
  Norm reduction (33) = 0.004470397482161208

  Quadratic cost function: J   (33) = 341243.2206759803
  Quadratic cost function: Jb  (33) = 79253.79469410269
  Quadratic cost function: JoJc(33) = 261989.4259818776

 DRPCG Starting Iteration 34
rdots 897.901      iteration    33
DRPCG end of iteration 34
  Residual norm (34) = 29.96499293007718
  Norm reduction (34) = 0.003958339830230281

  Quadratic cost function: J   (34) = 341233.5395044393
  Quadratic cost function: Jb  (34) = 79290.49027602855
  Quadratic cost function: JoJc(34) = 261943.0492284108

 DRPCG Starting Iteration 35
OOPS_STATS DRPCG iteration 35                       - Runtime:   343.84 sec,  Local Memory:     7.26 GB
rdots 646.373      iteration    34
DRPCG end of iteration 35
  Residual norm (35) = 25.42386049083767
  Norm reduction (35) = 0.003358461650697993

  Quadratic cost function: J   (35) = 341225.6756499419
  Quadratic cost function: Jb  (35) = 79321.40624291125
  Quadratic cost function: JoJc(35) = 261904.2694070307

 DRPCG Starting Iteration 36
rdots 464.067      iteration    35
DRPCG end of iteration 36
  Residual norm (36) = 21.54220799541616
  Norm reduction (36) = 0.002845699985257476

  Quadratic cost function: J   (36) = 341219.7857978703
  Quadratic cost function: Jb  (36) = 79345.41950104568
  Quadratic cost function: JoJc(36) = 261874.3662968246

 DRPCG Starting Iteration 37
rdots 359.699      iteration    36
DRPCG end of iteration 37
  Residual norm (37) = 18.9657453802107
  Norm reduction (37) = 0.002505352346442239

  Quadratic cost function: J   (37) = 341215.4101487104
  Quadratic cost function: Jb  (37) = 79363.89694566045
  Quadratic cost function: JoJc(37) = 261851.5132030499

 DRPCG Starting Iteration 38
rdots 251.575      iteration    37
DRPCG end of iteration 38
  Residual norm (38) = 15.86111832855999
  Norm reduction (38) = 0.002095234815454129

  Quadratic cost function: J   (38) = 341212.0585726991
  Quadratic cost function: Jb  (38) = 79378.54410605511
  Quadratic cost function: JoJc(38) = 261833.514466644

 DRPCG Starting Iteration 39
rdots 198.712      iteration    38
DRPCG end of iteration 39
  Residual norm (39) = 14.09653481722032
  Norm reduction (39) = 0.00186213543802386

  Quadratic cost function: J   (39) = 341209.5790065508
  Quadratic cost function: Jb  (39) = 79389.75066710939
  Quadratic cost function: JoJc(39) = 261819.8283394414

 DRPCG Starting Iteration 40
OOPS_STATS DRPCG iteration 40                       - Runtime:   376.61 sec,  Local Memory:     7.26 GB
rdots 156.029      iteration    39
DRPCG end of iteration 40
  Residual norm (40) = 12.49115675329488
  Norm reduction (40) = 0.001650066910330813

  Quadratic cost function: J   (40) = 341207.841228785
  Quadratic cost function: Jb  (40) = 79397.85623920418
  Quadratic cost function: JoJc(40) = 261809.9849895808

 DRPCG Starting Iteration 41
rdots 114.019      iteration    40
DRPCG end of iteration 41
  Residual norm (41) = 10.67794510825275
  Norm reduction (41) = 0.001410543814431682

  Quadratic cost function: J   (41) = 341206.4760393382
  Quadratic cost function: Jb  (41) = 79404.41830467124
  Quadratic cost function: JoJc(41) = 261802.0577346669

 DRPCG Starting Iteration 42
rdots 83.9835      iteration    41
DRPCG end of iteration 42
  Residual norm (42) = 9.164252339306591
  Norm reduction (42) = 0.001210586804862793

  Quadratic cost function: J   (42) = 341205.4298930459
  Quadratic cost function: Jb  (42) = 79409.59987559749
  Quadratic cost function: JoJc(42) = 261795.8300174484

 DRPCG Starting Iteration 43
rdots 59.4164      iteration    42
DRPCG end of iteration 43
  Residual norm (43) = 7.708200224565991
  Norm reduction (43) = 0.001018244056973017

  Quadratic cost function: J   (43) = 341204.667079084
  Quadratic cost function: Jb  (43) = 79413.4893816715
  Quadratic cost function: JoJc(43) = 261791.1776974125

 DRPCG Starting Iteration 44
rdots 43.1257      iteration    43
DRPCG end of iteration 44
  Residual norm (44) = 6.567016464681628
  Norm reduction (44) = 0.0008674950432521387

  Quadratic cost function: J   (44) = 341204.0425534099
  Quadratic cost function: Jb  (44) = 79416.76870543287
  Quadratic cost function: JoJc(44) = 261787.273847977

DRPCG: Achieved required reduction in residual norm.
OOPS_STATS DRPCG end                                - Runtime:   409.91 sec,  Local Memory:     7.26 GB
DRPCGMinimizer: reduction in residual norm = 0.000867495
DRPCGMinimizer output increment:
  Valid time: 2026-06-01T20:00:00Z
  Resolution: nCellsGlobal = 2341818, nFields = 12
Fld=1  Min=-0.0127538, Max=0.0135974, RMS=0.000102795 : water_vapor_mixing_ratio_wrt_moist_air
Fld=2  Min=-123.955, Max=134.993, RMS=2.19601 : air_pressure_at_surface
Fld=3  Min=-10.6659, Max=9.94639, RMS=0.103372 : air_temperature
Fld=4  Min=-31.0984, Max=25.927, RMS=0.319417 : northward_wind
Fld=5  Min=-33.4178, Max=30.1349, RMS=0.376877 : eastward_wind
Fld=6  Min=-0.00386791, Max=0.0064726, RMS=2.15442e-05 : cloud_liquid_water
Fld=7  Min=-0.00170465, Max=0.0027334, RMS=5.97748e-06 : cloud_liquid_ice
Fld=8  Min=-0.00745807, Max=0.0107978, RMS=3.90999e-05 : rain_water
Fld=9  Min=-0.0045783, Max=0.00674786, RMS=5.38419e-05 : snow_water
Fld=10  Min=-0.00950478, Max=0.0123187, RMS=3.70532e-05 : graupel
Fld=11  Min=-78.767, Max=91.6929, RMS=2.06715 : equivalent_reflectivity_factor
Fld=12  Min=0, Max=0, RMS=0 : upward_air_velocity
CostFunction::addIncrement: First guess:
  Valid time: 2026-06-01T20:00:00Z
  Resolution: nCellsGlobal = 2341818, nFields = 35
Fld=1  Min=0, Max=0.0227044, RMS=0.0060259 : water_vapor_mixing_ratio_wrt_moist_air
Fld=2  Min=63823.8, Max=102848, RMS=96689.2 : air_pressure_at_surface
Fld=3  Min=178.922, Max=314.182, RMS=260.964 : air_temperature
Fld=4  Min=-40.4706, Max=36.4611, RMS=6.47934 : northward_wind
Fld=5  Min=-46.4758, Max=66.2607, RMS=10.5877 : eastward_wind
Fld=6  Min=269.02, Max=643.897, RMS=355.99 : air_potential_temperature
Fld=7  Min=0.0385227, Max=1.31157, RMS=0.781765 : dry_air_density
Fld=8  Min=-65.4778, Max=65.3785, RMS=8.82981 : u
Fld=9  Min=0, Max=0.0232319, RMS=0.00610248 : water_vapor_mixing_ratio_wrt_dry_air
Fld=10  Min=2439.44, Max=102735, RMS=64442.4 : air_pressure
Fld=11  Min=0, Max=1, RMS=0.790008 : landmask
Fld=12  Min=0, Max=1, RMS=0.0308973 : seaice_fraction
Fld=13  Min=0, Max=1, RMS=0.0582725 : snowc
Fld=14  Min=266.289, Max=324.636, RMS=298.806 : skin_temperature_at_surface
Fld=15  Min=1, Max=19, RMS=12.7664 : ivgtyp
Fld=16  Min=1, Max=16, RMS=9.97061 : isltyp
Fld=17  Min=0, Max=7.4986, RMS=0.152927 : snowh
Fld=18  Min=0, Max=0.919862, RMS=0.411241 : vegetation_area_fraction
Fld=19  Min=267.455, Max=314.439, RMS=295.498 : air_temperature_at_2m
Fld=20  Min=0.00110614, Max=0.0235668, RMS=0.0114607 : water_vapor_mixing_ratio_wrt_moist_air_at_2m
Fld=21  Min=-19.1994, Max=16.0034, RMS=3.245 : eastward_wind_at_10m
Fld=22  Min=-20.8828, Max=16.8938, RMS=4.01811 : northward_wind_at_10m
Fld=23  Min=0, Max=6.55355, RMS=1.65715 : lai
Fld=24  Min=0.00200001, Max=1, RMS=0.634058 : smois
Fld=25  Min=262.393, Max=329.138, RMS=293.208 : tslb
Fld=26  Min=-925.536, Max=6185.39, RMS=3242.68 : pressure_p
Fld=27  Min=0, Max=0.00915102, RMS=4.67977e-05 : cloud_liquid_water
Fld=28  Min=0, Max=0.00404518, RMS=8.01764e-06 : cloud_liquid_ice
Fld=29  Min=0, Max=0.0193532, RMS=3.82401e-05 : graupel
Fld=30  Min=0, Max=0.0122269, RMS=5.09581e-05 : rain_water
Fld=31  Min=0, Max=0.00583133, RMS=7.02184e-05 : snow_water
Fld=32  Min=0, Max=1, RMS=0.19038 : cldfrac
Fld=33  Min=0, Max=73.7104, RMS=3.80561 : equivalent_reflectivity_factor
Fld=34  Min=-15.4488, Max=44.7487, RMS=0.196658 : w
Fld=35  Min=0, Max=0, RMS=0 : upward_air_velocity
CostFunction::addIncrement: Increment:
  Valid time: 2026-06-01T20:00:00Z
  Resolution: nCellsGlobal = 2341818, nFields = 12
Fld=1  Min=-0.0127538, Max=0.0135974, RMS=0.000102795 : water_vapor_mixing_ratio_wrt_moist_air
Fld=2  Min=-123.955, Max=134.993, RMS=2.19601 : air_pressure_at_surface
Fld=3  Min=-10.6659, Max=9.94639, RMS=0.103372 : air_temperature
Fld=4  Min=-31.0984, Max=25.927, RMS=0.319417 : northward_wind
Fld=5  Min=-33.4178, Max=30.1349, RMS=0.376877 : eastward_wind
Fld=6  Min=-0.00386791, Max=0.0064726, RMS=2.15442e-05 : cloud_liquid_water
Fld=7  Min=-0.00170465, Max=0.0027334, RMS=5.97748e-06 : cloud_liquid_ice
Fld=8  Min=-0.00745807, Max=0.0107978, RMS=3.90999e-05 : rain_water
Fld=9  Min=-0.0045783, Max=0.00674786, RMS=5.38419e-05 : snow_water
Fld=10  Min=-0.00950478, Max=0.0123187, RMS=3.70532e-05 : graupel
Fld=11  Min=-78.767, Max=91.6929, RMS=2.06715 : equivalent_reflectivity_factor
Fld=12  Min=0, Max=0, RMS=0 : upward_air_velocity
CostFunction::addIncrement: Analysis: 
  Valid time: 2026-06-01T20:00:00Z
  Resolution: nCellsGlobal = 2341818, nFields = 35
Fld=1  Min=0, Max=0.0249445, RMS=0.00602612 : water_vapor_mixing_ratio_wrt_moist_air
Fld=2  Min=63823.8, Max=102848, RMS=96689.2 : air_pressure_at_surface
Fld=3  Min=178.584, Max=314.182, RMS=260.966 : air_temperature
Fld=4  Min=-40.4706, Max=40.5055, RMS=6.48484 : northward_wind
Fld=5  Min=-46.4758, Max=66.2607, RMS=10.5893 : eastward_wind
Fld=6  Min=269.02, Max=643.911, RMS=355.991 : air_potential_temperature
Fld=7  Min=0.0384985, Max=1.31157, RMS=0.781762 : dry_air_density
Fld=8  Min=-65.4778, Max=65.3785, RMS=8.83226 : u
Fld=9  Min=0, Max=0.0255826, RMS=0.00610274 : water_vapor_mixing_ratio_wrt_dry_air
Fld=10  Min=2432.4, Max=102735, RMS=64442.5 : air_pressure
Fld=11  Min=0, Max=1, RMS=0.790008 : landmask
Fld=12  Min=0, Max=1, RMS=0.0308973 : seaice_fraction
Fld=13  Min=0, Max=1, RMS=0.0582725 : snowc
Fld=14  Min=266.289, Max=324.636, RMS=298.806 : skin_temperature_at_surface
Fld=15  Min=1, Max=19, RMS=12.7664 : ivgtyp
Fld=16  Min=1, Max=16, RMS=9.97061 : isltyp
Fld=17  Min=0, Max=7.4986, RMS=0.152927 : snowh
Fld=18  Min=0, Max=0.919862, RMS=0.411241 : vegetation_area_fraction
Fld=19  Min=267.448, Max=314.439, RMS=295.501 : air_temperature_at_2m
Fld=20  Min=0.00110614, Max=0.0235668, RMS=0.0114607 : water_vapor_mixing_ratio_wrt_moist_air_at_2m
Fld=21  Min=-19.1994, Max=16.0034, RMS=3.245 : eastward_wind_at_10m
Fld=22  Min=-20.8828, Max=16.8938, RMS=4.01811 : northward_wind_at_10m
Fld=23  Min=0, Max=6.55355, RMS=1.65715 : lai
Fld=24  Min=0.00200001, Max=1, RMS=0.634058 : smois
Fld=25  Min=262.393, Max=329.138, RMS=293.208 : tslb
Fld=26  Min=-925.536, Max=6114.36, RMS=3242.74 : pressure_p
Fld=27  Min=0, Max=0.00835291, RMS=4.77084e-05 : cloud_liquid_water
Fld=28  Min=0, Max=0.00418946, RMS=9.20033e-06 : cloud_liquid_ice
Fld=29  Min=0, Max=0.0173256, RMS=4.12475e-05 : graupel
Fld=30  Min=0, Max=0.0107978, RMS=4.74226e-05 : rain_water
Fld=31  Min=0, Max=0.00973566, RMS=8.18439e-05 : snow_water
Fld=32  Min=0, Max=1, RMS=0.19038 : cldfrac
Fld=33  Min=0, Max=96.6382, RMS=3.568 : equivalent_reflectivity_factor
Fld=34  Min=-15.4488, Max=44.7487, RMS=0.196658 : w
Fld=35  Min=0, Max=0, RMS=0 : upward_air_velocity
OOPS_STATS IncrementalAssimilation end              - Runtime:   410.23 sec,  Local Memory:     7.26 GB
Variational: incremental assimilation done 1 iterations.
QC refl10cm equivalentReflectivityFactor: 132731 H(x) failed.
QC refl10cm equivalentReflectivityFactor: 6 rejected by first-guess check.
QC refl10cm equivalentReflectivityFactor: 3766182 passed out of 3898919 observations.
ObsErrorDiagonal covariance updated 3766182
Observer::finalize QC = 
refl10cm equivalentReflectivityFactor nlocs = 3898919, nobs = 3898919, min = 0, max = 19, avg = 0
Jo Observations:
Jo Obs :refl10cm:equivalentReflectivityFactor   : Nobs=  3766182, Min= 0.000000e+00, Max= 6.794092e+01, RMS= 3.782256e+00
Jo Observations Equivalent:
Jo H(x):refl10cm:equivalentReflectivityFactor   : Nobs=  3766182, Min= 0.000000e+00, Max= 6.924988e+01, RMS= 3.228750e+00
Jo Bias Corrected Departures:
Jo Dep :refl10cm:equivalentReflectivityFactor   : Nobs=  3766182, Min=-5.699930e+01, Max= 5.212292e+01, RMS= 1.873469e+00
Jo Observations Errors:
UFO Diagonal observation error covariance, inverse variances: refl10cm nobs= 3766182 Min=0.04, Max=0.04, RMS=0.04



CostJo   : Nonlinear Jo(refl10cm) = 264377, nobs = 3766182, Jo/n = 0.0701977, err = 5
CostJo   : Nonlinear Jo = 264377
Increment:diff x1 2
Increment:diff x2 1
CostJb: FG-BG
  Valid time: 2026-06-01T20:00:00Z
  Resolution: nCellsGlobal = 2341818, nFields = 12
Fld=1  Min=-0.0103111, Max=0.0135974, RMS=0.000102164 : water_vapor_mixing_ratio_wrt_moist_air
Fld=2  Min=-123.955, Max=134.993, RMS=2.19601 : air_pressure_at_surface
Fld=3  Min=-10.6659, Max=9.94639, RMS=0.103372 : air_temperature
Fld=4  Min=-31.0984, Max=25.927, RMS=0.319417 : northward_wind
Fld=5  Min=-33.4178, Max=30.1349, RMS=0.376877 : eastward_wind
Fld=6  Min=-0.00262503, Max=0.0064726, RMS=1.83875e-05 : cloud_liquid_water
Fld=7  Min=-0.00124139, Max=0.0027334, RMS=5.66899e-06 : cloud_liquid_ice
Fld=8  Min=-0.005138, Max=0.0107978, RMS=2.66887e-05 : rain_water
Fld=9  Min=-0.00401599, Max=0.00674786, RMS=5.13361e-05 : snow_water
Fld=10  Min=-0.00738788, Max=0.0123187, RMS=3.09205e-05 : graupel
Fld=11  Min=-65.4129, Max=91.6929, RMS=2.00093 : equivalent_reflectivity_factor
Fld=12  Min=0, Max=0, RMS=0 : upward_air_velocity
CostFunction: Nonlinear J = 264377
OOPS_STATS Variational end                          - Runtime:   430.39 sec,  Local Memory:     7.26 GB
==> destruct MPAS corelist and domain:  0
Tried to erase key "mesh[address=0x353e840],halo[size=0]" from cache "NodeColumnsHaloExchangeCache" but it was not found.
Erased key "mesh[address=0x353e840],halo[size=1]" from cache "NodeColumnsHaloExchangeCache".
==> destruct MPAS corelist and domain:  1
refl10cm: save database to jdiag_mrms_refl.nc (io pool size: 4)
QC refl10cm equivalentReflectivityFactor: 132731 H(x) failed.
QC refl10cm equivalentReflectivityFactor: 6 rejected by first-guess check.
QC refl10cm equivalentReflectivityFactor: 3766182 passed out of 3898919 observations.
Erased key "mesh[address=0x67a0a50]" from cache "NodeColumnsGatherScatterCache".
Tried to erase key "mesh[address=0x67a0a50],halo[size=0]" from cache "NodeColumnsHaloExchangeCache" but it was not found.
Erased key "mesh[address=0x67a0a50],halo[size=1]" from cache "NodeColumnsHaloExchangeCache".

Run: Finishing oops::Variational<MPAS, UFO and IODA observations>
OOPS_STATS  
OOPS_STATS ----------------------------------------------------------------------------------
OOPS_STATS --------------------------- Object counts ----------------------------------------
OOPS_STATS ----------------------------------------------------------------------------------
OOPS_STATS                                      Total  Simult. Remain    Avg (Mb)    HWM (Mb)
OOPS_STATS ioda::ObsDataVector             :        8       5        
OOPS_STATS ioda::ObsVector                 :      108       8        
OOPS_STATS mpas::Geometry                  :        2       2        
OOPS_STATS mpas::Increment                 :     3194     135        
OOPS_STATS mpas::LinVarChaModel2GeoVars    :        1       1        
OOPS_STATS mpas::ModelBias                 :        4       3        
OOPS_STATS mpas::ModelBiasCovariance       :        1       1        
OOPS_STATS mpas::State                     :       75      34        
OOPS_STATS mpas::VarChaModel2GeoVars       :        3       1        
OOPS_STATS oops::ControlIncrement          :      194     102               15.22     1552.48
OOPS_STATS oops::ControlVariable           :        4       3        
OOPS_STATS oops::Diffusion                 :        1       1        
OOPS_STATS oops::EnsembleCovariance        :        1       1             3550.21     3550.21
OOPS_STATS oops::GeoVaLs                   :       92       1        
OOPS_STATS oops::Geometry                  :        2       2        
OOPS_STATS oops::GetValues                 :        3       2        
OOPS_STATS oops::Increment                 :     3104     135               15.02     2054.76
OOPS_STATS oops::LinearObsOperator         :        1       1        
OOPS_STATS oops::LocalInterpolator         :     2400    1600        
OOPS_STATS oops::Localization              :        1       1        
OOPS_STATS oops::ModelAuxControl           :        4       3        
OOPS_STATS oops::ModelAuxCovariance        :        1       1        
OOPS_STATS oops::ModelAuxIncrement         :      194     102        
OOPS_STATS oops::ObsAuxControl             :        4       3        
OOPS_STATS oops::ObsAuxCovariance          :        1       1        
OOPS_STATS oops::ObsAuxIncrement           :      194     102        
OOPS_STATS oops::ObsAuxIncrements          :      194     102        
OOPS_STATS oops::ObsAuxPreconditioner      :        2       2        
OOPS_STATS oops::ObsDataVector             :        4       4        
OOPS_STATS oops::ObsDiagnostics            :        2       1        
OOPS_STATS oops::ObsError                  :        1       1        
OOPS_STATS oops::ObsOperator               :        2       2        
OOPS_STATS oops::ObsSpace                  :        1       1        
OOPS_STATS oops::ObsSpaces                 :        1       1        
OOPS_STATS oops::ObsVector                 :      108       7                0.04        0.23
OOPS_STATS oops::SampledLocations          :        8       4        
OOPS_STATS oops::State                     :       72      34               21.39      702.08
OOPS_STATS oops::UnstructuredInterpolator  :     2400    1600        
OOPS_STATS oops::VariableChange            :        3       1        
OOPS_STATS ufo::BackgroundCheck            :        1       1        
OOPS_STATS ufo::FinalCheck                 :        2       2        
OOPS_STATS ufo::GeoVaLs                    :       95       2        
OOPS_STATS ufo::ObsBias                    :        4       3        
OOPS_STATS ufo::ObsBiasCovariance          :        1       1        
OOPS_STATS ufo::ObsBiasPreconditioner      :        1       1        
OOPS_STATS ufo::ObsFilter                  :        9       6        
OOPS_STATS ufo::ObsFilterData              :        3       3        
OOPS_STATS ufo::ObsVertInterp              :        2       2        
OOPS_STATS ufo::ObsVertInterpTLAD          :        1       1        
OOPS_STATS ufo::SampledLocations           :        4       3        
OOPS_STATS ----------------------------- Object counts --------------------------------------
OOPS_STATS  
OOPS_STATS --------------------------------------------------------------------------------------------
OOPS_STATS ------------------------------------ Timing Statistics -------------------------------------
OOPS_STATS --------------------------------------------------------------------------------------------
OOPS_STATS Name                                                :   total (ms)   count    time/call (ms)
OOPS_STATS ObsFilter::Background Check::ObsFilter              :         0.09       1            0.0914
OOPS_STATS ObsFilter::Background Check::postFilter             :        23.25       1           23.2524
OOPS_STATS ObsFilter::Background Check::preProcess             :         0.00       1            0.0027
OOPS_STATS ObsFilter::Background Check::priorFilter            :         0.01       1            0.0102
OOPS_STATS ObsFilter::Final Check::ObsFilter                   :         3.28       2            1.6403
OOPS_STATS ObsFilter::Final Check::postFilter                  :         0.05       2            0.0234
OOPS_STATS ObsFilter::Final Check::preProcess                  :         0.39       2            0.1940
OOPS_STATS ObsFilter::Final Check::priorFilter                 :         0.00       2            0.0021
OOPS_STATS ObsFilter::QCmanager::ObsFilter                     :         1.29       2            0.6454
OOPS_STATS ObsFilter::QCmanager::postFilter                    :         0.22       2            0.1116
OOPS_STATS ObsFilter::QCmanager::preProcess                    :         0.00       2            0.0001
OOPS_STATS ObsFilter::QCmanager::priorFilter                   :         0.00       2            0.0001
OOPS_STATS ioda::ObsSpace::get_db(DateTime)                    :         1.23       4            0.3078
OOPS_STATS ioda::ObsSpace::get_db(double)                      :         2.45       5            0.4902
OOPS_STATS ioda::ObsSpace::get_db(float)                       :         1.97      12            0.1639
OOPS_STATS ioda::ObsSpace::load                                :       629.57       1          629.5732
OOPS_STATS ioda::ObsSpace::put_db(double)                      :         0.42       6            0.0701
OOPS_STATS ioda::ObsSpace::put_db(float)                       :         0.09       2            0.0430
OOPS_STATS ioda::ObsSpace::put_db(int)                         :         1.00       2            0.4981
OOPS_STATS mpas::LinVarChaModel2GeoVars::LinVarChaModel2GeoVar :         2.99       1            2.9858
OOPS_STATS mpas::LinVarChaModel2GeoVars::changeVarAD           :      1013.04      45           22.5121
OOPS_STATS mpas::LinVarChaModel2GeoVars::changeVarTL           :       158.32      44            3.5982
OOPS_STATS mpas::LinVarChaModel2GeoVars::~LinVarChaModel2GeoVa :         0.03       1            0.0345
OOPS_STATS mpas::VarChaModel2GeoVars::VarChaModel2GeoVars      :         0.05       3            0.0183
OOPS_STATS mpas::VarChaModel2GeoVars::changeVar                :        12.46       3            4.1528
OOPS_STATS mpas::VarChaModel2GeoVars::~VarChaModel2GeoVars     :         0.01       3            0.0019
OOPS_STATS oops::Covariance::EnsembleCovariance                :     68679.04       1        68679.0420
OOPS_STATS oops::Covariance::ensemble::Constructor             :         0.01       1            0.0058
OOPS_STATS oops::Covariance::ensemble::multiply                :    253450.71      45         5632.2381
OOPS_STATS oops::Diffusion::Diffusion                          :         0.00       1            0.0001
OOPS_STATS oops::Diffusion::calculateDerivedGeom               :         1.85       1            1.8484
OOPS_STATS oops::Diffusion::multiplySqrtAD                     :     62064.39    1350           45.9736
OOPS_STATS oops::Diffusion::multiplySqrtTL                     :     52409.40    1350           38.8218
OOPS_STATS oops::Diffusion::setParameters                      :         6.51       1            6.5130
OOPS_STATS oops::GeoVaLs::GeoVaLs                              :        24.39      92            0.2651
OOPS_STATS oops::GeoVaLs::fill                                 :        34.87   31100            0.0011
OOPS_STATS oops::GeoVaLs::fillAD                               :        24.20   27990            0.0009
OOPS_STATS oops::GeoVaLs::~GeoVaLs                             :         0.51      92            0.0055
OOPS_STATS oops::Geometry::Geometry                            :     52837.97       2        26418.9834
OOPS_STATS oops::Geometry::variableSizes                       :         3.91      11            0.3555
OOPS_STATS oops::Geometry::~Geometry                           :       578.20       2          289.0987
OOPS_STATS oops::GeometryData::containingTriangleAndBarycentri :        40.74   18888            0.0022
OOPS_STATS oops::GeometryData::setGlobalTree                   :      1805.49       2          902.7467
OOPS_STATS oops::GeometryData::setLocalTree                    :         3.17       2            1.5828
OOPS_STATS oops::GeometryData::setMeshAndTriangulation         :         0.28       2            0.1403
OOPS_STATS oops::GetValues::GetValues                          :       408.24       3          136.0802
OOPS_STATS oops::GetValues::fillGeoVaLs                        :        50.44       3           16.8135
OOPS_STATS oops::GetValues::fillGeoVaLsAD                      :       126.48      45            2.8107
OOPS_STATS oops::GetValues::fillGeoVaLsTL                      :       833.60      44           18.9454
OOPS_STATS oops::GetValues::finalize                           :        16.37       3            5.4558
OOPS_STATS oops::GetValues::finalizeAD                         :       663.72      45           14.7493
OOPS_STATS oops::GetValues::finalizeTL                         :       104.36      44            2.3719
OOPS_STATS oops::GetValues::initialize                         :         2.18       3            0.7260
OOPS_STATS oops::GetValues::initializeAD                       :         5.39      45            0.1197
OOPS_STATS oops::GetValues::initializeTL                       :        21.32      44            0.4845
OOPS_STATS oops::GetValues::process                            :        16.16       3            5.3862
OOPS_STATS oops::GetValues::processAD                          :       129.49      45            2.8775
OOPS_STATS oops::GetValues::processTL                          :       140.28      44            3.1881
OOPS_STATS oops::Increment::Increment                          :     32554.09    3104           10.4878
OOPS_STATS oops::Increment::axpy                               :      6569.24    1078            6.0939
OOPS_STATS oops::Increment::diff                               :       361.62      33           10.9582
OOPS_STATS oops::Increment::dot_product_with                   :     10005.21    1170            8.5515
OOPS_STATS oops::Increment::fromFieldSet                       :     11747.73    1395            8.4213
OOPS_STATS oops::Increment::operator*=                         :       266.90     133            2.0068
OOPS_STATS oops::Increment::operator+=                         :     12706.64    1557            8.1610
OOPS_STATS oops::Increment::operator+=(State, Increment)       :        96.43       1           96.4315
OOPS_STATS oops::Increment::operator-=                         :       118.68      30            3.9559
OOPS_STATS oops::Increment::operator=                          :      7430.74    1720            4.3202
OOPS_STATS oops::Increment::print                              :     29612.61    1357           21.8221
OOPS_STATS oops::Increment::schur_product_with                 :     14072.24    2700            5.2119
OOPS_STATS oops::Increment::serialSize                         :         5.84     194            0.0301
OOPS_STATS oops::Increment::toFieldSet                         :     12041.05    1439            8.3676
OOPS_STATS oops::Increment::zero                               :       148.35     136            1.0908
OOPS_STATS oops::Increment::~Increment                         :       171.97    3104            0.0554
OOPS_STATS oops::LinearObsOper::refl10cm::LinearObsOperator    :         0.59       1            0.5899
OOPS_STATS oops::LinearObsOper::refl10cm::requiredVars         :         0.10      91            0.0011
OOPS_STATS oops::LinearObsOper::refl10cm::setTrajectory        :        16.01       1           16.0123
OOPS_STATS oops::LinearObsOper::refl10cm::simulateObsAD        :         3.65      45            0.0812
OOPS_STATS oops::LinearObsOper::refl10cm::simulateObsTL        :         7.85      44            0.1784
OOPS_STATS oops::LinearObsOper::refl10cm::~LinearObsOperator   :        13.60       1           13.6024
OOPS_STATS oops::LinearVariableChange::LinearVariableChange    :         0.10       1            0.0955
OOPS_STATS oops::LinearVariableChange::changeVarAD             :      1788.69      45           39.7486
OOPS_STATS oops::LinearVariableChange::changeVarTL             :       781.56      44           17.7627
OOPS_STATS oops::LinearVariableChange::changeVarTraj           :         3.00       1            2.9984
OOPS_STATS oops::LinearVariableChange::~LinearVariableChange   :         0.05       1            0.0482
OOPS_STATS oops::LocalInterpolator::LocalInterpolator          :        47.30    2400            0.0197
OOPS_STATS oops::LocalInterpolator::apply                      :        14.90    2400            0.0062
OOPS_STATS oops::LocalInterpolator::applyAD                    :       111.70   36000            0.0031
OOPS_STATS oops::LocalInterpolator::applyTL                    :       123.00   35200            0.0035
OOPS_STATS oops::LocalInterpolator::preprocess                 :      1310.19      47           27.8764
OOPS_STATS oops::LocalInterpolator::preprocessAD               :        90.34      45            2.0076
OOPS_STATS oops::LocalInterpolator::~LocalInterpolator         :         1.26    2400            0.0005
OOPS_STATS oops::Localization::Localization                    :      7753.11       1         7753.1121
OOPS_STATS oops::Localization::multiply                        :    204901.33    1350          151.7788
OOPS_STATS oops::Localization::~Localization                   :         0.34       1            0.3367
OOPS_STATS oops::ModelAuxControl::ModelAuxControl              :         0.01       4            0.0013
OOPS_STATS oops::ModelAuxControl::print                        :         0.00       3            0.0009
OOPS_STATS oops::ModelAuxControl::~ModelAuxControl             :         0.00       4            0.0011
OOPS_STATS oops::ModelAuxCovariance::ModelAuxCovariance        :         0.00       1            0.0028
OOPS_STATS oops::ModelAuxCovariance::linearize                 :         0.00       1            0.0001
OOPS_STATS oops::ModelAuxCovariance::multiply                  :         0.01      45            0.0002
OOPS_STATS oops::ModelAuxCovariance::~ModelAuxCovariance       :         0.00       1            0.0005
OOPS_STATS oops::ModelAuxIncrement::ModelAuxIncrement          :         0.16     194            0.0008
OOPS_STATS oops::ModelAuxIncrement::axpy                       :         0.39    1078            0.0004
OOPS_STATS oops::ModelAuxIncrement::diff                       :         0.00       3            0.0003
OOPS_STATS oops::ModelAuxIncrement::dot_product_with           :         0.36    1170            0.0003
OOPS_STATS oops::ModelAuxIncrement::operator*=                 :         0.04      87            0.0005
OOPS_STATS oops::ModelAuxIncrement::operator+=                 :         0.06     132            0.0005
OOPS_STATS oops::ModelAuxIncrement::operator+=ModelAuxControl  :         0.00       1            0.0006
OOPS_STATS oops::ModelAuxIncrement::operator=                  :         0.02      48            0.0003
OOPS_STATS oops::ModelAuxIncrement::print                      :         0.01       7            0.0007
OOPS_STATS oops::ModelAuxIncrement::serialSize                 :         0.01     194            0.0001
OOPS_STATS oops::ModelAuxIncrement::zero                       :         0.01      45            0.0002
OOPS_STATS oops::ModelAuxIncrement::~ModelAuxIncrement         :         0.04     194            0.0002
OOPS_STATS oops::ObsAuxControl::ObsAuxControl                  :         0.14       4            0.0345
OOPS_STATS oops::ObsAuxControl::print                          :         0.01       3            0.0023
OOPS_STATS oops::ObsAuxControl::requiredHdiagnostics           :         0.00       2            0.0002
OOPS_STATS oops::ObsAuxControl::requiredVars                   :         0.00       6            0.0001
OOPS_STATS oops::ObsAuxControl::write                          :         0.04       1            0.0391
OOPS_STATS oops::ObsAuxControl::~ObsAuxControl                 :         2.74       4            0.6849
OOPS_STATS oops::ObsAuxCovariance::ObsAuxCovariance            :         0.07       1            0.0727
OOPS_STATS oops::ObsAuxCovariance::inverseMultiply             :         0.05      45            0.0012
OOPS_STATS oops::ObsAuxCovariance::linearize                   :         3.60       1            3.6011
OOPS_STATS oops::ObsAuxCovariance::multiply                    :         0.25      45            0.0055
OOPS_STATS oops::ObsAuxCovariance::preconditioner              :         0.03       1            0.0264
OOPS_STATS oops::ObsAuxCovariance::write                       :         0.02       1            0.0245
OOPS_STATS oops::ObsAuxCovariance::~ObsAuxCovariance           :         0.00       1            0.0037
OOPS_STATS oops::ObsAuxIncrement::ObsAuxIncrement              :         2.24     194            0.0116
OOPS_STATS oops::ObsAuxIncrement::axpy                         :         1.13    1078            0.0010
OOPS_STATS oops::ObsAuxIncrement::diff                         :         0.02       3            0.0069
OOPS_STATS oops::ObsAuxIncrement::dot_product_with             :         0.89    1170            0.0008
OOPS_STATS oops::ObsAuxIncrement::operator*=                   :         0.12      87            0.0014
OOPS_STATS oops::ObsAuxIncrement::operator+=                   :         0.30     132            0.0023
OOPS_STATS oops::ObsAuxIncrement::operator=                    :         0.04      48            0.0008
OOPS_STATS oops::ObsAuxIncrement::print                        :         0.01       7            0.0009
OOPS_STATS oops::ObsAuxIncrement::serialSize                   :         0.01     388            0.0000
OOPS_STATS oops::ObsAuxIncrement::zero                         :         0.06      45            0.0013
OOPS_STATS oops::ObsAuxIncrement::~ObsAuxIncrement             :         1.14     194            0.0059
OOPS_STATS oops::ObsAuxPreconditioner::multiply                :         0.06      45            0.0013
OOPS_STATS oops::ObsAuxPreconditioner::~ObsAuxPreconditioner   :         0.01       2            0.0041
OOPS_STATS oops::ObsDataVector::ObsDataVector                  :         0.13       4            0.0335
OOPS_STATS oops::ObsDataVector::mask                           :         0.01       2            0.0039
OOPS_STATS oops::ObsDataVector::operator=                      :         0.22       2            0.1118
OOPS_STATS oops::ObsDataVector::print                          :        13.25       2            6.6256
OOPS_STATS oops::ObsDataVector::save                           :         1.11       4            0.2776
OOPS_STATS oops::ObsDataVector::~ObsDataVector                 :         0.01       4            0.0018
OOPS_STATS oops::ObsDiagnostics::ObsDiagnostics                :         0.06       2            0.0291
OOPS_STATS oops::ObsDiagnostics::~ObsDiagnostics               :         0.02       2            0.0080
OOPS_STATS oops::ObsError::getRMSE                             :         1.02       4            0.2552
OOPS_STATS oops::ObsError::inverseMultiply                     :         0.43      46            0.0093
OOPS_STATS oops::ObsError::obserrors                           :         0.04       6            0.0074
OOPS_STATS oops::ObsError::update                              :        12.05       2            6.0265
OOPS_STATS oops::ObsError::~ObsError                           :         0.09       1            0.0873
OOPS_STATS oops::ObsOperator::refl10cm::ObsOperator            :        21.86       2           10.9289
OOPS_STATS oops::ObsOperator::refl10cm::computeReducedVars     :         1.29       3            0.4292
OOPS_STATS oops::ObsOperator::refl10cm::locations              :         1.44       3            0.4798
OOPS_STATS oops::ObsOperator::refl10cm::requiredVars           :         0.00       3            0.0013
OOPS_STATS oops::ObsOperator::refl10cm::simulateObs            :         6.11       2            3.0552
OOPS_STATS oops::ObsOperator::refl10cm::~ObsOperator           :         1.98       2            0.9914
OOPS_STATS oops::ObsSpace::ObsSpace                            :       631.76       1          631.7641
OOPS_STATS oops::ObsSpace::obsvariables                        :         0.00       3            0.0001
OOPS_STATS oops::ObsSpace::save                                :      2689.93       1         2689.9311
OOPS_STATS oops::ObsSpace::~ObsSpace                           :         0.85       1            0.8495
OOPS_STATS oops::ObsVector::ObsVector                          :         1.30     106            0.0122
OOPS_STATS oops::ObsVector::dot_product                        :         0.33       4            0.0835
OOPS_STATS oops::ObsVector::info                               :         2.11       6            0.3517
OOPS_STATS oops::ObsVector::operator*=                         :         0.01       2            0.0048
OOPS_STATS oops::ObsVector::operator-=                         :         0.02       2            0.0104
OOPS_STATS oops::ObsVector::operator=                          :         0.41       4            0.1032
OOPS_STATS oops::ObsVector::rms                                :         0.55       4            0.1370
OOPS_STATS oops::ObsVector::save                               :         0.45       6            0.0746
OOPS_STATS oops::ObsVector::zero                               :         0.05      46            0.0010
OOPS_STATS oops::ObsVector::~ObsVector                         :         0.79     106            0.0075
OOPS_STATS oops::Parameters::deserialize                       :         9.90      97            0.1021
OOPS_STATS oops::Parameters::serialize                         :         2.10      80            0.0262
OOPS_STATS oops::Run::execute                                  :    432830.37       1       432830.3742
OOPS_STATS oops::SampledLocations::SampledLocations            :         0.00       4            0.0002
OOPS_STATS oops::SampledLocations::latitudes                   :         0.00       3            0.0000
OOPS_STATS oops::SampledLocations::longitudes                  :         0.00       3            0.0000
OOPS_STATS oops::SampledLocations::times                       :         0.00       3            0.0000
OOPS_STATS oops::SampledLocations::~SampledLocations           :         2.07       8            0.2593
OOPS_STATS oops::State::State                                  :     62645.16      72          870.0717
OOPS_STATS oops::State::print                                  :        63.84       3           21.2794
OOPS_STATS oops::State::toFieldSet                             :        20.53       5            4.1069
OOPS_STATS oops::State::variables                              :         0.00      58            0.0000
OOPS_STATS oops::State::write                                  :     19523.12       1        19523.1164
OOPS_STATS oops::State::zero                                   :        58.90      30            1.9634
OOPS_STATS oops::State::~State                                 :         8.25      72            0.1146
OOPS_STATS oops::UnstructuredInterpolator::UnstructuredInterpo :        46.43    2400            0.0193
OOPS_STATS oops::UnstructuredInterpolator::apply               :       128.16   37600            0.0034
OOPS_STATS oops::UnstructuredInterpolator::applyAD             :        78.02   36000            0.0022
OOPS_STATS oops::VariableChange::VariableChange                :         0.34       3            0.1131
OOPS_STATS oops::VariableChange::changeVar                     :        19.99       3            6.6631
OOPS_STATS oops::VariableChange::~VariableChange               :         0.02       3            0.0066
OOPS_STATS oops::util::FieldSetHelpers::readFieldSet           :      7690.10       2         3845.0521
OOPS_STATS saber::Localization::Localization                   :      7753.09       1         7753.0933
OOPS_STATS saber::Localization::multiply                       :    191890.25    1350          142.1409
OOPS_STATS saber::Localization::~Localization                  :         0.00       1            0.0001
OOPS_STATS ufo::ObsFilter::ObsFilter                           :         4.67       5            0.9334
OOPS_STATS ufo::ObsFilter::checkFilterData                     :         0.01      15            0.0004
OOPS_STATS ufo::ObsFilter::postFilter                          :        23.53       5            4.7056
OOPS_STATS ufo::ObsFilter::preProcess                          :         0.40       5            0.0792
OOPS_STATS ufo::ObsFilter::priorFilter                         :         0.02       5            0.0041
OOPS_STATS ufo::ObsFilter::~ObsFilter                          :       330.06       9           36.6729
OOPS_STATS util::Timers::measured                              :    432409.18       1       432409.1810
OOPS_STATS ------------------------------------ Timing Statistics -------------------------------------

OOPS_STATS ------------------------------------------------------------------------------------------------------------------
OOPS_STATS ---------------------------------- Parallel Timing Statistics ( 800 MPI tasks) -----------------------------------
OOPS_STATS ------------------------------------------------------------------------------------------------------------------
OOPS_STATS Name                                                :     min (ms)    max (ms)    avg (ms)     % total   imbal (%)
OOPS_STATS oops::Covariance::EnsembleCovariance                :     68678.97    68680.28    68679.67       15.87        0.00
OOPS_STATS oops::Covariance::ensemble::multiply                :    253022.53   253643.59   253401.50       58.54        0.25
OOPS_STATS oops::Diffusion::multiplySqrtAD                     :     60756.93    63329.91    61926.21       14.31        4.15
OOPS_STATS oops::Diffusion::multiplySqrtTL                     :     48847.12    55832.85    51934.06       12.00       13.45
OOPS_STATS oops::Geometry::Geometry                            :     51749.69    53028.66    52947.40       12.23        2.42
OOPS_STATS oops::Geometry::~Geometry                           :       549.59      816.78      650.04        0.15       41.10
OOPS_STATS oops::GeometryData::setGlobalTree                   :      1805.49     1970.29     1890.06        0.44        8.72
OOPS_STATS oops::GetValues::fillGeoVaLsTL                      :       315.96      988.73      696.27        0.16       96.62
OOPS_STATS oops::GetValues::finalizeAD                         :       594.76     1166.16      686.68        0.16       83.21
OOPS_STATS oops::Increment::Increment                          :     24671.26    37327.40    27502.32        6.35       46.02
OOPS_STATS oops::Increment::axpy                               :      5620.71     7157.87     6486.95        1.50       23.70
OOPS_STATS oops::Increment::dot_product_with                   :      9427.25    11521.97    10326.39        2.39       20.29
OOPS_STATS oops::Increment::fromFieldSet                       :     10102.87    14979.99    11368.82        2.63       42.90
OOPS_STATS oops::Increment::operator+=                         :      9440.89    13197.95    11030.50        2.55       34.06
OOPS_STATS oops::Increment::operator=                          :      4420.53     9001.59     6107.91        1.41       75.00
OOPS_STATS oops::Increment::print                              :     19662.30    46048.29    38847.24        8.97       67.92
OOPS_STATS oops::Increment::schur_product_with                 :      9052.48    16809.38    12724.40        2.94       60.96
OOPS_STATS oops::Increment::toFieldSet                         :      9676.95    16960.74    11758.06        2.72       61.95
OOPS_STATS oops::LinearVariableChange::changeVarAD             :      1310.53     2547.37     1856.63        0.43       66.62
OOPS_STATS oops::LinearVariableChange::changeVarTL             :       399.37     1428.59     1130.75        0.26       91.02
OOPS_STATS oops::LocalInterpolator::preprocess                 :        94.58     1356.40     1297.05        0.30       97.28
OOPS_STATS oops::Localization::Localization                    :      7749.41     7943.52     7798.44        1.80        2.49
OOPS_STATS oops::Localization::multiply                        :    198977.40   221640.91   212193.42       49.02       10.68
OOPS_STATS oops::ObsSpace::ObsSpace                            :       567.19      635.72      603.05        0.14       11.36
OOPS_STATS oops::ObsSpace::save                                :      2429.92     2702.26     2609.37        0.60       10.44
OOPS_STATS oops::State::State                                  :     62489.42    62795.68    62595.02       14.46        0.49
OOPS_STATS oops::State::write                                  :     18314.77    19547.82    19516.87        4.51        6.32
OOPS_STATS oops::util::FieldSetHelpers::readFieldSet           :      7518.15     7690.10     7564.42        1.75        2.27
OOPS_STATS saber::Localization::Localization                   :      7749.39     7943.48     7798.42        1.80        2.49
OOPS_STATS saber::Localization::multiply                       :    184493.11   207445.80   200760.47       46.38       11.43
OOPS_STATS util::Timers::measured                              :    432401.46   432651.00   432555.42       99.93        0.06
OOPS_STATS oops::Run::execute                                  :    432755.78   432950.13   432876.12      100.00        0.04
OOPS_STATS ---------------------------------- Parallel Timing Statistics ( 800 MPI tasks) -----------------------------------

OOPS_STATS Run end                                  - Runtime:    433.94 sec,  Memory: total:  4230.55 GB, per task: min =     4.96 GB, max =     7.26 GB
Run: Finishing oops::Variational<MPAS, UFO and IODA observations> with status = 0
OOPS Ending   2026-06-01 23:40:05 (UTC+0000)
