Configuration input file is: jedivar.pass2.yaml
Full configuration is:YAMLConfiguration[path=jedivar.pass2.yaml, root={_member => {date => 2026-05-30T06:00:00Z , state variables => (water_vapor_mixing_ratio_wrt_moist_air,air_pressure_at_surface,air_temperature,northward_wind,eastward_wind,cloud_liquid_water,cloud_liquid_ice,rain_water,snow_water,graupel,equivalent_reflectivity_factor,upward_air_velocity) , stream name => ensemble} , output => {filename => mpasout.nc , stream name => analysis} , variational => {minimizer => {algorithm => DRPCG} , iterations => ({geometry => {nml_file => ./namelist.atmosphere , streams_file => ./streams.atmosphere , deallocate non-da fields => true , interpolation type => unstructured} , gradient norm reduction => 0.001 , ninner => 75})} , cost function => {cost type => 3D-Var , time window => {begin => 2026-05-30T04:00:00Z , length => PT4H} , jb evaluation => false , geometry => {nml_file => ./namelist.atmosphere , streams_file => ./streams.atmosphere , deallocate non-da fields => true , interpolation type => unstructured} , analysis variables => (water_vapor_mixing_ratio_wrt_moist_air,air_pressure_at_surface,air_temperature,northward_wind,eastward_wind,cloud_liquid_water,cloud_liquid_ice,rain_water,snow_water,graupel,equivalent_reflectivity_factor,upward_air_velocity) , background => {state variables => (water_vapor_mixing_ratio_wrt_moist_air,air_pressure_at_surface,air_temperature,northward_wind,eastward_wind,air_potential_temperature,dry_air_density,u,water_vapor_mixing_ratio_wrt_dry_air,air_pressure,landmask,seaice_fraction,snowc,skin_temperature_at_surface,ivgtyp,isltyp,snowh,vegetation_area_fraction,air_temperature_at_2m,water_vapor_mixing_ratio_wrt_moist_air_at_2m,eastward_wind_at_10m,northward_wind_at_10m,lai,smois,tslb,pressure_p,cloud_liquid_water,cloud_liquid_ice,graupel,rain_water,snow_water,cldfrac,equivalent_reflectivity_factor,w,upward_air_velocity) , filename => mpasout.nc , date => 2026-05-30T06:00:00Z} , background error => {covariance model => ensemble , localization => {localization method => SABER , saber central block => {saber block name => diffusion , active variables => (water_vapor_mixing_ratio_wrt_moist_air,air_pressure_at_surface,air_temperature,northward_wind,eastward_wind,cloud_liquid_water,cloud_liquid_ice,rain_water,snow_water,graupel,equivalent_reflectivity_factor,upward_air_velocity) , read => {groups => ({variables => (water_vapor_mixing_ratio_wrt_moist_air,air_pressure_at_surface,air_temperature,northward_wind,eastward_wind,cloud_liquid_water,cloud_liquid_ice,rain_water,snow_water,graupel,equivalent_reflectivity_factor,upward_air_velocity) , multivariate strategy => duplicated , horizontal => {filepath => data/diffusionloc/mpas_conus3km.diffusion_hz} , vertical => {levels => 59 , filepath => data/diffusionloc/mpas_conus3km.diffusion_vt}})}}} , members from template => {template => {date => 2026-05-30T06:00:00Z , state variables => (water_vapor_mixing_ratio_wrt_moist_air,air_pressure_at_surface,air_temperature,northward_wind,eastward_wind,cloud_liquid_water,cloud_liquid_ice,rain_water,snow_water,graupel,equivalent_reflectivity_factor,upward_air_velocity) , stream name => ensemble , filename => ./data/ens/mem%iMember%.nc} , pattern => %iMember% , start => 1 , zero padding => 3 , nmembers => 30}} , observations => {observers => ({obs space => {name => refl10cm , distribution => {name => RoundRobin , halo size => 500000} , obsdatain => {engine => {type => H5File , obsfile => data/obs/ioda_mrms_refl.nc , missing file action => warn}} , obsdataout => {engine => {type => H5File , allow overwrite => true , obsfile => jdiag_mrms_refl.nc}} , io pool => {write multiple files => false} , _source => mrms , simulated variables => (equivalentReflectivityFactor)} , obs operator => {name => VertInterp , vertical coordinate => height_above_mean_sea_level , observation vertical coordinate => height , interpolation method => linear , observation alias file => obsop_name_map.yaml} , obs localizations => ({localization method => Horizontal Gaspari-Cohn , lengthscale => 200000}) , _obsname => refl10cm , obs filters => ({filter => Background Check , filter variables => ({name => equivalentReflectivityFactor}) , threshold => 12 , action => {name => reject}})})}}}]
OOPS_STATS ObjectCountHelper started.
OOPS_STATS Run start                                - Runtime:      1.81 sec,  Memory: total:   104.07 GB, per task: min =   128.97 MB, max =   130.55 MB
Run: Starting oops::Variational<MPAS, UFO and IODA observations>
OOPS_STATS Variational start                        - Runtime:     1.81 sec,  Local Memory:   130.55 MB
==> create geom
atlas::mpi::push(world)
Increase halo 1
atlas::mpi::pop(world)
atlas::mpi::push(world)
atlas::mpi::pop(world)
atlas::mpi::push(world)
atlas::mpi::pop(world)
atlas::mpi::push(world)
atlas::mpi::pop(world)
refl10cm: read database from data/obs/ioda_mrms_refl.nc (io pool size: 800)
refl10cm processed vars: 1 Variables: equivalentReflectivityFactor
refl10cm assimilated vars: 1 Variables: equivalentReflectivityFactor
refl10cm: 0 observations are outside of time window out of 3895642
refl10cm: 0 observations were rejected by QC checks out of 3895642
No bias-correction is performed for this ObsSpace.
3DVar window: TimeWindow: start = 2026-05-30T04:00:00Z, end = 2026-05-30T08:00:00Z, inclusive upper bound.

OOPS_STATS IncrementalAssimilation start            - Runtime:    42.82 sec,  Local Memory:     2.50 GB
Running incremental assimilation with 1 outer iterations.
Minimizer algorithm=DRPCG
QNewtonLMP: maxouter : 1
IncrementalAssimilation: Configuration for outer iteration 0:
LocalConfiguration[root={geometry => {nml_file => ./namelist.atmosphere , streams_file => ./streams.atmosphere , deallocate non-da fields => true , interpolation type => unstructured} , gradient norm reduction => 0.001 , ninner => 75 , iteration => 0 , total iterations => 1}]
OOPS_STATS IncrementalAssimilation iteration 0      - Runtime:    42.82 sec,  Local Memory:     2.50 GB
==> create geom
atlas::mpi::push(world)
Increase halo 1
atlas::mpi::pop(world)
atlas::mpi::push(world)
atlas::mpi::pop(world)
atlas::mpi::push(world)
atlas::mpi::pop(world)
atlas::mpi::push(world)
atlas::mpi::pop(world)
Key "mesh[address=0x3aba950],halo[size=1]" not found in cache "NodeColumnsHaloExchangeCache" , creating new, removable with key "mesh[address=0x3aba950],halo[size=1]"
Key "mesh[address=0x70458e0],halo[size=1]" not found in cache "NodeColumnsHaloExchangeCache" , creating new, removable with key "mesh[address=0x70458e0],halo[size=1]"
processWhere: selected 0 obs.
BackgroundCheck obserr: 
refl10cm equivalentReflectivityFactor nlocs = 3895642, nobs = 3895642, min = 5, max = 5, avg = 5
processing a float: 12
ObsErrorDiagonal covariance updated 3763532
Observer::finalize QC = 
refl10cm equivalentReflectivityFactor nlocs = 3895642, nobs = 3895642, min = 0, max = 15, avg = 0
CostJo Observations: 
refl10cm nobs= 3895642 Min=0, Max=57.1492, RMS=4.27143

Jo Observations:
Jo Obs :refl10cm:equivalentReflectivityFactor   : Nobs=  3763532, Min= 0.000000e+00, Max= 5.714925e+01, RMS= 4.331661e+00
Jo Observations Equivalent:
Jo H(x):refl10cm:equivalentReflectivityFactor   : Nobs=  3763532, Min= 0.000000e+00, Max= 6.359077e+01, RMS= 4.068236e+00
Jo Bias Corrected Departures:
Jo Dep :refl10cm:equivalentReflectivityFactor   : Nobs=  3763532, Min=-5.609373e+01, Max= 5.639393e+01, RMS= 3.800330e+00
Jo Observations Errors:
UFO Diagonal observation error covariance, inverse variances: refl10cm nobs= 3763532 Min=0.04, Max=0.04, RMS=0.04



CostJo   : Nonlinear Jo(refl10cm) = 1.0871e+06, nobs = 3763532, Jo/n = 0.28885, err = 5
CostJo   : Nonlinear Jo = 1.0871e+06
Increment:diff x1 4
Increment:diff x2 35
Increment:diff x1 5
Increment:diff x2 36
Increment:diff x1 6
Increment:diff x2 37
Increment:diff x1 7
Increment:diff x2 38
Increment:diff x1 8
Increment:diff x2 39
Increment:diff x1 9
Increment:diff x2 40
Increment:diff x1 10
Increment:diff x2 41
Increment:diff x1 11
Increment:diff x2 42
Increment:diff x1 12
Increment:diff x2 43
Increment:diff x1 13
Increment:diff x2 44
Increment:diff x1 14
Increment:diff x2 45
Increment:diff x1 15
Increment:diff x2 46
Increment:diff x1 16
Increment:diff x2 47
Increment:diff x1 17
Increment:diff x2 48
Increment:diff x1 18
Increment:diff x2 49
Increment:diff x1 19
Increment:diff x2 50
Increment:diff x1 20
Increment:diff x2 51
Increment:diff x1 21
Increment:diff x2 52
Increment:diff x1 22
Increment:diff x2 53
Increment:diff x1 23
Increment:diff x2 54
Increment:diff x1 24
Increment:diff x2 55
Increment:diff x1 25
Increment:diff x2 56
Increment:diff x1 26
Increment:diff x2 57
Increment:diff x1 27
Increment:diff x2 58
Increment:diff x1 28
Increment:diff x2 59
Increment:diff x1 29
Increment:diff x2 60
Increment:diff x1 30
Increment:diff x2 61
Increment:diff x1 31
Increment:diff x2 62
Increment:diff x1 32
Increment:diff x2 63
Increment:diff x1 33
Increment:diff x2 64
Info     : Prepare ensemble configuration
Info     : Read full ensemble
Info     : Creating central block: 
Info     : SaberCentralBlock using multivariate strategy: deprecated
Info     : Creating single central block.
Info     : Read data

==================================================================================
 saber::Diffusion read
----------------------------------------------------------------------------------

group 1 of 1
atlas::mpi::push(world)
atlas::mpi::pop(world)
variables: [water_vapor_mixing_ratio_wrt_moist_air,air_pressure_at_surface,air_temperature,northward_wind,eastward_wind,cloud_liquid_water,cloud_liquid_ice,rain_water,snow_water,graupel,equivalent_reflectivity_factor,upward_air_velocity]
multivariate strategy: duplicated
Reading horizontal parameters
  levels: 1
Key "mesh[address=0x70458e0]" not found in cache "NodeColumnsGatherScatterCache" , creating new, removable with key "mesh[address=0x70458e0]"
  Info     : Reading file: data/diffusionloc/mpas_conus3km.diffusion_hz.nc
atlas::mpi::push(world)
atlas::mpi::pop(world)
  hzScales:  min: 4087.19  mean: 4087.19  max: 4087.19
  hzNorm:    min: 2.4414  mean: 3.71484  max: 4.05626
Reading vertical parameters
  levels: 59
  vertical strategy: normal
  Info     : Reading file: data/diffusionloc/mpas_conus3km.diffusion_vt.nc
atlas::mpi::push(world)
atlas::mpi::pop(world)
  vtScales:  min: 11  mean: 11  max: 11
  vtNorm:    min: 3.7178  mean: 4.83632  max: 5.25235
Diffusion: horizontal iterations: 6
Diffusion: vertical iterations: 242
Increment:diff x1 2
Increment:diff x2 1
==================================================================================

CostJb: FG-BG
  Valid time: 2026-05-30T06:00:00Z
  Resolution: nCellsGlobal = 2341818, nFields = 12
Fld=1  Min=0, Max=0, RMS=0 : water_vapor_mixing_ratio_wrt_moist_air
Fld=2  Min=0, Max=0, RMS=0 : air_pressure_at_surface
Fld=3  Min=0, Max=0, RMS=0 : air_temperature
Fld=4  Min=0, Max=0, RMS=0 : northward_wind
Fld=5  Min=0, Max=0, RMS=0 : eastward_wind
Fld=6  Min=0, Max=0, RMS=0 : cloud_liquid_water
Fld=7  Min=0, Max=0, RMS=0 : cloud_liquid_ice
Fld=8  Min=0, Max=0, RMS=0 : rain_water
Fld=9  Min=0, Max=0, RMS=0 : snow_water
Fld=10  Min=0, Max=0, RMS=0 : graupel
Fld=11  Min=0, Max=0, RMS=0 : equivalent_reflectivity_factor
Fld=12  Min=0, Max=0, RMS=0 : upward_air_velocity
Increment:diff x1 2
Increment:diff x2 1
CostJb: FG-BG
  Valid time: 2026-05-30T06:00:00Z
  Resolution: nCellsGlobal = 2341818, nFields = 12
Fld=1  Min=0, Max=0, RMS=0 : water_vapor_mixing_ratio_wrt_moist_air
Fld=2  Min=0, Max=0, RMS=0 : air_pressure_at_surface
Fld=3  Min=0, Max=0, RMS=0 : air_temperature
Fld=4  Min=0, Max=0, RMS=0 : northward_wind
Fld=5  Min=0, Max=0, RMS=0 : eastward_wind
Fld=6  Min=0, Max=0, RMS=0 : cloud_liquid_water
Fld=7  Min=0, Max=0, RMS=0 : cloud_liquid_ice
Fld=8  Min=0, Max=0, RMS=0 : rain_water
Fld=9  Min=0, Max=0, RMS=0 : snow_water
Fld=10  Min=0, Max=0, RMS=0 : graupel
Fld=11  Min=0, Max=0, RMS=0 : equivalent_reflectivity_factor
Fld=12  Min=0, Max=0, RMS=0 : upward_air_velocity
CostFunction: Nonlinear J = 1.0871e+06
OOPS_STATS IncrementalAssimilation linearize 0      - Runtime:   164.52 sec,  Local Memory:     7.26 GB

DRPCGMinimizer: max iter = 75, requested norm reduction = 0.001
CostFunction::computeGradientFG: gradient:
  Valid time: 2026-05-30T06:00:00Z
  Resolution: nCellsGlobal = 2341818, nFields = 12
Fld=1  Min=0, Max=0, RMS=0 : water_vapor_mixing_ratio_wrt_moist_air
Fld=2  Min=0, Max=0, RMS=0 : air_pressure_at_surface
Fld=3  Min=0, Max=0, RMS=0 : air_temperature
Fld=4  Min=0, Max=0, RMS=0 : northward_wind
Fld=5  Min=0, Max=0, RMS=0 : eastward_wind
Fld=6  Min=0, Max=0, RMS=0 : cloud_liquid_water
Fld=7  Min=0, Max=0, RMS=0 : cloud_liquid_ice
Fld=8  Min=0, Max=0, RMS=0 : rain_water
Fld=9  Min=0, Max=0, RMS=0 : snow_water
Fld=10  Min=0, Max=0, RMS=0 : graupel
Fld=11  Min=-1.79922, Max=1.59562, RMS=0.0145714 : equivalent_reflectivity_factor
Fld=12  Min=0, Max=0, RMS=0 : upward_air_velocity
DRPCGMinimizer rhs
  Valid time: 2026-05-30T06:00:00Z
  Resolution: nCellsGlobal = 2341818, nFields = 12
Fld=1  Min=-0, Max=-0, RMS=0 : water_vapor_mixing_ratio_wrt_moist_air
Fld=2  Min=-0, Max=-0, RMS=0 : air_pressure_at_surface
Fld=3  Min=-0, Max=-0, RMS=0 : air_temperature
Fld=4  Min=-0, Max=-0, RMS=0 : northward_wind
Fld=5  Min=-0, Max=-0, RMS=0 : eastward_wind
Fld=6  Min=-0, Max=-0, RMS=0 : cloud_liquid_water
Fld=7  Min=-0, Max=-0, RMS=0 : cloud_liquid_ice
Fld=8  Min=-0, Max=-0, RMS=0 : rain_water
Fld=9  Min=-0, Max=-0, RMS=0 : snow_water
Fld=10  Min=-0, Max=-0, RMS=0 : graupel
Fld=11  Min=-1.59562, Max=1.79922, RMS=0.0145714 : equivalent_reflectivity_factor
Fld=12  Min=-0, Max=-0, RMS=0 : upward_air_velocity
Initial RHS squared norm = 29336.3
OOPS_STATS DRPCG start                              - Runtime:   164.81 sec,  Local Memory:     7.26 GB
normr0 29336.3
  Residual norm ( 0) = 6983.091051900882
  Norm reduction ( 0) = 1

  Quadratic cost function: J   ( 0) = 1087096.724932784
  Quadratic cost function: Jb  ( 0) = 0
  Quadratic cost function: JoJc( 0) = 1087096.724932784


 DRPCG Starting Iteration 1
OOPS_STATS DRPCG iteration 1                        - Runtime:   170.10 sec,  Local Memory:     7.26 GB
rdots 1.53462e+07      iteration    0
DRPCG end of iteration 1
  Residual norm ( 1) = 3917.427473034034
  Norm reduction ( 1) = 0.5609875976008738

  Quadratic cost function: J   ( 1) = 594081.8879825742
  Quadratic cost function: Jb  ( 1) = 9969.068142983659
  Quadratic cost function: JoJc( 1) = 584112.8198395905

 DRPCG Starting Iteration 2
OOPS_STATS DRPCG iteration 2                        - Runtime:   175.60 sec,  Local Memory:     7.26 GB
rdots 7.94552e+06      iteration    1
DRPCG end of iteration 2
  Residual norm ( 2) = 2818.780384001595
  Norm reduction ( 2) = 0.403657973675467

  Quadratic cost function: J   ( 2) = 466181.7687613692
  Quadratic cost function: Jb  ( 2) = 17944.35311023389
  Quadratic cost function: JoJc( 2) = 448237.4156511353

 DRPCG Starting Iteration 3
OOPS_STATS DRPCG iteration 3                        - Runtime:   181.15 sec,  Local Memory:     7.26 GB
rdots 3.87274e+06      iteration    2
DRPCG end of iteration 3
  Residual norm ( 3) = 1967.928170143433
  Norm reduction ( 3) = 0.2818133338828138

  Quadratic cost function: J   ( 3) = 393251.7715142313
  Quadratic cost function: Jb  ( 3) = 26340.28604934455
  Quadratic cost function: JoJc( 3) = 366911.4854648868

 DRPCG Starting Iteration 4
OOPS_STATS DRPCG iteration 4                        - Runtime:   186.71 sec,  Local Memory:     7.26 GB
rdots 2.22599e+06      iteration    3
DRPCG end of iteration 4
  Residual norm ( 4) = 1491.974356320396
  Norm reduction ( 4) = 0.2136552917943497

  Quadratic cost function: J   ( 4) = 348547.8927245338
  Quadratic cost function: Jb  ( 4) = 34743.49838313543
  Quadratic cost function: JoJc( 4) = 313804.3943413984

 DRPCG Starting Iteration 5
OOPS_STATS DRPCG iteration 5                        - Runtime:   192.16 sec,  Local Memory:     7.26 GB
rdots 1.49537e+06      iteration    4
DRPCG end of iteration 5
  Residual norm ( 5) = 1222.853448541974
  Norm reduction ( 5) = 0.175116354556067

  Quadratic cost function: J   ( 5) = 322680.0661754531
  Quadratic cost function: Jb  ( 5) = 41922.2763214959
  Quadratic cost function: JoJc( 5) = 280757.7898539572

 DRPCG Starting Iteration 6
rdots 1.0138e+06      iteration    5
DRPCG end of iteration 6
  Residual norm ( 6) = 1006.876016842463
  Norm reduction ( 6) = 0.1441877256588798

  Quadratic cost function: J   ( 6) = 305862.1974228541
  Quadratic cost function: Jb  ( 6) = 48287.25984920809
  Quadratic cost function: JoJc( 6) = 257574.937573646

 DRPCG Starting Iteration 7
rdots 716391      iteration    6
DRPCG end of iteration 7
  Residual norm ( 7) = 846.3985927519129
  Norm reduction ( 7) = 0.1212068676265524

  Quadratic cost function: J   ( 7) = 294322.2673528569
  Quadratic cost function: Jb  ( 7) = 53956.58768756772
  Quadratic cost function: JoJc( 7) = 240365.6796652892

 DRPCG Starting Iteration 8
rdots 486998      iteration    7
DRPCG end of iteration 8
  Residual norm ( 8) = 697.8526799677991
  Norm reduction ( 8) = 0.09993463851195741

  Quadratic cost function: J   ( 8) = 286166.3848250539
  Quadratic cost function: Jb  ( 8) = 58976.09754940531
  Quadratic cost function: JoJc( 8) = 227190.2872756486

 DRPCG Starting Iteration 9
rdots 375764      iteration    8
DRPCG end of iteration 9
  Residual norm ( 9) = 612.9959287378891
  Norm reduction ( 9) = 0.0877828921579111

  Quadratic cost function: J   ( 9) = 280388.0618894908
  Quadratic cost function: Jb  ( 9) = 63308.76572536366
  Quadratic cost function: JoJc( 9) = 217079.2961641272

 DRPCG Starting Iteration 10
OOPS_STATS DRPCG iteration 10                       - Runtime:   222.32 sec,  Local Memory:     7.26 GB
rdots 264249      iteration    9
DRPCG end of iteration 10
  Residual norm (10) = 514.0513765625091
  Norm reduction (10) = 0.07361372961370424

  Quadratic cost function: J   (10) = 276477.661056044
  Quadratic cost function: Jb  (10) = 66778.64015600964
  Quadratic cost function: JoJc(10) = 209699.0209000344

 DRPCG Starting Iteration 11
rdots 176313      iteration    10
DRPCG end of iteration 11
  Residual norm (11) = 419.8969411537752
  Norm reduction (11) = 0.06013052644351161

  Quadratic cost function: J   (11) = 273427.0406027425
  Quadratic cost function: Jb  (11) = 69924.8721861021
  Quadratic cost function: JoJc(11) = 203502.1684166404

 DRPCG Starting Iteration 12
rdots 120818      iteration    11
DRPCG end of iteration 12
  Residual norm (12) = 347.5884885029828
  Norm reduction (12) = 0.04977573483140607

  Quadratic cost function: J   (12) = 271237.3366829022
  Quadratic cost function: Jb  (12) = 72523.75076255584
  Quadratic cost function: JoJc(12) = 198713.5859203463

 DRPCG Starting Iteration 13
rdots 91130.4      iteration    12
DRPCG end of iteration 13
  Residual norm (13) = 301.87811671915
  Norm reduction (13) = 0.04322986976332997

  Quadratic cost function: J   (13) = 269701.5735673039
  Quadratic cost function: Jb  (13) = 74593.11575260438
  Quadratic cost function: JoJc(13) = 195108.4578146996

 DRPCG Starting Iteration 14
rdots 64095.3      iteration    13
DRPCG end of iteration 14
  Residual norm (14) = 253.1704827201847
  Norm reduction (14) = 0.03625478757738217

  Quadratic cost function: J   (14) = 268628.5558894027
  Quadratic cost function: Jb  (14) = 76212.12245959439
  Quadratic cost function: JoJc(14) = 192416.4334298084

 DRPCG Starting Iteration 15
OOPS_STATS DRPCG iteration 15                       - Runtime:   252.36 sec,  Local Memory:     7.26 GB
rdots 44233.9      iteration    14
DRPCG end of iteration 15
  Residual norm (15) = 210.3184983178262
  Norm reduction (15) = 0.03011825232617795

  Quadratic cost function: J   (15) = 267833.8925020829
  Quadratic cost function: Jb  (15) = 77541.83256950199
  Quadratic cost function: JoJc(15) = 190292.0599325809

 DRPCG Starting Iteration 16
rdots 32937.2      iteration    15
DRPCG end of iteration 16
  Residual norm (16) = 181.486142543106
  Norm reduction (16) = 0.02598937078068076

  Quadratic cost function: J   (16) = 267282.7832055949
  Quadratic cost function: Jb  (16) = 78556.34206479907
  Quadratic cost function: JoJc(16) = 188726.4411407958

 DRPCG Starting Iteration 17
rdots 23829.6      iteration    16
DRPCG end of iteration 17
  Residual norm (17) = 154.3683975176618
  Norm reduction (17) = 0.02210602673949681

  Quadratic cost function: J   (17) = 266900.6949899676
  Quadratic cost function: Jb  (17) = 79322.4862133759
  Quadratic cost function: JoJc(17) = 187578.2087765917

 DRPCG Starting Iteration 18
rdots 16777.5      iteration    17
DRPCG end of iteration 18
  Residual norm (18) = 129.5279964350613
  Norm reduction (18) = 0.01854880531735329

  Quadratic cost function: J   (18) = 266616.8098221131
  Quadratic cost function: Jb  (18) = 79938.54824496283
  Quadratic cost function: JoJc(18) = 186678.2615771503

 DRPCG Starting Iteration 19
rdots 11326.3      iteration    18
DRPCG end of iteration 19
  Residual norm (19) = 106.4248757904479
  Norm reduction (19) = 0.01524036776829336

  Quadratic cost function: J   (19) = 266407.043929613
  Quadratic cost function: Jb  (19) = 80429.64426496012
  Quadratic cost function: JoJc(19) = 185977.3996646528

 DRPCG Starting Iteration 20
OOPS_STATS DRPCG iteration 20                       - Runtime:   283.34 sec,  Local Memory:     7.26 GB
rdots 8236.1      iteration    19
DRPCG end of iteration 20
  Residual norm (20) = 90.75298558539549
  Norm reduction (20) = 0.01299610515041064

  Quadratic cost function: J   (20) = 266259.5331151303
  Quadratic cost function: Jb  (20) = 80800.70777606167
  Quadratic cost function: JoJc(20) = 185458.8253390686

 DRPCG Starting Iteration 21
rdots 5871.76      iteration    20
DRPCG end of iteration 21
  Residual norm (21) = 76.62738287914465
  Norm reduction (21) = 0.0109732756324702

  Quadratic cost function: J   (21) = 266158.5381435687
  Quadratic cost function: Jb  (21) = 81072.0864056375
  Quadratic cost function: JoJc(21) = 185086.4517379312

 DRPCG Starting Iteration 22
rdots 4803.22      iteration    21
DRPCG end of iteration 22
  Residual norm (22) = 69.30524646650329
  Norm reduction (22) = 0.009924723299667928

  Quadratic cost function: J   (22) = 266089.6449941969
  Quadratic cost function: Jb  (22) = 81268.58921108117
  Quadratic cost function: JoJc(22) = 184821.0557831158

 DRPCG Starting Iteration 23
rdots 3113.98      iteration    22
DRPCG end of iteration 23
  Residual norm (23) = 55.8030066859168
  Norm reduction (23) = 0.007991161259558049

  Quadratic cost function: J   (23) = 266041.2050755604
  Quadratic cost function: Jb  (23) = 81414.40934281914
  Quadratic cost function: JoJc(23) = 184626.7957327412

 DRPCG Starting Iteration 24
rdots 2129.82      iteration    23
DRPCG end of iteration 24
  Residual norm (24) = 46.14993965474042
  Norm reduction (24) = 0.006608812531834001

  Quadratic cost function: J   (24) = 266000.4315014502
  Quadratic cost function: Jb  (24) = 81544.0080727969
  Quadratic cost function: JoJc(24) = 184456.4234286533

 DRPCG Starting Iteration 25
OOPS_STATS DRPCG iteration 25                       - Runtime:   314.93 sec,  Local Memory:     7.26 GB
rdots 1644.33      iteration    24
DRPCG end of iteration 25
  Residual norm (25) = 40.55037401637237
  Norm reduction (25) = 0.005806937603274422

  Quadratic cost function: J   (25) = 265974.2187017275
  Quadratic cost function: Jb  (25) = 81631.89286095308
  Quadratic cost function: JoJc(25) = 184342.3258407744

 DRPCG Starting Iteration 26
rdots 1087.65      iteration    25
DRPCG end of iteration 26
  Residual norm (26) = 32.97957457199232
  Norm reduction (26) = 0.004722775963663667

  Quadratic cost function: J   (26) = 265954.8697480302
  Quadratic cost function: Jb  (26) = 81700.01733644055
  Quadratic cost function: JoJc(26) = 184254.8524115896

 DRPCG Starting Iteration 27
rdots 722.497      iteration    26
DRPCG end of iteration 27
  Residual norm (27) = 26.87930103910217
  Norm reduction (27) = 0.003849198132936459

  Quadratic cost function: J   (27) = 265940.1362633852
  Quadratic cost function: Jb  (27) = 81754.4946626873
  Quadratic cost function: JoJc(27) = 184185.6416006979

 DRPCG Starting Iteration 28
rdots 556.083      iteration    27
DRPCG end of iteration 28
  Residual norm (28) = 23.58140938388505
  Norm reduction (28) = 0.00337692995961522

  Quadratic cost function: J   (28) = 265930.4060607877
  Quadratic cost function: Jb  (28) = 81792.21681564589
  Quadratic cost function: JoJc(28) = 184138.1892451418

 DRPCG Starting Iteration 29
rdots 415.907      iteration    28
DRPCG end of iteration 29
  Residual norm (29) = 20.39379358683138
  Norm reduction (29) = 0.002920453626518295

  Quadratic cost function: J   (29) = 265923.7992716847
  Quadratic cost function: Jb  (29) = 81818.95806883418
  Quadratic cost function: JoJc(29) = 184104.8412028505

 DRPCG Starting Iteration 30
OOPS_STATS DRPCG iteration 30                       - Runtime:   346.89 sec,  Local Memory:     7.26 GB
rdots 304.181      iteration    29
DRPCG end of iteration 30
  Residual norm (30) = 17.44077418761003
  Norm reduction (30) = 0.002497572215224437

  Quadratic cost function: J   (30) = 265919.1686162623
  Quadratic cost function: Jb  (30) = 81838.45923475362
  Quadratic cost function: JoJc(30) = 184080.7093815086

 DRPCG Starting Iteration 31
rdots 188.002      iteration    30
DRPCG end of iteration 31
  Residual norm (31) = 13.71137755593897
  Norm reduction (31) = 0.00196351120929557

  Quadratic cost function: J   (31) = 265915.586884822
  Quadratic cost function: Jb  (31) = 81854.13925318872
  Quadratic cost function: JoJc(31) = 184061.4476316333

 DRPCG Starting Iteration 32
rdots 131.883      iteration    31
DRPCG end of iteration 32
  Residual norm (32) = 11.48401790015741
  Norm reduction (32) = 0.001644546493065033

  Quadratic cost function: J   (32) = 265912.9060404303
  Quadratic cost function: Jb  (32) = 81866.35438667321
  Quadratic cost function: JoJc(32) = 184046.5516537571

 DRPCG Starting Iteration 33
rdots 91.792      iteration    32
DRPCG end of iteration 33
  Residual norm (33) = 9.580815455694315
  Norm reduction (33) = 0.001372002081096494

  Quadratic cost function: J   (33) = 265911.0847944831
  Quadratic cost function: Jb  (33) = 81874.98692417987
  Quadratic cost function: JoJc(33) = 184036.0978703033

 DRPCG Starting Iteration 34
rdots 63.8911      iteration    33
DRPCG end of iteration 34
  Residual norm (34) = 7.993189626119902
  Norm reduction (34) = 0.001144649205733048

  Quadratic cost function: J   (34) = 265909.841967562
  Quadratic cost function: Jb  (34) = 81881.10103027054
  Quadratic cost function: JoJc(34) = 184028.7409372914

 DRPCG Starting Iteration 35
OOPS_STATS DRPCG iteration 35                       - Runtime:   378.99 sec,  Local Memory:     7.26 GB
rdots 43.0569      iteration    34
DRPCG end of iteration 35
  Residual norm (35) = 6.561775622988007
  Norm reduction (35) = 0.0009396663417702125

  Quadratic cost function: J   (35) = 265908.9349581877
  Quadratic cost function: Jb  (35) = 81885.72838103263
  Quadratic cost function: JoJc(35) = 184023.2065771551

DRPCG: Achieved required reduction in residual norm.
OOPS_STATS DRPCG end                                - Runtime:   385.32 sec,  Local Memory:     7.26 GB
DRPCGMinimizer: reduction in residual norm = 0.000939666
DRPCGMinimizer output increment:
  Valid time: 2026-05-30T06:00:00Z
  Resolution: nCellsGlobal = 2341818, nFields = 12
Fld=1  Min=-0.00629018, Max=0.0100299, RMS=9.17383e-05 : water_vapor_mixing_ratio_wrt_moist_air
Fld=2  Min=-133.359, Max=77.845, RMS=2.59848 : air_pressure_at_surface
Fld=3  Min=-8.89262, Max=9.14267, RMS=0.110961 : air_temperature
Fld=4  Min=-34.7275, Max=31.3255, RMS=0.44001 : northward_wind
Fld=5  Min=-42.9887, Max=36.0016, RMS=0.452891 : eastward_wind
Fld=6  Min=-0.00249607, Max=0.00389994, RMS=1.31419e-05 : cloud_liquid_water
Fld=7  Min=-0.00039062, Max=0.000894005, RMS=3.57044e-06 : cloud_liquid_ice
Fld=8  Min=-0.00365892, Max=0.00355275, RMS=2.13128e-05 : rain_water
Fld=9  Min=-0.00379506, Max=0.00510635, RMS=6.45203e-05 : snow_water
Fld=10  Min=-0.00536169, Max=0.00500462, RMS=2.01555e-05 : graupel
Fld=11  Min=-64.9335, Max=64.5369, RMS=2.16723 : equivalent_reflectivity_factor
Fld=12  Min=0, Max=0, RMS=0 : upward_air_velocity
CostFunction::addIncrement: First guess:
  Valid time: 2026-05-30T06:00:00Z
  Resolution: nCellsGlobal = 2341818, nFields = 35
Fld=1  Min=0, Max=0.020705, RMS=0.00600778 : water_vapor_mixing_ratio_wrt_moist_air
Fld=2  Min=63084.7, Max=102781, RMS=96453.9 : air_pressure_at_surface
Fld=3  Min=189.714, Max=307.862, RMS=259.909 : air_temperature
Fld=4  Min=-56.7816, Max=48.9553, RMS=8.66622 : northward_wind
Fld=5  Min=-43.8644, Max=64.1837, RMS=10.9594 : eastward_wind
Fld=6  Min=267.859, Max=640.748, RMS=355.347 : air_potential_temperature
Fld=7  Min=0.0385404, Max=1.31845, RMS=0.783958 : dry_air_density
Fld=8  Min=-65.8487, Max=65.8577, RMS=9.89338 : u
Fld=9  Min=0, Max=0.0211428, RMS=0.00607963 : water_vapor_mixing_ratio_wrt_dry_air
Fld=10  Min=2443.99, Max=102671, RMS=64242.1 : air_pressure
Fld=11  Min=0, Max=1, RMS=0.790008 : landmask
Fld=12  Min=0, Max=1, RMS=0.0419189 : seaice_fraction
Fld=13  Min=0, Max=1, RMS=0.0569951 : snowc
Fld=14  Min=251.347, Max=305.001, RMS=290.381 : skin_temperature_at_surface
Fld=15  Min=1, Max=19, RMS=12.7664 : ivgtyp
Fld=16  Min=1, Max=16, RMS=9.97061 : isltyp
Fld=17  Min=0, Max=7.5, RMS=0.16068 : snowh
Fld=18  Min=0, Max=0.916551, RMS=0.406985 : vegetation_area_fraction
Fld=19  Min=263.023, Max=305.37, RMS=290.376 : air_temperature_at_2m
Fld=20  Min=0.00028965, Max=0.0210746, RMS=0.011324 : water_vapor_mixing_ratio_wrt_moist_air_at_2m
Fld=21  Min=-18.0606, Max=17.793, RMS=3.12557 : eastward_wind_at_10m
Fld=22  Min=-16.2756, Max=15.8346, RMS=3.6688 : northward_wind_at_10m
Fld=23  Min=0, Max=6.54882, RMS=1.62881 : lai
Fld=24  Min=0.00200001, Max=1, RMS=0.634754 : smois
Fld=25  Min=262.353, Max=311.299, RMS=290.608 : tslb
Fld=26  Min=-951.452, Max=5641.44, RMS=3053.61 : pressure_p
Fld=27  Min=0, Max=0.00498736, RMS=3.22493e-05 : cloud_liquid_water
Fld=28  Min=0, Max=0.00115534, RMS=9.01915e-06 : cloud_liquid_ice
Fld=29  Min=0, Max=0.0142734, RMS=2.05517e-05 : graupel
Fld=30  Min=0, Max=0.00882762, RMS=2.86445e-05 : rain_water
Fld=31  Min=0, Max=0.00568743, RMS=8.24472e-05 : snow_water
Fld=32  Min=0, Max=1, RMS=0.216071 : cldfrac
Fld=33  Min=0, Max=72.107, RMS=3.54185 : equivalent_reflectivity_factor
Fld=34  Min=-9.56451, Max=24.7917, RMS=0.147848 : w
Fld=35  Min=0, Max=0, RMS=0 : upward_air_velocity
CostFunction::addIncrement: Increment:
  Valid time: 2026-05-30T06:00:00Z
  Resolution: nCellsGlobal = 2341818, nFields = 12
Fld=1  Min=-0.00629018, Max=0.0100299, RMS=9.17383e-05 : water_vapor_mixing_ratio_wrt_moist_air
Fld=2  Min=-133.359, Max=77.845, RMS=2.59848 : air_pressure_at_surface
Fld=3  Min=-8.89262, Max=9.14267, RMS=0.110961 : air_temperature
Fld=4  Min=-34.7275, Max=31.3255, RMS=0.44001 : northward_wind
Fld=5  Min=-42.9887, Max=36.0016, RMS=0.452891 : eastward_wind
Fld=6  Min=-0.00249607, Max=0.00389994, RMS=1.31419e-05 : cloud_liquid_water
Fld=7  Min=-0.00039062, Max=0.000894005, RMS=3.57044e-06 : cloud_liquid_ice
Fld=8  Min=-0.00365892, Max=0.00355275, RMS=2.13128e-05 : rain_water
Fld=9  Min=-0.00379506, Max=0.00510635, RMS=6.45203e-05 : snow_water
Fld=10  Min=-0.00536169, Max=0.00500462, RMS=2.01555e-05 : graupel
Fld=11  Min=-64.9335, Max=64.5369, RMS=2.16723 : equivalent_reflectivity_factor
Fld=12  Min=0, Max=0, RMS=0 : upward_air_velocity
CostFunction::addIncrement: Analysis: 
  Valid time: 2026-05-30T06:00:00Z
  Resolution: nCellsGlobal = 2341818, nFields = 35
Fld=1  Min=0, Max=0.020705, RMS=0.00600741 : water_vapor_mixing_ratio_wrt_moist_air
Fld=2  Min=63084.7, Max=102781, RMS=96453.9 : air_pressure_at_surface
Fld=3  Min=189.337, Max=307.862, RMS=259.91 : air_temperature
Fld=4  Min=-56.7816, Max=48.9553, RMS=8.67394 : northward_wind
Fld=5  Min=-43.5613, Max=66.7667, RMS=10.9605 : eastward_wind
Fld=6  Min=267.859, Max=640.748, RMS=355.347 : air_potential_temperature
Fld=7  Min=0.0384682, Max=1.31845, RMS=0.783956 : dry_air_density
Fld=8  Min=-68.0773, Max=67.3233, RMS=9.89691 : u
Fld=9  Min=0, Max=0.0211427, RMS=0.00607925 : water_vapor_mixing_ratio_wrt_dry_air
Fld=10  Min=2441.24, Max=102671, RMS=64242.2 : air_pressure
Fld=11  Min=0, Max=1, RMS=0.790008 : landmask
Fld=12  Min=0, Max=1, RMS=0.0419189 : seaice_fraction
Fld=13  Min=0, Max=1, RMS=0.0569951 : snowc
Fld=14  Min=251.347, Max=305.001, RMS=290.381 : skin_temperature_at_surface
Fld=15  Min=1, Max=19, RMS=12.7664 : ivgtyp
Fld=16  Min=1, Max=16, RMS=9.97061 : isltyp
Fld=17  Min=0, Max=7.5, RMS=0.16068 : snowh
Fld=18  Min=0, Max=0.916551, RMS=0.406985 : vegetation_area_fraction
Fld=19  Min=263.023, Max=305.37, RMS=290.377 : air_temperature_at_2m
Fld=20  Min=0.00028965, Max=0.0210746, RMS=0.0113231 : water_vapor_mixing_ratio_wrt_moist_air_at_2m
Fld=21  Min=-18.0606, Max=17.793, RMS=3.12557 : eastward_wind_at_10m
Fld=22  Min=-16.2756, Max=15.8346, RMS=3.6688 : northward_wind_at_10m
Fld=23  Min=0, Max=6.54882, RMS=1.62881 : lai
Fld=24  Min=0.00200001, Max=1, RMS=0.634754 : smois
Fld=25  Min=262.353, Max=311.299, RMS=290.608 : tslb
Fld=26  Min=-960.406, Max=5692.28, RMS=3053.67 : pressure_p
Fld=27  Min=0, Max=0.00498736, RMS=3.26507e-05 : cloud_liquid_water
Fld=28  Min=0, Max=0.00113396, RMS=9.33668e-06 : cloud_liquid_ice
Fld=29  Min=0, Max=0.0124671, RMS=2.40309e-05 : graupel
Fld=30  Min=0, Max=0.00785065, RMS=2.62808e-05 : rain_water
Fld=31  Min=0, Max=0.00638207, RMS=9.8729e-05 : snow_water
Fld=32  Min=0, Max=1, RMS=0.216071 : cldfrac
Fld=33  Min=0, Max=72.9989, RMS=3.26257 : equivalent_reflectivity_factor
Fld=34  Min=-9.56451, Max=24.7917, RMS=0.147848 : w
Fld=35  Min=0, Max=0, RMS=0 : upward_air_velocity
OOPS_STATS IncrementalAssimilation end              - Runtime:   385.75 sec,  Local Memory:     7.26 GB
Variational: incremental assimilation done 1 iterations.
QC refl10cm equivalentReflectivityFactor: 132110 H(x) failed.
QC refl10cm equivalentReflectivityFactor: 3763532 passed out of 3895642 observations.
ObsErrorDiagonal covariance updated 3763532
Observer::finalize QC = 
refl10cm equivalentReflectivityFactor nlocs = 3895642, nobs = 3895642, min = 0, max = 15, avg = 0
Jo Observations:
Jo Obs :refl10cm:equivalentReflectivityFactor   : Nobs=  3763532, Min= 0.000000e+00, Max= 5.714925e+01, RMS= 4.331661e+00
Jo Observations Equivalent:
Jo H(x):refl10cm:equivalentReflectivityFactor   : Nobs=  3763532, Min= 0.000000e+00, Max= 5.550098e+01, RMS= 3.962523e+00
Jo Bias Corrected Departures:
Jo Dep :refl10cm:equivalentReflectivityFactor   : Nobs=  3763532, Min=-4.848452e+01, Max= 4.722947e+01, RMS= 1.565129e+00
Jo Observations Errors:
UFO Diagonal observation error covariance, inverse variances: refl10cm nobs= 3763532 Min=0.04, Max=0.04, RMS=0.04



CostJo   : Nonlinear Jo(refl10cm) = 184385, nobs = 3763532, Jo/n = 0.0489926, err = 5
CostJo   : Nonlinear Jo = 184385
Increment:diff x1 2
Increment:diff x2 1
CostJb: FG-BG
  Valid time: 2026-05-30T06:00:00Z
  Resolution: nCellsGlobal = 2341818, nFields = 12
Fld=1  Min=-0.00629018, Max=0.0100299, RMS=9.1645e-05 : water_vapor_mixing_ratio_wrt_moist_air
Fld=2  Min=-133.359, Max=77.845, RMS=2.59848 : air_pressure_at_surface
Fld=3  Min=-8.89262, Max=9.14267, RMS=0.110961 : air_temperature
Fld=4  Min=-34.7275, Max=31.3255, RMS=0.44001 : northward_wind
Fld=5  Min=-42.9887, Max=36.0016, RMS=0.452891 : eastward_wind
Fld=6  Min=-0.00176956, Max=0.00389994, RMS=1.13478e-05 : cloud_liquid_water
Fld=7  Min=-0.000381682, Max=0.000894005, RMS=3.26611e-06 : cloud_liquid_ice
Fld=8  Min=-0.00365892, Max=0.00355275, RMS=1.67387e-05 : rain_water
Fld=9  Min=-0.00353343, Max=0.00510635, RMS=6.19473e-05 : snow_water
Fld=10  Min=-0.00536169, Max=0.00500462, RMS=1.86497e-05 : graupel
Fld=11  Min=-54.6266, Max=64.5369, RMS=2.1206 : equivalent_reflectivity_factor
Fld=12  Min=0, Max=0, RMS=0 : upward_air_velocity
CostFunction: Nonlinear J = 184385
OOPS_STATS Variational end                          - Runtime:   405.82 sec,  Local Memory:     7.26 GB
==> destruct MPAS corelist and domain:  0
Tried to erase key "mesh[address=0x3aba950],halo[size=0]" from cache "NodeColumnsHaloExchangeCache" but it was not found.
Erased key "mesh[address=0x3aba950],halo[size=1]" from cache "NodeColumnsHaloExchangeCache".
==> destruct MPAS corelist and domain:  1
refl10cm: save database to jdiag_mrms_refl.nc (io pool size: 4)
QC refl10cm equivalentReflectivityFactor: 132110 H(x) failed.
QC refl10cm equivalentReflectivityFactor: 3763532 passed out of 3895642 observations.
Erased key "mesh[address=0x70458e0]" from cache "NodeColumnsGatherScatterCache".
Tried to erase key "mesh[address=0x70458e0],halo[size=0]" from cache "NodeColumnsHaloExchangeCache" but it was not found.
Erased key "mesh[address=0x70458e0],halo[size=1]" from cache "NodeColumnsHaloExchangeCache".

Run: Finishing oops::Variational<MPAS, UFO and IODA observations>
OOPS_STATS  
OOPS_STATS ----------------------------------------------------------------------------------
OOPS_STATS --------------------------- Object counts ----------------------------------------
OOPS_STATS ----------------------------------------------------------------------------------
OOPS_STATS                                      Total  Simult. Remain    Avg (Mb)    HWM (Mb)
OOPS_STATS ioda::ObsDataVector             :        8       5        
OOPS_STATS ioda::ObsVector                 :       90       8        
OOPS_STATS mpas::Geometry                  :        2       2        
OOPS_STATS mpas::Increment                 :     2564     117        
OOPS_STATS mpas::LinVarChaModel2GeoVars    :        1       1        
OOPS_STATS mpas::ModelBias                 :        4       3        
OOPS_STATS mpas::ModelBiasCovariance       :        1       1        
OOPS_STATS mpas::State                     :       75      34        
OOPS_STATS mpas::VarChaModel2GeoVars       :        3       1        
OOPS_STATS oops::ControlIncrement          :      158      84               15.22     1278.52
OOPS_STATS oops::ControlVariable           :        4       3        
OOPS_STATS oops::Diffusion                 :        1       1        
OOPS_STATS oops::EnsembleCovariance        :        1       1             3557.42     3557.42
OOPS_STATS oops::GeoVaLs                   :       74       1        
OOPS_STATS oops::Geometry                  :        2       2        
OOPS_STATS oops::GetValues                 :        3       2        
OOPS_STATS oops::Increment                 :     2492     117               15.02     1780.79
OOPS_STATS oops::LinearObsOperator         :        1       1        
OOPS_STATS oops::LocalInterpolator         :     2400    1600        
OOPS_STATS oops::Localization              :        1       1        
OOPS_STATS oops::ModelAuxControl           :        4       3        
OOPS_STATS oops::ModelAuxCovariance        :        1       1        
OOPS_STATS oops::ModelAuxIncrement         :      158      84        
OOPS_STATS oops::ObsAuxControl             :        4       3        
OOPS_STATS oops::ObsAuxCovariance          :        1       1        
OOPS_STATS oops::ObsAuxIncrement           :      158      84        
OOPS_STATS oops::ObsAuxIncrements          :      158      84        
OOPS_STATS oops::ObsAuxPreconditioner      :        2       2        
OOPS_STATS oops::ObsDataVector             :        4       4        
OOPS_STATS oops::ObsDiagnostics            :        2       1        
OOPS_STATS oops::ObsError                  :        1       1        
OOPS_STATS oops::ObsOperator               :        2       2        
OOPS_STATS oops::ObsSpace                  :        1       1        
OOPS_STATS oops::ObsSpaces                 :        1       1        
OOPS_STATS oops::ObsVector                 :       90       7                0.04        0.23
OOPS_STATS oops::SampledLocations          :        8       4        
OOPS_STATS oops::State                     :       72      34               21.39      702.08
OOPS_STATS oops::UnstructuredInterpolator  :     2400    1600        
OOPS_STATS oops::VariableChange            :        3       1        
OOPS_STATS ufo::BackgroundCheck            :        1       1        
OOPS_STATS ufo::FinalCheck                 :        2       2        
OOPS_STATS ufo::GeoVaLs                    :       77       2        
OOPS_STATS ufo::ObsBias                    :        4       3        
OOPS_STATS ufo::ObsBiasCovariance          :        1       1        
OOPS_STATS ufo::ObsBiasPreconditioner      :        1       1        
OOPS_STATS ufo::ObsFilter                  :        9       6        
OOPS_STATS ufo::ObsFilterData              :        3       3        
OOPS_STATS ufo::ObsVertInterp              :        2       2        
OOPS_STATS ufo::ObsVertInterpTLAD          :        1       1        
OOPS_STATS ufo::SampledLocations           :        4       3        
OOPS_STATS ----------------------------- Object counts --------------------------------------
OOPS_STATS  
OOPS_STATS --------------------------------------------------------------------------------------------
OOPS_STATS ------------------------------------ Timing Statistics -------------------------------------
OOPS_STATS --------------------------------------------------------------------------------------------
OOPS_STATS Name                                                :   total (ms)   count    time/call (ms)
OOPS_STATS ObsFilter::Background Check::ObsFilter              :         0.13       1            0.1260
OOPS_STATS ObsFilter::Background Check::postFilter             :        30.06       1           30.0644
OOPS_STATS ObsFilter::Background Check::preProcess             :         0.00       1            0.0033
OOPS_STATS ObsFilter::Background Check::priorFilter            :         0.05       1            0.0491
OOPS_STATS ObsFilter::Final Check::ObsFilter                   :         0.01       2            0.0066
OOPS_STATS ObsFilter::Final Check::postFilter                  :         0.05       2            0.0232
OOPS_STATS ObsFilter::Final Check::preProcess                  :         0.00       2            0.0005
OOPS_STATS ObsFilter::Final Check::priorFilter                 :         0.01       2            0.0026
OOPS_STATS ObsFilter::QCmanager::ObsFilter                     :        40.73       2           20.3673
OOPS_STATS ObsFilter::QCmanager::postFilter                    :         0.24       2            0.1199
OOPS_STATS ObsFilter::QCmanager::preProcess                    :         0.00       2            0.0001
OOPS_STATS ObsFilter::QCmanager::priorFilter                   :         0.00       2            0.0001
OOPS_STATS ioda::ObsSpace::get_db(DateTime)                    :         1.28       4            0.3204
OOPS_STATS ioda::ObsSpace::get_db(double)                      :         0.29       5            0.0575
OOPS_STATS ioda::ObsSpace::get_db(float)                       :        41.18      12            3.4313
OOPS_STATS ioda::ObsSpace::load                                :       665.10       1          665.1020
OOPS_STATS ioda::ObsSpace::put_db(double)                      :         0.33       6            0.0549
OOPS_STATS ioda::ObsSpace::put_db(float)                       :         0.08       2            0.0379
OOPS_STATS ioda::ObsSpace::put_db(int)                         :        11.69       2            5.8456
OOPS_STATS mpas::LinVarChaModel2GeoVars::LinVarChaModel2GeoVar :         2.94       1            2.9427
OOPS_STATS mpas::LinVarChaModel2GeoVars::changeVarAD           :       753.08      36           20.9190
OOPS_STATS mpas::LinVarChaModel2GeoVars::changeVarTL           :       126.37      35            3.6106
OOPS_STATS mpas::LinVarChaModel2GeoVars::~LinVarChaModel2GeoVa :         0.04       1            0.0383
OOPS_STATS mpas::VarChaModel2GeoVars::VarChaModel2GeoVars      :         0.05       3            0.0166
OOPS_STATS mpas::VarChaModel2GeoVars::changeVar                :        13.96       3            4.6538
OOPS_STATS mpas::VarChaModel2GeoVars::~VarChaModel2GeoVars     :         0.01       3            0.0018
OOPS_STATS oops::Covariance::EnsembleCovariance                :     95810.18       1        95810.1825
OOPS_STATS oops::Covariance::ensemble::Constructor             :         0.01       1            0.0100
OOPS_STATS oops::Covariance::ensemble::multiply                :    202082.80      36         5613.4110
OOPS_STATS oops::Diffusion::Diffusion                          :         0.00       1            0.0001
OOPS_STATS oops::Diffusion::calculateDerivedGeom               :         1.94       1            1.9392
OOPS_STATS oops::Diffusion::multiplySqrtAD                     :     49587.07    1080           45.9140
OOPS_STATS oops::Diffusion::multiplySqrtTL                     :     42264.35    1080           39.1337
OOPS_STATS oops::Diffusion::setParameters                      :         5.21       1            5.2129
OOPS_STATS oops::GeoVaLs::GeoVaLs                              :        15.42      74            0.2084
OOPS_STATS oops::GeoVaLs::fill                                 :        25.25   25830            0.0010
OOPS_STATS oops::GeoVaLs::fillAD                               :        18.97   22680            0.0008
OOPS_STATS oops::GeoVaLs::~GeoVaLs                             :         0.43      74            0.0058
OOPS_STATS oops::Geometry::Geometry                            :     59843.29       2        29921.6450
OOPS_STATS oops::Geometry::variableSizes                       :         4.47      11            0.4064
OOPS_STATS oops::Geometry::~Geometry                           :       482.75       2          241.3756
OOPS_STATS oops::GeometryData::containingTriangleAndBarycentri :        46.68   20748            0.0022
OOPS_STATS oops::GeometryData::setGlobalTree                   :      1816.82       2          908.4081
OOPS_STATS oops::GeometryData::setLocalTree                    :         4.48       2            2.2403
OOPS_STATS oops::GeometryData::setMeshAndTriangulation         :         0.71       2            0.3554
OOPS_STATS oops::GetValues::GetValues                          :       386.92       3          128.9730
OOPS_STATS oops::GetValues::fillGeoVaLs                        :       199.84       3           66.6117
OOPS_STATS oops::GetValues::fillGeoVaLsAD                      :        98.96      36            2.7488
OOPS_STATS oops::GetValues::fillGeoVaLsTL                      :       624.39      35           17.8397
OOPS_STATS oops::GetValues::finalize                           :        11.31       3            3.7688
OOPS_STATS oops::GetValues::finalizeAD                         :       682.06      36           18.9460
OOPS_STATS oops::GetValues::finalizeTL                         :        92.76      35            2.6502
OOPS_STATS oops::GetValues::initialize                         :         2.58       3            0.8595
OOPS_STATS oops::GetValues::initializeAD                       :         4.56      36            0.1267
OOPS_STATS oops::GetValues::initializeTL                       :        17.58      35            0.5024
OOPS_STATS oops::GetValues::process                            :        18.42       3            6.1392
OOPS_STATS oops::GetValues::processAD                          :       108.26      36            3.0073
OOPS_STATS oops::GetValues::processTL                          :       117.52      35            3.3577
OOPS_STATS oops::Increment::Increment                          :     27100.90    2492           10.8752
OOPS_STATS oops::Increment::axpy                               :      4255.69     700            6.0796
OOPS_STATS oops::Increment::diff                               :       318.70      33            9.6576
OOPS_STATS oops::Increment::dot_product_with                   :      6226.35     774            8.0444
OOPS_STATS oops::Increment::fromFieldSet                       :      9648.93    1116            8.6460
OOPS_STATS oops::Increment::operator*=                         :       204.98     106            1.9337
OOPS_STATS oops::Increment::operator+=                         :     10047.18    1251            8.0313
OOPS_STATS oops::Increment::operator+=(State, Increment)       :        45.75       1           45.7515
OOPS_STATS oops::Increment::operator-=                         :       140.72      30            4.6908
OOPS_STATS oops::Increment::operator=                          :      5847.05    1378            4.2431
OOPS_STATS oops::Increment::print                              :     22066.08    1087           20.3000
OOPS_STATS oops::Increment::schur_product_with                 :     11011.48    2160            5.0979
OOPS_STATS oops::Increment::serialSize                         :         4.48     158            0.0283
OOPS_STATS oops::Increment::toFieldSet                         :      8907.08    1151            7.7386
OOPS_STATS oops::Increment::zero                               :       120.78     109            1.1081
OOPS_STATS oops::Increment::~Increment                         :       129.64    2492            0.0520
OOPS_STATS oops::LinearObsOper::refl10cm::LinearObsOperator    :         2.96       1            2.9626
OOPS_STATS oops::LinearObsOper::refl10cm::requiredVars         :         0.37      73            0.0051
OOPS_STATS oops::LinearObsOper::refl10cm::setTrajectory        :         0.93       1            0.9289
OOPS_STATS oops::LinearObsOper::refl10cm::simulateObsAD        :         2.66      36            0.0738
OOPS_STATS oops::LinearObsOper::refl10cm::simulateObsTL        :         5.64      35            0.1612
OOPS_STATS oops::LinearObsOper::refl10cm::~LinearObsOperator   :         0.33       1            0.3310
OOPS_STATS oops::LinearVariableChange::LinearVariableChange    :         0.04       1            0.0415
OOPS_STATS oops::LinearVariableChange::changeVarAD             :      1320.13      36           36.6702
OOPS_STATS oops::LinearVariableChange::changeVarTL             :       696.76      35           19.9075
OOPS_STATS oops::LinearVariableChange::changeVarTraj           :         2.96       1            2.9562
OOPS_STATS oops::LinearVariableChange::~LinearVariableChange   :         0.05       1            0.0504
OOPS_STATS oops::LocalInterpolator::LocalInterpolator          :        53.86    2400            0.0224
OOPS_STATS oops::LocalInterpolator::apply                      :        16.68    2400            0.0070
OOPS_STATS oops::LocalInterpolator::applyAD                    :        93.42   28800            0.0032
OOPS_STATS oops::LocalInterpolator::applyTL                    :       102.77   28000            0.0037
OOPS_STATS oops::LocalInterpolator::preprocess                 :      1248.42      38           32.8532
OOPS_STATS oops::LocalInterpolator::preprocessAD               :        64.67      36            1.7965
OOPS_STATS oops::LocalInterpolator::~LocalInterpolator         :         1.49    2400            0.0006
OOPS_STATS oops::Localization::Localization                    :      8157.65       1         8157.6516
OOPS_STATS oops::Localization::multiply                        :    162442.54    1080          150.4098
OOPS_STATS oops::Localization::~Localization                   :         0.63       1            0.6252
OOPS_STATS oops::ModelAuxControl::ModelAuxControl              :         0.01       4            0.0018
OOPS_STATS oops::ModelAuxControl::print                        :         0.00       3            0.0008
OOPS_STATS oops::ModelAuxControl::~ModelAuxControl             :         0.00       4            0.0010
OOPS_STATS oops::ModelAuxCovariance::ModelAuxCovariance        :         0.00       1            0.0027
OOPS_STATS oops::ModelAuxCovariance::linearize                 :         0.00       1            0.0001
OOPS_STATS oops::ModelAuxCovariance::multiply                  :         0.00      36            0.0001
OOPS_STATS oops::ModelAuxCovariance::~ModelAuxCovariance       :         0.00       1            0.0009
OOPS_STATS oops::ModelAuxIncrement::ModelAuxIncrement          :         0.14     158            0.0009
OOPS_STATS oops::ModelAuxIncrement::axpy                       :         0.27     700            0.0004
OOPS_STATS oops::ModelAuxIncrement::diff                       :         0.00       3            0.0008
OOPS_STATS oops::ModelAuxIncrement::dot_product_with           :         0.24     774            0.0003
OOPS_STATS oops::ModelAuxIncrement::operator*=                 :         0.03      69            0.0005
OOPS_STATS oops::ModelAuxIncrement::operator+=                 :         0.06     105            0.0005
OOPS_STATS oops::ModelAuxIncrement::operator+=ModelAuxControl  :         0.00       1            0.0001
OOPS_STATS oops::ModelAuxIncrement::operator=                  :         0.01      39            0.0004
OOPS_STATS oops::ModelAuxIncrement::print                      :         0.00       7            0.0005
OOPS_STATS oops::ModelAuxIncrement::serialSize                 :         0.01     158            0.0001
OOPS_STATS oops::ModelAuxIncrement::zero                       :         0.01      36            0.0002
OOPS_STATS oops::ModelAuxIncrement::~ModelAuxIncrement         :         0.03     158            0.0002
OOPS_STATS oops::ObsAuxControl::ObsAuxControl                  :         0.14       4            0.0348
OOPS_STATS oops::ObsAuxControl::print                          :         0.00       3            0.0010
OOPS_STATS oops::ObsAuxControl::requiredHdiagnostics           :         0.00       2            0.0001
OOPS_STATS oops::ObsAuxControl::requiredVars                   :         0.00       6            0.0002
OOPS_STATS oops::ObsAuxControl::write                          :         0.14       1            0.1444
OOPS_STATS oops::ObsAuxControl::~ObsAuxControl                 :         0.01       4            0.0018
OOPS_STATS oops::ObsAuxCovariance::ObsAuxCovariance            :         0.07       1            0.0656
OOPS_STATS oops::ObsAuxCovariance::inverseMultiply             :         0.05      36            0.0013
OOPS_STATS oops::ObsAuxCovariance::linearize                   :         0.03       1            0.0278
OOPS_STATS oops::ObsAuxCovariance::multiply                    :         0.19      36            0.0054
OOPS_STATS oops::ObsAuxCovariance::preconditioner              :         0.02       1            0.0232
OOPS_STATS oops::ObsAuxCovariance::write                       :         0.02       1            0.0226
OOPS_STATS oops::ObsAuxCovariance::~ObsAuxCovariance           :         0.00       1            0.0034
OOPS_STATS oops::ObsAuxIncrement::ObsAuxIncrement              :         0.83     158            0.0052
OOPS_STATS oops::ObsAuxIncrement::axpy                         :         0.80     700            0.0011
OOPS_STATS oops::ObsAuxIncrement::diff                         :         0.02       3            0.0057
OOPS_STATS oops::ObsAuxIncrement::dot_product_with             :         0.39     774            0.0005
OOPS_STATS oops::ObsAuxIncrement::operator*=                   :         0.09      69            0.0013
OOPS_STATS oops::ObsAuxIncrement::operator+=                   :         0.15     105            0.0014
OOPS_STATS oops::ObsAuxIncrement::operator=                    :         0.03      39            0.0009
OOPS_STATS oops::ObsAuxIncrement::print                        :         0.01       7            0.0010
OOPS_STATS oops::ObsAuxIncrement::serialSize                   :         0.01     316            0.0000
OOPS_STATS oops::ObsAuxIncrement::zero                         :         0.04      36            0.0012
OOPS_STATS oops::ObsAuxIncrement::~ObsAuxIncrement             :         0.19     158            0.0012
OOPS_STATS oops::ObsAuxPreconditioner::multiply                :         0.06      36            0.0015
OOPS_STATS oops::ObsAuxPreconditioner::~ObsAuxPreconditioner   :         0.00       2            0.0010
OOPS_STATS oops::ObsDataVector::ObsDataVector                  :         0.10       4            0.0243
OOPS_STATS oops::ObsDataVector::mask                           :         0.01       2            0.0040
OOPS_STATS oops::ObsDataVector::operator=                      :         0.02       2            0.0091
OOPS_STATS oops::ObsDataVector::print                          :         3.43       2            1.7133
OOPS_STATS oops::ObsDataVector::save                           :        11.79       4            2.9472
OOPS_STATS oops::ObsDataVector::~ObsDataVector                 :         0.05       4            0.0123
OOPS_STATS oops::ObsDiagnostics::ObsDiagnostics                :         0.15       2            0.0764
OOPS_STATS oops::ObsDiagnostics::~ObsDiagnostics               :         0.03       2            0.0127
OOPS_STATS oops::ObsError::getRMSE                             :         0.97       4            0.2418
OOPS_STATS oops::ObsError::inverseMultiply                     :         0.54      37            0.0145
OOPS_STATS oops::ObsError::obserrors                           :         0.04       6            0.0071
OOPS_STATS oops::ObsError::update                              :        60.94       2           30.4690
OOPS_STATS oops::ObsError::~ObsError                           :         0.01       1            0.0120
OOPS_STATS oops::ObsOperator::refl10cm::ObsOperator            :         7.49       2            3.7463
OOPS_STATS oops::ObsOperator::refl10cm::computeReducedVars     :         1.66       3            0.5524
OOPS_STATS oops::ObsOperator::refl10cm::locations              :        23.44       3            7.8133
OOPS_STATS oops::ObsOperator::refl10cm::requiredVars           :         0.00       3            0.0014
OOPS_STATS oops::ObsOperator::refl10cm::simulateObs            :         1.88       2            0.9389
OOPS_STATS oops::ObsOperator::refl10cm::~ObsOperator           :         0.03       2            0.0166
OOPS_STATS oops::ObsSpace::ObsSpace                            :       667.87       1          667.8669
OOPS_STATS oops::ObsSpace::obsvariables                        :         0.00       3            0.0000
OOPS_STATS oops::ObsSpace::save                                :      3079.17       1         3079.1748
OOPS_STATS oops::ObsSpace::~ObsSpace                           :         0.65       1            0.6499
OOPS_STATS oops::ObsVector::ObsVector                          :         1.02      88            0.0116
OOPS_STATS oops::ObsVector::dot_product                        :         0.52       4            0.1301
OOPS_STATS oops::ObsVector::info                               :         2.25       6            0.3746
OOPS_STATS oops::ObsVector::operator*=                         :         0.01       2            0.0046
OOPS_STATS oops::ObsVector::operator-=                         :         0.02       2            0.0107
OOPS_STATS oops::ObsVector::operator=                          :         0.42       4            0.1060
OOPS_STATS oops::ObsVector::rms                                :         0.46       4            0.1159
OOPS_STATS oops::ObsVector::save                               :         0.36       6            0.0596
OOPS_STATS oops::ObsVector::zero                               :         0.03      37            0.0009
OOPS_STATS oops::ObsVector::~ObsVector                         :         0.19      88            0.0021
OOPS_STATS oops::Parameters::deserialize                       :        26.63      97            0.2745
OOPS_STATS oops::Parameters::serialize                         :         2.08      80            0.0260
OOPS_STATS oops::Run::execute                                  :    407888.39       1       407888.3942
OOPS_STATS oops::SampledLocations::SampledLocations            :         0.00       4            0.0003
OOPS_STATS oops::SampledLocations::latitudes                   :         0.00       3            0.0001
OOPS_STATS oops::SampledLocations::longitudes                  :         0.00       3            0.0000
OOPS_STATS oops::SampledLocations::times                       :         0.00       3            0.0000
OOPS_STATS oops::SampledLocations::~SampledLocations           :       191.41       8           23.9264
OOPS_STATS oops::State::State                                  :     89372.67      72         1241.2871
OOPS_STATS oops::State::print                                  :       118.03       3           39.3418
OOPS_STATS oops::State::toFieldSet                             :        38.21       5            7.6417
OOPS_STATS oops::State::variables                              :         0.00      58            0.0000
OOPS_STATS oops::State::write                                  :     19553.19       1        19553.1937
OOPS_STATS oops::State::zero                                   :        55.61      30            1.8536
OOPS_STATS oops::State::~State                                 :         7.09      72            0.0985
OOPS_STATS oops::UnstructuredInterpolator::UnstructuredInterpo :        52.81    2400            0.0220
OOPS_STATS oops::UnstructuredInterpolator::apply               :       111.33   30400            0.0037
OOPS_STATS oops::UnstructuredInterpolator::applyAD             :        66.26   28800            0.0023
OOPS_STATS oops::VariableChange::VariableChange                :         0.39       3            0.1283
OOPS_STATS oops::VariableChange::changeVar                     :        20.89       3            6.9636
OOPS_STATS oops::VariableChange::~VariableChange               :         0.02       3            0.0064
OOPS_STATS oops::util::FieldSetHelpers::readFieldSet           :      8073.08       2         4036.5376
OOPS_STATS saber::Localization::Localization                   :      8157.64       1         8157.6372
OOPS_STATS saber::Localization::multiply                       :    152290.32    1080          141.0096
OOPS_STATS saber::Localization::~Localization                  :         0.00       1            0.0001
OOPS_STATS ufo::ObsFilter::ObsFilter                           :        40.88       5            8.1757
OOPS_STATS ufo::ObsFilter::checkFilterData                     :         0.01      15            0.0004
OOPS_STATS ufo::ObsFilter::postFilter                          :        30.36       5            6.0711
OOPS_STATS ufo::ObsFilter::preProcess                          :         0.01       5            0.0015
OOPS_STATS ufo::ObsFilter::priorFilter                         :         0.06       5            0.0123
OOPS_STATS ufo::ObsFilter::~ObsFilter                          :        41.53       9            4.6143
OOPS_STATS util::Timers::measured                              :    407458.59       1       407458.5889
OOPS_STATS ------------------------------------ Timing Statistics -------------------------------------

OOPS_STATS ------------------------------------------------------------------------------------------------------------------
OOPS_STATS ---------------------------------- Parallel Timing Statistics ( 800 MPI tasks) -----------------------------------
OOPS_STATS ------------------------------------------------------------------------------------------------------------------
OOPS_STATS Name                                                :     min (ms)    max (ms)    avg (ms)     % total   imbal (%)
OOPS_STATS oops::Covariance::EnsembleCovariance                :     95809.20    95810.88    95809.99       23.49        0.00
OOPS_STATS oops::Covariance::ensemble::multiply                :    201602.99   202154.01   201949.97       49.51        0.27
OOPS_STATS oops::Diffusion::multiplySqrtAD                     :     48697.46    50610.25    49679.03       12.18        3.85
OOPS_STATS oops::Diffusion::multiplySqrtTL                     :     39225.59    43808.47    41664.10       10.21       11.00
OOPS_STATS oops::Geometry::Geometry                            :     58768.18    60045.36    59955.10       14.70        2.13
OOPS_STATS oops::Geometry::~Geometry                           :       449.71      741.05      557.73        0.14       52.24
OOPS_STATS oops::GeometryData::setGlobalTree                   :      1816.82     1965.25     1891.52        0.46        7.85
OOPS_STATS oops::GetValues::fillGeoVaLsTL                      :       251.52      774.99      546.27        0.13       95.83
OOPS_STATS oops::GetValues::finalizeAD                         :       481.46      879.55      565.81        0.14       70.36
OOPS_STATS oops::Increment::Increment                          :     19993.26    30591.75    22135.99        5.43       47.88
OOPS_STATS oops::Increment::axpy                               :      3646.07     4626.08     4201.75        1.03       23.32
OOPS_STATS oops::Increment::dot_product_with                   :      5772.81     7363.88     6523.29        1.60       24.39
OOPS_STATS oops::Increment::fromFieldSet                       :      8092.12    11530.42     9108.91        2.23       37.75
OOPS_STATS oops::Increment::operator+=                         :      7411.83    10897.86     8892.34        2.18       39.20
OOPS_STATS oops::Increment::operator=                          :      3490.68     7618.06     4913.55        1.20       84.00
OOPS_STATS oops::Increment::print                              :     13457.34    37098.99    30002.00        7.36       78.80
OOPS_STATS oops::Increment::schur_product_with                 :      6775.36    14054.59    10190.24        2.50       71.43
OOPS_STATS oops::Increment::toFieldSet                         :      7782.10    14801.47     9421.02        2.31       74.51
OOPS_STATS oops::LinearVariableChange::changeVarAD             :       903.13     2023.20     1510.36        0.37       74.16
OOPS_STATS oops::LinearVariableChange::changeVarTL             :       263.60     1122.80      916.58        0.22       93.74
OOPS_STATS oops::LocalInterpolator::preprocess                 :        59.04     1422.92     1254.18        0.31      108.75
OOPS_STATS oops::Localization::Localization                    :      7882.72     8320.74     8145.52        2.00        5.38
OOPS_STATS oops::Localization::multiply                        :    157083.71   177314.05   168917.72       41.41       11.98
OOPS_STATS oops::ObsSpace::ObsSpace                            :       607.41      675.18      642.24        0.16       10.55
OOPS_STATS oops::ObsSpace::save                                :      2824.31     3091.93     2995.78        0.73        8.93
OOPS_STATS oops::State::State                                  :     89252.10    89537.85    89363.59       21.91        0.32
OOPS_STATS oops::State::write                                  :     18363.86    19642.59    19559.42        4.80        6.54
OOPS_STATS oops::util::FieldSetHelpers::readFieldSet           :      7668.96     8073.08     7918.68        1.94        5.10
OOPS_STATS saber::Localization::Localization                   :      7882.70     8320.72     8145.50        2.00        5.38
OOPS_STATS saber::Localization::multiply                       :    144978.55   165659.15   159752.84       39.16       12.95
OOPS_STATS util::Timers::measured                              :    407447.72   407729.67   407601.43       99.93        0.07
OOPS_STATS oops::Run::execute                                  :    407777.21   407982.86   407899.91      100.00        0.05
OOPS_STATS ---------------------------------- Parallel Timing Statistics ( 800 MPI tasks) -----------------------------------

OOPS_STATS Run end                                  - Runtime:    409.62 sec,  Memory: total:  3969.55 GB, per task: min =     4.66 GB, max =     7.26 GB
Run: Finishing oops::Variational<MPAS, UFO and IODA observations> with status = 0
OOPS Ending   2026-05-30 09:06:34 (UTC+0000)
