Configuration input file is: jedivar.pass2.yaml
Full configuration is:YAMLConfiguration[path=jedivar.pass2.yaml, root={_member => {date => 2026-05-23T10:00:00Z , state variables => (water_vapor_mixing_ratio_wrt_moist_air,air_pressure_at_surface,air_temperature,northward_wind,eastward_wind,cloud_liquid_water,cloud_liquid_ice,rain_water,snow_water,graupel,equivalent_reflectivity_factor,upward_air_velocity) , stream name => ensemble} , output => {filename => mpasout.nc , stream name => analysis} , variational => {minimizer => {algorithm => DRPCG} , iterations => ({geometry => {nml_file => ./namelist.atmosphere , streams_file => ./streams.atmosphere , deallocate non-da fields => true , interpolation type => unstructured} , gradient norm reduction => 0.001 , ninner => 75})} , cost function => {cost type => 3D-Var , time window => {begin => 2026-05-23T08:00:00Z , length => PT4H} , jb evaluation => false , geometry => {nml_file => ./namelist.atmosphere , streams_file => ./streams.atmosphere , deallocate non-da fields => true , interpolation type => unstructured} , analysis variables => (water_vapor_mixing_ratio_wrt_moist_air,air_pressure_at_surface,air_temperature,northward_wind,eastward_wind,cloud_liquid_water,cloud_liquid_ice,rain_water,snow_water,graupel,equivalent_reflectivity_factor,upward_air_velocity) , background => {state variables => (water_vapor_mixing_ratio_wrt_moist_air,air_pressure_at_surface,air_temperature,northward_wind,eastward_wind,air_potential_temperature,dry_air_density,u,water_vapor_mixing_ratio_wrt_dry_air,air_pressure,landmask,seaice_fraction,snowc,skin_temperature_at_surface,ivgtyp,isltyp,snowh,vegetation_area_fraction,air_temperature_at_2m,water_vapor_mixing_ratio_wrt_moist_air_at_2m,eastward_wind_at_10m,northward_wind_at_10m,lai,smois,tslb,pressure_p,cloud_liquid_water,cloud_liquid_ice,graupel,rain_water,snow_water,cldfrac,equivalent_reflectivity_factor,w,upward_air_velocity) , filename => mpasout.nc , date => 2026-05-23T10:00:00Z} , background error => {covariance model => ensemble , localization => {localization method => SABER , saber central block => {saber block name => diffusion , active variables => (water_vapor_mixing_ratio_wrt_moist_air,air_pressure_at_surface,air_temperature,northward_wind,eastward_wind,cloud_liquid_water,cloud_liquid_ice,rain_water,snow_water,graupel,equivalent_reflectivity_factor,upward_air_velocity) , read => {groups => ({variables => (water_vapor_mixing_ratio_wrt_moist_air,air_pressure_at_surface,air_temperature,northward_wind,eastward_wind,cloud_liquid_water,cloud_liquid_ice,rain_water,snow_water,graupel,equivalent_reflectivity_factor,upward_air_velocity) , multivariate strategy => duplicated , horizontal => {filepath => data/diffusionloc/mpas_conus3km.diffusion_hz} , vertical => {levels => 59 , filepath => data/diffusionloc/mpas_conus3km.diffusion_vt}})}}} , members from template => {template => {date => 2026-05-23T10:00:00Z , state variables => (water_vapor_mixing_ratio_wrt_moist_air,air_pressure_at_surface,air_temperature,northward_wind,eastward_wind,cloud_liquid_water,cloud_liquid_ice,rain_water,snow_water,graupel,equivalent_reflectivity_factor,upward_air_velocity) , stream name => ensemble , filename => ./data/ens/mem%iMember%.nc} , pattern => %iMember% , start => 1 , zero padding => 3 , nmembers => 30}} , observations => {observers => ({obs space => {name => refl10cm , distribution => {name => RoundRobin , halo size => 500000} , obsdatain => {engine => {type => H5File , obsfile => data/obs/ioda_mrms_refl.nc , missing file action => warn}} , obsdataout => {engine => {type => H5File , allow overwrite => true , obsfile => jdiag_mrms_refl.nc}} , io pool => {write multiple files => false} , _source => mrms , simulated variables => (equivalentReflectivityFactor)} , obs operator => {name => VertInterp , vertical coordinate => height_above_mean_sea_level , observation vertical coordinate => height , interpolation method => linear , observation alias file => obsop_name_map.yaml} , obs localizations => ({localization method => Horizontal Gaspari-Cohn , lengthscale => 200000}) , _obsname => refl10cm , obs filters => ({filter => Background Check , filter variables => ({name => equivalentReflectivityFactor}) , threshold => 12 , action => {name => reject}})})}}}]
OOPS_STATS ObjectCountHelper started.
OOPS_STATS Run start                                - Runtime:      1.27 sec,  Memory: total:   104.06 GB, per task: min =   128.97 MB, max =   130.55 MB
Run: Starting oops::Variational<MPAS, UFO and IODA observations>
OOPS_STATS Variational start                        - Runtime:     1.28 sec,  Local Memory:   130.55 MB
==> create geom
atlas::mpi::push(world)
Increase halo 1
atlas::mpi::pop(world)
atlas::mpi::push(world)
atlas::mpi::pop(world)
atlas::mpi::push(world)
atlas::mpi::pop(world)
atlas::mpi::push(world)
atlas::mpi::pop(world)
refl10cm: read database from data/obs/ioda_mrms_refl.nc (io pool size: 800)
refl10cm processed vars: 1 Variables: equivalentReflectivityFactor
refl10cm assimilated vars: 1 Variables: equivalentReflectivityFactor
refl10cm: 0 observations are outside of time window out of 3854918
refl10cm: 0 observations were rejected by QC checks out of 3854918
No bias-correction is performed for this ObsSpace.
3DVar window: TimeWindow: start = 2026-05-23T08:00:00Z, end = 2026-05-23T12:00:00Z, inclusive upper bound.

OOPS_STATS IncrementalAssimilation start            - Runtime:    30.32 sec,  Local Memory:     2.50 GB
Running incremental assimilation with 1 outer iterations.
Minimizer algorithm=DRPCG
QNewtonLMP: maxouter : 1
IncrementalAssimilation: Configuration for outer iteration 0:
LocalConfiguration[root={geometry => {nml_file => ./namelist.atmosphere , streams_file => ./streams.atmosphere , deallocate non-da fields => true , interpolation type => unstructured} , gradient norm reduction => 0.001 , ninner => 75 , iteration => 0 , total iterations => 1}]
OOPS_STATS IncrementalAssimilation iteration 0      - Runtime:    30.32 sec,  Local Memory:     2.50 GB
==> create geom
atlas::mpi::push(world)
Increase halo 1
atlas::mpi::pop(world)
atlas::mpi::push(world)
atlas::mpi::pop(world)
atlas::mpi::push(world)
atlas::mpi::pop(world)
atlas::mpi::push(world)
atlas::mpi::pop(world)
Key "mesh[address=0x4503870],halo[size=1]" not found in cache "NodeColumnsHaloExchangeCache" , creating new, removable with key "mesh[address=0x4503870],halo[size=1]"
Key "mesh[address=0x7b7e640],halo[size=1]" not found in cache "NodeColumnsHaloExchangeCache" , creating new, removable with key "mesh[address=0x7b7e640],halo[size=1]"
processWhere: selected 0 obs.
BackgroundCheck obserr: 
refl10cm equivalentReflectivityFactor nlocs = 3854918, nobs = 3854918, min = 5, max = 5, avg = 5
processing a float: 12
ObsErrorDiagonal covariance updated 3722865
Observer::finalize QC = 
refl10cm equivalentReflectivityFactor nlocs = 3854918, nobs = 3854918, min = 0, max = 19, avg = 0
CostJo Observations: 
refl10cm nobs= 3854918 Min=0, Max=59.8699, RMS=5.27634

Jo Observations:
Jo Obs :refl10cm:equivalentReflectivityFactor   : Nobs=  3722865, Min= 0.000000e+00, Max= 5.986988e+01, RMS= 5.345289e+00
Jo Observations Equivalent:
Jo H(x):refl10cm:equivalentReflectivityFactor   : Nobs=  3722865, Min= 0.000000e+00, Max= 5.955017e+01, RMS= 5.002275e+00
Jo Bias Corrected Departures:
Jo Dep :refl10cm:equivalentReflectivityFactor   : Nobs=  3722865, Min=-5.986988e+01, Max= 5.899261e+01, RMS= 4.437109e+00
Jo Observations Errors:
UFO Diagonal observation error covariance, inverse variances: refl10cm nobs= 3722865 Min=0.04, Max=0.04, RMS=0.04



CostJo   : Nonlinear Jo(refl10cm) = 1.46591e+06, nobs = 3722865, Jo/n = 0.393759, err = 5
CostJo   : Nonlinear Jo = 1.46591e+06
Increment:diff x1 4
Increment:diff x2 35
Increment:diff x1 5
Increment:diff x2 36
Increment:diff x1 6
Increment:diff x2 37
Increment:diff x1 7
Increment:diff x2 38
Increment:diff x1 8
Increment:diff x2 39
Increment:diff x1 9
Increment:diff x2 40
Increment:diff x1 10
Increment:diff x2 41
Increment:diff x1 11
Increment:diff x2 42
Increment:diff x1 12
Increment:diff x2 43
Increment:diff x1 13
Increment:diff x2 44
Increment:diff x1 14
Increment:diff x2 45
Increment:diff x1 15
Increment:diff x2 46
Increment:diff x1 16
Increment:diff x2 47
Increment:diff x1 17
Increment:diff x2 48
Increment:diff x1 18
Increment:diff x2 49
Increment:diff x1 19
Increment:diff x2 50
Increment:diff x1 20
Increment:diff x2 51
Increment:diff x1 21
Increment:diff x2 52
Increment:diff x1 22
Increment:diff x2 53
Increment:diff x1 23
Increment:diff x2 54
Increment:diff x1 24
Increment:diff x2 55
Increment:diff x1 25
Increment:diff x2 56
Increment:diff x1 26
Increment:diff x2 57
Increment:diff x1 27
Increment:diff x2 58
Increment:diff x1 28
Increment:diff x2 59
Increment:diff x1 29
Increment:diff x2 60
Increment:diff x1 30
Increment:diff x2 61
Increment:diff x1 31
Increment:diff x2 62
Increment:diff x1 32
Increment:diff x2 63
Increment:diff x1 33
Increment:diff x2 64
Info     : Prepare ensemble configuration
Info     : Read full ensemble
Info     : Creating central block: 
Info     : SaberCentralBlock using multivariate strategy: deprecated
Info     : Creating single central block.
Info     : Read data

==================================================================================
 saber::Diffusion read
----------------------------------------------------------------------------------

group 1 of 1
atlas::mpi::push(world)
atlas::mpi::pop(world)
variables: [water_vapor_mixing_ratio_wrt_moist_air,air_pressure_at_surface,air_temperature,northward_wind,eastward_wind,cloud_liquid_water,cloud_liquid_ice,rain_water,snow_water,graupel,equivalent_reflectivity_factor,upward_air_velocity]
multivariate strategy: duplicated
Reading horizontal parameters
  levels: 1
Key "mesh[address=0x7b7e640]" not found in cache "NodeColumnsGatherScatterCache" , creating new, removable with key "mesh[address=0x7b7e640]"
  Info     : Reading file: data/diffusionloc/mpas_conus3km.diffusion_hz.nc
atlas::mpi::push(world)
atlas::mpi::pop(world)
  hzScales:  min: 4087.19  mean: 4087.19  max: 4087.19
  hzNorm:    min: 2.4414  mean: 3.71484  max: 4.05626
Reading vertical parameters
  levels: 59
  vertical strategy: normal
  Info     : Reading file: data/diffusionloc/mpas_conus3km.diffusion_vt.nc
atlas::mpi::push(world)
atlas::mpi::pop(world)
  vtScales:  min: 11  mean: 11  max: 11
  vtNorm:    min: 3.7178  mean: 4.83632  max: 5.25235
Diffusion: horizontal iterations: 6
Diffusion: vertical iterations: 242
Increment:diff x1 2
Increment:diff x2 1
==================================================================================

CostJb: FG-BG
  Valid time: 2026-05-23T10:00:00Z
  Resolution: nCellsGlobal = 2341818, nFields = 12
Fld=1  Min=0, Max=0, RMS=0 : water_vapor_mixing_ratio_wrt_moist_air
Fld=2  Min=0, Max=0, RMS=0 : air_pressure_at_surface
Fld=3  Min=0, Max=0, RMS=0 : air_temperature
Fld=4  Min=0, Max=0, RMS=0 : northward_wind
Fld=5  Min=0, Max=0, RMS=0 : eastward_wind
Fld=6  Min=0, Max=0, RMS=0 : cloud_liquid_water
Fld=7  Min=0, Max=0, RMS=0 : cloud_liquid_ice
Fld=8  Min=0, Max=0, RMS=0 : rain_water
Fld=9  Min=0, Max=0, RMS=0 : snow_water
Fld=10  Min=0, Max=0, RMS=0 : graupel
Fld=11  Min=0, Max=0, RMS=0 : equivalent_reflectivity_factor
Fld=12  Min=0, Max=0, RMS=0 : upward_air_velocity
Increment:diff x1 2
Increment:diff x2 1
CostJb: FG-BG
  Valid time: 2026-05-23T10:00:00Z
  Resolution: nCellsGlobal = 2341818, nFields = 12
Fld=1  Min=0, Max=0, RMS=0 : water_vapor_mixing_ratio_wrt_moist_air
Fld=2  Min=0, Max=0, RMS=0 : air_pressure_at_surface
Fld=3  Min=0, Max=0, RMS=0 : air_temperature
Fld=4  Min=0, Max=0, RMS=0 : northward_wind
Fld=5  Min=0, Max=0, RMS=0 : eastward_wind
Fld=6  Min=0, Max=0, RMS=0 : cloud_liquid_water
Fld=7  Min=0, Max=0, RMS=0 : cloud_liquid_ice
Fld=8  Min=0, Max=0, RMS=0 : rain_water
Fld=9  Min=0, Max=0, RMS=0 : snow_water
Fld=10  Min=0, Max=0, RMS=0 : graupel
Fld=11  Min=0, Max=0, RMS=0 : equivalent_reflectivity_factor
Fld=12  Min=0, Max=0, RMS=0 : upward_air_velocity
CostFunction: Nonlinear J = 1.46591e+06
OOPS_STATS IncrementalAssimilation linearize 0      - Runtime:   130.60 sec,  Local Memory:     7.26 GB

DRPCGMinimizer: max iter = 75, requested norm reduction = 0.001
CostFunction::computeGradientFG: gradient:
  Valid time: 2026-05-23T10:00:00Z
  Resolution: nCellsGlobal = 2341818, nFields = 12
Fld=1  Min=0, Max=0, RMS=0 : water_vapor_mixing_ratio_wrt_moist_air
Fld=2  Min=0, Max=0, RMS=0 : air_pressure_at_surface
Fld=3  Min=0, Max=0, RMS=0 : air_temperature
Fld=4  Min=0, Max=0, RMS=0 : northward_wind
Fld=5  Min=0, Max=0, RMS=0 : eastward_wind
Fld=6  Min=0, Max=0, RMS=0 : cloud_liquid_water
Fld=7  Min=0, Max=0, RMS=0 : cloud_liquid_ice
Fld=8  Min=0, Max=0, RMS=0 : rain_water
Fld=9  Min=0, Max=0, RMS=0 : snow_water
Fld=10  Min=0, Max=0, RMS=0 : graupel
Fld=11  Min=-1.65735, Max=1.92553, RMS=0.0169553 : equivalent_reflectivity_factor
Fld=12  Min=0, Max=0, RMS=0 : upward_air_velocity
DRPCGMinimizer rhs
  Valid time: 2026-05-23T10:00:00Z
  Resolution: nCellsGlobal = 2341818, nFields = 12
Fld=1  Min=-0, Max=-0, RMS=0 : water_vapor_mixing_ratio_wrt_moist_air
Fld=2  Min=-0, Max=-0, RMS=0 : air_pressure_at_surface
Fld=3  Min=-0, Max=-0, RMS=0 : air_temperature
Fld=4  Min=-0, Max=-0, RMS=0 : northward_wind
Fld=5  Min=-0, Max=-0, RMS=0 : eastward_wind
Fld=6  Min=-0, Max=-0, RMS=0 : cloud_liquid_water
Fld=7  Min=-0, Max=-0, RMS=0 : cloud_liquid_ice
Fld=8  Min=-0, Max=-0, RMS=0 : rain_water
Fld=9  Min=-0, Max=-0, RMS=0 : snow_water
Fld=10  Min=-0, Max=-0, RMS=0 : graupel
Fld=11  Min=-1.92553, Max=1.65735, RMS=0.0169553 : equivalent_reflectivity_factor
Fld=12  Min=-0, Max=-0, RMS=0 : upward_air_velocity
Initial RHS squared norm = 39720.7
OOPS_STATS DRPCG start                              - Runtime:   130.76 sec,  Local Memory:     7.26 GB
normr0 39720.7
  Residual norm ( 0) = 7417.719097878893
  Norm reduction ( 0) = 1

  Quadratic cost function: J   ( 0) = 1465910.264191525
  Quadratic cost function: Jb  ( 0) = 0
  Quadratic cost function: JoJc( 0) = 1465910.264191525


 DRPCG Starting Iteration 1
OOPS_STATS DRPCG iteration 1                        - Runtime:   136.16 sec,  Local Memory:     7.26 GB
rdots 1.97122e+07      iteration    0
DRPCG end of iteration 1
  Residual norm ( 1) = 4439.839229998507
  Norm reduction ( 1) = 0.5985450744917107

  Quadratic cost function: J   ( 1) = 910031.781459522
  Quadratic cost function: Jb  ( 1) = 11231.78952684238
  Quadratic cost function: JoJc( 1) = 898799.9919326795

 DRPCG Starting Iteration 2
OOPS_STATS DRPCG iteration 2                        - Runtime:   141.58 sec,  Local Memory:     7.26 GB
rdots 1.02423e+07      iteration    1
DRPCG end of iteration 2
  Residual norm ( 2) = 3200.356571234466
  Norm reduction ( 2) = 0.4314475284120172

  Quadratic cost function: J   ( 2) = 732518.8999462074
  Quadratic cost function: Jb  ( 2) = 22747.72544010437
  Quadratic cost function: JoJc( 2) = 709771.174506103

 DRPCG Starting Iteration 3
OOPS_STATS DRPCG iteration 3                        - Runtime:   147.19 sec,  Local Memory:     7.26 GB
rdots 6.11442e+06      iteration    2
DRPCG end of iteration 3
  Residual norm ( 3) = 2472.736313318287
  Norm reduction ( 3) = 0.3333553455839773

  Quadratic cost function: J   ( 3) = 643128.6008766254
  Quadratic cost function: Jb  ( 3) = 33395.0562826168
  Quadratic cost function: JoJc( 3) = 609733.5445940086

 DRPCG Starting Iteration 4
OOPS_STATS DRPCG iteration 4                        - Runtime:   153.19 sec,  Local Memory:     7.26 GB
rdots 3.65093e+06      iteration    3
DRPCG end of iteration 4
  Residual norm ( 4) = 1910.740913114477
  Norm reduction ( 4) = 0.2575914358445922

  Quadratic cost function: J   ( 4) = 587945.4024187555
  Quadratic cost function: Jb  ( 4) = 43621.32986361691
  Quadratic cost function: JoJc( 4) = 544324.0725551385

 DRPCG Starting Iteration 5
OOPS_STATS DRPCG iteration 5                        - Runtime:   158.70 sec,  Local Memory:     7.26 GB
rdots 2.32039e+06      iteration    4
DRPCG end of iteration 5
  Residual norm ( 5) = 1523.282016072072
  Norm reduction ( 5) = 0.2053571988871426

  Quadratic cost function: J   ( 5) = 551067.2862956868
  Quadratic cost function: Jb  ( 5) = 53441.73005206333
  Quadratic cost function: JoJc( 5) = 497625.5562436235

 DRPCG Starting Iteration 6
rdots 1.5915e+06      iteration    5
DRPCG end of iteration 6
  Residual norm ( 6) = 1261.545957786714
  Norm reduction ( 6) = 0.1700719508436838

  Quadratic cost function: J   ( 6) = 526491.140853449
  Quadratic cost function: Jb  ( 6) = 62331.20849656189
  Quadratic cost function: JoJc( 6) = 464159.9323568871

 DRPCG Starting Iteration 7
rdots 1.0241e+06      iteration    6
DRPCG end of iteration 7
  Residual norm ( 7) = 1011.978665003203
  Norm reduction ( 7) = 0.1364272024391676

  Quadratic cost function: J   ( 7) = 509191.5168657419
  Quadratic cost function: Jb  ( 7) = 70464.28960371905
  Quadratic cost function: JoJc( 7) = 438727.2272620229

 DRPCG Starting Iteration 8
rdots 782444      iteration    7
DRPCG end of iteration 8
  Residual norm ( 8) = 884.5584062108926
  Norm reduction ( 8) = 0.1192493803740604

  Quadratic cost function: J   ( 8) = 497235.4318318311
  Quadratic cost function: Jb  ( 8) = 77527.96172953807
  Quadratic cost function: JoJc( 8) = 419707.4701022931

 DRPCG Starting Iteration 9
rdots 541644      iteration    8
DRPCG end of iteration 9
  Residual norm ( 9) = 735.9647378724217
  Norm reduction ( 9) = 0.09921712161934951

  Quadratic cost function: J   ( 9) = 489036.7660572003
  Quadratic cost function: Jb  ( 9) = 83415.95883435517
  Quadratic cost function: JoJc( 9) = 405620.8072228451

 DRPCG Starting Iteration 10
OOPS_STATS DRPCG iteration 10                       - Runtime:   187.13 sec,  Local Memory:     7.26 GB
rdots 377135      iteration    9
DRPCG end of iteration 10
  Residual norm (10) = 614.113546808689
  Norm reduction (10) = 0.08279007855451086

  Quadratic cost function: J   (10) = 482739.6925742468
  Quadratic cost function: Jb  (10) = 88799.9561666511
  Quadratic cost function: JoJc(10) = 393939.7364075957

 DRPCG Starting Iteration 11
rdots 307365      iteration    10
DRPCG end of iteration 11
  Residual norm (11) = 554.4050579558015
  Norm reduction (11) = 0.07474063801018486

  Quadratic cost function: J   (11) = 478502.3149205146
  Quadratic cost function: Jb  (11) = 93032.72862384001
  Quadratic cost function: JoJc(11) = 385469.5862966746

 DRPCG Starting Iteration 12
rdots 200071      iteration    11
DRPCG end of iteration 12
  Residual norm (12) = 447.2925954472024
  Norm reduction (12) = 0.06030055729329333

  Quadratic cost function: J   (12) = 475501.0287232618
  Quadratic cost function: Jb  (12) = 96455.02854261125
  Quadratic cost function: JoJc(12) = 379046.0001806505

 DRPCG Starting Iteration 13
rdots 146041      iteration    12
DRPCG end of iteration 13
  Residual norm (13) = 382.153210088159
  Norm reduction (13) = 0.05151896493322809

  Quadratic cost function: J   (13) = 473060.1170735452
  Quadratic cost function: Jb  (13) = 99607.92718600828
  Quadratic cost function: JoJc(13) = 373452.1898875369

 DRPCG Starting Iteration 14
rdots 106610      iteration    13
DRPCG end of iteration 14
  Residual norm (14) = 326.5112048580352
  Norm reduction (14) = 0.04401773652380575

  Quadratic cost function: J   (14) = 471425.5283680415
  Quadratic cost function: Jb  (14) = 101977.9654843131
  Quadratic cost function: JoJc(14) = 369447.5628837284

 DRPCG Starting Iteration 15
OOPS_STATS DRPCG iteration 15                       - Runtime:   215.95 sec,  Local Memory:     7.26 GB
rdots 76397.9      iteration    14
DRPCG end of iteration 15
  Residual norm (15) = 276.4017782925431
  Norm reduction (15) = 0.03726236793889655

  Quadratic cost function: J   (15) = 470183.1417268396
  Quadratic cost function: Jb  (15) = 103976.3928719118
  Quadratic cost function: JoJc(15) = 366206.7488549278

 DRPCG Starting Iteration 16
rdots 60451.6      iteration    15
DRPCG end of iteration 16
  Residual norm (16) = 245.869171667413
  Norm reduction (16) = 0.03314619607767563

  Quadratic cost function: J   (16) = 469369.6292023448
  Quadratic cost function: Jb  (16) = 105412.3174292355
  Quadratic cost function: JoJc(16) = 363957.3117731093

 DRPCG Starting Iteration 17
rdots 39622.9      iteration    16
DRPCG end of iteration 17
  Residual norm (17) = 199.0551044419966
  Norm reduction (17) = 0.02683508256586808

  Quadratic cost function: J   (17) = 468733.5094006341
  Quadratic cost function: Jb  (17) = 106633.32246831
  Quadratic cost function: JoJc(17) = 362100.1869323241

 DRPCG Starting Iteration 18
rdots 30513.5      iteration    17
DRPCG end of iteration 18
  Residual norm (18) = 174.6811090044987
  Norm reduction (18) = 0.02354916743267469

  Quadratic cost function: J   (18) = 468270.0677948737
  Quadratic cost function: Jb  (18) = 107597.444645247
  Quadratic cost function: JoJc(18) = 360672.6231496268

 DRPCG Starting Iteration 19
rdots 21775      iteration    18
DRPCG end of iteration 19
  Residual norm (19) = 147.5636158348853
  Norm reduction (19) = 0.01989339497596792

  Quadratic cost function: J   (19) = 467942.9906397611
  Quadratic cost function: Jb  (19) = 108330.2772529024
  Quadratic cost function: JoJc(19) = 359612.7133868587

 DRPCG Starting Iteration 20
OOPS_STATS DRPCG iteration 20                       - Runtime:   244.78 sec,  Local Memory:     7.26 GB
rdots 15152.5      iteration    19
DRPCG end of iteration 20
  Residual norm (20) = 123.0953590761776
  Norm reduction (20) = 0.01659477225436817

  Quadratic cost function: J   (20) = 467694.2714190823
  Quadratic cost function: Jb  (20) = 108927.7513310866
  Quadratic cost function: JoJc(20) = 358766.5200879957

 DRPCG Starting Iteration 21
rdots 10741.1      iteration    20
DRPCG end of iteration 21
  Residual norm (21) = 103.6393950601996
  Norm reduction (21) = 0.01397186839952397

  Quadratic cost function: J   (21) = 467514.5018220261
  Quadratic cost function: Jb  (21) = 109389.5046895391
  Quadratic cost function: JoJc(21) = 358124.997132487

 DRPCG Starting Iteration 22
rdots 7704.21      iteration    21
DRPCG end of iteration 22
  Residual norm (22) = 87.77361842537086
  Norm reduction (22) = 0.01183296607315176

  Quadratic cost function: J   (22) = 467382.9474983776
  Quadratic cost function: Jb  (22) = 109749.6765214175
  Quadratic cost function: JoJc(22) = 357633.2709769602

 DRPCG Starting Iteration 23
rdots 5867.78      iteration    22
DRPCG end of iteration 23
  Residual norm (23) = 76.6014325602775
  Norm reduction (23) = 0.01032681765775975

  Quadratic cost function: J   (23) = 467293.8928607766
  Quadratic cost function: Jb  (23) = 110008.3426764104
  Quadratic cost function: JoJc(23) = 357285.5501843662

 DRPCG Starting Iteration 24
rdots 3848.73      iteration    23
DRPCG end of iteration 24
  Residual norm (24) = 62.03812051310481
  Norm reduction (24) = 0.008363503618092615

  Quadratic cost function: J   (24) = 467225.5374881205
  Quadratic cost function: Jb  (24) = 110218.2778737187
  Quadratic cost function: JoJc(24) = 357007.2596144018

 DRPCG Starting Iteration 25
OOPS_STATS DRPCG iteration 25                       - Runtime:   274.38 sec,  Local Memory:     7.26 GB
rdots 2843.29      iteration    24
DRPCG end of iteration 25
  Residual norm (25) = 53.32247964965333
  Norm reduction (25) = 0.00718852775982053

  Quadratic cost function: J   (25) = 467176.7795332129
  Quadratic cost function: Jb  (25) = 110376.4068903833
  Quadratic cost function: JoJc(25) = 356800.3726428296

 DRPCG Starting Iteration 26
rdots 2156.82      iteration    25
DRPCG end of iteration 26
  Residual norm (26) = 46.44155081953819
  Norm reduction (26) = 0.006260893706910284

  Quadratic cost function: J   (26) = 467144.7263500668
  Quadratic cost function: Jb  (26) = 110485.6705137729
  Quadratic cost function: JoJc(26) = 356659.055836294

 DRPCG Starting Iteration 27
rdots 1475.08      iteration    26
DRPCG end of iteration 27
  Residual norm (27) = 38.4067548050158
  Norm reduction (27) = 0.005177704129561642

  Quadratic cost function: J   (27) = 467120.6738961885
  Quadratic cost function: Jb  (27) = 110571.5369711842
  Quadratic cost function: JoJc(27) = 356549.1369250043

 DRPCG Starting Iteration 28
rdots 1017.13      iteration    27
DRPCG end of iteration 28
  Residual norm (28) = 31.89248870784742
  Norm reduction (28) = 0.004299500734257666

  Quadratic cost function: J   (28) = 467102.739919154
  Quadratic cost function: Jb  (28) = 110638.5583363604
  Quadratic cost function: JoJc(28) = 356464.1815827935

 DRPCG Starting Iteration 29
rdots 758.351      iteration    28
DRPCG end of iteration 29
  Residual norm (29) = 27.53816885117071
  Norm reduction (29) = 0.003712484725802745

  Quadratic cost function: J   (29) = 467090.2186158858
  Quadratic cost function: Jb  (29) = 110687.4745204958
  Quadratic cost function: JoJc(29) = 356402.74409539

 DRPCG Starting Iteration 30
OOPS_STATS DRPCG iteration 30                       - Runtime:   304.04 sec,  Local Memory:     7.26 GB
rdots 519.999      iteration    29
DRPCG end of iteration 30
  Residual norm (30) = 22.80349065498907
  Norm reduction (30) = 0.00307419172310121

  Quadratic cost function: J   (30) = 467081.2245836405
  Quadratic cost function: Jb  (30) = 110724.1254516068
  Quadratic cost function: JoJc(30) = 356357.0991320336

 DRPCG Starting Iteration 31
rdots 357.828      iteration    30
DRPCG end of iteration 31
  Residual norm (31) = 18.91634318344781
  Norm reduction (31) = 0.002550156312721112

  Quadratic cost function: J   (31) = 467074.503870576
  Quadratic cost function: Jb  (31) = 110752.6749637106
  Quadratic cost function: JoJc(31) = 356321.8289068655

 DRPCG Starting Iteration 32
rdots 257.231      iteration    31
DRPCG end of iteration 32
  Residual norm (32) = 16.03841300429616
  Norm reduction (32) = 0.002162175837702234

  Quadratic cost function: J   (32) = 467069.8379984868
  Quadratic cost function: Jb  (32) = 110773.3189107509
  Quadratic cost function: JoJc(32) = 356296.5190877359

 DRPCG Starting Iteration 33
rdots 181.795      iteration    32
DRPCG end of iteration 33
  Residual norm (33) = 13.48314187911333
  Norm reduction (33) = 0.001817693781767613

  Quadratic cost function: J   (33) = 467066.647320475
  Quadratic cost function: Jb  (33) = 110787.9862737468
  Quadratic cost function: JoJc(33) = 356278.6610467281

 DRPCG Starting Iteration 34
rdots 131.788      iteration    33
DRPCG end of iteration 34
  Residual norm (34) = 11.47989517936487
  Norm reduction (34) = 0.001547631425224441

  Quadratic cost function: J   (34) = 467064.2707198741
  Quadratic cost function: Jb  (34) = 110799.3250868995
  Quadratic cost function: JoJc(34) = 356264.9456329746

 DRPCG Starting Iteration 35
OOPS_STATS DRPCG iteration 35                       - Runtime:   334.32 sec,  Local Memory:     7.26 GB
rdots 98.1741      iteration    34
DRPCG end of iteration 35
  Residual norm (35) = 9.908283608749239
  Norm reduction (35) = 0.001335758806447999

  Quadratic cost function: J   (35) = 467062.654199741
  Quadratic cost function: Jb  (35) = 110807.3197307201
  Quadratic cost function: JoJc(35) = 356255.3344690208

 DRPCG Starting Iteration 36
rdots 71.3207      iteration    35
DRPCG end of iteration 36
  Residual norm (36) = 8.445160466009366
  Norm reduction (36) = 0.001138511765486546

  Quadratic cost function: J   (36) = 467061.5383968597
  Quadratic cost function: Jb  (36) = 110813.0242147355
  Quadratic cost function: JoJc(36) = 356248.5141821242

 DRPCG Starting Iteration 37
rdots 52.0497      iteration    36
DRPCG end of iteration 37
  Residual norm (37) = 7.214549638777656
  Norm reduction (37) = 0.0009726102516932283

  Quadratic cost function: J   (37) = 467060.7393558618
  Quadratic cost function: Jb  (37) = 110817.2390525238
  Quadratic cost function: JoJc(37) = 356243.500303338

DRPCG: Achieved required reduction in residual norm.
OOPS_STATS DRPCG end                                - Runtime:   353.35 sec,  Local Memory:     7.26 GB
DRPCGMinimizer: reduction in residual norm = 0.00097261
DRPCGMinimizer output increment:
  Valid time: 2026-05-23T10:00:00Z
  Resolution: nCellsGlobal = 2341818, nFields = 12
Fld=1  Min=-0.00994072, Max=0.0142631, RMS=0.000101016 : water_vapor_mixing_ratio_wrt_moist_air
Fld=2  Min=-139.015, Max=127.576, RMS=2.76779 : air_pressure_at_surface
Fld=3  Min=-9.33672, Max=13.481, RMS=0.102774 : air_temperature
Fld=4  Min=-29.7778, Max=27.2365, RMS=0.404085 : northward_wind
Fld=5  Min=-49.7615, Max=40.8817, RMS=0.446335 : eastward_wind
Fld=6  Min=-0.00698333, Max=0.00623704, RMS=2.01082e-05 : cloud_liquid_water
Fld=7  Min=-0.00133578, Max=0.0016693, RMS=3.41067e-06 : cloud_liquid_ice
Fld=8  Min=-0.00678102, Max=0.0051253, RMS=3.1538e-05 : rain_water
Fld=9  Min=-0.00487256, Max=0.00603883, RMS=5.78834e-05 : snow_water
Fld=10  Min=-0.00674618, Max=0.00748262, RMS=2.90347e-05 : graupel
Fld=11  Min=-74.9421, Max=84.1234, RMS=2.37722 : equivalent_reflectivity_factor
Fld=12  Min=0, Max=0, RMS=0 : upward_air_velocity
CostFunction::addIncrement: First guess:
  Valid time: 2026-05-23T10:00:00Z
  Resolution: nCellsGlobal = 2341818, nFields = 35
Fld=1  Min=0, Max=0.0224223, RMS=0.00578392 : water_vapor_mixing_ratio_wrt_moist_air
Fld=2  Min=63173.4, Max=103557, RMS=96684.4 : air_pressure_at_surface
Fld=3  Min=184.229, Max=306.254, RMS=258.474 : air_temperature
Fld=4  Min=-45.4432, Max=42.0759, RMS=6.88403 : northward_wind
Fld=5  Min=-25.3444, Max=74.4033, RMS=11.512 : eastward_wind
Fld=6  Min=266.331, Max=647.262, RMS=354.657 : air_potential_temperature
Fld=7  Min=0.0382939, Max=1.31406, RMS=0.790136 : dry_air_density
Fld=8  Min=-78.4941, Max=78.2608, RMS=9.51445 : u
Fld=9  Min=0, Max=0.0229366, RMS=0.00585507 : water_vapor_mixing_ratio_wrt_dry_air
Fld=10  Min=2435.61, Max=103441, RMS=64328 : air_pressure
Fld=11  Min=0, Max=1, RMS=0.790008 : landmask
Fld=12  Min=0, Max=1, RMS=0.0639752 : seaice_fraction
Fld=13  Min=0, Max=1, RMS=0.0728812 : snowc
Fld=14  Min=248.65, Max=303.738, RMS=287.264 : skin_temperature_at_surface
Fld=15  Min=1, Max=19, RMS=12.7664 : ivgtyp
Fld=16  Min=1, Max=16, RMS=9.97061 : isltyp
Fld=17  Min=0, Max=7.5, RMS=0.172637 : snowh
Fld=18  Min=0, Max=0.91134, RMS=0.392459 : vegetation_area_fraction
Fld=19  Min=262.551, Max=304.25, RMS=287.389 : air_temperature_at_2m
Fld=20  Min=0.000371521, Max=0.0219074, RMS=0.0106621 : water_vapor_mixing_ratio_wrt_moist_air_at_2m
Fld=21  Min=-23.9992, Max=24.5646, RMS=3.40746 : eastward_wind_at_10m
Fld=22  Min=-19.0246, Max=27.5099, RMS=3.1093 : northward_wind_at_10m
Fld=23  Min=0, Max=6.54018, RMS=1.53334 : lai
Fld=24  Min=0.00200001, Max=1, RMS=0.635382 : smois
Fld=25  Min=260.746, Max=309.424, RMS=288.454 : tslb
Fld=26  Min=-958.729, Max=5926.47, RMS=3097.45 : pressure_p
Fld=27  Min=0, Max=0.00745728, RMS=6.10461e-05 : cloud_liquid_water
Fld=28  Min=0, Max=0.00332806, RMS=5.3534e-06 : cloud_liquid_ice
Fld=29  Min=0, Max=0.0163355, RMS=3.84467e-05 : graupel
Fld=30  Min=0, Max=0.00942026, RMS=4.71356e-05 : rain_water
Fld=31  Min=0, Max=0.00604579, RMS=8.30597e-05 : snow_water
Fld=32  Min=0, Max=1, RMS=0.241728 : cldfrac
Fld=33  Min=0, Max=71.0689, RMS=4.52217 : equivalent_reflectivity_factor
Fld=34  Min=-13.0501, Max=40.0291, RMS=0.15181 : w
Fld=35  Min=0, Max=0, RMS=0 : upward_air_velocity
CostFunction::addIncrement: Increment:
  Valid time: 2026-05-23T10:00:00Z
  Resolution: nCellsGlobal = 2341818, nFields = 12
Fld=1  Min=-0.00994072, Max=0.0142631, RMS=0.000101016 : water_vapor_mixing_ratio_wrt_moist_air
Fld=2  Min=-139.015, Max=127.576, RMS=2.76779 : air_pressure_at_surface
Fld=3  Min=-9.33672, Max=13.481, RMS=0.102774 : air_temperature
Fld=4  Min=-29.7778, Max=27.2365, RMS=0.404085 : northward_wind
Fld=5  Min=-49.7615, Max=40.8817, RMS=0.446335 : eastward_wind
Fld=6  Min=-0.00698333, Max=0.00623704, RMS=2.01082e-05 : cloud_liquid_water
Fld=7  Min=-0.00133578, Max=0.0016693, RMS=3.41067e-06 : cloud_liquid_ice
Fld=8  Min=-0.00678102, Max=0.0051253, RMS=3.1538e-05 : rain_water
Fld=9  Min=-0.00487256, Max=0.00603883, RMS=5.78834e-05 : snow_water
Fld=10  Min=-0.00674618, Max=0.00748262, RMS=2.90347e-05 : graupel
Fld=11  Min=-74.9421, Max=84.1234, RMS=2.37722 : equivalent_reflectivity_factor
Fld=12  Min=0, Max=0, RMS=0 : upward_air_velocity
CostFunction::addIncrement: Analysis: 
  Valid time: 2026-05-23T10:00:00Z
  Resolution: nCellsGlobal = 2341818, nFields = 35
Fld=1  Min=0, Max=0.0240296, RMS=0.0057841 : water_vapor_mixing_ratio_wrt_moist_air
Fld=2  Min=63173.4, Max=103557, RMS=96684.4 : air_pressure_at_surface
Fld=3  Min=183.677, Max=306.254, RMS=258.475 : air_temperature
Fld=4  Min=-45.4432, Max=42.3547, RMS=6.8941 : northward_wind
Fld=5  Min=-26.265, Max=74.4033, RMS=11.5153 : eastward_wind
Fld=6  Min=266.331, Max=647.262, RMS=354.658 : air_potential_temperature
Fld=7  Min=0.0380749, Max=1.31406, RMS=0.790134 : dry_air_density
Fld=8  Min=-78.4941, Max=78.2608, RMS=9.51971 : u
Fld=9  Min=0, Max=0.0246212, RMS=0.00585527 : water_vapor_mixing_ratio_wrt_dry_air
Fld=10  Min=2406.92, Max=103441, RMS=64328.1 : air_pressure
Fld=11  Min=0, Max=1, RMS=0.790008 : landmask
Fld=12  Min=0, Max=1, RMS=0.0639752 : seaice_fraction
Fld=13  Min=0, Max=1, RMS=0.0728812 : snowc
Fld=14  Min=248.65, Max=303.738, RMS=287.264 : skin_temperature_at_surface
Fld=15  Min=1, Max=19, RMS=12.7664 : ivgtyp
Fld=16  Min=1, Max=16, RMS=9.97061 : isltyp
Fld=17  Min=0, Max=7.5, RMS=0.172637 : snowh
Fld=18  Min=0, Max=0.91134, RMS=0.392459 : vegetation_area_fraction
Fld=19  Min=262.551, Max=304.25, RMS=287.39 : air_temperature_at_2m
Fld=20  Min=0.000371521, Max=0.0227248, RMS=0.010662 : water_vapor_mixing_ratio_wrt_moist_air_at_2m
Fld=21  Min=-23.9992, Max=24.5646, RMS=3.40746 : eastward_wind_at_10m
Fld=22  Min=-19.0246, Max=27.5099, RMS=3.1093 : northward_wind_at_10m
Fld=23  Min=0, Max=6.54018, RMS=1.53334 : lai
Fld=24  Min=0.00200001, Max=1, RMS=0.635382 : smois
Fld=25  Min=260.746, Max=309.424, RMS=288.454 : tslb
Fld=26  Min=-992.054, Max=5932.77, RMS=3097.52 : pressure_p
Fld=27  Min=0, Max=0.00745728, RMS=6.09785e-05 : cloud_liquid_water
Fld=28  Min=0, Max=0.00332215, RMS=6.02684e-06 : cloud_liquid_ice
Fld=29  Min=0, Max=0.0161471, RMS=3.88968e-05 : graupel
Fld=30  Min=0, Max=0.00838108, RMS=4.17343e-05 : rain_water
Fld=31  Min=0, Max=0.0096025, RMS=0.000100457 : snow_water
Fld=32  Min=0, Max=1, RMS=0.241728 : cldfrac
Fld=33  Min=0, Max=84.1234, RMS=4.1864 : equivalent_reflectivity_factor
Fld=34  Min=-13.0501, Max=40.0291, RMS=0.15181 : w
Fld=35  Min=0, Max=0, RMS=0 : upward_air_velocity
OOPS_STATS IncrementalAssimilation end              - Runtime:   353.73 sec,  Local Memory:     7.26 GB
Variational: incremental assimilation done 1 iterations.
QC refl10cm equivalentReflectivityFactor: 132050 H(x) failed.
QC refl10cm equivalentReflectivityFactor: 3 rejected by first-guess check.
QC refl10cm equivalentReflectivityFactor: 3722865 passed out of 3854918 observations.
ObsErrorDiagonal covariance updated 3722865
Observer::finalize QC = 
refl10cm equivalentReflectivityFactor nlocs = 3854918, nobs = 3854918, min = 0, max = 19, avg = 0
Jo Observations:
Jo Obs :refl10cm:equivalentReflectivityFactor   : Nobs=  3722865, Min= 0.000000e+00, Max= 5.986988e+01, RMS= 5.345289e+00
Jo Observations Equivalent:
Jo H(x):refl10cm:equivalentReflectivityFactor   : Nobs=  3722865, Min= 0.000000e+00, Max= 6.253591e+01, RMS= 4.843747e+00
Jo Bias Corrected Departures:
Jo Dep :refl10cm:equivalentReflectivityFactor   : Nobs=  3722865, Min=-5.393530e+01, Max= 5.788424e+01, RMS= 2.193287e+00
Jo Observations Errors:
UFO Diagonal observation error covariance, inverse variances: refl10cm nobs= 3722865 Min=0.04, Max=0.04, RMS=0.04



CostJo   : Nonlinear Jo(refl10cm) = 358177, nobs = 3722865, Jo/n = 0.0962101, err = 5
CostJo   : Nonlinear Jo = 358177
Increment:diff x1 2
Increment:diff x2 1
CostJb: FG-BG
  Valid time: 2026-05-23T10:00:00Z
  Resolution: nCellsGlobal = 2341818, nFields = 12
Fld=1  Min=-0.00925558, Max=0.0142631, RMS=0.000100632 : water_vapor_mixing_ratio_wrt_moist_air
Fld=2  Min=-139.015, Max=127.576, RMS=2.76779 : air_pressure_at_surface
Fld=3  Min=-9.33672, Max=13.481, RMS=0.102774 : air_temperature
Fld=4  Min=-29.7778, Max=27.2365, RMS=0.404085 : northward_wind
Fld=5  Min=-49.7615, Max=40.8817, RMS=0.446335 : eastward_wind
Fld=6  Min=-0.00314494, Max=0.00623704, RMS=1.59951e-05 : cloud_liquid_water
Fld=7  Min=-0.000922515, Max=0.0016693, RMS=3.12703e-06 : cloud_liquid_ice
Fld=8  Min=-0.00503158, Max=0.0051253, RMS=2.19078e-05 : rain_water
Fld=9  Min=-0.00411806, Max=0.00603883, RMS=5.53733e-05 : snow_water
Fld=10  Min=-0.00664344, Max=0.00748262, RMS=2.54975e-05 : graupel
Fld=11  Min=-61.9723, Max=84.1234, RMS=2.3156 : equivalent_reflectivity_factor
Fld=12  Min=0, Max=0, RMS=0 : upward_air_velocity
CostFunction: Nonlinear J = 358177
OOPS_STATS Variational end                          - Runtime:   358.92 sec,  Local Memory:     7.26 GB
==> destruct MPAS corelist and domain:  0
Tried to erase key "mesh[address=0x4503870],halo[size=0]" from cache "NodeColumnsHaloExchangeCache" but it was not found.
Erased key "mesh[address=0x4503870],halo[size=1]" from cache "NodeColumnsHaloExchangeCache".
==> destruct MPAS corelist and domain:  1
refl10cm: save database to jdiag_mrms_refl.nc (io pool size: 4)
QC refl10cm equivalentReflectivityFactor: 132050 H(x) failed.
QC refl10cm equivalentReflectivityFactor: 3 rejected by first-guess check.
QC refl10cm equivalentReflectivityFactor: 3722865 passed out of 3854918 observations.
Erased key "mesh[address=0x7b7e640]" from cache "NodeColumnsGatherScatterCache".
Tried to erase key "mesh[address=0x7b7e640],halo[size=0]" from cache "NodeColumnsHaloExchangeCache" but it was not found.
Erased key "mesh[address=0x7b7e640],halo[size=1]" from cache "NodeColumnsHaloExchangeCache".

Run: Finishing oops::Variational<MPAS, UFO and IODA observations>
OOPS_STATS  
OOPS_STATS ----------------------------------------------------------------------------------
OOPS_STATS --------------------------- Object counts ----------------------------------------
OOPS_STATS ----------------------------------------------------------------------------------
OOPS_STATS                                      Total  Simult. Remain    Avg (Mb)    HWM (Mb)
OOPS_STATS ioda::ObsDataVector             :        8       5        
OOPS_STATS ioda::ObsVector                 :       94       8        
OOPS_STATS mpas::Geometry                  :        2       2        
OOPS_STATS mpas::Increment                 :     2704     121        
OOPS_STATS mpas::LinVarChaModel2GeoVars    :        1       1        
OOPS_STATS mpas::ModelBias                 :        4       3        
OOPS_STATS mpas::ModelBiasCovariance       :        1       1        
OOPS_STATS mpas::State                     :       75      34        
OOPS_STATS mpas::VarChaModel2GeoVars       :        3       1        
OOPS_STATS oops::ControlIncrement          :      166      88               15.22     1339.40
OOPS_STATS oops::ControlVariable           :        4       3        
OOPS_STATS oops::Diffusion                 :        1       1        
OOPS_STATS oops::EnsembleCovariance        :        1       1             3550.89     3550.89
OOPS_STATS oops::GeoVaLs                   :       78       1        
OOPS_STATS oops::Geometry                  :        2       2        
OOPS_STATS oops::GetValues                 :        3       2        
OOPS_STATS oops::Increment                 :     2628     121               15.02     1841.67
OOPS_STATS oops::LinearObsOperator         :        1       1        
OOPS_STATS oops::LocalInterpolator         :     2400    1600        
OOPS_STATS oops::Localization              :        1       1        
OOPS_STATS oops::ModelAuxControl           :        4       3        
OOPS_STATS oops::ModelAuxCovariance        :        1       1        
OOPS_STATS oops::ModelAuxIncrement         :      166      88        
OOPS_STATS oops::ObsAuxControl             :        4       3        
OOPS_STATS oops::ObsAuxCovariance          :        1       1        
OOPS_STATS oops::ObsAuxIncrement           :      166      88        
OOPS_STATS oops::ObsAuxIncrements          :      166      88        
OOPS_STATS oops::ObsAuxPreconditioner      :        2       2        
OOPS_STATS oops::ObsDataVector             :        4       4        
OOPS_STATS oops::ObsDiagnostics            :        2       1        
OOPS_STATS oops::ObsError                  :        1       1        
OOPS_STATS oops::ObsOperator               :        2       2        
OOPS_STATS oops::ObsSpace                  :        1       1        
OOPS_STATS oops::ObsSpaces                 :        1       1        
OOPS_STATS oops::ObsVector                 :       94       7                0.04        0.23
OOPS_STATS oops::SampledLocations          :        8       4        
OOPS_STATS oops::State                     :       72      34               21.39      702.08
OOPS_STATS oops::UnstructuredInterpolator  :     2400    1600        
OOPS_STATS oops::VariableChange            :        3       1        
OOPS_STATS ufo::BackgroundCheck            :        1       1        
OOPS_STATS ufo::FinalCheck                 :        2       2        
OOPS_STATS ufo::GeoVaLs                    :       81       2        
OOPS_STATS ufo::ObsBias                    :        4       3        
OOPS_STATS ufo::ObsBiasCovariance          :        1       1        
OOPS_STATS ufo::ObsBiasPreconditioner      :        1       1        
OOPS_STATS ufo::ObsFilter                  :        9       6        
OOPS_STATS ufo::ObsFilterData              :        3       3        
OOPS_STATS ufo::ObsVertInterp              :        2       2        
OOPS_STATS ufo::ObsVertInterpTLAD          :        1       1        
OOPS_STATS ufo::SampledLocations           :        4       3        
OOPS_STATS ----------------------------- Object counts --------------------------------------
OOPS_STATS  
OOPS_STATS --------------------------------------------------------------------------------------------
OOPS_STATS ------------------------------------ Timing Statistics -------------------------------------
OOPS_STATS --------------------------------------------------------------------------------------------
OOPS_STATS Name                                                :   total (ms)   count    time/call (ms)
OOPS_STATS ObsFilter::Background Check::ObsFilter              :         0.32       1            0.3157
OOPS_STATS ObsFilter::Background Check::postFilter             :        29.12       1           29.1163
OOPS_STATS ObsFilter::Background Check::preProcess             :         0.01       1            0.0076
OOPS_STATS ObsFilter::Background Check::priorFilter            :         2.12       1            2.1244
OOPS_STATS ObsFilter::Final Check::ObsFilter                   :         0.02       2            0.0095
OOPS_STATS ObsFilter::Final Check::postFilter                  :         0.45       2            0.2255
OOPS_STATS ObsFilter::Final Check::preProcess                  :         0.00       2            0.0003
OOPS_STATS ObsFilter::Final Check::priorFilter                 :         0.00       2            0.0013
OOPS_STATS ObsFilter::QCmanager::ObsFilter                     :         9.05       2            4.5269
OOPS_STATS ObsFilter::QCmanager::postFilter                    :         0.74       2            0.3713
OOPS_STATS ObsFilter::QCmanager::preProcess                    :         0.00       2            0.0001
OOPS_STATS ObsFilter::QCmanager::priorFilter                   :         0.00       2            0.0001
OOPS_STATS ioda::ObsSpace::get_db(DateTime)                    :         4.94       4            1.2340
OOPS_STATS ioda::ObsSpace::get_db(double)                      :         0.27       5            0.0536
OOPS_STATS ioda::ObsSpace::get_db(float)                       :        10.16      12            0.8470
OOPS_STATS ioda::ObsSpace::load                                :       692.75       1          692.7549
OOPS_STATS ioda::ObsSpace::put_db(double)                      :         0.28       6            0.0469
OOPS_STATS ioda::ObsSpace::put_db(float)                       :         0.08       2            0.0398
OOPS_STATS ioda::ObsSpace::put_db(int)                         :         1.04       2            0.5190
OOPS_STATS mpas::LinVarChaModel2GeoVars::LinVarChaModel2GeoVar :         2.92       1            2.9228
OOPS_STATS mpas::LinVarChaModel2GeoVars::changeVarAD           :       906.12      38           23.8453
OOPS_STATS mpas::LinVarChaModel2GeoVars::changeVarTL           :       133.28      37            3.6020
OOPS_STATS mpas::LinVarChaModel2GeoVars::~LinVarChaModel2GeoVa :         0.07       1            0.0732
OOPS_STATS mpas::VarChaModel2GeoVars::VarChaModel2GeoVars      :         0.04       3            0.0133
OOPS_STATS mpas::VarChaModel2GeoVars::changeVar                :        12.25       3            4.0839
OOPS_STATS mpas::VarChaModel2GeoVars::~VarChaModel2GeoVars     :         0.01       3            0.0022
OOPS_STATS oops::Covariance::EnsembleCovariance                :     74921.49       1        74921.4851
OOPS_STATS oops::Covariance::ensemble::Constructor             :         0.01       1            0.0087
OOPS_STATS oops::Covariance::ensemble::multiply                :    203111.63      38         5345.0429
OOPS_STATS oops::Diffusion::Diffusion                          :         0.00       1            0.0001
OOPS_STATS oops::Diffusion::calculateDerivedGeom               :         1.87       1            1.8741
OOPS_STATS oops::Diffusion::multiplySqrtAD                     :     52126.29    1140           45.7248
OOPS_STATS oops::Diffusion::multiplySqrtTL                     :     44573.06    1140           39.0992
OOPS_STATS oops::Diffusion::setParameters                      :         3.58       1            3.5797
OOPS_STATS oops::GeoVaLs::GeoVaLs                              :        23.71      78            0.3039
OOPS_STATS oops::GeoVaLs::fill                                 :        28.16   26789            0.0011
OOPS_STATS oops::GeoVaLs::fillAD                               :        18.51   23674            0.0008
OOPS_STATS oops::GeoVaLs::~GeoVaLs                             :         0.42      78            0.0054
OOPS_STATS oops::Geometry::Geometry                            :     47396.18       2        23698.0923
OOPS_STATS oops::Geometry::variableSizes                       :         5.16      11            0.4689
OOPS_STATS oops::Geometry::~Geometry                           :       525.16       2          262.5792
OOPS_STATS oops::GeometryData::containingTriangleAndBarycentri :        44.53   20601            0.0022
OOPS_STATS oops::GeometryData::setGlobalTree                   :      1811.98       2          905.9911
OOPS_STATS oops::GeometryData::setLocalTree                    :         3.17       2            1.5855
OOPS_STATS oops::GeometryData::setMeshAndTriangulation         :         0.31       2            0.1536
OOPS_STATS oops::GetValues::GetValues                          :       590.90       3          196.9652
OOPS_STATS oops::GetValues::fillGeoVaLs                        :        49.67       3           16.5577
OOPS_STATS oops::GetValues::fillGeoVaLsAD                      :        98.75      38            2.5987
OOPS_STATS oops::GetValues::fillGeoVaLsTL                      :       647.79      37           17.5078
OOPS_STATS oops::GetValues::finalize                           :        18.40       3            6.1325
OOPS_STATS oops::GetValues::finalizeAD                         :       572.87      38           15.0756
OOPS_STATS oops::GetValues::finalizeTL                         :        93.68      37            2.5318
OOPS_STATS oops::GetValues::initialize                         :         2.08       3            0.6935
OOPS_STATS oops::GetValues::initializeAD                       :         4.55      38            0.1198
OOPS_STATS oops::GetValues::initializeTL                       :        15.39      37            0.4160
OOPS_STATS oops::GetValues::process                            :        18.32       3            6.1083
OOPS_STATS oops::GetValues::processAD                          :       113.55      38            2.9882
OOPS_STATS oops::GetValues::processTL                          :       125.82      37            3.4006
OOPS_STATS oops::Increment::Increment                          :     24054.48    2628            9.1531
OOPS_STATS oops::Increment::axpy                               :      4580.48     777            5.8951
OOPS_STATS oops::Increment::diff                               :       376.70      33           11.4152
OOPS_STATS oops::Increment::dot_product_with                   :      7050.85     855            8.2466
OOPS_STATS oops::Increment::fromFieldSet                       :      9818.88    1178            8.3352
OOPS_STATS oops::Increment::operator*=                         :       210.11     112            1.8760
OOPS_STATS oops::Increment::operator+=                         :      9443.23    1319            7.1594
OOPS_STATS oops::Increment::operator+=(State, Increment)       :        48.93       1           48.9255
OOPS_STATS oops::Increment::operator-=                         :       136.44      30            4.5481
OOPS_STATS oops::Increment::operator=                          :      5226.05    1454            3.5943
OOPS_STATS oops::Increment::print                              :     21554.98    1147           18.7925
OOPS_STATS oops::Increment::schur_product_with                 :     10705.53    2280            4.6954
OOPS_STATS oops::Increment::serialSize                         :         4.76     166            0.0287
OOPS_STATS oops::Increment::toFieldSet                         :      9323.04    1215            7.6733
OOPS_STATS oops::Increment::zero                               :       121.20     115            1.0539
OOPS_STATS oops::Increment::~Increment                         :       129.97    2628            0.0495
OOPS_STATS oops::LinearObsOper::refl10cm::LinearObsOperator    :        11.27       1           11.2685
OOPS_STATS oops::LinearObsOper::refl10cm::requiredVars         :         1.12      77            0.0146
OOPS_STATS oops::LinearObsOper::refl10cm::setTrajectory        :         0.91       1            0.9133
OOPS_STATS oops::LinearObsOper::refl10cm::simulateObsAD        :         3.32      38            0.0874
OOPS_STATS oops::LinearObsOper::refl10cm::simulateObsTL        :         5.74      37            0.1552
OOPS_STATS oops::LinearObsOper::refl10cm::~LinearObsOperator   :        31.27       1           31.2679
OOPS_STATS oops::LinearVariableChange::LinearVariableChange    :         0.05       1            0.0457
OOPS_STATS oops::LinearVariableChange::changeVarAD             :      1441.21      38           37.9266
OOPS_STATS oops::LinearVariableChange::changeVarTL             :       396.93      37           10.7278
OOPS_STATS oops::LinearVariableChange::changeVarTraj           :         2.94       1            2.9404
OOPS_STATS oops::LinearVariableChange::~LinearVariableChange   :         0.72       1            0.7214
OOPS_STATS oops::LocalInterpolator::LocalInterpolator          :        51.86    2400            0.0216
OOPS_STATS oops::LocalInterpolator::apply                      :        16.98    2400            0.0071
OOPS_STATS oops::LocalInterpolator::applyAD                    :        98.29   30400            0.0032
OOPS_STATS oops::LocalInterpolator::applyTL                    :       111.56   29600            0.0038
OOPS_STATS oops::LocalInterpolator::preprocess                 :      1265.31      40           31.6328
OOPS_STATS oops::LocalInterpolator::preprocessAD               :        71.00      38            1.8685
OOPS_STATS oops::LocalInterpolator::~LocalInterpolator         :         8.23    2400            0.0034
OOPS_STATS oops::Localization::Localization                    :      7505.70       1         7505.6967
OOPS_STATS oops::Localization::multiply                        :    167100.67    1140          146.5795
OOPS_STATS oops::Localization::~Localization                   :         0.47       1            0.4738
OOPS_STATS oops::ModelAuxControl::ModelAuxControl              :         0.01       4            0.0018
OOPS_STATS oops::ModelAuxControl::print                        :         0.00       3            0.0005
OOPS_STATS oops::ModelAuxControl::~ModelAuxControl             :         0.00       4            0.0008
OOPS_STATS oops::ModelAuxCovariance::ModelAuxCovariance        :         0.00       1            0.0032
OOPS_STATS oops::ModelAuxCovariance::linearize                 :         0.00       1            0.0001
OOPS_STATS oops::ModelAuxCovariance::multiply                  :         0.01      38            0.0003
OOPS_STATS oops::ModelAuxCovariance::~ModelAuxCovariance       :         0.00       1            0.0005
OOPS_STATS oops::ModelAuxIncrement::ModelAuxIncrement          :         0.17     166            0.0010
OOPS_STATS oops::ModelAuxIncrement::axpy                       :         0.29     777            0.0004
OOPS_STATS oops::ModelAuxIncrement::diff                       :         0.00       3            0.0004
OOPS_STATS oops::ModelAuxIncrement::dot_product_with           :         0.27     855            0.0003
OOPS_STATS oops::ModelAuxIncrement::operator*=                 :         0.04      73            0.0005
OOPS_STATS oops::ModelAuxIncrement::operator+=                 :         0.05     111            0.0004
OOPS_STATS oops::ModelAuxIncrement::operator+=ModelAuxControl  :         0.00       1            0.0002
OOPS_STATS oops::ModelAuxIncrement::operator=                  :         0.01      41            0.0003
OOPS_STATS oops::ModelAuxIncrement::print                      :         0.00       7            0.0005
OOPS_STATS oops::ModelAuxIncrement::serialSize                 :         0.01     166            0.0001
OOPS_STATS oops::ModelAuxIncrement::zero                       :         0.01      38            0.0003
OOPS_STATS oops::ModelAuxIncrement::~ModelAuxIncrement         :         0.03     166            0.0002
OOPS_STATS oops::ObsAuxControl::ObsAuxControl                  :         0.43       4            0.1073
OOPS_STATS oops::ObsAuxControl::print                          :         0.45       3            0.1516
OOPS_STATS oops::ObsAuxControl::requiredHdiagnostics           :         0.00       2            0.0001
OOPS_STATS oops::ObsAuxControl::requiredVars                   :         0.00       6            0.0002
OOPS_STATS oops::ObsAuxControl::write                          :         0.16       1            0.1633
OOPS_STATS oops::ObsAuxControl::~ObsAuxControl                 :         0.01       4            0.0016
OOPS_STATS oops::ObsAuxCovariance::ObsAuxCovariance            :         0.10       1            0.1035
OOPS_STATS oops::ObsAuxCovariance::inverseMultiply             :         0.04      38            0.0012
OOPS_STATS oops::ObsAuxCovariance::linearize                   :         1.12       1            1.1198
OOPS_STATS oops::ObsAuxCovariance::multiply                    :         0.27      38            0.0070
OOPS_STATS oops::ObsAuxCovariance::preconditioner              :         0.30       1            0.3031
OOPS_STATS oops::ObsAuxCovariance::write                       :         0.33       1            0.3315
OOPS_STATS oops::ObsAuxCovariance::~ObsAuxCovariance           :         0.00       1            0.0018
OOPS_STATS oops::ObsAuxIncrement::ObsAuxIncrement              :         2.59     166            0.0156
OOPS_STATS oops::ObsAuxIncrement::axpy                         :         0.88     777            0.0011
OOPS_STATS oops::ObsAuxIncrement::diff                         :         0.01       3            0.0048
OOPS_STATS oops::ObsAuxIncrement::dot_product_with             :         0.50     855            0.0006
OOPS_STATS oops::ObsAuxIncrement::operator*=                   :         0.10      73            0.0014
OOPS_STATS oops::ObsAuxIncrement::operator+=                   :         0.21     111            0.0019
OOPS_STATS oops::ObsAuxIncrement::operator=                    :         0.03      41            0.0007
OOPS_STATS oops::ObsAuxIncrement::print                        :         0.01       7            0.0011
OOPS_STATS oops::ObsAuxIncrement::serialSize                   :         0.01     332            0.0000
OOPS_STATS oops::ObsAuxIncrement::zero                         :         0.06      38            0.0017
OOPS_STATS oops::ObsAuxIncrement::~ObsAuxIncrement             :         0.96     166            0.0058
OOPS_STATS oops::ObsAuxPreconditioner::multiply                :         0.05      38            0.0012
OOPS_STATS oops::ObsAuxPreconditioner::~ObsAuxPreconditioner   :         0.01       2            0.0039
OOPS_STATS oops::ObsDataVector::ObsDataVector                  :         0.10       4            0.0255
OOPS_STATS oops::ObsDataVector::mask                           :         0.01       2            0.0038
OOPS_STATS oops::ObsDataVector::operator=                      :         0.06       2            0.0318
OOPS_STATS oops::ObsDataVector::print                          :         3.68       2            1.8425
OOPS_STATS oops::ObsDataVector::save                           :         1.14       4            0.2839
OOPS_STATS oops::ObsDataVector::~ObsDataVector                 :         0.01       4            0.0022
OOPS_STATS oops::ObsDiagnostics::ObsDiagnostics                :         2.71       2            1.3533
OOPS_STATS oops::ObsDiagnostics::~ObsDiagnostics               :         0.02       2            0.0085
OOPS_STATS oops::ObsError::getRMSE                             :         1.15       4            0.2867
OOPS_STATS oops::ObsError::inverseMultiply                     :         0.37      39            0.0095
OOPS_STATS oops::ObsError::obserrors                           :         0.42       6            0.0698
OOPS_STATS oops::ObsError::update                              :        20.72       2           10.3607
OOPS_STATS oops::ObsError::~ObsError                           :         2.13       1            2.1298
OOPS_STATS oops::ObsOperator::refl10cm::ObsOperator            :        31.33       2           15.6656
OOPS_STATS oops::ObsOperator::refl10cm::computeReducedVars     :         2.68       3            0.8924
OOPS_STATS oops::ObsOperator::refl10cm::locations              :        17.41       3            5.8024
OOPS_STATS oops::ObsOperator::refl10cm::requiredVars           :         0.01       3            0.0020
OOPS_STATS oops::ObsOperator::refl10cm::simulateObs            :         3.04       2            1.5210
OOPS_STATS oops::ObsOperator::refl10cm::~ObsOperator           :         0.03       2            0.0139
OOPS_STATS oops::ObsSpace::ObsSpace                            :       695.86       1          695.8634
OOPS_STATS oops::ObsSpace::obsvariables                        :         0.00       3            0.0001
OOPS_STATS oops::ObsSpace::save                                :      2723.18       1         2723.1833
OOPS_STATS oops::ObsSpace::~ObsSpace                           :         1.03       1            1.0254
OOPS_STATS oops::ObsVector::ObsVector                          :         1.06      92            0.0116
OOPS_STATS oops::ObsVector::dot_product                        :         0.45       4            0.1128
OOPS_STATS oops::ObsVector::info                               :         1.78       6            0.2974
OOPS_STATS oops::ObsVector::operator*=                         :         0.01       2            0.0046
OOPS_STATS oops::ObsVector::operator-=                         :         0.02       2            0.0110
OOPS_STATS oops::ObsVector::operator=                          :         0.40       4            0.1000
OOPS_STATS oops::ObsVector::rms                                :         0.69       4            0.1719
OOPS_STATS oops::ObsVector::save                               :         0.31       6            0.0509
OOPS_STATS oops::ObsVector::zero                               :         0.03      39            0.0009
OOPS_STATS oops::ObsVector::~ObsVector                         :         0.18      92            0.0020
OOPS_STATS oops::Parameters::deserialize                       :        14.08      97            0.1452
OOPS_STATS oops::Parameters::serialize                         :         1.99      80            0.0249
OOPS_STATS oops::Run::execute                                  :    361339.91       1       361339.9118
OOPS_STATS oops::SampledLocations::SampledLocations            :         0.00       4            0.0003
OOPS_STATS oops::SampledLocations::latitudes                   :         0.00       3            0.0001
OOPS_STATS oops::SampledLocations::longitudes                  :         0.00       3            0.0000
OOPS_STATS oops::SampledLocations::times                       :         0.00       3            0.0000
OOPS_STATS oops::SampledLocations::~SampledLocations           :        68.13       8            8.5164
OOPS_STATS oops::State::State                                  :     69015.04      72          958.5422
OOPS_STATS oops::State::print                                  :       145.15       3           48.3843
OOPS_STATS oops::State::toFieldSet                             :        25.27       5            5.0544
OOPS_STATS oops::State::variables                              :         0.00      58            0.0000
OOPS_STATS oops::State::write                                  :      4671.93       1         4671.9337
OOPS_STATS oops::State::zero                                   :        67.69      30            2.2564
OOPS_STATS oops::State::~State                                 :         7.11      72            0.0988
OOPS_STATS oops::UnstructuredInterpolator::UnstructuredInterpo :        50.51    2400            0.0210
OOPS_STATS oops::UnstructuredInterpolator::apply               :       119.88   32000            0.0037
OOPS_STATS oops::UnstructuredInterpolator::applyAD             :        69.62   30400            0.0023
OOPS_STATS oops::VariableChange::VariableChange                :         1.33       3            0.4436
OOPS_STATS oops::VariableChange::changeVar                     :        18.68       3            6.2260
OOPS_STATS oops::VariableChange::~VariableChange               :         0.02       3            0.0074
OOPS_STATS oops::util::FieldSetHelpers::readFieldSet           :      7453.81       2         3726.9060
OOPS_STATS saber::Localization::Localization                   :      7505.68       1         7505.6836
OOPS_STATS saber::Localization::multiply                       :    157872.54    1140          138.4847
OOPS_STATS saber::Localization::~Localization                  :         0.00       1            0.0001
OOPS_STATS ufo::ObsFilter::ObsFilter                           :         9.39       5            1.8788
OOPS_STATS ufo::ObsFilter::checkFilterData                     :         1.05      15            0.0703
OOPS_STATS ufo::ObsFilter::postFilter                          :        30.32       5            6.0630
OOPS_STATS ufo::ObsFilter::preProcess                          :         0.01       5            0.0026
OOPS_STATS ufo::ObsFilter::priorFilter                         :         2.13       5            0.4270
OOPS_STATS ufo::ObsFilter::~ObsFilter                          :       166.28       9           18.4754
OOPS_STATS util::Timers::measured                              :    360806.00       1       360806.0009
OOPS_STATS ------------------------------------ Timing Statistics -------------------------------------

OOPS_STATS ------------------------------------------------------------------------------------------------------------------
OOPS_STATS ---------------------------------- Parallel Timing Statistics ( 800 MPI tasks) -----------------------------------
OOPS_STATS ------------------------------------------------------------------------------------------------------------------
OOPS_STATS Name                                                :     min (ms)    max (ms)    avg (ms)     % total   imbal (%)
OOPS_STATS oops::Covariance::EnsembleCovariance                :     74921.15    74922.27    74921.76       20.74        0.00
OOPS_STATS oops::Covariance::ensemble::multiply                :    202760.62   203388.00   203095.20       56.21        0.31
OOPS_STATS oops::Diffusion::multiplySqrtAD                     :     51456.94    56151.56    52525.17       14.54        8.94
OOPS_STATS oops::Diffusion::multiplySqrtTL                     :     41198.24    48811.71    44120.50       12.21       17.26
OOPS_STATS oops::Geometry::Geometry                            :     46385.62    47690.98    47597.37       13.17        2.74
OOPS_STATS oops::Geometry::~Geometry                           :       497.48      688.34      606.89        0.17       31.45
OOPS_STATS oops::GeometryData::setGlobalTree                   :      1811.98     1979.25     1891.31        0.52        8.84
OOPS_STATS oops::GetValues::GetValues                          :       160.42     4139.92      545.71        0.15      729.23
OOPS_STATS oops::GetValues::fillGeoVaLsTL                      :       267.61      817.49      568.44        0.16       96.73
OOPS_STATS oops::GetValues::finalizeAD                         :       530.21      989.30      597.97        0.17       76.78
OOPS_STATS oops::Increment::Increment                          :     20901.76    25803.35    23123.64        6.40       21.20
OOPS_STATS oops::Increment::axpy                               :      3998.68     5171.88     4686.53        1.30       25.03
OOPS_STATS oops::Increment::dot_product_with                   :      6338.14     7849.34     7010.26        1.94       21.56
OOPS_STATS oops::Increment::fromFieldSet                       :      8560.82    12791.39     9585.52        2.65       44.13
OOPS_STATS oops::Increment::operator+=                         :      7631.44    10903.87     9304.57        2.58       35.17
OOPS_STATS oops::Increment::operator=                          :      3781.46     5899.11     5102.81        1.41       41.50
OOPS_STATS oops::Increment::print                              :     17580.25    28214.22    21824.93        6.04       48.72
OOPS_STATS oops::Increment::schur_product_with                 :      7050.56    12688.71    10650.61        2.95       52.94
OOPS_STATS oops::Increment::toFieldSet                         :      8082.68    14090.72     9916.80        2.74       60.58
OOPS_STATS oops::LinearVariableChange::changeVarAD             :      1019.78     2015.85     1499.07        0.41       66.45
OOPS_STATS oops::LinearVariableChange::changeVarTL             :       362.15      714.70      468.52        0.13       75.25
OOPS_STATS oops::LocalInterpolator::preprocess                 :        59.05     1308.47     1259.74        0.35       99.18
OOPS_STATS oops::Localization::Localization                    :      7492.07     7716.24     7552.38        2.09        2.97
OOPS_STATS oops::Localization::multiply                        :    166196.59   177031.34   168590.10       46.66        6.43
OOPS_STATS oops::ObsSpace::ObsSpace                            :       635.64      701.98      670.37        0.19        9.90
OOPS_STATS oops::ObsSpace::save                                :      2566.52     2734.69     2643.67        0.73        6.36
OOPS_STATS oops::State::State                                  :     68905.05    69287.38    69020.17       19.10        0.55
OOPS_STATS oops::State::write                                  :      3482.78     4698.62     4673.60        1.29       26.01
OOPS_STATS oops::util::FieldSetHelpers::readFieldSet           :      7298.91     7491.78     7351.81        2.03        2.62
OOPS_STATS saber::Localization::Localization                   :      7492.06     7716.22     7552.37        2.09        2.97
OOPS_STATS saber::Localization::multiply                       :    156682.78   164535.62   158989.58       44.00        4.94
OOPS_STATS util::Timers::measured                              :    360712.52   361127.73   361040.88       99.92        0.12
OOPS_STATS oops::Run::execute                                  :    361093.12   361385.91   361326.63      100.00        0.08
OOPS_STATS ---------------------------------- Parallel Timing Statistics ( 800 MPI tasks) -----------------------------------

OOPS_STATS Run end                                  - Runtime:    362.42 sec,  Memory: total:  4029.09 GB, per task: min =     4.72 GB, max =     7.26 GB
Run: Finishing oops::Variational<MPAS, UFO and IODA observations> with status = 0
OOPS Ending   2026-05-23 14:41:53 (UTC+0000)
