Configuration input file is: jedivar.pass2.yaml
Full configuration is:YAMLConfiguration[path=jedivar.pass2.yaml, root={_member => {date => 2026-06-06T18:00:00Z , state variables => (water_vapor_mixing_ratio_wrt_moist_air,air_pressure_at_surface,air_temperature,northward_wind,eastward_wind,cloud_liquid_water,cloud_liquid_ice,rain_water,snow_water,graupel,equivalent_reflectivity_factor,upward_air_velocity) , stream name => ensemble} , output => {filename => mpasout.nc , stream name => analysis} , variational => {minimizer => {algorithm => DRPCG} , iterations => ({geometry => {nml_file => ./namelist.atmosphere , streams_file => ./streams.atmosphere , deallocate non-da fields => true , interpolation type => unstructured} , gradient norm reduction => 0.001 , ninner => 75})} , cost function => {cost type => 3D-Var , time window => {begin => 2026-06-06T16:00:00Z , length => PT4H} , jb evaluation => false , geometry => {nml_file => ./namelist.atmosphere , streams_file => ./streams.atmosphere , deallocate non-da fields => true , interpolation type => unstructured} , analysis variables => (water_vapor_mixing_ratio_wrt_moist_air,air_pressure_at_surface,air_temperature,northward_wind,eastward_wind,cloud_liquid_water,cloud_liquid_ice,rain_water,snow_water,graupel,equivalent_reflectivity_factor,upward_air_velocity) , background => {state variables => (water_vapor_mixing_ratio_wrt_moist_air,air_pressure_at_surface,air_temperature,northward_wind,eastward_wind,air_potential_temperature,dry_air_density,u,water_vapor_mixing_ratio_wrt_dry_air,air_pressure,landmask,seaice_fraction,snowc,skin_temperature_at_surface,ivgtyp,isltyp,snowh,vegetation_area_fraction,air_temperature_at_2m,water_vapor_mixing_ratio_wrt_moist_air_at_2m,eastward_wind_at_10m,northward_wind_at_10m,lai,smois,tslb,pressure_p,cloud_liquid_water,cloud_liquid_ice,graupel,rain_water,snow_water,cldfrac,equivalent_reflectivity_factor,w,upward_air_velocity) , filename => mpasout.nc , date => 2026-06-06T18:00:00Z} , background error => {covariance model => ensemble , localization => {localization method => SABER , saber central block => {saber block name => diffusion , active variables => (water_vapor_mixing_ratio_wrt_moist_air,air_pressure_at_surface,air_temperature,northward_wind,eastward_wind,cloud_liquid_water,cloud_liquid_ice,rain_water,snow_water,graupel,equivalent_reflectivity_factor,upward_air_velocity) , read => {groups => ({variables => (water_vapor_mixing_ratio_wrt_moist_air,air_pressure_at_surface,air_temperature,northward_wind,eastward_wind,cloud_liquid_water,cloud_liquid_ice,rain_water,snow_water,graupel,equivalent_reflectivity_factor,upward_air_velocity) , multivariate strategy => duplicated , horizontal => {filepath => data/diffusionloc/mpas_conus3km.diffusion_hz} , vertical => {levels => 59 , filepath => data/diffusionloc/mpas_conus3km.diffusion_vt}})}}} , members from template => {template => {date => 2026-06-06T18:00:00Z , state variables => (water_vapor_mixing_ratio_wrt_moist_air,air_pressure_at_surface,air_temperature,northward_wind,eastward_wind,cloud_liquid_water,cloud_liquid_ice,rain_water,snow_water,graupel,equivalent_reflectivity_factor,upward_air_velocity) , stream name => ensemble , filename => ./data/ens/mem%iMember%.nc} , pattern => %iMember% , start => 1 , zero padding => 3 , nmembers => 30}} , observations => {observers => ({obs space => {name => refl10cm , distribution => {name => RoundRobin , halo size => 500000} , obsdatain => {engine => {type => H5File , obsfile => data/obs/ioda_mrms_refl.nc , missing file action => warn}} , obsdataout => {engine => {type => H5File , allow overwrite => true , obsfile => jdiag_mrms_refl.nc}} , io pool => {write multiple files => false} , _source => mrms , simulated variables => (equivalentReflectivityFactor)} , obs operator => {name => VertInterp , vertical coordinate => height_above_mean_sea_level , observation vertical coordinate => height , interpolation method => linear , observation alias file => obsop_name_map.yaml} , obs localizations => ({localization method => Horizontal Gaspari-Cohn , lengthscale => 200000}) , _obsname => refl10cm , obs filters => ({filter => Background Check , filter variables => ({name => equivalentReflectivityFactor}) , threshold => 12 , action => {name => reject}})})}}}]
OOPS_STATS ObjectCountHelper started.
OOPS_STATS Run start                                - Runtime:      1.08 sec,  Memory: total:   104.08 GB, per task: min =   128.97 MB, max =   130.55 MB
Run: Starting oops::Variational<MPAS, UFO and IODA observations>
OOPS_STATS Variational start                        - Runtime:     1.08 sec,  Local Memory:   130.55 MB
==> create geom
atlas::mpi::push(world)
Increase halo 1
atlas::mpi::pop(world)
atlas::mpi::push(world)
atlas::mpi::pop(world)
atlas::mpi::push(world)
atlas::mpi::pop(world)
atlas::mpi::push(world)
atlas::mpi::pop(world)
refl10cm: read database from data/obs/ioda_mrms_refl.nc (io pool size: 800)
refl10cm processed vars: 1 Variables: equivalentReflectivityFactor
refl10cm assimilated vars: 1 Variables: equivalentReflectivityFactor
refl10cm: 0 observations are outside of time window out of 3930082
refl10cm: 0 observations were rejected by QC checks out of 3930082
No bias-correction is performed for this ObsSpace.
3DVar window: TimeWindow: start = 2026-06-06T16:00:00Z, end = 2026-06-06T20:00:00Z, inclusive upper bound.

OOPS_STATS IncrementalAssimilation start            - Runtime:    28.15 sec,  Local Memory:     2.28 GB
Running incremental assimilation with 1 outer iterations.
Minimizer algorithm=DRPCG
QNewtonLMP: maxouter : 1
IncrementalAssimilation: Configuration for outer iteration 0:
LocalConfiguration[root={geometry => {nml_file => ./namelist.atmosphere , streams_file => ./streams.atmosphere , deallocate non-da fields => true , interpolation type => unstructured} , gradient norm reduction => 0.001 , ninner => 75 , iteration => 0 , total iterations => 1}]
OOPS_STATS IncrementalAssimilation iteration 0      - Runtime:    28.15 sec,  Local Memory:     2.28 GB
==> create geom
atlas::mpi::push(world)
Increase halo 1
atlas::mpi::pop(world)
atlas::mpi::push(world)
atlas::mpi::pop(world)
atlas::mpi::push(world)
atlas::mpi::pop(world)
atlas::mpi::push(world)
atlas::mpi::pop(world)
Key "mesh[address=0x53ff230],halo[size=1]" not found in cache "NodeColumnsHaloExchangeCache" , creating new, removable with key "mesh[address=0x53ff230],halo[size=1]"
Key "mesh[address=0x1a4c2fd0],halo[size=1]" not found in cache "NodeColumnsHaloExchangeCache" , creating new, removable with key "mesh[address=0x1a4c2fd0],halo[size=1]"
processWhere: selected 0 obs.
BackgroundCheck obserr: 
refl10cm equivalentReflectivityFactor nlocs = 3930082, nobs = 3930082, min = 5, max = 5, avg = 5
processing a float: 12
ObsErrorDiagonal covariance updated 3793379
Observer::finalize QC = 
refl10cm equivalentReflectivityFactor nlocs = 3930082, nobs = 3930082, min = 0, max = 19, avg = 0
CostJo Observations: 
refl10cm nobs= 3930082 Min=0, Max=56.743, RMS=4.85127

Jo Observations:
Jo Obs :refl10cm:equivalentReflectivityFactor   : Nobs=  3793379, Min= 0.000000e+00, Max= 5.674299e+01, RMS= 4.809855e+00
Jo Observations Equivalent:
Jo H(x):refl10cm:equivalentReflectivityFactor   : Nobs=  3793379, Min= 0.000000e+00, Max= 6.374849e+01, RMS= 4.742696e+00
Jo Bias Corrected Departures:
Jo Dep :refl10cm:equivalentReflectivityFactor   : Nobs=  3793379, Min=-5.674299e+01, Max= 5.966285e+01, RMS= 4.329021e+00
Jo Observations Errors:
UFO Diagonal observation error covariance, inverse variances: refl10cm nobs= 3793379 Min=0.04, Max=0.04, RMS=0.04



CostJo   : Nonlinear Jo(refl10cm) = 1.42179e+06, nobs = 3793379, Jo/n = 0.374809, err = 5
CostJo   : Nonlinear Jo = 1.42179e+06
Increment:diff x1 4
Increment:diff x2 35
Increment:diff x1 5
Increment:diff x2 36
Increment:diff x1 6
Increment:diff x2 37
Increment:diff x1 7
Increment:diff x2 38
Increment:diff x1 8
Increment:diff x2 39
Increment:diff x1 9
Increment:diff x2 40
Increment:diff x1 10
Increment:diff x2 41
Increment:diff x1 11
Increment:diff x2 42
Increment:diff x1 12
Increment:diff x2 43
Increment:diff x1 13
Increment:diff x2 44
Increment:diff x1 14
Increment:diff x2 45
Increment:diff x1 15
Increment:diff x2 46
Increment:diff x1 16
Increment:diff x2 47
Increment:diff x1 17
Increment:diff x2 48
Increment:diff x1 18
Increment:diff x2 49
Increment:diff x1 19
Increment:diff x2 50
Increment:diff x1 20
Increment:diff x2 51
Increment:diff x1 21
Increment:diff x2 52
Increment:diff x1 22
Increment:diff x2 53
Increment:diff x1 23
Increment:diff x2 54
Increment:diff x1 24
Increment:diff x2 55
Increment:diff x1 25
Increment:diff x2 56
Increment:diff x1 26
Increment:diff x2 57
Increment:diff x1 27
Increment:diff x2 58
Increment:diff x1 28
Increment:diff x2 59
Increment:diff x1 29
Increment:diff x2 60
Increment:diff x1 30
Increment:diff x2 61
Increment:diff x1 31
Increment:diff x2 62
Increment:diff x1 32
Increment:diff x2 63
Increment:diff x1 33
Increment:diff x2 64
Info     : Prepare ensemble configuration
Info     : Read full ensemble
Info     : Creating central block: 
Info     : SaberCentralBlock using multivariate strategy: deprecated
Info     : Creating single central block.
Info     : Read data

==================================================================================
 saber::Diffusion read
----------------------------------------------------------------------------------

group 1 of 1
atlas::mpi::push(world)
atlas::mpi::pop(world)
variables: [water_vapor_mixing_ratio_wrt_moist_air,air_pressure_at_surface,air_temperature,northward_wind,eastward_wind,cloud_liquid_water,cloud_liquid_ice,rain_water,snow_water,graupel,equivalent_reflectivity_factor,upward_air_velocity]
multivariate strategy: duplicated
Reading horizontal parameters
  levels: 1
Key "mesh[address=0x1a4c2fd0]" not found in cache "NodeColumnsGatherScatterCache" , creating new, removable with key "mesh[address=0x1a4c2fd0]"
  Info     : Reading file: data/diffusionloc/mpas_conus3km.diffusion_hz.nc
atlas::mpi::push(world)
atlas::mpi::pop(world)
  hzScales:  min: 4087.19  mean: 4087.19  max: 4087.19
  hzNorm:    min: 2.4414  mean: 3.71484  max: 4.05626
Reading vertical parameters
  levels: 59
  vertical strategy: normal
  Info     : Reading file: data/diffusionloc/mpas_conus3km.diffusion_vt.nc
atlas::mpi::push(world)
atlas::mpi::pop(world)
  vtScales:  min: 11  mean: 11  max: 11
  vtNorm:    min: 3.7178  mean: 4.83632  max: 5.25235
Diffusion: horizontal iterations: 6
Diffusion: vertical iterations: 242
Increment:diff x1 2
Increment:diff x2 1
==================================================================================

CostJb: FG-BG
  Valid time: 2026-06-06T18:00:00Z
  Resolution: nCellsGlobal = 2341818, nFields = 12
Fld=1  Min=0, Max=0, RMS=0 : water_vapor_mixing_ratio_wrt_moist_air
Fld=2  Min=0, Max=0, RMS=0 : air_pressure_at_surface
Fld=3  Min=0, Max=0, RMS=0 : air_temperature
Fld=4  Min=0, Max=0, RMS=0 : northward_wind
Fld=5  Min=0, Max=0, RMS=0 : eastward_wind
Fld=6  Min=0, Max=0, RMS=0 : cloud_liquid_water
Fld=7  Min=0, Max=0, RMS=0 : cloud_liquid_ice
Fld=8  Min=0, Max=0, RMS=0 : rain_water
Fld=9  Min=0, Max=0, RMS=0 : snow_water
Fld=10  Min=0, Max=0, RMS=0 : graupel
Fld=11  Min=0, Max=0, RMS=0 : equivalent_reflectivity_factor
Fld=12  Min=0, Max=0, RMS=0 : upward_air_velocity
Increment:diff x1 2
Increment:diff x2 1
CostJb: FG-BG
  Valid time: 2026-06-06T18:00:00Z
  Resolution: nCellsGlobal = 2341818, nFields = 12
Fld=1  Min=0, Max=0, RMS=0 : water_vapor_mixing_ratio_wrt_moist_air
Fld=2  Min=0, Max=0, RMS=0 : air_pressure_at_surface
Fld=3  Min=0, Max=0, RMS=0 : air_temperature
Fld=4  Min=0, Max=0, RMS=0 : northward_wind
Fld=5  Min=0, Max=0, RMS=0 : eastward_wind
Fld=6  Min=0, Max=0, RMS=0 : cloud_liquid_water
Fld=7  Min=0, Max=0, RMS=0 : cloud_liquid_ice
Fld=8  Min=0, Max=0, RMS=0 : rain_water
Fld=9  Min=0, Max=0, RMS=0 : snow_water
Fld=10  Min=0, Max=0, RMS=0 : graupel
Fld=11  Min=0, Max=0, RMS=0 : equivalent_reflectivity_factor
Fld=12  Min=0, Max=0, RMS=0 : upward_air_velocity
CostFunction: Nonlinear J = 1.42179e+06
OOPS_STATS IncrementalAssimilation linearize 0      - Runtime:   125.59 sec,  Local Memory:     7.03 GB

DRPCGMinimizer: max iter = 75, requested norm reduction = 0.001
CostFunction::computeGradientFG: gradient:
  Valid time: 2026-06-06T18:00:00Z
  Resolution: nCellsGlobal = 2341818, nFields = 12
Fld=1  Min=0, Max=0, RMS=0 : water_vapor_mixing_ratio_wrt_moist_air
Fld=2  Min=0, Max=0, RMS=0 : air_pressure_at_surface
Fld=3  Min=0, Max=0, RMS=0 : air_temperature
Fld=4  Min=0, Max=0, RMS=0 : northward_wind
Fld=5  Min=0, Max=0, RMS=0 : eastward_wind
Fld=6  Min=0, Max=0, RMS=0 : cloud_liquid_water
Fld=7  Min=0, Max=0, RMS=0 : cloud_liquid_ice
Fld=8  Min=0, Max=0, RMS=0 : rain_water
Fld=9  Min=0, Max=0, RMS=0 : snow_water
Fld=10  Min=0, Max=0, RMS=0 : graupel
Fld=11  Min=-1.62541, Max=1.95781, RMS=0.0167401 : equivalent_reflectivity_factor
Fld=12  Min=0, Max=0, RMS=0 : upward_air_velocity
DRPCGMinimizer rhs
  Valid time: 2026-06-06T18:00:00Z
  Resolution: nCellsGlobal = 2341818, nFields = 12
Fld=1  Min=-0, Max=-0, RMS=0 : water_vapor_mixing_ratio_wrt_moist_air
Fld=2  Min=-0, Max=-0, RMS=0 : air_pressure_at_surface
Fld=3  Min=-0, Max=-0, RMS=0 : air_temperature
Fld=4  Min=-0, Max=-0, RMS=0 : northward_wind
Fld=5  Min=-0, Max=-0, RMS=0 : eastward_wind
Fld=6  Min=-0, Max=-0, RMS=0 : cloud_liquid_water
Fld=7  Min=-0, Max=-0, RMS=0 : cloud_liquid_ice
Fld=8  Min=-0, Max=-0, RMS=0 : rain_water
Fld=9  Min=-0, Max=-0, RMS=0 : snow_water
Fld=10  Min=-0, Max=-0, RMS=0 : graupel
Fld=11  Min=-1.95781, Max=1.62541, RMS=0.0167401 : equivalent_reflectivity_factor
Fld=12  Min=-0, Max=-0, RMS=0 : upward_air_velocity
Initial RHS squared norm = 38718.5
OOPS_STATS DRPCG start                              - Runtime:   125.74 sec,  Local Memory:     7.03 GB
normr0 38718.5
  Residual norm ( 0) = 8998.678951837053
  Norm reduction ( 0) = 1

  Quadratic cost function: J   ( 0) = 1421790.796503858
  Quadratic cost function: Jb  ( 0) = 0
  Quadratic cost function: JoJc( 0) = 1421790.796503858


 DRPCG Starting Iteration 1
OOPS_STATS DRPCG iteration 1                        - Runtime:   131.34 sec,  Local Memory:     7.03 GB
rdots 2.38692e+07      iteration    0
DRPCG end of iteration 1
  Residual norm ( 1) = 4885.614944452661
  Norm reduction ( 1) = 0.5429257972866425

  Quadratic cost function: J   ( 1) = 824004.240287886
  Quadratic cost function: Jb  ( 1) = 8826.017171235577
  Quadratic cost function: JoJc( 1) = 815178.2231166505

 DRPCG Starting Iteration 2
OOPS_STATS DRPCG iteration 2                        - Runtime:   137.15 sec,  Local Memory:     7.03 GB
rdots 1.32346e+07      iteration    1
DRPCG end of iteration 2
  Residual norm ( 2) = 3637.943874967372
  Norm reduction ( 2) = 0.4042753269050339

  Quadratic cost function: J   ( 2) = 658401.2922395399
  Quadratic cost function: Jb  ( 2) = 16691.32983772436
  Quadratic cost function: JoJc( 2) = 641709.9624018156

 DRPCG Starting Iteration 3
OOPS_STATS DRPCG iteration 3                        - Runtime:   143.11 sec,  Local Memory:     7.03 GB
rdots 9.41554e+06      iteration    2
DRPCG end of iteration 3
  Residual norm ( 3) = 3068.475817160343
  Norm reduction ( 3) = 0.3409918093070676

  Quadratic cost function: J   ( 3) = 582132.7087641793
  Quadratic cost function: Jb  ( 3) = 23194.05657029952
  Quadratic cost function: JoJc( 3) = 558938.6521938797

 DRPCG Starting Iteration 4
OOPS_STATS DRPCG iteration 4                        - Runtime:   149.00 sec,  Local Memory:     7.03 GB
rdots 5.57553e+06      iteration    3
DRPCG end of iteration 4
  Residual norm ( 4) = 2361.255372042899
  Norm reduction ( 4) = 0.2624002239307422

  Quadratic cost function: J   ( 4) = 531770.814542891
  Quadratic cost function: Jb  ( 4) = 29682.31345719369
  Quadratic cost function: JoJc( 4) = 502088.5010856973

 DRPCG Starting Iteration 5
OOPS_STATS DRPCG iteration 5                        - Runtime:   154.89 sec,  Local Memory:     7.03 GB
rdots 3.48269e+06      iteration    4
DRPCG end of iteration 5
  Residual norm ( 5) = 1866.197275959346
  Norm reduction ( 5) = 0.2073856936054339

  Quadratic cost function: J   ( 5) = 492629.1872300301
  Quadratic cost function: Jb  ( 5) = 36928.24239123832
  Quadratic cost function: JoJc( 5) = 455700.9448387917

 DRPCG Starting Iteration 6
rdots 2.53027e+06      iteration    5
DRPCG end of iteration 6
  Residual norm ( 6) = 1590.68232133138
  Norm reduction ( 6) = 0.1767684267707592

  Quadratic cost function: J   ( 6) = 466061.2833031286
  Quadratic cost function: Jb  ( 6) = 43702.12606070532
  Quadratic cost function: JoJc( 6) = 422359.1572424232

 DRPCG Starting Iteration 7
rdots 1.80847e+06      iteration    6
DRPCG end of iteration 7
  Residual norm ( 7) = 1344.794690293039
  Norm reduction ( 7) = 0.1494435680493416

  Quadratic cost function: J   ( 7) = 446564.397686394
  Quadratic cost function: Jb  ( 7) = 50235.47195950614
  Quadratic cost function: JoJc( 7) = 396328.9257268879

 DRPCG Starting Iteration 8
rdots 1.24907e+06      iteration    7
DRPCG end of iteration 8
  Residual norm ( 8) = 1117.61873145889
  Norm reduction ( 8) = 0.1241980892351684

  Quadratic cost function: J   ( 8) = 432400.1990722127
  Quadratic cost function: Jb  ( 8) = 56250.46491274005
  Quadratic cost function: JoJc( 8) = 376149.7341594726

 DRPCG Starting Iteration 9
rdots 964031      iteration    8
DRPCG end of iteration 9
  Residual norm ( 9) = 981.8505895612847
  Norm reduction ( 9) = 0.1091105255356224

  Quadratic cost function: J   ( 9) = 421474.1675087118
  Quadratic cost function: Jb  ( 9) = 61986.49637389233
  Quadratic cost function: JoJc( 9) = 359487.6711348195

 DRPCG Starting Iteration 10
OOPS_STATS DRPCG iteration 10                       - Runtime:   184.77 sec,  Local Memory:     7.03 GB
rdots 724605      iteration    9
DRPCG end of iteration 10
  Residual norm (10) = 851.2372988241423
  Norm reduction (10) = 0.09459580716015707

  Quadratic cost function: J   (10) = 413923.4172940494
  Quadratic cost function: Jb  (10) = 66752.79777089665
  Quadratic cost function: JoJc(10) = 347170.6195231528

 DRPCG Starting Iteration 11
rdots 541621      iteration    10
DRPCG end of iteration 11
  Residual norm (11) = 735.9493650227666
  Norm reduction (11) = 0.08178415620356416

  Quadratic cost function: J   (11) = 407858.5242434982
  Quadratic cost function: Jb  (11) = 71258.85374705956
  Quadratic cost function: JoJc(11) = 336599.6704964386

 DRPCG Starting Iteration 12
rdots 419747      iteration    11
DRPCG end of iteration 12
  Residual norm (12) = 647.878807999695
  Norm reduction (12) = 0.07199710218214113

  Quadratic cost function: J   (12) = 403516.86265158
  Quadratic cost function: Jb  (12) = 74994.1468878858
  Quadratic cost function: JoJc(12) = 328522.7157636942

 DRPCG Starting Iteration 13
rdots 293315      iteration    12
DRPCG end of iteration 13
  Residual norm (13) = 541.585830114886
  Norm reduction (13) = 0.06018503749423384

  Quadratic cost function: J   (13) = 400001.2847976376
  Quadratic cost function: Jb  (13) = 78448.58893153862
  Quadratic cost function: JoJc(13) = 321552.695866099

 DRPCG Starting Iteration 14
rdots 222274      iteration    13
DRPCG end of iteration 14
  Residual norm (14) = 471.4592484288871
  Norm reduction (14) = 0.05239205120576505

  Quadratic cost function: J   (14) = 397299.2256797851
  Quadratic cost function: Jb  (14) = 81459.12081538707
  Quadratic cost function: JoJc(14) = 315840.1048643981

 DRPCG Starting Iteration 15
OOPS_STATS DRPCG iteration 15                       - Runtime:   214.59 sec,  Local Memory:     7.03 GB
rdots 174140      iteration    14
DRPCG end of iteration 15
  Residual norm (15) = 417.300868559586
  Norm reduction (15) = 0.04637357003100942

  Quadratic cost function: J   (15) = 395339.2660402176
  Quadratic cost function: Jb  (15) = 83905.95396964754
  Quadratic cost function: JoJc(15) = 311433.3120705701

 DRPCG Starting Iteration 16
rdots 129298      iteration    15
DRPCG end of iteration 16
  Residual norm (16) = 359.5797914811766
  Norm reduction (16) = 0.03995917549739559

  Quadratic cost function: J   (16) = 393842.654410703
  Quadratic cost function: Jb  (16) = 85976.00825410977
  Quadratic cost function: JoJc(16) = 307866.6461565932

 DRPCG Starting Iteration 17
rdots 88683.3      iteration    16
DRPCG end of iteration 17
  Residual norm (17) = 297.7974135950524
  Norm reduction (17) = 0.03309345907204056

  Quadratic cost function: J   (17) = 392694.5926617042
  Quadratic cost function: Jb  (17) = 87722.48757366501
  Quadratic cost function: JoJc(17) = 304972.1050880392

 DRPCG Starting Iteration 18
rdots 68225.5      iteration    17
DRPCG end of iteration 18
  Residual norm (18) = 261.2001477770538
  Norm reduction (18) = 0.02902649924228384

  Quadratic cost function: J   (18) = 391807.8775498962
  Quadratic cost function: Jb  (18) = 89199.12349222528
  Quadratic cost function: JoJc(18) = 302608.7540576709

 DRPCG Starting Iteration 19
rdots 52267.2      iteration    18
DRPCG end of iteration 19
  Residual norm (19) = 228.6201808217037
  Norm reduction (19) = 0.02540597148151747

  Quadratic cost function: J   (19) = 391166.8433864071
  Quadratic cost function: Jb  (19) = 90360.4670235042
  Quadratic cost function: JoJc(19) = 300806.3763629029

 DRPCG Starting Iteration 20
OOPS_STATS DRPCG iteration 20                       - Runtime:   244.81 sec,  Local Memory:     7.03 GB
rdots 40095.9      iteration    19
DRPCG end of iteration 20
  Residual norm (20) = 200.239591027372
  Norm reduction (20) = 0.02225210968177653

  Quadratic cost function: J   (20) = 390686.3742466904
  Quadratic cost function: Jb  (20) = 91300.55167845704
  Quadratic cost function: JoJc(20) = 299385.8225682334

 DRPCG Starting Iteration 21
rdots 30510.6      iteration    20
DRPCG end of iteration 21
  Residual norm (21) = 174.6728936901503
  Norm reduction (21) = 0.01941094849866728

  Quadratic cost function: J   (21) = 390328.5543811426
  Quadratic cost function: Jb  (21) = 92052.36975184409
  Quadratic cost function: JoJc(21) = 298276.1846292985

 DRPCG Starting Iteration 22
rdots 21959.4      iteration    21
DRPCG end of iteration 22
  Residual norm (22) = 148.1870519761725
  Norm reduction (22) = 0.01646764516984136

  Quadratic cost function: J   (22) = 390055.0828857704
  Quadratic cost function: Jb  (22) = 92666.56176074229
  Quadratic cost function: JoJc(22) = 297388.5211250281

 DRPCG Starting Iteration 23
rdots 16393.9      iteration    22
DRPCG end of iteration 23
  Residual norm (23) = 128.0387327023461
  Norm reduction (23) = 0.01422861437635881

  Quadratic cost function: J   (23) = 389849.5813589036
  Quadratic cost function: Jb  (23) = 93158.17990087139
  Quadratic cost function: JoJc(23) = 296691.4014580322

 DRPCG Starting Iteration 24
rdots 12048.8      iteration    23
DRPCG end of iteration 24
  Residual norm (24) = 109.7670807288306
  Norm reduction (24) = 0.01219813278330393

  Quadratic cost function: J   (24) = 389692.6953663196
  Quadratic cost function: Jb  (24) = 93556.8296502983
  Quadratic cost function: JoJc(24) = 296135.8657160213

 DRPCG Starting Iteration 25
OOPS_STATS DRPCG iteration 25                       - Runtime:   275.40 sec,  Local Memory:     7.03 GB
rdots 9255.27      iteration    24
DRPCG end of iteration 25
  Residual norm (25) = 96.20430253898566
  Norm reduction (25) = 0.01069093619784556

  Quadratic cost function: J   (25) = 389580.4953254731
  Quadratic cost function: Jb  (25) = 93858.50119864967
  Quadratic cost function: JoJc(25) = 295721.9941268235

 DRPCG Starting Iteration 26
rdots 6500.72      iteration    25
DRPCG end of iteration 26
  Residual norm (26) = 80.62706906930359
  Norm reduction (26) = 0.008959878388909942

  Quadratic cost function: J   (26) = 389493.6486742401
  Quadratic cost function: Jb  (26) = 94104.79515425721
  Quadratic cost function: JoJc(26) = 295388.8535199829

 DRPCG Starting Iteration 27
rdots 4870.09      iteration    26
DRPCG end of iteration 27
  Residual norm (27) = 69.78603215628689
  Norm reduction (27) = 0.007755141896915911

  Quadratic cost function: J   (27) = 389428.7972743846
  Quadratic cost function: Jb  (27) = 94298.48241017642
  Quadratic cost function: JoJc(27) = 295130.3148642082

 DRPCG Starting Iteration 28
rdots 3621.99      iteration    27
DRPCG end of iteration 28
  Residual norm (28) = 60.18298056107643
  Norm reduction (28) = 0.006687979522682076

  Quadratic cost function: J   (28) = 389379.5957379016
  Quadratic cost function: Jb  (28) = 94452.98529722498
  Quadratic cost function: JoJc(28) = 294926.6104406767

 DRPCG Starting Iteration 29
rdots 2960.01      iteration    28
DRPCG end of iteration 29
  Residual norm (29) = 54.40599568299284
  Norm reduction (29) = 0.006045998081961355

  Quadratic cost function: J   (29) = 389345.463569582
  Quadratic cost function: Jb  (29) = 94565.30470930148
  Quadratic cost function: JoJc(29) = 294780.1588602805

 DRPCG Starting Iteration 30
OOPS_STATS DRPCG iteration 30                       - Runtime:   307.39 sec,  Local Memory:     7.03 GB
rdots 2151.11      iteration    29
DRPCG end of iteration 30
  Residual norm (30) = 46.38000847890465
  Norm reduction (30) = 0.005154090809011061

  Quadratic cost function: J   (30) = 389319.6792427667
  Quadratic cost function: Jb  (30) = 94653.89696384224
  Quadratic cost function: JoJc(30) = 294665.7822789245

 DRPCG Starting Iteration 31
rdots 1558.19      iteration    30
DRPCG end of iteration 31
  Residual norm (31) = 39.47386409874258
  Norm reduction (31) = 0.00438662878295976

  Quadratic cost function: J   (31) = 389300.3855004759
  Quadratic cost function: Jb  (31) = 94722.97642031687
  Quadratic cost function: JoJc(31) = 294577.409080159

 DRPCG Starting Iteration 32
rdots 1138.31      iteration    31
DRPCG end of iteration 32
  Residual norm (32) = 33.73890602405103
  Norm reduction (32) = 0.003749317672586079

  Quadratic cost function: J   (32) = 389285.3765480656
  Quadratic cost function: Jb  (32) = 94778.92803206798
  Quadratic cost function: JoJc(32) = 294506.4485159976

 DRPCG Starting Iteration 33
rdots 881.091      iteration    32
DRPCG end of iteration 33
  Residual norm (33) = 29.6831718193272
  Norm reduction (33) = 0.003298614383088694

  Quadratic cost function: J   (33) = 389274.537537931
  Quadratic cost function: Jb  (33) = 94820.94776867951
  Quadratic cost function: JoJc(33) = 294453.5897692515

 DRPCG Starting Iteration 34
rdots 651.453      iteration    33
DRPCG end of iteration 34
  Residual norm (34) = 25.52357099949428
  Norm reduction (34) = 0.002836368664345305

  Quadratic cost function: J   (34) = 389266.6129946753
  Quadratic cost function: Jb  (34) = 94852.81936022401
  Quadratic cost function: JoJc(34) = 294413.7936344513

 DRPCG Starting Iteration 35
OOPS_STATS DRPCG iteration 35                       - Runtime:   339.32 sec,  Local Memory:     7.03 GB
rdots 458.685      iteration    34
DRPCG end of iteration 35
  Residual norm (35) = 21.41693356694607
  Norm reduction (35) = 0.002380008630330552

  Quadratic cost function: J   (35) = 389260.4025800701
  Quadratic cost function: Jb  (35) = 94878.70961060518
  Quadratic cost function: JoJc(35) = 294381.6929694649

 DRPCG Starting Iteration 36
rdots 342.925      iteration    35
DRPCG end of iteration 36
  Residual norm (36) = 18.51822878693274
  Norm reduction (36) = 0.002057883038837861

  Quadratic cost function: J   (36) = 389255.6836841351
  Quadratic cost function: Jb  (36) = 94899.1040307197
  Quadratic cost function: JoJc(36) = 294356.5796534154

 DRPCG Starting Iteration 37
rdots 244.339      iteration    36
DRPCG end of iteration 37
  Residual norm (37) = 15.63134007516855
  Norm reduction (37) = 0.001737070536556642

  Quadratic cost function: J   (37) = 389252.2474998115
  Quadratic cost function: Jb  (37) = 94914.48537427603
  Quadratic cost function: JoJc(37) = 294337.7621255354

 DRPCG Starting Iteration 38
rdots 186.426      iteration    37
DRPCG end of iteration 38
  Residual norm (38) = 13.6537870547261
  Norm reduction (38) = 0.001517310166059288

  Quadratic cost function: J   (38) = 389249.7122513212
  Quadratic cost function: Jb  (38) = 94926.22424434515
  Quadratic cost function: JoJc(38) = 294323.488006976

 DRPCG Starting Iteration 39
rdots 136.899      iteration    38
DRPCG end of iteration 39
  Residual norm (39) = 11.700404793087
  Norm reduction (39) = 0.001300235829693468

  Quadratic cost function: J   (39) = 389247.8806948955
  Quadratic cost function: Jb  (39) = 94934.98473103718
  Quadratic cost function: JoJc(39) = 294312.8959638583

 DRPCG Starting Iteration 40
OOPS_STATS DRPCG iteration 40                       - Runtime:   371.02 sec,  Local Memory:     7.03 GB
rdots 103.062      iteration    39
DRPCG end of iteration 40
  Residual norm (40) = 10.15194394676397
  Norm reduction (40) = 0.001128159366624751

  Quadratic cost function: J   (40) = 389246.5122009024
  Quadratic cost function: Jb  (40) = 94941.73824201713
  Quadratic cost function: JoJc(40) = 294304.7739588853

 DRPCG Starting Iteration 41
rdots 72.6805      iteration    40
DRPCG end of iteration 41
  Residual norm (41) = 8.52528739250724
  Norm reduction (41) = 0.0009473932160638787

  Quadratic cost function: J   (41) = 389245.4844392546
  Quadratic cost function: Jb  (41) = 94946.96824402743
  Quadratic cost function: JoJc(41) = 294298.5161952272

DRPCG: Achieved required reduction in residual norm.
OOPS_STATS DRPCG end                                - Runtime:   383.77 sec,  Local Memory:     7.03 GB
DRPCGMinimizer: reduction in residual norm = 0.000947393
DRPCGMinimizer output increment:
  Valid time: 2026-06-06T18:00:00Z
  Resolution: nCellsGlobal = 2341818, nFields = 12
Fld=1  Min=-0.0105748, Max=0.00856302, RMS=9.04058e-05 : water_vapor_mixing_ratio_wrt_moist_air
Fld=2  Min=-62.671, Max=94.7081, RMS=1.94399 : air_pressure_at_surface
Fld=3  Min=-7.13426, Max=7.79879, RMS=0.0961309 : air_temperature
Fld=4  Min=-26.7527, Max=29.7687, RMS=0.349853 : northward_wind
Fld=5  Min=-24.4576, Max=25.6617, RMS=0.350934 : eastward_wind
Fld=6  Min=-0.00394181, Max=0.00336282, RMS=1.85209e-05 : cloud_liquid_water
Fld=7  Min=-0.00106733, Max=0.00126866, RMS=4.2789e-06 : cloud_liquid_ice
Fld=8  Min=-0.00467604, Max=0.0071752, RMS=3.36519e-05 : rain_water
Fld=9  Min=-0.00437007, Max=0.00676773, RMS=5.04509e-05 : snow_water
Fld=10  Min=-0.00920373, Max=0.00709581, RMS=2.16469e-05 : graupel
Fld=11  Min=-76.9032, Max=88.6605, RMS=2.42956 : equivalent_reflectivity_factor
Fld=12  Min=0, Max=0, RMS=0 : upward_air_velocity
CostFunction::addIncrement: First guess:
  Valid time: 2026-06-06T18:00:00Z
  Resolution: nCellsGlobal = 2341818, nFields = 35
Fld=1  Min=0, Max=0.0231079, RMS=0.00636073 : water_vapor_mixing_ratio_wrt_moist_air
Fld=2  Min=63653.8, Max=102165, RMS=96280.5 : air_pressure_at_surface
Fld=3  Min=190.247, Max=313.388, RMS=261.577 : air_temperature
Fld=4  Min=-50.6124, Max=56.7338, RMS=8.21631 : northward_wind
Fld=5  Min=-20.1746, Max=54.8156, RMS=10.2499 : eastward_wind
Fld=6  Min=272.822, Max=642.648, RMS=356.597 : air_potential_temperature
Fld=7  Min=0.0385553, Max=1.27635, RMS=0.77656 : dry_air_density
Fld=8  Min=-62.4056, Max=62.5539, RMS=9.25499 : u
Fld=9  Min=0, Max=0.0236545, RMS=0.00643855 : water_vapor_mixing_ratio_wrt_dry_air
Fld=10  Min=2445.73, Max=102057, RMS=64211 : air_pressure
Fld=11  Min=0, Max=1, RMS=0.790008 : landmask
Fld=12  Min=0, Max=0.997171, RMS=0.0231946 : seaice_fraction
Fld=13  Min=0, Max=1, RMS=0.0518841 : snowc
Fld=14  Min=259.669, Max=322.35, RMS=298.633 : skin_temperature_at_surface
Fld=15  Min=1, Max=19, RMS=12.7664 : ivgtyp
Fld=16  Min=1, Max=16, RMS=9.97061 : isltyp
Fld=17  Min=0, Max=7.5, RMS=0.155739 : snowh
Fld=18  Min=0, Max=0.930115, RMS=0.422073 : vegetation_area_fraction
Fld=19  Min=259.375, Max=314.131, RMS=295.602 : air_temperature_at_2m
Fld=20  Min=0.000336136, Max=0.0225522, RMS=0.0117929 : water_vapor_mixing_ratio_wrt_moist_air_at_2m
Fld=21  Min=-13.2013, Max=14.9515, RMS=3.4588 : eastward_wind_at_10m
Fld=22  Min=-12.9453, Max=16.7168, RMS=4.06165 : northward_wind_at_10m
Fld=23  Min=0, Max=6.56538, RMS=1.72987 : lai
Fld=24  Min=0.00200001, Max=1, RMS=0.633488 : smois
Fld=25  Min=259.669, Max=325.987, RMS=293.322 : tslb
Fld=26  Min=-876.575, Max=5788.02, RMS=3066.27 : pressure_p
Fld=27  Min=0, Max=0.00689059, RMS=4.41812e-05 : cloud_liquid_water
Fld=28  Min=0, Max=0.00200847, RMS=8.6108e-06 : cloud_liquid_ice
Fld=29  Min=0, Max=0.0152123, RMS=2.77906e-05 : graupel
Fld=30  Min=0, Max=0.0106546, RMS=4.80799e-05 : rain_water
Fld=31  Min=0, Max=0.00580622, RMS=7.2506e-05 : snow_water
Fld=32  Min=0, Max=1, RMS=0.198842 : cldfrac
Fld=33  Min=0, Max=74.525, RMS=4.13536 : equivalent_reflectivity_factor
Fld=34  Min=-8.8485, Max=31.9378, RMS=0.152575 : w
Fld=35  Min=0, Max=0, RMS=0 : upward_air_velocity
CostFunction::addIncrement: Increment:
  Valid time: 2026-06-06T18:00:00Z
  Resolution: nCellsGlobal = 2341818, nFields = 12
Fld=1  Min=-0.0105748, Max=0.00856302, RMS=9.04058e-05 : water_vapor_mixing_ratio_wrt_moist_air
Fld=2  Min=-62.671, Max=94.7081, RMS=1.94399 : air_pressure_at_surface
Fld=3  Min=-7.13426, Max=7.79879, RMS=0.0961309 : air_temperature
Fld=4  Min=-26.7527, Max=29.7687, RMS=0.349853 : northward_wind
Fld=5  Min=-24.4576, Max=25.6617, RMS=0.350934 : eastward_wind
Fld=6  Min=-0.00394181, Max=0.00336282, RMS=1.85209e-05 : cloud_liquid_water
Fld=7  Min=-0.00106733, Max=0.00126866, RMS=4.2789e-06 : cloud_liquid_ice
Fld=8  Min=-0.00467604, Max=0.0071752, RMS=3.36519e-05 : rain_water
Fld=9  Min=-0.00437007, Max=0.00676773, RMS=5.04509e-05 : snow_water
Fld=10  Min=-0.00920373, Max=0.00709581, RMS=2.16469e-05 : graupel
Fld=11  Min=-76.9032, Max=88.6605, RMS=2.42956 : equivalent_reflectivity_factor
Fld=12  Min=0, Max=0, RMS=0 : upward_air_velocity
CostFunction::addIncrement: Analysis: 
  Valid time: 2026-06-06T18:00:00Z
  Resolution: nCellsGlobal = 2341818, nFields = 35
Fld=1  Min=0, Max=0.0238397, RMS=0.00636123 : water_vapor_mixing_ratio_wrt_moist_air
Fld=2  Min=63653.8, Max=102165, RMS=96280.5 : air_pressure_at_surface
Fld=3  Min=190.208, Max=313.388, RMS=261.579 : air_temperature
Fld=4  Min=-50.6124, Max=60.0669, RMS=8.21895 : northward_wind
Fld=5  Min=-31.4417, Max=59.2697, RMS=10.2526 : eastward_wind
Fld=6  Min=272.822, Max=642.861, RMS=356.598 : air_potential_temperature
Fld=7  Min=0.0385553, Max=1.27635, RMS=0.776554 : dry_air_density
Fld=8  Min=-65.176, Max=65.6851, RMS=9.2573 : u
Fld=9  Min=0, Max=0.0244219, RMS=0.00643907 : water_vapor_mixing_ratio_wrt_dry_air
Fld=10  Min=2445.73, Max=102057, RMS=64211.2 : air_pressure
Fld=11  Min=0, Max=1, RMS=0.790008 : landmask
Fld=12  Min=0, Max=0.997171, RMS=0.0231946 : seaice_fraction
Fld=13  Min=0, Max=1, RMS=0.0518841 : snowc
Fld=14  Min=259.669, Max=322.35, RMS=298.633 : skin_temperature_at_surface
Fld=15  Min=1, Max=19, RMS=12.7664 : ivgtyp
Fld=16  Min=1, Max=16, RMS=9.97061 : isltyp
Fld=17  Min=0, Max=7.5, RMS=0.155739 : snowh
Fld=18  Min=0, Max=0.930115, RMS=0.422073 : vegetation_area_fraction
Fld=19  Min=259.368, Max=314.131, RMS=295.608 : air_temperature_at_2m
Fld=20  Min=0.000336136, Max=0.0227125, RMS=0.0117928 : water_vapor_mixing_ratio_wrt_moist_air_at_2m
Fld=21  Min=-13.2013, Max=14.9515, RMS=3.4588 : eastward_wind_at_10m
Fld=22  Min=-12.9453, Max=16.7168, RMS=4.06165 : northward_wind_at_10m
Fld=23  Min=0, Max=6.56538, RMS=1.72987 : lai
Fld=24  Min=0.00200001, Max=1, RMS=0.633488 : smois
Fld=25  Min=259.669, Max=325.987, RMS=293.322 : tslb
Fld=26  Min=-894.269, Max=5789.81, RMS=3066.41 : pressure_p
Fld=27  Min=0, Max=0.0065443, RMS=4.4149e-05 : cloud_liquid_water
Fld=28  Min=0, Max=0.00200582, RMS=9.00806e-06 : cloud_liquid_ice
Fld=29  Min=0, Max=0.0120464, RMS=2.94549e-05 : graupel
Fld=30  Min=0, Max=0.00991752, RMS=4.51181e-05 : rain_water
Fld=31  Min=0, Max=0.00676794, RMS=7.66138e-05 : snow_water
Fld=32  Min=0, Max=1, RMS=0.198842 : cldfrac
Fld=33  Min=0, Max=88.6605, RMS=3.68841 : equivalent_reflectivity_factor
Fld=34  Min=-8.8485, Max=31.9378, RMS=0.152575 : w
Fld=35  Min=0, Max=0, RMS=0 : upward_air_velocity
OOPS_STATS IncrementalAssimilation end              - Runtime:   384.00 sec,  Local Memory:     7.03 GB
Variational: incremental assimilation done 1 iterations.
QC refl10cm equivalentReflectivityFactor: 136696 H(x) failed.
QC refl10cm equivalentReflectivityFactor: 7 rejected by first-guess check.
QC refl10cm equivalentReflectivityFactor: 3793379 passed out of 3930082 observations.
ObsErrorDiagonal covariance updated 3793379
Observer::finalize QC = 
refl10cm equivalentReflectivityFactor nlocs = 3930082, nobs = 3930082, min = 0, max = 19, avg = 0
Jo Observations:
Jo Obs :refl10cm:equivalentReflectivityFactor   : Nobs=  3793379, Min= 0.000000e+00, Max= 5.674299e+01, RMS= 4.809855e+00
Jo Observations Equivalent:
Jo H(x):refl10cm:equivalentReflectivityFactor   : Nobs=  3793379, Min= 0.000000e+00, Max= 5.587035e+01, RMS= 4.367540e+00
Jo Bias Corrected Departures:
Jo Dep :refl10cm:equivalentReflectivityFactor   : Nobs=  3793379, Min=-5.549042e+01, Max= 5.250430e+01, RMS= 1.977546e+00
Jo Observations Errors:
UFO Diagonal observation error covariance, inverse variances: refl10cm nobs= 3793379 Min=0.04, Max=0.04, RMS=0.04



CostJo   : Nonlinear Jo(refl10cm) = 296694, nobs = 3793379, Jo/n = 0.0782138, err = 5
CostJo   : Nonlinear Jo = 296694
Increment:diff x1 2
Increment:diff x2 1
CostJb: FG-BG
  Valid time: 2026-06-06T18:00:00Z
  Resolution: nCellsGlobal = 2341818, nFields = 12
Fld=1  Min=-0.00931106, Max=0.00856302, RMS=9.02137e-05 : water_vapor_mixing_ratio_wrt_moist_air
Fld=2  Min=-62.671, Max=94.7081, RMS=1.94399 : air_pressure_at_surface
Fld=3  Min=-7.13426, Max=7.79879, RMS=0.0961309 : air_temperature
Fld=4  Min=-26.7527, Max=29.7687, RMS=0.349853 : northward_wind
Fld=5  Min=-24.4576, Max=25.6617, RMS=0.350934 : eastward_wind
Fld=6  Min=-0.0031268, Max=0.00336282, RMS=1.54469e-05 : cloud_liquid_water
Fld=7  Min=-0.0010268, Max=0.00126866, RMS=3.7698e-06 : cloud_liquid_ice
Fld=8  Min=-0.00431706, Max=0.0071752, RMS=2.60935e-05 : rain_water
Fld=9  Min=-0.00424725, Max=0.00676773, RMS=4.74224e-05 : snow_water
Fld=10  Min=-0.0062906, Max=0.00709581, RMS=1.84285e-05 : graupel
Fld=11  Min=-68.6519, Max=88.6605, RMS=2.36425 : equivalent_reflectivity_factor
Fld=12  Min=0, Max=0, RMS=0 : upward_air_velocity
CostFunction: Nonlinear J = 296694
OOPS_STATS Variational end                          - Runtime:   390.21 sec,  Local Memory:     7.03 GB
==> destruct MPAS corelist and domain:  0
Tried to erase key "mesh[address=0x53ff230],halo[size=0]" from cache "NodeColumnsHaloExchangeCache" but it was not found.
Erased key "mesh[address=0x53ff230],halo[size=1]" from cache "NodeColumnsHaloExchangeCache".
==> destruct MPAS corelist and domain:  1
refl10cm: save database to jdiag_mrms_refl.nc (io pool size: 4)
QC refl10cm equivalentReflectivityFactor: 136696 H(x) failed.
QC refl10cm equivalentReflectivityFactor: 7 rejected by first-guess check.
QC refl10cm equivalentReflectivityFactor: 3793379 passed out of 3930082 observations.
Erased key "mesh[address=0x1a4c2fd0]" from cache "NodeColumnsGatherScatterCache".
Tried to erase key "mesh[address=0x1a4c2fd0],halo[size=0]" from cache "NodeColumnsHaloExchangeCache" but it was not found.
Erased key "mesh[address=0x1a4c2fd0],halo[size=1]" from cache "NodeColumnsHaloExchangeCache".

Run: Finishing oops::Variational<MPAS, UFO and IODA observations>
OOPS_STATS  
OOPS_STATS ----------------------------------------------------------------------------------
OOPS_STATS --------------------------- Object counts ----------------------------------------
OOPS_STATS ----------------------------------------------------------------------------------
OOPS_STATS                                      Total  Simult. Remain    Avg (Mb)    HWM (Mb)
OOPS_STATS ioda::ObsDataVector             :        8       5        
OOPS_STATS ioda::ObsVector                 :      102       8        
OOPS_STATS mpas::Geometry                  :        2       2        
OOPS_STATS mpas::Increment                 :     2984     129        
OOPS_STATS mpas::LinVarChaModel2GeoVars    :        1       1        
OOPS_STATS mpas::ModelBias                 :        4       3        
OOPS_STATS mpas::ModelBiasCovariance       :        1       1        
OOPS_STATS mpas::State                     :       75      34        
OOPS_STATS mpas::VarChaModel2GeoVars       :        3       1        
OOPS_STATS oops::ControlIncrement          :      182      96               15.22     1461.16
OOPS_STATS oops::ControlVariable           :        4       3        
OOPS_STATS oops::Diffusion                 :        1       1        
OOPS_STATS oops::EnsembleCovariance        :        1       1             3541.67     3541.67
OOPS_STATS oops::GeoVaLs                   :       86       1        
OOPS_STATS oops::Geometry                  :        2       2        
OOPS_STATS oops::GetValues                 :        3       2        
OOPS_STATS oops::Increment                 :     2900     129               15.02     1963.43
OOPS_STATS oops::LinearObsOperator         :        1       1        
OOPS_STATS oops::LocalInterpolator         :     2400    1600        
OOPS_STATS oops::Localization              :        1       1        
OOPS_STATS oops::ModelAuxControl           :        4       3        
OOPS_STATS oops::ModelAuxCovariance        :        1       1        
OOPS_STATS oops::ModelAuxIncrement         :      182      96        
OOPS_STATS oops::ObsAuxControl             :        4       3        
OOPS_STATS oops::ObsAuxCovariance          :        1       1        
OOPS_STATS oops::ObsAuxIncrement           :      182      96        
OOPS_STATS oops::ObsAuxIncrements          :      182      96        
OOPS_STATS oops::ObsAuxPreconditioner      :        2       2        
OOPS_STATS oops::ObsDataVector             :        4       4        
OOPS_STATS oops::ObsDiagnostics            :        2       1        
OOPS_STATS oops::ObsError                  :        1       1        
OOPS_STATS oops::ObsOperator               :        2       2        
OOPS_STATS oops::ObsSpace                  :        1       1                2.23        2.23
OOPS_STATS oops::ObsSpaces                 :        1       1        
OOPS_STATS oops::ObsVector                 :      102       7                0.04        0.24
OOPS_STATS oops::SampledLocations          :        8       4        
OOPS_STATS oops::State                     :       72      34               21.39      702.08
OOPS_STATS oops::UnstructuredInterpolator  :     2400    1600        
OOPS_STATS oops::VariableChange            :        3       1        
OOPS_STATS ufo::BackgroundCheck            :        1       1        
OOPS_STATS ufo::FinalCheck                 :        2       2        
OOPS_STATS ufo::GeoVaLs                    :       89       2        
OOPS_STATS ufo::ObsBias                    :        4       3        
OOPS_STATS ufo::ObsBiasCovariance          :        1       1        
OOPS_STATS ufo::ObsBiasPreconditioner      :        1       1        
OOPS_STATS ufo::ObsFilter                  :        9       6        
OOPS_STATS ufo::ObsFilterData              :        3       3        
OOPS_STATS ufo::ObsVertInterp              :        2       2        
OOPS_STATS ufo::ObsVertInterpTLAD          :        1       1        
OOPS_STATS ufo::SampledLocations           :        4       3        
OOPS_STATS ----------------------------- Object counts --------------------------------------
OOPS_STATS  
OOPS_STATS --------------------------------------------------------------------------------------------
OOPS_STATS ------------------------------------ Timing Statistics -------------------------------------
OOPS_STATS --------------------------------------------------------------------------------------------
OOPS_STATS Name                                                :   total (ms)   count    time/call (ms)
OOPS_STATS ObsFilter::Background Check::ObsFilter              :         0.22       1            0.2155
OOPS_STATS ObsFilter::Background Check::postFilter             :        21.91       1           21.9089
OOPS_STATS ObsFilter::Background Check::preProcess             :         0.01       1            0.0072
OOPS_STATS ObsFilter::Background Check::priorFilter            :         0.01       1            0.0099
OOPS_STATS ObsFilter::Final Check::ObsFilter                   :         0.01       2            0.0071
OOPS_STATS ObsFilter::Final Check::postFilter                  :         0.05       2            0.0231
OOPS_STATS ObsFilter::Final Check::preProcess                  :         0.00       2            0.0003
OOPS_STATS ObsFilter::Final Check::priorFilter                 :         0.00       2            0.0013
OOPS_STATS ObsFilter::QCmanager::ObsFilter                     :         1.76       2            0.8779
OOPS_STATS ObsFilter::QCmanager::postFilter                    :         0.23       2            0.1140
OOPS_STATS ObsFilter::QCmanager::preProcess                    :         0.00       2            0.0002
OOPS_STATS ObsFilter::QCmanager::priorFilter                   :         0.00       2            0.0001
OOPS_STATS ioda::ObsSpace::get_db(DateTime)                    :         1.61       4            0.4027
OOPS_STATS ioda::ObsSpace::get_db(double)                      :         0.29       5            0.0589
OOPS_STATS ioda::ObsSpace::get_db(float)                       :        10.75      12            0.8960
OOPS_STATS ioda::ObsSpace::load                                :       745.39       1          745.3907
OOPS_STATS ioda::ObsSpace::put_db(double)                      :         1.43       6            0.2383
OOPS_STATS ioda::ObsSpace::put_db(float)                       :         0.08       2            0.0387
OOPS_STATS ioda::ObsSpace::put_db(int)                         :         1.60       2            0.8024
OOPS_STATS mpas::LinVarChaModel2GeoVars::LinVarChaModel2GeoVar :         3.22       1            3.2189
OOPS_STATS mpas::LinVarChaModel2GeoVars::changeVarAD           :      1094.95      42           26.0702
OOPS_STATS mpas::LinVarChaModel2GeoVars::changeVarTL           :       147.30      41            3.5927
OOPS_STATS mpas::LinVarChaModel2GeoVars::~LinVarChaModel2GeoVa :         0.04       1            0.0393
OOPS_STATS mpas::VarChaModel2GeoVars::VarChaModel2GeoVars      :         0.04       3            0.0136
OOPS_STATS mpas::VarChaModel2GeoVars::changeVar                :        14.14       3            4.7128
OOPS_STATS mpas::VarChaModel2GeoVars::~VarChaModel2GeoVars     :         0.01       3            0.0022
OOPS_STATS oops::Covariance::EnsembleCovariance                :     73949.49       1        73949.4927
OOPS_STATS oops::Covariance::ensemble::Constructor             :         0.01       1            0.0095
OOPS_STATS oops::Covariance::ensemble::multiply                :    234606.62      42         5585.8720
OOPS_STATS oops::Diffusion::Diffusion                          :         0.00       1            0.0001
OOPS_STATS oops::Diffusion::calculateDerivedGeom               :         2.03       1            2.0264
OOPS_STATS oops::Diffusion::multiplySqrtAD                     :     58171.92    1260           46.1682
OOPS_STATS oops::Diffusion::multiplySqrtTL                     :     49246.80    1260           39.0848
OOPS_STATS oops::Diffusion::setParameters                      :         5.63       1            5.6347
OOPS_STATS oops::GeoVaLs::GeoVaLs                              :        18.40      86            0.2140
OOPS_STATS oops::GeoVaLs::fill                                 :        31.17   29516            0.0011
OOPS_STATS oops::GeoVaLs::fillAD                               :        22.76   26376            0.0009
OOPS_STATS oops::GeoVaLs::~GeoVaLs                             :         0.45      86            0.0053
OOPS_STATS oops::Geometry::Geometry                            :     43645.28       2        21822.6382
OOPS_STATS oops::Geometry::variableSizes                       :         5.45      11            0.4957
OOPS_STATS oops::Geometry::~Geometry                           :       386.45       2          193.2243
OOPS_STATS oops::GeometryData::containingTriangleAndBarycentri :        43.67   20082            0.0022
OOPS_STATS oops::GeometryData::setGlobalTree                   :      1817.80       2          908.9003
OOPS_STATS oops::GeometryData::setLocalTree                    :         3.21       2            1.6073
OOPS_STATS oops::GeometryData::setMeshAndTriangulation         :         0.29       2            0.1463
OOPS_STATS oops::GetValues::GetValues                          :       322.73       3          107.5761
OOPS_STATS oops::GetValues::fillGeoVaLs                        :        56.12       3           18.7061
OOPS_STATS oops::GetValues::fillGeoVaLsAD                      :       116.90      42            2.7833
OOPS_STATS oops::GetValues::fillGeoVaLsTL                      :       743.69      41           18.1387
OOPS_STATS oops::GetValues::finalize                           :        16.12       3            5.3737
OOPS_STATS oops::GetValues::finalizeAD                         :       627.46      42           14.9394
OOPS_STATS oops::GetValues::finalizeTL                         :       106.10      41            2.5878
OOPS_STATS oops::GetValues::initialize                         :         2.00       3            0.6656
OOPS_STATS oops::GetValues::initializeAD                       :         5.20      42            0.1239
OOPS_STATS oops::GetValues::initializeTL                       :        17.76      41            0.4332
OOPS_STATS oops::GetValues::process                            :        17.82       3            5.9391
OOPS_STATS oops::GetValues::processAD                          :       125.86      42            2.9966
OOPS_STATS oops::GetValues::processTL                          :       137.12      41            3.3444
OOPS_STATS oops::Increment::Increment                          :     27050.46    2900            9.3277
OOPS_STATS oops::Increment::axpy                               :      5686.08     943            6.0298
OOPS_STATS oops::Increment::diff                               :       364.12      33           11.0338
OOPS_STATS oops::Increment::dot_product_with                   :      8870.54    1029            8.6205
OOPS_STATS oops::Increment::fromFieldSet                       :     11125.54    1302            8.5450
OOPS_STATS oops::Increment::operator*=                         :       199.54     124            1.6092
OOPS_STATS oops::Increment::operator+=                         :     10214.10    1455            7.0200
OOPS_STATS oops::Increment::operator+=(State, Increment)       :        49.10       1           49.1027
OOPS_STATS oops::Increment::operator-=                         :       143.21      30            4.7738
OOPS_STATS oops::Increment::operator=                          :      5370.66    1606            3.3441
OOPS_STATS oops::Increment::print                              :     33338.54    1267           26.3130
OOPS_STATS oops::Increment::schur_product_with                 :     11193.39    2520            4.4418
OOPS_STATS oops::Increment::serialSize                         :         4.41     182            0.0243
OOPS_STATS oops::Increment::toFieldSet                         :     10097.66    1343            7.5187
OOPS_STATS oops::Increment::zero                               :       122.40     127            0.9637
OOPS_STATS oops::Increment::~Increment                         :       147.04    2900            0.0507
OOPS_STATS oops::LinearObsOper::refl10cm::LinearObsOperator    :         0.54       1            0.5446
OOPS_STATS oops::LinearObsOper::refl10cm::requiredVars         :         0.12      85            0.0014
OOPS_STATS oops::LinearObsOper::refl10cm::setTrajectory        :        22.00       1           22.0032
OOPS_STATS oops::LinearObsOper::refl10cm::simulateObsAD        :         3.68      42            0.0877
OOPS_STATS oops::LinearObsOper::refl10cm::simulateObsTL        :         7.00      41            0.1706
OOPS_STATS oops::LinearObsOper::refl10cm::~LinearObsOperator   :         0.05       1            0.0498
OOPS_STATS oops::LinearVariableChange::LinearVariableChange    :         0.04       1            0.0360
OOPS_STATS oops::LinearVariableChange::changeVarAD             :      1739.32      42           41.4123
OOPS_STATS oops::LinearVariableChange::changeVarTL             :       472.83      41           11.5325
OOPS_STATS oops::LinearVariableChange::changeVarTraj           :         3.23       1            3.2294
OOPS_STATS oops::LinearVariableChange::~LinearVariableChange   :         0.05       1            0.0508
OOPS_STATS oops::LocalInterpolator::LocalInterpolator          :        50.49    2400            0.0210
OOPS_STATS oops::LocalInterpolator::apply                      :        16.54    2400            0.0069
OOPS_STATS oops::LocalInterpolator::applyAD                    :       109.01   33600            0.0032
OOPS_STATS oops::LocalInterpolator::applyTL                    :       121.02   32800            0.0037
OOPS_STATS oops::LocalInterpolator::preprocess                 :      1302.88      44           29.6108
OOPS_STATS oops::LocalInterpolator::preprocessAD               :        67.43      42            1.6054
OOPS_STATS oops::LocalInterpolator::~LocalInterpolator         :         1.37    2400            0.0006
OOPS_STATS oops::Localization::Localization                    :      7704.87       1         7704.8667
OOPS_STATS oops::Localization::multiply                        :    195403.10    1260          155.0818
OOPS_STATS oops::Localization::~Localization                   :         0.33       1            0.3314
OOPS_STATS oops::ModelAuxControl::ModelAuxControl              :         0.01       4            0.0020
OOPS_STATS oops::ModelAuxControl::print                        :         0.00       3            0.0005
OOPS_STATS oops::ModelAuxControl::~ModelAuxControl             :         0.01       4            0.0014
OOPS_STATS oops::ModelAuxCovariance::ModelAuxCovariance        :         0.00       1            0.0036
OOPS_STATS oops::ModelAuxCovariance::linearize                 :         0.00       1            0.0001
OOPS_STATS oops::ModelAuxCovariance::multiply                  :         0.01      42            0.0002
OOPS_STATS oops::ModelAuxCovariance::~ModelAuxCovariance       :         0.00       1            0.0005
OOPS_STATS oops::ModelAuxIncrement::ModelAuxIncrement          :         0.15     182            0.0008
OOPS_STATS oops::ModelAuxIncrement::axpy                       :         0.37     943            0.0004
OOPS_STATS oops::ModelAuxIncrement::diff                       :         0.00       3            0.0001
OOPS_STATS oops::ModelAuxIncrement::dot_product_with           :         0.31    1029            0.0003
OOPS_STATS oops::ModelAuxIncrement::operator*=                 :         0.04      81            0.0005
OOPS_STATS oops::ModelAuxIncrement::operator+=                 :         0.06     123            0.0005
OOPS_STATS oops::ModelAuxIncrement::operator+=ModelAuxControl  :         0.00       1            0.0002
OOPS_STATS oops::ModelAuxIncrement::operator=                  :         0.01      45            0.0002
OOPS_STATS oops::ModelAuxIncrement::print                      :         0.01       7            0.0008
OOPS_STATS oops::ModelAuxIncrement::serialSize                 :         0.01     182            0.0001
OOPS_STATS oops::ModelAuxIncrement::zero                       :         0.01      42            0.0002
OOPS_STATS oops::ModelAuxIncrement::~ModelAuxIncrement         :         0.04     182            0.0002
OOPS_STATS oops::ObsAuxControl::ObsAuxControl                  :         0.17       4            0.0413
OOPS_STATS oops::ObsAuxControl::print                          :         0.00       3            0.0009
OOPS_STATS oops::ObsAuxControl::requiredHdiagnostics           :         0.00       2            0.0001
OOPS_STATS oops::ObsAuxControl::requiredVars                   :         0.00       6            0.0001
OOPS_STATS oops::ObsAuxControl::write                          :         0.03       1            0.0282
OOPS_STATS oops::ObsAuxControl::~ObsAuxControl                 :         0.01       4            0.0021
OOPS_STATS oops::ObsAuxCovariance::ObsAuxCovariance            :         0.08       1            0.0839
OOPS_STATS oops::ObsAuxCovariance::inverseMultiply             :         0.05      42            0.0012
OOPS_STATS oops::ObsAuxCovariance::linearize                   :         0.01       1            0.0118
OOPS_STATS oops::ObsAuxCovariance::multiply                    :         0.19      42            0.0045
OOPS_STATS oops::ObsAuxCovariance::preconditioner              :         0.04       1            0.0361
OOPS_STATS oops::ObsAuxCovariance::write                       :         0.02       1            0.0229
OOPS_STATS oops::ObsAuxCovariance::~ObsAuxCovariance           :         0.00       1            0.0016
OOPS_STATS oops::ObsAuxIncrement::ObsAuxIncrement              :         0.79     182            0.0043
OOPS_STATS oops::ObsAuxIncrement::axpy                         :         1.28     943            0.0014
OOPS_STATS oops::ObsAuxIncrement::diff                         :         0.01       3            0.0042
OOPS_STATS oops::ObsAuxIncrement::dot_product_with             :         0.59    1029            0.0006
OOPS_STATS oops::ObsAuxIncrement::operator*=                   :         0.10      81            0.0013
OOPS_STATS oops::ObsAuxIncrement::operator+=                   :         0.16     123            0.0013
OOPS_STATS oops::ObsAuxIncrement::operator=                    :         0.03      45            0.0007
OOPS_STATS oops::ObsAuxIncrement::print                        :         0.01       7            0.0009
OOPS_STATS oops::ObsAuxIncrement::serialSize                   :         0.01     364            0.0000
OOPS_STATS oops::ObsAuxIncrement::zero                         :         0.06      42            0.0014
OOPS_STATS oops::ObsAuxIncrement::~ObsAuxIncrement             :         0.24     182            0.0013
OOPS_STATS oops::ObsAuxPreconditioner::multiply                :         0.05      42            0.0012
OOPS_STATS oops::ObsAuxPreconditioner::~ObsAuxPreconditioner   :         0.00       2            0.0011
OOPS_STATS oops::ObsDataVector::ObsDataVector                  :         0.21       4            0.0535
OOPS_STATS oops::ObsDataVector::mask                           :         0.01       2            0.0044
OOPS_STATS oops::ObsDataVector::operator=                      :         0.11       2            0.0535
OOPS_STATS oops::ObsDataVector::print                          :         2.33       2            1.1670
OOPS_STATS oops::ObsDataVector::save                           :         1.70       4            0.4257
OOPS_STATS oops::ObsDataVector::~ObsDataVector                 :         0.02       4            0.0043
OOPS_STATS oops::ObsDiagnostics::ObsDiagnostics                :         0.06       2            0.0287
OOPS_STATS oops::ObsDiagnostics::~ObsDiagnostics               :         0.02       2            0.0087
OOPS_STATS oops::ObsError::getRMSE                             :         1.06       4            0.2639
OOPS_STATS oops::ObsError::inverseMultiply                     :         0.41      43            0.0096
OOPS_STATS oops::ObsError::obserrors                           :         0.05       6            0.0077
OOPS_STATS oops::ObsError::update                              :        16.75       2            8.3742
OOPS_STATS oops::ObsError::~ObsError                           :         0.01       1            0.0121
OOPS_STATS oops::ObsOperator::refl10cm::ObsOperator            :         3.68       2            1.8401
OOPS_STATS oops::ObsOperator::refl10cm::computeReducedVars     :         0.06       3            0.0205
OOPS_STATS oops::ObsOperator::refl10cm::locations              :         2.55       3            0.8501
OOPS_STATS oops::ObsOperator::refl10cm::requiredVars           :         0.00       3            0.0016
OOPS_STATS oops::ObsOperator::refl10cm::simulateObs            :         1.25       2            0.6236
OOPS_STATS oops::ObsOperator::refl10cm::~ObsOperator           :         0.03       2            0.0143
OOPS_STATS oops::ObsSpace::ObsSpace                            :       751.36       1          751.3649
OOPS_STATS oops::ObsSpace::obsvariables                        :         0.00       3            0.0000
OOPS_STATS oops::ObsSpace::save                                :      2463.91       1         2463.9072
OOPS_STATS oops::ObsSpace::~ObsSpace                           :         0.80       1            0.8003
OOPS_STATS oops::ObsVector::ObsVector                          :         5.33     100            0.0533
OOPS_STATS oops::ObsVector::dot_product                        :         0.69       4            0.1734
OOPS_STATS oops::ObsVector::info                               :         1.67       6            0.2790
OOPS_STATS oops::ObsVector::operator*=                         :         0.01       2            0.0049
OOPS_STATS oops::ObsVector::operator-=                         :         0.02       2            0.0118
OOPS_STATS oops::ObsVector::operator=                          :         0.41       4            0.1026
OOPS_STATS oops::ObsVector::rms                                :         0.31       4            0.0781
OOPS_STATS oops::ObsVector::save                               :         1.46       6            0.2432
OOPS_STATS oops::ObsVector::zero                               :         0.04      43            0.0010
OOPS_STATS oops::ObsVector::~ObsVector                         :         0.24     100            0.0024
OOPS_STATS oops::Parameters::deserialize                       :         6.02      97            0.0621
OOPS_STATS oops::Parameters::serialize                         :         2.22      80            0.0277
OOPS_STATS oops::Run::execute                                  :    392288.82       1       392288.8188
OOPS_STATS oops::SampledLocations::SampledLocations            :         0.00       4            0.0003
OOPS_STATS oops::SampledLocations::latitudes                   :         0.00       3            0.0001
OOPS_STATS oops::SampledLocations::longitudes                  :         0.00       3            0.0000
OOPS_STATS oops::SampledLocations::times                       :         0.00       3            0.0000
OOPS_STATS oops::SampledLocations::~SampledLocations           :         6.61       8            0.8265
OOPS_STATS oops::State::State                                  :     67806.80      72          941.7611
OOPS_STATS oops::State::print                                  :       100.19       3           33.3979
OOPS_STATS oops::State::toFieldSet                             :        22.71       5            4.5418
OOPS_STATS oops::State::variables                              :         0.00      58            0.0000
OOPS_STATS oops::State::write                                  :      5947.12       1         5947.1223
OOPS_STATS oops::State::zero                                   :        62.62      30            2.0872
OOPS_STATS oops::State::~State                                 :         8.62      72            0.1197
OOPS_STATS oops::UnstructuredInterpolator::UnstructuredInterpo :        49.64    2400            0.0207
OOPS_STATS oops::UnstructuredInterpolator::apply               :       128.22   35200            0.0036
OOPS_STATS oops::UnstructuredInterpolator::applyAD             :        77.55   33600            0.0023
OOPS_STATS oops::VariableChange::VariableChange                :         0.31       3            0.1046
OOPS_STATS oops::VariableChange::changeVar                     :        23.39       3            7.7961
OOPS_STATS oops::VariableChange::~VariableChange               :         0.02       3            0.0069
OOPS_STATS oops::util::FieldSetHelpers::readFieldSet           :      7645.93       2         3822.9625
OOPS_STATS saber::Localization::Localization                   :      7704.86       1         7704.8556
OOPS_STATS saber::Localization::multiply                       :    185344.29    1260          147.0986
OOPS_STATS saber::Localization::~Localization                  :         0.00       1            0.0001
OOPS_STATS ufo::ObsFilter::ObsFilter                           :         1.99       5            0.3982
OOPS_STATS ufo::ObsFilter::checkFilterData                     :         0.01      15            0.0005
OOPS_STATS ufo::ObsFilter::postFilter                          :        22.19       5            4.4377
OOPS_STATS ufo::ObsFilter::preProcess                          :         0.01       5            0.0022
OOPS_STATS ufo::ObsFilter::priorFilter                         :         0.02       5            0.0041
OOPS_STATS ufo::ObsFilter::~ObsFilter                          :        49.78       9            5.5314
OOPS_STATS util::Timers::measured                              :    391847.79       1       391847.7883
OOPS_STATS ------------------------------------ Timing Statistics -------------------------------------

OOPS_STATS ------------------------------------------------------------------------------------------------------------------
OOPS_STATS ---------------------------------- Parallel Timing Statistics ( 800 MPI tasks) -----------------------------------
OOPS_STATS ------------------------------------------------------------------------------------------------------------------
OOPS_STATS Name                                                :     min (ms)    max (ms)    avg (ms)     % total   imbal (%)
OOPS_STATS oops::Covariance::EnsembleCovariance                :     73948.83    73950.08    73949.35       18.85        0.00
OOPS_STATS oops::Covariance::ensemble::multiply                :    234054.71   235342.65   234569.12       59.79        0.55
OOPS_STATS oops::Diffusion::multiplySqrtAD                     :     56921.91    59969.25    57956.09       14.77        5.26
OOPS_STATS oops::Diffusion::multiplySqrtTL                     :     45382.42    77623.29    50556.37       12.89       63.77
OOPS_STATS oops::Geometry::Geometry                            :     42458.89    43798.42    43738.78       11.15        3.06
OOPS_STATS oops::Geometry::~Geometry                           :       386.45      574.90      486.54        0.12       38.73
OOPS_STATS oops::GeometryData::setGlobalTree                   :      1817.80     1946.35     1887.66        0.48        6.81
OOPS_STATS oops::GetValues::fillGeoVaLsTL                      :       301.17      843.05      652.89        0.17       83.00
OOPS_STATS oops::GetValues::finalizeAD                         :       558.96     1059.80      641.07        0.16       78.13
OOPS_STATS oops::Increment::Increment                          :     14086.87    28129.48    24447.73        6.23       57.44
OOPS_STATS oops::Increment::axpy                               :      4912.42     6274.47     5722.45        1.46       23.80
OOPS_STATS oops::Increment::dot_product_with                   :      7994.93    10040.00     8931.44        2.28       22.90
OOPS_STATS oops::Increment::fromFieldSet                       :      8536.49    20214.65    10897.53        2.78      107.16
OOPS_STATS oops::Increment::operator+=                         :      7812.03    14421.77    10037.04        2.56       65.85
OOPS_STATS oops::Increment::operator=                          :      3234.49     6517.41     5288.81        1.35       62.07
OOPS_STATS oops::Increment::print                              :     17099.88    55124.81    34134.33        8.70      111.40
OOPS_STATS oops::Increment::schur_product_with                 :      5974.76    13469.70    11033.45        2.81       67.93
OOPS_STATS oops::Increment::toFieldSet                         :      8334.78    20003.75    11151.20        2.84      104.64
OOPS_STATS oops::LinearVariableChange::changeVarAD             :      1256.53     2454.64     1793.58        0.46       66.80
OOPS_STATS oops::LinearVariableChange::changeVarTL             :       433.79      811.90      552.96        0.14       68.38
OOPS_STATS oops::LocalInterpolator::preprocess                 :        70.82     1341.87     1289.71        0.33       98.55
OOPS_STATS oops::Localization::Localization                    :      7612.89     7827.87     7704.65        1.96        2.79
OOPS_STATS oops::Localization::multiply                        :    194075.58   213122.76   198356.24       50.56        9.60
OOPS_STATS oops::ObsSpace::ObsSpace                            :       702.99      766.65      732.54        0.19        8.69
OOPS_STATS oops::ObsSpace::save                                :      2299.30     2476.00     2385.04        0.61        7.41
OOPS_STATS oops::State::State                                  :     67690.37    68171.28    67818.44       17.29        0.71
OOPS_STATS oops::State::write                                  :      4727.62     5973.89     5948.11        1.52       20.95
OOPS_STATS oops::util::FieldSetHelpers::readFieldSet           :      7407.70     7645.93     7485.73        1.91        3.18
OOPS_STATS saber::Localization::Localization                   :      7612.87     7827.84     7704.63        1.96        2.79
OOPS_STATS saber::Localization::multiply                       :    183661.24   207600.97   188207.83       47.98       12.72
OOPS_STATS util::Timers::measured                              :    391847.79   392083.71   392025.11       99.93        0.06
OOPS_STATS oops::Run::execute                                  :    392237.28   392344.91   392294.23      100.00        0.03
OOPS_STATS ---------------------------------- Parallel Timing Statistics ( 800 MPI tasks) -----------------------------------

OOPS_STATS Run end                                  - Runtime:    393.32 sec,  Memory: total:  4100.76 GB, per task: min =     4.81 GB, max =     7.03 GB
Run: Finishing oops::Variational<MPAS, UFO and IODA observations> with status = 0
OOPS Ending   2026-06-06 20:09:08 (UTC+0000)
