Configuration input file is: jedivar.pass2.yaml
Full configuration is:YAMLConfiguration[path=jedivar.pass2.yaml, root={_member => {date => 2026-05-25T19:00:00Z , state variables => (water_vapor_mixing_ratio_wrt_moist_air,air_pressure_at_surface,air_temperature,northward_wind,eastward_wind,cloud_liquid_water,cloud_liquid_ice,rain_water,snow_water,graupel,equivalent_reflectivity_factor,upward_air_velocity) , stream name => ensemble} , output => {filename => mpasout.nc , stream name => analysis} , variational => {minimizer => {algorithm => DRPCG} , iterations => ({geometry => {nml_file => ./namelist.atmosphere , streams_file => ./streams.atmosphere , deallocate non-da fields => true , interpolation type => unstructured} , gradient norm reduction => 0.001 , ninner => 75})} , cost function => {cost type => 3D-Var , time window => {begin => 2026-05-25T17:00:00Z , length => PT4H} , jb evaluation => false , geometry => {nml_file => ./namelist.atmosphere , streams_file => ./streams.atmosphere , deallocate non-da fields => true , interpolation type => unstructured} , analysis variables => (water_vapor_mixing_ratio_wrt_moist_air,air_pressure_at_surface,air_temperature,northward_wind,eastward_wind,cloud_liquid_water,cloud_liquid_ice,rain_water,snow_water,graupel,equivalent_reflectivity_factor,upward_air_velocity) , background => {state variables => (water_vapor_mixing_ratio_wrt_moist_air,air_pressure_at_surface,air_temperature,northward_wind,eastward_wind,air_potential_temperature,dry_air_density,u,water_vapor_mixing_ratio_wrt_dry_air,air_pressure,landmask,seaice_fraction,snowc,skin_temperature_at_surface,ivgtyp,isltyp,snowh,vegetation_area_fraction,air_temperature_at_2m,water_vapor_mixing_ratio_wrt_moist_air_at_2m,eastward_wind_at_10m,northward_wind_at_10m,lai,smois,tslb,pressure_p,cloud_liquid_water,cloud_liquid_ice,graupel,rain_water,snow_water,cldfrac,equivalent_reflectivity_factor,w,upward_air_velocity) , filename => mpasout.nc , date => 2026-05-25T19:00:00Z} , background error => {covariance model => ensemble , localization => {localization method => SABER , saber central block => {saber block name => diffusion , active variables => (water_vapor_mixing_ratio_wrt_moist_air,air_pressure_at_surface,air_temperature,northward_wind,eastward_wind,cloud_liquid_water,cloud_liquid_ice,rain_water,snow_water,graupel,equivalent_reflectivity_factor,upward_air_velocity) , read => {groups => ({variables => (water_vapor_mixing_ratio_wrt_moist_air,air_pressure_at_surface,air_temperature,northward_wind,eastward_wind,cloud_liquid_water,cloud_liquid_ice,rain_water,snow_water,graupel,equivalent_reflectivity_factor,upward_air_velocity) , multivariate strategy => duplicated , horizontal => {filepath => data/diffusionloc/mpas_conus3km.diffusion_hz} , vertical => {levels => 59 , filepath => data/diffusionloc/mpas_conus3km.diffusion_vt}})}}} , members from template => {template => {date => 2026-05-25T19:00:00Z , state variables => (water_vapor_mixing_ratio_wrt_moist_air,air_pressure_at_surface,air_temperature,northward_wind,eastward_wind,cloud_liquid_water,cloud_liquid_ice,rain_water,snow_water,graupel,equivalent_reflectivity_factor,upward_air_velocity) , stream name => ensemble , filename => ./data/ens/mem%iMember%.nc} , pattern => %iMember% , start => 1 , zero padding => 3 , nmembers => 30}} , observations => {observers => ({obs space => {name => refl10cm , distribution => {name => RoundRobin , halo size => 500000} , obsdatain => {engine => {type => H5File , obsfile => data/obs/ioda_mrms_refl.nc , missing file action => warn}} , obsdataout => {engine => {type => H5File , allow overwrite => true , obsfile => jdiag_mrms_refl.nc}} , io pool => {write multiple files => false} , _source => mrms , simulated variables => (equivalentReflectivityFactor)} , obs operator => {name => VertInterp , vertical coordinate => height_above_mean_sea_level , observation vertical coordinate => height , interpolation method => linear , observation alias file => obsop_name_map.yaml} , obs localizations => ({localization method => Horizontal Gaspari-Cohn , lengthscale => 200000}) , _obsname => refl10cm , obs filters => ({filter => Background Check , filter variables => ({name => equivalentReflectivityFactor}) , threshold => 12 , action => {name => reject}})})}}}]
OOPS_STATS ObjectCountHelper started.
OOPS_STATS Run start                                - Runtime:      1.57 sec,  Memory: total:   104.21 GB, per task: min =   128.97 MB, max =   130.55 MB
Run: Starting oops::Variational<MPAS, UFO and IODA observations>
OOPS_STATS Variational start                        - Runtime:     1.58 sec,  Local Memory:   130.55 MB
==> create geom
atlas::mpi::push(world)
Increase halo 1
atlas::mpi::pop(world)
atlas::mpi::push(world)
atlas::mpi::pop(world)
atlas::mpi::push(world)
atlas::mpi::pop(world)
atlas::mpi::push(world)
atlas::mpi::pop(world)
refl10cm: read database from data/obs/ioda_mrms_refl.nc (io pool size: 800)
refl10cm processed vars: 1 Variables: equivalentReflectivityFactor
refl10cm assimilated vars: 1 Variables: equivalentReflectivityFactor
refl10cm: 0 observations are outside of time window out of 3883429
refl10cm: 0 observations were rejected by QC checks out of 3883429
No bias-correction is performed for this ObsSpace.
3DVar window: TimeWindow: start = 2026-05-25T17:00:00Z, end = 2026-05-25T21:00:00Z, inclusive upper bound.

OOPS_STATS IncrementalAssimilation start            - Runtime:    31.53 sec,  Local Memory:     2.50 GB
Running incremental assimilation with 1 outer iterations.
Minimizer algorithm=DRPCG
QNewtonLMP: maxouter : 1
IncrementalAssimilation: Configuration for outer iteration 0:
LocalConfiguration[root={geometry => {nml_file => ./namelist.atmosphere , streams_file => ./streams.atmosphere , deallocate non-da fields => true , interpolation type => unstructured} , gradient norm reduction => 0.001 , ninner => 75 , iteration => 0 , total iterations => 1}]
OOPS_STATS IncrementalAssimilation iteration 0      - Runtime:    31.53 sec,  Local Memory:     2.50 GB
==> create geom
atlas::mpi::push(world)
Increase halo 1
atlas::mpi::pop(world)
atlas::mpi::push(world)
atlas::mpi::pop(world)
atlas::mpi::push(world)
atlas::mpi::pop(world)
atlas::mpi::push(world)
atlas::mpi::pop(world)
Key "mesh[address=0x51676b0],halo[size=1]" not found in cache "NodeColumnsHaloExchangeCache" , creating new, removable with key "mesh[address=0x51676b0],halo[size=1]"
Key "mesh[address=0x81058c0],halo[size=1]" not found in cache "NodeColumnsHaloExchangeCache" , creating new, removable with key "mesh[address=0x81058c0],halo[size=1]"
processWhere: selected 0 obs.
BackgroundCheck obserr: 
refl10cm equivalentReflectivityFactor nlocs = 3883429, nobs = 3883429, min = 5, max = 5, avg = 5
processing a float: 12
ObsErrorDiagonal covariance updated 3749583
Observer::finalize QC = 
refl10cm equivalentReflectivityFactor nlocs = 3883429, nobs = 3883429, min = 0, max = 19, avg = 0
CostJo Observations: 
refl10cm nobs= 3883429 Min=0, Max=55.2981, RMS=5.79826

Jo Observations:
Jo Obs :refl10cm:equivalentReflectivityFactor   : Nobs=  3749583, Min= 0.000000e+00, Max= 5.529812e+01, RMS= 5.714782e+00
Jo Observations Equivalent:
Jo H(x):refl10cm:equivalentReflectivityFactor   : Nobs=  3749583, Min= 0.000000e+00, Max= 6.921265e+01, RMS= 5.325068e+00
Jo Bias Corrected Departures:
Jo Dep :refl10cm:equivalentReflectivityFactor   : Nobs=  3749583, Min=-5.429625e+01, Max= 5.977821e+01, RMS= 4.369993e+00
Jo Observations Errors:
UFO Diagonal observation error covariance, inverse variances: refl10cm nobs= 3749583 Min=0.04, Max=0.04, RMS=0.04



CostJo   : Nonlinear Jo(refl10cm) = 1.4321e+06, nobs = 3749583, Jo/n = 0.381937, err = 5
CostJo   : Nonlinear Jo = 1.4321e+06
Increment:diff x1 4
Increment:diff x2 35
Increment:diff x1 5
Increment:diff x2 36
Increment:diff x1 6
Increment:diff x2 37
Increment:diff x1 7
Increment:diff x2 38
Increment:diff x1 8
Increment:diff x2 39
Increment:diff x1 9
Increment:diff x2 40
Increment:diff x1 10
Increment:diff x2 41
Increment:diff x1 11
Increment:diff x2 42
Increment:diff x1 12
Increment:diff x2 43
Increment:diff x1 13
Increment:diff x2 44
Increment:diff x1 14
Increment:diff x2 45
Increment:diff x1 15
Increment:diff x2 46
Increment:diff x1 16
Increment:diff x2 47
Increment:diff x1 17
Increment:diff x2 48
Increment:diff x1 18
Increment:diff x2 49
Increment:diff x1 19
Increment:diff x2 50
Increment:diff x1 20
Increment:diff x2 51
Increment:diff x1 21
Increment:diff x2 52
Increment:diff x1 22
Increment:diff x2 53
Increment:diff x1 23
Increment:diff x2 54
Increment:diff x1 24
Increment:diff x2 55
Increment:diff x1 25
Increment:diff x2 56
Increment:diff x1 26
Increment:diff x2 57
Increment:diff x1 27
Increment:diff x2 58
Increment:diff x1 28
Increment:diff x2 59
Increment:diff x1 29
Increment:diff x2 60
Increment:diff x1 30
Increment:diff x2 61
Increment:diff x1 31
Increment:diff x2 62
Increment:diff x1 32
Increment:diff x2 63
Increment:diff x1 33
Increment:diff x2 64
Info     : Prepare ensemble configuration
Info     : Read full ensemble
Info     : Creating central block: 
Info     : SaberCentralBlock using multivariate strategy: deprecated
Info     : Creating single central block.
Info     : Read data

==================================================================================
 saber::Diffusion read
----------------------------------------------------------------------------------

group 1 of 1
atlas::mpi::push(world)
atlas::mpi::pop(world)
variables: [water_vapor_mixing_ratio_wrt_moist_air,air_pressure_at_surface,air_temperature,northward_wind,eastward_wind,cloud_liquid_water,cloud_liquid_ice,rain_water,snow_water,graupel,equivalent_reflectivity_factor,upward_air_velocity]
multivariate strategy: duplicated
Reading horizontal parameters
  levels: 1
Key "mesh[address=0x81058c0]" not found in cache "NodeColumnsGatherScatterCache" , creating new, removable with key "mesh[address=0x81058c0]"
  Info     : Reading file: data/diffusionloc/mpas_conus3km.diffusion_hz.nc
atlas::mpi::push(world)
atlas::mpi::pop(world)
  hzScales:  min: 4087.19  mean: 4087.19  max: 4087.19
  hzNorm:    min: 2.4414  mean: 3.71484  max: 4.05626
Reading vertical parameters
  levels: 59
  vertical strategy: normal
  Info     : Reading file: data/diffusionloc/mpas_conus3km.diffusion_vt.nc
atlas::mpi::push(world)
atlas::mpi::pop(world)
  vtScales:  min: 11  mean: 11  max: 11
  vtNorm:    min: 3.7178  mean: 4.83632  max: 5.25235
Diffusion: horizontal iterations: 6
Diffusion: vertical iterations: 242
Increment:diff x1 2
Increment:diff x2 1
==================================================================================

CostJb: FG-BG
  Valid time: 2026-05-25T19:00:00Z
  Resolution: nCellsGlobal = 2341818, nFields = 12
Fld=1  Min=0, Max=0, RMS=0 : water_vapor_mixing_ratio_wrt_moist_air
Fld=2  Min=0, Max=0, RMS=0 : air_pressure_at_surface
Fld=3  Min=0, Max=0, RMS=0 : air_temperature
Fld=4  Min=0, Max=0, RMS=0 : northward_wind
Fld=5  Min=0, Max=0, RMS=0 : eastward_wind
Fld=6  Min=0, Max=0, RMS=0 : cloud_liquid_water
Fld=7  Min=0, Max=0, RMS=0 : cloud_liquid_ice
Fld=8  Min=0, Max=0, RMS=0 : rain_water
Fld=9  Min=0, Max=0, RMS=0 : snow_water
Fld=10  Min=0, Max=0, RMS=0 : graupel
Fld=11  Min=0, Max=0, RMS=0 : equivalent_reflectivity_factor
Fld=12  Min=0, Max=0, RMS=0 : upward_air_velocity
Increment:diff x1 2
Increment:diff x2 1
CostJb: FG-BG
  Valid time: 2026-05-25T19:00:00Z
  Resolution: nCellsGlobal = 2341818, nFields = 12
Fld=1  Min=0, Max=0, RMS=0 : water_vapor_mixing_ratio_wrt_moist_air
Fld=2  Min=0, Max=0, RMS=0 : air_pressure_at_surface
Fld=3  Min=0, Max=0, RMS=0 : air_temperature
Fld=4  Min=0, Max=0, RMS=0 : northward_wind
Fld=5  Min=0, Max=0, RMS=0 : eastward_wind
Fld=6  Min=0, Max=0, RMS=0 : cloud_liquid_water
Fld=7  Min=0, Max=0, RMS=0 : cloud_liquid_ice
Fld=8  Min=0, Max=0, RMS=0 : rain_water
Fld=9  Min=0, Max=0, RMS=0 : snow_water
Fld=10  Min=0, Max=0, RMS=0 : graupel
Fld=11  Min=0, Max=0, RMS=0 : equivalent_reflectivity_factor
Fld=12  Min=0, Max=0, RMS=0 : upward_air_velocity
CostFunction: Nonlinear J = 1.4321e+06
OOPS_STATS IncrementalAssimilation linearize 0      - Runtime:   119.34 sec,  Local Memory:     7.27 GB

DRPCGMinimizer: max iter = 75, requested norm reduction = 0.001
CostFunction::computeGradientFG: gradient:
  Valid time: 2026-05-25T19:00:00Z
  Resolution: nCellsGlobal = 2341818, nFields = 12
Fld=1  Min=0, Max=0, RMS=0 : water_vapor_mixing_ratio_wrt_moist_air
Fld=2  Min=0, Max=0, RMS=0 : air_pressure_at_surface
Fld=3  Min=0, Max=0, RMS=0 : air_temperature
Fld=4  Min=0, Max=0, RMS=0 : northward_wind
Fld=5  Min=0, Max=0, RMS=0 : eastward_wind
Fld=6  Min=0, Max=0, RMS=0 : cloud_liquid_water
Fld=7  Min=0, Max=0, RMS=0 : cloud_liquid_ice
Fld=8  Min=0, Max=0, RMS=0 : rain_water
Fld=9  Min=0, Max=0, RMS=0 : snow_water
Fld=10  Min=0, Max=0, RMS=0 : graupel
Fld=11  Min=-1.69633, Max=1.8117, RMS=0.0167944 : equivalent_reflectivity_factor
Fld=12  Min=0, Max=0, RMS=0 : upward_air_velocity
DRPCGMinimizer rhs
  Valid time: 2026-05-25T19:00:00Z
  Resolution: nCellsGlobal = 2341818, nFields = 12
Fld=1  Min=-0, Max=-0, RMS=0 : water_vapor_mixing_ratio_wrt_moist_air
Fld=2  Min=-0, Max=-0, RMS=0 : air_pressure_at_surface
Fld=3  Min=-0, Max=-0, RMS=0 : air_temperature
Fld=4  Min=-0, Max=-0, RMS=0 : northward_wind
Fld=5  Min=-0, Max=-0, RMS=0 : eastward_wind
Fld=6  Min=-0, Max=-0, RMS=0 : cloud_liquid_water
Fld=7  Min=-0, Max=-0, RMS=0 : cloud_liquid_ice
Fld=8  Min=-0, Max=-0, RMS=0 : rain_water
Fld=9  Min=-0, Max=-0, RMS=0 : snow_water
Fld=10  Min=-0, Max=-0, RMS=0 : graupel
Fld=11  Min=-1.8117, Max=1.69633, RMS=0.0167944 : equivalent_reflectivity_factor
Fld=12  Min=-0, Max=-0, RMS=0 : upward_air_velocity
Initial RHS squared norm = 38970.2
OOPS_STATS DRPCG start                              - Runtime:   119.48 sec,  Local Memory:     7.27 GB
normr0 38970.2
  Residual norm ( 0) = 7687.499024096051
  Norm reduction ( 0) = 1

  Quadratic cost function: J   ( 0) = 1432103.839270133
  Quadratic cost function: Jb  ( 0) = 0
  Quadratic cost function: JoJc( 0) = 1432103.839270133


 DRPCG Starting Iteration 1
OOPS_STATS DRPCG iteration 1                        - Runtime:   124.74 sec,  Local Memory:     7.27 GB
rdots 2.54784e+07      iteration    0
DRPCG end of iteration 1
  Residual norm ( 1) = 5047.611131698639
  Norm reduction ( 1) = 0.656599905362872

  Quadratic cost function: J   ( 1) = 914615.1448699827
  Quadratic cost function: Jb  ( 1) = 9062.782987213179
  Quadratic cost function: JoJc( 1) = 905552.3618827695

 DRPCG Starting Iteration 2
OOPS_STATS DRPCG iteration 2                        - Runtime:   130.03 sec,  Local Memory:     7.27 GB
rdots 1.41605e+07      iteration    1
DRPCG end of iteration 2
  Residual norm ( 2) = 3763.046587418884
  Norm reduction ( 2) = 0.4895020572521462

  Quadratic cost function: J   ( 2) = 725608.5705178778
  Quadratic cost function: Jb  ( 2) = 19696.11435824423
  Quadratic cost function: JoJc( 2) = 705912.4561596336

 DRPCG Starting Iteration 3
OOPS_STATS DRPCG iteration 3                        - Runtime:   135.49 sec,  Local Memory:     7.27 GB
rdots 7.05505e+06      iteration    2
DRPCG end of iteration 3
  Residual norm ( 3) = 2656.134436243769
  Norm reduction ( 3) = 0.3455134664626634

  Quadratic cost function: J   ( 3) = 622424.5144705304
  Quadratic cost function: Jb  ( 3) = 30391.89529554886
  Quadratic cost function: JoJc( 3) = 592032.6191749816

 DRPCG Starting Iteration 4
OOPS_STATS DRPCG iteration 4                        - Runtime:   141.41 sec,  Local Memory:     7.27 GB
rdots 4.23788e+06      iteration    3
DRPCG end of iteration 4
  Residual norm ( 4) = 2058.610911739827
  Norm reduction ( 4) = 0.267786819261664

  Quadratic cost function: J   ( 4) = 557145.9433918867
  Quadratic cost function: Jb  ( 4) = 41155.10468043414
  Quadratic cost function: JoJc( 4) = 515990.8387114525

 DRPCG Starting Iteration 5
OOPS_STATS DRPCG iteration 5                        - Runtime:   147.22 sec,  Local Memory:     7.27 GB
rdots 3.03988e+06      iteration    4
DRPCG end of iteration 5
  Residual norm ( 5) = 1743.52416368813
  Norm reduction ( 5) = 0.2267999200030007

  Quadratic cost function: J   ( 5) = 517469.3653633222
  Quadratic cost function: Jb  ( 5) = 50676.4300180999
  Quadratic cost function: JoJc( 5) = 466792.9353452223

 DRPCG Starting Iteration 6
rdots 2.02339e+06      iteration    5
DRPCG end of iteration 6
  Residual norm ( 6) = 1422.460675501093
  Norm reduction ( 6) = 0.1850355585142146

  Quadratic cost function: J   ( 6) = 490024.7155484078
  Quadratic cost function: Jb  ( 6) = 59616.66182404361
  Quadratic cost function: JoJc( 6) = 430408.0537243641

 DRPCG Starting Iteration 7
rdots 1.42653e+06      iteration    6
DRPCG end of iteration 7
  Residual norm ( 7) = 1194.373995842273
  Norm reduction ( 7) = 0.1553657427595857

  Quadratic cost function: J   ( 7) = 471129.7231036462
  Quadratic cost function: Jb  ( 7) = 67584.22541753469
  Quadratic cost function: JoJc( 7) = 403545.4976861115

 DRPCG Starting Iteration 8
rdots 1.05881e+06      iteration    7
DRPCG end of iteration 8
  Residual norm ( 8) = 1028.985769121923
  Norm reduction ( 8) = 0.1338518243575215

  Quadratic cost function: J   ( 8) = 457857.8204928534
  Quadratic cost function: Jb  ( 8) = 74561.2350788507
  Quadratic cost function: JoJc( 8) = 383296.5854140027

 DRPCG Starting Iteration 9
rdots 810192      iteration    8
DRPCG end of iteration 9
  Residual norm ( 9) = 900.1065041275284
  Norm reduction ( 9) = 0.1170870397909897

  Quadratic cost function: J   ( 9) = 448553.5903065171
  Quadratic cost function: Jb  ( 9) = 80468.23163908991
  Quadratic cost function: JoJc( 9) = 368085.3586674272

 DRPCG Starting Iteration 10
OOPS_STATS DRPCG iteration 10                       - Runtime:   176.30 sec,  Local Memory:     7.27 GB
rdots 558642      iteration    9
DRPCG end of iteration 10
  Residual norm (10) = 747.4234038318066
  Norm reduction (10) = 0.09722582097103991

  Quadratic cost function: J   (10) = 441482.7932413911
  Quadratic cost function: Jb  (10) = 85769.18780581064
  Quadratic cost function: JoJc(10) = 355713.6054355804

 DRPCG Starting Iteration 11
rdots 390254      iteration    10
DRPCG end of iteration 11
  Residual norm (11) = 624.702782176468
  Norm reduction (11) = 0.08126216084299598

  Quadratic cost function: J   (11) = 435850.1528198908
  Quadratic cost function: Jb  (11) = 90707.66031561338
  Quadratic cost function: JoJc(11) = 345142.4925042774

 DRPCG Starting Iteration 12
rdots 303646      iteration    11
DRPCG end of iteration 12
  Residual norm (12) = 551.041023486241
  Norm reduction (12) = 0.07168014223599023

  Quadratic cost function: J   (12) = 431788.4280086076
  Quadratic cost function: Jb  (12) = 94825.67602648814
  Quadratic cost function: JoJc(12) = 336962.7519821195

 DRPCG Starting Iteration 13
rdots 224254      iteration    12
DRPCG end of iteration 13
  Residual norm (13) = 473.5551447393299
  Norm reduction (13) = 0.0616006770543966

  Quadratic cost function: J   (13) = 428846.5255150441
  Quadratic cost function: Jb  (13) = 98218.0920204256
  Quadratic cost function: JoJc(13) = 330628.4334946185

 DRPCG Starting Iteration 14
rdots 163741      iteration    13
DRPCG end of iteration 14
  Residual norm (14) = 404.6486810857
  Norm reduction (14) = 0.05263723349002719

  Quadratic cost function: J   (14) = 426700.8297086594
  Quadratic cost function: Jb  (14) = 100992.2230550532
  Quadratic cost function: JoJc(14) = 325708.6066536063

 DRPCG Starting Iteration 15
OOPS_STATS DRPCG iteration 15                       - Runtime:   205.90 sec,  Local Memory:     7.27 GB
rdots 120205      iteration    14
DRPCG end of iteration 15
  Residual norm (15) = 346.705846168309
  Norm reduction (15) = 0.04509995319434554

  Quadratic cost function: J   (15) = 425051.0319046173
  Quadratic cost function: Jb  (15) = 103362.7525194156
  Quadratic cost function: JoJc(15) = 321688.2793852017

 DRPCG Starting Iteration 16
rdots 101082      iteration    15
DRPCG end of iteration 16
  Residual norm (16) = 317.93352495505
  Norm reduction (16) = 0.04135721174838586

  Quadratic cost function: J   (16) = 423916.1266544614
  Quadratic cost function: Jb  (16) = 105156.592369538
  Quadratic cost function: JoJc(16) = 318759.5342849234

 DRPCG Starting Iteration 17
rdots 69053.2      iteration    16
DRPCG end of iteration 17
  Residual norm (17) = 262.7798084678093
  Norm reduction (17) = 0.03418274365227757

  Quadratic cost function: J   (17) = 423059.8785874082
  Quadratic cost function: Jb  (17) = 106629.305244628
  Quadratic cost function: JoJc(17) = 316430.5733427802

 DRPCG Starting Iteration 18
rdots 50087.2      iteration    17
DRPCG end of iteration 18
  Residual norm (18) = 223.801718144447
  Norm reduction (18) = 0.02911242231614633

  Quadratic cost function: J   (18) = 422392.3068607834
  Quadratic cost function: Jb  (18) = 107873.0758081945
  Quadratic cost function: JoJc(18) = 314519.2310525888

 DRPCG Starting Iteration 19
rdots 36816.3      iteration    18
DRPCG end of iteration 19
  Residual norm (19) = 191.8758359310378
  Norm reduction (19) = 0.02495946150101787

  Quadratic cost function: J   (19) = 421884.0169853801
  Quadratic cost function: Jb  (19) = 108896.2806146832
  Quadratic cost function: JoJc(19) = 312987.7363706969

 DRPCG Starting Iteration 20
OOPS_STATS DRPCG iteration 20                       - Runtime:   237.97 sec,  Local Memory:     7.27 GB
rdots 26799.3      iteration    19
DRPCG end of iteration 20
  Residual norm (20) = 163.7049979273218
  Norm reduction (20) = 0.02129496178330525

  Quadratic cost function: J   (20) = 421511.3917240971
  Quadratic cost function: Jb  (20) = 109703.2199985029
  Quadratic cost function: JoJc(20) = 311808.1717255942

 DRPCG Starting Iteration 21
rdots 18957.2      iteration    20
DRPCG end of iteration 21
  Residual norm (21) = 137.6852838879507
  Norm reduction (21) = 0.01791028310460705

  Quadratic cost function: J   (21) = 421221.0343533799
  Quadratic cost function: Jb  (21) = 110377.6586744079
  Quadratic cost function: JoJc(21) = 310843.3756789719

 DRPCG Starting Iteration 22
rdots 13606.1      iteration    21
DRPCG end of iteration 22
  Residual norm (22) = 116.645096752948
  Norm reduction (22) = 0.01517334784529147

  Quadratic cost function: J   (22) = 421013.7900692041
  Quadratic cost function: Jb  (22) = 110892.3577189469
  Quadratic cost function: JoJc(22) = 310121.4323502572

 DRPCG Starting Iteration 23
rdots 10303.5      iteration    22
DRPCG end of iteration 23
  Residual norm (23) = 101.5060733884586
  Norm reduction (23) = 0.0132040437430032

  Quadratic cost function: J   (23) = 420863.5579862773
  Quadratic cost function: Jb  (23) = 111289.4376477762
  Quadratic cost function: JoJc(23) = 309574.1203385011

 DRPCG Starting Iteration 24
rdots 7651.77      iteration    23
DRPCG end of iteration 24
  Residual norm (24) = 87.47441802791451
  Norm reduction (24) = 0.01137878752943326

  Quadratic cost function: J   (24) = 420754.1568768149
  Quadratic cost function: Jb  (24) = 111596.019777742
  Quadratic cost function: JoJc(24) = 309158.1370990729

 DRPCG Starting Iteration 25
OOPS_STATS DRPCG iteration 25                       - Runtime:   267.47 sec,  Local Memory:     7.27 GB
rdots 5513.31      iteration    24
DRPCG end of iteration 25
  Residual norm (25) = 74.25166184277903
  Norm reduction (25) = 0.009658753986184741

  Quadratic cost function: J   (25) = 420675.4905156016
  Quadratic cost function: Jb  (25) = 111828.8259617905
  Quadratic cost function: JoJc(25) = 308846.6645538111

 DRPCG Starting Iteration 26
rdots 4117.74      iteration    25
DRPCG end of iteration 26
  Residual norm (26) = 64.16964159349698
  Norm reduction (26) = 0.008347271510846466

  Quadratic cost function: J   (26) = 420617.8315195381
  Quadratic cost function: Jb  (26) = 112008.427609842
  Quadratic cost function: JoJc(26) = 308609.4039096961

 DRPCG Starting Iteration 27
rdots 2808.49      iteration    26
DRPCG end of iteration 27
  Residual norm (27) = 52.99516014618601
  Norm reduction (27) = 0.00689368024374059

  Quadratic cost function: J   (27) = 420574.2661815812
  Quadratic cost function: Jb  (27) = 112151.0035025623
  Quadratic cost function: JoJc(27) = 308423.2626790189

 DRPCG Starting Iteration 28
rdots 2009.09      iteration    27
DRPCG end of iteration 28
  Residual norm (28) = 44.82288612819629
  Norm reduction (28) = 0.005830620073927993

  Quadratic cost function: J   (28) = 420540.8185447825
  Quadratic cost function: Jb  (28) = 112265.9921732528
  Quadratic cost function: JoJc(28) = 308274.8263715297

 DRPCG Starting Iteration 29
rdots 1480.56      iteration    28
DRPCG end of iteration 29
  Residual norm (29) = 38.47806320703169
  Norm reduction (29) = 0.005005277150140023

  Quadratic cost function: J   (29) = 420517.5075160778
  Quadratic cost function: Jb  (29) = 112350.0442756239
  Quadratic cost function: JoJc(29) = 308167.4632404539

 DRPCG Starting Iteration 30
OOPS_STATS DRPCG iteration 30                       - Runtime:   297.39 sec,  Local Memory:     7.27 GB
rdots 1191.39      iteration    29
DRPCG end of iteration 30
  Residual norm (30) = 34.51655218377921
  Norm reduction (30) = 0.004489958577632198

  Quadratic cost function: J   (30) = 420501.291097765
  Quadratic cost function: Jb  (30) = 112411.1418573363
  Quadratic cost function: JoJc(30) = 308090.1492404287

 DRPCG Starting Iteration 31
rdots 840.574      iteration    30
DRPCG end of iteration 31
  Residual norm (31) = 28.99265061898534
  Norm reduction (31) = 0.003771402185302325

  Quadratic cost function: J   (31) = 420489.9215622805
  Quadratic cost function: Jb  (31) = 112455.7300924243
  Quadratic cost function: JoJc(31) = 308034.1914698562

 DRPCG Starting Iteration 32
rdots 597.703      iteration    31
DRPCG end of iteration 32
  Residual norm (32) = 24.44796171386714
  Norm reduction (32) = 0.003180223065685774

  Quadratic cost function: J   (32) = 420481.1846584694
  Quadratic cost function: Jb  (32) = 112491.3300956318
  Quadratic cost function: JoJc(32) = 307989.8545628376

 DRPCG Starting Iteration 33
rdots 435.1      iteration    32
DRPCG end of iteration 33
  Residual norm (33) = 20.85904440777371
  Norm reduction (33) = 0.002713371974733546

  Quadratic cost function: J   (33) = 420474.6137633007
  Quadratic cost function: Jb  (33) = 112519.1492510511
  Quadratic cost function: JoJc(33) = 307955.4645122496

 DRPCG Starting Iteration 34
rdots 312.1      iteration    33
DRPCG end of iteration 34
  Residual norm (34) = 17.66635075253385
  Norm reduction (34) = 0.002298062178240235

  Quadratic cost function: J   (34) = 420469.8753621497
  Quadratic cost function: Jb  (34) = 112539.9724288621
  Quadratic cost function: JoJc(34) = 307929.9029332876

 DRPCG Starting Iteration 35
OOPS_STATS DRPCG iteration 35                       - Runtime:   327.59 sec,  Local Memory:     7.27 GB
rdots 231.337      iteration    34
DRPCG end of iteration 35
  Residual norm (35) = 15.20976161645538
  Norm reduction (35) = 0.00197850582728937

  Quadratic cost function: J   (35) = 420466.4003781535
  Quadratic cost function: Jb  (35) = 112555.8030307809
  Quadratic cost function: JoJc(35) = 307910.5973473727

 DRPCG Starting Iteration 36
rdots 159.917      iteration    35
DRPCG end of iteration 36
  Residual norm (36) = 12.64584027537484
  Norm reduction (36) = 0.001644987561720286

  Quadratic cost function: J   (36) = 420463.9053350396
  Quadratic cost function: Jb  (36) = 112567.570353234
  Quadratic cost function: JoJc(36) = 307896.3349818056

 DRPCG Starting Iteration 37
rdots 125.361      iteration    36
DRPCG end of iteration 37
  Residual norm (37) = 11.19645656828545
  Norm reduction (37) = 0.001456449819790645

  Quadratic cost function: J   (37) = 420462.1327792794
  Quadratic cost function: Jb  (37) = 112576.2111932988
  Quadratic cost function: JoJc(37) = 307885.9215859805

 DRPCG Starting Iteration 38
rdots 91.3371      iteration    37
DRPCG end of iteration 38
  Residual norm (38) = 9.557046877855383
  Norm reduction (38) = 0.001243193247621799

  Quadratic cost function: J   (38) = 420460.8936433767
  Quadratic cost function: Jb  (38) = 112582.442120327
  Quadratic cost function: JoJc(38) = 307878.4515230496

 DRPCG Starting Iteration 39
rdots 66.2675      iteration    38
DRPCG end of iteration 39
  Residual norm (39) = 8.140482387253797
  Norm reduction (39) = 0.001058924672606513

  Quadratic cost function: J   (39) = 420459.9325238217
  Quadratic cost function: Jb  (39) = 112587.4230317871
  Quadratic cost function: JoJc(39) = 307872.5094920346

 DRPCG Starting Iteration 40
OOPS_STATS DRPCG iteration 40                       - Runtime:   359.16 sec,  Local Memory:     7.27 GB
rdots 43.8727      iteration    39
DRPCG end of iteration 40
  Residual norm (40) = 6.623647026079126
  Norm reduction (40) = 0.0008616127306576121

  Quadratic cost function: J   (40) = 420459.1969180647
  Quadratic cost function: Jb  (40) = 112591.3542980642
  Quadratic cost function: JoJc(40) = 307867.8426200005

DRPCG: Achieved required reduction in residual norm.
OOPS_STATS DRPCG end                                - Runtime:   365.43 sec,  Local Memory:     7.27 GB
DRPCGMinimizer: reduction in residual norm = 0.000861613
DRPCGMinimizer output increment:
  Valid time: 2026-05-25T19:00:00Z
  Resolution: nCellsGlobal = 2341818, nFields = 12
Fld=1  Min=-0.0124568, Max=0.00769394, RMS=8.69595e-05 : water_vapor_mixing_ratio_wrt_moist_air
Fld=2  Min=-88.7276, Max=76.4927, RMS=2.27892 : air_pressure_at_surface
Fld=3  Min=-9.492, Max=8.67418, RMS=0.0934871 : air_temperature
Fld=4  Min=-19.9528, Max=18.4772, RMS=0.352546 : northward_wind
Fld=5  Min=-20.9167, Max=26.8693, RMS=0.334221 : eastward_wind
Fld=6  Min=-0.00632534, Max=0.00684224, RMS=2.26308e-05 : cloud_liquid_water
Fld=7  Min=-0.00194274, Max=0.00448765, RMS=4.86203e-06 : cloud_liquid_ice
Fld=8  Min=-0.00788821, Max=0.00586926, RMS=4.74272e-05 : rain_water
Fld=9  Min=-0.00528593, Max=0.00788175, RMS=6.44316e-05 : snow_water
Fld=10  Min=-0.0121184, Max=0.00904641, RMS=2.93929e-05 : graupel
Fld=11  Min=-81.9924, Max=81.0023, RMS=2.37655 : equivalent_reflectivity_factor
Fld=12  Min=0, Max=0, RMS=0 : upward_air_velocity
CostFunction::addIncrement: First guess:
  Valid time: 2026-05-25T19:00:00Z
  Resolution: nCellsGlobal = 2341818, nFields = 35
Fld=1  Min=0, Max=0.022356, RMS=0.00611407 : water_vapor_mixing_ratio_wrt_moist_air
Fld=2  Min=63717.1, Max=102662, RMS=96471.5 : air_pressure_at_surface
Fld=3  Min=183.744, Max=310.813, RMS=260.913 : air_temperature
Fld=4  Min=-64.9517, Max=64.3396, RMS=7.48106 : northward_wind
Fld=5  Min=-21.9166, Max=69.3483, RMS=11.8296 : eastward_wind
Fld=6  Min=271.534, Max=647.511, RMS=356.483 : air_potential_temperature
Fld=7  Min=0.0383625, Max=1.28288, RMS=0.779423 : dry_air_density
Fld=8  Min=-68.5572, Max=68.5565, RMS=9.99571 : u
Fld=9  Min=0, Max=0.0228672, RMS=0.00618752 : water_vapor_mixing_ratio_wrt_dry_air
Fld=10  Min=2448.22, Max=102556, RMS=64300 : air_pressure
Fld=11  Min=0, Max=1, RMS=0.790008 : landmask
Fld=12  Min=0, Max=1, RMS=0.0583838 : seaice_fraction
Fld=13  Min=0, Max=1, RMS=0.0622967 : snowc
Fld=14  Min=267.317, Max=322.366, RMS=298.496 : skin_temperature_at_surface
Fld=15  Min=1, Max=19, RMS=12.7664 : ivgtyp
Fld=16  Min=1, Max=16, RMS=9.97061 : isltyp
Fld=17  Min=0, Max=7.5, RMS=0.16735 : snowh
Fld=18  Min=0, Max=0.912829, RMS=0.396548 : vegetation_area_fraction
Fld=19  Min=264.875, Max=311.648, RMS=295.581 : air_temperature_at_2m
Fld=20  Min=0.00157987, Max=0.0221609, RMS=0.0113852 : water_vapor_mixing_ratio_wrt_moist_air_at_2m
Fld=21  Min=-16.3592, Max=18.5326, RMS=4.06225 : eastward_wind_at_10m
Fld=22  Min=-17.1297, Max=22.0528, RMS=4.20879 : northward_wind_at_10m
Fld=23  Min=0, Max=6.53699, RMS=1.55998 : lai
Fld=24  Min=0.00200001, Max=1, RMS=0.634769 : smois
Fld=25  Min=262.458, Max=322.366, RMS=292.53 : tslb
Fld=26  Min=-900.186, Max=5996.91, RMS=3122.81 : pressure_p
Fld=27  Min=0, Max=0.00901423, RMS=5.51425e-05 : cloud_liquid_water
Fld=28  Min=0, Max=0.00374448, RMS=1.0384e-05 : cloud_liquid_ice
Fld=29  Min=0, Max=0.0148392, RMS=3.4284e-05 : graupel
Fld=30  Min=0, Max=0.0103604, RMS=6.31164e-05 : rain_water
Fld=31  Min=0, Max=0.00617263, RMS=8.74648e-05 : snow_water
Fld=32  Min=0, Max=1, RMS=0.230855 : cldfrac
Fld=33  Min=0, Max=72.538, RMS=4.91456 : equivalent_reflectivity_factor
Fld=34  Min=-17.3498, Max=32.657, RMS=0.188305 : w
Fld=35  Min=0, Max=0, RMS=0 : upward_air_velocity
CostFunction::addIncrement: Increment:
  Valid time: 2026-05-25T19:00:00Z
  Resolution: nCellsGlobal = 2341818, nFields = 12
Fld=1  Min=-0.0124568, Max=0.00769394, RMS=8.69595e-05 : water_vapor_mixing_ratio_wrt_moist_air
Fld=2  Min=-88.7276, Max=76.4927, RMS=2.27892 : air_pressure_at_surface
Fld=3  Min=-9.492, Max=8.67418, RMS=0.0934871 : air_temperature
Fld=4  Min=-19.9528, Max=18.4772, RMS=0.352546 : northward_wind
Fld=5  Min=-20.9167, Max=26.8693, RMS=0.334221 : eastward_wind
Fld=6  Min=-0.00632534, Max=0.00684224, RMS=2.26308e-05 : cloud_liquid_water
Fld=7  Min=-0.00194274, Max=0.00448765, RMS=4.86203e-06 : cloud_liquid_ice
Fld=8  Min=-0.00788821, Max=0.00586926, RMS=4.74272e-05 : rain_water
Fld=9  Min=-0.00528593, Max=0.00788175, RMS=6.44316e-05 : snow_water
Fld=10  Min=-0.0121184, Max=0.00904641, RMS=2.93929e-05 : graupel
Fld=11  Min=-81.9924, Max=81.0023, RMS=2.37655 : equivalent_reflectivity_factor
Fld=12  Min=0, Max=0, RMS=0 : upward_air_velocity
CostFunction::addIncrement: Analysis: 
  Valid time: 2026-05-25T19:00:00Z
  Resolution: nCellsGlobal = 2341818, nFields = 35
Fld=1  Min=0, Max=0.022356, RMS=0.00611436 : water_vapor_mixing_ratio_wrt_moist_air
Fld=2  Min=63717.7, Max=102662, RMS=96471.5 : air_pressure_at_surface
Fld=3  Min=186.309, Max=310.813, RMS=260.914 : air_temperature
Fld=4  Min=-64.9517, Max=68.7571, RMS=7.48091 : northward_wind
Fld=5  Min=-25.268, Max=69.3483, RMS=11.8314 : eastward_wind
Fld=6  Min=271.534, Max=647.572, RMS=356.483 : air_potential_temperature
Fld=7  Min=0.0381598, Max=1.28288, RMS=0.779422 : dry_air_density
Fld=8  Min=-68.5572, Max=68.5565, RMS=9.99628 : u
Fld=9  Min=0, Max=0.0228672, RMS=0.00618782 : water_vapor_mixing_ratio_wrt_dry_air
Fld=10  Min=2434.53, Max=102556, RMS=64300 : air_pressure
Fld=11  Min=0, Max=1, RMS=0.790008 : landmask
Fld=12  Min=0, Max=1, RMS=0.0583838 : seaice_fraction
Fld=13  Min=0, Max=1, RMS=0.0622967 : snowc
Fld=14  Min=267.317, Max=322.366, RMS=298.496 : skin_temperature_at_surface
Fld=15  Min=1, Max=19, RMS=12.7664 : ivgtyp
Fld=16  Min=1, Max=16, RMS=9.97061 : isltyp
Fld=17  Min=0, Max=7.5, RMS=0.16735 : snowh
Fld=18  Min=0, Max=0.912829, RMS=0.396548 : vegetation_area_fraction
Fld=19  Min=264.899, Max=311.648, RMS=295.583 : air_temperature_at_2m
Fld=20  Min=0.00157987, Max=0.0221609, RMS=0.0113845 : water_vapor_mixing_ratio_wrt_moist_air_at_2m
Fld=21  Min=-16.3592, Max=18.5326, RMS=4.06225 : eastward_wind_at_10m
Fld=22  Min=-17.1297, Max=22.0528, RMS=4.20879 : northward_wind_at_10m
Fld=23  Min=0, Max=6.53699, RMS=1.55998 : lai
Fld=24  Min=0.00200001, Max=1, RMS=0.634769 : smois
Fld=25  Min=262.458, Max=322.366, RMS=292.53 : tslb
Fld=26  Min=-931.199, Max=5993.15, RMS=3122.81 : pressure_p
Fld=27  Min=0, Max=0.00815571, RMS=5.51211e-05 : cloud_liquid_water
Fld=28  Min=0, Max=0.00448765, RMS=1.08129e-05 : cloud_liquid_ice
Fld=29  Min=0, Max=0.0138034, RMS=3.24514e-05 : graupel
Fld=30  Min=0, Max=0.0102362, RMS=5.37287e-05 : rain_water
Fld=31  Min=0, Max=0.00791238, RMS=9.88971e-05 : snow_water
Fld=32  Min=0, Max=1, RMS=0.230855 : cldfrac
Fld=33  Min=0, Max=82.4885, RMS=4.69175 : equivalent_reflectivity_factor
Fld=34  Min=-17.3498, Max=32.657, RMS=0.188305 : w
Fld=35  Min=0, Max=0, RMS=0 : upward_air_velocity
OOPS_STATS IncrementalAssimilation end              - Runtime:   365.67 sec,  Local Memory:     7.27 GB
Variational: incremental assimilation done 1 iterations.
QC refl10cm equivalentReflectivityFactor: 133843 H(x) failed.
QC refl10cm equivalentReflectivityFactor: 3 rejected by first-guess check.
QC refl10cm equivalentReflectivityFactor: 3749583 passed out of 3883429 observations.
ObsErrorDiagonal covariance updated 3749583
Observer::finalize QC = 
refl10cm equivalentReflectivityFactor nlocs = 3883429, nobs = 3883429, min = 0, max = 19, avg = 0
Jo Observations:
Jo Obs :refl10cm:equivalentReflectivityFactor   : Nobs=  3749583, Min= 0.000000e+00, Max= 5.529812e+01, RMS= 5.714782e+00
Jo Observations Equivalent:
Jo H(x):refl10cm:equivalentReflectivityFactor   : Nobs=  3749583, Min= 0.000000e+00, Max= 6.109782e+01, RMS= 5.291055e+00
Jo Bias Corrected Departures:
Jo Dep :refl10cm:equivalentReflectivityFactor   : Nobs=  3749583, Min=-4.943625e+01, Max= 5.308103e+01, RMS= 2.038898e+00
Jo Observations Errors:
UFO Diagonal observation error covariance, inverse variances: refl10cm nobs= 3749583 Min=0.04, Max=0.04, RMS=0.04



CostJo   : Nonlinear Jo(refl10cm) = 311748, nobs = 3749583, Jo/n = 0.0831421, err = 5
CostJo   : Nonlinear Jo = 311748
Increment:diff x1 2
Increment:diff x2 1
CostJb: FG-BG
  Valid time: 2026-05-25T19:00:00Z
  Resolution: nCellsGlobal = 2341818, nFields = 12
Fld=1  Min=-0.0114272, Max=0.00769394, RMS=8.64937e-05 : water_vapor_mixing_ratio_wrt_moist_air
Fld=2  Min=-88.7276, Max=76.4927, RMS=2.27892 : air_pressure_at_surface
Fld=3  Min=-9.492, Max=8.67418, RMS=0.0934871 : air_temperature
Fld=4  Min=-19.9528, Max=18.4772, RMS=0.352546 : northward_wind
Fld=5  Min=-20.9167, Max=26.8693, RMS=0.334221 : eastward_wind
Fld=6  Min=-0.00366135, Max=0.00684224, RMS=1.87985e-05 : cloud_liquid_water
Fld=7  Min=-0.00133415, Max=0.00448765, RMS=4.49712e-06 : cloud_liquid_ice
Fld=8  Min=-0.00608002, Max=0.00586926, RMS=3.52724e-05 : rain_water
Fld=9  Min=-0.00436518, Max=0.00788175, RMS=6.17223e-05 : snow_water
Fld=10  Min=-0.00972058, Max=0.00904641, RMS=2.41611e-05 : graupel
Fld=11  Min=-67.5912, Max=81.0023, RMS=2.31219 : equivalent_reflectivity_factor
Fld=12  Min=0, Max=0, RMS=0 : upward_air_velocity
CostFunction: Nonlinear J = 311748
OOPS_STATS Variational end                          - Runtime:   384.33 sec,  Local Memory:     7.27 GB
==> destruct MPAS corelist and domain:  0
Tried to erase key "mesh[address=0x51676b0],halo[size=0]" from cache "NodeColumnsHaloExchangeCache" but it was not found.
Erased key "mesh[address=0x51676b0],halo[size=1]" from cache "NodeColumnsHaloExchangeCache".
==> destruct MPAS corelist and domain:  1
refl10cm: save database to jdiag_mrms_refl.nc (io pool size: 4)
QC refl10cm equivalentReflectivityFactor: 133843 H(x) failed.
QC refl10cm equivalentReflectivityFactor: 3 rejected by first-guess check.
QC refl10cm equivalentReflectivityFactor: 3749583 passed out of 3883429 observations.
Erased key "mesh[address=0x81058c0]" from cache "NodeColumnsGatherScatterCache".
Tried to erase key "mesh[address=0x81058c0],halo[size=0]" from cache "NodeColumnsHaloExchangeCache" but it was not found.
Erased key "mesh[address=0x81058c0],halo[size=1]" from cache "NodeColumnsHaloExchangeCache".

Run: Finishing oops::Variational<MPAS, UFO and IODA observations>
OOPS_STATS  
OOPS_STATS ----------------------------------------------------------------------------------
OOPS_STATS --------------------------- Object counts ----------------------------------------
OOPS_STATS ----------------------------------------------------------------------------------
OOPS_STATS                                      Total  Simult. Remain    Avg (Mb)    HWM (Mb)
OOPS_STATS ioda::ObsDataVector             :        8       5        
OOPS_STATS ioda::ObsVector                 :      100       8        
OOPS_STATS mpas::Geometry                  :        2       2        
OOPS_STATS mpas::Increment                 :     2914     127        
OOPS_STATS mpas::LinVarChaModel2GeoVars    :        1       1        
OOPS_STATS mpas::ModelBias                 :        4       3        
OOPS_STATS mpas::ModelBiasCovariance       :        1       1        
OOPS_STATS mpas::State                     :       75      34        
OOPS_STATS mpas::VarChaModel2GeoVars       :        3       1        
OOPS_STATS oops::ControlIncrement          :      178      94               15.22     1430.72
OOPS_STATS oops::ControlVariable           :        4       3        
OOPS_STATS oops::Diffusion                 :        1       1        
OOPS_STATS oops::EnsembleCovariance        :        1       1             3557.57     3557.57
OOPS_STATS oops::GeoVaLs                   :       84       1        
OOPS_STATS oops::Geometry                  :        2       2        
OOPS_STATS oops::GetValues                 :        3       2        
OOPS_STATS oops::Increment                 :     2832     127               15.02     1932.99
OOPS_STATS oops::LinearObsOperator         :        1       1        
OOPS_STATS oops::LocalInterpolator         :     2400    1600        
OOPS_STATS oops::Localization              :        1       1        
OOPS_STATS oops::ModelAuxControl           :        4       3        
OOPS_STATS oops::ModelAuxCovariance        :        1       1        
OOPS_STATS oops::ModelAuxIncrement         :      178      94        
OOPS_STATS oops::ObsAuxControl             :        4       3        
OOPS_STATS oops::ObsAuxCovariance          :        1       1        
OOPS_STATS oops::ObsAuxIncrement           :      178      94        
OOPS_STATS oops::ObsAuxIncrements          :      178      94        
OOPS_STATS oops::ObsAuxPreconditioner      :        2       2        
OOPS_STATS oops::ObsDataVector             :        4       4        
OOPS_STATS oops::ObsDiagnostics            :        2       1        
OOPS_STATS oops::ObsError                  :        1       1        
OOPS_STATS oops::ObsOperator               :        2       2        
OOPS_STATS oops::ObsSpace                  :        1       1        
OOPS_STATS oops::ObsSpaces                 :        1       1        
OOPS_STATS oops::ObsVector                 :      100       7                0.04        0.23
OOPS_STATS oops::SampledLocations          :        8       4        
OOPS_STATS oops::State                     :       72      34               21.39      702.08
OOPS_STATS oops::UnstructuredInterpolator  :     2400    1600        
OOPS_STATS oops::VariableChange            :        3       1        
OOPS_STATS ufo::BackgroundCheck            :        1       1        
OOPS_STATS ufo::FinalCheck                 :        2       2        
OOPS_STATS ufo::GeoVaLs                    :       87       2        
OOPS_STATS ufo::ObsBias                    :        4       3        
OOPS_STATS ufo::ObsBiasCovariance          :        1       1        
OOPS_STATS ufo::ObsBiasPreconditioner      :        1       1        
OOPS_STATS ufo::ObsFilter                  :        9       6        
OOPS_STATS ufo::ObsFilterData              :        3       3        
OOPS_STATS ufo::ObsVertInterp              :        2       2        
OOPS_STATS ufo::ObsVertInterpTLAD          :        1       1        
OOPS_STATS ufo::SampledLocations           :        4       3        
OOPS_STATS ----------------------------- Object counts --------------------------------------
OOPS_STATS  
OOPS_STATS --------------------------------------------------------------------------------------------
OOPS_STATS ------------------------------------ Timing Statistics -------------------------------------
OOPS_STATS --------------------------------------------------------------------------------------------
OOPS_STATS Name                                                :   total (ms)   count    time/call (ms)
OOPS_STATS ObsFilter::Background Check::ObsFilter              :         0.15       1            0.1533
OOPS_STATS ObsFilter::Background Check::postFilter             :        23.10       1           23.0983
OOPS_STATS ObsFilter::Background Check::preProcess             :         0.01       1            0.0052
OOPS_STATS ObsFilter::Background Check::priorFilter            :         0.03       1            0.0271
OOPS_STATS ObsFilter::Final Check::ObsFilter                   :         3.65       2            1.8263
OOPS_STATS ObsFilter::Final Check::postFilter                  :         0.05       2            0.0226
OOPS_STATS ObsFilter::Final Check::preProcess                  :         0.07       2            0.0373
OOPS_STATS ObsFilter::Final Check::priorFilter                 :         0.01       2            0.0026
OOPS_STATS ObsFilter::QCmanager::ObsFilter                     :         1.30       2            0.6506
OOPS_STATS ObsFilter::QCmanager::postFilter                    :         0.22       2            0.1106
OOPS_STATS ObsFilter::QCmanager::preProcess                    :         0.00       2            0.0001
OOPS_STATS ObsFilter::QCmanager::priorFilter                   :         0.00       2            0.0001
OOPS_STATS ioda::ObsSpace::get_db(DateTime)                    :         1.06       4            0.2643
OOPS_STATS ioda::ObsSpace::get_db(double)                      :         0.31       5            0.0615
OOPS_STATS ioda::ObsSpace::get_db(float)                       :         2.25      12            0.1877
OOPS_STATS ioda::ObsSpace::load                                :       628.16       1          628.1622
OOPS_STATS ioda::ObsSpace::put_db(double)                      :         0.39       6            0.0646
OOPS_STATS ioda::ObsSpace::put_db(float)                       :         0.08       2            0.0383
OOPS_STATS ioda::ObsSpace::put_db(int)                         :         0.26       2            0.1290
OOPS_STATS mpas::LinVarChaModel2GeoVars::LinVarChaModel2GeoVar :         3.54       1            3.5443
OOPS_STATS mpas::LinVarChaModel2GeoVars::changeVarAD           :       822.91      41           20.0710
OOPS_STATS mpas::LinVarChaModel2GeoVars::changeVarTL           :       143.47      40            3.5868
OOPS_STATS mpas::LinVarChaModel2GeoVars::~LinVarChaModel2GeoVa :         0.03       1            0.0326
OOPS_STATS mpas::VarChaModel2GeoVars::VarChaModel2GeoVars      :         0.41       3            0.1353
OOPS_STATS mpas::VarChaModel2GeoVars::changeVar                :        13.97       3            4.6571
OOPS_STATS mpas::VarChaModel2GeoVars::~VarChaModel2GeoVars     :         0.01       3            0.0020
OOPS_STATS oops::Covariance::EnsembleCovariance                :     63567.96       1        63567.9567
OOPS_STATS oops::Covariance::ensemble::Constructor             :         0.01       1            0.0062
OOPS_STATS oops::Covariance::ensemble::multiply                :    223735.36      41         5456.9600
OOPS_STATS oops::Diffusion::Diffusion                          :         0.00       1            0.0001
OOPS_STATS oops::Diffusion::calculateDerivedGeom               :         1.90       1            1.9040
OOPS_STATS oops::Diffusion::multiplySqrtAD                     :     56561.64    1230           45.9851
OOPS_STATS oops::Diffusion::multiplySqrtTL                     :     48113.21    1230           39.1164
OOPS_STATS oops::Diffusion::setParameters                      :         5.94       1            5.9411
OOPS_STATS oops::GeoVaLs::GeoVaLs                              :        24.98      84            0.2974
OOPS_STATS oops::GeoVaLs::fill                                 :        27.78   28474            0.0010
OOPS_STATS oops::GeoVaLs::fillAD                               :        19.33   25379            0.0008
OOPS_STATS oops::GeoVaLs::~GeoVaLs                             :         0.47      84            0.0056
OOPS_STATS oops::Geometry::Geometry                            :     47309.78       2        23654.8907
OOPS_STATS oops::Geometry::variableSizes                       :         4.28      11            0.3888
OOPS_STATS oops::Geometry::~Geometry                           :       363.06       2          181.5295
OOPS_STATS oops::GeometryData::containingTriangleAndBarycentri :        44.67   20430            0.0022
OOPS_STATS oops::GeometryData::setGlobalTree                   :      1817.16       2          908.5776
OOPS_STATS oops::GeometryData::setLocalTree                    :         3.15       2            1.5729
OOPS_STATS oops::GeometryData::setMeshAndTriangulation         :         0.30       2            0.1504
OOPS_STATS oops::GetValues::GetValues                          :       351.91       3          117.3043
OOPS_STATS oops::GetValues::fillGeoVaLs                        :        73.84       3           24.6142
OOPS_STATS oops::GetValues::fillGeoVaLsAD                      :       107.20      41            2.6147
OOPS_STATS oops::GetValues::fillGeoVaLsTL                      :       706.87      40           17.6717
OOPS_STATS oops::GetValues::finalize                           :        19.86       3            6.6191
OOPS_STATS oops::GetValues::finalizeAD                         :       605.27      41           14.7626
OOPS_STATS oops::GetValues::finalizeTL                         :       102.40      40            2.5601
OOPS_STATS oops::GetValues::initialize                         :         2.26       3            0.7531
OOPS_STATS oops::GetValues::initializeAD                       :         4.80      41            0.1170
OOPS_STATS oops::GetValues::initializeTL                       :        19.27      40            0.4818
OOPS_STATS oops::GetValues::process                            :        16.89       3            5.6306
OOPS_STATS oops::GetValues::processAD                          :       121.10      41            2.9536
OOPS_STATS oops::GetValues::processTL                          :       133.77      40            3.3443
OOPS_STATS oops::Increment::Increment                          :     25761.00    2832            9.0964
OOPS_STATS oops::Increment::axpy                               :      5324.25     900            5.9158
OOPS_STATS oops::Increment::diff                               :       361.19      33           10.9452
OOPS_STATS oops::Increment::dot_product_with                   :      8274.00     984            8.4085
OOPS_STATS oops::Increment::fromFieldSet                       :     10360.93    1271            8.1518
OOPS_STATS oops::Increment::operator*=                         :       226.51     121            1.8720
OOPS_STATS oops::Increment::operator+=                         :     10402.67    1421            7.3207
OOPS_STATS oops::Increment::operator+=(State, Increment)       :        48.56       1           48.5596
OOPS_STATS oops::Increment::operator-=                         :       145.87      30            4.8624
OOPS_STATS oops::Increment::operator=                          :      5741.21    1568            3.6615
OOPS_STATS oops::Increment::print                              :     26268.01    1237           21.2353
OOPS_STATS oops::Increment::schur_product_with                 :     11776.81    2460            4.7873
OOPS_STATS oops::Increment::serialSize                         :         5.00     178            0.0281
OOPS_STATS oops::Increment::toFieldSet                         :     10347.67    1311            7.8930
OOPS_STATS oops::Increment::zero                               :       123.58     124            0.9966
OOPS_STATS oops::Increment::~Increment                         :       140.75    2832            0.0497
OOPS_STATS oops::LinearObsOper::refl10cm::LinearObsOperator    :         1.37       1            1.3650
OOPS_STATS oops::LinearObsOper::refl10cm::requiredVars         :         0.38      83            0.0046
OOPS_STATS oops::LinearObsOper::refl10cm::setTrajectory        :        16.62       1           16.6157
OOPS_STATS oops::LinearObsOper::refl10cm::simulateObsAD        :         2.94      41            0.0717
OOPS_STATS oops::LinearObsOper::refl10cm::simulateObsTL        :         9.29      40            0.2322
OOPS_STATS oops::LinearObsOper::refl10cm::~LinearObsOperator   :        44.10       1           44.0958
OOPS_STATS oops::LinearVariableChange::LinearVariableChange    :         0.04       1            0.0370
OOPS_STATS oops::LinearVariableChange::changeVarAD             :      1458.07      41           35.5626
OOPS_STATS oops::LinearVariableChange::changeVarTL             :       637.73      40           15.9433
OOPS_STATS oops::LinearVariableChange::changeVarTraj           :         3.55       1            3.5546
OOPS_STATS oops::LinearVariableChange::~LinearVariableChange   :         0.04       1            0.0444
OOPS_STATS oops::LocalInterpolator::LocalInterpolator          :        51.60    2400            0.0215
OOPS_STATS oops::LocalInterpolator::apply                      :        15.61    2400            0.0065
OOPS_STATS oops::LocalInterpolator::applyAD                    :       104.72   32800            0.0032
OOPS_STATS oops::LocalInterpolator::applyTL                    :       117.68   32000            0.0037
OOPS_STATS oops::LocalInterpolator::preprocess                 :      1380.85      43           32.1128
OOPS_STATS oops::LocalInterpolator::preprocessAD               :        85.21      41            2.0783
OOPS_STATS oops::LocalInterpolator::~LocalInterpolator         :         1.49    2400            0.0006
OOPS_STATS oops::Localization::Localization                    :      7889.56       1         7889.5610
OOPS_STATS oops::Localization::multiply                        :    184891.46    1230          150.3183
OOPS_STATS oops::Localization::~Localization                   :         0.36       1            0.3588
OOPS_STATS oops::ModelAuxControl::ModelAuxControl              :         0.01       4            0.0015
OOPS_STATS oops::ModelAuxControl::print                        :         0.00       3            0.0006
OOPS_STATS oops::ModelAuxControl::~ModelAuxControl             :         0.00       4            0.0009
OOPS_STATS oops::ModelAuxCovariance::ModelAuxCovariance        :         0.00       1            0.0019
OOPS_STATS oops::ModelAuxCovariance::linearize                 :         0.00       1            0.0001
OOPS_STATS oops::ModelAuxCovariance::multiply                  :         0.01      41            0.0003
OOPS_STATS oops::ModelAuxCovariance::~ModelAuxCovariance       :         0.00       1            0.0006
OOPS_STATS oops::ModelAuxIncrement::ModelAuxIncrement          :         0.16     178            0.0009
OOPS_STATS oops::ModelAuxIncrement::axpy                       :         0.33     900            0.0004
OOPS_STATS oops::ModelAuxIncrement::diff                       :         0.00       3            0.0001
OOPS_STATS oops::ModelAuxIncrement::dot_product_with           :         0.25     984            0.0003
OOPS_STATS oops::ModelAuxIncrement::operator*=                 :         0.03      79            0.0004
OOPS_STATS oops::ModelAuxIncrement::operator+=                 :         0.06     120            0.0005
OOPS_STATS oops::ModelAuxIncrement::operator+=ModelAuxControl  :         0.00       1            0.0002
OOPS_STATS oops::ModelAuxIncrement::operator=                  :         0.02      44            0.0004
OOPS_STATS oops::ModelAuxIncrement::print                      :         0.00       7            0.0005
OOPS_STATS oops::ModelAuxIncrement::serialSize                 :         0.01     178            0.0001
OOPS_STATS oops::ModelAuxIncrement::zero                       :         0.01      41            0.0002
OOPS_STATS oops::ModelAuxIncrement::~ModelAuxIncrement         :         0.04     178            0.0002
OOPS_STATS oops::ObsAuxControl::ObsAuxControl                  :         0.39       4            0.0969
OOPS_STATS oops::ObsAuxControl::print                          :         0.01       3            0.0022
OOPS_STATS oops::ObsAuxControl::requiredHdiagnostics           :         0.00       2            0.0001
OOPS_STATS oops::ObsAuxControl::requiredVars                   :         0.00       6            0.0002
OOPS_STATS oops::ObsAuxControl::write                          :         0.10       1            0.0995
OOPS_STATS oops::ObsAuxControl::~ObsAuxControl                 :         1.52       4            0.3808
OOPS_STATS oops::ObsAuxCovariance::ObsAuxCovariance            :         0.05       1            0.0529
OOPS_STATS oops::ObsAuxCovariance::inverseMultiply             :         0.04      41            0.0010
OOPS_STATS oops::ObsAuxCovariance::linearize                   :         4.33       1            4.3270
OOPS_STATS oops::ObsAuxCovariance::multiply                    :         0.28      41            0.0067
OOPS_STATS oops::ObsAuxCovariance::preconditioner              :         0.51       1            0.5131
OOPS_STATS oops::ObsAuxCovariance::write                       :         0.04       1            0.0409
OOPS_STATS oops::ObsAuxCovariance::~ObsAuxCovariance           :         0.00       1            0.0036
OOPS_STATS oops::ObsAuxIncrement::ObsAuxIncrement              :         2.32     178            0.0131
OOPS_STATS oops::ObsAuxIncrement::axpy                         :         1.23     900            0.0014
OOPS_STATS oops::ObsAuxIncrement::diff                         :         0.03       3            0.0095
OOPS_STATS oops::ObsAuxIncrement::dot_product_with             :         0.58     984            0.0006
OOPS_STATS oops::ObsAuxIncrement::operator*=                   :         0.12      79            0.0015
OOPS_STATS oops::ObsAuxIncrement::operator+=                   :         0.38     120            0.0032
OOPS_STATS oops::ObsAuxIncrement::operator=                    :         0.03      44            0.0006
OOPS_STATS oops::ObsAuxIncrement::print                        :         0.01       7            0.0008
OOPS_STATS oops::ObsAuxIncrement::serialSize                   :         0.01     356            0.0000
OOPS_STATS oops::ObsAuxIncrement::zero                         :         0.06      41            0.0013
OOPS_STATS oops::ObsAuxIncrement::~ObsAuxIncrement             :         1.38     178            0.0077
OOPS_STATS oops::ObsAuxPreconditioner::multiply                :         0.04      41            0.0009
OOPS_STATS oops::ObsAuxPreconditioner::~ObsAuxPreconditioner   :         0.47       2            0.2330
OOPS_STATS oops::ObsDataVector::ObsDataVector                  :         0.25       4            0.0627
OOPS_STATS oops::ObsDataVector::mask                           :         0.01       2            0.0038
OOPS_STATS oops::ObsDataVector::operator=                      :         0.02       2            0.0080
OOPS_STATS oops::ObsDataVector::print                          :         5.00       2            2.4992
OOPS_STATS oops::ObsDataVector::save                           :         0.35       4            0.0887
OOPS_STATS oops::ObsDataVector::~ObsDataVector                 :         0.12       4            0.0302
OOPS_STATS oops::ObsDiagnostics::ObsDiagnostics                :         0.07       2            0.0359
OOPS_STATS oops::ObsDiagnostics::~ObsDiagnostics               :         0.02       2            0.0092
OOPS_STATS oops::ObsError::getRMSE                             :         0.69       4            0.1717
OOPS_STATS oops::ObsError::inverseMultiply                     :         0.83      42            0.0199
OOPS_STATS oops::ObsError::obserrors                           :         0.07       6            0.0122
OOPS_STATS oops::ObsError::update                              :        70.18       2           35.0918
OOPS_STATS oops::ObsError::~ObsError                           :         1.13       1            1.1339
OOPS_STATS oops::ObsOperator::refl10cm::ObsOperator            :        19.83       2            9.9136
OOPS_STATS oops::ObsOperator::refl10cm::computeReducedVars     :         0.14       3            0.0471
OOPS_STATS oops::ObsOperator::refl10cm::locations              :         1.58       3            0.5250
OOPS_STATS oops::ObsOperator::refl10cm::requiredVars           :         0.00       3            0.0010
OOPS_STATS oops::ObsOperator::refl10cm::simulateObs            :         2.68       2            1.3406
OOPS_STATS oops::ObsOperator::refl10cm::~ObsOperator           :         1.84       2            0.9212
OOPS_STATS oops::ObsSpace::ObsSpace                            :       630.34       1          630.3429
OOPS_STATS oops::ObsSpace::obsvariables                        :         0.00       3            0.0001
OOPS_STATS oops::ObsSpace::save                                :      2613.14       1         2613.1364
OOPS_STATS oops::ObsSpace::~ObsSpace                           :         2.77       1            2.7741
OOPS_STATS oops::ObsVector::ObsVector                          :         1.15      98            0.0118
OOPS_STATS oops::ObsVector::dot_product                        :         0.55       4            0.1381
OOPS_STATS oops::ObsVector::info                               :        24.93       6            4.1550
OOPS_STATS oops::ObsVector::operator*=                         :         0.01       2            0.0047
OOPS_STATS oops::ObsVector::operator-=                         :         0.02       2            0.0109
OOPS_STATS oops::ObsVector::operator=                          :         0.42       4            0.1048
OOPS_STATS oops::ObsVector::rms                                :         0.34       4            0.0840
OOPS_STATS oops::ObsVector::save                               :         0.41       6            0.0690
OOPS_STATS oops::ObsVector::zero                               :         0.04      42            0.0009
OOPS_STATS oops::ObsVector::~ObsVector                         :         0.19      98            0.0020
OOPS_STATS oops::Parameters::deserialize                       :        10.36      97            0.1068
OOPS_STATS oops::Parameters::serialize                         :         1.99      80            0.0249
OOPS_STATS oops::Run::execute                                  :    386058.87       1       386058.8650
OOPS_STATS oops::SampledLocations::SampledLocations            :         0.00       4            0.0003
OOPS_STATS oops::SampledLocations::latitudes                   :         0.00       3            0.0001
OOPS_STATS oops::SampledLocations::longitudes                  :         0.00       3            0.0000
OOPS_STATS oops::SampledLocations::times                       :         0.00       3            0.0000
OOPS_STATS oops::SampledLocations::~SampledLocations           :         1.54       8            0.1928
OOPS_STATS oops::State::State                                  :     57314.61      72          796.0362
OOPS_STATS oops::State::print                                  :        77.37       3           25.7901
OOPS_STATS oops::State::toFieldSet                             :        25.28       5            5.0555
OOPS_STATS oops::State::variables                              :         0.00      58            0.0000
OOPS_STATS oops::State::write                                  :     18197.57       1        18197.5695
OOPS_STATS oops::State::zero                                   :        66.08      30            2.2026
OOPS_STATS oops::State::~State                                 :        20.49      72            0.2847
OOPS_STATS oops::UnstructuredInterpolator::UnstructuredInterpo :        50.64    2400            0.0211
OOPS_STATS oops::UnstructuredInterpolator::apply               :       123.95   34400            0.0036
OOPS_STATS oops::UnstructuredInterpolator::applyAD             :        73.97   32800            0.0023
OOPS_STATS oops::VariableChange::VariableChange                :         3.39       3            1.1309
OOPS_STATS oops::VariableChange::changeVar                     :        21.50       3            7.1651
OOPS_STATS oops::VariableChange::~VariableChange               :         0.02       3            0.0068
OOPS_STATS oops::util::FieldSetHelpers::readFieldSet           :      7831.89       2         3915.9431
OOPS_STATS saber::Localization::Localization                   :      7889.55       1         7889.5462
OOPS_STATS saber::Localization::multiply                       :    174550.85    1230          141.9113
OOPS_STATS saber::Localization::~Localization                  :         0.00       1            0.0001
OOPS_STATS ufo::ObsFilter::ObsFilter                           :         5.12       5            1.0232
OOPS_STATS ufo::ObsFilter::checkFilterData                     :         0.01      15            0.0004
OOPS_STATS ufo::ObsFilter::postFilter                          :        23.37       5            4.6739
OOPS_STATS ufo::ObsFilter::preProcess                          :         0.08       5            0.0167
OOPS_STATS ufo::ObsFilter::priorFilter                         :         0.04       5            0.0076
OOPS_STATS ufo::ObsFilter::~ObsFilter                          :        69.38       9            7.7089
OOPS_STATS util::Timers::measured                              :    385658.16       1       385658.1634
OOPS_STATS ------------------------------------ Timing Statistics -------------------------------------

OOPS_STATS ------------------------------------------------------------------------------------------------------------------
OOPS_STATS ---------------------------------- Parallel Timing Statistics ( 800 MPI tasks) -----------------------------------
OOPS_STATS ------------------------------------------------------------------------------------------------------------------
OOPS_STATS Name                                                :     min (ms)    max (ms)    avg (ms)     % total   imbal (%)
OOPS_STATS oops::Covariance::EnsembleCovariance                :     63567.73    63568.90    63568.32       16.47        0.00
OOPS_STATS oops::Covariance::ensemble::multiply                :    223324.41   224098.04   223712.20       57.95        0.35
OOPS_STATS oops::Diffusion::multiplySqrtAD                     :     55372.96    60028.14    56723.12       14.69        8.21
OOPS_STATS oops::Diffusion::multiplySqrtTL                     :     44408.80    53864.38    47648.27       12.34       19.84
OOPS_STATS oops::Geometry::Geometry                            :     46170.55    47511.27    47432.42       12.29        2.83
OOPS_STATS oops::Geometry::~Geometry                           :       345.16      531.36      444.71        0.12       41.87
OOPS_STATS oops::GeometryData::setGlobalTree                   :      1817.16     1971.79     1894.00        0.49        8.16
OOPS_STATS oops::GetValues::fillGeoVaLsTL                      :       282.65      795.47      619.65        0.16       82.76
OOPS_STATS oops::GetValues::finalizeAD                         :       543.31     1042.15      623.27        0.16       80.04
OOPS_STATS oops::Increment::Increment                          :     20896.03    29869.73    24952.86        6.46       35.96
OOPS_STATS oops::Increment::axpy                               :      4667.49     5909.52     5414.82        1.40       22.94
OOPS_STATS oops::Increment::dot_product_with                   :      7589.06     9405.65     8298.33        2.15       21.89
OOPS_STATS oops::Increment::fromFieldSet                       :      9091.21    14093.11    10341.22        2.68       48.37
OOPS_STATS oops::Increment::operator+=                         :      8002.97    13052.60    10029.74        2.60       50.35
OOPS_STATS oops::Increment::operator=                          :      4116.18     6722.54     5528.61        1.43       47.14
OOPS_STATS oops::Increment::print                              :     17241.73    35939.90    27706.47        7.18       67.49
OOPS_STATS oops::Increment::schur_product_with                 :      7865.12    13419.51    11464.68        2.97       48.45
OOPS_STATS oops::Increment::toFieldSet                         :      8681.04    16989.47    10704.75        2.77       77.61
OOPS_STATS oops::LinearVariableChange::changeVarAD             :       983.38     2155.42     1513.94        0.39       77.42
OOPS_STATS oops::LinearVariableChange::changeVarTL             :       312.31      959.15      688.78        0.18       93.91
OOPS_STATS oops::LocalInterpolator::preprocess                 :       136.82     1464.81     1382.24        0.36       96.08
OOPS_STATS oops::Localization::Localization                    :      7838.70     8057.50     7893.44        2.04        2.77
OOPS_STATS oops::Localization::multiply                        :    179362.28   195477.40   186478.44       48.30        8.64
OOPS_STATS oops::ObsSpace::ObsSpace                            :       562.92      639.57      608.74        0.16       12.59
OOPS_STATS oops::ObsSpace::save                                :      2449.32     2616.62     2526.50        0.65        6.62
OOPS_STATS oops::State::State                                  :     57197.47    57451.42    57311.95       14.85        0.44
OOPS_STATS oops::State::write                                  :     16953.40    18225.25    18199.47        4.71        6.99
OOPS_STATS oops::util::FieldSetHelpers::readFieldSet           :      7609.61     7831.89     7660.44        1.98        2.90
OOPS_STATS saber::Localization::Localization                   :      7838.69     8057.46     7893.42        2.04        2.77
OOPS_STATS saber::Localization::multiply                       :    169020.17   184329.38   176100.86       45.61        8.69
OOPS_STATS util::Timers::measured                              :    385609.19   385861.10   385764.54       99.92        0.07
OOPS_STATS oops::Run::execute                                  :    385929.24   386136.15   386061.56      100.00        0.05
OOPS_STATS ---------------------------------- Parallel Timing Statistics ( 800 MPI tasks) -----------------------------------

OOPS_STATS Run end                                  - Runtime:    387.54 sec,  Memory: total:  4113.25 GB, per task: min =     4.82 GB, max =     7.27 GB
Run: Finishing oops::Variational<MPAS, UFO and IODA observations> with status = 0
OOPS Ending   2026-05-25 21:27:55 (UTC+0000)
