Configuration input file is: jedivar.pass2.yaml
Full configuration is:YAMLConfiguration[path=jedivar.pass2.yaml, root={_member => {date => 2026-06-01T04:00:00Z , state variables => (water_vapor_mixing_ratio_wrt_moist_air,air_pressure_at_surface,air_temperature,northward_wind,eastward_wind,cloud_liquid_water,cloud_liquid_ice,rain_water,snow_water,graupel,equivalent_reflectivity_factor,upward_air_velocity) , stream name => ensemble} , output => {filename => mpasout.nc , stream name => analysis} , variational => {minimizer => {algorithm => DRPCG} , iterations => ({geometry => {nml_file => ./namelist.atmosphere , streams_file => ./streams.atmosphere , deallocate non-da fields => true , interpolation type => unstructured} , gradient norm reduction => 0.001 , ninner => 75})} , cost function => {cost type => 3D-Var , time window => {begin => 2026-06-01T02:00:00Z , length => PT4H} , jb evaluation => false , geometry => {nml_file => ./namelist.atmosphere , streams_file => ./streams.atmosphere , deallocate non-da fields => true , interpolation type => unstructured} , analysis variables => (water_vapor_mixing_ratio_wrt_moist_air,air_pressure_at_surface,air_temperature,northward_wind,eastward_wind,cloud_liquid_water,cloud_liquid_ice,rain_water,snow_water,graupel,equivalent_reflectivity_factor,upward_air_velocity) , background => {state variables => (water_vapor_mixing_ratio_wrt_moist_air,air_pressure_at_surface,air_temperature,northward_wind,eastward_wind,air_potential_temperature,dry_air_density,u,water_vapor_mixing_ratio_wrt_dry_air,air_pressure,landmask,seaice_fraction,snowc,skin_temperature_at_surface,ivgtyp,isltyp,snowh,vegetation_area_fraction,air_temperature_at_2m,water_vapor_mixing_ratio_wrt_moist_air_at_2m,eastward_wind_at_10m,northward_wind_at_10m,lai,smois,tslb,pressure_p,cloud_liquid_water,cloud_liquid_ice,graupel,rain_water,snow_water,cldfrac,equivalent_reflectivity_factor,w,upward_air_velocity) , filename => mpasout.nc , date => 2026-06-01T04:00:00Z} , background error => {covariance model => ensemble , localization => {localization method => SABER , saber central block => {saber block name => diffusion , active variables => (water_vapor_mixing_ratio_wrt_moist_air,air_pressure_at_surface,air_temperature,northward_wind,eastward_wind,cloud_liquid_water,cloud_liquid_ice,rain_water,snow_water,graupel,equivalent_reflectivity_factor,upward_air_velocity) , read => {groups => ({variables => (water_vapor_mixing_ratio_wrt_moist_air,air_pressure_at_surface,air_temperature,northward_wind,eastward_wind,cloud_liquid_water,cloud_liquid_ice,rain_water,snow_water,graupel,equivalent_reflectivity_factor,upward_air_velocity) , multivariate strategy => duplicated , horizontal => {filepath => data/diffusionloc/mpas_conus3km.diffusion_hz} , vertical => {levels => 59 , filepath => data/diffusionloc/mpas_conus3km.diffusion_vt}})}}} , members from template => {template => {date => 2026-06-01T04:00:00Z , state variables => (water_vapor_mixing_ratio_wrt_moist_air,air_pressure_at_surface,air_temperature,northward_wind,eastward_wind,cloud_liquid_water,cloud_liquid_ice,rain_water,snow_water,graupel,equivalent_reflectivity_factor,upward_air_velocity) , stream name => ensemble , filename => ./data/ens/mem%iMember%.nc} , pattern => %iMember% , start => 1 , zero padding => 3 , nmembers => 30}} , observations => {observers => ({obs space => {name => refl10cm , distribution => {name => RoundRobin , halo size => 500000} , obsdatain => {engine => {type => H5File , obsfile => data/obs/ioda_mrms_refl.nc , missing file action => warn}} , obsdataout => {engine => {type => H5File , allow overwrite => true , obsfile => jdiag_mrms_refl.nc}} , io pool => {write multiple files => false} , _source => mrms , simulated variables => (equivalentReflectivityFactor)} , obs operator => {name => VertInterp , vertical coordinate => height_above_mean_sea_level , observation vertical coordinate => height , interpolation method => linear , observation alias file => obsop_name_map.yaml} , obs localizations => ({localization method => Horizontal Gaspari-Cohn , lengthscale => 200000}) , _obsname => refl10cm , obs filters => ({filter => Background Check , filter variables => ({name => equivalentReflectivityFactor}) , threshold => 12 , action => {name => reject}})})}}}]
OOPS_STATS ObjectCountHelper started.
OOPS_STATS Run start                                - Runtime:      1.01 sec,  Memory: total:   104.05 GB, per task: min =   128.97 MB, max =   130.55 MB
Run: Starting oops::Variational<MPAS, UFO and IODA observations>
OOPS_STATS Variational start                        - Runtime:     1.01 sec,  Local Memory:   130.55 MB
==> create geom
atlas::mpi::push(world)
Increase halo 1
atlas::mpi::pop(world)
atlas::mpi::push(world)
atlas::mpi::pop(world)
atlas::mpi::push(world)
atlas::mpi::pop(world)
atlas::mpi::push(world)
atlas::mpi::pop(world)
refl10cm: read database from data/obs/ioda_mrms_refl.nc (io pool size: 800)
refl10cm processed vars: 1 Variables: equivalentReflectivityFactor
refl10cm assimilated vars: 1 Variables: equivalentReflectivityFactor
refl10cm: 0 observations are outside of time window out of 3881192
refl10cm: 0 observations were rejected by QC checks out of 3881192
No bias-correction is performed for this ObsSpace.
3DVar window: TimeWindow: start = 2026-06-01T02:00:00Z, end = 2026-06-01T06:00:00Z, inclusive upper bound.

OOPS_STATS IncrementalAssimilation start            - Runtime:    30.19 sec,  Local Memory:     2.50 GB
Running incremental assimilation with 1 outer iterations.
Minimizer algorithm=DRPCG
QNewtonLMP: maxouter : 1
IncrementalAssimilation: Configuration for outer iteration 0:
LocalConfiguration[root={geometry => {nml_file => ./namelist.atmosphere , streams_file => ./streams.atmosphere , deallocate non-da fields => true , interpolation type => unstructured} , gradient norm reduction => 0.001 , ninner => 75 , iteration => 0 , total iterations => 1}]
OOPS_STATS IncrementalAssimilation iteration 0      - Runtime:    30.19 sec,  Local Memory:     2.50 GB
==> create geom
atlas::mpi::push(world)
Increase halo 1
atlas::mpi::pop(world)
atlas::mpi::push(world)
atlas::mpi::pop(world)
atlas::mpi::push(world)
atlas::mpi::pop(world)
atlas::mpi::push(world)
atlas::mpi::pop(world)
Key "mesh[address=0x47565c0],halo[size=1]" not found in cache "NodeColumnsHaloExchangeCache" , creating new, removable with key "mesh[address=0x47565c0],halo[size=1]"
Key "mesh[address=0x7a8e8a0],halo[size=1]" not found in cache "NodeColumnsHaloExchangeCache" , creating new, removable with key "mesh[address=0x7a8e8a0],halo[size=1]"
processWhere: selected 0 obs.
BackgroundCheck obserr: 
refl10cm equivalentReflectivityFactor nlocs = 3881192, nobs = 3881192, min = 5, max = 5, avg = 5
processing a float: 12
ObsErrorDiagonal covariance updated 3751367
Observer::finalize QC = 
refl10cm equivalentReflectivityFactor nlocs = 3881192, nobs = 3881192, min = 0, max = 19, avg = 0
CostJo Observations: 
refl10cm nobs= 3881192 Min=0, Max=62.2855, RMS=3.91527

Jo Observations:
Jo Obs :refl10cm:equivalentReflectivityFactor   : Nobs=  3751367, Min= 0.000000e+00, Max= 5.980394e+01, RMS= 3.885408e+00
Jo Observations Equivalent:
Jo H(x):refl10cm:equivalentReflectivityFactor   : Nobs=  3751367, Min= 0.000000e+00, Max= 5.754765e+01, RMS= 2.755560e+00
Jo Bias Corrected Departures:
Jo Dep :refl10cm:equivalentReflectivityFactor   : Nobs=  3751367, Min=-5.980394e+01, Max= 5.754765e+01, RMS= 3.835562e+00
Jo Observations Errors:
UFO Diagonal observation error covariance, inverse variances: refl10cm nobs= 3751367 Min=0.04, Max=0.04, RMS=0.04



CostJo   : Nonlinear Jo(refl10cm) = 1.10377e+06, nobs = 3751367, Jo/n = 0.294231, err = 5
CostJo   : Nonlinear Jo = 1.10377e+06
Increment:diff x1 4
Increment:diff x2 35
Increment:diff x1 5
Increment:diff x2 36
Increment:diff x1 6
Increment:diff x2 37
Increment:diff x1 7
Increment:diff x2 38
Increment:diff x1 8
Increment:diff x2 39
Increment:diff x1 9
Increment:diff x2 40
Increment:diff x1 10
Increment:diff x2 41
Increment:diff x1 11
Increment:diff x2 42
Increment:diff x1 12
Increment:diff x2 43
Increment:diff x1 13
Increment:diff x2 44
Increment:diff x1 14
Increment:diff x2 45
Increment:diff x1 15
Increment:diff x2 46
Increment:diff x1 16
Increment:diff x2 47
Increment:diff x1 17
Increment:diff x2 48
Increment:diff x1 18
Increment:diff x2 49
Increment:diff x1 19
Increment:diff x2 50
Increment:diff x1 20
Increment:diff x2 51
Increment:diff x1 21
Increment:diff x2 52
Increment:diff x1 22
Increment:diff x2 53
Increment:diff x1 23
Increment:diff x2 54
Increment:diff x1 24
Increment:diff x2 55
Increment:diff x1 25
Increment:diff x2 56
Increment:diff x1 26
Increment:diff x2 57
Increment:diff x1 27
Increment:diff x2 58
Increment:diff x1 28
Increment:diff x2 59
Increment:diff x1 29
Increment:diff x2 60
Increment:diff x1 30
Increment:diff x2 61
Increment:diff x1 31
Increment:diff x2 62
Increment:diff x1 32
Increment:diff x2 63
Increment:diff x1 33
Increment:diff x2 64
Info     : Prepare ensemble configuration
Info     : Read full ensemble
Info     : Creating central block: 
Info     : SaberCentralBlock using multivariate strategy: deprecated
Info     : Creating single central block.
Info     : Read data

==================================================================================
 saber::Diffusion read
----------------------------------------------------------------------------------

group 1 of 1
atlas::mpi::push(world)
atlas::mpi::pop(world)
variables: [water_vapor_mixing_ratio_wrt_moist_air,air_pressure_at_surface,air_temperature,northward_wind,eastward_wind,cloud_liquid_water,cloud_liquid_ice,rain_water,snow_water,graupel,equivalent_reflectivity_factor,upward_air_velocity]
multivariate strategy: duplicated
Reading horizontal parameters
  levels: 1
Key "mesh[address=0x7a8e8a0]" not found in cache "NodeColumnsGatherScatterCache" , creating new, removable with key "mesh[address=0x7a8e8a0]"
  Info     : Reading file: data/diffusionloc/mpas_conus3km.diffusion_hz.nc
atlas::mpi::push(world)
atlas::mpi::pop(world)
  hzScales:  min: 4087.19  mean: 4087.19  max: 4087.19
  hzNorm:    min: 2.4414  mean: 3.71484  max: 4.05626
Reading vertical parameters
  levels: 59
  vertical strategy: normal
  Info     : Reading file: data/diffusionloc/mpas_conus3km.diffusion_vt.nc
atlas::mpi::push(world)
atlas::mpi::pop(world)
  vtScales:  min: 11  mean: 11  max: 11
  vtNorm:    min: 3.7178  mean: 4.83632  max: 5.25235
Diffusion: horizontal iterations: 6
Diffusion: vertical iterations: 242
Increment:diff x1 2
Increment:diff x2 1
==================================================================================

CostJb: FG-BG
  Valid time: 2026-06-01T04:00:00Z
  Resolution: nCellsGlobal = 2341818, nFields = 12
Fld=1  Min=0, Max=0, RMS=0 : water_vapor_mixing_ratio_wrt_moist_air
Fld=2  Min=0, Max=0, RMS=0 : air_pressure_at_surface
Fld=3  Min=0, Max=0, RMS=0 : air_temperature
Fld=4  Min=0, Max=0, RMS=0 : northward_wind
Fld=5  Min=0, Max=0, RMS=0 : eastward_wind
Fld=6  Min=0, Max=0, RMS=0 : cloud_liquid_water
Fld=7  Min=0, Max=0, RMS=0 : cloud_liquid_ice
Fld=8  Min=0, Max=0, RMS=0 : rain_water
Fld=9  Min=0, Max=0, RMS=0 : snow_water
Fld=10  Min=0, Max=0, RMS=0 : graupel
Fld=11  Min=0, Max=0, RMS=0 : equivalent_reflectivity_factor
Fld=12  Min=0, Max=0, RMS=0 : upward_air_velocity
Increment:diff x1 2
Increment:diff x2 1
CostJb: FG-BG
  Valid time: 2026-06-01T04:00:00Z
  Resolution: nCellsGlobal = 2341818, nFields = 12
Fld=1  Min=0, Max=0, RMS=0 : water_vapor_mixing_ratio_wrt_moist_air
Fld=2  Min=0, Max=0, RMS=0 : air_pressure_at_surface
Fld=3  Min=0, Max=0, RMS=0 : air_temperature
Fld=4  Min=0, Max=0, RMS=0 : northward_wind
Fld=5  Min=0, Max=0, RMS=0 : eastward_wind
Fld=6  Min=0, Max=0, RMS=0 : cloud_liquid_water
Fld=7  Min=0, Max=0, RMS=0 : cloud_liquid_ice
Fld=8  Min=0, Max=0, RMS=0 : rain_water
Fld=9  Min=0, Max=0, RMS=0 : snow_water
Fld=10  Min=0, Max=0, RMS=0 : graupel
Fld=11  Min=0, Max=0, RMS=0 : equivalent_reflectivity_factor
Fld=12  Min=0, Max=0, RMS=0 : upward_air_velocity
CostFunction: Nonlinear J = 1.10377e+06
OOPS_STATS IncrementalAssimilation linearize 0      - Runtime:   114.55 sec,  Local Memory:     7.26 GB

DRPCGMinimizer: max iter = 75, requested norm reduction = 0.001
CostFunction::computeGradientFG: gradient:
  Valid time: 2026-06-01T04:00:00Z
  Resolution: nCellsGlobal = 2341818, nFields = 12
Fld=1  Min=0, Max=0, RMS=0 : water_vapor_mixing_ratio_wrt_moist_air
Fld=2  Min=0, Max=0, RMS=0 : air_pressure_at_surface
Fld=3  Min=0, Max=0, RMS=0 : air_temperature
Fld=4  Min=0, Max=0, RMS=0 : northward_wind
Fld=5  Min=0, Max=0, RMS=0 : eastward_wind
Fld=6  Min=0, Max=0, RMS=0 : cloud_liquid_water
Fld=7  Min=0, Max=0, RMS=0 : cloud_liquid_ice
Fld=8  Min=0, Max=0, RMS=0 : rain_water
Fld=9  Min=0, Max=0, RMS=0 : snow_water
Fld=10  Min=0, Max=0, RMS=0 : graupel
Fld=11  Min=-1.96478, Max=1.42076, RMS=0.0146124 : equivalent_reflectivity_factor
Fld=12  Min=0, Max=0, RMS=0 : upward_air_velocity
DRPCGMinimizer rhs
  Valid time: 2026-06-01T04:00:00Z
  Resolution: nCellsGlobal = 2341818, nFields = 12
Fld=1  Min=-0, Max=-0, RMS=0 : water_vapor_mixing_ratio_wrt_moist_air
Fld=2  Min=-0, Max=-0, RMS=0 : air_pressure_at_surface
Fld=3  Min=-0, Max=-0, RMS=0 : air_temperature
Fld=4  Min=-0, Max=-0, RMS=0 : northward_wind
Fld=5  Min=-0, Max=-0, RMS=0 : eastward_wind
Fld=6  Min=-0, Max=-0, RMS=0 : cloud_liquid_water
Fld=7  Min=-0, Max=-0, RMS=0 : cloud_liquid_ice
Fld=8  Min=-0, Max=-0, RMS=0 : rain_water
Fld=9  Min=-0, Max=-0, RMS=0 : snow_water
Fld=10  Min=-0, Max=-0, RMS=0 : graupel
Fld=11  Min=-1.42076, Max=1.96478, RMS=0.0146124 : equivalent_reflectivity_factor
Fld=12  Min=-0, Max=-0, RMS=0 : upward_air_velocity
Initial RHS squared norm = 29501.9
OOPS_STATS DRPCG start                              - Runtime:   114.70 sec,  Local Memory:     7.26 GB
normr0 29501.9
  Residual norm ( 0) = 8264.892529533794
  Norm reduction ( 0) = 1

  Quadratic cost function: J   ( 0) = 1103767.558264026
  Quadratic cost function: Jb  ( 0) = 0
  Quadratic cost function: JoJc( 0) = 1103767.558264026


 DRPCG Starting Iteration 1
OOPS_STATS DRPCG iteration 1                        - Runtime:   120.06 sec,  Local Memory:     7.26 GB
rdots 2.26458e+07      iteration    0
DRPCG end of iteration 1
  Residual norm ( 1) = 4758.760286040027
  Norm reduction ( 1) = 0.5757800563086644

  Quadratic cost function: J   ( 1) = 665138.9495118994
  Quadratic cost function: Jb  ( 1) = 5633.126225847011
  Quadratic cost function: JoJc( 1) = 659505.8232860523

 DRPCG Starting Iteration 2
OOPS_STATS DRPCG iteration 2                        - Runtime:   125.75 sec,  Local Memory:     7.26 GB
rdots 1.24307e+07      iteration    1
DRPCG end of iteration 2
  Residual norm ( 2) = 3525.718875596838
  Norm reduction ( 2) = 0.4265898029524307

  Quadratic cost function: J   ( 2) = 539625.3226158058
  Quadratic cost function: Jb  ( 2) = 10709.52728552294
  Quadratic cost function: JoJc( 2) = 528915.7953302829

 DRPCG Starting Iteration 3
OOPS_STATS DRPCG iteration 3                        - Runtime:   131.45 sec,  Local Memory:     7.26 GB
rdots 6.64841e+06      iteration    2
DRPCG end of iteration 3
  Residual norm ( 3) = 2578.452047352818
  Norm reduction ( 3) = 0.3119764761778776

  Quadratic cost function: J   ( 3) = 475517.8849866287
  Quadratic cost function: Jb  ( 3) = 15393.08793470695
  Quadratic cost function: JoJc( 3) = 460124.7970519217

 DRPCG Starting Iteration 4
OOPS_STATS DRPCG iteration 4                        - Runtime:   137.17 sec,  Local Memory:     7.26 GB
rdots 4.52512e+06      iteration    3
DRPCG end of iteration 4
  Residual norm ( 4) = 2127.233797107351
  Norm reduction ( 4) = 0.2573819066014333

  Quadratic cost function: J   ( 4) = 436765.5442372813
  Quadratic cost function: Jb  ( 4) = 19786.08369634535
  Quadratic cost function: JoJc( 4) = 416979.460540936

 DRPCG Starting Iteration 5
OOPS_STATS DRPCG iteration 5                        - Runtime:   142.97 sec,  Local Memory:     7.26 GB
rdots 3.22457e+06      iteration    4
DRPCG end of iteration 5
  Residual norm ( 5) = 1795.707583115214
  Norm reduction ( 5) = 0.2172693204053685

  Quadratic cost function: J   ( 5) = 410129.9157572252
  Quadratic cost function: Jb  ( 5) = 24128.04006202231
  Quadratic cost function: JoJc( 5) = 386001.875695203

 DRPCG Starting Iteration 6
rdots 2.20845e+06      iteration    5
DRPCG end of iteration 6
  Residual norm ( 6) = 1486.084346502762
  Norm reduction ( 6) = 0.1798068566762826

  Quadratic cost function: J   ( 6) = 393017.2479594029
  Quadratic cost function: Jb  ( 6) = 27863.84923774914
  Quadratic cost function: JoJc( 6) = 365153.3987216537

 DRPCG Starting Iteration 7
rdots 1.51333e+06      iteration    6
DRPCG end of iteration 7
  Residual norm ( 7) = 1230.174680490626
  Norm reduction ( 7) = 0.1488433970671386

  Quadratic cost function: J   ( 7) = 378469.1850815299
  Quadratic cost function: Jb  ( 7) = 31987.54873071937
  Quadratic cost function: JoJc( 7) = 346481.6363508105

 DRPCG Starting Iteration 8
rdots 1.16003e+06      iteration    7
DRPCG end of iteration 8
  Residual norm ( 8) = 1077.047426983071
  Norm reduction ( 8) = 0.1303159627465628

  Quadratic cost function: J   ( 8) = 368801.1845723144
  Quadratic cost function: Jb  ( 8) = 35447.84551771955
  Quadratic cost function: JoJc( 8) = 333353.3390545948

 DRPCG Starting Iteration 9
rdots 815381      iteration    8
DRPCG end of iteration 9
  Residual norm ( 9) = 902.9844109704017
  Norm reduction ( 9) = 0.1092554328738909

  Quadratic cost function: J   ( 9) = 361081.1547148551
  Quadratic cost function: Jb  ( 9) = 38833.01666864329
  Quadratic cost function: JoJc( 9) = 322248.1380462119

 DRPCG Starting Iteration 10
OOPS_STATS DRPCG iteration 10                       - Runtime:   172.56 sec,  Local Memory:     7.26 GB
rdots 627937      iteration    9
DRPCG end of iteration 10
  Residual norm (10) = 792.4248974763299
  Norm reduction (10) = 0.09587842729287478

  Quadratic cost function: J   (10) = 355112.7365413316
  Quadratic cost function: Jb  (10) = 41994.41975086817
  Quadratic cost function: JoJc(10) = 313118.3167904635

 DRPCG Starting Iteration 11
rdots 506752      iteration    10
DRPCG end of iteration 11
  Residual norm (11) = 711.8654815708315
  Norm reduction (11) = 0.08613124478352853

  Quadratic cost function: J   (11) = 350894.6520259557
  Quadratic cost function: Jb  (11) = 44631.06213197672
  Quadratic cost function: JoJc(11) = 306263.589893979

 DRPCG Starting Iteration 12
rdots 359751      iteration    11
DRPCG end of iteration 12
  Residual norm (12) = 599.7923310987098
  Norm reduction (12) = 0.07257109865075802

  Quadratic cost function: J   (12) = 347504.845111699
  Quadratic cost function: Jb  (12) = 47084.94659952026
  Quadratic cost function: JoJc(12) = 300419.8985121787

 DRPCG Starting Iteration 13
rdots 256193      iteration    12
DRPCG end of iteration 13
  Residual norm (13) = 506.1549838634935
  Norm reduction (13) = 0.0612415687263685

  Quadratic cost function: J   (13) = 344653.2952910346
  Quadratic cost function: Jb  (13) = 49464.51190289106
  Quadratic cost function: JoJc(13) = 295188.7833881436

 DRPCG Starting Iteration 14
rdots 209347      iteration    13
DRPCG end of iteration 14
  Residual norm (14) = 457.5440664814636
  Norm reduction (14) = 0.05535995354403873

  Quadratic cost function: J   (14) = 342533.8433175149
  Quadratic cost function: Jb  (14) = 51486.70184066524
  Quadratic cost function: JoJc(14) = 291047.1414768496

 DRPCG Starting Iteration 15
OOPS_STATS DRPCG iteration 15                       - Runtime:   202.85 sec,  Local Memory:     7.26 GB
rdots 148519      iteration    14
DRPCG end of iteration 15
  Residual norm (15) = 385.3814472318564
  Norm reduction (15) = 0.04662873060414676

  Quadratic cost function: J   (15) = 340888.3962881393
  Quadratic cost function: Jb  (15) = 53259.32997274194
  Quadratic cost function: JoJc(15) = 287629.0663153973

 DRPCG Starting Iteration 16
rdots 109474      iteration    15
DRPCG end of iteration 16
  Residual norm (16) = 330.8690813395278
  Norm reduction (16) = 0.04003307727925066

  Quadratic cost function: J   (16) = 339565.923444672
  Quadratic cost function: Jb  (16) = 54857.1023295147
  Quadratic cost function: JoJc(16) = 284708.8211151573

 DRPCG Starting Iteration 17
rdots 96264.6      iteration    16
DRPCG end of iteration 17
  Residual norm (17) = 310.2653068803531
  Norm reduction (17) = 0.0375401501921108

  Quadratic cost function: J   (17) = 338603.9953629465
  Quadratic cost function: Jb  (17) = 56149.48636165796
  Quadratic cost function: JoJc(17) = 282454.5090012886

 DRPCG Starting Iteration 18
rdots 71632.1      iteration    17
DRPCG end of iteration 18
  Residual norm (18) = 267.6418057527809
  Norm reduction (18) = 0.0323829747085505

  Quadratic cost function: J   (18) = 337917.2189987331
  Quadratic cost function: Jb  (18) = 57161.06430377539
  Quadratic cost function: JoJc(18) = 280756.1546949577

 DRPCG Starting Iteration 19
rdots 55179.8      iteration    18
DRPCG end of iteration 19
  Residual norm (19) = 234.9037783334796
  Norm reduction (19) = 0.02842187935222069

  Quadratic cost function: J   (19) = 337363.1342417808
  Quadratic cost function: Jb  (19) = 58048.06492744971
  Quadratic cost function: JoJc(19) = 279315.0693143312

 DRPCG Starting Iteration 20
OOPS_STATS DRPCG iteration 20                       - Runtime:   232.57 sec,  Local Memory:     7.26 GB
rdots 42293.4      iteration    19
DRPCG end of iteration 20
  Residual norm (20) = 205.6536154705818
  Norm reduction (20) = 0.02488279366436992

  Quadratic cost function: J   (20) = 336945.9893227257
  Quadratic cost function: Jb  (20) = 58770.17510937202
  Quadratic cost function: JoJc(20) = 278175.8142133537

 DRPCG Starting Iteration 21
rdots 32066.4      iteration    20
DRPCG end of iteration 21
  Residual norm (21) = 179.070995239056
  Norm reduction (21) = 0.02166646385287687

  Quadratic cost function: J   (21) = 336629.2839212131
  Quadratic cost function: Jb  (21) = 59359.13157736782
  Quadratic cost function: JoJc(21) = 277270.1523438453

 DRPCG Starting Iteration 22
rdots 25930.1      iteration    21
DRPCG end of iteration 22
  Residual norm (22) = 161.0281336076956
  Norm reduction (22) = 0.01948339110669341

  Quadratic cost function: J   (22) = 336380.5658688287
  Quadratic cost function: Jb  (22) = 59853.93095880082
  Quadratic cost function: JoJc(22) = 276526.6349100278

 DRPCG Starting Iteration 23
rdots 19197      iteration    22
DRPCG end of iteration 23
  Residual norm (23) = 138.5532833761461
  Norm reduction (23) = 0.01676407562240396

  Quadratic cost function: J   (23) = 336200.3093250302
  Quadratic cost function: Jb  (23) = 60235.48668867142
  Quadratic cost function: JoJc(23) = 275964.8226363588

 DRPCG Starting Iteration 24
rdots 14056.2      iteration    23
DRPCG end of iteration 24
  Residual norm (24) = 118.5586429912188
  Norm reduction (24) = 0.0143448499260651

  Quadratic cost function: J   (24) = 336045.5420855344
  Quadratic cost function: Jb  (24) = 60583.29406785565
  Quadratic cost function: JoJc(24) = 275462.2480176788

 DRPCG Starting Iteration 25
OOPS_STATS DRPCG iteration 25                       - Runtime:   261.92 sec,  Local Memory:     7.26 GB
rdots 9995.7      iteration    24
DRPCG end of iteration 25
  Residual norm (25) = 99.97849225547782
  Norm reduction (25) = 0.01209676857844362

  Quadratic cost function: J   (25) = 335922.7336723866
  Quadratic cost function: Jb  (25) = 60876.62143450216
  Quadratic cost function: JoJc(25) = 275046.1122378844

 DRPCG Starting Iteration 26
rdots 8054.89      iteration    25
DRPCG end of iteration 26
  Residual norm (26) = 89.74904745312234
  Norm reduction (26) = 0.01085907011281911

  Quadratic cost function: J   (26) = 335832.3826328014
  Quadratic cost function: Jb  (26) = 61105.38290400532
  Quadratic cost function: JoJc(26) = 274726.9997287961

 DRPCG Starting Iteration 27
rdots 6273.26      iteration    26
DRPCG end of iteration 27
  Residual norm (27) = 79.20392460030233
  Norm reduction (27) = 0.009583176589081439

  Quadratic cost function: J   (27) = 335764.2482954824
  Quadratic cost function: Jb  (27) = 61287.55650160072
  Quadratic cost function: JoJc(27) = 274476.6917938816

 DRPCG Starting Iteration 28
rdots 4745.78      iteration    27
DRPCG end of iteration 28
  Residual norm (28) = 68.88963818846959
  Norm reduction (28) = 0.008335212822465523

  Quadratic cost function: J   (28) = 335712.7029984982
  Quadratic cost function: Jb  (28) = 61432.6159234656
  Quadratic cost function: JoJc(28) = 274280.0870750326

 DRPCG Starting Iteration 29
rdots 3463.44      iteration    28
DRPCG end of iteration 29
  Residual norm (29) = 58.85096956139081
  Norm reduction (29) = 0.007120597073838839

  Quadratic cost function: J   (29) = 335672.7780249831
  Quadratic cost function: Jb  (29) = 61550.59426689554
  Quadratic cost function: JoJc(29) = 274122.1837580876

 DRPCG Starting Iteration 30
OOPS_STATS DRPCG iteration 30                       - Runtime:   291.37 sec,  Local Memory:     7.26 GB
rdots 2656.46      iteration    29
DRPCG end of iteration 30
  Residual norm (30) = 51.54087193642935
  Norm reduction (30) = 0.006236121250488501

  Quadratic cost function: J   (30) = 335643.662495218
  Quadratic cost function: Jb  (30) = 61640.69155946435
  Quadratic cost function: JoJc(30) = 274002.9709357537

 DRPCG Starting Iteration 31
rdots 1937.25      iteration    30
DRPCG end of iteration 31
  Residual norm (31) = 44.0141950233678
  Norm reduction (31) = 0.00532544069582119

  Quadratic cost function: J   (31) = 335620.6138771165
  Quadratic cost function: Jb  (31) = 61715.24528435914
  Quadratic cost function: JoJc(31) = 273905.3685927573

 DRPCG Starting Iteration 32
rdots 1540.83      iteration    31
DRPCG end of iteration 32
  Residual norm (32) = 39.25335887796452
  Norm reduction (32) = 0.004749409473589213

  Quadratic cost function: J   (32) = 335603.2498261458
  Quadratic cost function: Jb  (32) = 61773.90308763376
  Quadratic cost function: JoJc(32) = 273829.346738512

 DRPCG Starting Iteration 33
rdots 1159.45      iteration    32
DRPCG end of iteration 33
  Residual norm (33) = 34.05073250092479
  Norm reduction (33) = 0.004119924412718955

  Quadratic cost function: J   (33) = 335590.163106793
  Quadratic cost function: Jb  (33) = 61819.98341128096
  Quadratic cost function: JoJc(33) = 273770.179695512

 DRPCG Starting Iteration 34
rdots 794.403      iteration    33
DRPCG end of iteration 34
  Residual norm (34) = 28.18516051829926
  Norm reduction (34) = 0.00341022710429474

  Quadratic cost function: J   (34) = 335580.3297902613
  Quadratic cost function: Jb  (34) = 61856.0002827423
  Quadratic cost function: JoJc(34) = 273724.329507519

 DRPCG Starting Iteration 35
OOPS_STATS DRPCG iteration 35                       - Runtime:   325.63 sec,  Local Memory:     7.26 GB
rdots 613.206      iteration    34
DRPCG end of iteration 35
  Residual norm (35) = 24.7630050530204
  Norm reduction (35) = 0.002996167822452888

  Quadratic cost function: J   (35) = 335572.4965828269
  Quadratic cost function: Jb  (35) = 61885.83692057773
  Quadratic cost function: JoJc(35) = 273686.6596622492

 DRPCG Starting Iteration 36
rdots 447.703      iteration    35
DRPCG end of iteration 36
  Residual norm (36) = 21.15900257638501
  Norm reduction (36) = 0.002560106196272409

  Quadratic cost function: J   (36) = 335566.6727639617
  Quadratic cost function: Jb  (36) = 61908.90033711953
  Quadratic cost function: JoJc(36) = 273657.7724268422

 DRPCG Starting Iteration 37
rdots 353.02      iteration    36
DRPCG end of iteration 37
  Residual norm (37) = 18.78881711529212
  Norm reduction (37) = 0.002273328666785696

  Quadratic cost function: J   (37) = 335562.5413408231
  Quadratic cost function: Jb  (37) = 61925.87007379837
  Quadratic cost function: JoJc(37) = 273636.6712670247

 DRPCG Starting Iteration 38
rdots 253.48      iteration    37
DRPCG end of iteration 38
  Residual norm (38) = 15.92105611094575
  Norm reduction (38) = 0.001926347626911469

  Quadratic cost function: J   (38) = 335559.3432509645
  Quadratic cost function: Jb  (38) = 61939.472176235
  Quadratic cost function: JoJc(38) = 273619.8710747295

 DRPCG Starting Iteration 39
rdots 195.273      iteration    38
DRPCG end of iteration 39
  Residual norm (39) = 13.97401563264805
  Norm reduction (39) = 0.001690767978254195

  Quadratic cost function: J   (39) = 335556.9718224283
  Quadratic cost function: Jb  (39) = 61949.90745477014
  Quadratic cost function: JoJc(39) = 273607.0643676582

 DRPCG Starting Iteration 40
OOPS_STATS DRPCG iteration 40                       - Runtime:   357.73 sec,  Local Memory:     7.26 GB
rdots 142.431      iteration    39
DRPCG end of iteration 40
  Residual norm (40) = 11.93443345940512
  Norm reduction (40) = 0.001443991366706654

  Quadratic cost function: J   (40) = 335555.1312309073
  Quadratic cost function: Jb  (40) = 61958.28158027007
  Quadratic cost function: JoJc(40) = 273596.8496506372

 DRPCG Starting Iteration 41
rdots 111.567      iteration    40
DRPCG end of iteration 41
  Residual norm (41) = 10.5625300857129
  Norm reduction (41) = 0.001277999689405364

  Quadratic cost function: J   (41) = 335553.8429652145
  Quadratic cost function: Jb  (41) = 61964.33219212052
  Quadratic cost function: JoJc(41) = 273589.510773094

 DRPCG Starting Iteration 42
rdots 79.3928      iteration    41
DRPCG end of iteration 42
  Residual norm (42) = 8.910265879550142
  Norm reduction (42) = 0.001078086115180587

  Quadratic cost function: J   (42) = 335552.8809280229
  Quadratic cost function: Jb  (42) = 61968.98679980907
  Quadratic cost function: JoJc(42) = 273583.8941282138

 DRPCG Starting Iteration 43
rdots 59.5209      iteration    42
DRPCG end of iteration 43
  Residual norm (43) = 7.714977259254008
  Norm reduction (43) = 0.0009334637119218772

  Quadratic cost function: J   (43) = 335552.1436323245
  Quadratic cost function: Jb  (43) = 61972.6594201499
  Quadratic cost function: JoJc(43) = 273579.4842121747

DRPCG: Achieved required reduction in residual norm.
OOPS_STATS DRPCG end                                - Runtime:   384.66 sec,  Local Memory:     7.26 GB
DRPCGMinimizer: reduction in residual norm = 0.000933464
DRPCGMinimizer output increment:
  Valid time: 2026-06-01T04:00:00Z
  Resolution: nCellsGlobal = 2341818, nFields = 12
Fld=1  Min=-0.0136297, Max=0.0203764, RMS=0.000115028 : water_vapor_mixing_ratio_wrt_moist_air
Fld=2  Min=-111.412, Max=307.615, RMS=2.97035 : air_pressure_at_surface
Fld=3  Min=-14.9594, Max=17.5951, RMS=0.145256 : air_temperature
Fld=4  Min=-32.8791, Max=32.0266, RMS=0.405759 : northward_wind
Fld=5  Min=-43.5447, Max=37.9, RMS=0.422379 : eastward_wind
Fld=6  Min=-0.00181512, Max=0.00894109, RMS=1.74152e-05 : cloud_liquid_water
Fld=7  Min=-0.000535147, Max=0.00398166, RMS=1.03735e-05 : cloud_liquid_ice
Fld=8  Min=-0.00313488, Max=0.00772555, RMS=1.93413e-05 : rain_water
Fld=9  Min=-0.00648694, Max=0.00613056, RMS=5.71232e-05 : snow_water
Fld=10  Min=-0.00426609, Max=0.00780045, RMS=2.4585e-05 : graupel
Fld=11  Min=-63.5498, Max=110.046, RMS=2.04538 : equivalent_reflectivity_factor
Fld=12  Min=0, Max=0, RMS=0 : upward_air_velocity
CostFunction::addIncrement: First guess:
  Valid time: 2026-06-01T04:00:00Z
  Resolution: nCellsGlobal = 2341818, nFields = 35
Fld=1  Min=0, Max=0.0218267, RMS=0.0059345 : water_vapor_mixing_ratio_wrt_moist_air
Fld=2  Min=63762.2, Max=103112, RMS=96614.6 : air_pressure_at_surface
Fld=3  Min=195.241, Max=311.129, RMS=260.505 : air_temperature
Fld=4  Min=-46.8738, Max=33.3252, RMS=7.40747 : northward_wind
Fld=5  Min=-36.0794, Max=63.5459, RMS=10.5004 : eastward_wind
Fld=6  Min=273.517, Max=644.029, RMS=355.769 : air_potential_temperature
Fld=7  Min=0.0387036, Max=1.28706, RMS=0.783654 : dry_air_density
Fld=8  Min=-65.2975, Max=65.2409, RMS=9.10891 : u
Fld=9  Min=0, Max=0.0223138, RMS=0.00600906 : water_vapor_mixing_ratio_wrt_dry_air
Fld=10  Min=2458.25, Max=103001, RMS=64376.7 : air_pressure
Fld=11  Min=0, Max=1, RMS=0.790008 : landmask
Fld=12  Min=0, Max=1, RMS=0.0312674 : seaice_fraction
Fld=13  Min=0, Max=1, RMS=0.0207386 : snowc
Fld=14  Min=261.198, Max=305.133, RMS=289.731 : skin_temperature_at_surface
Fld=15  Min=1, Max=19, RMS=12.7664 : ivgtyp
Fld=16  Min=1, Max=16, RMS=9.97061 : isltyp
Fld=17  Min=0, Max=0.816398, RMS=0.00768306 : snowh
Fld=18  Min=0, Max=0.919862, RMS=0.411241 : vegetation_area_fraction
Fld=19  Min=265.524, Max=305.923, RMS=290.076 : air_temperature_at_2m
Fld=20  Min=0.000645097, Max=0.0212306, RMS=0.010983 : water_vapor_mixing_ratio_wrt_moist_air_at_2m
Fld=21  Min=-15.425, Max=16.8962, RMS=2.91275 : eastward_wind_at_10m
Fld=22  Min=-18.0716, Max=12.6148, RMS=3.69634 : northward_wind_at_10m
Fld=23  Min=0, Max=6.55355, RMS=1.65715 : lai
Fld=24  Min=0.0149955, Max=1, RMS=0.627739 : smois
Fld=25  Min=261.198, Max=315.094, RMS=290.23 : tslb
Fld=26  Min=-932.292, Max=5834.93, RMS=3189.24 : pressure_p
Fld=27  Min=0, Max=0.00419686, RMS=2.03291e-05 : cloud_liquid_water
Fld=28  Min=0, Max=0.00153421, RMS=1.54487e-05 : cloud_liquid_ice
Fld=29  Min=0, Max=0.00807851, RMS=1.15305e-05 : graupel
Fld=30  Min=0, Max=0.00498609, RMS=1.26498e-05 : rain_water
Fld=31  Min=0, Max=0.00637221, RMS=4.27333e-05 : snow_water
Fld=32  Min=0, Max=1, RMS=0.201941 : cldfrac
Fld=33  Min=0, Max=63.9868, RMS=2.6183 : equivalent_reflectivity_factor
Fld=34  Min=-5.891, Max=25.4113, RMS=0.0855759 : w
Fld=35  Min=0, Max=0, RMS=0 : upward_air_velocity
CostFunction::addIncrement: Increment:
  Valid time: 2026-06-01T04:00:00Z
  Resolution: nCellsGlobal = 2341818, nFields = 12
Fld=1  Min=-0.0136297, Max=0.0203764, RMS=0.000115028 : water_vapor_mixing_ratio_wrt_moist_air
Fld=2  Min=-111.412, Max=307.615, RMS=2.97035 : air_pressure_at_surface
Fld=3  Min=-14.9594, Max=17.5951, RMS=0.145256 : air_temperature
Fld=4  Min=-32.8791, Max=32.0266, RMS=0.405759 : northward_wind
Fld=5  Min=-43.5447, Max=37.9, RMS=0.422379 : eastward_wind
Fld=6  Min=-0.00181512, Max=0.00894109, RMS=1.74152e-05 : cloud_liquid_water
Fld=7  Min=-0.000535147, Max=0.00398166, RMS=1.03735e-05 : cloud_liquid_ice
Fld=8  Min=-0.00313488, Max=0.00772555, RMS=1.93413e-05 : rain_water
Fld=9  Min=-0.00648694, Max=0.00613056, RMS=5.71232e-05 : snow_water
Fld=10  Min=-0.00426609, Max=0.00780045, RMS=2.4585e-05 : graupel
Fld=11  Min=-63.5498, Max=110.046, RMS=2.04538 : equivalent_reflectivity_factor
Fld=12  Min=0, Max=0, RMS=0 : upward_air_velocity
CostFunction::addIncrement: Analysis: 
  Valid time: 2026-06-01T04:00:00Z
  Resolution: nCellsGlobal = 2341818, nFields = 35
Fld=1  Min=0, Max=0.0274512, RMS=0.00593813 : water_vapor_mixing_ratio_wrt_moist_air
Fld=2  Min=63762.2, Max=103112, RMS=96614.6 : air_pressure_at_surface
Fld=3  Min=195.241, Max=311.129, RMS=260.504 : air_temperature
Fld=4  Min=-46.8738, Max=45.9974, RMS=7.41389 : northward_wind
Fld=5  Min=-38.9758, Max=68.6227, RMS=10.4985 : eastward_wind
Fld=6  Min=273.517, Max=644.029, RMS=355.767 : air_potential_temperature
Fld=7  Min=0.0385871, Max=1.28706, RMS=0.783656 : dry_air_density
Fld=8  Min=-69.6154, Max=69.4336, RMS=9.10997 : u
Fld=9  Min=0, Max=0.028226, RMS=0.00601276 : water_vapor_mixing_ratio_wrt_dry_air
Fld=10  Min=2458.25, Max=103001, RMS=64376.7 : air_pressure
Fld=11  Min=0, Max=1, RMS=0.790008 : landmask
Fld=12  Min=0, Max=1, RMS=0.0312674 : seaice_fraction
Fld=13  Min=0, Max=1, RMS=0.0207386 : snowc
Fld=14  Min=261.198, Max=305.133, RMS=289.731 : skin_temperature_at_surface
Fld=15  Min=1, Max=19, RMS=12.7664 : ivgtyp
Fld=16  Min=1, Max=16, RMS=9.97061 : isltyp
Fld=17  Min=0, Max=0.816398, RMS=0.00768306 : snowh
Fld=18  Min=0, Max=0.919862, RMS=0.411241 : vegetation_area_fraction
Fld=19  Min=265.524, Max=305.923, RMS=290.075 : air_temperature_at_2m
Fld=20  Min=0.000645097, Max=0.0212306, RMS=0.0109827 : water_vapor_mixing_ratio_wrt_moist_air_at_2m
Fld=21  Min=-15.425, Max=16.8962, RMS=2.91275 : eastward_wind_at_10m
Fld=22  Min=-18.0716, Max=12.6148, RMS=3.69634 : northward_wind_at_10m
Fld=23  Min=0, Max=6.55355, RMS=1.65715 : lai
Fld=24  Min=0.0149955, Max=1, RMS=0.627739 : smois
Fld=25  Min=261.198, Max=315.094, RMS=290.23 : tslb
Fld=26  Min=-946.48, Max=5922.44, RMS=3189.27 : pressure_p
Fld=27  Min=0, Max=0.00894109, RMS=2.59904e-05 : cloud_liquid_water
Fld=28  Min=0, Max=0.00398166, RMS=1.68602e-05 : cloud_liquid_ice
Fld=29  Min=0, Max=0.00780045, RMS=2.43263e-05 : graupel
Fld=30  Min=0, Max=0.00772555, RMS=1.72346e-05 : rain_water
Fld=31  Min=0, Max=0.00637888, RMS=6.06903e-05 : snow_water
Fld=32  Min=0, Max=1, RMS=0.201941 : cldfrac
Fld=33  Min=0, Max=110.046, RMS=2.6829 : equivalent_reflectivity_factor
Fld=34  Min=-5.891, Max=25.4113, RMS=0.0855759 : w
Fld=35  Min=0, Max=0, RMS=0 : upward_air_velocity
OOPS_STATS IncrementalAssimilation end              - Runtime:   385.31 sec,  Local Memory:     7.26 GB
Variational: incremental assimilation done 1 iterations.
QC refl10cm equivalentReflectivityFactor: 129821 H(x) failed.
QC refl10cm equivalentReflectivityFactor: 4 rejected by first-guess check.
QC refl10cm equivalentReflectivityFactor: 3751367 passed out of 3881192 observations.
ObsErrorDiagonal covariance updated 3751367
Observer::finalize QC = 
refl10cm equivalentReflectivityFactor nlocs = 3881192, nobs = 3881192, min = 0, max = 19, avg = 0
Jo Observations:
Jo Obs :refl10cm:equivalentReflectivityFactor   : Nobs=  3751367, Min= 0.000000e+00, Max= 5.980394e+01, RMS= 3.885408e+00
Jo Observations Equivalent:
Jo H(x):refl10cm:equivalentReflectivityFactor   : Nobs=  3751367, Min= 0.000000e+00, Max= 6.858601e+01, RMS= 3.218550e+00
Jo Bias Corrected Departures:
Jo Dep :refl10cm:equivalentReflectivityFactor   : Nobs=  3751367, Min=-5.891212e+01, Max= 2.958256e+01, RMS= 1.907803e+00
Jo Observations Errors:
UFO Diagonal observation error covariance, inverse variances: refl10cm nobs= 3751367 Min=0.04, Max=0.04, RMS=0.04



CostJo   : Nonlinear Jo(refl10cm) = 273078, nobs = 3751367, Jo/n = 0.0727943, err = 5
CostJo   : Nonlinear Jo = 273078
Increment:diff x1 2
Increment:diff x2 1
CostJb: FG-BG
  Valid time: 2026-06-01T04:00:00Z
  Resolution: nCellsGlobal = 2341818, nFields = 12
Fld=1  Min=-0.00917671, Max=0.0203764, RMS=0.000114931 : water_vapor_mixing_ratio_wrt_moist_air
Fld=2  Min=-111.412, Max=307.615, RMS=2.97035 : air_pressure_at_surface
Fld=3  Min=-14.9594, Max=17.5951, RMS=0.145256 : air_temperature
Fld=4  Min=-32.8791, Max=32.0266, RMS=0.405759 : northward_wind
Fld=5  Min=-43.5447, Max=37.9, RMS=0.422379 : eastward_wind
Fld=6  Min=-0.0017406, Max=0.00894109, RMS=1.70868e-05 : cloud_liquid_water
Fld=7  Min=-0.000463679, Max=0.00398166, RMS=1.01784e-05 : cloud_liquid_ice
Fld=8  Min=-0.00313488, Max=0.00772555, RMS=1.67498e-05 : rain_water
Fld=9  Min=-0.00557201, Max=0.00613056, RMS=5.36964e-05 : snow_water
Fld=10  Min=-0.00426609, Max=0.00780045, RMS=2.4065e-05 : graupel
Fld=11  Min=-57.3357, Max=110.046, RMS=2.0258 : equivalent_reflectivity_factor
Fld=12  Min=0, Max=0, RMS=0 : upward_air_velocity
CostFunction: Nonlinear J = 273078
OOPS_STATS Variational end                          - Runtime:   390.38 sec,  Local Memory:     7.26 GB
==> destruct MPAS corelist and domain:  0
Tried to erase key "mesh[address=0x47565c0],halo[size=0]" from cache "NodeColumnsHaloExchangeCache" but it was not found.
Erased key "mesh[address=0x47565c0],halo[size=1]" from cache "NodeColumnsHaloExchangeCache".
==> destruct MPAS corelist and domain:  1
refl10cm: save database to jdiag_mrms_refl.nc (io pool size: 4)
QC refl10cm equivalentReflectivityFactor: 129821 H(x) failed.
QC refl10cm equivalentReflectivityFactor: 4 rejected by first-guess check.
QC refl10cm equivalentReflectivityFactor: 3751367 passed out of 3881192 observations.
Erased key "mesh[address=0x7a8e8a0]" from cache "NodeColumnsGatherScatterCache".
Tried to erase key "mesh[address=0x7a8e8a0],halo[size=0]" from cache "NodeColumnsHaloExchangeCache" but it was not found.
Erased key "mesh[address=0x7a8e8a0],halo[size=1]" from cache "NodeColumnsHaloExchangeCache".

Run: Finishing oops::Variational<MPAS, UFO and IODA observations>
OOPS_STATS  
OOPS_STATS ----------------------------------------------------------------------------------
OOPS_STATS --------------------------- Object counts ----------------------------------------
OOPS_STATS ----------------------------------------------------------------------------------
OOPS_STATS                                      Total  Simult. Remain    Avg (Mb)    HWM (Mb)
OOPS_STATS ioda::ObsDataVector             :        8       5        
OOPS_STATS ioda::ObsVector                 :      106       8        
OOPS_STATS mpas::Geometry                  :        2       2        
OOPS_STATS mpas::Increment                 :     3124     133        
OOPS_STATS mpas::LinVarChaModel2GeoVars    :        1       1        
OOPS_STATS mpas::ModelBias                 :        4       3        
OOPS_STATS mpas::ModelBiasCovariance       :        1       1        
OOPS_STATS mpas::State                     :       75      34        
OOPS_STATS mpas::VarChaModel2GeoVars       :        3       1        
OOPS_STATS oops::ControlIncrement          :      190     100               15.22     1522.04
OOPS_STATS oops::ControlVariable           :        4       3        
OOPS_STATS oops::Diffusion                 :        1       1        
OOPS_STATS oops::EnsembleCovariance        :        1       1             3544.31     3544.31
OOPS_STATS oops::GeoVaLs                   :       90       1        
OOPS_STATS oops::Geometry                  :        2       2        
OOPS_STATS oops::GetValues                 :        3       2        
OOPS_STATS oops::Increment                 :     3036     133               15.02     2024.32
OOPS_STATS oops::LinearObsOperator         :        1       1        
OOPS_STATS oops::LocalInterpolator         :     2400    1600        
OOPS_STATS oops::Localization              :        1       1        
OOPS_STATS oops::ModelAuxControl           :        4       3        
OOPS_STATS oops::ModelAuxCovariance        :        1       1        
OOPS_STATS oops::ModelAuxIncrement         :      190     100        
OOPS_STATS oops::ObsAuxControl             :        4       3        
OOPS_STATS oops::ObsAuxCovariance          :        1       1        
OOPS_STATS oops::ObsAuxIncrement           :      190     100        
OOPS_STATS oops::ObsAuxIncrements          :      190     100        
OOPS_STATS oops::ObsAuxPreconditioner      :        2       2        
OOPS_STATS oops::ObsDataVector             :        4       4        
OOPS_STATS oops::ObsDiagnostics            :        2       1        
OOPS_STATS oops::ObsError                  :        1       1        
OOPS_STATS oops::ObsOperator               :        2       2        
OOPS_STATS oops::ObsSpace                  :        1       1        
OOPS_STATS oops::ObsSpaces                 :        1       1        
OOPS_STATS oops::ObsVector                 :      106       7                0.04        0.23
OOPS_STATS oops::SampledLocations          :        8       4        
OOPS_STATS oops::State                     :       72      34               21.39      702.08
OOPS_STATS oops::UnstructuredInterpolator  :     2400    1600        
OOPS_STATS oops::VariableChange            :        3       1        
OOPS_STATS ufo::BackgroundCheck            :        1       1        
OOPS_STATS ufo::FinalCheck                 :        2       2        
OOPS_STATS ufo::GeoVaLs                    :       93       2        
OOPS_STATS ufo::ObsBias                    :        4       3        
OOPS_STATS ufo::ObsBiasCovariance          :        1       1        
OOPS_STATS ufo::ObsBiasPreconditioner      :        1       1        
OOPS_STATS ufo::ObsFilter                  :        9       6        
OOPS_STATS ufo::ObsFilterData              :        3       3        
OOPS_STATS ufo::ObsVertInterp              :        2       2        
OOPS_STATS ufo::ObsVertInterpTLAD          :        1       1        
OOPS_STATS ufo::SampledLocations           :        4       3        
OOPS_STATS ----------------------------- Object counts --------------------------------------
OOPS_STATS  
OOPS_STATS --------------------------------------------------------------------------------------------
OOPS_STATS ------------------------------------ Timing Statistics -------------------------------------
OOPS_STATS --------------------------------------------------------------------------------------------
OOPS_STATS Name                                                :   total (ms)   count    time/call (ms)
OOPS_STATS ObsFilter::Background Check::ObsFilter              :         0.19       1            0.1927
OOPS_STATS ObsFilter::Background Check::postFilter             :         6.05       1            6.0544
OOPS_STATS ObsFilter::Background Check::preProcess             :         0.01       1            0.0060
OOPS_STATS ObsFilter::Background Check::priorFilter            :         0.02       1            0.0228
OOPS_STATS ObsFilter::Final Check::ObsFilter                   :         0.02       2            0.0083
OOPS_STATS ObsFilter::Final Check::postFilter                  :         0.04       2            0.0217
OOPS_STATS ObsFilter::Final Check::preProcess                  :         0.00       2            0.0003
OOPS_STATS ObsFilter::Final Check::priorFilter                 :         0.00       2            0.0023
OOPS_STATS ObsFilter::QCmanager::ObsFilter                     :        76.00       2           37.9995
OOPS_STATS ObsFilter::QCmanager::postFilter                    :         0.23       2            0.1132
OOPS_STATS ObsFilter::QCmanager::preProcess                    :         0.00       2            0.0001
OOPS_STATS ObsFilter::QCmanager::priorFilter                   :         0.00       2            0.0001
OOPS_STATS ioda::ObsSpace::get_db(DateTime)                    :        11.96       4            2.9891
OOPS_STATS ioda::ObsSpace::get_db(double)                      :         0.33       5            0.0655
OOPS_STATS ioda::ObsSpace::get_db(float)                       :        76.07      12            6.3389
OOPS_STATS ioda::ObsSpace::load                                :       674.41       1          674.4132
OOPS_STATS ioda::ObsSpace::put_db(double)                      :         1.15       6            0.1925
OOPS_STATS ioda::ObsSpace::put_db(float)                       :         0.08       2            0.0414
OOPS_STATS ioda::ObsSpace::put_db(int)                         :         0.60       2            0.3001
OOPS_STATS mpas::LinVarChaModel2GeoVars::LinVarChaModel2GeoVar :         2.88       1            2.8765
OOPS_STATS mpas::LinVarChaModel2GeoVars::changeVarAD           :       993.53      44           22.5801
OOPS_STATS mpas::LinVarChaModel2GeoVars::changeVarTL           :       154.30      43            3.5883
OOPS_STATS mpas::LinVarChaModel2GeoVars::~LinVarChaModel2GeoVa :         0.04       1            0.0375
OOPS_STATS mpas::VarChaModel2GeoVars::VarChaModel2GeoVars      :         0.60       3            0.2005
OOPS_STATS mpas::VarChaModel2GeoVars::changeVar                :        13.07       3            4.3571
OOPS_STATS mpas::VarChaModel2GeoVars::~VarChaModel2GeoVars     :         0.01       3            0.0019
OOPS_STATS oops::Covariance::EnsembleCovariance                :     59214.74       1        59214.7442
OOPS_STATS oops::Covariance::ensemble::Constructor             :         0.01       1            0.0094
OOPS_STATS oops::Covariance::ensemble::multiply                :    244204.18      44         5550.0950
OOPS_STATS oops::Diffusion::Diffusion                          :         0.00       1            0.0002
OOPS_STATS oops::Diffusion::calculateDerivedGeom               :         1.92       1            1.9181
OOPS_STATS oops::Diffusion::multiplySqrtAD                     :     61068.73    1320           46.2642
OOPS_STATS oops::Diffusion::multiplySqrtTL                     :     51868.15    1320           39.2941
OOPS_STATS oops::Diffusion::setParameters                      :         4.36       1            4.3563
OOPS_STATS oops::GeoVaLs::GeoVaLs                              :        19.97      90            0.2219
OOPS_STATS oops::GeoVaLs::fill                                 :        30.98   30380            0.0010
OOPS_STATS oops::GeoVaLs::fillAD                               :        23.06   27280            0.0008
OOPS_STATS oops::GeoVaLs::~GeoVaLs                             :         0.49      90            0.0054
OOPS_STATS oops::Geometry::Geometry                            :     47504.00       2        23751.9983
OOPS_STATS oops::Geometry::variableSizes                       :         4.07      11            0.3696
OOPS_STATS oops::Geometry::~Geometry                           :       383.36       2          191.6793
OOPS_STATS oops::GeometryData::containingTriangleAndBarycentri :        39.78   17535            0.0023
OOPS_STATS oops::GeometryData::setGlobalTree                   :      1819.54       2          909.7713
OOPS_STATS oops::GeometryData::setLocalTree                    :         3.15       2            1.5738
OOPS_STATS oops::GeometryData::setMeshAndTriangulation         :         0.30       2            0.1484
OOPS_STATS oops::GetValues::GetValues                          :       345.37       3          115.1240
OOPS_STATS oops::GetValues::fillGeoVaLs                        :        80.51       3           26.8354
OOPS_STATS oops::GetValues::fillGeoVaLsAD                      :       117.00      44            2.6590
OOPS_STATS oops::GetValues::fillGeoVaLsTL                      :       851.71      43           19.8073
OOPS_STATS oops::GetValues::finalize                           :        12.86       3            4.2875
OOPS_STATS oops::GetValues::finalizeAD                         :       650.70      44           14.7885
OOPS_STATS oops::GetValues::finalizeTL                         :        94.23      43            2.1914
OOPS_STATS oops::GetValues::initialize                         :         1.49       3            0.4967
OOPS_STATS oops::GetValues::initializeAD                       :         5.33      44            0.1211
OOPS_STATS oops::GetValues::initializeTL                       :        14.85      43            0.3453
OOPS_STATS oops::GetValues::process                            :        16.63       3            5.5422
OOPS_STATS oops::GetValues::processAD                          :       125.86      44            2.8605
OOPS_STATS oops::GetValues::processTL                          :       136.26      43            3.1689
OOPS_STATS oops::Increment::Increment                          :     28294.59    3036            9.3197
OOPS_STATS oops::Increment::axpy                               :      6095.11    1032            5.9061
OOPS_STATS oops::Increment::diff                               :       362.97      33           10.9991
OOPS_STATS oops::Increment::dot_product_with                   :     10117.50    1122            9.0174
OOPS_STATS oops::Increment::fromFieldSet                       :     12841.99    1364            9.4149
OOPS_STATS oops::Increment::operator*=                         :       204.06     130            1.5697
OOPS_STATS oops::Increment::operator+=                         :     11022.22    1523            7.2372
OOPS_STATS oops::Increment::operator+=(State, Increment)       :       193.94       1          193.9386
OOPS_STATS oops::Increment::operator-=                         :       151.95      30            5.0652
OOPS_STATS oops::Increment::operator=                          :      5176.70    1682            3.0777
OOPS_STATS oops::Increment::print                              :     30586.74    1327           23.0495
OOPS_STATS oops::Increment::schur_product_with                 :     11625.95    2640            4.4038
OOPS_STATS oops::Increment::serialSize                         :         5.08     190            0.0267
OOPS_STATS oops::Increment::toFieldSet                         :     10031.94    1407            7.1300
OOPS_STATS oops::Increment::zero                               :       133.92     133            1.0069
OOPS_STATS oops::Increment::~Increment                         :       230.88    3036            0.0760
OOPS_STATS oops::LinearObsOper::refl10cm::LinearObsOperator    :         0.58       1            0.5764
OOPS_STATS oops::LinearObsOper::refl10cm::requiredVars         :         0.09      89            0.0010
OOPS_STATS oops::LinearObsOper::refl10cm::setTrajectory        :         0.90       1            0.8981
OOPS_STATS oops::LinearObsOper::refl10cm::simulateObsAD        :         3.80      44            0.0863
OOPS_STATS oops::LinearObsOper::refl10cm::simulateObsTL        :         7.47      43            0.1737
OOPS_STATS oops::LinearObsOper::refl10cm::~LinearObsOperator   :        28.23       1           28.2331
OOPS_STATS oops::LinearVariableChange::LinearVariableChange    :         0.05       1            0.0512
OOPS_STATS oops::LinearVariableChange::changeVarAD             :      1638.14      44           37.2305
OOPS_STATS oops::LinearVariableChange::changeVarTL             :       874.20      43           20.3303
OOPS_STATS oops::LinearVariableChange::changeVarTraj           :         2.89       1            2.8895
OOPS_STATS oops::LinearVariableChange::~LinearVariableChange   :         0.43       1            0.4349
OOPS_STATS oops::LocalInterpolator::LocalInterpolator          :        46.73    2400            0.0195
OOPS_STATS oops::LocalInterpolator::apply                      :        15.42    2400            0.0064
OOPS_STATS oops::LocalInterpolator::applyAD                    :       108.44   35200            0.0031
OOPS_STATS oops::LocalInterpolator::applyTL                    :       119.12   34400            0.0035
OOPS_STATS oops::LocalInterpolator::preprocess                 :      1281.10      46           27.8500
OOPS_STATS oops::LocalInterpolator::preprocessAD               :        77.68      44            1.7655
OOPS_STATS oops::LocalInterpolator::~LocalInterpolator         :        67.74    2400            0.0282
OOPS_STATS oops::Localization::Localization                    :      7912.86       1         7912.8599
OOPS_STATS oops::Localization::multiply                        :    202095.66    1320          153.1028
OOPS_STATS oops::Localization::~Localization                   :         0.76       1            0.7639
OOPS_STATS oops::ModelAuxControl::ModelAuxControl              :         0.00       4            0.0011
OOPS_STATS oops::ModelAuxControl::print                        :         0.00       3            0.0006
OOPS_STATS oops::ModelAuxControl::~ModelAuxControl             :         0.00       4            0.0009
OOPS_STATS oops::ModelAuxCovariance::ModelAuxCovariance        :         0.00       1            0.0035
OOPS_STATS oops::ModelAuxCovariance::linearize                 :         0.00       1            0.0001
OOPS_STATS oops::ModelAuxCovariance::multiply                  :         0.01      44            0.0002
OOPS_STATS oops::ModelAuxCovariance::~ModelAuxCovariance       :         0.00       1            0.0008
OOPS_STATS oops::ModelAuxIncrement::ModelAuxIncrement          :         0.17     190            0.0009
OOPS_STATS oops::ModelAuxIncrement::axpy                       :         0.40    1032            0.0004
OOPS_STATS oops::ModelAuxIncrement::diff                       :         0.00       3            0.0004
OOPS_STATS oops::ModelAuxIncrement::dot_product_with           :         0.31    1122            0.0003
OOPS_STATS oops::ModelAuxIncrement::operator*=                 :         0.04      85            0.0005
OOPS_STATS oops::ModelAuxIncrement::operator+=                 :         0.06     129            0.0005
OOPS_STATS oops::ModelAuxIncrement::operator+=ModelAuxControl  :         0.00       1            0.0005
OOPS_STATS oops::ModelAuxIncrement::operator=                  :         0.01      47            0.0003
OOPS_STATS oops::ModelAuxIncrement::print                      :         0.01       7            0.0009
OOPS_STATS oops::ModelAuxIncrement::serialSize                 :         0.01     190            0.0001
OOPS_STATS oops::ModelAuxIncrement::zero                       :         0.01      44            0.0002
OOPS_STATS oops::ModelAuxIncrement::~ModelAuxIncrement         :         0.04     190            0.0002
OOPS_STATS oops::ObsAuxControl::ObsAuxControl                  :         0.37       4            0.0917
OOPS_STATS oops::ObsAuxControl::print                          :         0.00       3            0.0009
OOPS_STATS oops::ObsAuxControl::requiredHdiagnostics           :         0.00       2            0.0001
OOPS_STATS oops::ObsAuxControl::requiredVars                   :         0.00       6            0.0002
OOPS_STATS oops::ObsAuxControl::write                          :         0.03       1            0.0314
OOPS_STATS oops::ObsAuxControl::~ObsAuxControl                 :         0.01       4            0.0019
OOPS_STATS oops::ObsAuxCovariance::ObsAuxCovariance            :         0.10       1            0.1028
OOPS_STATS oops::ObsAuxCovariance::inverseMultiply             :         0.06      44            0.0014
OOPS_STATS oops::ObsAuxCovariance::linearize                   :         0.08       1            0.0811
OOPS_STATS oops::ObsAuxCovariance::multiply                    :         0.21      44            0.0049
OOPS_STATS oops::ObsAuxCovariance::preconditioner              :         0.03       1            0.0321
OOPS_STATS oops::ObsAuxCovariance::write                       :         0.03       1            0.0269
OOPS_STATS oops::ObsAuxCovariance::~ObsAuxCovariance           :         0.00       1            0.0034
OOPS_STATS oops::ObsAuxIncrement::ObsAuxIncrement              :         0.97     190            0.0051
OOPS_STATS oops::ObsAuxIncrement::axpy                         :         1.33    1032            0.0013
OOPS_STATS oops::ObsAuxIncrement::diff                         :         0.02       3            0.0056
OOPS_STATS oops::ObsAuxIncrement::dot_product_with             :         0.65    1122            0.0006
OOPS_STATS oops::ObsAuxIncrement::operator*=                   :         0.09      85            0.0011
OOPS_STATS oops::ObsAuxIncrement::operator+=                   :         0.17     129            0.0013
OOPS_STATS oops::ObsAuxIncrement::operator=                    :         0.04      47            0.0009
OOPS_STATS oops::ObsAuxIncrement::print                        :         0.01       7            0.0011
OOPS_STATS oops::ObsAuxIncrement::serialSize                   :         0.01     380            0.0000
OOPS_STATS oops::ObsAuxIncrement::zero                         :         0.05      44            0.0012
OOPS_STATS oops::ObsAuxIncrement::~ObsAuxIncrement             :         0.26     190            0.0013
OOPS_STATS oops::ObsAuxPreconditioner::multiply                :         0.03      44            0.0007
OOPS_STATS oops::ObsAuxPreconditioner::~ObsAuxPreconditioner   :         0.00       2            0.0011
OOPS_STATS oops::ObsDataVector::ObsDataVector                  :         0.11       4            0.0265
OOPS_STATS oops::ObsDataVector::mask                           :         0.01       2            0.0037
OOPS_STATS oops::ObsDataVector::operator=                      :         0.01       2            0.0071
OOPS_STATS oops::ObsDataVector::print                          :        13.45       2            6.7238
OOPS_STATS oops::ObsDataVector::save                           :         0.70       4            0.1753
OOPS_STATS oops::ObsDataVector::~ObsDataVector                 :         0.04       4            0.0092
OOPS_STATS oops::ObsDiagnostics::ObsDiagnostics                :         0.21       2            0.1061
OOPS_STATS oops::ObsDiagnostics::~ObsDiagnostics               :         0.02       2            0.0113
OOPS_STATS oops::ObsError::getRMSE                             :         0.69       4            0.1719
OOPS_STATS oops::ObsError::inverseMultiply                     :         0.41      45            0.0090
OOPS_STATS oops::ObsError::obserrors                           :         0.07       6            0.0124
OOPS_STATS oops::ObsError::update                              :        13.71       2            6.8541
OOPS_STATS oops::ObsError::~ObsError                           :         0.01       1            0.0142
OOPS_STATS oops::ObsOperator::refl10cm::ObsOperator            :        11.86       2            5.9287
OOPS_STATS oops::ObsOperator::refl10cm::computeReducedVars     :         0.73       3            0.2434
OOPS_STATS oops::ObsOperator::refl10cm::locations              :        57.32       3           19.1064
OOPS_STATS oops::ObsOperator::refl10cm::requiredVars           :         0.00       3            0.0014
OOPS_STATS oops::ObsOperator::refl10cm::simulateObs            :         2.29       2            1.1457
OOPS_STATS oops::ObsOperator::refl10cm::~ObsOperator           :         9.12       2            4.5606
OOPS_STATS oops::ObsSpace::ObsSpace                            :       678.16       1          678.1568
OOPS_STATS oops::ObsSpace::obsvariables                        :         0.00       3            0.0000
OOPS_STATS oops::ObsSpace::save                                :      2936.23       1         2936.2332
OOPS_STATS oops::ObsSpace::~ObsSpace                           :         1.32       1            1.3171
OOPS_STATS oops::ObsVector::ObsVector                          :         4.90     104            0.0471
OOPS_STATS oops::ObsVector::dot_product                        :         0.51       4            0.1272
OOPS_STATS oops::ObsVector::info                               :         8.54       6            1.4227
OOPS_STATS oops::ObsVector::operator*=                         :         0.01       2            0.0047
OOPS_STATS oops::ObsVector::operator-=                         :         0.02       2            0.0115
OOPS_STATS oops::ObsVector::operator=                          :         0.41       4            0.1029
OOPS_STATS oops::ObsVector::rms                                :         0.34       4            0.0858
OOPS_STATS oops::ObsVector::save                               :         1.18       6            0.1970
OOPS_STATS oops::ObsVector::zero                               :         0.47      45            0.0104
OOPS_STATS oops::ObsVector::~ObsVector                         :         1.36     104            0.0131
OOPS_STATS oops::Parameters::deserialize                       :        26.46      97            0.2728
OOPS_STATS oops::Parameters::serialize                         :         1.98      80            0.0247
OOPS_STATS oops::Run::execute                                  :    393046.18       1       393046.1845
OOPS_STATS oops::SampledLocations::SampledLocations            :         0.00       4            0.0002
OOPS_STATS oops::SampledLocations::latitudes                   :         0.00       3            0.0001
OOPS_STATS oops::SampledLocations::longitudes                  :         0.00       3            0.0000
OOPS_STATS oops::SampledLocations::times                       :         0.00       3            0.0000
OOPS_STATS oops::SampledLocations::~SampledLocations           :        96.05       8           12.0063
OOPS_STATS oops::State::State                                  :     52897.77      72          734.6913
OOPS_STATS oops::State::print                                  :       104.91       3           34.9693
OOPS_STATS oops::State::toFieldSet                             :        25.18       5            5.0368
OOPS_STATS oops::State::variables                              :         0.00      58            0.0000
OOPS_STATS oops::State::write                                  :      4601.07       1         4601.0666
OOPS_STATS oops::State::zero                                   :        69.76      30            2.3252
OOPS_STATS oops::State::~State                                 :         7.33      72            0.1018
OOPS_STATS oops::UnstructuredInterpolator::UnstructuredInterpo :        45.54    2400            0.0190
OOPS_STATS oops::UnstructuredInterpolator::apply               :       124.77   36800            0.0034
OOPS_STATS oops::UnstructuredInterpolator::applyAD             :        74.72   35200            0.0021
OOPS_STATS oops::VariableChange::VariableChange                :         0.95       3            0.3158
OOPS_STATS oops::VariableChange::changeVar                     :        20.50       3            6.8341
OOPS_STATS oops::VariableChange::~VariableChange               :         0.02       3            0.0069
OOPS_STATS oops::util::FieldSetHelpers::readFieldSet           :      7851.61       2         3925.8062
OOPS_STATS saber::Localization::Localization                   :      7912.85       1         7912.8459
OOPS_STATS saber::Localization::multiply                       :    192670.64    1320          145.9626
OOPS_STATS saber::Localization::~Localization                  :         0.00       1            0.0001
OOPS_STATS ufo::ObsFilter::ObsFilter                           :        76.22       5           15.2431
OOPS_STATS ufo::ObsFilter::checkFilterData                     :         0.01      15            0.0004
OOPS_STATS ufo::ObsFilter::postFilter                          :         6.33       5            1.2657
OOPS_STATS ufo::ObsFilter::preProcess                          :         0.01       5            0.0023
OOPS_STATS ufo::ObsFilter::priorFilter                         :         0.03       5            0.0068
OOPS_STATS ufo::ObsFilter::~ObsFilter                          :        92.50       9           10.2773
OOPS_STATS util::Timers::measured                              :    392457.23       1       392457.2310
OOPS_STATS ------------------------------------ Timing Statistics -------------------------------------

OOPS_STATS ------------------------------------------------------------------------------------------------------------------
OOPS_STATS ---------------------------------- Parallel Timing Statistics ( 800 MPI tasks) -----------------------------------
OOPS_STATS ------------------------------------------------------------------------------------------------------------------
OOPS_STATS Name                                                :     min (ms)    max (ms)    avg (ms)     % total   imbal (%)
OOPS_STATS oops::Covariance::EnsembleCovariance                :     59214.02    59214.93    59214.47       15.07        0.00
OOPS_STATS oops::Covariance::ensemble::multiply                :    243656.86   244484.81   244075.07       62.10        0.34
OOPS_STATS oops::Diffusion::multiplySqrtAD                     :     59469.03    63768.78    60903.68       15.50        7.06
OOPS_STATS oops::Diffusion::multiplySqrtTL                     :     47767.95    59836.34    51266.99       13.04       23.54
OOPS_STATS oops::Geometry::Geometry                            :     46477.62    47699.24    47615.74       12.12        2.57
OOPS_STATS oops::Geometry::~Geometry                           :       353.52      547.58      461.20        0.12       42.08
OOPS_STATS oops::GeometryData::setGlobalTree                   :      1819.54     1979.31     1893.93        0.48        8.44
OOPS_STATS oops::GetValues::fillGeoVaLsTL                      :       312.48     1020.79      713.48        0.18       99.28
OOPS_STATS oops::GetValues::finalizeAD                         :       597.02     1129.33      689.84        0.18       77.16
OOPS_STATS oops::Increment::Increment                          :     21661.05    33429.29    26709.23        6.80       44.06
OOPS_STATS oops::Increment::axpy                               :      5369.67     6835.14     6207.66        1.58       23.61
OOPS_STATS oops::Increment::dot_product_with                   :      9441.66    11378.91    10211.02        2.60       18.97
OOPS_STATS oops::Increment::fromFieldSet                       :      9903.28    14784.76    11133.83        2.83       43.84
OOPS_STATS oops::Increment::operator+=                         :      9132.91    12568.29    10755.88        2.74       31.94
OOPS_STATS oops::Increment::operator=                          :      4263.63     7961.89     5917.07        1.51       62.50
OOPS_STATS oops::Increment::print                              :     19407.41    41351.57    33499.45        8.52       65.51
OOPS_STATS oops::Increment::schur_product_with                 :      8129.97    15115.73    12315.94        3.13       56.72
OOPS_STATS oops::Increment::toFieldSet                         :      9584.48    17439.43    11515.89        2.93       68.21
OOPS_STATS oops::LinearVariableChange::changeVarAD             :      1110.12     2297.30     1675.80        0.43       70.84
OOPS_STATS oops::LinearVariableChange::changeVarTL             :       345.30     1233.61      934.64        0.24       95.04
OOPS_STATS oops::LocalInterpolator::preprocess                 :        61.50     1331.36     1280.38        0.33       99.18
OOPS_STATS oops::Localization::Localization                    :      7857.64     8034.35     7924.23        2.02        2.23
OOPS_STATS oops::Localization::multiply                        :    194106.78   213284.51   204118.27       51.94        9.40
OOPS_STATS oops::ObsSpace::ObsSpace                            :       619.49      690.96      658.07        0.17       10.86
OOPS_STATS oops::ObsSpace::save                                :      2754.94     2948.04     2858.17        0.73        6.76
OOPS_STATS oops::State::State                                  :     52820.36    53073.91    52910.53       13.46        0.48
OOPS_STATS oops::State::write                                  :      3390.33     4624.84     4599.39        1.17       26.84
OOPS_STATS oops::util::FieldSetHelpers::readFieldSet           :      7643.28     7851.61     7703.69        1.96        2.70
OOPS_STATS saber::Localization::Localization                   :      7857.62     8034.32     7924.21        2.02        2.23
OOPS_STATS saber::Localization::multiply                       :    181894.79   199081.61   192995.79       49.11        8.91
OOPS_STATS util::Timers::measured                              :    392457.23   392698.76   392626.47       99.90        0.06
OOPS_STATS oops::Run::execute                                  :    392885.71   393087.37   393015.13      100.00        0.05
OOPS_STATS ---------------------------------- Parallel Timing Statistics ( 800 MPI tasks) -----------------------------------

OOPS_STATS Run end                                  - Runtime:    393.95 sec,  Memory: total:  4202.01 GB, per task: min =     4.94 GB, max =     7.26 GB
Run: Finishing oops::Variational<MPAS, UFO and IODA observations> with status = 0
OOPS Ending   2026-06-01 06:14:21 (UTC+0000)
