Configuration input file is: jedivar.pass2.yaml
Full configuration is:YAMLConfiguration[path=jedivar.pass2.yaml, root={_member => {date => 2026-05-26T18:00:00Z , state variables => (water_vapor_mixing_ratio_wrt_moist_air,air_pressure_at_surface,air_temperature,northward_wind,eastward_wind,cloud_liquid_water,cloud_liquid_ice,rain_water,snow_water,graupel,equivalent_reflectivity_factor,upward_air_velocity) , stream name => ensemble} , output => {filename => mpasout.nc , stream name => analysis} , variational => {minimizer => {algorithm => DRPCG} , iterations => ({geometry => {nml_file => ./namelist.atmosphere , streams_file => ./streams.atmosphere , deallocate non-da fields => true , interpolation type => unstructured} , gradient norm reduction => 0.001 , ninner => 75})} , cost function => {cost type => 3D-Var , time window => {begin => 2026-05-26T16:00:00Z , length => PT4H} , jb evaluation => false , geometry => {nml_file => ./namelist.atmosphere , streams_file => ./streams.atmosphere , deallocate non-da fields => true , interpolation type => unstructured} , analysis variables => (water_vapor_mixing_ratio_wrt_moist_air,air_pressure_at_surface,air_temperature,northward_wind,eastward_wind,cloud_liquid_water,cloud_liquid_ice,rain_water,snow_water,graupel,equivalent_reflectivity_factor,upward_air_velocity) , background => {state variables => (water_vapor_mixing_ratio_wrt_moist_air,air_pressure_at_surface,air_temperature,northward_wind,eastward_wind,air_potential_temperature,dry_air_density,u,water_vapor_mixing_ratio_wrt_dry_air,air_pressure,landmask,seaice_fraction,snowc,skin_temperature_at_surface,ivgtyp,isltyp,snowh,vegetation_area_fraction,air_temperature_at_2m,water_vapor_mixing_ratio_wrt_moist_air_at_2m,eastward_wind_at_10m,northward_wind_at_10m,lai,smois,tslb,pressure_p,cloud_liquid_water,cloud_liquid_ice,graupel,rain_water,snow_water,cldfrac,equivalent_reflectivity_factor,w,upward_air_velocity) , filename => mpasout.nc , date => 2026-05-26T18:00:00Z} , background error => {covariance model => ensemble , localization => {localization method => SABER , saber central block => {saber block name => diffusion , active variables => (water_vapor_mixing_ratio_wrt_moist_air,air_pressure_at_surface,air_temperature,northward_wind,eastward_wind,cloud_liquid_water,cloud_liquid_ice,rain_water,snow_water,graupel,equivalent_reflectivity_factor,upward_air_velocity) , read => {groups => ({variables => (water_vapor_mixing_ratio_wrt_moist_air,air_pressure_at_surface,air_temperature,northward_wind,eastward_wind,cloud_liquid_water,cloud_liquid_ice,rain_water,snow_water,graupel,equivalent_reflectivity_factor,upward_air_velocity) , multivariate strategy => duplicated , horizontal => {filepath => data/diffusionloc/mpas_conus3km.diffusion_hz} , vertical => {levels => 59 , filepath => data/diffusionloc/mpas_conus3km.diffusion_vt}})}}} , members from template => {template => {date => 2026-05-26T18:00:00Z , state variables => (water_vapor_mixing_ratio_wrt_moist_air,air_pressure_at_surface,air_temperature,northward_wind,eastward_wind,cloud_liquid_water,cloud_liquid_ice,rain_water,snow_water,graupel,equivalent_reflectivity_factor,upward_air_velocity) , stream name => ensemble , filename => ./data/ens/mem%iMember%.nc} , pattern => %iMember% , start => 1 , zero padding => 3 , nmembers => 30}} , observations => {observers => ({obs space => {name => refl10cm , distribution => {name => RoundRobin , halo size => 500000} , obsdatain => {engine => {type => H5File , obsfile => data/obs/ioda_mrms_refl.nc , missing file action => warn}} , obsdataout => {engine => {type => H5File , allow overwrite => true , obsfile => jdiag_mrms_refl.nc}} , io pool => {write multiple files => false} , _source => mrms , simulated variables => (equivalentReflectivityFactor)} , obs operator => {name => VertInterp , vertical coordinate => height_above_mean_sea_level , observation vertical coordinate => height , interpolation method => linear , observation alias file => obsop_name_map.yaml} , obs localizations => ({localization method => Horizontal Gaspari-Cohn , lengthscale => 200000}) , _obsname => refl10cm , obs filters => ({filter => Background Check , filter variables => ({name => equivalentReflectivityFactor}) , threshold => 12 , action => {name => reject}})})}}}]
OOPS_STATS ObjectCountHelper started.
OOPS_STATS Run start                                - Runtime:      1.08 sec,  Memory: total:   104.30 GB, per task: min =   128.97 MB, max =   130.55 MB
Run: Starting oops::Variational<MPAS, UFO and IODA observations>
OOPS_STATS Variational start                        - Runtime:     1.08 sec,  Local Memory:   130.55 MB
==> create geom
atlas::mpi::push(world)
Increase halo 1
atlas::mpi::pop(world)
atlas::mpi::push(world)
atlas::mpi::pop(world)
atlas::mpi::push(world)
atlas::mpi::pop(world)
atlas::mpi::push(world)
atlas::mpi::pop(world)
refl10cm: read database from data/obs/ioda_mrms_refl.nc (io pool size: 800)
refl10cm processed vars: 1 Variables: equivalentReflectivityFactor
refl10cm assimilated vars: 1 Variables: equivalentReflectivityFactor
refl10cm: 0 observations are outside of time window out of 3883106
refl10cm: 0 observations were rejected by QC checks out of 3883106
No bias-correction is performed for this ObsSpace.
3DVar window: TimeWindow: start = 2026-05-26T16:00:00Z, end = 2026-05-26T20:00:00Z, inclusive upper bound.

OOPS_STATS IncrementalAssimilation start            - Runtime:    36.15 sec,  Local Memory:     2.50 GB
Running incremental assimilation with 1 outer iterations.
Minimizer algorithm=DRPCG
QNewtonLMP: maxouter : 1
IncrementalAssimilation: Configuration for outer iteration 0:
LocalConfiguration[root={geometry => {nml_file => ./namelist.atmosphere , streams_file => ./streams.atmosphere , deallocate non-da fields => true , interpolation type => unstructured} , gradient norm reduction => 0.001 , ninner => 75 , iteration => 0 , total iterations => 1}]
OOPS_STATS IncrementalAssimilation iteration 0      - Runtime:    36.15 sec,  Local Memory:     2.50 GB
==> create geom
atlas::mpi::push(world)
Increase halo 1
atlas::mpi::pop(world)
atlas::mpi::push(world)
atlas::mpi::pop(world)
atlas::mpi::push(world)
atlas::mpi::pop(world)
atlas::mpi::push(world)
atlas::mpi::pop(world)
Key "mesh[address=0x350d440],halo[size=1]" not found in cache "NodeColumnsHaloExchangeCache" , creating new, removable with key "mesh[address=0x350d440],halo[size=1]"
Key "mesh[address=0x6976ea0],halo[size=1]" not found in cache "NodeColumnsHaloExchangeCache" , creating new, removable with key "mesh[address=0x6976ea0],halo[size=1]"
processWhere: selected 0 obs.
BackgroundCheck obserr: 
refl10cm equivalentReflectivityFactor nlocs = 3883106, nobs = 3883106, min = 5, max = 5, avg = 5
processing a float: 12
ObsErrorDiagonal covariance updated 3746799
Observer::finalize QC = 
refl10cm equivalentReflectivityFactor nlocs = 3883106, nobs = 3883106, min = 0, max = 19, avg = 0
CostJo Observations: 
refl10cm nobs= 3883106 Min=0, Max=58.4336, RMS=4.44254

Jo Observations:
Jo Obs :refl10cm:equivalentReflectivityFactor   : Nobs=  3746799, Min= 0.000000e+00, Max= 5.843362e+01, RMS= 4.504111e+00
Jo Observations Equivalent:
Jo H(x):refl10cm:equivalentReflectivityFactor   : Nobs=  3746799, Min= 0.000000e+00, Max= 6.569449e+01, RMS= 4.189200e+00
Jo Bias Corrected Departures:
Jo Dep :refl10cm:equivalentReflectivityFactor   : Nobs=  3746799, Min=-5.843362e+01, Max= 5.889144e+01, RMS= 4.280507e+00
Jo Observations Errors:
UFO Diagonal observation error covariance, inverse variances: refl10cm nobs= 3746799 Min=0.04, Max=0.04, RMS=0.04



CostJo   : Nonlinear Jo(refl10cm) = 1.37303e+06, nobs = 3746799, Jo/n = 0.366455, err = 5
CostJo   : Nonlinear Jo = 1.37303e+06
Increment:diff x1 4
Increment:diff x2 35
Increment:diff x1 5
Increment:diff x2 36
Increment:diff x1 6
Increment:diff x2 37
Increment:diff x1 7
Increment:diff x2 38
Increment:diff x1 8
Increment:diff x2 39
Increment:diff x1 9
Increment:diff x2 40
Increment:diff x1 10
Increment:diff x2 41
Increment:diff x1 11
Increment:diff x2 42
Increment:diff x1 12
Increment:diff x2 43
Increment:diff x1 13
Increment:diff x2 44
Increment:diff x1 14
Increment:diff x2 45
Increment:diff x1 15
Increment:diff x2 46
Increment:diff x1 16
Increment:diff x2 47
Increment:diff x1 17
Increment:diff x2 48
Increment:diff x1 18
Increment:diff x2 49
Increment:diff x1 19
Increment:diff x2 50
Increment:diff x1 20
Increment:diff x2 51
Increment:diff x1 21
Increment:diff x2 52
Increment:diff x1 22
Increment:diff x2 53
Increment:diff x1 23
Increment:diff x2 54
Increment:diff x1 24
Increment:diff x2 55
Increment:diff x1 25
Increment:diff x2 56
Increment:diff x1 26
Increment:diff x2 57
Increment:diff x1 27
Increment:diff x2 58
Increment:diff x1 28
Increment:diff x2 59
Increment:diff x1 29
Increment:diff x2 60
Increment:diff x1 30
Increment:diff x2 61
Increment:diff x1 31
Increment:diff x2 62
Increment:diff x1 32
Increment:diff x2 63
Increment:diff x1 33
Increment:diff x2 64
Info     : Prepare ensemble configuration
Info     : Read full ensemble
Info     : Creating central block: 
Info     : SaberCentralBlock using multivariate strategy: deprecated
Info     : Creating single central block.
Info     : Read data

==================================================================================
 saber::Diffusion read
----------------------------------------------------------------------------------

group 1 of 1
atlas::mpi::push(world)
atlas::mpi::pop(world)
variables: [water_vapor_mixing_ratio_wrt_moist_air,air_pressure_at_surface,air_temperature,northward_wind,eastward_wind,cloud_liquid_water,cloud_liquid_ice,rain_water,snow_water,graupel,equivalent_reflectivity_factor,upward_air_velocity]
multivariate strategy: duplicated
Reading horizontal parameters
  levels: 1
Key "mesh[address=0x6976ea0]" not found in cache "NodeColumnsGatherScatterCache" , creating new, removable with key "mesh[address=0x6976ea0]"
  Info     : Reading file: data/diffusionloc/mpas_conus3km.diffusion_hz.nc
atlas::mpi::push(world)
atlas::mpi::pop(world)
  hzScales:  min: 4087.19  mean: 4087.19  max: 4087.19
  hzNorm:    min: 2.4414  mean: 3.71484  max: 4.05626
Reading vertical parameters
  levels: 59
  vertical strategy: normal
  Info     : Reading file: data/diffusionloc/mpas_conus3km.diffusion_vt.nc
atlas::mpi::push(world)
atlas::mpi::pop(world)
  vtScales:  min: 11  mean: 11  max: 11
  vtNorm:    min: 3.7178  mean: 4.83632  max: 5.25235
Diffusion: horizontal iterations: 6
Diffusion: vertical iterations: 242
Increment:diff x1 2
Increment:diff x2 1
==================================================================================

CostJb: FG-BG
  Valid time: 2026-05-26T18:00:00Z
  Resolution: nCellsGlobal = 2341818, nFields = 12
Fld=1  Min=0, Max=0, RMS=0 : water_vapor_mixing_ratio_wrt_moist_air
Fld=2  Min=0, Max=0, RMS=0 : air_pressure_at_surface
Fld=3  Min=0, Max=0, RMS=0 : air_temperature
Fld=4  Min=0, Max=0, RMS=0 : northward_wind
Fld=5  Min=0, Max=0, RMS=0 : eastward_wind
Fld=6  Min=0, Max=0, RMS=0 : cloud_liquid_water
Fld=7  Min=0, Max=0, RMS=0 : cloud_liquid_ice
Fld=8  Min=0, Max=0, RMS=0 : rain_water
Fld=9  Min=0, Max=0, RMS=0 : snow_water
Fld=10  Min=0, Max=0, RMS=0 : graupel
Fld=11  Min=0, Max=0, RMS=0 : equivalent_reflectivity_factor
Fld=12  Min=0, Max=0, RMS=0 : upward_air_velocity
Increment:diff x1 2
Increment:diff x2 1
CostJb: FG-BG
  Valid time: 2026-05-26T18:00:00Z
  Resolution: nCellsGlobal = 2341818, nFields = 12
Fld=1  Min=0, Max=0, RMS=0 : water_vapor_mixing_ratio_wrt_moist_air
Fld=2  Min=0, Max=0, RMS=0 : air_pressure_at_surface
Fld=3  Min=0, Max=0, RMS=0 : air_temperature
Fld=4  Min=0, Max=0, RMS=0 : northward_wind
Fld=5  Min=0, Max=0, RMS=0 : eastward_wind
Fld=6  Min=0, Max=0, RMS=0 : cloud_liquid_water
Fld=7  Min=0, Max=0, RMS=0 : cloud_liquid_ice
Fld=8  Min=0, Max=0, RMS=0 : rain_water
Fld=9  Min=0, Max=0, RMS=0 : snow_water
Fld=10  Min=0, Max=0, RMS=0 : graupel
Fld=11  Min=0, Max=0, RMS=0 : equivalent_reflectivity_factor
Fld=12  Min=0, Max=0, RMS=0 : upward_air_velocity
CostFunction: Nonlinear J = 1.37303e+06
OOPS_STATS IncrementalAssimilation linearize 0      - Runtime:   137.23 sec,  Local Memory:     7.26 GB

DRPCGMinimizer: max iter = 75, requested norm reduction = 0.001
CostFunction::computeGradientFG: gradient:
  Valid time: 2026-05-26T18:00:00Z
  Resolution: nCellsGlobal = 2341818, nFields = 12
Fld=1  Min=0, Max=0, RMS=0 : water_vapor_mixing_ratio_wrt_moist_air
Fld=2  Min=0, Max=0, RMS=0 : air_pressure_at_surface
Fld=3  Min=0, Max=0, RMS=0 : air_temperature
Fld=4  Min=0, Max=0, RMS=0 : northward_wind
Fld=5  Min=0, Max=0, RMS=0 : eastward_wind
Fld=6  Min=0, Max=0, RMS=0 : cloud_liquid_water
Fld=7  Min=0, Max=0, RMS=0 : cloud_liquid_ice
Fld=8  Min=0, Max=0, RMS=0 : rain_water
Fld=9  Min=0, Max=0, RMS=0 : snow_water
Fld=10  Min=0, Max=0, RMS=0 : graupel
Fld=11  Min=-1.79062, Max=1.84758, RMS=0.01647 : equivalent_reflectivity_factor
Fld=12  Min=0, Max=0, RMS=0 : upward_air_velocity
DRPCGMinimizer rhs
  Valid time: 2026-05-26T18:00:00Z
  Resolution: nCellsGlobal = 2341818, nFields = 12
Fld=1  Min=-0, Max=-0, RMS=0 : water_vapor_mixing_ratio_wrt_moist_air
Fld=2  Min=-0, Max=-0, RMS=0 : air_pressure_at_surface
Fld=3  Min=-0, Max=-0, RMS=0 : air_temperature
Fld=4  Min=-0, Max=-0, RMS=0 : northward_wind
Fld=5  Min=-0, Max=-0, RMS=0 : eastward_wind
Fld=6  Min=-0, Max=-0, RMS=0 : cloud_liquid_water
Fld=7  Min=-0, Max=-0, RMS=0 : cloud_liquid_ice
Fld=8  Min=-0, Max=-0, RMS=0 : rain_water
Fld=9  Min=-0, Max=-0, RMS=0 : snow_water
Fld=10  Min=-0, Max=-0, RMS=0 : graupel
Fld=11  Min=-1.84758, Max=1.79062, RMS=0.01647 : equivalent_reflectivity_factor
Fld=12  Min=-0, Max=-0, RMS=0 : upward_air_velocity
Initial RHS squared norm = 37479.2
OOPS_STATS DRPCG start                              - Runtime:   137.37 sec,  Local Memory:     7.26 GB
normr0 37479.2
  Residual norm ( 0) = 7597.634894755392
  Norm reduction ( 0) = 1

  Quadratic cost function: J   ( 0) = 1373032.48595194
  Quadratic cost function: Jb  ( 0) = 0
  Quadratic cost function: JoJc( 0) = 1373032.48595194


 DRPCG Starting Iteration 1
OOPS_STATS DRPCG iteration 1                        - Runtime:   143.18 sec,  Local Memory:     7.26 GB
rdots 2.06714e+07      iteration    0
DRPCG end of iteration 1
  Residual norm ( 1) = 4546.576040765002
  Norm reduction ( 1) = 0.5984199166905849

  Quadratic cost function: J   ( 1) = 876786.858507605
  Quadratic cost function: Jb  ( 1) = 8532.308359731262
  Quadratic cost function: JoJc( 1) = 868254.5501478738

 DRPCG Starting Iteration 2
OOPS_STATS DRPCG iteration 2                        - Runtime:   149.03 sec,  Local Memory:     7.26 GB
rdots 1.09229e+07      iteration    1
DRPCG end of iteration 2
  Residual norm ( 2) = 3304.981046522562
  Norm reduction ( 2) = 0.4350012987336327

  Quadratic cost function: J   ( 2) = 722172.3756612721
  Quadratic cost function: Jb  ( 2) = 16990.30191474435
  Quadratic cost function: JoJc( 2) = 705182.0737465278

 DRPCG Starting Iteration 3
OOPS_STATS DRPCG iteration 3                        - Runtime:   154.96 sec,  Local Memory:     7.26 GB
rdots 5.60261e+06      iteration    2
DRPCG end of iteration 3
  Residual norm ( 3) = 2366.984364744972
  Norm reduction ( 3) = 0.3115422624978846

  Quadratic cost function: J   ( 3) = 639688.8586479713
  Quadratic cost function: Jb  ( 3) = 25317.94193522911
  Quadratic cost function: JoJc( 3) = 614370.9167127422

 DRPCG Starting Iteration 4
OOPS_STATS DRPCG iteration 4                        - Runtime:   160.88 sec,  Local Memory:     7.26 GB
rdots 4.02114e+06      iteration    3
DRPCG end of iteration 4
  Residual norm ( 4) = 2005.278157072507
  Norm reduction ( 4) = 0.2639345250002393

  Quadratic cost function: J   ( 4) = 591788.9878771727
  Quadratic cost function: Jb  ( 4) = 32937.18921454684
  Quadratic cost function: JoJc( 4) = 558851.7986626258

 DRPCG Starting Iteration 5
OOPS_STATS DRPCG iteration 5                        - Runtime:   166.78 sec,  Local Memory:     7.26 GB
rdots 2.42625e+06      iteration    4
DRPCG end of iteration 5
  Residual norm ( 5) = 1557.642695385206
  Norm reduction ( 5) = 0.205016787060989

  Quadratic cost function: J   ( 5) = 559492.6556085353
  Quadratic cost function: Jb  ( 5) = 40332.38258402553
  Quadratic cost function: JoJc( 5) = 519160.2730245098

 DRPCG Starting Iteration 6
rdots 1.75641e+06      iteration    5
DRPCG end of iteration 6
  Residual norm ( 6) = 1325.295296816322
  Norm reduction ( 6) = 0.1744352440166829

  Quadratic cost function: J   ( 6) = 537621.4243995957
  Quadratic cost function: Jb  ( 6) = 47119.5042474185
  Quadratic cost function: JoJc( 6) = 490501.9201521772

 DRPCG Starting Iteration 7
rdots 1.22584e+06      iteration    6
DRPCG end of iteration 7
  Residual norm ( 7) = 1107.17678533275
  Norm reduction ( 7) = 0.1457265057705035

  Quadratic cost function: J   ( 7) = 522347.8526636835
  Quadratic cost function: Jb  ( 7) = 53255.65363636541
  Quadratic cost function: JoJc( 7) = 469092.199027318

 DRPCG Starting Iteration 8
rdots 938063      iteration    7
DRPCG end of iteration 8
  Residual norm ( 8) = 968.5366436835334
  Norm reduction ( 8) = 0.1274787031885553

  Quadratic cost function: J   ( 8) = 511238.5250425306
  Quadratic cost function: Jb  ( 8) = 58838.1140957473
  Quadratic cost function: JoJc( 8) = 452400.4109467833

 DRPCG Starting Iteration 9
rdots 686023      iteration    8
DRPCG end of iteration 9
  Residual norm ( 9) = 828.2651240925436
  Norm reduction ( 9) = 0.1090161787932572

  Quadratic cost function: J   ( 9) = 503124.2640154663
  Quadratic cost function: Jb  ( 9) = 63798.94230041277
  Quadratic cost function: JoJc( 9) = 439325.3217150536

 DRPCG Starting Iteration 10
OOPS_STATS DRPCG iteration 10                       - Runtime:   197.03 sec,  Local Memory:     7.26 GB
rdots 484483      iteration    9
DRPCG end of iteration 10
  Residual norm (10) = 696.0483983987657
  Norm reduction (10) = 0.09161382562345084

  Quadratic cost function: J   (10) = 496903.9577772707
  Quadratic cost function: Jb  (10) = 68329.49659093807
  Quadratic cost function: JoJc(10) = 428574.4611863326

 DRPCG Starting Iteration 11
rdots 312713      iteration    10
DRPCG end of iteration 11
  Residual norm (11) = 559.2078386259576
  Norm reduction (11) = 0.07360288384112482

  Quadratic cost function: J   (11) = 491913.7457118792
  Quadratic cost function: Jb  (11) = 72615.75587715075
  Quadratic cost function: JoJc(11) = 419297.9898347285

 DRPCG Starting Iteration 12
rdots 226787      iteration    11
DRPCG end of iteration 12
  Residual norm (12) = 476.2216978462296
  Norm reduction (12) = 0.06268025569048639

  Quadratic cost function: J   (12) = 488133.4283771012
  Quadratic cost function: Jb  (12) = 76416.34465861195
  Quadratic cost function: JoJc(12) = 411717.0837184893

 DRPCG Starting Iteration 13
rdots 176213      iteration    12
DRPCG end of iteration 13
  Residual norm (13) = 419.7773548182794
  Norm reduction (13) = 0.05525105649760159

  Quadratic cost function: J   (13) = 485513.9429658395
  Quadratic cost function: Jb  (13) = 79451.2810050049
  Quadratic cost function: JoJc(13) = 406062.6619608346

 DRPCG Starting Iteration 14
rdots 126249      iteration    13
DRPCG end of iteration 14
  Residual norm (14) = 355.3157714672694
  Norm reduction (14) = 0.04676662887717098

  Quadratic cost function: J   (14) = 483706.2704831853
  Quadratic cost function: Jb  (14) = 81816.04871369469
  Quadratic cost function: JoJc(14) = 401890.2217694906

 DRPCG Starting Iteration 15
OOPS_STATS DRPCG iteration 15                       - Runtime:   227.96 sec,  Local Memory:     7.26 GB
rdots 88932.7      iteration    14
DRPCG end of iteration 15
  Residual norm (15) = 298.2158593867212
  Norm reduction (15) = 0.03925114374640167

  Quadratic cost function: J   (15) = 482299.722502164
  Quadratic cost function: Jb  (15) = 83870.5261887183
  Quadratic cost function: JoJc(15) = 398429.1963134457

 DRPCG Starting Iteration 16
rdots 70018      iteration    15
DRPCG end of iteration 16
  Residual norm (16) = 264.6092053531989
  Norm reduction (16) = 0.03482783906026563

  Quadratic cost function: J   (16) = 481334.0988586794
  Quadratic cost function: Jb  (16) = 85431.0010051275
  Quadratic cost function: JoJc(16) = 395903.0978535519

 DRPCG Starting Iteration 17
rdots 49084.3      iteration    16
DRPCG end of iteration 17
  Residual norm (17) = 221.5497353922137
  Norm reduction (17) = 0.02916035561871344

  Quadratic cost function: J   (17) = 480609.5808574395
  Quadratic cost function: Jb  (17) = 86713.37146019435
  Quadratic cost function: JoJc(17) = 393896.2093972452

 DRPCG Starting Iteration 18
rdots 32011.1      iteration    17
DRPCG end of iteration 18
  Residual norm (18) = 178.9165530089823
  Norm reduction (18) = 0.02354898010859768

  Quadratic cost function: J   (18) = 480050.8492353929
  Quadratic cost function: Jb  (18) = 87792.02974549599
  Quadratic cost function: JoJc(18) = 392258.8194898969

 DRPCG Starting Iteration 19
rdots 25213.1      iteration    18
DRPCG end of iteration 19
  Residual norm (19) = 158.7863550572167
  Norm reduction (19) = 0.0208994453217048

  Quadratic cost function: J   (19) = 479645.783068576
  Quadratic cost function: Jb  (19) = 88642.11658396761
  Quadratic cost function: JoJc(19) = 391003.6664846084

 DRPCG Starting Iteration 20
OOPS_STATS DRPCG iteration 20                       - Runtime:   257.82 sec,  Local Memory:     7.26 GB
rdots 18017.7      iteration    19
DRPCG end of iteration 20
  Residual norm (20) = 134.2300415121913
  Norm reduction (20) = 0.01766734561104662

  Quadratic cost function: J   (20) = 479372.404131287
  Quadratic cost function: Jb  (20) = 89260.83277250265
  Quadratic cost function: JoJc(20) = 390111.5713587843

 DRPCG Starting Iteration 21
rdots 12595.2      iteration    20
DRPCG end of iteration 21
  Residual norm (21) = 112.228340280799
  Norm reduction (21) = 0.01477148373611236

  Quadratic cost function: J   (21) = 479164.9547411441
  Quadratic cost function: Jb  (21) = 89764.03443265398
  Quadratic cost function: JoJc(21) = 389400.9203084901

 DRPCG Starting Iteration 22
rdots 8858.56      iteration    21
DRPCG end of iteration 22
  Residual norm (22) = 94.11991569458503
  Norm reduction (22) = 0.01238805457202945

  Quadratic cost function: J   (22) = 479014.4861768901
  Quadratic cost function: Jb  (22) = 90154.20836144988
  Quadratic cost function: JoJc(22) = 388860.2778154402

 DRPCG Starting Iteration 23
rdots 6596.22      iteration    22
DRPCG end of iteration 23
  Residual norm (23) = 81.21713160071045
  Norm reduction (23) = 0.01068979132661063

  Quadratic cost function: J   (23) = 478905.9997247981
  Quadratic cost function: Jb  (23) = 90453.9021454691
  Quadratic cost function: JoJc(23) = 388452.097579329

 DRPCG Starting Iteration 24
rdots 4804.47      iteration    23
DRPCG end of iteration 24
  Residual norm (24) = 69.31428599521215
  Norm reduction (24) = 0.009123139892265611

  Quadratic cost function: J   (24) = 478830.3617890371
  Quadratic cost function: Jb  (24) = 90675.52619458143
  Quadratic cost function: JoJc(24) = 388154.8355944557

 DRPCG Starting Iteration 25
OOPS_STATS DRPCG iteration 25                       - Runtime:   287.47 sec,  Local Memory:     7.26 GB
rdots 3542.73      iteration    24
DRPCG end of iteration 25
  Residual norm (25) = 59.52087853724207
  Norm reduction (25) = 0.007834132511201483

  Quadratic cost function: J   (25) = 478776.3523104163
  Quadratic cost function: Jb  (25) = 90842.61513441359
  Quadratic cost function: JoJc(25) = 387933.7371760027

 DRPCG Starting Iteration 26
rdots 2558.06      iteration    25
DRPCG end of iteration 26
  Residual norm (26) = 50.57724868350083
  Norm reduction (26) = 0.006656972779570396

  Quadratic cost function: J   (26) = 478736.391559199
  Quadratic cost function: Jb  (26) = 90972.79448658231
  Quadratic cost function: JoJc(26) = 387763.5970726167

 DRPCG Starting Iteration 27
rdots 1801.9      iteration    26
DRPCG end of iteration 27
  Residual norm (27) = 42.44884601404137
  Norm reduction (27) = 0.005587113174304228

  Quadratic cost function: J   (27) = 478708.2234748622
  Quadratic cost function: Jb  (27) = 91069.14899163545
  Quadratic cost function: JoJc(27) = 387639.0744832268

 DRPCG Starting Iteration 28
rdots 1296.1      iteration    27
DRPCG end of iteration 28
  Residual norm (28) = 36.00139845612064
  Norm reduction (28) = 0.00473850072487324

  Quadratic cost function: J   (28) = 478686.8748789307
  Quadratic cost function: Jb  (28) = 91145.69617211397
  Quadratic cost function: JoJc(28) = 387541.1787068167

 DRPCG Starting Iteration 29
rdots 945.511      iteration    28
DRPCG end of iteration 29
  Residual norm (29) = 30.74916129352545
  Norm reduction (29) = 0.004047201756792951

  Quadratic cost function: J   (29) = 478671.6966448973
  Quadratic cost function: Jb  (29) = 91202.67069735106
  Quadratic cost function: JoJc(29) = 387469.0259475463

 DRPCG Starting Iteration 30
OOPS_STATS DRPCG iteration 30                       - Runtime:   317.35 sec,  Local Memory:     7.26 GB
rdots 655.668      iteration    29
DRPCG end of iteration 30
  Residual norm (30) = 25.60601838010157
  Norm reduction (30) = 0.0033702617636677

  Quadratic cost function: J   (30) = 478661.0305785652
  Quadratic cost function: Jb  (30) = 91244.46587033095
  Quadratic cost function: JoJc(30) = 387416.5647082343

 DRPCG Starting Iteration 31
rdots 469.026      iteration    30
DRPCG end of iteration 31
  Residual norm (31) = 21.65701328482549
  Norm reduction (31) = 0.002850494079384521

  Quadratic cost function: J   (31) = 478653.1391258962
  Quadratic cost function: Jb  (31) = 91276.69449515473
  Quadratic cost function: JoJc(31) = 387376.4446307414

 DRPCG Starting Iteration 32
rdots 350.504      iteration    31
DRPCG end of iteration 32
  Residual norm (32) = 18.7217453199048
  Norm reduction (32) = 0.002464154382152309

  Quadratic cost function: J   (32) = 478647.5324943007
  Quadratic cost function: Jb  (32) = 91300.53346221051
  Quadratic cost function: JoJc(32) = 387346.9990320902

 DRPCG Starting Iteration 33
rdots 257.986      iteration    32
DRPCG end of iteration 33
  Residual norm (33) = 16.06193385106448
  Norm reduction (33) = 0.002114070243379549

  Quadratic cost function: J   (33) = 478643.545234415
  Quadratic cost function: Jb  (33) = 91318.14898208006
  Quadratic cost function: JoJc(33) = 387325.3962523349

 DRPCG Starting Iteration 34
rdots 186.618      iteration    33
DRPCG end of iteration 34
  Residual norm (34) = 13.66080650601787
  Norm reduction (34) = 0.001798034084981874

  Quadratic cost function: J   (34) = 478640.7281249389
  Quadratic cost function: Jb  (34) = 91331.05200303005
  Quadratic cost function: JoJc(34) = 387309.6761219088

 DRPCG Starting Iteration 35
OOPS_STATS DRPCG iteration 35                       - Runtime:   349.08 sec,  Local Memory:     7.26 GB
rdots 128.715      iteration    34
DRPCG end of iteration 35
  Residual norm (35) = 11.34527148344712
  Norm reduction (35) = 0.001493263580127904

  Quadratic cost function: J   (35) = 478638.5800031936
  Quadratic cost function: Jb  (35) = 91341.24318977632
  Quadratic cost function: JoJc(35) = 387297.3368134173

 DRPCG Starting Iteration 36
rdots 90.2912      iteration    35
DRPCG end of iteration 36
  Residual norm (36) = 9.502167765296754
  Norm reduction (36) = 0.001250674439733351

  Quadratic cost function: J   (36) = 478637.0377922141
  Quadratic cost function: Jb  (36) = 91348.8193356293
  Quadratic cost function: JoJc(36) = 387288.2184565848

 DRPCG Starting Iteration 37
rdots 65.7941      iteration    36
DRPCG end of iteration 37
  Residual norm (37) = 8.111356487129418
  Norm reduction (37) = 0.001067615988329295

  Quadratic cost function: J   (37) = 478635.9483716383
  Quadratic cost function: Jb  (37) = 91354.35410049112
  Quadratic cost function: JoJc(37) = 387281.5942711472

 DRPCG Starting Iteration 38
rdots 46.8092      iteration    37
DRPCG end of iteration 38
  Residual norm (38) = 6.841726270994057
  Norm reduction (38) = 0.0009005073770676802

  Quadratic cost function: J   (38) = 478635.1698379372
  Quadratic cost function: Jb  (38) = 91358.4395248253
  Quadratic cost function: JoJc(38) = 387276.7303131119

DRPCG: Achieved required reduction in residual norm.
OOPS_STATS DRPCG end                                - Runtime:   374.38 sec,  Local Memory:     7.26 GB
DRPCGMinimizer: reduction in residual norm = 0.000900507
DRPCGMinimizer output increment:
  Valid time: 2026-05-26T18:00:00Z
  Resolution: nCellsGlobal = 2341818, nFields = 12
Fld=1  Min=-0.00888762, Max=0.0109632, RMS=9.04667e-05 : water_vapor_mixing_ratio_wrt_moist_air
Fld=2  Min=-146.659, Max=97.0666, RMS=2.54587 : air_pressure_at_surface
Fld=3  Min=-11.4312, Max=8.51552, RMS=0.0950734 : air_temperature
Fld=4  Min=-29.4539, Max=20.555, RMS=0.358547 : northward_wind
Fld=5  Min=-45.4771, Max=33.2026, RMS=0.385044 : eastward_wind
Fld=6  Min=-0.0040386, Max=0.00726803, RMS=2.10204e-05 : cloud_liquid_water
Fld=7  Min=-0.0016667, Max=0.00202629, RMS=3.64669e-06 : cloud_liquid_ice
Fld=8  Min=-0.0100702, Max=0.00598064, RMS=4.29295e-05 : rain_water
Fld=9  Min=-0.00535404, Max=0.00586879, RMS=5.55733e-05 : snow_water
Fld=10  Min=-0.00767144, Max=0.00850085, RMS=3.303e-05 : graupel
Fld=11  Min=-75.8338, Max=78.7442, RMS=2.29446 : equivalent_reflectivity_factor
Fld=12  Min=0, Max=0, RMS=0 : upward_air_velocity
CostFunction::addIncrement: First guess:
  Valid time: 2026-05-26T18:00:00Z
  Resolution: nCellsGlobal = 2341818, nFields = 35
Fld=1  Min=0, Max=0.0220025, RMS=0.00623122 : water_vapor_mixing_ratio_wrt_moist_air
Fld=2  Min=63169.6, Max=102646, RMS=96417.3 : air_pressure_at_surface
Fld=3  Min=187.363, Max=308.828, RMS=260.698 : air_temperature
Fld=4  Min=-58.9957, Max=52.7846, RMS=9.02988 : northward_wind
Fld=5  Min=-29.2284, Max=69.502, RMS=11.9333 : eastward_wind
Fld=6  Min=271.067, Max=643.6, RMS=356.335 : air_potential_temperature
Fld=7  Min=0.0385715, Max=1.27205, RMS=0.779969 : dry_air_density
Fld=8  Min=-68.4302, Max=68.3589, RMS=10.6596 : u
Fld=9  Min=0, Max=0.0224975, RMS=0.0063077 : water_vapor_mixing_ratio_wrt_dry_air
Fld=10  Min=2452.98, Max=102535, RMS=64251.8 : air_pressure
Fld=11  Min=0, Max=1, RMS=0.790008 : landmask
Fld=12  Min=0, Max=1, RMS=0.0549909 : seaice_fraction
Fld=13  Min=0, Max=1, RMS=0.0612554 : snowc
Fld=14  Min=268.28, Max=319.397, RMS=297.228 : skin_temperature_at_surface
Fld=15  Min=1, Max=19, RMS=12.7664 : ivgtyp
Fld=16  Min=1, Max=16, RMS=9.97061 : isltyp
Fld=17  Min=0, Max=7.5, RMS=0.167565 : snowh
Fld=18  Min=0, Max=0.913573, RMS=0.398611 : vegetation_area_fraction
Fld=19  Min=263.517, Max=309.41, RMS=294.575 : air_temperature_at_2m
Fld=20  Min=0.00100375, Max=0.0221634, RMS=0.0116866 : water_vapor_mixing_ratio_wrt_moist_air_at_2m
Fld=21  Min=-27.8728, Max=22.2343, RMS=4.04967 : eastward_wind_at_10m
Fld=22  Min=-16.1045, Max=26.7354, RMS=4.81377 : northward_wind_at_10m
Fld=23  Min=0, Max=6.53935, RMS=1.5735 : lai
Fld=24  Min=0.00200001, Max=1, RMS=0.634982 : smois
Fld=25  Min=262.283, Max=322.363, RMS=292.177 : tslb
Fld=26  Min=-882.56, Max=5992.12, RMS=3058.35 : pressure_p
Fld=27  Min=0, Max=0.00809873, RMS=4.74083e-05 : cloud_liquid_water
Fld=28  Min=0, Max=0.00400354, RMS=1.06253e-05 : cloud_liquid_ice
Fld=29  Min=0, Max=0.0236138, RMS=3.5634e-05 : graupel
Fld=30  Min=0, Max=0.0126541, RMS=5.46513e-05 : rain_water
Fld=31  Min=0, Max=0.00574839, RMS=7.37059e-05 : snow_water
Fld=32  Min=0, Max=1, RMS=0.215481 : cldfrac
Fld=33  Min=0, Max=72.1913, RMS=4.16464 : equivalent_reflectivity_factor
Fld=34  Min=-10.598, Max=35.4564, RMS=0.162546 : w
Fld=35  Min=0, Max=0, RMS=0 : upward_air_velocity
CostFunction::addIncrement: Increment:
  Valid time: 2026-05-26T18:00:00Z
  Resolution: nCellsGlobal = 2341818, nFields = 12
Fld=1  Min=-0.00888762, Max=0.0109632, RMS=9.04667e-05 : water_vapor_mixing_ratio_wrt_moist_air
Fld=2  Min=-146.659, Max=97.0666, RMS=2.54587 : air_pressure_at_surface
Fld=3  Min=-11.4312, Max=8.51552, RMS=0.0950734 : air_temperature
Fld=4  Min=-29.4539, Max=20.555, RMS=0.358547 : northward_wind
Fld=5  Min=-45.4771, Max=33.2026, RMS=0.385044 : eastward_wind
Fld=6  Min=-0.0040386, Max=0.00726803, RMS=2.10204e-05 : cloud_liquid_water
Fld=7  Min=-0.0016667, Max=0.00202629, RMS=3.64669e-06 : cloud_liquid_ice
Fld=8  Min=-0.0100702, Max=0.00598064, RMS=4.29295e-05 : rain_water
Fld=9  Min=-0.00535404, Max=0.00586879, RMS=5.55733e-05 : snow_water
Fld=10  Min=-0.00767144, Max=0.00850085, RMS=3.303e-05 : graupel
Fld=11  Min=-75.8338, Max=78.7442, RMS=2.29446 : equivalent_reflectivity_factor
Fld=12  Min=0, Max=0, RMS=0 : upward_air_velocity
CostFunction::addIncrement: Analysis: 
  Valid time: 2026-05-26T18:00:00Z
  Resolution: nCellsGlobal = 2341818, nFields = 35
Fld=1  Min=0, Max=0.0220025, RMS=0.00623068 : water_vapor_mixing_ratio_wrt_moist_air
Fld=2  Min=63169.6, Max=102646, RMS=96417.3 : air_pressure_at_surface
Fld=3  Min=186.793, Max=308.828, RMS=260.699 : air_temperature
Fld=4  Min=-58.9957, Max=52.7846, RMS=9.03457 : northward_wind
Fld=5  Min=-29.3029, Max=72.3802, RMS=11.9331 : eastward_wind
Fld=6  Min=271.067, Max=644.65, RMS=356.336 : air_potential_temperature
Fld=7  Min=0.0383585, Max=1.27205, RMS=0.779969 : dry_air_density
Fld=8  Min=-72.2649, Max=69.1294, RMS=10.6611 : u
Fld=9  Min=0, Max=0.0224975, RMS=0.00630717 : water_vapor_mixing_ratio_wrt_dry_air
Fld=10  Min=2452.98, Max=102535, RMS=64251.8 : air_pressure
Fld=11  Min=0, Max=1, RMS=0.790008 : landmask
Fld=12  Min=0, Max=1, RMS=0.0549909 : seaice_fraction
Fld=13  Min=0, Max=1, RMS=0.0612554 : snowc
Fld=14  Min=268.28, Max=319.397, RMS=297.228 : skin_temperature_at_surface
Fld=15  Min=1, Max=19, RMS=12.7664 : ivgtyp
Fld=16  Min=1, Max=16, RMS=9.97061 : isltyp
Fld=17  Min=0, Max=7.5, RMS=0.167565 : snowh
Fld=18  Min=0, Max=0.913573, RMS=0.398611 : vegetation_area_fraction
Fld=19  Min=263.554, Max=309.41, RMS=294.577 : air_temperature_at_2m
Fld=20  Min=0.00100375, Max=0.0221639, RMS=0.0116858 : water_vapor_mixing_ratio_wrt_moist_air_at_2m
Fld=21  Min=-27.8728, Max=22.2343, RMS=4.04967 : eastward_wind_at_10m
Fld=22  Min=-16.1045, Max=26.7354, RMS=4.81377 : northward_wind_at_10m
Fld=23  Min=0, Max=6.53935, RMS=1.5735 : lai
Fld=24  Min=0.00200001, Max=1, RMS=0.634982 : smois
Fld=25  Min=262.283, Max=322.363, RMS=292.177 : tslb
Fld=26  Min=-903.864, Max=5982.7, RMS=3058.34 : pressure_p
Fld=27  Min=0, Max=0.00799937, RMS=4.71902e-05 : cloud_liquid_water
Fld=28  Min=0, Max=0.00343468, RMS=1.06697e-05 : cloud_liquid_ice
Fld=29  Min=0, Max=0.0184936, RMS=3.07528e-05 : graupel
Fld=30  Min=0, Max=0.0103324, RMS=4.69737e-05 : rain_water
Fld=31  Min=0, Max=0.00587113, RMS=8.1192e-05 : snow_water
Fld=32  Min=0, Max=1, RMS=0.215481 : cldfrac
Fld=33  Min=0, Max=83.4545, RMS=3.75928 : equivalent_reflectivity_factor
Fld=34  Min=-10.598, Max=35.4564, RMS=0.162546 : w
Fld=35  Min=0, Max=0, RMS=0 : upward_air_velocity
OOPS_STATS IncrementalAssimilation end              - Runtime:   374.67 sec,  Local Memory:     7.26 GB
Variational: incremental assimilation done 1 iterations.
QC refl10cm equivalentReflectivityFactor: 136299 H(x) failed.
QC refl10cm equivalentReflectivityFactor: 8 rejected by first-guess check.
QC refl10cm equivalentReflectivityFactor: 3746799 passed out of 3883106 observations.
ObsErrorDiagonal covariance updated 3746799
Observer::finalize QC = 
refl10cm equivalentReflectivityFactor nlocs = 3883106, nobs = 3883106, min = 0, max = 19, avg = 0
Jo Observations:
Jo Obs :refl10cm:equivalentReflectivityFactor   : Nobs=  3746799, Min= 0.000000e+00, Max= 5.843362e+01, RMS= 4.504111e+00
Jo Observations Equivalent:
Jo H(x):refl10cm:equivalentReflectivityFactor   : Nobs=  3746799, Min= 0.000000e+00, Max= 5.929362e+01, RMS= 3.809518e+00
Jo Bias Corrected Departures:
Jo Dep :refl10cm:equivalentReflectivityFactor   : Nobs=  3746799, Min=-5.250304e+01, Max= 4.885760e+01, RMS= 2.282270e+00
Jo Observations Errors:
UFO Diagonal observation error covariance, inverse variances: refl10cm nobs= 3746799 Min=0.04, Max=0.04, RMS=0.04



CostJo   : Nonlinear Jo(refl10cm) = 390323, nobs = 3746799, Jo/n = 0.104175, err = 5
CostJo   : Nonlinear Jo = 390323
Increment:diff x1 2
Increment:diff x2 1
CostJb: FG-BG
  Valid time: 2026-05-26T18:00:00Z
  Resolution: nCellsGlobal = 2341818, nFields = 12
Fld=1  Min=-0.00888762, Max=0.0109632, RMS=9.01884e-05 : water_vapor_mixing_ratio_wrt_moist_air
Fld=2  Min=-146.659, Max=97.0666, RMS=2.54587 : air_pressure_at_surface
Fld=3  Min=-11.4312, Max=8.51552, RMS=0.0950734 : air_temperature
Fld=4  Min=-29.4539, Max=20.555, RMS=0.358547 : northward_wind
Fld=5  Min=-45.4771, Max=33.2026, RMS=0.385044 : eastward_wind
Fld=6  Min=-0.00221271, Max=0.00726803, RMS=1.76441e-05 : cloud_liquid_water
Fld=7  Min=-0.00154597, Max=0.00202629, RMS=3.33512e-06 : cloud_liquid_ice
Fld=8  Min=-0.00952104, Max=0.00598064, RMS=3.22064e-05 : rain_water
Fld=9  Min=-0.00386732, Max=0.00586879, RMS=5.25584e-05 : snow_water
Fld=10  Min=-0.00724485, Max=0.00850085, RMS=2.69193e-05 : graupel
Fld=11  Min=-71.9385, Max=78.7442, RMS=2.22847 : equivalent_reflectivity_factor
Fld=12  Min=0, Max=0, RMS=0 : upward_air_velocity
CostFunction: Nonlinear J = 390323
OOPS_STATS Variational end                          - Runtime:   379.71 sec,  Local Memory:     7.26 GB
==> destruct MPAS corelist and domain:  0
Tried to erase key "mesh[address=0x350d440],halo[size=0]" from cache "NodeColumnsHaloExchangeCache" but it was not found.
Erased key "mesh[address=0x350d440],halo[size=1]" from cache "NodeColumnsHaloExchangeCache".
==> destruct MPAS corelist and domain:  1
refl10cm: save database to jdiag_mrms_refl.nc (io pool size: 4)
QC refl10cm equivalentReflectivityFactor: 136299 H(x) failed.
QC refl10cm equivalentReflectivityFactor: 8 rejected by first-guess check.
QC refl10cm equivalentReflectivityFactor: 3746799 passed out of 3883106 observations.
Erased key "mesh[address=0x6976ea0]" from cache "NodeColumnsGatherScatterCache".
Tried to erase key "mesh[address=0x6976ea0],halo[size=0]" from cache "NodeColumnsHaloExchangeCache" but it was not found.
Erased key "mesh[address=0x6976ea0],halo[size=1]" from cache "NodeColumnsHaloExchangeCache".

Run: Finishing oops::Variational<MPAS, UFO and IODA observations>
OOPS_STATS  
OOPS_STATS ----------------------------------------------------------------------------------
OOPS_STATS --------------------------- Object counts ----------------------------------------
OOPS_STATS ----------------------------------------------------------------------------------
OOPS_STATS                                      Total  Simult. Remain    Avg (Mb)    HWM (Mb)
OOPS_STATS ioda::ObsDataVector             :        8       5        
OOPS_STATS ioda::ObsVector                 :       96       8        
OOPS_STATS mpas::Geometry                  :        2       2        
OOPS_STATS mpas::Increment                 :     2774     123        
OOPS_STATS mpas::LinVarChaModel2GeoVars    :        1       1        
OOPS_STATS mpas::ModelBias                 :        4       3        
OOPS_STATS mpas::ModelBiasCovariance       :        1       1        
OOPS_STATS mpas::State                     :       75      34        
OOPS_STATS mpas::VarChaModel2GeoVars       :        3       1        
OOPS_STATS oops::ControlIncrement          :      170      90               15.22     1369.84
OOPS_STATS oops::ControlVariable           :        4       3        
OOPS_STATS oops::Diffusion                 :        1       1        
OOPS_STATS oops::EnsembleCovariance        :        1       1             3543.80     3543.80
OOPS_STATS oops::GeoVaLs                   :       80       1        
OOPS_STATS oops::Geometry                  :        2       2        
OOPS_STATS oops::GetValues                 :        3       2        
OOPS_STATS oops::Increment                 :     2696     123               15.02     1872.11
OOPS_STATS oops::LinearObsOperator         :        1       1        
OOPS_STATS oops::LocalInterpolator         :     2400    1600        
OOPS_STATS oops::Localization              :        1       1        
OOPS_STATS oops::ModelAuxControl           :        4       3        
OOPS_STATS oops::ModelAuxCovariance        :        1       1        
OOPS_STATS oops::ModelAuxIncrement         :      170      90        
OOPS_STATS oops::ObsAuxControl             :        4       3        
OOPS_STATS oops::ObsAuxCovariance          :        1       1        
OOPS_STATS oops::ObsAuxIncrement           :      170      90        
OOPS_STATS oops::ObsAuxIncrements          :      170      90        
OOPS_STATS oops::ObsAuxPreconditioner      :        2       2        
OOPS_STATS oops::ObsDataVector             :        4       4        
OOPS_STATS oops::ObsDiagnostics            :        2       1        
OOPS_STATS oops::ObsError                  :        1       1        
OOPS_STATS oops::ObsOperator               :        2       2        
OOPS_STATS oops::ObsSpace                  :        1       1        
OOPS_STATS oops::ObsSpaces                 :        1       1        
OOPS_STATS oops::ObsVector                 :       96       7                0.04        0.23
OOPS_STATS oops::SampledLocations          :        8       4        
OOPS_STATS oops::State                     :       72      34               21.39      702.08
OOPS_STATS oops::UnstructuredInterpolator  :     2400    1600        
OOPS_STATS oops::VariableChange            :        3       1        
OOPS_STATS ufo::BackgroundCheck            :        1       1        
OOPS_STATS ufo::FinalCheck                 :        2       2        
OOPS_STATS ufo::GeoVaLs                    :       83       2        
OOPS_STATS ufo::ObsBias                    :        4       3        
OOPS_STATS ufo::ObsBiasCovariance          :        1       1        
OOPS_STATS ufo::ObsBiasPreconditioner      :        1       1        
OOPS_STATS ufo::ObsFilter                  :        9       6        
OOPS_STATS ufo::ObsFilterData              :        3       3        
OOPS_STATS ufo::ObsVertInterp              :        2       2        
OOPS_STATS ufo::ObsVertInterpTLAD          :        1       1        
OOPS_STATS ufo::SampledLocations           :        4       3        
OOPS_STATS ----------------------------- Object counts --------------------------------------
OOPS_STATS  
OOPS_STATS --------------------------------------------------------------------------------------------
OOPS_STATS ------------------------------------ Timing Statistics -------------------------------------
OOPS_STATS --------------------------------------------------------------------------------------------
OOPS_STATS Name                                                :   total (ms)   count    time/call (ms)
OOPS_STATS ObsFilter::Background Check::ObsFilter              :         0.17       1            0.1689
OOPS_STATS ObsFilter::Background Check::postFilter             :        22.38       1           22.3763
OOPS_STATS ObsFilter::Background Check::preProcess             :         0.01       1            0.0058
OOPS_STATS ObsFilter::Background Check::priorFilter            :         0.02       1            0.0228
OOPS_STATS ObsFilter::Final Check::ObsFilter                   :         0.01       2            0.0059
OOPS_STATS ObsFilter::Final Check::postFilter                  :         0.05       2            0.0233
OOPS_STATS ObsFilter::Final Check::preProcess                  :         0.00       2            0.0003
OOPS_STATS ObsFilter::Final Check::priorFilter                 :         0.00       2            0.0013
OOPS_STATS ObsFilter::QCmanager::ObsFilter                     :         0.24       2            0.1213
OOPS_STATS ObsFilter::QCmanager::postFilter                    :         0.22       2            0.1094
OOPS_STATS ObsFilter::QCmanager::preProcess                    :         0.00       2            0.0002
OOPS_STATS ObsFilter::QCmanager::priorFilter                   :         0.00       2            0.0001
OOPS_STATS ioda::ObsSpace::get_db(DateTime)                    :         0.72       4            0.1805
OOPS_STATS ioda::ObsSpace::get_db(double)                      :         0.28       5            0.0557
OOPS_STATS ioda::ObsSpace::get_db(float)                       :         0.69      12            0.0572
OOPS_STATS ioda::ObsSpace::load                                :       683.61       1          683.6136
OOPS_STATS ioda::ObsSpace::put_db(double)                      :         0.29       6            0.0479
OOPS_STATS ioda::ObsSpace::put_db(float)                       :         0.08       2            0.0406
OOPS_STATS ioda::ObsSpace::put_db(int)                         :         0.50       2            0.2516
OOPS_STATS mpas::LinVarChaModel2GeoVars::LinVarChaModel2GeoVar :         2.78       1            2.7793
OOPS_STATS mpas::LinVarChaModel2GeoVars::changeVarAD           :       809.27      39           20.7506
OOPS_STATS mpas::LinVarChaModel2GeoVars::changeVarTL           :       136.39      38            3.5893
OOPS_STATS mpas::LinVarChaModel2GeoVars::~LinVarChaModel2GeoVa :         0.03       1            0.0339
OOPS_STATS mpas::VarChaModel2GeoVars::VarChaModel2GeoVars      :         0.05       3            0.0178
OOPS_STATS mpas::VarChaModel2GeoVars::changeVar                :        12.65       3            4.2156
OOPS_STATS mpas::VarChaModel2GeoVars::~VarChaModel2GeoVars     :         0.01       3            0.0020
OOPS_STATS oops::Covariance::EnsembleCovariance                :     76862.22       1        76862.2249
OOPS_STATS oops::Covariance::ensemble::Constructor             :         0.01       1            0.0059
OOPS_STATS oops::Covariance::ensemble::multiply                :    215765.84      39         5532.4574
OOPS_STATS oops::Diffusion::Diffusion                          :         0.00       1            0.0001
OOPS_STATS oops::Diffusion::calculateDerivedGeom               :         1.93       1            1.9317
OOPS_STATS oops::Diffusion::multiplySqrtAD                     :     54010.88    1170           46.1631
OOPS_STATS oops::Diffusion::multiplySqrtTL                     :     45626.39    1170           38.9969
OOPS_STATS oops::Diffusion::setParameters                      :         5.48       1            5.4796
OOPS_STATS oops::GeoVaLs::GeoVaLs                              :        17.53      80            0.2191
OOPS_STATS oops::GeoVaLs::fill                                 :        28.13   27412            0.0010
OOPS_STATS oops::GeoVaLs::fillAD                               :        22.97   24297            0.0009
OOPS_STATS oops::GeoVaLs::~GeoVaLs                             :         0.45      80            0.0056
OOPS_STATS oops::Geometry::Geometry                            :     52423.45       2        26211.7244
OOPS_STATS oops::Geometry::variableSizes                       :         4.43      11            0.4023
OOPS_STATS oops::Geometry::~Geometry                           :       372.23       2          186.1164
OOPS_STATS oops::GeometryData::containingTriangleAndBarycentri :        43.97   20409            0.0022
OOPS_STATS oops::GeometryData::setGlobalTree                   :      1808.49       2          904.2468
OOPS_STATS oops::GeometryData::setLocalTree                    :         3.15       2            1.5775
OOPS_STATS oops::GeometryData::setMeshAndTriangulation         :         0.28       2            0.1386
OOPS_STATS oops::GetValues::GetValues                          :       330.11       3          110.0355
OOPS_STATS oops::GetValues::fillGeoVaLs                        :        54.91       3           18.3044
OOPS_STATS oops::GetValues::fillGeoVaLsAD                      :       111.96      39            2.8708
OOPS_STATS oops::GetValues::fillGeoVaLsTL                      :       719.15      38           18.9251
OOPS_STATS oops::GetValues::finalize                           :        13.07       3            4.3577
OOPS_STATS oops::GetValues::finalizeAD                         :       609.67      39           15.6326
OOPS_STATS oops::GetValues::finalizeTL                         :        95.32      38            2.5083
OOPS_STATS oops::GetValues::initialize                         :         2.06       3            0.6879
OOPS_STATS oops::GetValues::initializeAD                       :         4.69      39            0.1203
OOPS_STATS oops::GetValues::initializeTL                       :        17.54      38            0.4615
OOPS_STATS oops::GetValues::process                            :        16.40       3            5.4664
OOPS_STATS oops::GetValues::processAD                          :       119.95      39            3.0757
OOPS_STATS oops::GetValues::processTL                          :       126.17      38            3.3204
OOPS_STATS oops::Increment::Increment                          :     28404.46    2696           10.5358
OOPS_STATS oops::Increment::axpy                               :      5070.13     817            6.2058
OOPS_STATS oops::Increment::diff                               :       385.31      33           11.6761
OOPS_STATS oops::Increment::dot_product_with                   :      7641.59     897            8.5190
OOPS_STATS oops::Increment::fromFieldSet                       :     10467.76    1209            8.6582
OOPS_STATS oops::Increment::operator*=                         :       231.48     115            2.0128
OOPS_STATS oops::Increment::operator+=                         :     10657.06    1353            7.8766
OOPS_STATS oops::Increment::operator+=(State, Increment)       :        59.05       1           59.0471
OOPS_STATS oops::Increment::operator-=                         :       149.76      30            4.9921
OOPS_STATS oops::Increment::operator=                          :      6100.98    1492            4.0891
OOPS_STATS oops::Increment::print                              :     22292.13    1177           18.9398
OOPS_STATS oops::Increment::schur_product_with                 :     11746.50    2340            5.0199
OOPS_STATS oops::Increment::serialSize                         :         4.64     170            0.0273
OOPS_STATS oops::Increment::toFieldSet                         :      9732.46    1247            7.8047
OOPS_STATS oops::Increment::zero                               :       136.91     118            1.1602
OOPS_STATS oops::Increment::~Increment                         :       152.38    2696            0.0565
OOPS_STATS oops::LinearObsOper::refl10cm::LinearObsOperator    :         0.55       1            0.5547
OOPS_STATS oops::LinearObsOper::refl10cm::requiredVars         :         0.10      79            0.0012
OOPS_STATS oops::LinearObsOper::refl10cm::setTrajectory        :         0.89       1            0.8941
OOPS_STATS oops::LinearObsOper::refl10cm::simulateObsAD        :         3.90      39            0.0999
OOPS_STATS oops::LinearObsOper::refl10cm::simulateObsTL        :         6.81      38            0.1792
OOPS_STATS oops::LinearObsOper::refl10cm::~LinearObsOperator   :         0.55       1            0.5539
OOPS_STATS oops::LinearVariableChange::LinearVariableChange    :         0.04       1            0.0354
OOPS_STATS oops::LinearVariableChange::changeVarAD             :      1468.00      39           37.6410
OOPS_STATS oops::LinearVariableChange::changeVarTL             :       589.91      38           15.5240
OOPS_STATS oops::LinearVariableChange::changeVarTraj           :         2.80       1            2.7952
OOPS_STATS oops::LinearVariableChange::~LinearVariableChange   :         0.05       1            0.0495
OOPS_STATS oops::LocalInterpolator::LocalInterpolator          :        50.86    2400            0.0212
OOPS_STATS oops::LocalInterpolator::apply                      :        15.12    2400            0.0063
OOPS_STATS oops::LocalInterpolator::applyAD                    :       104.31   31200            0.0033
OOPS_STATS oops::LocalInterpolator::applyTL                    :       110.61   30400            0.0036
OOPS_STATS oops::LocalInterpolator::preprocess                 :      1295.97      41           31.6091
OOPS_STATS oops::LocalInterpolator::preprocessAD               :        36.24      39            0.9293
OOPS_STATS oops::LocalInterpolator::~LocalInterpolator         :         1.30    2400            0.0005
OOPS_STATS oops::Localization::Localization                    :      7888.80       1         7888.8009
OOPS_STATS oops::Localization::multiply                        :    173958.11    1170          148.6821
OOPS_STATS oops::Localization::~Localization                   :         0.34       1            0.3353
OOPS_STATS oops::ModelAuxControl::ModelAuxControl              :         0.01       4            0.0016
OOPS_STATS oops::ModelAuxControl::print                        :         0.00       3            0.0008
OOPS_STATS oops::ModelAuxControl::~ModelAuxControl             :         0.01       4            0.0015
OOPS_STATS oops::ModelAuxCovariance::ModelAuxCovariance        :         0.00       1            0.0031
OOPS_STATS oops::ModelAuxCovariance::linearize                 :         0.00       1            0.0001
OOPS_STATS oops::ModelAuxCovariance::multiply                  :         0.01      39            0.0002
OOPS_STATS oops::ModelAuxCovariance::~ModelAuxCovariance       :         0.00       1            0.0005
OOPS_STATS oops::ModelAuxIncrement::ModelAuxIncrement          :         0.15     170            0.0009
OOPS_STATS oops::ModelAuxIncrement::axpy                       :         0.37     817            0.0005
OOPS_STATS oops::ModelAuxIncrement::diff                       :         0.00       3            0.0003
OOPS_STATS oops::ModelAuxIncrement::dot_product_with           :         0.24     897            0.0003
OOPS_STATS oops::ModelAuxIncrement::operator*=                 :         0.04      75            0.0005
OOPS_STATS oops::ModelAuxIncrement::operator+=                 :         0.06     114            0.0005
OOPS_STATS oops::ModelAuxIncrement::operator+=ModelAuxControl  :         0.00       1            0.0002
OOPS_STATS oops::ModelAuxIncrement::operator=                  :         0.01      42            0.0003
OOPS_STATS oops::ModelAuxIncrement::print                      :         0.00       7            0.0006
OOPS_STATS oops::ModelAuxIncrement::serialSize                 :         0.01     170            0.0001
OOPS_STATS oops::ModelAuxIncrement::zero                       :         0.01      39            0.0003
OOPS_STATS oops::ModelAuxIncrement::~ModelAuxIncrement         :         0.03     170            0.0002
OOPS_STATS oops::ObsAuxControl::ObsAuxControl                  :         0.32       4            0.0805
OOPS_STATS oops::ObsAuxControl::print                          :         0.00       3            0.0007
OOPS_STATS oops::ObsAuxControl::requiredHdiagnostics           :         0.00       2            0.0001
OOPS_STATS oops::ObsAuxControl::requiredVars                   :         0.00       6            0.0002
OOPS_STATS oops::ObsAuxControl::write                          :         0.03       1            0.0267
OOPS_STATS oops::ObsAuxControl::~ObsAuxControl                 :         0.01       4            0.0026
OOPS_STATS oops::ObsAuxCovariance::ObsAuxCovariance            :         0.09       1            0.0944
OOPS_STATS oops::ObsAuxCovariance::inverseMultiply             :         0.04      39            0.0010
OOPS_STATS oops::ObsAuxCovariance::linearize                   :         0.01       1            0.0145
OOPS_STATS oops::ObsAuxCovariance::multiply                    :         0.20      39            0.0052
OOPS_STATS oops::ObsAuxCovariance::preconditioner              :         0.04       1            0.0369
OOPS_STATS oops::ObsAuxCovariance::write                       :         0.02       1            0.0206
OOPS_STATS oops::ObsAuxCovariance::~ObsAuxCovariance           :         0.00       1            0.0017
OOPS_STATS oops::ObsAuxIncrement::ObsAuxIncrement              :         0.79     170            0.0046
OOPS_STATS oops::ObsAuxIncrement::axpy                         :         0.92     817            0.0011
OOPS_STATS oops::ObsAuxIncrement::diff                         :         0.01       3            0.0043
OOPS_STATS oops::ObsAuxIncrement::dot_product_with             :         0.48     897            0.0005
OOPS_STATS oops::ObsAuxIncrement::operator*=                   :         0.13      75            0.0018
OOPS_STATS oops::ObsAuxIncrement::operator+=                   :         0.16     114            0.0014
OOPS_STATS oops::ObsAuxIncrement::operator=                    :         0.03      42            0.0008
OOPS_STATS oops::ObsAuxIncrement::print                        :         0.01       7            0.0013
OOPS_STATS oops::ObsAuxIncrement::serialSize                   :         0.01     340            0.0000
OOPS_STATS oops::ObsAuxIncrement::zero                         :         0.06      39            0.0015
OOPS_STATS oops::ObsAuxIncrement::~ObsAuxIncrement             :         0.20     170            0.0012
OOPS_STATS oops::ObsAuxPreconditioner::multiply                :         0.03      39            0.0008
OOPS_STATS oops::ObsAuxPreconditioner::~ObsAuxPreconditioner   :         0.00       2            0.0008
OOPS_STATS oops::ObsDataVector::ObsDataVector                  :         0.12       4            0.0298
OOPS_STATS oops::ObsDataVector::mask                           :         0.01       2            0.0038
OOPS_STATS oops::ObsDataVector::operator=                      :         0.02       2            0.0076
OOPS_STATS oops::ObsDataVector::print                          :         3.14       2            1.5723
OOPS_STATS oops::ObsDataVector::save                           :         0.60       4            0.1505
OOPS_STATS oops::ObsDataVector::~ObsDataVector                 :         0.15       4            0.0386
OOPS_STATS oops::ObsDiagnostics::ObsDiagnostics                :         0.06       2            0.0312
OOPS_STATS oops::ObsDiagnostics::~ObsDiagnostics               :         0.02       2            0.0076
OOPS_STATS oops::ObsError::getRMSE                             :         0.87       4            0.2167
OOPS_STATS oops::ObsError::inverseMultiply                     :         0.37      40            0.0093
OOPS_STATS oops::ObsError::obserrors                           :         0.15       6            0.0253
OOPS_STATS oops::ObsError::update                              :        17.96       2            8.9788
OOPS_STATS oops::ObsError::~ObsError                           :         0.01       1            0.0083
OOPS_STATS oops::ObsOperator::refl10cm::ObsOperator            :         2.10       2            1.0514
OOPS_STATS oops::ObsOperator::refl10cm::computeReducedVars     :         0.09       3            0.0296
OOPS_STATS oops::ObsOperator::refl10cm::locations              :         1.57       3            0.5232
OOPS_STATS oops::ObsOperator::refl10cm::requiredVars           :         0.00       3            0.0015
OOPS_STATS oops::ObsOperator::refl10cm::simulateObs            :         1.24       2            0.6215
OOPS_STATS oops::ObsOperator::refl10cm::~ObsOperator           :         0.02       2            0.0115
OOPS_STATS oops::ObsSpace::ObsSpace                            :       686.51       1          686.5139
OOPS_STATS oops::ObsSpace::obsvariables                        :         0.00       3            0.0001
OOPS_STATS oops::ObsSpace::save                                :      2609.83       1         2609.8329
OOPS_STATS oops::ObsSpace::~ObsSpace                           :         0.67       1            0.6651
OOPS_STATS oops::ObsVector::ObsVector                          :         1.21      94            0.0129
OOPS_STATS oops::ObsVector::dot_product                        :         0.70       4            0.1739
OOPS_STATS oops::ObsVector::info                               :         1.32       6            0.2206
OOPS_STATS oops::ObsVector::operator*=                         :         0.01       2            0.0048
OOPS_STATS oops::ObsVector::operator-=                         :         0.02       2            0.0102
OOPS_STATS oops::ObsVector::operator=                          :         0.41       4            0.1019
OOPS_STATS oops::ObsVector::rms                                :         0.54       4            0.1357
OOPS_STATS oops::ObsVector::save                               :         0.31       6            0.0523
OOPS_STATS oops::ObsVector::zero                               :         0.04      40            0.0010
OOPS_STATS oops::ObsVector::~ObsVector                         :         0.20      94            0.0022
OOPS_STATS oops::Parameters::deserialize                       :         3.27      97            0.0337
OOPS_STATS oops::Parameters::serialize                         :         2.07      80            0.0258
OOPS_STATS oops::Run::execute                                  :    381966.06       1       381966.0582
OOPS_STATS oops::SampledLocations::SampledLocations            :         0.00       4            0.0003
OOPS_STATS oops::SampledLocations::latitudes                   :         0.00       3            0.0001
OOPS_STATS oops::SampledLocations::longitudes                  :         0.00       3            0.0000
OOPS_STATS oops::SampledLocations::times                       :         0.00       3            0.0000
OOPS_STATS oops::SampledLocations::~SampledLocations           :         0.43       8            0.0533
OOPS_STATS oops::State::State                                  :     70568.89      72          980.1234
OOPS_STATS oops::State::print                                  :       158.08       3           52.6948
OOPS_STATS oops::State::toFieldSet                             :        24.88       5            4.9769
OOPS_STATS oops::State::variables                              :         0.00      58            0.0001
OOPS_STATS oops::State::write                                  :      4636.58       1         4636.5850
OOPS_STATS oops::State::zero                                   :        69.72      30            2.3241
OOPS_STATS oops::State::~State                                 :         6.64      72            0.0922
OOPS_STATS oops::UnstructuredInterpolator::UnstructuredInterpo :        50.00    2400            0.0208
OOPS_STATS oops::UnstructuredInterpolator::apply               :       116.61   32800            0.0036
OOPS_STATS oops::UnstructuredInterpolator::applyAD             :        75.28   31200            0.0024
OOPS_STATS oops::VariableChange::VariableChange                :         0.27       3            0.0899
OOPS_STATS oops::VariableChange::changeVar                     :        18.49       3            6.1645
OOPS_STATS oops::VariableChange::~VariableChange               :         0.02       3            0.0069
OOPS_STATS oops::util::FieldSetHelpers::readFieldSet           :      7831.46       2         3915.7286
OOPS_STATS saber::Localization::Localization                   :      7888.79       1         7888.7905
OOPS_STATS saber::Localization::multiply                       :    163354.91    1170          139.6196
OOPS_STATS saber::Localization::~Localization                  :         0.00       1            0.0001
OOPS_STATS ufo::ObsFilter::ObsFilter                           :         0.43       5            0.0859
OOPS_STATS ufo::ObsFilter::checkFilterData                     :         0.01      15            0.0005
OOPS_STATS ufo::ObsFilter::postFilter                          :        22.65       5            4.5293
OOPS_STATS ufo::ObsFilter::preProcess                          :         0.01       5            0.0024
OOPS_STATS ufo::ObsFilter::priorFilter                         :         0.03       5            0.0062
OOPS_STATS ufo::ObsFilter::~ObsFilter                          :       153.22       9           17.0240
OOPS_STATS util::Timers::measured                              :    381507.41       1       381507.4106
OOPS_STATS ------------------------------------ Timing Statistics -------------------------------------

OOPS_STATS ------------------------------------------------------------------------------------------------------------------
OOPS_STATS ---------------------------------- Parallel Timing Statistics ( 800 MPI tasks) -----------------------------------
OOPS_STATS ------------------------------------------------------------------------------------------------------------------
OOPS_STATS Name                                                :     min (ms)    max (ms)    avg (ms)     % total   imbal (%)
OOPS_STATS oops::Covariance::EnsembleCovariance                :     76861.82    76862.98    76862.39       20.13        0.00
OOPS_STATS oops::Covariance::ensemble::multiply                :    215306.41   215870.05   215670.46       56.47        0.26
OOPS_STATS oops::Diffusion::multiplySqrtAD                     :     52650.93    55827.35    53778.39       14.08        5.91
OOPS_STATS oops::Diffusion::multiplySqrtTL                     :     42194.10    46742.99    45100.91       11.81       10.09
OOPS_STATS oops::Geometry::Geometry                            :     51334.24    52630.44    52520.10       13.75        2.47
OOPS_STATS oops::Geometry::~Geometry                           :       367.05      540.56      461.55        0.12       37.59
OOPS_STATS oops::GeometryData::setGlobalTree                   :      1808.49     1957.71     1890.25        0.49        7.89
OOPS_STATS oops::GetValues::fillGeoVaLsTL                      :       271.25      781.62      604.44        0.16       84.44
OOPS_STATS oops::GetValues::finalizeAD                         :       493.84      993.66      592.15        0.16       84.41
OOPS_STATS oops::Increment::Increment                          :     21799.40    30418.42    23828.44        6.24       36.17
OOPS_STATS oops::Increment::axpy                               :      4295.63     5605.37     4912.51        1.29       26.66
OOPS_STATS oops::Increment::dot_product_with                   :      7033.65     8902.48     8025.38        2.10       23.29
OOPS_STATS oops::Increment::fromFieldSet                       :      8808.20    12504.87     9849.59        2.58       37.53
OOPS_STATS oops::Increment::operator+=                         :      8116.82    11216.73     9566.34        2.50       32.40
OOPS_STATS oops::Increment::operator=                          :      3785.62     7476.94     5258.93        1.38       70.19
OOPS_STATS oops::Increment::print                              :     16687.54    36425.62    29567.88        7.74       66.76
OOPS_STATS oops::Increment::schur_product_with                 :      7861.51    14074.08    10969.37        2.87       56.64
OOPS_STATS oops::Increment::toFieldSet                         :      8347.45    14161.14    10190.01        2.67       57.05
OOPS_STATS oops::LinearVariableChange::changeVarAD             :      1073.74     2164.94     1549.78        0.41       70.41
OOPS_STATS oops::LinearVariableChange::changeVarTL             :       359.71     1108.83      836.10        0.22       89.60
OOPS_STATS oops::LocalInterpolator::preprocess                 :        57.69     1337.70     1289.36        0.34       99.27
OOPS_STATS oops::Localization::Localization                    :      7762.15     8088.91     7947.84        2.08        4.11
OOPS_STATS oops::Localization::multiply                        :    170951.68   187654.52   180112.06       47.16        9.27
OOPS_STATS oops::ObsSpace::ObsSpace                            :       623.92      694.21      661.37        0.17       10.63
OOPS_STATS oops::ObsSpace::save                                :      2445.37     2613.16     2520.98        0.66        6.66
OOPS_STATS oops::State::State                                  :     70477.64    70771.28    70600.26       18.49        0.42
OOPS_STATS oops::State::write                                  :      3401.94     4663.66     4636.94        1.21       27.21
OOPS_STATS oops::util::FieldSetHelpers::readFieldSet           :      7554.08     7838.65     7724.64        2.02        3.68
OOPS_STATS saber::Localization::Localization                   :      7762.13     8088.87     7947.82        2.08        4.11
OOPS_STATS saber::Localization::multiply                       :    158944.09   175390.14   170225.60       44.57        9.66
OOPS_STATS util::Timers::measured                              :    381507.41   381745.33   381637.16       99.93        0.06
OOPS_STATS oops::Run::execute                                  :    381833.27   382004.30   381910.65      100.00        0.04
OOPS_STATS ---------------------------------- Parallel Timing Statistics ( 800 MPI tasks) -----------------------------------

OOPS_STATS Run end                                  - Runtime:    382.94 sec,  Memory: total:  4055.15 GB, per task: min =     4.75 GB, max =     7.26 GB
Run: Finishing oops::Variational<MPAS, UFO and IODA observations> with status = 0
OOPS Ending   2026-05-26 20:29:38 (UTC+0000)
