Configuration input file is: jedivar.pass2.yaml
Full configuration is:YAMLConfiguration[path=jedivar.pass2.yaml, root={_member => {date => 2026-06-03T19:00:00Z , state variables => (water_vapor_mixing_ratio_wrt_moist_air,air_pressure_at_surface,air_temperature,northward_wind,eastward_wind,cloud_liquid_water,cloud_liquid_ice,rain_water,snow_water,graupel,equivalent_reflectivity_factor,upward_air_velocity) , stream name => ensemble} , output => {filename => mpasout.nc , stream name => analysis} , variational => {minimizer => {algorithm => DRPCG} , iterations => ({geometry => {nml_file => ./namelist.atmosphere , streams_file => ./streams.atmosphere , deallocate non-da fields => true , interpolation type => unstructured} , gradient norm reduction => 0.001 , ninner => 75})} , cost function => {cost type => 3D-Var , time window => {begin => 2026-06-03T17:00:00Z , length => PT4H} , jb evaluation => false , geometry => {nml_file => ./namelist.atmosphere , streams_file => ./streams.atmosphere , deallocate non-da fields => true , interpolation type => unstructured} , analysis variables => (water_vapor_mixing_ratio_wrt_moist_air,air_pressure_at_surface,air_temperature,northward_wind,eastward_wind,cloud_liquid_water,cloud_liquid_ice,rain_water,snow_water,graupel,equivalent_reflectivity_factor,upward_air_velocity) , background => {state variables => (water_vapor_mixing_ratio_wrt_moist_air,air_pressure_at_surface,air_temperature,northward_wind,eastward_wind,air_potential_temperature,dry_air_density,u,water_vapor_mixing_ratio_wrt_dry_air,air_pressure,landmask,seaice_fraction,snowc,skin_temperature_at_surface,ivgtyp,isltyp,snowh,vegetation_area_fraction,air_temperature_at_2m,water_vapor_mixing_ratio_wrt_moist_air_at_2m,eastward_wind_at_10m,northward_wind_at_10m,lai,smois,tslb,pressure_p,cloud_liquid_water,cloud_liquid_ice,graupel,rain_water,snow_water,cldfrac,equivalent_reflectivity_factor,w,upward_air_velocity) , filename => mpasout.nc , date => 2026-06-03T19:00:00Z} , background error => {covariance model => ensemble , localization => {localization method => SABER , saber central block => {saber block name => diffusion , active variables => (water_vapor_mixing_ratio_wrt_moist_air,air_pressure_at_surface,air_temperature,northward_wind,eastward_wind,cloud_liquid_water,cloud_liquid_ice,rain_water,snow_water,graupel,equivalent_reflectivity_factor,upward_air_velocity) , read => {groups => ({variables => (water_vapor_mixing_ratio_wrt_moist_air,air_pressure_at_surface,air_temperature,northward_wind,eastward_wind,cloud_liquid_water,cloud_liquid_ice,rain_water,snow_water,graupel,equivalent_reflectivity_factor,upward_air_velocity) , multivariate strategy => duplicated , horizontal => {filepath => data/diffusionloc/mpas_conus3km.diffusion_hz} , vertical => {levels => 59 , filepath => data/diffusionloc/mpas_conus3km.diffusion_vt}})}}} , members from template => {template => {date => 2026-06-03T19:00:00Z , state variables => (water_vapor_mixing_ratio_wrt_moist_air,air_pressure_at_surface,air_temperature,northward_wind,eastward_wind,cloud_liquid_water,cloud_liquid_ice,rain_water,snow_water,graupel,equivalent_reflectivity_factor,upward_air_velocity) , stream name => ensemble , filename => ./data/ens/mem%iMember%.nc} , pattern => %iMember% , start => 1 , zero padding => 3 , nmembers => 30}} , observations => {observers => ({obs space => {name => refl10cm , distribution => {name => RoundRobin , halo size => 500000} , obsdatain => {engine => {type => H5File , obsfile => data/obs/ioda_mrms_refl.nc , missing file action => warn}} , obsdataout => {engine => {type => H5File , allow overwrite => true , obsfile => jdiag_mrms_refl.nc}} , io pool => {write multiple files => false} , _source => mrms , simulated variables => (equivalentReflectivityFactor)} , obs operator => {name => VertInterp , vertical coordinate => height_above_mean_sea_level , observation vertical coordinate => height , interpolation method => linear , observation alias file => obsop_name_map.yaml} , obs localizations => ({localization method => Horizontal Gaspari-Cohn , lengthscale => 200000}) , _obsname => refl10cm , obs filters => ({filter => Background Check , filter variables => ({name => equivalentReflectivityFactor}) , threshold => 12 , action => {name => reject}})})}}}]
OOPS_STATS ObjectCountHelper started.
OOPS_STATS Run start                                - Runtime:      1.03 sec,  Memory: total:   104.40 GB, per task: min =   128.97 MB, max =   130.55 MB
Run: Starting oops::Variational<MPAS, UFO and IODA observations>
OOPS_STATS Variational start                        - Runtime:     1.03 sec,  Local Memory:   130.55 MB
==> create geom
atlas::mpi::push(world)
Increase halo 1
atlas::mpi::pop(world)
atlas::mpi::push(world)
atlas::mpi::pop(world)
atlas::mpi::push(world)
atlas::mpi::pop(world)
atlas::mpi::push(world)
atlas::mpi::pop(world)
refl10cm: read database from data/obs/ioda_mrms_refl.nc (io pool size: 800)
refl10cm processed vars: 1 Variables: equivalentReflectivityFactor
refl10cm assimilated vars: 1 Variables: equivalentReflectivityFactor
refl10cm: 0 observations are outside of time window out of 3875949
refl10cm: 0 observations were rejected by QC checks out of 3875949
No bias-correction is performed for this ObsSpace.
3DVar window: TimeWindow: start = 2026-06-03T17:00:00Z, end = 2026-06-03T21:00:00Z, inclusive upper bound.

OOPS_STATS IncrementalAssimilation start            - Runtime:    33.64 sec,  Local Memory:     2.28 GB
Running incremental assimilation with 1 outer iterations.
Minimizer algorithm=DRPCG
QNewtonLMP: maxouter : 1
IncrementalAssimilation: Configuration for outer iteration 0:
LocalConfiguration[root={geometry => {nml_file => ./namelist.atmosphere , streams_file => ./streams.atmosphere , deallocate non-da fields => true , interpolation type => unstructured} , gradient norm reduction => 0.001 , ninner => 75 , iteration => 0 , total iterations => 1}]
OOPS_STATS IncrementalAssimilation iteration 0      - Runtime:    33.64 sec,  Local Memory:     2.28 GB
==> create geom
atlas::mpi::push(world)
Increase halo 1
atlas::mpi::pop(world)
atlas::mpi::push(world)
atlas::mpi::pop(world)
atlas::mpi::push(world)
atlas::mpi::pop(world)
atlas::mpi::push(world)
atlas::mpi::pop(world)
Key "mesh[address=0x36194e0],halo[size=1]" not found in cache "NodeColumnsHaloExchangeCache" , creating new, removable with key "mesh[address=0x36194e0],halo[size=1]"
Key "mesh[address=0x190e43c0],halo[size=1]" not found in cache "NodeColumnsHaloExchangeCache" , creating new, removable with key "mesh[address=0x190e43c0],halo[size=1]"
processWhere: selected 0 obs.
BackgroundCheck obserr: 
refl10cm equivalentReflectivityFactor nlocs = 3875949, nobs = 3875949, min = 5, max = 5, avg = 5
processing a float: 12
ObsErrorDiagonal covariance updated 3757138
Observer::finalize QC = 
refl10cm equivalentReflectivityFactor nlocs = 3875949, nobs = 3875949, min = 0, max = 19, avg = 0
CostJo Observations: 
refl10cm nobs= 3875949 Min=0, Max=60.6923, RMS=3.82618

Jo Observations:
Jo Obs :refl10cm:equivalentReflectivityFactor   : Nobs=  3757138, Min= 0.000000e+00, Max= 5.955097e+01, RMS= 3.876726e+00
Jo Observations Equivalent:
Jo H(x):refl10cm:equivalentReflectivityFactor   : Nobs=  3757138, Min= 0.000000e+00, Max= 6.484508e+01, RMS= 3.199711e+00
Jo Bias Corrected Departures:
Jo Dep :refl10cm:equivalentReflectivityFactor   : Nobs=  3757138, Min=-5.955097e+01, Max= 5.917539e+01, RMS= 3.785926e+00
Jo Observations Errors:
UFO Diagonal observation error covariance, inverse variances: refl10cm nobs= 3757138 Min=0.04, Max=0.04, RMS=0.04



CostJo   : Nonlinear Jo(refl10cm) = 1.07704e+06, nobs = 3757138, Jo/n = 0.286665, err = 5
CostJo   : Nonlinear Jo = 1.07704e+06
Increment:diff x1 4
Increment:diff x2 35
Increment:diff x1 5
Increment:diff x2 36
Increment:diff x1 6
Increment:diff x2 37
Increment:diff x1 7
Increment:diff x2 38
Increment:diff x1 8
Increment:diff x2 39
Increment:diff x1 9
Increment:diff x2 40
Increment:diff x1 10
Increment:diff x2 41
Increment:diff x1 11
Increment:diff x2 42
Increment:diff x1 12
Increment:diff x2 43
Increment:diff x1 13
Increment:diff x2 44
Increment:diff x1 14
Increment:diff x2 45
Increment:diff x1 15
Increment:diff x2 46
Increment:diff x1 16
Increment:diff x2 47
Increment:diff x1 17
Increment:diff x2 48
Increment:diff x1 18
Increment:diff x2 49
Increment:diff x1 19
Increment:diff x2 50
Increment:diff x1 20
Increment:diff x2 51
Increment:diff x1 21
Increment:diff x2 52
Increment:diff x1 22
Increment:diff x2 53
Increment:diff x1 23
Increment:diff x2 54
Increment:diff x1 24
Increment:diff x2 55
Increment:diff x1 25
Increment:diff x2 56
Increment:diff x1 26
Increment:diff x2 57
Increment:diff x1 27
Increment:diff x2 58
Increment:diff x1 28
Increment:diff x2 59
Increment:diff x1 29
Increment:diff x2 60
Increment:diff x1 30
Increment:diff x2 61
Increment:diff x1 31
Increment:diff x2 62
Increment:diff x1 32
Increment:diff x2 63
Increment:diff x1 33
Increment:diff x2 64
Info     : Prepare ensemble configuration
Info     : Read full ensemble
Info     : Creating central block: 
Info     : SaberCentralBlock using multivariate strategy: deprecated
Info     : Creating single central block.
Info     : Read data

==================================================================================
 saber::Diffusion read
----------------------------------------------------------------------------------

group 1 of 1
atlas::mpi::push(world)
atlas::mpi::pop(world)
variables: [water_vapor_mixing_ratio_wrt_moist_air,air_pressure_at_surface,air_temperature,northward_wind,eastward_wind,cloud_liquid_water,cloud_liquid_ice,rain_water,snow_water,graupel,equivalent_reflectivity_factor,upward_air_velocity]
multivariate strategy: duplicated
Reading horizontal parameters
  levels: 1
Key "mesh[address=0x190e43c0]" not found in cache "NodeColumnsGatherScatterCache" , creating new, removable with key "mesh[address=0x190e43c0]"
  Info     : Reading file: data/diffusionloc/mpas_conus3km.diffusion_hz.nc
atlas::mpi::push(world)
atlas::mpi::pop(world)
  hzScales:  min: 4087.19  mean: 4087.19  max: 4087.19
  hzNorm:    min: 2.4414  mean: 3.71484  max: 4.05626
Reading vertical parameters
  levels: 59
  vertical strategy: normal
  Info     : Reading file: data/diffusionloc/mpas_conus3km.diffusion_vt.nc
atlas::mpi::push(world)
atlas::mpi::pop(world)
  vtScales:  min: 11  mean: 11  max: 11
  vtNorm:    min: 3.7178  mean: 4.83632  max: 5.25235
Diffusion: horizontal iterations: 6
Diffusion: vertical iterations: 242
Increment:diff x1 2
Increment:diff x2 1
==================================================================================

CostJb: FG-BG
  Valid time: 2026-06-03T19:00:00Z
  Resolution: nCellsGlobal = 2341818, nFields = 12
Fld=1  Min=0, Max=0, RMS=0 : water_vapor_mixing_ratio_wrt_moist_air
Fld=2  Min=0, Max=0, RMS=0 : air_pressure_at_surface
Fld=3  Min=0, Max=0, RMS=0 : air_temperature
Fld=4  Min=0, Max=0, RMS=0 : northward_wind
Fld=5  Min=0, Max=0, RMS=0 : eastward_wind
Fld=6  Min=0, Max=0, RMS=0 : cloud_liquid_water
Fld=7  Min=0, Max=0, RMS=0 : cloud_liquid_ice
Fld=8  Min=0, Max=0, RMS=0 : rain_water
Fld=9  Min=0, Max=0, RMS=0 : snow_water
Fld=10  Min=0, Max=0, RMS=0 : graupel
Fld=11  Min=0, Max=0, RMS=0 : equivalent_reflectivity_factor
Fld=12  Min=0, Max=0, RMS=0 : upward_air_velocity
Increment:diff x1 2
Increment:diff x2 1
CostJb: FG-BG
  Valid time: 2026-06-03T19:00:00Z
  Resolution: nCellsGlobal = 2341818, nFields = 12
Fld=1  Min=0, Max=0, RMS=0 : water_vapor_mixing_ratio_wrt_moist_air
Fld=2  Min=0, Max=0, RMS=0 : air_pressure_at_surface
Fld=3  Min=0, Max=0, RMS=0 : air_temperature
Fld=4  Min=0, Max=0, RMS=0 : northward_wind
Fld=5  Min=0, Max=0, RMS=0 : eastward_wind
Fld=6  Min=0, Max=0, RMS=0 : cloud_liquid_water
Fld=7  Min=0, Max=0, RMS=0 : cloud_liquid_ice
Fld=8  Min=0, Max=0, RMS=0 : rain_water
Fld=9  Min=0, Max=0, RMS=0 : snow_water
Fld=10  Min=0, Max=0, RMS=0 : graupel
Fld=11  Min=0, Max=0, RMS=0 : equivalent_reflectivity_factor
Fld=12  Min=0, Max=0, RMS=0 : upward_air_velocity
CostFunction: Nonlinear J = 1.07704e+06
OOPS_STATS IncrementalAssimilation linearize 0      - Runtime:   127.19 sec,  Local Memory:     7.03 GB

DRPCGMinimizer: max iter = 75, requested norm reduction = 0.001
CostFunction::computeGradientFG: gradient:
  Valid time: 2026-06-03T19:00:00Z
  Resolution: nCellsGlobal = 2341818, nFields = 12
Fld=1  Min=0, Max=0, RMS=0 : water_vapor_mixing_ratio_wrt_moist_air
Fld=2  Min=0, Max=0, RMS=0 : air_pressure_at_surface
Fld=3  Min=0, Max=0, RMS=0 : air_temperature
Fld=4  Min=0, Max=0, RMS=0 : northward_wind
Fld=5  Min=0, Max=0, RMS=0 : eastward_wind
Fld=6  Min=0, Max=0, RMS=0 : cloud_liquid_water
Fld=7  Min=0, Max=0, RMS=0 : cloud_liquid_ice
Fld=8  Min=0, Max=0, RMS=0 : rain_water
Fld=9  Min=0, Max=0, RMS=0 : snow_water
Fld=10  Min=0, Max=0, RMS=0 : graupel
Fld=11  Min=-1.96164, Max=2.02615, RMS=0.0144839 : equivalent_reflectivity_factor
Fld=12  Min=0, Max=0, RMS=0 : upward_air_velocity
DRPCGMinimizer rhs
  Valid time: 2026-06-03T19:00:00Z
  Resolution: nCellsGlobal = 2341818, nFields = 12
Fld=1  Min=-0, Max=-0, RMS=0 : water_vapor_mixing_ratio_wrt_moist_air
Fld=2  Min=-0, Max=-0, RMS=0 : air_pressure_at_surface
Fld=3  Min=-0, Max=-0, RMS=0 : air_temperature
Fld=4  Min=-0, Max=-0, RMS=0 : northward_wind
Fld=5  Min=-0, Max=-0, RMS=0 : eastward_wind
Fld=6  Min=-0, Max=-0, RMS=0 : cloud_liquid_water
Fld=7  Min=-0, Max=-0, RMS=0 : cloud_liquid_ice
Fld=8  Min=-0, Max=-0, RMS=0 : rain_water
Fld=9  Min=-0, Max=-0, RMS=0 : snow_water
Fld=10  Min=-0, Max=-0, RMS=0 : graupel
Fld=11  Min=-2.02615, Max=1.96164, RMS=0.0144839 : equivalent_reflectivity_factor
Fld=12  Min=-0, Max=-0, RMS=0 : upward_air_velocity
Initial RHS squared norm = 28985.1
OOPS_STATS DRPCG start                              - Runtime:   127.34 sec,  Local Memory:     7.03 GB
normr0 28985.1
  Residual norm ( 0) = 6445.721889801196
  Norm reduction ( 0) = 1

  Quadratic cost function: J   ( 0) = 1077038.701359382
  Quadratic cost function: Jb  ( 0) = 0
  Quadratic cost function: JoJc( 0) = 1077038.701359382


 DRPCG Starting Iteration 1
OOPS_STATS DRPCG iteration 1                        - Runtime:   132.66 sec,  Local Memory:     7.03 GB
rdots 1.69225e+07      iteration    0
DRPCG end of iteration 1
  Residual norm ( 1) = 4113.694643448997
  Norm reduction ( 1) = 0.638205419622266

  Quadratic cost function: J   ( 1) = 725660.0516210328
  Quadratic cost function: Jb  ( 1) = 5943.436243398043
  Quadratic cost function: JoJc( 1) = 719716.6153776348

 DRPCG Starting Iteration 2
OOPS_STATS DRPCG iteration 2                        - Runtime:   138.57 sec,  Local Memory:     7.03 GB
rdots 9.13288e+06      iteration    1
DRPCG end of iteration 2
  Residual norm ( 2) = 3022.066023357187
  Norm reduction ( 2) = 0.4688483423616025

  Quadratic cost function: J   ( 2) = 599658.0979856809
  Quadratic cost function: Jb  ( 2) = 12846.62554120105
  Quadratic cost function: JoJc( 2) = 586811.4724444798

 DRPCG Starting Iteration 3
OOPS_STATS DRPCG iteration 3                        - Runtime:   144.30 sec,  Local Memory:     7.03 GB
rdots 5.79133e+06      iteration    2
DRPCG end of iteration 3
  Residual norm ( 3) = 2406.517962349455
  Norm reduction ( 3) = 0.3733511937828392

  Quadratic cost function: J   ( 3) = 530712.3977075387
  Quadratic cost function: Jb  ( 3) = 19900.40159522796
  Quadratic cost function: JoJc( 3) = 510811.9961123107

 DRPCG Starting Iteration 4
OOPS_STATS DRPCG iteration 4                        - Runtime:   149.94 sec,  Local Memory:     7.03 GB
rdots 4.12587e+06      iteration    3
DRPCG end of iteration 4
  Residual norm ( 4) = 2031.224039811682
  Norm reduction ( 4) = 0.3151274712962104

  Quadratic cost function: J   ( 4) = 488500.6509125521
  Quadratic cost function: Jb  ( 4) = 26642.33934901917
  Quadratic cost function: JoJc( 4) = 461858.311563533

 DRPCG Starting Iteration 5
OOPS_STATS DRPCG iteration 5                        - Runtime:   155.87 sec,  Local Memory:     7.03 GB
rdots 2.83364e+06      iteration    4
DRPCG end of iteration 5
  Residual norm ( 5) = 1683.343135422177
  Norm reduction ( 5) = 0.261156649976733

  Quadratic cost function: J   ( 5) = 461213.0186235924
  Quadratic cost function: Jb  ( 5) = 32747.26091920467
  Quadratic cost function: JoJc( 5) = 428465.7577043878

 DRPCG Starting Iteration 6
rdots 1.79192e+06      iteration    5
DRPCG end of iteration 6
  Residual norm ( 6) = 1338.627759150496
  Norm reduction ( 6) = 0.2076769339472359

  Quadratic cost function: J   ( 6) = 439226.1007628946
  Quadratic cost function: Jb  ( 6) = 39324.24620689648
  Quadratic cost function: JoJc( 6) = 399901.8545559981

 DRPCG Starting Iteration 7
rdots 1.31515e+06      iteration    6
DRPCG end of iteration 7
  Residual norm ( 7) = 1146.799313339912
  Norm reduction ( 7) = 0.1779163502468895

  Quadratic cost function: J   ( 7) = 422614.2320442901
  Quadratic cost function: Jb  ( 7) = 45833.25568701459
  Quadratic cost function: JoJc( 7) = 376780.9763572754

 DRPCG Starting Iteration 8
rdots 1.04687e+06      iteration    7
DRPCG end of iteration 8
  Residual norm ( 8) = 1023.166300010304
  Norm reduction ( 8) = 0.1587357192107867

  Quadratic cost function: J   ( 8) = 412302.1151158623
  Quadratic cost function: Jb  ( 8) = 50878.84908214974
  Quadratic cost function: JoJc( 8) = 361423.2660337126

 DRPCG Starting Iteration 9
rdots 708263      iteration    8
DRPCG end of iteration 9
  Residual norm ( 9) = 841.5838688284032
  Norm reduction ( 9) = 0.1305647192380433

  Quadratic cost function: J   ( 9) = 403979.7127088711
  Quadratic cost function: Jb  ( 9) = 55790.10534930434
  Quadratic cost function: JoJc( 9) = 348189.6073595668

 DRPCG Starting Iteration 10
OOPS_STATS DRPCG iteration 10                       - Runtime:   184.20 sec,  Local Memory:     7.03 GB
rdots 490311      iteration    9
DRPCG end of iteration 10
  Residual norm (10) = 700.222011786528
  Norm reduction (10) = 0.1086336059417116

  Quadratic cost function: J   (10) = 397247.6189279681
  Quadratic cost function: Jb  (10) = 60546.43296468218
  Quadratic cost function: JoJc(10) = 336701.1859632859

 DRPCG Starting Iteration 11
rdots 383108      iteration    10
DRPCG end of iteration 11
  Residual norm (11) = 618.9569439149549
  Norm reduction (11) = 0.09602600833497102

  Quadratic cost function: J   (11) = 392443.2389357765
  Quadratic cost function: Jb  (11) = 64549.98715997903
  Quadratic cost function: JoJc(11) = 327893.2517757975

 DRPCG Starting Iteration 12
rdots 287820      iteration    11
DRPCG end of iteration 12
  Residual norm (12) = 536.4881526469081
  Norm reduction (12) = 0.08323166308117816

  Quadratic cost function: J   (12) = 388926.3770499593
  Quadratic cost function: Jb  (12) = 67936.51244309204
  Quadratic cost function: JoJc(12) = 320989.8646068672

 DRPCG Starting Iteration 13
rdots 208550      iteration    12
DRPCG end of iteration 13
  Residual norm (13) = 456.673220664181
  Norm reduction (13) = 0.07084904196483509

  Quadratic cost function: J   (13) = 386225.3759229204
  Quadratic cost function: Jb  (13) = 70900.34733409312
  Quadratic cost function: JoJc(13) = 315325.0285888273

 DRPCG Starting Iteration 14
rdots 148678      iteration    13
DRPCG end of iteration 14
  Residual norm (14) = 385.587408492147
  Norm reduction (14) = 0.05982067099454699

  Quadratic cost function: J   (14) = 384219.8470573731
  Quadratic cost function: Jb  (14) = 73380.68633039246
  Quadratic cost function: JoJc(14) = 310839.1607269807

 DRPCG Starting Iteration 15
OOPS_STATS DRPCG iteration 15                       - Runtime:   213.36 sec,  Local Memory:     7.03 GB
rdots 110040      iteration    14
DRPCG end of iteration 15
  Residual norm (15) = 331.7223590542608
  Norm reduction (15) = 0.05146395775764567

  Quadratic cost function: J   (15) = 382644.0326106222
  Quadratic cost function: Jb  (15) = 75561.24041107844
  Quadratic cost function: JoJc(15) = 307082.7921995438

 DRPCG Starting Iteration 16
rdots 85712      iteration    15
DRPCG end of iteration 16
  Residual norm (16) = 292.7661070118059
  Norm reduction (16) = 0.04542022011142582

  Quadratic cost function: J   (16) = 381565.4630192519
  Quadratic cost function: Jb  (16) = 77213.95772236846
  Quadratic cost function: JoJc(16) = 304351.5052968835

 DRPCG Starting Iteration 17
rdots 66972.9      iteration    16
DRPCG end of iteration 17
  Residual norm (17) = 258.7912774330744
  Norm reduction (17) = 0.04014930862011737

  Quadratic cost function: J   (17) = 380747.1001020009
  Quadratic cost function: Jb  (17) = 78587.21491067186
  Quadratic cost function: JoJc(17) = 302159.885191329

 DRPCG Starting Iteration 18
rdots 49038.1      iteration    17
DRPCG end of iteration 18
  Residual norm (18) = 221.4455789538156
  Norm reduction (18) = 0.03435543492873931

  Quadratic cost function: J   (18) = 380175.4946894738
  Quadratic cost function: Jb  (18) = 79627.73596252722
  Quadratic cost function: JoJc(18) = 300547.7587269465

 DRPCG Starting Iteration 19
rdots 33322.5      iteration    18
DRPCG end of iteration 19
  Residual norm (19) = 182.5444939480008
  Norm reduction (19) = 0.02832025598821345

  Quadratic cost function: J   (19) = 379702.2590543318
  Quadratic cost function: Jb  (19) = 80557.6357954845
  Quadratic cost function: JoJc(19) = 299144.6232588473

 DRPCG Starting Iteration 20
OOPS_STATS DRPCG iteration 20                       - Runtime:   242.53 sec,  Local Memory:     7.03 GB
rdots 26970.6      iteration    19
DRPCG end of iteration 20
  Residual norm (20) = 164.2272080350453
  Norm reduction (20) = 0.02547848182759721

  Quadratic cost function: J   (20) = 379358.6107303125
  Quadratic cost function: Jb  (20) = 81285.10958971539
  Quadratic cost function: JoJc(20) = 298073.5011405972

 DRPCG Starting Iteration 21
rdots 20587.4      iteration    20
DRPCG end of iteration 21
  Residual norm (21) = 143.4829591413806
  Norm reduction (21) = 0.02226018459909166

  Quadratic cost function: J   (21) = 379125.201237869
  Quadratic cost function: Jb  (21) = 81812.99142367402
  Quadratic cost function: JoJc(21) = 297312.2098141949

 DRPCG Starting Iteration 22
rdots 15147.9      iteration    21
DRPCG end of iteration 22
  Residual norm (22) = 123.0770003872548
  Norm reduction (22) = 0.0190943702647169

  Quadratic cost function: J   (22) = 378937.5508197085
  Quadratic cost function: Jb  (22) = 82264.10649925773
  Quadratic cost function: JoJc(22) = 296673.4443204508

 DRPCG Starting Iteration 23
rdots 11699.1      iteration    22
DRPCG end of iteration 23
  Residual norm (23) = 108.1621904778446
  Norm reduction (23) = 0.01678046188263028

  Quadratic cost function: J   (23) = 378798.0643006038
  Quadratic cost function: Jb  (23) = 82619.8937234441
  Quadratic cost function: JoJc(23) = 296178.1705771597

 DRPCG Starting Iteration 24
rdots 8772.82      iteration    23
DRPCG end of iteration 24
  Residual norm (24) = 93.66334913811291
  Norm reduction (24) = 0.01453108755534622

  Quadratic cost function: J   (24) = 378697.7905320737
  Quadratic cost function: Jb  (24) = 82889.98022673219
  Quadratic cost function: JoJc(24) = 295807.8103053415

 DRPCG Starting Iteration 25
OOPS_STATS DRPCG iteration 25                       - Runtime:   272.45 sec,  Local Memory:     7.03 GB
rdots 6051.5      iteration    24
DRPCG end of iteration 25
  Residual norm (25) = 77.79140469756572
  Norm reduction (25) = 0.01206868773234723

  Quadratic cost function: J   (25) = 378617.8185739203
  Quadratic cost function: Jb  (25) = 83116.86081957271
  Quadratic cost function: JoJc(25) = 295500.9577543476

 DRPCG Starting Iteration 26
rdots 4564.56      iteration    25
DRPCG end of iteration 26
  Residual norm (26) = 67.56155003489985
  Norm reduction (26) = 0.01048161108871292

  Quadratic cost function: J   (26) = 378554.6338295747
  Quadratic cost function: Jb  (26) = 83305.78453292059
  Quadratic cost function: JoJc(26) = 295248.8492966541

 DRPCG Starting Iteration 27
rdots 3416.83      iteration    26
DRPCG end of iteration 27
  Residual norm (27) = 58.4536678276384
  Norm reduction (27) = 0.009068599115349246

  Quadratic cost function: J   (27) = 378510.9380839999
  Quadratic cost function: Jb  (27) = 83443.12652537628
  Quadratic cost function: JoJc(27) = 295067.8115586236

 DRPCG Starting Iteration 28
rdots 2552.26      iteration    27
DRPCG end of iteration 28
  Residual norm (28) = 50.51992744864904
  Norm reduction (28) = 0.007837745455413561

  Quadratic cost function: J   (28) = 378477.6887950269
  Quadratic cost function: Jb  (28) = 83552.60883815342
  Quadratic cost function: JoJc(28) = 294925.0799568734

 DRPCG Starting Iteration 29
rdots 2035.26      iteration    28
DRPCG end of iteration 29
  Residual norm (29) = 45.11389671911142
  Norm reduction (29) = 0.006999044868890993

  Quadratic cost function: J   (29) = 378454.6588399783
  Quadratic cost function: Jb  (29) = 83631.80809119614
  Quadratic cost function: JoJc(29) = 294822.8507487822

 DRPCG Starting Iteration 30
OOPS_STATS DRPCG iteration 30                       - Runtime:   302.81 sec,  Local Memory:     7.03 GB
rdots 1451.85      iteration    29
DRPCG end of iteration 30
  Residual norm (30) = 38.10318171042148
  Norm reduction (30) = 0.005911390898001758

  Quadratic cost function: J   (30) = 378436.2928345313
  Quadratic cost function: Jb  (30) = 83697.62657484008
  Quadratic cost function: JoJc(30) = 294738.6662596912

 DRPCG Starting Iteration 31
rdots 1075.18      iteration    30
DRPCG end of iteration 31
  Residual norm (31) = 32.78997446354177
  Norm reduction (31) = 0.005087091100753821

  Quadratic cost function: J   (31) = 378422.6633024183
  Quadratic cost function: Jb  (31) = 83748.49002125216
  Quadratic cost function: JoJc(31) = 294674.1732811661

 DRPCG Starting Iteration 32
rdots 762.584      iteration    31
DRPCG end of iteration 32
  Residual norm (32) = 27.61492165284339
  Norm reduction (32) = 0.00428422481220255

  Quadratic cost function: J   (32) = 378411.8878949338
  Quadratic cost function: Jb  (32) = 83790.34380729818
  Quadratic cost function: JoJc(32) = 294621.5440876356

 DRPCG Starting Iteration 33
rdots 555.147      iteration    32
DRPCG end of iteration 33
  Residual norm (33) = 23.56154778837054
  Norm reduction (33) = 0.003655377658420389

  Quadratic cost function: J   (33) = 378403.8710925293
  Quadratic cost function: Jb  (33) = 83822.74809752847
  Quadratic cost function: JoJc(33) = 294581.1229950008

 DRPCG Starting Iteration 34
rdots 409.242      iteration    33
DRPCG end of iteration 34
  Residual norm (34) = 20.22973432876083
  Norm reduction (34) = 0.003138474584323831

  Quadratic cost function: J   (34) = 378398.1367106597
  Quadratic cost function: Jb  (34) = 83846.82615296924
  Quadratic cost function: JoJc(34) = 294551.3105576904

 DRPCG Starting Iteration 35
OOPS_STATS DRPCG iteration 35                       - Runtime:   335.01 sec,  Local Memory:     7.03 GB
rdots 305.819      iteration    34
DRPCG end of iteration 35
  Residual norm (35) = 17.48769472066786
  Norm reduction (35) = 0.002713070005135953

  Quadratic cost function: J   (35) = 378393.9216818087
  Quadratic cost function: Jb  (35) = 83865.17784926736
  Quadratic cost function: JoJc(35) = 294528.7438325413

 DRPCG Starting Iteration 36
rdots 224.776      iteration    35
DRPCG end of iteration 36
  Residual norm (36) = 14.99254719783873
  Norm reduction (36) = 0.002325968674131105

  Quadratic cost function: J   (36) = 378391.0510424671
  Quadratic cost function: Jb  (36) = 83878.1042665272
  Quadratic cost function: JoJc(36) = 294512.9467759399

 DRPCG Starting Iteration 37
rdots 162.847      iteration    36
DRPCG end of iteration 37
  Residual norm (37) = 12.76116763119616
  Norm reduction (37) = 0.0019797887419542

  Quadratic cost function: J   (37) = 378388.8204356268
  Quadratic cost function: Jb  (37) = 83888.47661687824
  Quadratic cost function: JoJc(37) = 294500.3438187485

 DRPCG Starting Iteration 38
rdots 127.216      iteration    37
DRPCG end of iteration 38
  Residual norm (38) = 11.27902338888184
  Norm reduction (38) = 0.00174984642243535

  Quadratic cost function: J   (38) = 378387.204541733
  Quadratic cost function: Jb  (38) = 83896.23288982408
  Quadratic cost function: JoJc(38) = 294490.9716519089

 DRPCG Starting Iteration 39
rdots 93.0004      iteration    38
DRPCG end of iteration 39
  Residual norm (39) = 9.643673871349563
  Norm reduction (39) = 0.001496135582053013

  Quadratic cost function: J   (39) = 378386.0373235254
  Quadratic cost function: Jb  (39) = 83902.00673901307
  Quadratic cost function: JoJc(39) = 294484.0305845123

 DRPCG Starting Iteration 40
OOPS_STATS DRPCG iteration 40                       - Runtime:   368.00 sec,  Local Memory:     7.03 GB
rdots 65.4058      iteration    39
DRPCG end of iteration 40
  Residual norm (40) = 8.087383584611372
  Norm reduction (40) = 0.001254690122049434

  Quadratic cost function: J   (40) = 378385.0732623597
  Quadratic cost function: Jb  (40) = 83906.92267216518
  Quadratic cost function: JoJc(40) = 294478.1505901945

 DRPCG Starting Iteration 41
rdots 54.0114      iteration    40
DRPCG end of iteration 41
  Residual norm (41) = 7.349245606596555
  Norm reduction (41) = 0.001140174170130574

  Quadratic cost function: J   (41) = 378384.4071446251
  Quadratic cost function: Jb  (41) = 83910.42339946811
  Quadratic cost function: JoJc(41) = 294473.983745157

 DRPCG Starting Iteration 42
rdots 33.8573      iteration    41
DRPCG end of iteration 42
  Residual norm (42) = 5.81870013354605
  Norm reduction (42) = 0.0009027228032833284

  Quadratic cost function: J   (42) = 378383.8930979294
  Quadratic cost function: Jb  (42) = 83913.20382359486
  Quadratic cost function: JoJc(42) = 294470.6892743346

DRPCG: Achieved required reduction in residual norm.
OOPS_STATS DRPCG end                                - Runtime:   388.15 sec,  Local Memory:     7.03 GB
DRPCGMinimizer: reduction in residual norm = 0.000902723
DRPCGMinimizer output increment:
  Valid time: 2026-06-03T19:00:00Z
  Resolution: nCellsGlobal = 2341818, nFields = 12
Fld=1  Min=-0.00977983, Max=0.00990856, RMS=9.25534e-05 : water_vapor_mixing_ratio_wrt_moist_air
Fld=2  Min=-101.683, Max=122.966, RMS=2.19895 : air_pressure_at_surface
Fld=3  Min=-10.7171, Max=9.13904, RMS=0.0888872 : air_temperature
Fld=4  Min=-24.641, Max=45.2988, RMS=0.334833 : northward_wind
Fld=5  Min=-24.5481, Max=27.538, RMS=0.333423 : eastward_wind
Fld=6  Min=-0.00419818, Max=0.00695909, RMS=1.90574e-05 : cloud_liquid_water
Fld=7  Min=-0.00167378, Max=0.00239833, RMS=5.10924e-06 : cloud_liquid_ice
Fld=8  Min=-0.00556478, Max=0.00968606, RMS=3.03896e-05 : rain_water
Fld=9  Min=-0.00580871, Max=0.00644035, RMS=4.94101e-05 : snow_water
Fld=10  Min=-0.00849425, Max=0.00832796, RMS=2.74711e-05 : graupel
Fld=11  Min=-75.153, Max=104.946, RMS=1.96461 : equivalent_reflectivity_factor
Fld=12  Min=0, Max=0, RMS=0 : upward_air_velocity
CostFunction::addIncrement: First guess:
  Valid time: 2026-06-03T19:00:00Z
  Resolution: nCellsGlobal = 2341818, nFields = 35
Fld=1  Min=0, Max=0.0228147, RMS=0.0058132 : water_vapor_mixing_ratio_wrt_moist_air
Fld=2  Min=64018.9, Max=102642, RMS=96887.9 : air_pressure_at_surface
Fld=3  Min=187.934, Max=313.996, RMS=261.246 : air_temperature
Fld=4  Min=-41.1998, Max=44.6433, RMS=6.9571 : northward_wind
Fld=5  Min=-32.6747, Max=61.3258, RMS=9.92137 : eastward_wind
Fld=6  Min=271.125, Max=642.244, RMS=355.603 : air_potential_temperature
Fld=7  Min=0.0384773, Max=1.29523, RMS=0.782661 : dry_air_density
Fld=8  Min=-64.6473, Max=64.029, RMS=8.60328 : u
Fld=9  Min=0, Max=0.0233474, RMS=0.00588102 : water_vapor_mixing_ratio_wrt_dry_air
Fld=10  Min=2449.48, Max=102533, RMS=64599.1 : air_pressure
Fld=11  Min=0, Max=1, RMS=0.790008 : landmask
Fld=12  Min=0, Max=1, RMS=0.0292126 : seaice_fraction
Fld=13  Min=0, Max=1, RMS=0.0532776 : snowc
Fld=14  Min=269.406, Max=324.342, RMS=298.934 : skin_temperature_at_surface
Fld=15  Min=1, Max=19, RMS=12.7664 : ivgtyp
Fld=16  Min=1, Max=16, RMS=9.97061 : isltyp
Fld=17  Min=0, Max=7.5, RMS=0.149485 : snowh
Fld=18  Min=0, Max=0.923963, RMS=0.415542 : vegetation_area_fraction
Fld=19  Min=269.001, Max=314.388, RMS=295.709 : air_temperature_at_2m
Fld=20  Min=0.00111582, Max=0.0235934, RMS=0.0108753 : water_vapor_mixing_ratio_wrt_moist_air_at_2m
Fld=21  Min=-17.4196, Max=19.1662, RMS=3.60746 : eastward_wind_at_10m
Fld=22  Min=-19.2914, Max=17.9847, RMS=3.99833 : northward_wind_at_10m
Fld=23  Min=0, Max=6.55828, RMS=1.68594 : lai
Fld=24  Min=0.00200001, Max=1, RMS=0.633446 : smois
Fld=25  Min=262.389, Max=330.855, RMS=293.341 : tslb
Fld=26  Min=-870.143, Max=5987.49, RMS=3386.97 : pressure_p
Fld=27  Min=0, Max=0.00751539, RMS=4.55321e-05 : cloud_liquid_water
Fld=28  Min=0, Max=0.0033981, RMS=1.05532e-05 : cloud_liquid_ice
Fld=29  Min=0, Max=0.0156948, RMS=3.98536e-05 : graupel
Fld=30  Min=0, Max=0.0119897, RMS=6.53768e-05 : rain_water
Fld=31  Min=0, Max=0.00707103, RMS=6.96196e-05 : snow_water
Fld=32  Min=0, Max=1, RMS=0.202438 : cldfrac
Fld=33  Min=0, Max=73.0366, RMS=4.40022 : equivalent_reflectivity_factor
Fld=34  Min=-8.26346, Max=40.6925, RMS=0.186147 : w
Fld=35  Min=0, Max=0, RMS=0 : upward_air_velocity
CostFunction::addIncrement: Increment:
  Valid time: 2026-06-03T19:00:00Z
  Resolution: nCellsGlobal = 2341818, nFields = 12
Fld=1  Min=-0.00977983, Max=0.00990856, RMS=9.25534e-05 : water_vapor_mixing_ratio_wrt_moist_air
Fld=2  Min=-101.683, Max=122.966, RMS=2.19895 : air_pressure_at_surface
Fld=3  Min=-10.7171, Max=9.13904, RMS=0.0888872 : air_temperature
Fld=4  Min=-24.641, Max=45.2988, RMS=0.334833 : northward_wind
Fld=5  Min=-24.5481, Max=27.538, RMS=0.333423 : eastward_wind
Fld=6  Min=-0.00419818, Max=0.00695909, RMS=1.90574e-05 : cloud_liquid_water
Fld=7  Min=-0.00167378, Max=0.00239833, RMS=5.10924e-06 : cloud_liquid_ice
Fld=8  Min=-0.00556478, Max=0.00968606, RMS=3.03896e-05 : rain_water
Fld=9  Min=-0.00580871, Max=0.00644035, RMS=4.94101e-05 : snow_water
Fld=10  Min=-0.00849425, Max=0.00832796, RMS=2.74711e-05 : graupel
Fld=11  Min=-75.153, Max=104.946, RMS=1.96461 : equivalent_reflectivity_factor
Fld=12  Min=0, Max=0, RMS=0 : upward_air_velocity
CostFunction::addIncrement: Analysis: 
  Valid time: 2026-06-03T19:00:00Z
  Resolution: nCellsGlobal = 2341818, nFields = 35
Fld=1  Min=0, Max=0.0228147, RMS=0.00581483 : water_vapor_mixing_ratio_wrt_moist_air
Fld=2  Min=64018.3, Max=102642, RMS=96887.9 : air_pressure_at_surface
Fld=3  Min=187.745, Max=313.996, RMS=261.246 : air_temperature
Fld=4  Min=-42.0748, Max=44.6433, RMS=6.96494 : northward_wind
Fld=5  Min=-32.6747, Max=61.3258, RMS=9.9225 : eastward_wind
Fld=6  Min=271.125, Max=642.244, RMS=355.603 : air_potential_temperature
Fld=7  Min=0.0384309, Max=1.29523, RMS=0.782658 : dry_air_density
Fld=8  Min=-64.6473, Max=64.029, RMS=8.60669 : u
Fld=9  Min=0, Max=0.0233474, RMS=0.00588268 : water_vapor_mixing_ratio_wrt_dry_air
Fld=10  Min=2439.33, Max=102533, RMS=64599.2 : air_pressure
Fld=11  Min=0, Max=1, RMS=0.790008 : landmask
Fld=12  Min=0, Max=1, RMS=0.0292126 : seaice_fraction
Fld=13  Min=0, Max=1, RMS=0.0532776 : snowc
Fld=14  Min=269.406, Max=324.342, RMS=298.934 : skin_temperature_at_surface
Fld=15  Min=1, Max=19, RMS=12.7664 : ivgtyp
Fld=16  Min=1, Max=16, RMS=9.97061 : isltyp
Fld=17  Min=0, Max=7.5, RMS=0.149485 : snowh
Fld=18  Min=0, Max=0.923963, RMS=0.415542 : vegetation_area_fraction
Fld=19  Min=269.048, Max=314.388, RMS=295.711 : air_temperature_at_2m
Fld=20  Min=0.00111582, Max=0.0235934, RMS=0.0108753 : water_vapor_mixing_ratio_wrt_moist_air_at_2m
Fld=21  Min=-17.4196, Max=19.1662, RMS=3.60746 : eastward_wind_at_10m
Fld=22  Min=-19.2914, Max=17.9847, RMS=3.99833 : northward_wind_at_10m
Fld=23  Min=0, Max=6.55828, RMS=1.68594 : lai
Fld=24  Min=0.00200001, Max=1, RMS=0.633446 : smois
Fld=25  Min=262.389, Max=330.855, RMS=293.341 : tslb
Fld=26  Min=-911.949, Max=5964.27, RMS=3387 : pressure_p
Fld=27  Min=0, Max=0.00748724, RMS=4.69963e-05 : cloud_liquid_water
Fld=28  Min=0, Max=0.00323149, RMS=1.12082e-05 : cloud_liquid_ice
Fld=29  Min=0, Max=0.0149516, RMS=4.20882e-05 : graupel
Fld=30  Min=0, Max=0.0107558, RMS=6.44628e-05 : rain_water
Fld=31  Min=0, Max=0.00796135, RMS=8.00237e-05 : snow_water
Fld=32  Min=0, Max=1, RMS=0.202438 : cldfrac
Fld=33  Min=0, Max=104.946, RMS=4.27582 : equivalent_reflectivity_factor
Fld=34  Min=-8.26346, Max=40.6925, RMS=0.186147 : w
Fld=35  Min=0, Max=0, RMS=0 : upward_air_velocity
OOPS_STATS IncrementalAssimilation end              - Runtime:   388.32 sec,  Local Memory:     7.03 GB
Variational: incremental assimilation done 1 iterations.
QC refl10cm equivalentReflectivityFactor: 118801 H(x) failed.
QC refl10cm equivalentReflectivityFactor: 10 rejected by first-guess check.
QC refl10cm equivalentReflectivityFactor: 3757138 passed out of 3875949 observations.
ObsErrorDiagonal covariance updated 3757138
Observer::finalize QC = 
refl10cm equivalentReflectivityFactor nlocs = 3875949, nobs = 3875949, min = 0, max = 19, avg = 0
Jo Observations:
Jo Obs :refl10cm:equivalentReflectivityFactor   : Nobs=  3757138, Min= 0.000000e+00, Max= 5.955097e+01, RMS= 3.876726e+00
Jo Observations Equivalent:
Jo H(x):refl10cm:equivalentReflectivityFactor   : Nobs=  3757138, Min= 0.000000e+00, Max= 6.555229e+01, RMS= 3.247203e+00
Jo Bias Corrected Departures:
Jo Dep :refl10cm:equivalentReflectivityFactor   : Nobs=  3757138, Min=-5.955097e+01, Max= 5.335371e+01, RMS= 1.987279e+00
Jo Observations Errors:
UFO Diagonal observation error covariance, inverse variances: refl10cm nobs= 3757138 Min=0.04, Max=0.04, RMS=0.04



CostJo   : Nonlinear Jo(refl10cm) = 296760, nobs = 3757138, Jo/n = 0.0789856, err = 5
CostJo   : Nonlinear Jo = 296760
Increment:diff x1 2
Increment:diff x2 1
CostJb: FG-BG
  Valid time: 2026-06-03T19:00:00Z
  Resolution: nCellsGlobal = 2341818, nFields = 12
Fld=1  Min=-0.00948129, Max=0.00990856, RMS=9.23624e-05 : water_vapor_mixing_ratio_wrt_moist_air
Fld=2  Min=-101.683, Max=122.966, RMS=2.19895 : air_pressure_at_surface
Fld=3  Min=-10.7171, Max=9.13904, RMS=0.0888872 : air_temperature
Fld=4  Min=-24.641, Max=45.2988, RMS=0.334833 : northward_wind
Fld=5  Min=-24.5481, Max=27.538, RMS=0.333423 : eastward_wind
Fld=6  Min=-0.00315428, Max=0.00695909, RMS=1.64175e-05 : cloud_liquid_water
Fld=7  Min=-0.00125208, Max=0.00239833, RMS=4.7359e-06 : cloud_liquid_ice
Fld=8  Min=-0.00556478, Max=0.00968606, RMS=2.42079e-05 : rain_water
Fld=9  Min=-0.00381077, Max=0.00644035, RMS=4.67861e-05 : snow_water
Fld=10  Min=-0.00638415, Max=0.00832796, RMS=2.38059e-05 : graupel
Fld=11  Min=-62.2226, Max=104.946, RMS=1.90394 : equivalent_reflectivity_factor
Fld=12  Min=0, Max=0, RMS=0 : upward_air_velocity
CostFunction: Nonlinear J = 296760
OOPS_STATS Variational end                          - Runtime:   407.17 sec,  Local Memory:     7.03 GB
==> destruct MPAS corelist and domain:  0
Tried to erase key "mesh[address=0x36194e0],halo[size=0]" from cache "NodeColumnsHaloExchangeCache" but it was not found.
Erased key "mesh[address=0x36194e0],halo[size=1]" from cache "NodeColumnsHaloExchangeCache".
==> destruct MPAS corelist and domain:  1
refl10cm: save database to jdiag_mrms_refl.nc (io pool size: 4)
QC refl10cm equivalentReflectivityFactor: 118801 H(x) failed.
QC refl10cm equivalentReflectivityFactor: 10 rejected by first-guess check.
QC refl10cm equivalentReflectivityFactor: 3757138 passed out of 3875949 observations.
Erased key "mesh[address=0x190e43c0]" from cache "NodeColumnsGatherScatterCache".
Tried to erase key "mesh[address=0x190e43c0],halo[size=0]" from cache "NodeColumnsHaloExchangeCache" but it was not found.
Erased key "mesh[address=0x190e43c0],halo[size=1]" from cache "NodeColumnsHaloExchangeCache".

Run: Finishing oops::Variational<MPAS, UFO and IODA observations>
OOPS_STATS  
OOPS_STATS ----------------------------------------------------------------------------------
OOPS_STATS --------------------------- Object counts ----------------------------------------
OOPS_STATS ----------------------------------------------------------------------------------
OOPS_STATS                                      Total  Simult. Remain    Avg (Mb)    HWM (Mb)
OOPS_STATS ioda::ObsDataVector             :        8       5        
OOPS_STATS ioda::ObsVector                 :      104       8        
OOPS_STATS mpas::Geometry                  :        2       2        
OOPS_STATS mpas::Increment                 :     3054     131        
OOPS_STATS mpas::LinVarChaModel2GeoVars    :        1       1        
OOPS_STATS mpas::ModelBias                 :        4       3        
OOPS_STATS mpas::ModelBiasCovariance       :        1       1        
OOPS_STATS mpas::State                     :       75      34        
OOPS_STATS mpas::VarChaModel2GeoVars       :        3       1        
OOPS_STATS oops::ControlIncrement          :      186      98               15.22     1491.60
OOPS_STATS oops::ControlVariable           :        4       3        
OOPS_STATS oops::Diffusion                 :        1       1        
OOPS_STATS oops::EnsembleCovariance        :        1       1             3534.18     3534.18
OOPS_STATS oops::GeoVaLs                   :       88       1        
OOPS_STATS oops::Geometry                  :        2       2        
OOPS_STATS oops::GetValues                 :        3       2        
OOPS_STATS oops::Increment                 :     2968     131               15.02     1993.88
OOPS_STATS oops::LinearObsOperator         :        1       1        
OOPS_STATS oops::LocalInterpolator         :     2400    1600        
OOPS_STATS oops::Localization              :        1       1        
OOPS_STATS oops::ModelAuxControl           :        4       3        
OOPS_STATS oops::ModelAuxCovariance        :        1       1        
OOPS_STATS oops::ModelAuxIncrement         :      186      98        
OOPS_STATS oops::ObsAuxControl             :        4       3        
OOPS_STATS oops::ObsAuxCovariance          :        1       1        
OOPS_STATS oops::ObsAuxIncrement           :      186      98        
OOPS_STATS oops::ObsAuxIncrements          :      186      98        
OOPS_STATS oops::ObsAuxPreconditioner      :        2       2        
OOPS_STATS oops::ObsDataVector             :        4       4        
OOPS_STATS oops::ObsDiagnostics            :        2       1        
OOPS_STATS oops::ObsError                  :        1       1        
OOPS_STATS oops::ObsOperator               :        2       2        
OOPS_STATS oops::ObsSpace                  :        1       1                0.04        0.04
OOPS_STATS oops::ObsSpaces                 :        1       1        
OOPS_STATS oops::ObsVector                 :      104       7                0.04        0.23
OOPS_STATS oops::SampledLocations          :        8       4        
OOPS_STATS oops::State                     :       72      34               21.39      702.08
OOPS_STATS oops::UnstructuredInterpolator  :     2400    1600        
OOPS_STATS oops::VariableChange            :        3       1        
OOPS_STATS ufo::BackgroundCheck            :        1       1        
OOPS_STATS ufo::FinalCheck                 :        2       2        
OOPS_STATS ufo::GeoVaLs                    :       91       2        
OOPS_STATS ufo::ObsBias                    :        4       3        
OOPS_STATS ufo::ObsBiasCovariance          :        1       1        
OOPS_STATS ufo::ObsBiasPreconditioner      :        1       1        
OOPS_STATS ufo::ObsFilter                  :        9       6        
OOPS_STATS ufo::ObsFilterData              :        3       3        
OOPS_STATS ufo::ObsVertInterp              :        2       2        
OOPS_STATS ufo::ObsVertInterpTLAD          :        1       1        
OOPS_STATS ufo::SampledLocations           :        4       3        
OOPS_STATS ----------------------------- Object counts --------------------------------------
OOPS_STATS  
OOPS_STATS --------------------------------------------------------------------------------------------
OOPS_STATS ------------------------------------ Timing Statistics -------------------------------------
OOPS_STATS --------------------------------------------------------------------------------------------
OOPS_STATS Name                                                :   total (ms)   count    time/call (ms)
OOPS_STATS ObsFilter::Background Check::ObsFilter              :         0.26       1            0.2610
OOPS_STATS ObsFilter::Background Check::postFilter             :        24.04       1           24.0380
OOPS_STATS ObsFilter::Background Check::preProcess             :         0.01       1            0.0057
OOPS_STATS ObsFilter::Background Check::priorFilter            :         0.03       1            0.0269
OOPS_STATS ObsFilter::Final Check::ObsFilter                   :         0.01       2            0.0065
OOPS_STATS ObsFilter::Final Check::postFilter                  :         0.04       2            0.0221
OOPS_STATS ObsFilter::Final Check::preProcess                  :         0.00       2            0.0003
OOPS_STATS ObsFilter::Final Check::priorFilter                 :         0.00       2            0.0025
OOPS_STATS ObsFilter::QCmanager::ObsFilter                     :         0.31       2            0.1540
OOPS_STATS ObsFilter::QCmanager::postFilter                    :         0.22       2            0.1085
OOPS_STATS ObsFilter::QCmanager::preProcess                    :         0.00       2            0.0001
OOPS_STATS ObsFilter::QCmanager::priorFilter                   :         0.00       2            0.0001
OOPS_STATS ioda::ObsSpace::get_db(DateTime)                    :         0.69       4            0.1723
OOPS_STATS ioda::ObsSpace::get_db(double)                      :         0.29       5            0.0582
OOPS_STATS ioda::ObsSpace::get_db(float)                       :         1.01      12            0.0843
OOPS_STATS ioda::ObsSpace::load                                :       707.36       1          707.3620
OOPS_STATS ioda::ObsSpace::put_db(double)                      :         0.27       6            0.0448
OOPS_STATS ioda::ObsSpace::put_db(float)                       :         0.07       2            0.0368
OOPS_STATS ioda::ObsSpace::put_db(int)                         :         0.33       2            0.1629
OOPS_STATS mpas::LinVarChaModel2GeoVars::LinVarChaModel2GeoVar :         2.93       1            2.9282
OOPS_STATS mpas::LinVarChaModel2GeoVars::changeVarAD           :      1196.15      43           27.8174
OOPS_STATS mpas::LinVarChaModel2GeoVars::changeVarTL           :       151.39      42            3.6045
OOPS_STATS mpas::LinVarChaModel2GeoVars::~LinVarChaModel2GeoVa :         0.04       1            0.0399
OOPS_STATS mpas::VarChaModel2GeoVars::VarChaModel2GeoVars      :         0.04       3            0.0146
OOPS_STATS mpas::VarChaModel2GeoVars::changeVar                :        12.53       3            4.1764
OOPS_STATS mpas::VarChaModel2GeoVars::~VarChaModel2GeoVars     :         0.01       3            0.0020
OOPS_STATS oops::Covariance::EnsembleCovariance                :     70292.37       1        70292.3728
OOPS_STATS oops::Covariance::ensemble::Constructor             :         0.01       1            0.0061
OOPS_STATS oops::Covariance::ensemble::multiply                :    236686.44      43         5504.3358
OOPS_STATS oops::Diffusion::Diffusion                          :         0.00       1            0.0004
OOPS_STATS oops::Diffusion::calculateDerivedGeom               :         1.90       1            1.9006
OOPS_STATS oops::Diffusion::multiplySqrtAD                     :     59223.88    1290           45.9100
OOPS_STATS oops::Diffusion::multiplySqrtTL                     :     50280.29    1290           38.9770
OOPS_STATS oops::Diffusion::setParameters                      :         3.78       1            3.7772
OOPS_STATS oops::GeoVaLs::GeoVaLs                              :        19.10      88            0.2170
OOPS_STATS oops::GeoVaLs::fill                                 :        29.50   30144            0.0010
OOPS_STATS oops::GeoVaLs::fillAD                               :        21.99   27004            0.0008
OOPS_STATS oops::GeoVaLs::~GeoVaLs                             :         0.47      88            0.0053
OOPS_STATS oops::Geometry::Geometry                            :     49150.68       2        24575.3394
OOPS_STATS oops::Geometry::variableSizes                       :         4.37      11            0.3977
OOPS_STATS oops::Geometry::~Geometry                           :       462.15       2          231.0752
OOPS_STATS oops::GeometryData::containingTriangleAndBarycentri :        44.42   20508            0.0022
OOPS_STATS oops::GeometryData::setGlobalTree                   :      1799.07       2          899.5363
OOPS_STATS oops::GeometryData::setLocalTree                    :         3.55       2            1.7736
OOPS_STATS oops::GeometryData::setMeshAndTriangulation         :         1.92       2            0.9590
OOPS_STATS oops::GetValues::GetValues                          :       265.39       3           88.4620
OOPS_STATS oops::GetValues::fillGeoVaLs                        :        52.96       3           17.6521
OOPS_STATS oops::GetValues::fillGeoVaLsAD                      :       117.13      43            2.7239
OOPS_STATS oops::GetValues::fillGeoVaLsTL                      :       764.54      42           18.2034
OOPS_STATS oops::GetValues::finalize                           :        18.81       3            6.2709
OOPS_STATS oops::GetValues::finalizeAD                         :       646.29      43           15.0301
OOPS_STATS oops::GetValues::finalizeTL                         :       109.06      42            2.5966
OOPS_STATS oops::GetValues::initialize                         :         2.10       3            0.6987
OOPS_STATS oops::GetValues::initializeAD                       :         5.16      43            0.1199
OOPS_STATS oops::GetValues::initializeTL                       :        17.57      42            0.4183
OOPS_STATS oops::GetValues::process                            :        16.22       3            5.4075
OOPS_STATS oops::GetValues::processAD                          :       127.59      43            2.9672
OOPS_STATS oops::GetValues::processTL                          :       141.30      42            3.3643
OOPS_STATS oops::Increment::Increment                          :     27824.58    2968            9.3749
OOPS_STATS oops::Increment::axpy                               :      5920.72     987            5.9987
OOPS_STATS oops::Increment::diff                               :       327.99      33            9.9392
OOPS_STATS oops::Increment::dot_product_with                   :      8926.73    1075            8.3039
OOPS_STATS oops::Increment::fromFieldSet                       :     11011.62    1333            8.2608
OOPS_STATS oops::Increment::operator*=                         :       246.54     127            1.9412
OOPS_STATS oops::Increment::operator+=                         :     10682.88    1489            7.1745
OOPS_STATS oops::Increment::operator+=(State, Increment)       :        45.06       1           45.0606
OOPS_STATS oops::Increment::operator-=                         :        84.60      30            2.8200
OOPS_STATS oops::Increment::operator=                          :      6090.45    1644            3.7047
OOPS_STATS oops::Increment::print                              :     30084.42    1297           23.1954
OOPS_STATS oops::Increment::schur_product_with                 :     12282.43    2580            4.7606
OOPS_STATS oops::Increment::serialSize                         :         4.88     186            0.0262
OOPS_STATS oops::Increment::toFieldSet                         :     10165.95    1375            7.3934
OOPS_STATS oops::Increment::zero                               :       132.40     130            1.0185
OOPS_STATS oops::Increment::~Increment                         :       138.52    2968            0.0467
OOPS_STATS oops::LinearObsOper::refl10cm::LinearObsOperator    :         2.77       1            2.7664
OOPS_STATS oops::LinearObsOper::refl10cm::requiredVars         :         0.11      87            0.0012
OOPS_STATS oops::LinearObsOper::refl10cm::setTrajectory        :         0.87       1            0.8741
OOPS_STATS oops::LinearObsOper::refl10cm::simulateObsAD        :         3.12      43            0.0726
OOPS_STATS oops::LinearObsOper::refl10cm::simulateObsTL        :         6.69      42            0.1592
OOPS_STATS oops::LinearObsOper::refl10cm::~LinearObsOperator   :         0.04       1            0.0425
OOPS_STATS oops::LinearVariableChange::LinearVariableChange    :         0.05       1            0.0506
OOPS_STATS oops::LinearVariableChange::changeVarAD             :      1803.58      43           41.9438
OOPS_STATS oops::LinearVariableChange::changeVarTL             :       619.70      42           14.7546
OOPS_STATS oops::LinearVariableChange::changeVarTraj           :         2.94       1            2.9439
OOPS_STATS oops::LinearVariableChange::~LinearVariableChange   :         0.05       1            0.0542
OOPS_STATS oops::LocalInterpolator::LocalInterpolator          :        51.50    2400            0.0215
OOPS_STATS oops::LocalInterpolator::apply                      :        14.93    2400            0.0062
OOPS_STATS oops::LocalInterpolator::applyAD                    :       110.29   34400            0.0032
OOPS_STATS oops::LocalInterpolator::applyTL                    :       124.06   33600            0.0037
OOPS_STATS oops::LocalInterpolator::preprocess                 :      1309.72      45           29.1050
OOPS_STATS oops::LocalInterpolator::preprocessAD               :        56.42      43            1.3121
OOPS_STATS oops::LocalInterpolator::~LocalInterpolator         :         1.52    2400            0.0006
OOPS_STATS oops::Localization::Localization                    :      7532.47       1         7532.4696
OOPS_STATS oops::Localization::multiply                        :    194961.71    1290          151.1331
OOPS_STATS oops::Localization::~Localization                   :         0.33       1            0.3255
OOPS_STATS oops::ModelAuxControl::ModelAuxControl              :         0.01       4            0.0015
OOPS_STATS oops::ModelAuxControl::print                        :         0.00       3            0.0004
OOPS_STATS oops::ModelAuxControl::~ModelAuxControl             :         0.00       4            0.0009
OOPS_STATS oops::ModelAuxCovariance::ModelAuxCovariance        :         0.00       1            0.0025
OOPS_STATS oops::ModelAuxCovariance::linearize                 :         0.00       1            0.0001
OOPS_STATS oops::ModelAuxCovariance::multiply                  :         0.01      43            0.0002
OOPS_STATS oops::ModelAuxCovariance::~ModelAuxCovariance       :         0.00       1            0.0005
OOPS_STATS oops::ModelAuxIncrement::ModelAuxIncrement          :         0.15     186            0.0008
OOPS_STATS oops::ModelAuxIncrement::axpy                       :         0.45     987            0.0005
OOPS_STATS oops::ModelAuxIncrement::diff                       :         0.00       3            0.0002
OOPS_STATS oops::ModelAuxIncrement::dot_product_with           :         0.26    1075            0.0002
OOPS_STATS oops::ModelAuxIncrement::operator*=                 :         0.04      83            0.0005
OOPS_STATS oops::ModelAuxIncrement::operator+=                 :         0.06     126            0.0005
OOPS_STATS oops::ModelAuxIncrement::operator+=ModelAuxControl  :         0.00       1            0.0001
OOPS_STATS oops::ModelAuxIncrement::operator=                  :         0.01      46            0.0002
OOPS_STATS oops::ModelAuxIncrement::print                      :         0.00       7            0.0006
OOPS_STATS oops::ModelAuxIncrement::serialSize                 :         0.01     186            0.0001
OOPS_STATS oops::ModelAuxIncrement::zero                       :         0.01      43            0.0002
OOPS_STATS oops::ModelAuxIncrement::~ModelAuxIncrement         :         0.04     186            0.0002
OOPS_STATS oops::ObsAuxControl::ObsAuxControl                  :         0.20       4            0.0503
OOPS_STATS oops::ObsAuxControl::print                          :         0.00       3            0.0008
OOPS_STATS oops::ObsAuxControl::requiredHdiagnostics           :         0.00       2            0.0001
OOPS_STATS oops::ObsAuxControl::requiredVars                   :         0.00       6            0.0002
OOPS_STATS oops::ObsAuxControl::write                          :         0.07       1            0.0655
OOPS_STATS oops::ObsAuxControl::~ObsAuxControl                 :         0.01       4            0.0019
OOPS_STATS oops::ObsAuxCovariance::ObsAuxCovariance            :         0.07       1            0.0716
OOPS_STATS oops::ObsAuxCovariance::inverseMultiply             :         0.04      43            0.0010
OOPS_STATS oops::ObsAuxCovariance::linearize                   :         0.01       1            0.0140
OOPS_STATS oops::ObsAuxCovariance::multiply                    :         0.22      43            0.0051
OOPS_STATS oops::ObsAuxCovariance::preconditioner              :         0.01       1            0.0144
OOPS_STATS oops::ObsAuxCovariance::write                       :         0.02       1            0.0204
OOPS_STATS oops::ObsAuxCovariance::~ObsAuxCovariance           :         0.00       1            0.0036
OOPS_STATS oops::ObsAuxIncrement::ObsAuxIncrement              :         0.82     186            0.0044
OOPS_STATS oops::ObsAuxIncrement::axpy                         :         1.33     987            0.0013
OOPS_STATS oops::ObsAuxIncrement::diff                         :         0.01       3            0.0046
OOPS_STATS oops::ObsAuxIncrement::dot_product_with             :         0.50    1075            0.0005
OOPS_STATS oops::ObsAuxIncrement::operator*=                   :         0.09      83            0.0011
OOPS_STATS oops::ObsAuxIncrement::operator+=                   :         0.18     126            0.0014
OOPS_STATS oops::ObsAuxIncrement::operator=                    :         0.04      46            0.0008
OOPS_STATS oops::ObsAuxIncrement::print                        :         0.01       7            0.0010
OOPS_STATS oops::ObsAuxIncrement::serialSize                   :         0.01     372            0.0000
OOPS_STATS oops::ObsAuxIncrement::zero                         :         0.06      43            0.0013
OOPS_STATS oops::ObsAuxIncrement::~ObsAuxIncrement             :         0.29     186            0.0016
OOPS_STATS oops::ObsAuxPreconditioner::multiply                :         0.04      43            0.0008
OOPS_STATS oops::ObsAuxPreconditioner::~ObsAuxPreconditioner   :         0.00       2            0.0009
OOPS_STATS oops::ObsDataVector::ObsDataVector                  :         0.74       4            0.1842
OOPS_STATS oops::ObsDataVector::mask                           :         0.01       2            0.0036
OOPS_STATS oops::ObsDataVector::operator=                      :         0.11       2            0.0549
OOPS_STATS oops::ObsDataVector::print                          :         1.06       2            0.5296
OOPS_STATS oops::ObsDataVector::save                           :         0.42       4            0.1040
OOPS_STATS oops::ObsDataVector::~ObsDataVector                 :         0.02       4            0.0039
OOPS_STATS oops::ObsDiagnostics::ObsDiagnostics                :         0.07       2            0.0361
OOPS_STATS oops::ObsDiagnostics::~ObsDiagnostics               :         0.02       2            0.0082
OOPS_STATS oops::ObsError::getRMSE                             :         4.50       4            1.1244
OOPS_STATS oops::ObsError::inverseMultiply                     :         0.42      44            0.0094
OOPS_STATS oops::ObsError::obserrors                           :         0.05       6            0.0081
OOPS_STATS oops::ObsError::update                              :        20.02       2           10.0088
OOPS_STATS oops::ObsError::~ObsError                           :         0.01       1            0.0065
OOPS_STATS oops::ObsOperator::refl10cm::ObsOperator            :         9.33       2            4.6630
OOPS_STATS oops::ObsOperator::refl10cm::computeReducedVars     :         0.10       3            0.0350
OOPS_STATS oops::ObsOperator::refl10cm::locations              :         1.47       3            0.4887
OOPS_STATS oops::ObsOperator::refl10cm::requiredVars           :         0.00       3            0.0015
OOPS_STATS oops::ObsOperator::refl10cm::simulateObs            :         1.21       2            0.6071
OOPS_STATS oops::ObsOperator::refl10cm::~ObsOperator           :         0.03       2            0.0149
OOPS_STATS oops::ObsSpace::ObsSpace                            :       716.35       1          716.3461
OOPS_STATS oops::ObsSpace::obsvariables                        :         0.00       3            0.0000
OOPS_STATS oops::ObsSpace::save                                :      2318.26       1         2318.2562
OOPS_STATS oops::ObsSpace::~ObsSpace                           :         0.60       1            0.6036
OOPS_STATS oops::ObsVector::ObsVector                          :         1.32     102            0.0130
OOPS_STATS oops::ObsVector::dot_product                        :         0.48       4            0.1194
OOPS_STATS oops::ObsVector::info                               :         1.74       6            0.2904
OOPS_STATS oops::ObsVector::operator*=                         :         0.01       2            0.0045
OOPS_STATS oops::ObsVector::operator-=                         :         0.02       2            0.0106
OOPS_STATS oops::ObsVector::operator=                          :         0.41       4            0.1027
OOPS_STATS oops::ObsVector::rms                                :         1.96       4            0.4912
OOPS_STATS oops::ObsVector::save                               :         0.30       6            0.0494
OOPS_STATS oops::ObsVector::zero                               :         0.04      44            0.0009
OOPS_STATS oops::ObsVector::~ObsVector                         :         0.24     102            0.0023
OOPS_STATS oops::Parameters::deserialize                       :         6.09      97            0.0628
OOPS_STATS oops::Parameters::serialize                         :         2.03      80            0.0253
OOPS_STATS oops::Run::execute                                  :    409200.03       1       409200.0290
OOPS_STATS oops::SampledLocations::SampledLocations            :         0.00       4            0.0003
OOPS_STATS oops::SampledLocations::latitudes                   :         0.00       3            0.0001
OOPS_STATS oops::SampledLocations::longitudes                  :         0.00       3            0.0000
OOPS_STATS oops::SampledLocations::times                       :         0.00       3            0.0000
OOPS_STATS oops::SampledLocations::~SampledLocations           :         0.27       8            0.0336
OOPS_STATS oops::State::State                                  :     64357.62      72          893.8559
OOPS_STATS oops::State::print                                  :        58.12       3           19.3740
OOPS_STATS oops::State::toFieldSet                             :        19.27       5            3.8535
OOPS_STATS oops::State::variables                              :         0.00      58            0.0000
OOPS_STATS oops::State::write                                  :     18618.25       1        18618.2506
OOPS_STATS oops::State::zero                                   :        58.10      30            1.9366
OOPS_STATS oops::State::~State                                 :         7.74      72            0.1074
OOPS_STATS oops::UnstructuredInterpolator::UnstructuredInterpo :        50.56    2400            0.0211
OOPS_STATS oops::UnstructuredInterpolator::apply               :       129.22   36000            0.0036
OOPS_STATS oops::UnstructuredInterpolator::applyAD             :        78.40   34400            0.0023
OOPS_STATS oops::VariableChange::VariableChange                :         0.27       3            0.0888
OOPS_STATS oops::VariableChange::changeVar                     :        19.97       3            6.6573
OOPS_STATS oops::VariableChange::~VariableChange               :         0.02       3            0.0070
OOPS_STATS oops::util::FieldSetHelpers::readFieldSet           :      7484.99       2         3742.4972
OOPS_STATS saber::Localization::Localization                   :      7532.45       1         7532.4545
OOPS_STATS saber::Localization::multiply                       :    184511.05    1290          143.0318
OOPS_STATS saber::Localization::~Localization                  :         0.00       1            0.0001
OOPS_STATS ufo::ObsFilter::ObsFilter                           :         0.59       5            0.1174
OOPS_STATS ufo::ObsFilter::checkFilterData                     :         0.01      15            0.0004
OOPS_STATS ufo::ObsFilter::postFilter                          :        24.30       5            4.8608
OOPS_STATS ufo::ObsFilter::preProcess                          :         0.01       5            0.0018
OOPS_STATS ufo::ObsFilter::priorFilter                         :         0.04       5            0.0080
OOPS_STATS ufo::ObsFilter::~ObsFilter                          :        19.16       9            2.1293
OOPS_STATS util::Timers::measured                              :    408805.07       1       408805.0671
OOPS_STATS ------------------------------------ Timing Statistics -------------------------------------

OOPS_STATS ------------------------------------------------------------------------------------------------------------------
OOPS_STATS ---------------------------------- Parallel Timing Statistics ( 800 MPI tasks) -----------------------------------
OOPS_STATS ------------------------------------------------------------------------------------------------------------------
OOPS_STATS Name                                                :     min (ms)    max (ms)    avg (ms)     % total   imbal (%)
OOPS_STATS oops::Covariance::EnsembleCovariance                :     70292.04    70292.94    70292.45       17.18        0.00
OOPS_STATS oops::Covariance::ensemble::multiply                :    236197.73   236859.60   236598.91       57.82        0.28
OOPS_STATS oops::Diffusion::multiplySqrtAD                     :     58082.60    60390.47    59250.85       14.48        3.90
OOPS_STATS oops::Diffusion::multiplySqrtTL                     :     46681.73    51790.30    49796.10       12.17       10.26
OOPS_STATS oops::Geometry::Geometry                            :     47997.28    49306.98    49250.09       12.03        2.66
OOPS_STATS oops::Geometry::~Geometry                           :       447.64      626.46      539.59        0.13       33.14
OOPS_STATS oops::GeometryData::setGlobalTree                   :      1799.07     1942.16     1886.15        0.46        7.59
OOPS_STATS oops::GetValues::fillGeoVaLsTL                      :       313.40      887.50      669.25        0.16       85.78
OOPS_STATS oops::GetValues::finalizeAD                         :       535.94     1058.95      654.64        0.16       79.89
OOPS_STATS oops::Increment::Increment                          :     23624.24    29599.87    26113.95        6.38       22.88
OOPS_STATS oops::Increment::axpy                               :      5151.96     6571.68     5967.95        1.46       23.79
OOPS_STATS oops::Increment::dot_product_with                   :      8360.13    10041.24     9014.94        2.20       18.65
OOPS_STATS oops::Increment::fromFieldSet                       :      9693.09    13529.57    10838.77        2.65       35.40
OOPS_STATS oops::Increment::operator+=                         :      9147.61    11557.57    10478.27        2.56       23.00
OOPS_STATS oops::Increment::operator=                          :      4099.50     6644.87     5759.56        1.41       44.19
OOPS_STATS oops::Increment::print                              :     24032.67    39853.07    31537.30        7.71       50.16
OOPS_STATS oops::Increment::schur_product_with                 :      8115.19    13781.16    12020.73        2.94       47.14
OOPS_STATS oops::Increment::toFieldSet                         :      9243.83    15354.41    11228.80        2.74       54.42
OOPS_STATS oops::LinearVariableChange::changeVarAD             :      1337.48     2552.01     1881.35        0.46       64.56
OOPS_STATS oops::LinearVariableChange::changeVarTL             :       433.57      975.13      711.22        0.17       76.14
OOPS_STATS oops::LocalInterpolator::preprocess                 :        90.86     1366.45     1312.79        0.32       97.17
OOPS_STATS oops::Localization::Localization                    :      7475.88     7705.17     7547.71        1.84        3.04
OOPS_STATS oops::Localization::multiply                        :    192712.03   206987.59   197629.85       48.29        7.22
OOPS_STATS oops::ObsSpace::ObsSpace                            :       664.07      726.00      693.75        0.17        8.93
OOPS_STATS oops::ObsSpace::save                                :      2126.90     2319.40     2230.53        0.55        8.63
OOPS_STATS oops::State::State                                  :     64195.69    64455.04    64291.00       15.71        0.40
OOPS_STATS oops::State::write                                  :     17392.77    18644.53    18619.85        4.55        6.72
OOPS_STATS oops::util::FieldSetHelpers::readFieldSet           :      7281.29     7484.99     7347.33        1.80        2.77
OOPS_STATS saber::Localization::Localization                   :      7475.87     7705.14     7547.70        1.84        3.04
OOPS_STATS saber::Localization::multiply                       :    181719.06   192169.21   186760.10       45.64        5.60
OOPS_STATS util::Timers::measured                              :    408805.07   408992.70   408929.11       99.93        0.05
OOPS_STATS oops::Run::execute                                  :    409169.74   409269.49   409227.48      100.00        0.02
OOPS_STATS ---------------------------------- Parallel Timing Statistics ( 800 MPI tasks) -----------------------------------

OOPS_STATS Run end                                  - Runtime:    410.18 sec,  Memory: total:  4132.53 GB, per task: min =     4.85 GB, max =     7.03 GB
Run: Finishing oops::Variational<MPAS, UFO and IODA observations> with status = 0
OOPS Ending   2026-06-03 22:37:23 (UTC+0000)
