Configuration input file is: jedivar.pass2.yaml
Full configuration is:YAMLConfiguration[path=jedivar.pass2.yaml, root={_member => {date => 2026-06-04T06:00:00Z , state variables => (water_vapor_mixing_ratio_wrt_moist_air,air_pressure_at_surface,air_temperature,northward_wind,eastward_wind,cloud_liquid_water,cloud_liquid_ice,rain_water,snow_water,graupel,equivalent_reflectivity_factor,upward_air_velocity) , stream name => ensemble} , output => {filename => mpasout.nc , stream name => analysis} , variational => {minimizer => {algorithm => DRPCG} , iterations => ({geometry => {nml_file => ./namelist.atmosphere , streams_file => ./streams.atmosphere , deallocate non-da fields => true , interpolation type => unstructured} , gradient norm reduction => 0.001 , ninner => 75})} , cost function => {cost type => 3D-Var , time window => {begin => 2026-06-04T04:00:00Z , length => PT4H} , jb evaluation => false , geometry => {nml_file => ./namelist.atmosphere , streams_file => ./streams.atmosphere , deallocate non-da fields => true , interpolation type => unstructured} , analysis variables => (water_vapor_mixing_ratio_wrt_moist_air,air_pressure_at_surface,air_temperature,northward_wind,eastward_wind,cloud_liquid_water,cloud_liquid_ice,rain_water,snow_water,graupel,equivalent_reflectivity_factor,upward_air_velocity) , background => {state variables => (water_vapor_mixing_ratio_wrt_moist_air,air_pressure_at_surface,air_temperature,northward_wind,eastward_wind,air_potential_temperature,dry_air_density,u,water_vapor_mixing_ratio_wrt_dry_air,air_pressure,landmask,seaice_fraction,snowc,skin_temperature_at_surface,ivgtyp,isltyp,snowh,vegetation_area_fraction,air_temperature_at_2m,water_vapor_mixing_ratio_wrt_moist_air_at_2m,eastward_wind_at_10m,northward_wind_at_10m,lai,smois,tslb,pressure_p,cloud_liquid_water,cloud_liquid_ice,graupel,rain_water,snow_water,cldfrac,equivalent_reflectivity_factor,w,upward_air_velocity) , filename => mpasout.nc , date => 2026-06-04T06:00:00Z} , background error => {covariance model => ensemble , localization => {localization method => SABER , saber central block => {saber block name => diffusion , active variables => (water_vapor_mixing_ratio_wrt_moist_air,air_pressure_at_surface,air_temperature,northward_wind,eastward_wind,cloud_liquid_water,cloud_liquid_ice,rain_water,snow_water,graupel,equivalent_reflectivity_factor,upward_air_velocity) , read => {groups => ({variables => (water_vapor_mixing_ratio_wrt_moist_air,air_pressure_at_surface,air_temperature,northward_wind,eastward_wind,cloud_liquid_water,cloud_liquid_ice,rain_water,snow_water,graupel,equivalent_reflectivity_factor,upward_air_velocity) , multivariate strategy => duplicated , horizontal => {filepath => data/diffusionloc/mpas_conus3km.diffusion_hz} , vertical => {levels => 59 , filepath => data/diffusionloc/mpas_conus3km.diffusion_vt}})}}} , members from template => {template => {date => 2026-06-04T06:00:00Z , state variables => (water_vapor_mixing_ratio_wrt_moist_air,air_pressure_at_surface,air_temperature,northward_wind,eastward_wind,cloud_liquid_water,cloud_liquid_ice,rain_water,snow_water,graupel,equivalent_reflectivity_factor,upward_air_velocity) , stream name => ensemble , filename => ./data/ens/mem%iMember%.nc} , pattern => %iMember% , start => 1 , zero padding => 3 , nmembers => 30}} , observations => {observers => ({obs space => {name => refl10cm , distribution => {name => RoundRobin , halo size => 500000} , obsdatain => {engine => {type => H5File , obsfile => data/obs/ioda_mrms_refl.nc , missing file action => warn}} , obsdataout => {engine => {type => H5File , allow overwrite => true , obsfile => jdiag_mrms_refl.nc}} , io pool => {write multiple files => false} , _source => mrms , simulated variables => (equivalentReflectivityFactor)} , obs operator => {name => VertInterp , vertical coordinate => height_above_mean_sea_level , observation vertical coordinate => height , interpolation method => linear , observation alias file => obsop_name_map.yaml} , obs localizations => ({localization method => Horizontal Gaspari-Cohn , lengthscale => 200000}) , _obsname => refl10cm , obs filters => ({filter => Background Check , filter variables => ({name => equivalentReflectivityFactor}) , threshold => 12 , action => {name => reject}})})}}}]
OOPS_STATS ObjectCountHelper started.
OOPS_STATS Run start                                - Runtime:      0.94 sec,  Memory: total:   104.15 GB, per task: min =   128.97 MB, max =   130.55 MB
Run: Starting oops::Variational<MPAS, UFO and IODA observations>
OOPS_STATS Variational start                        - Runtime:     0.94 sec,  Local Memory:   130.55 MB
==> create geom
atlas::mpi::push(world)
Increase halo 1
atlas::mpi::pop(world)
atlas::mpi::push(world)
atlas::mpi::pop(world)
atlas::mpi::push(world)
atlas::mpi::pop(world)
atlas::mpi::push(world)
atlas::mpi::pop(world)
refl10cm: read database from data/obs/ioda_mrms_refl.nc (io pool size: 800)
refl10cm processed vars: 1 Variables: equivalentReflectivityFactor
refl10cm assimilated vars: 1 Variables: equivalentReflectivityFactor
refl10cm: 0 observations are outside of time window out of 3929921
refl10cm: 0 observations were rejected by QC checks out of 3929921
No bias-correction is performed for this ObsSpace.
3DVar window: TimeWindow: start = 2026-06-04T04:00:00Z, end = 2026-06-04T08:00:00Z, inclusive upper bound.

OOPS_STATS IncrementalAssimilation start            - Runtime:    32.53 sec,  Local Memory:     2.28 GB
Running incremental assimilation with 1 outer iterations.
Minimizer algorithm=DRPCG
QNewtonLMP: maxouter : 1
IncrementalAssimilation: Configuration for outer iteration 0:
LocalConfiguration[root={geometry => {nml_file => ./namelist.atmosphere , streams_file => ./streams.atmosphere , deallocate non-da fields => true , interpolation type => unstructured} , gradient norm reduction => 0.001 , ninner => 75 , iteration => 0 , total iterations => 1}]
OOPS_STATS IncrementalAssimilation iteration 0      - Runtime:    32.53 sec,  Local Memory:     2.28 GB
==> create geom
atlas::mpi::push(world)
Increase halo 1
atlas::mpi::pop(world)
atlas::mpi::push(world)
atlas::mpi::pop(world)
atlas::mpi::push(world)
atlas::mpi::pop(world)
atlas::mpi::push(world)
atlas::mpi::pop(world)
Key "mesh[address=0x3d77cf0],halo[size=1]" not found in cache "NodeColumnsHaloExchangeCache" , creating new, removable with key "mesh[address=0x3d77cf0],halo[size=1]"
Key "mesh[address=0x19a0f390],halo[size=1]" not found in cache "NodeColumnsHaloExchangeCache" , creating new, removable with key "mesh[address=0x19a0f390],halo[size=1]"
processWhere: selected 0 obs.
BackgroundCheck obserr: 
refl10cm equivalentReflectivityFactor nlocs = 3929921, nobs = 3929921, min = 5, max = 5, avg = 5
processing a float: 12
ObsErrorDiagonal covariance updated 3795109
Observer::finalize QC = 
refl10cm equivalentReflectivityFactor nlocs = 3929921, nobs = 3929921, min = 0, max = 19, avg = 0
CostJo Observations: 
refl10cm nobs= 3929921 Min=0, Max=55.1727, RMS=4.04728

Jo Observations:
Jo Obs :refl10cm:equivalentReflectivityFactor   : Nobs=  3795109, Min= 0.000000e+00, Max= 5.517268e+01, RMS= 4.039896e+00
Jo Observations Equivalent:
Jo H(x):refl10cm:equivalentReflectivityFactor   : Nobs=  3795109, Min= 0.000000e+00, Max= 5.909073e+01, RMS= 3.814347e+00
Jo Bias Corrected Departures:
Jo Dep :refl10cm:equivalentReflectivityFactor   : Nobs=  3795109, Min=-5.400000e+01, Max= 5.909073e+01, RMS= 3.584423e+00
Jo Observations Errors:
UFO Diagonal observation error covariance, inverse variances: refl10cm nobs= 3795109 Min=0.04, Max=0.04, RMS=0.04



CostJo   : Nonlinear Jo(refl10cm) = 975198, nobs = 3795109, Jo/n = 0.256962, err = 5
CostJo   : Nonlinear Jo = 975198
Increment:diff x1 4
Increment:diff x2 35
Increment:diff x1 5
Increment:diff x2 36
Increment:diff x1 6
Increment:diff x2 37
Increment:diff x1 7
Increment:diff x2 38
Increment:diff x1 8
Increment:diff x2 39
Increment:diff x1 9
Increment:diff x2 40
Increment:diff x1 10
Increment:diff x2 41
Increment:diff x1 11
Increment:diff x2 42
Increment:diff x1 12
Increment:diff x2 43
Increment:diff x1 13
Increment:diff x2 44
Increment:diff x1 14
Increment:diff x2 45
Increment:diff x1 15
Increment:diff x2 46
Increment:diff x1 16
Increment:diff x2 47
Increment:diff x1 17
Increment:diff x2 48
Increment:diff x1 18
Increment:diff x2 49
Increment:diff x1 19
Increment:diff x2 50
Increment:diff x1 20
Increment:diff x2 51
Increment:diff x1 21
Increment:diff x2 52
Increment:diff x1 22
Increment:diff x2 53
Increment:diff x1 23
Increment:diff x2 54
Increment:diff x1 24
Increment:diff x2 55
Increment:diff x1 25
Increment:diff x2 56
Increment:diff x1 26
Increment:diff x2 57
Increment:diff x1 27
Increment:diff x2 58
Increment:diff x1 28
Increment:diff x2 59
Increment:diff x1 29
Increment:diff x2 60
Increment:diff x1 30
Increment:diff x2 61
Increment:diff x1 31
Increment:diff x2 62
Increment:diff x1 32
Increment:diff x2 63
Increment:diff x1 33
Increment:diff x2 64
Info     : Prepare ensemble configuration
Info     : Read full ensemble
Info     : Creating central block: 
Info     : SaberCentralBlock using multivariate strategy: deprecated
Info     : Creating single central block.
Info     : Read data

==================================================================================
 saber::Diffusion read
----------------------------------------------------------------------------------

group 1 of 1
atlas::mpi::push(world)
atlas::mpi::pop(world)
variables: [water_vapor_mixing_ratio_wrt_moist_air,air_pressure_at_surface,air_temperature,northward_wind,eastward_wind,cloud_liquid_water,cloud_liquid_ice,rain_water,snow_water,graupel,equivalent_reflectivity_factor,upward_air_velocity]
multivariate strategy: duplicated
Reading horizontal parameters
  levels: 1
Key "mesh[address=0x19a0f390]" not found in cache "NodeColumnsGatherScatterCache" , creating new, removable with key "mesh[address=0x19a0f390]"
  Info     : Reading file: data/diffusionloc/mpas_conus3km.diffusion_hz.nc
atlas::mpi::push(world)
atlas::mpi::pop(world)
  hzScales:  min: 4087.19  mean: 4087.19  max: 4087.19
  hzNorm:    min: 2.4414  mean: 3.71484  max: 4.05626
Reading vertical parameters
  levels: 59
  vertical strategy: normal
  Info     : Reading file: data/diffusionloc/mpas_conus3km.diffusion_vt.nc
atlas::mpi::push(world)
atlas::mpi::pop(world)
  vtScales:  min: 11  mean: 11  max: 11
  vtNorm:    min: 3.7178  mean: 4.83632  max: 5.25235
Diffusion: horizontal iterations: 6
Diffusion: vertical iterations: 242
Increment:diff x1 2
Increment:diff x2 1
==================================================================================

CostJb: FG-BG
  Valid time: 2026-06-04T06:00:00Z
  Resolution: nCellsGlobal = 2341818, nFields = 12
Fld=1  Min=0, Max=0, RMS=0 : water_vapor_mixing_ratio_wrt_moist_air
Fld=2  Min=0, Max=0, RMS=0 : air_pressure_at_surface
Fld=3  Min=0, Max=0, RMS=0 : air_temperature
Fld=4  Min=0, Max=0, RMS=0 : northward_wind
Fld=5  Min=0, Max=0, RMS=0 : eastward_wind
Fld=6  Min=0, Max=0, RMS=0 : cloud_liquid_water
Fld=7  Min=0, Max=0, RMS=0 : cloud_liquid_ice
Fld=8  Min=0, Max=0, RMS=0 : rain_water
Fld=9  Min=0, Max=0, RMS=0 : snow_water
Fld=10  Min=0, Max=0, RMS=0 : graupel
Fld=11  Min=0, Max=0, RMS=0 : equivalent_reflectivity_factor
Fld=12  Min=0, Max=0, RMS=0 : upward_air_velocity
Increment:diff x1 2
Increment:diff x2 1
CostJb: FG-BG
  Valid time: 2026-06-04T06:00:00Z
  Resolution: nCellsGlobal = 2341818, nFields = 12
Fld=1  Min=0, Max=0, RMS=0 : water_vapor_mixing_ratio_wrt_moist_air
Fld=2  Min=0, Max=0, RMS=0 : air_pressure_at_surface
Fld=3  Min=0, Max=0, RMS=0 : air_temperature
Fld=4  Min=0, Max=0, RMS=0 : northward_wind
Fld=5  Min=0, Max=0, RMS=0 : eastward_wind
Fld=6  Min=0, Max=0, RMS=0 : cloud_liquid_water
Fld=7  Min=0, Max=0, RMS=0 : cloud_liquid_ice
Fld=8  Min=0, Max=0, RMS=0 : rain_water
Fld=9  Min=0, Max=0, RMS=0 : snow_water
Fld=10  Min=0, Max=0, RMS=0 : graupel
Fld=11  Min=0, Max=0, RMS=0 : equivalent_reflectivity_factor
Fld=12  Min=0, Max=0, RMS=0 : upward_air_velocity
CostFunction: Nonlinear J = 975198
OOPS_STATS IncrementalAssimilation linearize 0      - Runtime:   118.93 sec,  Local Memory:     7.02 GB

DRPCGMinimizer: max iter = 75, requested norm reduction = 0.001
CostFunction::computeGradientFG: gradient:
  Valid time: 2026-06-04T06:00:00Z
  Resolution: nCellsGlobal = 2341818, nFields = 12
Fld=1  Min=0, Max=0, RMS=0 : water_vapor_mixing_ratio_wrt_moist_air
Fld=2  Min=0, Max=0, RMS=0 : air_pressure_at_surface
Fld=3  Min=0, Max=0, RMS=0 : air_temperature
Fld=4  Min=0, Max=0, RMS=0 : northward_wind
Fld=5  Min=0, Max=0, RMS=0 : eastward_wind
Fld=6  Min=0, Max=0, RMS=0 : cloud_liquid_water
Fld=7  Min=0, Max=0, RMS=0 : cloud_liquid_ice
Fld=8  Min=0, Max=0, RMS=0 : rain_water
Fld=9  Min=0, Max=0, RMS=0 : snow_water
Fld=10  Min=0, Max=0, RMS=0 : graupel
Fld=11  Min=-1.58091, Max=2.01413, RMS=0.0138541 : equivalent_reflectivity_factor
Fld=12  Min=0, Max=0, RMS=0 : upward_air_velocity
DRPCGMinimizer rhs
  Valid time: 2026-06-04T06:00:00Z
  Resolution: nCellsGlobal = 2341818, nFields = 12
Fld=1  Min=-0, Max=-0, RMS=0 : water_vapor_mixing_ratio_wrt_moist_air
Fld=2  Min=-0, Max=-0, RMS=0 : air_pressure_at_surface
Fld=3  Min=-0, Max=-0, RMS=0 : air_temperature
Fld=4  Min=-0, Max=-0, RMS=0 : northward_wind
Fld=5  Min=-0, Max=-0, RMS=0 : eastward_wind
Fld=6  Min=-0, Max=-0, RMS=0 : cloud_liquid_water
Fld=7  Min=-0, Max=-0, RMS=0 : cloud_liquid_ice
Fld=8  Min=-0, Max=-0, RMS=0 : rain_water
Fld=9  Min=-0, Max=-0, RMS=0 : snow_water
Fld=10  Min=-0, Max=-0, RMS=0 : graupel
Fld=11  Min=-2.01413, Max=1.58091, RMS=0.0138541 : equivalent_reflectivity_factor
Fld=12  Min=-0, Max=-0, RMS=0 : upward_air_velocity
Initial RHS squared norm = 26519.1
OOPS_STATS DRPCG start                              - Runtime:   119.08 sec,  Local Memory:     7.02 GB
normr0 26519.1
  Residual norm ( 0) = 7219.276804081549
  Norm reduction ( 0) = 1

  Quadratic cost function: J   ( 0) = 975198.1634909632
  Quadratic cost function: Jb  ( 0) = 0
  Quadratic cost function: JoJc( 0) = 975198.1634909632


 DRPCG Starting Iteration 1
OOPS_STATS DRPCG iteration 1                        - Runtime:   126.24 sec,  Local Memory:     7.02 GB
rdots 1.39707e+07      iteration    0
DRPCG end of iteration 1
  Residual norm ( 1) = 3737.740456565566
  Norm reduction ( 1) = 0.5177444442152941

  Quadratic cost function: J   ( 1) = 563216.2207562649
  Quadratic cost function: Jb  ( 1) = 6513.268325936528
  Quadratic cost function: JoJc( 1) = 556702.9524303284

 DRPCG Starting Iteration 2
OOPS_STATS DRPCG iteration 2                        - Runtime:   131.69 sec,  Local Memory:     7.02 GB
rdots 7.15552e+06      iteration    1
DRPCG end of iteration 2
  Residual norm ( 2) = 2674.979908624739
  Norm reduction ( 2) = 0.3705329468891387

  Quadratic cost function: J   ( 2) = 440057.3725777955
  Quadratic cost function: Jb  ( 2) = 13160.93548894782
  Quadratic cost function: JoJc( 2) = 426896.4370888477

 DRPCG Starting Iteration 3
OOPS_STATS DRPCG iteration 3                        - Runtime:   137.14 sec,  Local Memory:     7.02 GB
rdots 4.22386e+06      iteration    2
DRPCG end of iteration 3
  Residual norm ( 3) = 2055.20299330585
  Norm reduction ( 3) = 0.2846826696191929

  Quadratic cost function: J   ( 3) = 379071.2280672251
  Quadratic cost function: Jb  ( 3) = 19530.95876274666
  Quadratic cost function: JoJc( 3) = 359540.2693044784

 DRPCG Starting Iteration 4
OOPS_STATS DRPCG iteration 4                        - Runtime:   144.55 sec,  Local Memory:     7.02 GB
rdots 2.59437e+06      iteration    3
DRPCG end of iteration 4
  Residual norm ( 4) = 1610.703949571509
  Norm reduction ( 4) = 0.2231115378012474

  Quadratic cost function: J   ( 4) = 342677.0226983118
  Quadratic cost function: Jb  ( 4) = 25593.46331987222
  Quadratic cost function: JoJc( 4) = 317083.5593784396

 DRPCG Starting Iteration 5
OOPS_STATS DRPCG iteration 5                        - Runtime:   150.27 sec,  Local Memory:     7.02 GB
rdots 1.56468e+06      iteration    4
DRPCG end of iteration 5
  Residual norm ( 5) = 1250.872415697465
  Norm reduction ( 5) = 0.1732683826432949

  Quadratic cost function: J   ( 5) = 317427.4003488666
  Quadratic cost function: Jb  ( 5) = 31745.58932772795
  Quadratic cost function: JoJc( 5) = 285681.8110211386

 DRPCG Starting Iteration 6
rdots 1.07817e+06      iteration    5
DRPCG end of iteration 6
  Residual norm ( 6) = 1038.3492912654
  Norm reduction ( 6) = 0.1438300981447824

  Quadratic cost function: J   ( 6) = 300188.4138538281
  Quadratic cost function: Jb  ( 6) = 37574.93522051678
  Quadratic cost function: JoJc( 6) = 262613.4786333113

 DRPCG Starting Iteration 7
rdots 736334      iteration    6
DRPCG end of iteration 7
  Residual norm ( 7) = 858.0989446169608
  Norm reduction ( 7) = 0.1188621752433456

  Quadratic cost function: J   ( 7) = 288364.6911133884
  Quadratic cost function: Jb  ( 7) = 42857.71515539607
  Quadratic cost function: JoJc( 7) = 245506.9759579923

 DRPCG Starting Iteration 8
rdots 545332      iteration    7
DRPCG end of iteration 8
  Residual norm ( 8) = 738.4662653011944
  Norm reduction ( 8) = 0.1022908921962501

  Quadratic cost function: J   ( 8) = 279830.0867879615
  Quadratic cost function: Jb  ( 8) = 47709.49363447526
  Quadratic cost function: JoJc( 8) = 232120.5931534863

 DRPCG Starting Iteration 9
rdots 430717      iteration    8
DRPCG end of iteration 9
  Residual norm ( 9) = 656.2904243509912
  Norm reduction ( 9) = 0.09090805660477591

  Quadratic cost function: J   ( 9) = 274541.2148692418
  Quadratic cost function: Jb  ( 9) = 51371.05213903918
  Quadratic cost function: JoJc( 9) = 223170.1627302026

 DRPCG Starting Iteration 10
OOPS_STATS DRPCG iteration 10                       - Runtime:   178.07 sec,  Local Memory:     7.02 GB
rdots 296967      iteration    9
DRPCG end of iteration 10
  Residual norm (10) = 544.9468564777454
  Norm reduction (10) = 0.07548496494408551

  Quadratic cost function: J   (10) = 270537.3566824872
  Quadratic cost function: Jb  (10) = 54634.96154577294
  Quadratic cost function: JoJc(10) = 215902.3951367142

 DRPCG Starting Iteration 11
rdots 225383      iteration    10
DRPCG end of iteration 11
  Residual norm (11) = 474.7448502958917
  Norm reduction (11) = 0.06576072135473267

  Quadratic cost function: J   (11) = 267531.5118368651
  Quadratic cost function: Jb  (11) = 57480.44046556338
  Quadratic cost function: JoJc(11) = 210051.0713713017

 DRPCG Starting Iteration 12
rdots 164067      iteration    11
DRPCG end of iteration 12
  Residual norm (12) = 405.051545366842
  Norm reduction (12) = 0.05610694206071151

  Quadratic cost function: J   (12) = 265364.7257349242
  Quadratic cost function: Jb  (12) = 59826.59341378269
  Quadratic cost function: JoJc(12) = 205538.1323211415

 DRPCG Starting Iteration 13
rdots 125263      iteration    12
DRPCG end of iteration 13
  Residual norm (13) = 353.9248742964871
  Norm reduction (13) = 0.04902497631014636

  Quadratic cost function: J   (13) = 263753.779159465
  Quadratic cost function: Jb  (13) = 61794.07338093779
  Quadratic cost function: JoJc(13) = 201959.7057785272

 DRPCG Starting Iteration 14
rdots 89828.3      iteration    13
DRPCG end of iteration 14
  Residual norm (14) = 299.7137485046362
  Norm reduction (14) = 0.04151575796833106

  Quadratic cost function: J   (14) = 262606.2692896541
  Quadratic cost function: Jb  (14) = 63354.78691327179
  Quadratic cost function: JoJc(14) = 199251.4823763823

 DRPCG Starting Iteration 15
OOPS_STATS DRPCG iteration 15                       - Runtime:   206.15 sec,  Local Memory:     7.02 GB
rdots 60137.7      iteration    14
DRPCG end of iteration 15
  Residual norm (15) = 245.229909398671
  Norm reduction (15) = 0.03396876391552486

  Quadratic cost function: J   (15) = 261635.2635576919
  Quadratic cost function: Jb  (15) = 64819.09781341504
  Quadratic cost function: JoJc(15) = 196816.1657442769

 DRPCG Starting Iteration 16
rdots 45978.7      iteration    15
DRPCG end of iteration 16
  Residual norm (16) = 214.4263953535164
  Norm reduction (16) = 0.02970192183686412

  Quadratic cost function: J   (16) = 260964.626731861
  Quadratic cost function: Jb  (16) = 65935.56183809366
  Quadratic cost function: JoJc(16) = 195029.0648937674

 DRPCG Starting Iteration 17
rdots 33923.2      iteration    16
DRPCG end of iteration 17
  Residual norm (17) = 184.1824365662138
  Norm reduction (17) = 0.0255125882501254

  Quadratic cost function: J   (17) = 260475.6875629348
  Quadratic cost function: Jb  (17) = 66825.22483135073
  Quadratic cost function: JoJc(17) = 193650.4627315841

 DRPCG Starting Iteration 18
rdots 24541.9      iteration    17
DRPCG end of iteration 18
  Residual norm (18) = 156.6585461216115
  Norm reduction (18) = 0.02170003317133397

  Quadratic cost function: J   (18) = 260123.9108254418
  Quadratic cost function: Jb  (18) = 67519.52590562332
  Quadratic cost function: JoJc(18) = 192604.3849198185

 DRPCG Starting Iteration 19
rdots 19425.2      iteration    18
DRPCG end of iteration 19
  Residual norm (19) = 139.3744726974477
  Norm reduction (19) = 0.01930587737246061

  Quadratic cost function: J   (19) = 259865.0938140078
  Quadratic cost function: Jb  (19) = 68070.20047023223
  Quadratic cost function: JoJc(19) = 191794.8933437756

 DRPCG Starting Iteration 20
OOPS_STATS DRPCG iteration 20                       - Runtime:   234.69 sec,  Local Memory:     7.02 GB
rdots 13596.1      iteration    19
DRPCG end of iteration 20
  Residual norm (20) = 116.602246007977
  Norm reduction (20) = 0.01615151339564287

  Quadratic cost function: J   (20) = 259680.4607262091
  Quadratic cost function: Jb  (20) = 68491.03574343341
  Quadratic cost function: JoJc(20) = 191189.4249827757

 DRPCG Starting Iteration 21
rdots 9857.02      iteration    20
DRPCG end of iteration 21
  Residual norm (21) = 99.28253230257036
  Norm reduction (21) = 0.01375242077522768

  Quadratic cost function: J   (21) = 259539.7691868115
  Quadratic cost function: Jb  (21) = 68833.02897401182
  Quadratic cost function: JoJc(21) = 190706.7402127997

 DRPCG Starting Iteration 22
rdots 6731.21      iteration    21
DRPCG end of iteration 22
  Residual norm (22) = 82.04397935264738
  Norm reduction (22) = 0.01136457038276498

  Quadratic cost function: J   (22) = 259429.9251676922
  Quadratic cost function: Jb  (22) = 69117.59896431686
  Quadratic cost function: JoJc(22) = 190312.3262033754

 DRPCG Starting Iteration 23
rdots 5016.49      iteration    22
DRPCG end of iteration 23
  Residual norm (23) = 70.82720379518942
  Norm reduction (23) = 0.009810844731032612

  Quadratic cost function: J   (23) = 259351.386479093
  Quadratic cost function: Jb  (23) = 69334.02682376845
  Quadratic cost function: JoJc(23) = 190017.3596553245

 DRPCG Starting Iteration 24
rdots 3853.36      iteration    23
DRPCG end of iteration 24
  Residual norm (24) = 62.07546485156949
  Norm reduction (24) = 0.008598571094610751

  Quadratic cost function: J   (24) = 259295.7710937839
  Quadratic cost function: Jb  (24) = 69496.34645195889
  Quadratic cost function: JoJc(24) = 189799.424641825

 DRPCG Starting Iteration 25
OOPS_STATS DRPCG iteration 25                       - Runtime:   265.84 sec,  Local Memory:     7.02 GB
rdots 2791.14      iteration    24
DRPCG end of iteration 25
  Residual norm (25) = 52.8312623552717
  Norm reduction (25) = 0.007318082377088323

  Quadratic cost function: J   (25) = 259257.7785247614
  Quadratic cost function: Jb  (25) = 69613.13034678531
  Quadratic cost function: JoJc(25) = 189644.6481779761

 DRPCG Starting Iteration 26
rdots 1961.69      iteration    25
DRPCG end of iteration 26
  Residual norm (26) = 44.29092853811508
  Norm reduction (26) = 0.006135092162288943

  Quadratic cost function: J   (26) = 259227.7458011449
  Quadratic cost function: Jb  (26) = 69710.11142552097
  Quadratic cost function: JoJc(26) = 189517.6343756239

 DRPCG Starting Iteration 27
rdots 1400.26      iteration    26
DRPCG end of iteration 27
  Residual norm (27) = 37.41999228336633
  Norm reduction (27) = 0.005183343608906956

  Quadratic cost function: J   (27) = 259205.6454757195
  Quadratic cost function: Jb  (27) = 69785.06708065076
  Quadratic cost function: JoJc(27) = 189420.5783950687

 DRPCG Starting Iteration 28
rdots 1013.63      iteration    27
DRPCG end of iteration 28
  Residual norm (28) = 31.83754447161116
  Norm reduction (28) = 0.004410073936160922

  Quadratic cost function: J   (28) = 259189.7544864569
  Quadratic cost function: Jb  (28) = 69841.55934143803
  Quadratic cost function: JoJc(28) = 189348.1951450188

 DRPCG Starting Iteration 29
rdots 725.161      iteration    28
DRPCG end of iteration 29
  Residual norm (29) = 26.92880460339624
  Norm reduction (29) = 0.003730124960463014

  Quadratic cost function: J   (29) = 259178.1543613359
  Quadratic cost function: Jb  (29) = 69884.69951362132
  Quadratic cost function: JoJc(29) = 189293.4548477146

 DRPCG Starting Iteration 30
OOPS_STATS DRPCG iteration 30                       - Runtime:   295.58 sec,  Local Memory:     7.02 GB
rdots 558.853      iteration    29
DRPCG end of iteration 30
  Residual norm (30) = 23.64007561468656
  Norm reduction (30) = 0.003274576700164927

  Quadratic cost function: J   (30) = 259170.0784387365
  Quadratic cost function: Jb  (30) = 69916.04217101709
  Quadratic cost function: JoJc(30) = 189254.0362677194

 DRPCG Starting Iteration 31
rdots 403.066      iteration    30
DRPCG end of iteration 31
  Residual norm (31) = 20.07649523403077
  Norm reduction (31) = 0.002780956566546965

  Quadratic cost function: J   (31) = 259164.0617327986
  Quadratic cost function: Jb  (31) = 69940.35880733698
  Quadratic cost function: JoJc(31) = 189223.7029254616

 DRPCG Starting Iteration 32
rdots 295.631      iteration    31
DRPCG end of iteration 32
  Residual norm (32) = 17.19391189917657
  Norm reduction (32) = 0.002381666802061901

  Quadratic cost function: J   (32) = 259159.8441546735
  Quadratic cost function: Jb  (32) = 69958.07266937656
  Quadratic cost function: JoJc(32) = 189201.771485297

 DRPCG Starting Iteration 33
rdots 207.844      iteration    32
DRPCG end of iteration 33
  Residual norm (33) = 14.41680998295561
  Norm reduction (33) = 0.00199698811587399

  Quadratic cost function: J   (33) = 259156.6847627308
  Quadratic cost function: Jb  (33) = 69971.83858665908
  Quadratic cost function: JoJc(33) = 189184.8461760718

 DRPCG Starting Iteration 34
rdots 140.81      iteration    33
DRPCG end of iteration 34
  Residual norm (34) = 11.86634035425263
  Norm reduction (34) = 0.00164370208765839

  Quadratic cost function: J   (34) = 259154.3116989594
  Quadratic cost function: Jb  (34) = 69982.56298169713
  Quadratic cost function: JoJc(34) = 189171.7487172623

 DRPCG Starting Iteration 35
OOPS_STATS DRPCG iteration 35                       - Runtime:   327.12 sec,  Local Memory:     7.02 GB
rdots 96.2244      iteration    34
DRPCG end of iteration 35
  Residual norm (35) = 9.80940274407074
  Norm reduction (35) = 0.001358779142326945

  Quadratic cost function: J   (35) = 259152.5209807942
  Quadratic cost function: Jb  (35) = 69990.96058209208
  Quadratic cost function: JoJc(35) = 189161.5603987021

 DRPCG Starting Iteration 36
rdots 73.5002      iteration    35
DRPCG end of iteration 36
  Residual norm (36) = 8.573227953796932
  Norm reduction (36) = 0.001187546645801128

  Quadratic cost function: J   (36) = 259151.2702592928
  Quadratic cost function: Jb  (36) = 69997.04474810336
  Quadratic cost function: JoJc(36) = 189154.2255111894

 DRPCG Starting Iteration 37
rdots 54.0669      iteration    36
DRPCG end of iteration 37
  Residual norm (37) = 7.353020495151991
  Norm reduction (37) = 0.00101852591259485

  Quadratic cost function: J   (37) = 259150.4208341956
  Quadratic cost function: Jb  (37) = 70001.32091126678
  Quadratic cost function: JoJc(37) = 189149.0999229288

 DRPCG Starting Iteration 38
rdots 39.0026      iteration    37
DRPCG end of iteration 38
  Residual norm (38) = 6.245208021176702
  Norm reduction (38) = 0.0008650739112324742

  Quadratic cost function: J   (38) = 259149.8131712291
  Quadratic cost function: Jb  (38) = 70004.47953501473
  Quadratic cost function: JoJc(38) = 189145.3336362144

DRPCG: Achieved required reduction in residual norm.
OOPS_STATS DRPCG end                                - Runtime:   352.72 sec,  Local Memory:     7.02 GB
DRPCGMinimizer: reduction in residual norm = 0.000865074
DRPCGMinimizer output increment:
  Valid time: 2026-06-04T06:00:00Z
  Resolution: nCellsGlobal = 2341818, nFields = 12
Fld=1  Min=-0.0114588, Max=0.00893117, RMS=9.18208e-05 : water_vapor_mixing_ratio_wrt_moist_air
Fld=2  Min=-62.0279, Max=91.6819, RMS=2.76911 : air_pressure_at_surface
Fld=3  Min=-10.4739, Max=7.18947, RMS=0.103836 : air_temperature
Fld=4  Min=-38.3368, Max=23.2279, RMS=0.367003 : northward_wind
Fld=5  Min=-27.7923, Max=33.4828, RMS=0.39726 : eastward_wind
Fld=6  Min=-0.00434269, Max=0.0029822, RMS=1.39795e-05 : cloud_liquid_water
Fld=7  Min=-0.000864703, Max=0.00104722, RMS=4.05576e-06 : cloud_liquid_ice
Fld=8  Min=-0.00411415, Max=0.003679, RMS=2.16193e-05 : rain_water
Fld=9  Min=-0.00406247, Max=0.00449098, RMS=5.6613e-05 : snow_water
Fld=10  Min=-0.0081045, Max=0.00523452, RMS=2.26768e-05 : graupel
Fld=11  Min=-76.099, Max=60.9512, RMS=2.06435 : equivalent_reflectivity_factor
Fld=12  Min=0, Max=0, RMS=0 : upward_air_velocity
CostFunction::addIncrement: First guess:
  Valid time: 2026-06-04T06:00:00Z
  Resolution: nCellsGlobal = 2341818, nFields = 35
Fld=1  Min=0, Max=0.020919, RMS=0.00572561 : water_vapor_mixing_ratio_wrt_moist_air
Fld=2  Min=63857.7, Max=102828, RMS=96761.2 : air_pressure_at_surface
Fld=3  Min=194.797, Max=313.194, RMS=260.784 : air_temperature
Fld=4  Min=-36.1106, Max=50.0401, RMS=7.15447 : northward_wind
Fld=5  Min=-25.9895, Max=63.7094, RMS=10.4265 : eastward_wind
Fld=6  Min=270.287, Max=642.241, RMS=355.33 : air_potential_temperature
Fld=7  Min=0.0385562, Max=1.29607, RMS=0.784157 : dry_air_density
Fld=8  Min=-63.7549, Max=63.7412, RMS=8.96519 : u
Fld=9  Min=0, Max=0.021366, RMS=0.00579023 : water_vapor_mixing_ratio_wrt_dry_air
Fld=10  Min=2451.59, Max=102718, RMS=64502.9 : air_pressure
Fld=11  Min=0, Max=1, RMS=0.790008 : landmask
Fld=12  Min=0, Max=0.992932, RMS=0.026755 : seaice_fraction
Fld=13  Min=0, Max=1, RMS=0.0523577 : snowc
Fld=14  Min=260.048, Max=310.037, RMS=290.428 : skin_temperature_at_surface
Fld=15  Min=1, Max=19, RMS=12.7664 : ivgtyp
Fld=16  Min=1, Max=16, RMS=9.97061 : isltyp
Fld=17  Min=0, Max=7.5, RMS=0.151937 : snowh
Fld=18  Min=0, Max=0.926014, RMS=0.417708 : vegetation_area_fraction
Fld=19  Min=263.793, Max=310.919, RMS=290.465 : air_temperature_at_2m
Fld=20  Min=0.000435754, Max=0.0212119, RMS=0.0107802 : water_vapor_mixing_ratio_wrt_moist_air_at_2m
Fld=21  Min=-21.2084, Max=18.0283, RMS=3.71894 : eastward_wind_at_10m
Fld=22  Min=-21.3034, Max=19.5429, RMS=3.84967 : northward_wind_at_10m
Fld=23  Min=0, Max=6.56065, RMS=1.70048 : lai
Fld=24  Min=0.00200001, Max=1, RMS=0.633945 : smois
Fld=25  Min=262.373, Max=312.975, RMS=290.862 : tslb
Fld=26  Min=-877.006, Max=5886.01, RMS=3304.82 : pressure_p
Fld=27  Min=0, Max=0.00652036, RMS=4.37254e-05 : cloud_liquid_water
Fld=28  Min=0, Max=0.00266683, RMS=9.42098e-06 : cloud_liquid_ice
Fld=29  Min=0, Max=0.0118208, RMS=2.97917e-05 : graupel
Fld=30  Min=0, Max=0.0134795, RMS=4.66839e-05 : rain_water
Fld=31  Min=0, Max=0.00630777, RMS=9.02782e-05 : snow_water
Fld=32  Min=0, Max=1, RMS=0.209243 : cldfrac
Fld=33  Min=0, Max=71.3811, RMS=4.28323 : equivalent_reflectivity_factor
Fld=34  Min=-8.89644, Max=30.9095, RMS=0.146244 : w
Fld=35  Min=0, Max=0, RMS=0 : upward_air_velocity
CostFunction::addIncrement: Increment:
  Valid time: 2026-06-04T06:00:00Z
  Resolution: nCellsGlobal = 2341818, nFields = 12
Fld=1  Min=-0.0114588, Max=0.00893117, RMS=9.18208e-05 : water_vapor_mixing_ratio_wrt_moist_air
Fld=2  Min=-62.0279, Max=91.6819, RMS=2.76911 : air_pressure_at_surface
Fld=3  Min=-10.4739, Max=7.18947, RMS=0.103836 : air_temperature
Fld=4  Min=-38.3368, Max=23.2279, RMS=0.367003 : northward_wind
Fld=5  Min=-27.7923, Max=33.4828, RMS=0.39726 : eastward_wind
Fld=6  Min=-0.00434269, Max=0.0029822, RMS=1.39795e-05 : cloud_liquid_water
Fld=7  Min=-0.000864703, Max=0.00104722, RMS=4.05576e-06 : cloud_liquid_ice
Fld=8  Min=-0.00411415, Max=0.003679, RMS=2.16193e-05 : rain_water
Fld=9  Min=-0.00406247, Max=0.00449098, RMS=5.6613e-05 : snow_water
Fld=10  Min=-0.0081045, Max=0.00523452, RMS=2.26768e-05 : graupel
Fld=11  Min=-76.099, Max=60.9512, RMS=2.06435 : equivalent_reflectivity_factor
Fld=12  Min=0, Max=0, RMS=0 : upward_air_velocity
CostFunction::addIncrement: Analysis: 
  Valid time: 2026-06-04T06:00:00Z
  Resolution: nCellsGlobal = 2341818, nFields = 35
Fld=1  Min=0, Max=0.020919, RMS=0.005725 : water_vapor_mixing_ratio_wrt_moist_air
Fld=2  Min=63857.7, Max=102828, RMS=96761.4 : air_pressure_at_surface
Fld=3  Min=194.797, Max=313.194, RMS=260.786 : air_temperature
Fld=4  Min=-37, Max=50.0401, RMS=7.16216 : northward_wind
Fld=5  Min=-27.8304, Max=70.2276, RMS=10.4315 : eastward_wind
Fld=6  Min=270.287, Max=642.241, RMS=355.331 : air_potential_temperature
Fld=7  Min=0.0383898, Max=1.29607, RMS=0.784155 : dry_air_density
Fld=8  Min=-69.3761, Max=69.9088, RMS=8.97085 : u
Fld=9  Min=0, Max=0.021366, RMS=0.00578961 : water_vapor_mixing_ratio_wrt_dry_air
Fld=10  Min=2446.22, Max=102718, RMS=64503.1 : air_pressure
Fld=11  Min=0, Max=1, RMS=0.790008 : landmask
Fld=12  Min=0, Max=0.992932, RMS=0.026755 : seaice_fraction
Fld=13  Min=0, Max=1, RMS=0.0523577 : snowc
Fld=14  Min=260.048, Max=310.037, RMS=290.428 : skin_temperature_at_surface
Fld=15  Min=1, Max=19, RMS=12.7664 : ivgtyp
Fld=16  Min=1, Max=16, RMS=9.97061 : isltyp
Fld=17  Min=0, Max=7.5, RMS=0.151937 : snowh
Fld=18  Min=0, Max=0.926014, RMS=0.417708 : vegetation_area_fraction
Fld=19  Min=263.801, Max=310.919, RMS=290.466 : air_temperature_at_2m
Fld=20  Min=0.000435754, Max=0.0212119, RMS=0.0107791 : water_vapor_mixing_ratio_wrt_moist_air_at_2m
Fld=21  Min=-21.2084, Max=18.0283, RMS=3.71894 : eastward_wind_at_10m
Fld=22  Min=-21.3034, Max=19.5429, RMS=3.84967 : northward_wind_at_10m
Fld=23  Min=0, Max=6.56065, RMS=1.70048 : lai
Fld=24  Min=0.00200001, Max=1, RMS=0.633945 : smois
Fld=25  Min=262.373, Max=312.975, RMS=290.862 : tslb
Fld=26  Min=-895.395, Max=5902.88, RMS=3305.01 : pressure_p
Fld=27  Min=0, Max=0.0065204, RMS=4.39896e-05 : cloud_liquid_water
Fld=28  Min=0, Max=0.00261314, RMS=9.86182e-06 : cloud_liquid_ice
Fld=29  Min=0, Max=0.011492, RMS=3.34606e-05 : graupel
Fld=30  Min=0, Max=0.012152, RMS=4.56578e-05 : rain_water
Fld=31  Min=0, Max=0.00643647, RMS=9.84568e-05 : snow_water
Fld=32  Min=0, Max=1, RMS=0.209243 : cldfrac
Fld=33  Min=0, Max=81.6466, RMS=4.04653 : equivalent_reflectivity_factor
Fld=34  Min=-8.89644, Max=30.9095, RMS=0.146244 : w
Fld=35  Min=0, Max=0, RMS=0 : upward_air_velocity
OOPS_STATS IncrementalAssimilation end              - Runtime:   352.93 sec,  Local Memory:     7.02 GB
Variational: incremental assimilation done 1 iterations.
QC refl10cm equivalentReflectivityFactor: 134811 H(x) failed.
QC refl10cm equivalentReflectivityFactor: 1 rejected by first-guess check.
QC refl10cm equivalentReflectivityFactor: 3795109 passed out of 3929921 observations.
ObsErrorDiagonal covariance updated 3795109
Observer::finalize QC = 
refl10cm equivalentReflectivityFactor nlocs = 3929921, nobs = 3929921, min = 0, max = 19, avg = 0
Jo Observations:
Jo Obs :refl10cm:equivalentReflectivityFactor   : Nobs=  3795109, Min= 0.000000e+00, Max= 5.517268e+01, RMS= 4.039896e+00
Jo Observations Equivalent:
Jo H(x):refl10cm:equivalentReflectivityFactor   : Nobs=  3795109, Min= 0.000000e+00, Max= 6.046288e+01, RMS= 3.712983e+00
Jo Bias Corrected Departures:
Jo Dep :refl10cm:equivalentReflectivityFactor   : Nobs=  3795109, Min=-4.867952e+01, Max= 4.991974e+01, RMS= 1.579981e+00
Jo Observations Errors:
UFO Diagonal observation error covariance, inverse variances: refl10cm nobs= 3795109 Min=0.04, Max=0.04, RMS=0.04



CostJo   : Nonlinear Jo(refl10cm) = 189478, nobs = 3795109, Jo/n = 0.0499268, err = 5
CostJo   : Nonlinear Jo = 189478
Increment:diff x1 2
Increment:diff x2 1
CostJb: FG-BG
  Valid time: 2026-06-04T06:00:00Z
  Resolution: nCellsGlobal = 2341818, nFields = 12
Fld=1  Min=-0.00867717, Max=0.00893117, RMS=9.17233e-05 : water_vapor_mixing_ratio_wrt_moist_air
Fld=2  Min=-62.0279, Max=91.6819, RMS=2.76911 : air_pressure_at_surface
Fld=3  Min=-10.4739, Max=7.18947, RMS=0.103836 : air_temperature
Fld=4  Min=-38.3368, Max=23.2279, RMS=0.367003 : northward_wind
Fld=5  Min=-27.7923, Max=33.4828, RMS=0.39726 : eastward_wind
Fld=6  Min=-0.00192059, Max=0.0029822, RMS=1.13541e-05 : cloud_liquid_water
Fld=7  Min=-0.00066565, Max=0.00104722, RMS=3.57732e-06 : cloud_liquid_ice
Fld=8  Min=-0.00379688, Max=0.003679, RMS=1.7084e-05 : rain_water
Fld=9  Min=-0.00346573, Max=0.00449098, RMS=5.37663e-05 : snow_water
Fld=10  Min=-0.00566634, Max=0.00523452, RMS=1.98334e-05 : graupel
Fld=11  Min=-64.9562, Max=60.9512, RMS=2.01148 : equivalent_reflectivity_factor
Fld=12  Min=0, Max=0, RMS=0 : upward_air_velocity
CostFunction: Nonlinear J = 189478
OOPS_STATS Variational end                          - Runtime:   371.62 sec,  Local Memory:     7.02 GB
==> destruct MPAS corelist and domain:  0
Tried to erase key "mesh[address=0x3d77cf0],halo[size=0]" from cache "NodeColumnsHaloExchangeCache" but it was not found.
Erased key "mesh[address=0x3d77cf0],halo[size=1]" from cache "NodeColumnsHaloExchangeCache".
==> destruct MPAS corelist and domain:  1
refl10cm: save database to jdiag_mrms_refl.nc (io pool size: 4)
QC refl10cm equivalentReflectivityFactor: 134811 H(x) failed.
QC refl10cm equivalentReflectivityFactor: 1 rejected by first-guess check.
QC refl10cm equivalentReflectivityFactor: 3795109 passed out of 3929921 observations.
Erased key "mesh[address=0x19a0f390]" from cache "NodeColumnsGatherScatterCache".
Tried to erase key "mesh[address=0x19a0f390],halo[size=0]" from cache "NodeColumnsHaloExchangeCache" but it was not found.
Erased key "mesh[address=0x19a0f390],halo[size=1]" from cache "NodeColumnsHaloExchangeCache".

Run: Finishing oops::Variational<MPAS, UFO and IODA observations>
OOPS_STATS  
OOPS_STATS ----------------------------------------------------------------------------------
OOPS_STATS --------------------------- Object counts ----------------------------------------
OOPS_STATS ----------------------------------------------------------------------------------
OOPS_STATS                                      Total  Simult. Remain    Avg (Mb)    HWM (Mb)
OOPS_STATS ioda::ObsDataVector             :        8       5        
OOPS_STATS ioda::ObsVector                 :       96       8        
OOPS_STATS mpas::Geometry                  :        2       2        
OOPS_STATS mpas::Increment                 :     2774     123        
OOPS_STATS mpas::LinVarChaModel2GeoVars    :        1       1        
OOPS_STATS mpas::ModelBias                 :        4       3        
OOPS_STATS mpas::ModelBiasCovariance       :        1       1        
OOPS_STATS mpas::State                     :       75      34        
OOPS_STATS mpas::VarChaModel2GeoVars       :        3       1        
OOPS_STATS oops::ControlIncrement          :      170      90               15.22     1369.84
OOPS_STATS oops::ControlVariable           :        4       3        
OOPS_STATS oops::Diffusion                 :        1       1        
OOPS_STATS oops::EnsembleCovariance        :        1       1             3535.19     3535.19
OOPS_STATS oops::GeoVaLs                   :       80       1        
OOPS_STATS oops::Geometry                  :        2       2        
OOPS_STATS oops::GetValues                 :        3       2        
OOPS_STATS oops::Increment                 :     2696     123               15.02     1872.11
OOPS_STATS oops::LinearObsOperator         :        1       1        
OOPS_STATS oops::LocalInterpolator         :     2400    1600        
OOPS_STATS oops::Localization              :        1       1        
OOPS_STATS oops::ModelAuxControl           :        4       3        
OOPS_STATS oops::ModelAuxCovariance        :        1       1        
OOPS_STATS oops::ModelAuxIncrement         :      170      90        
OOPS_STATS oops::ObsAuxControl             :        4       3        
OOPS_STATS oops::ObsAuxCovariance          :        1       1        
OOPS_STATS oops::ObsAuxIncrement           :      170      90        
OOPS_STATS oops::ObsAuxIncrements          :      170      90        
OOPS_STATS oops::ObsAuxPreconditioner      :        2       2        
OOPS_STATS oops::ObsDataVector             :        4       4        
OOPS_STATS oops::ObsDiagnostics            :        2       1        
OOPS_STATS oops::ObsError                  :        1       1        
OOPS_STATS oops::ObsOperator               :        2       2        
OOPS_STATS oops::ObsSpace                  :        1       1                4.57        4.57
OOPS_STATS oops::ObsSpaces                 :        1       1        
OOPS_STATS oops::ObsVector                 :       96       7                0.04        0.24
OOPS_STATS oops::SampledLocations          :        8       4        
OOPS_STATS oops::State                     :       72      34               21.39      702.08
OOPS_STATS oops::UnstructuredInterpolator  :     2400    1600        
OOPS_STATS oops::VariableChange            :        3       1        
OOPS_STATS ufo::BackgroundCheck            :        1       1        
OOPS_STATS ufo::FinalCheck                 :        2       2        
OOPS_STATS ufo::GeoVaLs                    :       83       2        
OOPS_STATS ufo::ObsBias                    :        4       3        
OOPS_STATS ufo::ObsBiasCovariance          :        1       1        
OOPS_STATS ufo::ObsBiasPreconditioner      :        1       1        
OOPS_STATS ufo::ObsFilter                  :        9       6        
OOPS_STATS ufo::ObsFilterData              :        3       3        
OOPS_STATS ufo::ObsVertInterp              :        2       2        
OOPS_STATS ufo::ObsVertInterpTLAD          :        1       1        
OOPS_STATS ufo::SampledLocations           :        4       3        
OOPS_STATS ----------------------------- Object counts --------------------------------------
OOPS_STATS  
OOPS_STATS --------------------------------------------------------------------------------------------
OOPS_STATS ------------------------------------ Timing Statistics -------------------------------------
OOPS_STATS --------------------------------------------------------------------------------------------
OOPS_STATS Name                                                :   total (ms)   count    time/call (ms)
OOPS_STATS ObsFilter::Background Check::ObsFilter              :         0.15       1            0.1529
OOPS_STATS ObsFilter::Background Check::postFilter             :        23.09       1           23.0931
OOPS_STATS ObsFilter::Background Check::preProcess             :         0.01       1            0.0054
OOPS_STATS ObsFilter::Background Check::priorFilter            :         0.03       1            0.0265
OOPS_STATS ObsFilter::Final Check::ObsFilter                   :         5.33       2            2.6651
OOPS_STATS ObsFilter::Final Check::postFilter                  :         0.05       2            0.0240
OOPS_STATS ObsFilter::Final Check::preProcess                  :         0.03       2            0.0161
OOPS_STATS ObsFilter::Final Check::priorFilter                 :         0.01       2            0.0025
OOPS_STATS ObsFilter::QCmanager::ObsFilter                     :         4.47       2            2.2329
OOPS_STATS ObsFilter::QCmanager::postFilter                    :         0.22       2            0.1111
OOPS_STATS ObsFilter::QCmanager::preProcess                    :         0.00       2            0.0001
OOPS_STATS ObsFilter::QCmanager::priorFilter                   :         0.00       2            0.0001
OOPS_STATS ioda::ObsSpace::get_db(DateTime)                    :         1.35       4            0.3380
OOPS_STATS ioda::ObsSpace::get_db(double)                      :         0.32       5            0.0645
OOPS_STATS ioda::ObsSpace::get_db(float)                       :         3.24      12            0.2700
OOPS_STATS ioda::ObsSpace::load                                :       715.53       1          715.5285
OOPS_STATS ioda::ObsSpace::put_db(double)                      :         1.24       6            0.2061
OOPS_STATS ioda::ObsSpace::put_db(float)                       :         0.08       2            0.0378
OOPS_STATS ioda::ObsSpace::put_db(int)                         :         7.64       2            3.8197
OOPS_STATS mpas::LinVarChaModel2GeoVars::LinVarChaModel2GeoVar :         2.89       1            2.8922
OOPS_STATS mpas::LinVarChaModel2GeoVars::changeVarAD           :      2087.67      39           53.5300
OOPS_STATS mpas::LinVarChaModel2GeoVars::changeVarTL           :       136.15      38            3.5828
OOPS_STATS mpas::LinVarChaModel2GeoVars::~LinVarChaModel2GeoVa :         0.04       1            0.0369
OOPS_STATS mpas::VarChaModel2GeoVars::VarChaModel2GeoVars      :         0.87       3            0.2915
OOPS_STATS mpas::VarChaModel2GeoVars::changeVar                :        12.76       3            4.2522
OOPS_STATS mpas::VarChaModel2GeoVars::~VarChaModel2GeoVars     :         0.01       3            0.0019
OOPS_STATS oops::Covariance::EnsembleCovariance                :     63905.04       1        63905.0436
OOPS_STATS oops::Covariance::ensemble::Constructor             :         0.01       1            0.0092
OOPS_STATS oops::Covariance::ensemble::multiply                :    211246.97      39         5416.5891
OOPS_STATS oops::Diffusion::Diffusion                          :         0.00       1            0.0001
OOPS_STATS oops::Diffusion::calculateDerivedGeom               :         2.09       1            2.0868
OOPS_STATS oops::Diffusion::multiplySqrtAD                     :     53675.15    1170           45.8762
OOPS_STATS oops::Diffusion::multiplySqrtTL                     :     45946.27    1170           39.2703
OOPS_STATS oops::Diffusion::setParameters                      :        87.23       1           87.2310
OOPS_STATS oops::GeoVaLs::GeoVaLs                              :        22.27      80            0.2784
OOPS_STATS oops::GeoVaLs::fill                                 :        29.65   27676            0.0011
OOPS_STATS oops::GeoVaLs::fillAD                               :        20.45   24531            0.0008
OOPS_STATS oops::GeoVaLs::~GeoVaLs                             :         0.49      80            0.0062
OOPS_STATS oops::Geometry::Geometry                            :     47333.65       2        23666.8233
OOPS_STATS oops::Geometry::variableSizes                       :         4.45      11            0.4048
OOPS_STATS oops::Geometry::~Geometry                           :       392.61       2          196.3027
OOPS_STATS oops::GeometryData::containingTriangleAndBarycentri :        44.90   20259            0.0022
OOPS_STATS oops::GeometryData::setGlobalTree                   :      1806.18       2          903.0896
OOPS_STATS oops::GeometryData::setLocalTree                    :         3.22       2            1.6083
OOPS_STATS oops::GeometryData::setMeshAndTriangulation         :         0.29       2            0.1474
OOPS_STATS oops::GetValues::GetValues                          :       260.48       3           86.8266
OOPS_STATS oops::GetValues::fillGeoVaLs                        :        53.52       3           17.8386
OOPS_STATS oops::GetValues::fillGeoVaLsAD                      :       107.10      39            2.7462
OOPS_STATS oops::GetValues::fillGeoVaLsTL                      :       963.75      38           25.3619
OOPS_STATS oops::GetValues::finalize                           :        20.90       3            6.9682
OOPS_STATS oops::GetValues::finalizeAD                         :       743.46      39           19.0632
OOPS_STATS oops::GetValues::finalizeTL                         :        95.72      38            2.5190
OOPS_STATS oops::GetValues::initialize                         :         2.06       3            0.6868
OOPS_STATS oops::GetValues::initializeAD                       :         4.39      39            0.1126
OOPS_STATS oops::GetValues::initializeTL                       :        16.39      38            0.4314
OOPS_STATS oops::GetValues::process                            :        16.50       3            5.4996
OOPS_STATS oops::GetValues::processAD                          :       113.61      39            2.9132
OOPS_STATS oops::GetValues::processTL                          :       127.09      38            3.3444
OOPS_STATS oops::Increment::Increment                          :     26537.29    2696            9.8432
OOPS_STATS oops::Increment::axpy                               :      4860.20     817            5.9488
OOPS_STATS oops::Increment::diff                               :       339.41      33           10.2851
OOPS_STATS oops::Increment::dot_product_with                   :      7492.63     897            8.3530
OOPS_STATS oops::Increment::fromFieldSet                       :     10434.79    1209            8.6309
OOPS_STATS oops::Increment::operator*=                         :       201.02     115            1.7480
OOPS_STATS oops::Increment::operator+=                         :     10047.04    1353            7.4257
OOPS_STATS oops::Increment::operator+=(State, Increment)       :        49.48       1           49.4795
OOPS_STATS oops::Increment::operator-=                         :       151.11      30            5.0370
OOPS_STATS oops::Increment::operator=                          :      5618.72    1492            3.7659
OOPS_STATS oops::Increment::print                              :     21009.68    1177           17.8502
OOPS_STATS oops::Increment::schur_product_with                 :     11237.83    2340            4.8025
OOPS_STATS oops::Increment::serialSize                         :         4.60     170            0.0271
OOPS_STATS oops::Increment::toFieldSet                         :      9373.14    1247            7.5165
OOPS_STATS oops::Increment::zero                               :       117.03     118            0.9918
OOPS_STATS oops::Increment::~Increment                         :       150.48    2696            0.0558
OOPS_STATS oops::LinearObsOper::refl10cm::LinearObsOperator    :         0.54       1            0.5394
OOPS_STATS oops::LinearObsOper::refl10cm::requiredVars         :         0.09      79            0.0012
OOPS_STATS oops::LinearObsOper::refl10cm::setTrajectory        :        13.27       1           13.2701
OOPS_STATS oops::LinearObsOper::refl10cm::simulateObsAD        :         2.68      39            0.0688
OOPS_STATS oops::LinearObsOper::refl10cm::simulateObsTL        :        30.88      38            0.8127
OOPS_STATS oops::LinearObsOper::refl10cm::~LinearObsOperator   :         1.83       1            1.8251
OOPS_STATS oops::LinearVariableChange::LinearVariableChange    :         0.05       1            0.0537
OOPS_STATS oops::LinearVariableChange::changeVarAD             :      2706.07      39           69.3864
OOPS_STATS oops::LinearVariableChange::changeVarTL             :       547.74      38           14.4143
OOPS_STATS oops::LinearVariableChange::changeVarTraj           :         2.91       1            2.9076
OOPS_STATS oops::LinearVariableChange::~LinearVariableChange   :         1.24       1            1.2416
OOPS_STATS oops::LocalInterpolator::LocalInterpolator          :        52.47    2400            0.0219
OOPS_STATS oops::LocalInterpolator::apply                      :        15.22    2400            0.0063
OOPS_STATS oops::LocalInterpolator::applyAD                    :        97.70   31200            0.0031
OOPS_STATS oops::LocalInterpolator::applyTL                    :       111.50   30400            0.0037
OOPS_STATS oops::LocalInterpolator::preprocess                 :      1220.98      41           29.7801
OOPS_STATS oops::LocalInterpolator::preprocessAD               :        66.56      39            1.7067
OOPS_STATS oops::LocalInterpolator::~LocalInterpolator         :         8.25    2400            0.0034
OOPS_STATS oops::Localization::Localization                    :      7662.71       1         7662.7066
OOPS_STATS oops::Localization::multiply                        :    171854.12    1170          146.8839
OOPS_STATS oops::Localization::~Localization                   :         8.95       1            8.9502
OOPS_STATS oops::ModelAuxControl::ModelAuxControl              :         0.01       4            0.0023
OOPS_STATS oops::ModelAuxControl::print                        :         0.00       3            0.0009
OOPS_STATS oops::ModelAuxControl::~ModelAuxControl             :         0.00       4            0.0011
OOPS_STATS oops::ModelAuxCovariance::ModelAuxCovariance        :         0.00       1            0.0022
OOPS_STATS oops::ModelAuxCovariance::linearize                 :         0.00       1            0.0001
OOPS_STATS oops::ModelAuxCovariance::multiply                  :         0.01      39            0.0002
OOPS_STATS oops::ModelAuxCovariance::~ModelAuxCovariance       :         0.00       1            0.0010
OOPS_STATS oops::ModelAuxIncrement::ModelAuxIncrement          :         0.16     170            0.0009
OOPS_STATS oops::ModelAuxIncrement::axpy                       :         0.34     817            0.0004
OOPS_STATS oops::ModelAuxIncrement::diff                       :         0.00       3            0.0003
OOPS_STATS oops::ModelAuxIncrement::dot_product_with           :         0.25     897            0.0003
OOPS_STATS oops::ModelAuxIncrement::operator*=                 :         0.03      75            0.0004
OOPS_STATS oops::ModelAuxIncrement::operator+=                 :         0.05     114            0.0005
OOPS_STATS oops::ModelAuxIncrement::operator+=ModelAuxControl  :         0.00       1            0.0001
OOPS_STATS oops::ModelAuxIncrement::operator=                  :         0.02      42            0.0004
OOPS_STATS oops::ModelAuxIncrement::print                      :         0.00       7            0.0006
OOPS_STATS oops::ModelAuxIncrement::serialSize                 :         0.01     170            0.0001
OOPS_STATS oops::ModelAuxIncrement::zero                       :         0.01      39            0.0003
OOPS_STATS oops::ModelAuxIncrement::~ModelAuxIncrement         :         0.03     170            0.0002
OOPS_STATS oops::ObsAuxControl::ObsAuxControl                  :         0.19       4            0.0479
OOPS_STATS oops::ObsAuxControl::print                          :         0.01       3            0.0026
OOPS_STATS oops::ObsAuxControl::requiredHdiagnostics           :         0.00       2            0.0001
OOPS_STATS oops::ObsAuxControl::requiredVars                   :         0.00       6            0.0002
OOPS_STATS oops::ObsAuxControl::write                          :         0.04       1            0.0426
OOPS_STATS oops::ObsAuxControl::~ObsAuxControl                 :         0.07       4            0.0184
OOPS_STATS oops::ObsAuxCovariance::ObsAuxCovariance            :         0.08       1            0.0774
OOPS_STATS oops::ObsAuxCovariance::inverseMultiply             :         0.05      39            0.0012
OOPS_STATS oops::ObsAuxCovariance::linearize                   :         4.84       1            4.8440
OOPS_STATS oops::ObsAuxCovariance::multiply                    :         0.27      39            0.0068
OOPS_STATS oops::ObsAuxCovariance::preconditioner              :         0.02       1            0.0230
OOPS_STATS oops::ObsAuxCovariance::write                       :         0.12       1            0.1222
OOPS_STATS oops::ObsAuxCovariance::~ObsAuxCovariance           :         0.01       1            0.0089
OOPS_STATS oops::ObsAuxIncrement::ObsAuxIncrement              :         6.01     170            0.0353
OOPS_STATS oops::ObsAuxIncrement::axpy                         :         1.24     817            0.0015
OOPS_STATS oops::ObsAuxIncrement::diff                         :         0.02       3            0.0054
OOPS_STATS oops::ObsAuxIncrement::dot_product_with             :         0.51     897            0.0006
OOPS_STATS oops::ObsAuxIncrement::operator*=                   :         0.10      75            0.0014
OOPS_STATS oops::ObsAuxIncrement::operator+=                   :         0.16     114            0.0014
OOPS_STATS oops::ObsAuxIncrement::operator=                    :         0.03      42            0.0008
OOPS_STATS oops::ObsAuxIncrement::print                        :         0.01       7            0.0009
OOPS_STATS oops::ObsAuxIncrement::serialSize                   :         0.01     340            0.0000
OOPS_STATS oops::ObsAuxIncrement::zero                         :         0.05      39            0.0013
OOPS_STATS oops::ObsAuxIncrement::~ObsAuxIncrement             :         1.32     170            0.0078
OOPS_STATS oops::ObsAuxPreconditioner::multiply                :         0.10      39            0.0025
OOPS_STATS oops::ObsAuxPreconditioner::~ObsAuxPreconditioner   :         0.01       2            0.0027
OOPS_STATS oops::ObsDataVector::ObsDataVector                  :         0.13       4            0.0331
OOPS_STATS oops::ObsDataVector::mask                           :         0.01       2            0.0039
OOPS_STATS oops::ObsDataVector::operator=                      :         0.21       2            0.1047
OOPS_STATS oops::ObsDataVector::print                          :         0.85       2            0.4271
OOPS_STATS oops::ObsDataVector::save                           :         7.73       4            1.9335
OOPS_STATS oops::ObsDataVector::~ObsDataVector                 :         0.02       4            0.0061
OOPS_STATS oops::ObsDiagnostics::ObsDiagnostics                :         0.08       2            0.0381
OOPS_STATS oops::ObsDiagnostics::~ObsDiagnostics               :         0.02       2            0.0077
OOPS_STATS oops::ObsError::getRMSE                             :         9.39       4            2.3477
OOPS_STATS oops::ObsError::inverseMultiply                     :         0.76      40            0.0190
OOPS_STATS oops::ObsError::obserrors                           :         0.04       6            0.0074
OOPS_STATS oops::ObsError::update                              :        13.86       2            6.9293
OOPS_STATS oops::ObsError::~ObsError                           :         1.20       1            1.2028
OOPS_STATS oops::ObsOperator::refl10cm::ObsOperator            :         3.09       2            1.5470
OOPS_STATS oops::ObsOperator::refl10cm::computeReducedVars     :         0.67       3            0.2243
OOPS_STATS oops::ObsOperator::refl10cm::locations              :         2.42       3            0.8051
OOPS_STATS oops::ObsOperator::refl10cm::requiredVars           :         0.00       3            0.0012
OOPS_STATS oops::ObsOperator::refl10cm::simulateObs            :         3.99       2            1.9951
OOPS_STATS oops::ObsOperator::refl10cm::~ObsOperator           :         2.67       2            1.3333
OOPS_STATS oops::ObsSpace::ObsSpace                            :       718.66       1          718.6592
OOPS_STATS oops::ObsSpace::obsvariables                        :         0.00       3            0.0000
OOPS_STATS oops::ObsSpace::save                                :      2481.73       1         2481.7297
OOPS_STATS oops::ObsSpace::~ObsSpace                           :         1.37       1            1.3693
OOPS_STATS oops::ObsVector::ObsVector                          :         6.55      94            0.0697
OOPS_STATS oops::ObsVector::dot_product                        :         3.33       4            0.8337
OOPS_STATS oops::ObsVector::info                               :         1.98       6            0.3295
OOPS_STATS oops::ObsVector::operator*=                         :         0.01       2            0.0046
OOPS_STATS oops::ObsVector::operator-=                         :         0.02       2            0.0103
OOPS_STATS oops::ObsVector::operator=                          :         0.41       4            0.1028
OOPS_STATS oops::ObsVector::rms                                :         4.98       4            1.2460
OOPS_STATS oops::ObsVector::save                               :         1.27       6            0.2117
OOPS_STATS oops::ObsVector::zero                               :         0.30      40            0.0076
OOPS_STATS oops::ObsVector::~ObsVector                         :         0.55      94            0.0058
OOPS_STATS oops::Parameters::deserialize                       :         9.91      97            0.1022
OOPS_STATS oops::Parameters::serialize                         :         1.83      80            0.0229
OOPS_STATS oops::Run::execute                                  :    373822.95       1       373822.9524
OOPS_STATS oops::SampledLocations::SampledLocations            :         0.00       4            0.0002
OOPS_STATS oops::SampledLocations::latitudes                   :         0.00       3            0.0001
OOPS_STATS oops::SampledLocations::longitudes                  :         0.00       3            0.0000
OOPS_STATS oops::SampledLocations::times                       :         0.00       3            0.0000
OOPS_STATS oops::SampledLocations::~SampledLocations           :         1.17       8            0.1461
OOPS_STATS oops::State::State                                  :     57832.65      72          803.2313
OOPS_STATS oops::State::print                                  :        78.45       3           26.1511
OOPS_STATS oops::State::toFieldSet                             :        22.82       5            4.5649
OOPS_STATS oops::State::variables                              :         0.00      58            0.0000
OOPS_STATS oops::State::write                                  :     18430.42       1        18430.4179
OOPS_STATS oops::State::zero                                   :        63.88      30            2.1293
OOPS_STATS oops::State::~State                                 :         6.44      72            0.0895
OOPS_STATS oops::UnstructuredInterpolator::UnstructuredInterpo :        51.59    2400            0.0215
OOPS_STATS oops::UnstructuredInterpolator::apply               :       117.82   32800            0.0036
OOPS_STATS oops::UnstructuredInterpolator::applyAD             :        69.65   31200            0.0022
OOPS_STATS oops::VariableChange::VariableChange                :         1.45       3            0.4818
OOPS_STATS oops::VariableChange::changeVar                     :        17.91       3            5.9706
OOPS_STATS oops::VariableChange::~VariableChange               :         0.02       3            0.0070
OOPS_STATS oops::util::FieldSetHelpers::readFieldSet           :      7493.99       2         3746.9954
OOPS_STATS saber::Localization::Localization                   :      7662.69       1         7662.6934
OOPS_STATS saber::Localization::multiply                       :    162234.93    1170          138.6623
OOPS_STATS saber::Localization::~Localization                  :         0.00       1            0.0001
OOPS_STATS ufo::ObsFilter::ObsFilter                           :         9.95       5            1.9910
OOPS_STATS ufo::ObsFilter::checkFilterData                     :         0.01      15            0.0005
OOPS_STATS ufo::ObsFilter::postFilter                          :        23.37       5            4.6736
OOPS_STATS ufo::ObsFilter::preProcess                          :         0.04       5            0.0081
OOPS_STATS ufo::ObsFilter::priorFilter                         :         0.04       5            0.0075
OOPS_STATS ufo::ObsFilter::~ObsFilter                          :        21.35       9            2.3720
OOPS_STATS util::Timers::measured                              :    373444.71       1       373444.7093
OOPS_STATS ------------------------------------ Timing Statistics -------------------------------------

OOPS_STATS ------------------------------------------------------------------------------------------------------------------
OOPS_STATS ---------------------------------- Parallel Timing Statistics ( 800 MPI tasks) -----------------------------------
OOPS_STATS ------------------------------------------------------------------------------------------------------------------
OOPS_STATS Name                                                :     min (ms)    max (ms)    avg (ms)     % total   imbal (%)
OOPS_STATS oops::Covariance::EnsembleCovariance                :     63904.50    63917.47    63905.65       17.09        0.02
OOPS_STATS oops::Covariance::ensemble::multiply                :    210870.27   211453.40   211203.77       56.49        0.28
OOPS_STATS oops::Diffusion::multiplySqrtAD                     :     52827.95    55868.95    53846.69       14.40        5.65
OOPS_STATS oops::Diffusion::multiplySqrtTL                     :     42185.49    49994.74    45319.16       12.12       17.23
OOPS_STATS oops::Geometry::Geometry                            :     46246.53    47489.26    47428.24       12.69        2.62
OOPS_STATS oops::Geometry::~Geometry                           :       373.53      564.65      475.86        0.13       40.16
OOPS_STATS oops::GeometryData::setGlobalTree                   :      1806.18     1957.61     1887.90        0.50        8.02
OOPS_STATS oops::GetValues::fillGeoVaLsTL                      :       424.63     1057.44      860.84        0.23       73.51
OOPS_STATS oops::GetValues::finalizeAD                         :       588.57     1179.48      760.23        0.20       77.73
OOPS_STATS oops::Increment::Increment                          :     21469.54    28056.51    23756.26        6.35       27.73
OOPS_STATS oops::Increment::axpy                               :      4289.78     5432.61     4949.29        1.32       23.09
OOPS_STATS oops::Increment::dot_product_with                   :      6885.31     8411.14     7541.75        2.02       20.23
OOPS_STATS oops::Increment::fromFieldSet                       :      8820.04    12557.34     9831.71        2.63       38.01
OOPS_STATS oops::Increment::operator+=                         :      8322.25    10908.96     9496.99        2.54       27.24
OOPS_STATS oops::Increment::operator=                          :      3849.34     6466.30     5217.67        1.40       50.16
OOPS_STATS oops::Increment::print                              :     18836.48    31678.98    25043.71        6.70       51.28
OOPS_STATS oops::Increment::schur_product_with                 :      7659.39    13145.30    10860.94        2.91       50.51
OOPS_STATS oops::Increment::toFieldSet                         :      8382.43    14525.96    10177.01        2.72       60.37
OOPS_STATS oops::LinearVariableChange::changeVarAD             :      2322.36     3501.73     2791.55        0.75       42.25
OOPS_STATS oops::LinearVariableChange::changeVarTL             :       475.84      919.75      688.89        0.18       64.44
OOPS_STATS oops::LocalInterpolator::preprocess                 :        58.91     1280.65     1224.92        0.33       99.74
OOPS_STATS oops::Localization::Localization                    :      7602.33     7787.66     7650.72        2.05        2.42
OOPS_STATS oops::Localization::multiply                        :    171625.11   183687.63   175934.34       47.06        6.86
OOPS_STATS oops::ObsSpace::ObsSpace                            :       657.01      725.30      692.44        0.19        9.86
OOPS_STATS oops::ObsSpace::save                                :      2296.42     2482.06     2392.08        0.64        7.76
OOPS_STATS oops::State::State                                  :     57745.35    57985.67    57839.08       15.47        0.42
OOPS_STATS oops::State::write                                  :     17261.83    18457.65    18431.96        4.93        6.49
OOPS_STATS oops::util::FieldSetHelpers::readFieldSet           :      7289.18     7493.99     7340.15        1.96        2.79
OOPS_STATS saber::Localization::Localization                   :      7602.32     7787.64     7650.68        2.05        2.42
OOPS_STATS saber::Localization::multiply                       :    160812.81   170907.68   166047.62       44.42        6.08
OOPS_STATS util::Timers::measured                              :    373444.71   373610.19   373547.71       99.92        0.04
OOPS_STATS oops::Run::execute                                  :    373797.73   373906.61   373853.99      100.00        0.03
OOPS_STATS ---------------------------------- Parallel Timing Statistics ( 800 MPI tasks) -----------------------------------

OOPS_STATS Run end                                  - Runtime:    374.75 sec,  Memory: total:  4014.03 GB, per task: min =     4.69 GB, max =     7.02 GB
Run: Finishing oops::Variational<MPAS, UFO and IODA observations> with status = 0
OOPS Ending   2026-06-04 09:38:38 (UTC+0000)
