Configuration input file is: jedivar.pass2.yaml
Full configuration is:YAMLConfiguration[path=jedivar.pass2.yaml, root={_member => {date => 2026-06-03T22:00:00Z , state variables => (water_vapor_mixing_ratio_wrt_moist_air,air_pressure_at_surface,air_temperature,northward_wind,eastward_wind,cloud_liquid_water,cloud_liquid_ice,rain_water,snow_water,graupel,equivalent_reflectivity_factor,upward_air_velocity) , stream name => ensemble} , output => {filename => mpasout.nc , stream name => analysis} , variational => {minimizer => {algorithm => DRPCG} , iterations => ({geometry => {nml_file => ./namelist.atmosphere , streams_file => ./streams.atmosphere , deallocate non-da fields => true , interpolation type => unstructured} , gradient norm reduction => 0.001 , ninner => 75})} , cost function => {cost type => 3D-Var , time window => {begin => 2026-06-03T20:00:00Z , length => PT4H} , jb evaluation => false , geometry => {nml_file => ./namelist.atmosphere , streams_file => ./streams.atmosphere , deallocate non-da fields => true , interpolation type => unstructured} , analysis variables => (water_vapor_mixing_ratio_wrt_moist_air,air_pressure_at_surface,air_temperature,northward_wind,eastward_wind,cloud_liquid_water,cloud_liquid_ice,rain_water,snow_water,graupel,equivalent_reflectivity_factor,upward_air_velocity) , background => {state variables => (water_vapor_mixing_ratio_wrt_moist_air,air_pressure_at_surface,air_temperature,northward_wind,eastward_wind,air_potential_temperature,dry_air_density,u,water_vapor_mixing_ratio_wrt_dry_air,air_pressure,landmask,seaice_fraction,snowc,skin_temperature_at_surface,ivgtyp,isltyp,snowh,vegetation_area_fraction,air_temperature_at_2m,water_vapor_mixing_ratio_wrt_moist_air_at_2m,eastward_wind_at_10m,northward_wind_at_10m,lai,smois,tslb,pressure_p,cloud_liquid_water,cloud_liquid_ice,graupel,rain_water,snow_water,cldfrac,equivalent_reflectivity_factor,w,upward_air_velocity) , filename => mpasout.nc , date => 2026-06-03T22:00:00Z} , background error => {covariance model => ensemble , localization => {localization method => SABER , saber central block => {saber block name => diffusion , active variables => (water_vapor_mixing_ratio_wrt_moist_air,air_pressure_at_surface,air_temperature,northward_wind,eastward_wind,cloud_liquid_water,cloud_liquid_ice,rain_water,snow_water,graupel,equivalent_reflectivity_factor,upward_air_velocity) , read => {groups => ({variables => (water_vapor_mixing_ratio_wrt_moist_air,air_pressure_at_surface,air_temperature,northward_wind,eastward_wind,cloud_liquid_water,cloud_liquid_ice,rain_water,snow_water,graupel,equivalent_reflectivity_factor,upward_air_velocity) , multivariate strategy => duplicated , horizontal => {filepath => data/diffusionloc/mpas_conus3km.diffusion_hz} , vertical => {levels => 59 , filepath => data/diffusionloc/mpas_conus3km.diffusion_vt}})}}} , members from template => {template => {date => 2026-06-03T22:00:00Z , state variables => (water_vapor_mixing_ratio_wrt_moist_air,air_pressure_at_surface,air_temperature,northward_wind,eastward_wind,cloud_liquid_water,cloud_liquid_ice,rain_water,snow_water,graupel,equivalent_reflectivity_factor,upward_air_velocity) , stream name => ensemble , filename => ./data/ens/mem%iMember%.nc} , pattern => %iMember% , start => 1 , zero padding => 3 , nmembers => 30}} , observations => {observers => ({obs space => {name => refl10cm , distribution => {name => RoundRobin , halo size => 500000} , obsdatain => {engine => {type => H5File , obsfile => data/obs/ioda_mrms_refl.nc , missing file action => warn}} , obsdataout => {engine => {type => H5File , allow overwrite => true , obsfile => jdiag_mrms_refl.nc}} , io pool => {write multiple files => false} , _source => mrms , simulated variables => (equivalentReflectivityFactor)} , obs operator => {name => VertInterp , vertical coordinate => height_above_mean_sea_level , observation vertical coordinate => height , interpolation method => linear , observation alias file => obsop_name_map.yaml} , obs localizations => ({localization method => Horizontal Gaspari-Cohn , lengthscale => 200000}) , _obsname => refl10cm , obs filters => ({filter => Background Check , filter variables => ({name => equivalentReflectivityFactor}) , threshold => 12 , action => {name => reject}})})}}}]
OOPS_STATS ObjectCountHelper started.
OOPS_STATS Run start                                - Runtime:      1.06 sec,  Memory: total:   104.12 GB, per task: min =   128.97 MB, max =   130.55 MB
Run: Starting oops::Variational<MPAS, UFO and IODA observations>
OOPS_STATS Variational start                        - Runtime:     1.06 sec,  Local Memory:   130.55 MB
==> create geom
atlas::mpi::push(world)
Increase halo 1
atlas::mpi::pop(world)
atlas::mpi::push(world)
atlas::mpi::pop(world)
atlas::mpi::push(world)
atlas::mpi::pop(world)
atlas::mpi::push(world)
atlas::mpi::pop(world)
refl10cm: read database from data/obs/ioda_mrms_refl.nc (io pool size: 800)
refl10cm processed vars: 1 Variables: equivalentReflectivityFactor
refl10cm assimilated vars: 1 Variables: equivalentReflectivityFactor
refl10cm: 0 observations are outside of time window out of 3933514
refl10cm: 0 observations were rejected by QC checks out of 3933514
No bias-correction is performed for this ObsSpace.
3DVar window: TimeWindow: start = 2026-06-03T20:00:00Z, end = 2026-06-04T00:00:00Z, inclusive upper bound.

OOPS_STATS IncrementalAssimilation start            - Runtime:    34.45 sec,  Local Memory:     2.28 GB
Running incremental assimilation with 1 outer iterations.
Minimizer algorithm=DRPCG
QNewtonLMP: maxouter : 1
IncrementalAssimilation: Configuration for outer iteration 0:
LocalConfiguration[root={geometry => {nml_file => ./namelist.atmosphere , streams_file => ./streams.atmosphere , deallocate non-da fields => true , interpolation type => unstructured} , gradient norm reduction => 0.001 , ninner => 75 , iteration => 0 , total iterations => 1}]
OOPS_STATS IncrementalAssimilation iteration 0      - Runtime:    34.45 sec,  Local Memory:     2.28 GB
==> create geom
atlas::mpi::push(world)
Increase halo 1
atlas::mpi::pop(world)
atlas::mpi::push(world)
atlas::mpi::pop(world)
atlas::mpi::push(world)
atlas::mpi::pop(world)
atlas::mpi::push(world)
atlas::mpi::pop(world)
Key "mesh[address=0x3dcfe50],halo[size=1]" not found in cache "NodeColumnsHaloExchangeCache" , creating new, removable with key "mesh[address=0x3dcfe50],halo[size=1]"
Key "mesh[address=0x19a876a0],halo[size=1]" not found in cache "NodeColumnsHaloExchangeCache" , creating new, removable with key "mesh[address=0x19a876a0],halo[size=1]"
processWhere: selected 0 obs.
BackgroundCheck obserr: 
refl10cm equivalentReflectivityFactor nlocs = 3933514, nobs = 3933514, min = 5, max = 5, avg = 5
processing a float: 12
ObsErrorDiagonal covariance updated 3796569
Observer::finalize QC = 
refl10cm equivalentReflectivityFactor nlocs = 3933514, nobs = 3933514, min = 0, max = 19, avg = 0
CostJo Observations: 
refl10cm nobs= 3933514 Min=0, Max=60.0341, RMS=4.78969

Jo Observations:
Jo Obs :refl10cm:equivalentReflectivityFactor   : Nobs=  3796569, Min= 0.000000e+00, Max= 6.003413e+01, RMS= 4.840796e+00
Jo Observations Equivalent:
Jo H(x):refl10cm:equivalentReflectivityFactor   : Nobs=  3796569, Min= 0.000000e+00, Max= 6.558973e+01, RMS= 4.161678e+00
Jo Bias Corrected Departures:
Jo Dep :refl10cm:equivalentReflectivityFactor   : Nobs=  3796569, Min=-5.962664e+01, Max= 5.977648e+01, RMS= 4.609311e+00
Jo Observations Errors:
UFO Diagonal observation error covariance, inverse variances: refl10cm nobs= 3796569 Min=0.04, Max=0.04, RMS=0.04



CostJo   : Nonlinear Jo(refl10cm) = 1.61322e+06, nobs = 3796569, Jo/n = 0.424915, err = 5
CostJo   : Nonlinear Jo = 1.61322e+06
Increment:diff x1 4
Increment:diff x2 35
Increment:diff x1 5
Increment:diff x2 36
Increment:diff x1 6
Increment:diff x2 37
Increment:diff x1 7
Increment:diff x2 38
Increment:diff x1 8
Increment:diff x2 39
Increment:diff x1 9
Increment:diff x2 40
Increment:diff x1 10
Increment:diff x2 41
Increment:diff x1 11
Increment:diff x2 42
Increment:diff x1 12
Increment:diff x2 43
Increment:diff x1 13
Increment:diff x2 44
Increment:diff x1 14
Increment:diff x2 45
Increment:diff x1 15
Increment:diff x2 46
Increment:diff x1 16
Increment:diff x2 47
Increment:diff x1 17
Increment:diff x2 48
Increment:diff x1 18
Increment:diff x2 49
Increment:diff x1 19
Increment:diff x2 50
Increment:diff x1 20
Increment:diff x2 51
Increment:diff x1 21
Increment:diff x2 52
Increment:diff x1 22
Increment:diff x2 53
Increment:diff x1 23
Increment:diff x2 54
Increment:diff x1 24
Increment:diff x2 55
Increment:diff x1 25
Increment:diff x2 56
Increment:diff x1 26
Increment:diff x2 57
Increment:diff x1 27
Increment:diff x2 58
Increment:diff x1 28
Increment:diff x2 59
Increment:diff x1 29
Increment:diff x2 60
Increment:diff x1 30
Increment:diff x2 61
Increment:diff x1 31
Increment:diff x2 62
Increment:diff x1 32
Increment:diff x2 63
Increment:diff x1 33
Increment:diff x2 64
Info     : Prepare ensemble configuration
Info     : Read full ensemble
Info     : Creating central block: 
Info     : SaberCentralBlock using multivariate strategy: deprecated
Info     : Creating single central block.
Info     : Read data

==================================================================================
 saber::Diffusion read
----------------------------------------------------------------------------------

group 1 of 1
atlas::mpi::push(world)
atlas::mpi::pop(world)
variables: [water_vapor_mixing_ratio_wrt_moist_air,air_pressure_at_surface,air_temperature,northward_wind,eastward_wind,cloud_liquid_water,cloud_liquid_ice,rain_water,snow_water,graupel,equivalent_reflectivity_factor,upward_air_velocity]
multivariate strategy: duplicated
Reading horizontal parameters
  levels: 1
Key "mesh[address=0x19a876a0]" not found in cache "NodeColumnsGatherScatterCache" , creating new, removable with key "mesh[address=0x19a876a0]"
  Info     : Reading file: data/diffusionloc/mpas_conus3km.diffusion_hz.nc
atlas::mpi::push(world)
atlas::mpi::pop(world)
  hzScales:  min: 4087.19  mean: 4087.19  max: 4087.19
  hzNorm:    min: 2.4414  mean: 3.71484  max: 4.05626
Reading vertical parameters
  levels: 59
  vertical strategy: normal
  Info     : Reading file: data/diffusionloc/mpas_conus3km.diffusion_vt.nc
atlas::mpi::push(world)
atlas::mpi::pop(world)
  vtScales:  min: 11  mean: 11  max: 11
  vtNorm:    min: 3.7178  mean: 4.83632  max: 5.25235
Diffusion: horizontal iterations: 6
Diffusion: vertical iterations: 242
Increment:diff x1 2
Increment:diff x2 1
==================================================================================

CostJb: FG-BG
  Valid time: 2026-06-03T22:00:00Z
  Resolution: nCellsGlobal = 2341818, nFields = 12
Fld=1  Min=0, Max=0, RMS=0 : water_vapor_mixing_ratio_wrt_moist_air
Fld=2  Min=0, Max=0, RMS=0 : air_pressure_at_surface
Fld=3  Min=0, Max=0, RMS=0 : air_temperature
Fld=4  Min=0, Max=0, RMS=0 : northward_wind
Fld=5  Min=0, Max=0, RMS=0 : eastward_wind
Fld=6  Min=0, Max=0, RMS=0 : cloud_liquid_water
Fld=7  Min=0, Max=0, RMS=0 : cloud_liquid_ice
Fld=8  Min=0, Max=0, RMS=0 : rain_water
Fld=9  Min=0, Max=0, RMS=0 : snow_water
Fld=10  Min=0, Max=0, RMS=0 : graupel
Fld=11  Min=0, Max=0, RMS=0 : equivalent_reflectivity_factor
Fld=12  Min=0, Max=0, RMS=0 : upward_air_velocity
Increment:diff x1 2
Increment:diff x2 1
CostJb: FG-BG
  Valid time: 2026-06-03T22:00:00Z
  Resolution: nCellsGlobal = 2341818, nFields = 12
Fld=1  Min=0, Max=0, RMS=0 : water_vapor_mixing_ratio_wrt_moist_air
Fld=2  Min=0, Max=0, RMS=0 : air_pressure_at_surface
Fld=3  Min=0, Max=0, RMS=0 : air_temperature
Fld=4  Min=0, Max=0, RMS=0 : northward_wind
Fld=5  Min=0, Max=0, RMS=0 : eastward_wind
Fld=6  Min=0, Max=0, RMS=0 : cloud_liquid_water
Fld=7  Min=0, Max=0, RMS=0 : cloud_liquid_ice
Fld=8  Min=0, Max=0, RMS=0 : rain_water
Fld=9  Min=0, Max=0, RMS=0 : snow_water
Fld=10  Min=0, Max=0, RMS=0 : graupel
Fld=11  Min=0, Max=0, RMS=0 : equivalent_reflectivity_factor
Fld=12  Min=0, Max=0, RMS=0 : upward_air_velocity
CostFunction: Nonlinear J = 1.61322e+06
OOPS_STATS IncrementalAssimilation linearize 0      - Runtime:   134.98 sec,  Local Memory:     7.02 GB

DRPCGMinimizer: max iter = 75, requested norm reduction = 0.001
CostFunction::computeGradientFG: gradient:
  Valid time: 2026-06-03T22:00:00Z
  Resolution: nCellsGlobal = 2341818, nFields = 12
Fld=1  Min=0, Max=0, RMS=0 : water_vapor_mixing_ratio_wrt_moist_air
Fld=2  Min=0, Max=0, RMS=0 : air_pressure_at_surface
Fld=3  Min=0, Max=0, RMS=0 : air_temperature
Fld=4  Min=0, Max=0, RMS=0 : northward_wind
Fld=5  Min=0, Max=0, RMS=0 : eastward_wind
Fld=6  Min=0, Max=0, RMS=0 : cloud_liquid_water
Fld=7  Min=0, Max=0, RMS=0 : cloud_liquid_ice
Fld=8  Min=0, Max=0, RMS=0 : rain_water
Fld=9  Min=0, Max=0, RMS=0 : snow_water
Fld=10  Min=0, Max=0, RMS=0 : graupel
Fld=11  Min=-1.8915, Max=1.99025, RMS=0.0177399 : equivalent_reflectivity_factor
Fld=12  Min=0, Max=0, RMS=0 : upward_air_velocity
DRPCGMinimizer rhs
  Valid time: 2026-06-03T22:00:00Z
  Resolution: nCellsGlobal = 2341818, nFields = 12
Fld=1  Min=-0, Max=-0, RMS=0 : water_vapor_mixing_ratio_wrt_moist_air
Fld=2  Min=-0, Max=-0, RMS=0 : air_pressure_at_surface
Fld=3  Min=-0, Max=-0, RMS=0 : air_temperature
Fld=4  Min=-0, Max=-0, RMS=0 : northward_wind
Fld=5  Min=-0, Max=-0, RMS=0 : eastward_wind
Fld=6  Min=-0, Max=-0, RMS=0 : cloud_liquid_water
Fld=7  Min=-0, Max=-0, RMS=0 : cloud_liquid_ice
Fld=8  Min=-0, Max=-0, RMS=0 : rain_water
Fld=9  Min=-0, Max=-0, RMS=0 : snow_water
Fld=10  Min=-0, Max=-0, RMS=0 : graupel
Fld=11  Min=-1.99025, Max=1.8915, RMS=0.0177399 : equivalent_reflectivity_factor
Fld=12  Min=-0, Max=-0, RMS=0 : upward_air_velocity
Initial RHS squared norm = 43482
OOPS_STATS DRPCG start                              - Runtime:   135.12 sec,  Local Memory:     7.02 GB
normr0 43482
  Residual norm ( 0) = 8942.302438591561
  Norm reduction ( 0) = 1

  Quadratic cost function: J   ( 0) = 1613218.883245899
  Quadratic cost function: Jb  ( 0) = 0
  Quadratic cost function: JoJc( 0) = 1613218.883245899


 DRPCG Starting Iteration 1
OOPS_STATS DRPCG iteration 1                        - Runtime:   140.79 sec,  Local Memory:     7.02 GB
rdots 3.3363e+07      iteration    0
DRPCG end of iteration 1
  Residual norm ( 1) = 5776.06973526239
  Norm reduction ( 1) = 0.6459264574115812

  Quadratic cost function: J   ( 1) = 1088197.800546267
  Quadratic cost function: Jb  ( 1) = 6894.214221370541
  Quadratic cost function: JoJc( 1) = 1081303.586324897

 DRPCG Starting Iteration 2
OOPS_STATS DRPCG iteration 2                        - Runtime:   146.75 sec,  Local Memory:     7.02 GB
rdots 1.56406e+07      iteration    1
DRPCG end of iteration 2
  Residual norm ( 2) = 3954.822555565129
  Norm reduction ( 2) = 0.4422599864770426

  Quadratic cost function: J   ( 2) = 857118.2915894395
  Quadratic cost function: Jb  ( 2) = 17499.51603058605
  Quadratic cost function: JoJc( 2) = 839618.7755588534

 DRPCG Starting Iteration 3
OOPS_STATS DRPCG iteration 3                        - Runtime:   152.66 sec,  Local Memory:     7.02 GB
rdots 9.05729e+06      iteration    2
DRPCG end of iteration 3
  Residual norm ( 3) = 3009.533269677425
  Norm reduction ( 3) = 0.3365501547665654

  Quadratic cost function: J   ( 3) = 739819.3859400186
  Quadratic cost function: Jb  ( 3) = 28114.04549942002
  Quadratic cost function: JoJc( 3) = 711705.3404405985

 DRPCG Starting Iteration 4
OOPS_STATS DRPCG iteration 4                        - Runtime:   158.45 sec,  Local Memory:     7.02 GB
rdots 5.76066e+06      iteration    3
DRPCG end of iteration 4
  Residual norm ( 4) = 2400.137621049139
  Norm reduction ( 4) = 0.2684026443448235

  Quadratic cost function: J   ( 4) = 668402.9288796743
  Quadratic cost function: Jb  ( 4) = 38571.23539911989
  Quadratic cost function: JoJc( 4) = 629831.6934805544

 DRPCG Starting Iteration 5
OOPS_STATS DRPCG iteration 5                        - Runtime:   164.24 sec,  Local Memory:     7.02 GB
rdots 3.7183e+06      iteration    4
DRPCG end of iteration 5
  Residual norm ( 5) = 1928.289149843844
  Norm reduction ( 5) = 0.2156367628008291

  Quadratic cost function: J   ( 5) = 619437.2139401659
  Quadratic cost function: Jb  ( 5) = 49129.65510288109
  Quadratic cost function: JoJc( 5) = 570307.5588372848

 DRPCG Starting Iteration 6
rdots 2.59375e+06      iteration    5
DRPCG end of iteration 6
  Residual norm ( 6) = 1610.511317085316
  Norm reduction ( 6) = 0.1801002961088594

  Quadratic cost function: J   ( 6) = 585259.815895235
  Quadratic cost function: Jb  ( 6) = 59346.39764144264
  Quadratic cost function: JoJc( 6) = 525913.4182537924

 DRPCG Starting Iteration 7
rdots 1.95819e+06      iteration    6
DRPCG end of iteration 7
  Residual norm ( 7) = 1399.353934791817
  Norm reduction ( 7) = 0.1564869835706674

  Quadratic cost function: J   ( 7) = 562873.5029843173
  Quadratic cost function: Jb  ( 7) = 68094.6455234579
  Quadratic cost function: JoJc( 7) = 494778.8574608593

 DRPCG Starting Iteration 8
rdots 1.46447e+06      iteration    7
DRPCG end of iteration 8
  Residual norm ( 8) = 1210.151554852057
  Norm reduction ( 8) = 0.1353288555338394

  Quadratic cost function: J   ( 8) = 546823.2995770904
  Quadratic cost function: Jb  ( 8) = 75919.16572179232
  Quadratic cost function: JoJc( 8) = 470904.1338552981

 DRPCG Starting Iteration 9
rdots 1.06919e+06      iteration    8
DRPCG end of iteration 9
  Residual norm ( 9) = 1034.017078877557
  Norm reduction ( 9) = 0.1156320853581438

  Quadratic cost function: J   ( 9) = 535080.8668482988
  Quadratic cost function: Jb  ( 9) = 82847.27447109544
  Quadratic cost function: JoJc( 9) = 452233.5923772034

 DRPCG Starting Iteration 10
OOPS_STATS DRPCG iteration 10                       - Runtime:   194.09 sec,  Local Memory:     7.02 GB
rdots 814880      iteration    9
DRPCG end of iteration 10
  Residual norm (10) = 902.7069564999127
  Norm reduction (10) = 0.1009479340135237

  Quadratic cost function: J   (10) = 526218.9760482884
  Quadratic cost function: Jb  (10) = 89040.18633725014
  Quadratic cost function: JoJc(10) = 437178.7897110382

 DRPCG Starting Iteration 11
rdots 566335      iteration    10
DRPCG end of iteration 11
  Residual norm (11) = 752.5525030323106
  Norm reduction (11) = 0.08415645838420556

  Quadratic cost function: J   (11) = 519170.3848013254
  Quadratic cost function: Jb  (11) = 94799.6963721489
  Quadratic cost function: JoJc(11) = 424370.6884291765

 DRPCG Starting Iteration 12
rdots 449046      iteration    11
DRPCG end of iteration 12
  Residual norm (12) = 670.1090542601411
  Norm reduction (12) = 0.07493697052430327

  Quadratic cost function: J   (12) = 513777.6638478418
  Quadratic cost function: Jb  (12) = 99899.40206438329
  Quadratic cost function: JoJc(12) = 413878.2617834585

 DRPCG Starting Iteration 13
rdots 308891      iteration    12
DRPCG end of iteration 13
  Residual norm (13) = 555.7793324819594
  Norm reduction (13) = 0.06215170380319817

  Quadratic cost function: J   (13) = 509897.5766621209
  Quadratic cost function: Jb  (13) = 104079.4580238291
  Quadratic cost function: JoJc(13) = 405818.1186382918

 DRPCG Starting Iteration 14
rdots 233504      iteration    13
DRPCG end of iteration 14
  Residual norm (14) = 483.2223385797589
  Norm reduction (14) = 0.05403779864281438

  Quadratic cost function: J   (14) = 506801.8510197701
  Quadratic cost function: Jb  (14) = 107839.0859338258
  Quadratic cost function: JoJc(14) = 398962.7650859443

 DRPCG Starting Iteration 15
OOPS_STATS DRPCG iteration 15                       - Runtime:   225.70 sec,  Local Memory:     7.02 GB
rdots 178850      iteration    14
DRPCG end of iteration 15
  Residual norm (15) = 422.906493175323
  Norm reduction (15) = 0.04729279691438528

  Quadratic cost function: J   (15) = 504656.8712821612
  Quadratic cost function: Jb  (15) = 110744.9727542727
  Quadratic cost function: JoJc(15) = 393911.8985278885

 DRPCG Starting Iteration 16
rdots 138293      iteration    15
DRPCG end of iteration 16
  Residual norm (16) = 371.8773239768973
  Norm reduction (16) = 0.04158630582343277

  Quadratic cost function: J   (16) = 503050.0983579857
  Quadratic cost function: Jb  (16) = 113142.4606616379
  Quadratic cost function: JoJc(16) = 389907.6376963478

 DRPCG Starting Iteration 17
rdots 95997.4      iteration    16
DRPCG end of iteration 17
  Residual norm (17) = 309.8344692018197
  Norm reduction (17) = 0.03464817605191841

  Quadratic cost function: J   (17) = 501806.3506810847
  Quadratic cost function: Jb  (17) = 115173.1283808865
  Quadratic cost function: JoJc(17) = 386633.2223001982

 DRPCG Starting Iteration 18
rdots 78440.9      iteration    17
DRPCG end of iteration 18
  Residual norm (18) = 280.0730687521728
  Norm reduction (18) = 0.0313200174871613

  Quadratic cost function: J   (18) = 500851.2099940351
  Quadratic cost function: Jb  (18) = 116872.298711731
  Quadratic cost function: JoJc(18) = 383978.911282304

 DRPCG Starting Iteration 19
rdots 60613.9      iteration    18
DRPCG end of iteration 19
  Residual norm (19) = 246.1989373679882
  Norm reduction (19) = 0.02753194035414052

  Quadratic cost function: J   (19) = 500215.1574929969
  Quadratic cost function: Jb  (19) = 118093.386311591
  Quadratic cost function: JoJc(19) = 382121.7711814059

 DRPCG Starting Iteration 20
OOPS_STATS DRPCG iteration 20                       - Runtime:   255.90 sec,  Local Memory:     7.02 GB
rdots 45486.3      iteration    19
DRPCG end of iteration 20
  Residual norm (20) = 213.2752300938566
  Norm reduction (20) = 0.02385014727006348

  Quadratic cost function: J   (20) = 499718.690113466
  Quadratic cost function: Jb  (20) = 119112.9963974016
  Quadratic cost function: JoJc(20) = 380605.6937160644

 DRPCG Starting Iteration 21
rdots 33899.6      iteration    20
DRPCG end of iteration 21
  Residual norm (21) = 184.1183111497679
  Norm reduction (21) = 0.02058958667682538

  Quadratic cost function: J   (21) = 499336.9176388509
  Quadratic cost function: Jb  (21) = 119949.3293888086
  Quadratic cost function: JoJc(21) = 379387.5882500423

 DRPCG Starting Iteration 22
rdots 25862      iteration    21
DRPCG end of iteration 22
  Residual norm (22) = 160.8165779525142
  Norm reduction (22) = 0.0179837999281361

  Quadratic cost function: J   (22) = 499041.6395848899
  Quadratic cost function: Jb  (22) = 120637.4653423985
  Quadratic cost function: JoJc(22) = 378404.1742424914

 DRPCG Starting Iteration 23
rdots 19311.1      iteration    22
DRPCG end of iteration 23
  Residual norm (23) = 138.9642315768383
  Norm reduction (23) = 0.01554009524181622

  Quadratic cost function: J   (23) = 498815.9847716214
  Quadratic cost function: Jb  (23) = 121195.4690749544
  Quadratic cost function: JoJc(23) = 377620.5156966671

 DRPCG Starting Iteration 24
rdots 14317.6      iteration    23
DRPCG end of iteration 24
  Residual norm (24) = 119.656366148984
  Norm reduction (24) = 0.01338093482866256

  Quadratic cost function: J   (24) = 498642.1883406017
  Quadratic cost function: Jb  (24) = 121650.3786663306
  Quadratic cost function: JoJc(24) = 376991.8096742711

 DRPCG Starting Iteration 25
OOPS_STATS DRPCG iteration 25                       - Runtime:   287.05 sec,  Local Memory:     7.02 GB
rdots 11014.1      iteration    24
DRPCG end of iteration 25
  Residual norm (25) = 104.9481526963816
  Norm reduction (25) = 0.01173614440096159

  Quadratic cost function: J   (25) = 498516.9132545195
  Quadratic cost function: Jb  (25) = 121996.2373732928
  Quadratic cost function: JoJc(25) = 376520.6758812267

 DRPCG Starting Iteration 26
rdots 8310.68      iteration    25
DRPCG end of iteration 26
  Residual norm (26) = 91.16294351874815
  Norm reduction (26) = 0.01019457171626445

  Quadratic cost function: J   (26) = 498420.6304936409
  Quadratic cost function: Jb  (26) = 122275.69119515
  Quadratic cost function: JoJc(26) = 376144.9392984909

 DRPCG Starting Iteration 27
rdots 5960.94      iteration    26
DRPCG end of iteration 27
  Residual norm (27) = 77.20710150709345
  Norm reduction (27) = 0.008633917499132785

  Quadratic cost function: J   (27) = 498345.8903334993
  Quadratic cost function: Jb  (27) = 122503.4471549119
  Quadratic cost function: JoJc(27) = 375842.4431785874

 DRPCG Starting Iteration 28
rdots 4390.75      iteration    27
DRPCG end of iteration 28
  Residual norm (28) = 66.26273499561901
  Norm reduction (28) = 0.007410030632564423

  Quadratic cost function: J   (28) = 498291.2692220625
  Quadratic cost function: Jb  (28) = 122677.8381360714
  Quadratic cost function: JoJc(28) = 375613.4310859911

 DRPCG Starting Iteration 29
rdots 3281.55      iteration    28
DRPCG end of iteration 29
  Residual norm (29) = 57.28479999383767
  Norm reduction (29) = 0.006406045913479548

  Quadratic cost function: J   (29) = 498249.0480209254
  Quadratic cost function: Jb  (29) = 122818.8409189622
  Quadratic cost function: JoJc(29) = 375430.2071019632

 DRPCG Starting Iteration 30
OOPS_STATS DRPCG iteration 30                       - Runtime:   318.98 sec,  Local Memory:     7.02 GB
rdots 2610.87      iteration    29
DRPCG end of iteration 30
  Residual norm (30) = 51.09666422533615
  Norm reduction (30) = 0.005714038926353291

  Quadratic cost function: J   (30) = 498218.1774405977
  Quadratic cost function: Jb  (30) = 122926.5197146631
  Quadratic cost function: JoJc(30) = 375291.6577259345

 DRPCG Starting Iteration 31
rdots 1837.88      iteration    30
DRPCG end of iteration 31
  Residual norm (31) = 42.87050420090098
  Norm reduction (31) = 0.004794123716492551

  Quadratic cost function: J   (31) = 498195.6505990536
  Quadratic cost function: Jb  (31) = 123008.3502308187
  Quadratic cost function: JoJc(31) = 375187.3003682349

 DRPCG Starting Iteration 32
rdots 1362.51      iteration    31
DRPCG end of iteration 32
  Residual norm (32) = 36.91214851482557
  Norm reduction (32) = 0.004127812581637458

  Quadratic cost function: J   (32) = 498178.073483757
  Quadratic cost function: Jb  (32) = 123074.7565326227
  Quadratic cost function: JoJc(32) = 375103.3169511343

 DRPCG Starting Iteration 33
rdots 995.221      iteration    32
DRPCG end of iteration 33
  Residual norm (33) = 31.54711793973618
  Norm reduction (33) = 0.003527851820756013

  Quadratic cost function: J   (33) = 498164.8106531755
  Quadratic cost function: Jb  (33) = 123126.8548513588
  Quadratic cost function: JoJc(33) = 375037.9558018167

 DRPCG Starting Iteration 34
rdots 789.284      iteration    33
DRPCG end of iteration 34
  Residual norm (34) = 28.09419566356459
  Norm reduction (34) = 0.003141718350110903

  Quadratic cost function: J   (34) = 498155.2413353929
  Quadratic cost function: Jb  (34) = 123165.8750593921
  Quadratic cost function: JoJc(34) = 374989.3662760009

 DRPCG Starting Iteration 35
OOPS_STATS DRPCG iteration 35                       - Runtime:   352.45 sec,  Local Memory:     7.02 GB
rdots 576.2      iteration    34
DRPCG end of iteration 35
  Residual norm (35) = 24.00416544103523
  Norm reduction (35) = 0.002684338357584778

  Quadratic cost function: J   (35) = 498148.0806767556
  Quadratic cost function: Jb  (35) = 123196.1277727821
  Quadratic cost function: JoJc(35) = 374951.9529039735

 DRPCG Starting Iteration 36
rdots 429.446      iteration    35
DRPCG end of iteration 36
  Residual norm (36) = 20.72307724187405
  Norm reduction (36) = 0.002317420752002434

  Quadratic cost function: J   (36) = 498142.7231862731
  Quadratic cost function: Jb  (36) = 123219.549338959
  Quadratic cost function: JoJc(36) = 374923.1738473141

 DRPCG Starting Iteration 37
rdots 316.622      iteration    36
DRPCG end of iteration 37
  Residual norm (37) = 17.79386453754732
  Norm reduction (37) = 0.001989852687240347

  Quadratic cost function: J   (37) = 498138.7258768321
  Quadratic cost function: Jb  (37) = 123237.6119964016
  Quadratic cost function: JoJc(37) = 374901.1138804306

 DRPCG Starting Iteration 38
rdots 234.922      iteration    37
DRPCG end of iteration 38
  Residual norm (38) = 15.32717193752075
  Norm reduction (38) = 0.001714007331196329

  Quadratic cost function: J   (38) = 498135.6588656313
  Quadratic cost function: Jb  (38) = 123251.9284909805
  Quadratic cost function: JoJc(38) = 374883.7303746509

 DRPCG Starting Iteration 39
rdots 171.75      iteration    38
DRPCG end of iteration 39
  Residual norm (39) = 13.1053533028755
  Norm reduction (39) = 0.001465545746509065

  Quadratic cost function: J   (39) = 498133.4073066793
  Quadratic cost function: Jb  (39) = 123262.7774049339
  Quadratic cost function: JoJc(39) = 374870.6299017454

 DRPCG Starting Iteration 40
OOPS_STATS DRPCG iteration 40                       - Runtime:   385.72 sec,  Local Memory:     7.02 GB
rdots 129.88      iteration    39
DRPCG end of iteration 40
  Residual norm (40) = 11.39649974994548
  Norm reduction (40) = 0.001274448032618818

  Quadratic cost function: J   (40) = 498131.7263253517
  Quadratic cost function: Jb  (40) = 123271.1294680776
  Quadratic cost function: JoJc(40) = 374860.5968572741

 DRPCG Starting Iteration 41
rdots 94.4979      iteration    40
DRPCG end of iteration 41
  Residual norm (41) = 9.721003319656541
  Norm reduction (41) = 0.001087080579796139

  Quadratic cost function: J   (41) = 498130.4673648963
  Quadratic cost function: Jb  (41) = 123277.5751093473
  Quadratic cost function: JoJc(41) = 374852.892255549

 DRPCG Starting Iteration 42
rdots 72.5016      iteration    41
DRPCG end of iteration 42
  Residual norm (42) = 8.514785025814332
  Norm reduction (42) = 0.0009521915730637527

  Quadratic cost function: J   (42) = 498129.5698282439
  Quadratic cost function: Jb  (42) = 123282.3039954396
  Quadratic cost function: JoJc(42) = 374847.2658328044

DRPCG: Achieved required reduction in residual norm.
OOPS_STATS DRPCG end                                - Runtime:   405.57 sec,  Local Memory:     7.02 GB
DRPCGMinimizer: reduction in residual norm = 0.000952192
DRPCGMinimizer output increment:
  Valid time: 2026-06-03T22:00:00Z
  Resolution: nCellsGlobal = 2341818, nFields = 12
Fld=1  Min=-0.0101573, Max=0.0152168, RMS=0.000119298 : water_vapor_mixing_ratio_wrt_moist_air
Fld=2  Min=-221.509, Max=156.034, RMS=3.18937 : air_pressure_at_surface
Fld=3  Min=-10.2237, Max=10.2989, RMS=0.119141 : air_temperature
Fld=4  Min=-43.391, Max=24.8349, RMS=0.390854 : northward_wind
Fld=5  Min=-47.1106, Max=39.5166, RMS=0.42466 : eastward_wind
Fld=6  Min=-0.00591872, Max=0.0085155, RMS=2.38496e-05 : cloud_liquid_water
Fld=7  Min=-0.00282953, Max=0.00249564, RMS=6.79653e-06 : cloud_liquid_ice
Fld=8  Min=-0.00735393, Max=0.00721773, RMS=3.8332e-05 : rain_water
Fld=9  Min=-0.00751551, Max=0.00798894, RMS=7.7598e-05 : snow_water
Fld=10  Min=-0.0105803, Max=0.0112333, RMS=4.46161e-05 : graupel
Fld=11  Min=-82.233, Max=94.0784, RMS=2.51659 : equivalent_reflectivity_factor
Fld=12  Min=0, Max=0, RMS=0 : upward_air_velocity
CostFunction::addIncrement: First guess:
  Valid time: 2026-06-03T22:00:00Z
  Resolution: nCellsGlobal = 2341818, nFields = 35
Fld=1  Min=0, Max=0.0237545, RMS=0.00577834 : water_vapor_mixing_ratio_wrt_moist_air
Fld=2  Min=63884.6, Max=102701, RMS=96768.7 : air_pressure_at_surface
Fld=3  Min=186.725, Max=316.643, RMS=261.662 : air_temperature
Fld=4  Min=-44.5768, Max=45.2081, RMS=7.02536 : northward_wind
Fld=5  Min=-30.0804, Max=61.7268, RMS=10.2123 : eastward_wind
Fld=6  Min=268.415, Max=643.356, RMS=356.006 : air_potential_temperature
Fld=7  Min=0.0384812, Max=1.30208, RMS=0.780571 : dry_air_density
Fld=8  Min=-60.4653, Max=60.5993, RMS=8.80039 : u
Fld=9  Min=0, Max=0.0243325, RMS=0.00584537 : water_vapor_mixing_ratio_wrt_dry_air
Fld=10  Min=2451.66, Max=102592, RMS=64539.5 : air_pressure
Fld=11  Min=0, Max=1, RMS=0.790008 : landmask
Fld=12  Min=0, Max=1, RMS=0.0292126 : seaice_fraction
Fld=13  Min=0, Max=1, RMS=0.0514343 : snowc
Fld=14  Min=266.889, Max=325.815, RMS=298.112 : skin_temperature_at_surface
Fld=15  Min=1, Max=19, RMS=12.7664 : ivgtyp
Fld=16  Min=1, Max=16, RMS=9.97061 : isltyp
Fld=17  Min=0, Max=7.49994, RMS=0.146087 : snowh
Fld=18  Min=0, Max=0.923963, RMS=0.415542 : vegetation_area_fraction
Fld=19  Min=267.301, Max=317.893, RMS=295.991 : air_temperature_at_2m
Fld=20  Min=0.000611513, Max=0.0244497, RMS=0.0108935 : water_vapor_mixing_ratio_wrt_moist_air_at_2m
Fld=21  Min=-25.6754, Max=22.1865, RMS=4.14295 : eastward_wind_at_10m
Fld=22  Min=-22.7959, Max=20.962, RMS=4.17191 : northward_wind_at_10m
Fld=23  Min=0, Max=6.55828, RMS=1.68594 : lai
Fld=24  Min=0.00200001, Max=1, RMS=0.633205 : smois
Fld=25  Min=262.474, Max=326.044, RMS=293.472 : tslb
Fld=26  Min=-871.5, Max=5868.42, RMS=3340.23 : pressure_p
Fld=27  Min=0, Max=0.00760831, RMS=4.98492e-05 : cloud_liquid_water
Fld=28  Min=0, Max=0.00391013, RMS=8.72713e-06 : cloud_liquid_ice
Fld=29  Min=0, Max=0.0179738, RMS=6.0651e-05 : graupel
Fld=30  Min=0, Max=0.0147455, RMS=7.98306e-05 : rain_water
Fld=31  Min=0, Max=0.00778933, RMS=0.000107327 : snow_water
Fld=32  Min=0, Max=1, RMS=0.208699 : cldfrac
Fld=33  Min=0, Max=72.9125, RMS=4.8684 : equivalent_reflectivity_factor
Fld=34  Min=-10.8038, Max=33.6013, RMS=0.255227 : w
Fld=35  Min=0, Max=0, RMS=0 : upward_air_velocity
CostFunction::addIncrement: Increment:
  Valid time: 2026-06-03T22:00:00Z
  Resolution: nCellsGlobal = 2341818, nFields = 12
Fld=1  Min=-0.0101573, Max=0.0152168, RMS=0.000119298 : water_vapor_mixing_ratio_wrt_moist_air
Fld=2  Min=-221.509, Max=156.034, RMS=3.18937 : air_pressure_at_surface
Fld=3  Min=-10.2237, Max=10.2989, RMS=0.119141 : air_temperature
Fld=4  Min=-43.391, Max=24.8349, RMS=0.390854 : northward_wind
Fld=5  Min=-47.1106, Max=39.5166, RMS=0.42466 : eastward_wind
Fld=6  Min=-0.00591872, Max=0.0085155, RMS=2.38496e-05 : cloud_liquid_water
Fld=7  Min=-0.00282953, Max=0.00249564, RMS=6.79653e-06 : cloud_liquid_ice
Fld=8  Min=-0.00735393, Max=0.00721773, RMS=3.8332e-05 : rain_water
Fld=9  Min=-0.00751551, Max=0.00798894, RMS=7.7598e-05 : snow_water
Fld=10  Min=-0.0105803, Max=0.0112333, RMS=4.46161e-05 : graupel
Fld=11  Min=-82.233, Max=94.0784, RMS=2.51659 : equivalent_reflectivity_factor
Fld=12  Min=0, Max=0, RMS=0 : upward_air_velocity
CostFunction::addIncrement: Analysis: 
  Valid time: 2026-06-03T22:00:00Z
  Resolution: nCellsGlobal = 2341818, nFields = 35
Fld=1  Min=0, Max=0.0237545, RMS=0.00578049 : water_vapor_mixing_ratio_wrt_moist_air
Fld=2  Min=63884.2, Max=102701, RMS=96768.9 : air_pressure_at_surface
Fld=3  Min=185.369, Max=316.643, RMS=261.663 : air_temperature
Fld=4  Min=-49.2036, Max=45.6804, RMS=7.03332 : northward_wind
Fld=5  Min=-39.3934, Max=67.8208, RMS=10.2137 : eastward_wind
Fld=6  Min=268.415, Max=644.019, RMS=356.006 : air_potential_temperature
Fld=7  Min=0.0380943, Max=1.30208, RMS=0.780566 : dry_air_density
Fld=8  Min=-67.291, Max=70.1596, RMS=8.80387 : u
Fld=9  Min=0, Max=0.0243325, RMS=0.00584756 : water_vapor_mixing_ratio_wrt_dry_air
Fld=10  Min=2429.76, Max=102592, RMS=64539.7 : air_pressure
Fld=11  Min=0, Max=1, RMS=0.790008 : landmask
Fld=12  Min=0, Max=1, RMS=0.0292126 : seaice_fraction
Fld=13  Min=0, Max=1, RMS=0.0514343 : snowc
Fld=14  Min=266.889, Max=325.815, RMS=298.112 : skin_temperature_at_surface
Fld=15  Min=1, Max=19, RMS=12.7664 : ivgtyp
Fld=16  Min=1, Max=16, RMS=9.97061 : isltyp
Fld=17  Min=0, Max=7.49994, RMS=0.146087 : snowh
Fld=18  Min=0, Max=0.923963, RMS=0.415542 : vegetation_area_fraction
Fld=19  Min=267.303, Max=317.893, RMS=295.995 : air_temperature_at_2m
Fld=20  Min=0.000611513, Max=0.0244497, RMS=0.010894 : water_vapor_mixing_ratio_wrt_moist_air_at_2m
Fld=21  Min=-25.6754, Max=22.1865, RMS=4.14295 : eastward_wind_at_10m
Fld=22  Min=-22.7959, Max=20.962, RMS=4.17191 : northward_wind_at_10m
Fld=23  Min=0, Max=6.55828, RMS=1.68594 : lai
Fld=24  Min=0.00200001, Max=1, RMS=0.633205 : smois
Fld=25  Min=262.474, Max=326.044, RMS=293.472 : tslb
Fld=26  Min=-919.019, Max=5910.35, RMS=3340.39 : pressure_p
Fld=27  Min=0, Max=0.0085155, RMS=5.17449e-05 : cloud_liquid_water
Fld=28  Min=0, Max=0.00389623, RMS=1.03456e-05 : cloud_liquid_ice
Fld=29  Min=0, Max=0.0173292, RMS=6.38421e-05 : graupel
Fld=30  Min=0, Max=0.0128966, RMS=7.66953e-05 : rain_water
Fld=31  Min=0, Max=0.00886207, RMS=0.000128859 : snow_water
Fld=32  Min=0, Max=1, RMS=0.208699 : cldfrac
Fld=33  Min=0, Max=107.201, RMS=4.72689 : equivalent_reflectivity_factor
Fld=34  Min=-10.8038, Max=33.6013, RMS=0.255227 : w
Fld=35  Min=0, Max=0, RMS=0 : upward_air_velocity
OOPS_STATS IncrementalAssimilation end              - Runtime:   405.79 sec,  Local Memory:     7.02 GB
Variational: incremental assimilation done 1 iterations.
QC refl10cm equivalentReflectivityFactor: 136938 H(x) failed.
QC refl10cm equivalentReflectivityFactor: 7 rejected by first-guess check.
QC refl10cm equivalentReflectivityFactor: 3796569 passed out of 3933514 observations.
ObsErrorDiagonal covariance updated 3796569
Observer::finalize QC = 
refl10cm equivalentReflectivityFactor nlocs = 3933514, nobs = 3933514, min = 0, max = 19, avg = 0
Jo Observations:
Jo Obs :refl10cm:equivalentReflectivityFactor   : Nobs=  3796569, Min= 0.000000e+00, Max= 6.003413e+01, RMS= 4.840796e+00
Jo Observations Equivalent:
Jo H(x):refl10cm:equivalentReflectivityFactor   : Nobs=  3796569, Min= 0.000000e+00, Max= 6.184120e+01, RMS= 4.262588e+00
Jo Bias Corrected Departures:
Jo Dep :refl10cm:equivalentReflectivityFactor   : Nobs=  3796569, Min=-5.613931e+01, Max= 5.303053e+01, RMS= 2.232456e+00
Jo Observations Errors:
UFO Diagonal observation error covariance, inverse variances: refl10cm nobs= 3796569 Min=0.04, Max=0.04, RMS=0.04



CostJo   : Nonlinear Jo(refl10cm) = 378431, nobs = 3796569, Jo/n = 0.0996772, err = 5
CostJo   : Nonlinear Jo = 378431
Increment:diff x1 2
Increment:diff x2 1
CostJb: FG-BG
  Valid time: 2026-06-03T22:00:00Z
  Resolution: nCellsGlobal = 2341818, nFields = 12
Fld=1  Min=-0.0101573, Max=0.0152168, RMS=0.000119102 : water_vapor_mixing_ratio_wrt_moist_air
Fld=2  Min=-221.509, Max=156.034, RMS=3.18937 : air_pressure_at_surface
Fld=3  Min=-10.2237, Max=10.2989, RMS=0.119141 : air_temperature
Fld=4  Min=-43.391, Max=24.8349, RMS=0.390854 : northward_wind
Fld=5  Min=-47.1106, Max=39.5166, RMS=0.42466 : eastward_wind
Fld=6  Min=-0.00303664, Max=0.0085155, RMS=1.98915e-05 : cloud_liquid_water
Fld=7  Min=-0.00162425, Max=0.00249564, RMS=6.39749e-06 : cloud_liquid_ice
Fld=8  Min=-0.00735393, Max=0.00721773, RMS=2.85422e-05 : rain_water
Fld=9  Min=-0.0054021, Max=0.00798894, RMS=7.39643e-05 : snow_water
Fld=10  Min=-0.00695316, Max=0.0112333, RMS=3.84689e-05 : graupel
Fld=11  Min=-64.4821, Max=94.0784, RMS=2.4351 : equivalent_reflectivity_factor
Fld=12  Min=0, Max=0, RMS=0 : upward_air_velocity
CostFunction: Nonlinear J = 378431
OOPS_STATS Variational end                          - Runtime:   425.10 sec,  Local Memory:     7.02 GB
==> destruct MPAS corelist and domain:  0
Tried to erase key "mesh[address=0x3dcfe50],halo[size=0]" from cache "NodeColumnsHaloExchangeCache" but it was not found.
Erased key "mesh[address=0x3dcfe50],halo[size=1]" from cache "NodeColumnsHaloExchangeCache".
==> destruct MPAS corelist and domain:  1
refl10cm: save database to jdiag_mrms_refl.nc (io pool size: 4)
QC refl10cm equivalentReflectivityFactor: 136938 H(x) failed.
QC refl10cm equivalentReflectivityFactor: 7 rejected by first-guess check.
QC refl10cm equivalentReflectivityFactor: 3796569 passed out of 3933514 observations.
Erased key "mesh[address=0x19a876a0]" from cache "NodeColumnsGatherScatterCache".
Tried to erase key "mesh[address=0x19a876a0],halo[size=0]" from cache "NodeColumnsHaloExchangeCache" but it was not found.
Erased key "mesh[address=0x19a876a0],halo[size=1]" from cache "NodeColumnsHaloExchangeCache".

Run: Finishing oops::Variational<MPAS, UFO and IODA observations>
OOPS_STATS  
OOPS_STATS ----------------------------------------------------------------------------------
OOPS_STATS --------------------------- Object counts ----------------------------------------
OOPS_STATS ----------------------------------------------------------------------------------
OOPS_STATS                                      Total  Simult. Remain    Avg (Mb)    HWM (Mb)
OOPS_STATS ioda::ObsDataVector             :        8       5        
OOPS_STATS ioda::ObsVector                 :      104       8        
OOPS_STATS mpas::Geometry                  :        2       2        
OOPS_STATS mpas::Increment                 :     3054     131        
OOPS_STATS mpas::LinVarChaModel2GeoVars    :        1       1        
OOPS_STATS mpas::ModelBias                 :        4       3        
OOPS_STATS mpas::ModelBiasCovariance       :        1       1        
OOPS_STATS mpas::State                     :       75      34        
OOPS_STATS mpas::VarChaModel2GeoVars       :        3       1        
OOPS_STATS oops::ControlIncrement          :      186      98               15.22     1491.60
OOPS_STATS oops::ControlVariable           :        4       3        
OOPS_STATS oops::Diffusion                 :        1       1        
OOPS_STATS oops::EnsembleCovariance        :        1       1             3535.18     3535.18
OOPS_STATS oops::GeoVaLs                   :       88       1        
OOPS_STATS oops::Geometry                  :        2       2        
OOPS_STATS oops::GetValues                 :        3       2        
OOPS_STATS oops::Increment                 :     2968     131               15.02     1993.88
OOPS_STATS oops::LinearObsOperator         :        1       1        
OOPS_STATS oops::LocalInterpolator         :     2400    1600        
OOPS_STATS oops::Localization              :        1       1        
OOPS_STATS oops::ModelAuxControl           :        4       3        
OOPS_STATS oops::ModelAuxCovariance        :        1       1        
OOPS_STATS oops::ModelAuxIncrement         :      186      98        
OOPS_STATS oops::ObsAuxControl             :        4       3        
OOPS_STATS oops::ObsAuxCovariance          :        1       1        
OOPS_STATS oops::ObsAuxIncrement           :      186      98        
OOPS_STATS oops::ObsAuxIncrements          :      186      98        
OOPS_STATS oops::ObsAuxPreconditioner      :        2       2        
OOPS_STATS oops::ObsDataVector             :        4       4        
OOPS_STATS oops::ObsDiagnostics            :        2       1        
OOPS_STATS oops::ObsError                  :        1       1        
OOPS_STATS oops::ObsOperator               :        2       2        
OOPS_STATS oops::ObsSpace                  :        1       1                4.61        4.61
OOPS_STATS oops::ObsSpaces                 :        1       1        
OOPS_STATS oops::ObsVector                 :      104       7                0.04        0.24
OOPS_STATS oops::SampledLocations          :        8       4        
OOPS_STATS oops::State                     :       72      34               21.39      702.08
OOPS_STATS oops::UnstructuredInterpolator  :     2400    1600        
OOPS_STATS oops::VariableChange            :        3       1        
OOPS_STATS ufo::BackgroundCheck            :        1       1        
OOPS_STATS ufo::FinalCheck                 :        2       2        
OOPS_STATS ufo::GeoVaLs                    :       91       2        
OOPS_STATS ufo::ObsBias                    :        4       3        
OOPS_STATS ufo::ObsBiasCovariance          :        1       1        
OOPS_STATS ufo::ObsBiasPreconditioner      :        1       1        
OOPS_STATS ufo::ObsFilter                  :        9       6        
OOPS_STATS ufo::ObsFilterData              :        3       3        
OOPS_STATS ufo::ObsVertInterp              :        2       2        
OOPS_STATS ufo::ObsVertInterpTLAD          :        1       1        
OOPS_STATS ufo::SampledLocations           :        4       3        
OOPS_STATS ----------------------------- Object counts --------------------------------------
OOPS_STATS  
OOPS_STATS --------------------------------------------------------------------------------------------
OOPS_STATS ------------------------------------ Timing Statistics -------------------------------------
OOPS_STATS --------------------------------------------------------------------------------------------
OOPS_STATS Name                                                :   total (ms)   count    time/call (ms)
OOPS_STATS ObsFilter::Background Check::ObsFilter              :         0.15       1            0.1505
OOPS_STATS ObsFilter::Background Check::postFilter             :        31.70       1           31.7022
OOPS_STATS ObsFilter::Background Check::preProcess             :         0.00       1            0.0030
OOPS_STATS ObsFilter::Background Check::priorFilter            :         0.01       1            0.0131
OOPS_STATS ObsFilter::Final Check::ObsFilter                   :         0.01       2            0.0067
OOPS_STATS ObsFilter::Final Check::postFilter                  :         0.05       2            0.0239
OOPS_STATS ObsFilter::Final Check::preProcess                  :         0.00       2            0.0003
OOPS_STATS ObsFilter::Final Check::priorFilter                 :         0.00       2            0.0021
OOPS_STATS ObsFilter::QCmanager::ObsFilter                     :         0.22       2            0.1112
OOPS_STATS ObsFilter::QCmanager::postFilter                    :         0.23       2            0.1138
OOPS_STATS ObsFilter::QCmanager::preProcess                    :         0.00       2            0.0001
OOPS_STATS ObsFilter::QCmanager::priorFilter                   :         0.00       2            0.0001
OOPS_STATS ioda::ObsSpace::get_db(DateTime)                    :         0.70       4            0.1745
OOPS_STATS ioda::ObsSpace::get_db(double)                      :         0.30       5            0.0597
OOPS_STATS ioda::ObsSpace::get_db(float)                       :         0.68      12            0.0567
OOPS_STATS ioda::ObsSpace::load                                :       743.87       1          743.8714
OOPS_STATS ioda::ObsSpace::put_db(double)                      :         0.30       6            0.0495
OOPS_STATS ioda::ObsSpace::put_db(float)                       :         0.08       2            0.0381
OOPS_STATS ioda::ObsSpace::put_db(int)                         :         0.20       2            0.1018
OOPS_STATS mpas::LinVarChaModel2GeoVars::LinVarChaModel2GeoVar :         2.91       1            2.9147
OOPS_STATS mpas::LinVarChaModel2GeoVars::changeVarAD           :      1283.71      43           29.8538
OOPS_STATS mpas::LinVarChaModel2GeoVars::changeVarTL           :       150.52      42            3.5838
OOPS_STATS mpas::LinVarChaModel2GeoVars::~LinVarChaModel2GeoVa :         0.04       1            0.0389
OOPS_STATS mpas::VarChaModel2GeoVars::VarChaModel2GeoVars      :         0.04       3            0.0119
OOPS_STATS mpas::VarChaModel2GeoVars::changeVar                :        12.53       3            4.1776
OOPS_STATS mpas::VarChaModel2GeoVars::~VarChaModel2GeoVars     :         0.01       3            0.0021
OOPS_STATS oops::Covariance::EnsembleCovariance                :     76804.49       1        76804.4923
OOPS_STATS oops::Covariance::ensemble::Constructor             :         0.01       1            0.0098
OOPS_STATS oops::Covariance::ensemble::multiply                :    245000.36      43         5697.6828
OOPS_STATS oops::Diffusion::Diffusion                          :         0.00       1            0.0005
OOPS_STATS oops::Diffusion::calculateDerivedGeom               :         2.01       1            2.0082
OOPS_STATS oops::Diffusion::multiplySqrtAD                     :     58919.13    1290           45.6737
OOPS_STATS oops::Diffusion::multiplySqrtTL                     :     50253.43    1290           38.9562
OOPS_STATS oops::Diffusion::setParameters                      :         4.30       1            4.3030
OOPS_STATS oops::GeoVaLs::GeoVaLs                              :        20.60      88            0.2341
OOPS_STATS oops::GeoVaLs::fill                                 :        31.87   29856            0.0011
OOPS_STATS oops::GeoVaLs::fillAD                               :        22.70   26746            0.0008
OOPS_STATS oops::GeoVaLs::~GeoVaLs                             :         0.48      88            0.0055
OOPS_STATS oops::Geometry::Geometry                            :     49873.13       2        24936.5645
OOPS_STATS oops::Geometry::variableSizes                       :         3.98      11            0.3623
OOPS_STATS oops::Geometry::~Geometry                           :       479.93       2          239.9630
OOPS_STATS oops::GeometryData::containingTriangleAndBarycentri :        45.29   20616            0.0022
OOPS_STATS oops::GeometryData::setGlobalTree                   :      1800.31       2          900.1541
OOPS_STATS oops::GeometryData::setLocalTree                    :         3.16       2            1.5824
OOPS_STATS oops::GeometryData::setMeshAndTriangulation         :         0.34       2            0.1679
OOPS_STATS oops::GetValues::GetValues                          :       546.05       3          182.0153
OOPS_STATS oops::GetValues::fillGeoVaLs                        :        50.66       3           16.8856
OOPS_STATS oops::GetValues::fillGeoVaLsAD                      :       119.77      43            2.7853
OOPS_STATS oops::GetValues::fillGeoVaLsTL                      :       784.68      42           18.6828
OOPS_STATS oops::GetValues::finalize                           :        21.11       3            7.0365
OOPS_STATS oops::GetValues::finalizeAD                         :       646.60      43           15.0372
OOPS_STATS oops::GetValues::finalizeTL                         :       104.36      42            2.4848
OOPS_STATS oops::GetValues::initialize                         :         1.95       3            0.6500
OOPS_STATS oops::GetValues::initializeAD                       :         4.87      43            0.1132
OOPS_STATS oops::GetValues::initializeTL                       :        17.94      42            0.4272
OOPS_STATS oops::GetValues::process                            :        19.13       3            6.3754
OOPS_STATS oops::GetValues::processAD                          :       132.85      43            3.0896
OOPS_STATS oops::GetValues::processTL                          :       141.81      42            3.3765
OOPS_STATS oops::Increment::Increment                          :     28701.04    2968            9.6702
OOPS_STATS oops::Increment::axpy                               :      5806.90     987            5.8834
OOPS_STATS oops::Increment::diff                               :       375.12      33           11.3673
OOPS_STATS oops::Increment::dot_product_with                   :      9959.64    1075            9.2648
OOPS_STATS oops::Increment::fromFieldSet                       :     11150.37    1333            8.3649
OOPS_STATS oops::Increment::operator*=                         :       209.04     127            1.6460
OOPS_STATS oops::Increment::operator+=                         :     11379.98    1489            7.6427
OOPS_STATS oops::Increment::operator+=(State, Increment)       :        45.99       1           45.9881
OOPS_STATS oops::Increment::operator-=                         :       154.59      30            5.1530
OOPS_STATS oops::Increment::operator=                          :      6305.96    1644            3.8357
OOPS_STATS oops::Increment::print                              :     34539.15    1297           26.6300
OOPS_STATS oops::Increment::schur_product_with                 :     12928.56    2580            5.0111
OOPS_STATS oops::Increment::serialSize                         :         4.97     186            0.0267
OOPS_STATS oops::Increment::toFieldSet                         :     11359.57    1375            8.2615
OOPS_STATS oops::Increment::zero                               :       134.20     130            1.0323
OOPS_STATS oops::Increment::~Increment                         :       178.32    2968            0.0601
OOPS_STATS oops::LinearObsOper::refl10cm::LinearObsOperator    :         4.54       1            4.5374
OOPS_STATS oops::LinearObsOper::refl10cm::requiredVars         :         0.10      87            0.0012
OOPS_STATS oops::LinearObsOper::refl10cm::setTrajectory        :         0.90       1            0.9046
OOPS_STATS oops::LinearObsOper::refl10cm::simulateObsAD        :         3.53      43            0.0821
OOPS_STATS oops::LinearObsOper::refl10cm::simulateObsTL        :         6.99      42            0.1665
OOPS_STATS oops::LinearObsOper::refl10cm::~LinearObsOperator   :         0.04       1            0.0404
OOPS_STATS oops::LinearVariableChange::LinearVariableChange    :         0.04       1            0.0422
OOPS_STATS oops::LinearVariableChange::changeVarAD             :      1956.31      43           45.4957
OOPS_STATS oops::LinearVariableChange::changeVarTL             :       653.86      42           15.5680
OOPS_STATS oops::LinearVariableChange::changeVarTraj           :         2.93       1            2.9304
OOPS_STATS oops::LinearVariableChange::~LinearVariableChange   :         0.05       1            0.0508
OOPS_STATS oops::LocalInterpolator::LocalInterpolator          :        52.25    2400            0.0218
OOPS_STATS oops::LocalInterpolator::apply                      :        17.76    2400            0.0074
OOPS_STATS oops::LocalInterpolator::applyAD                    :       115.09   34400            0.0033
OOPS_STATS oops::LocalInterpolator::applyTL                    :       124.86   33600            0.0037
OOPS_STATS oops::LocalInterpolator::preprocess                 :      1296.54      45           28.8121
OOPS_STATS oops::LocalInterpolator::preprocessAD               :        68.83      43            1.6008
OOPS_STATS oops::LocalInterpolator::~LocalInterpolator         :         1.35    2400            0.0006
OOPS_STATS oops::Localization::Localization                    :      7473.97       1         7473.9739
OOPS_STATS oops::Localization::multiply                        :    201790.95    1290          156.4271
OOPS_STATS oops::Localization::~Localization                   :         0.50       1            0.4995
OOPS_STATS oops::ModelAuxControl::ModelAuxControl              :         0.01       4            0.0015
OOPS_STATS oops::ModelAuxControl::print                        :         0.00       3            0.0006
OOPS_STATS oops::ModelAuxControl::~ModelAuxControl             :         0.00       4            0.0009
OOPS_STATS oops::ModelAuxCovariance::ModelAuxCovariance        :         0.00       1            0.0027
OOPS_STATS oops::ModelAuxCovariance::linearize                 :         0.00       1            0.0001
OOPS_STATS oops::ModelAuxCovariance::multiply                  :         0.01      43            0.0002
OOPS_STATS oops::ModelAuxCovariance::~ModelAuxCovariance       :         0.00       1            0.0005
OOPS_STATS oops::ModelAuxIncrement::ModelAuxIncrement          :         0.15     186            0.0008
OOPS_STATS oops::ModelAuxIncrement::axpy                       :         0.37     987            0.0004
OOPS_STATS oops::ModelAuxIncrement::diff                       :         0.00       3            0.0002
OOPS_STATS oops::ModelAuxIncrement::dot_product_with           :         0.29    1075            0.0003
OOPS_STATS oops::ModelAuxIncrement::operator*=                 :         0.03      83            0.0004
OOPS_STATS oops::ModelAuxIncrement::operator+=                 :         0.05     126            0.0004
OOPS_STATS oops::ModelAuxIncrement::operator+=ModelAuxControl  :         0.00       1            0.0001
OOPS_STATS oops::ModelAuxIncrement::operator=                  :         0.02      46            0.0004
OOPS_STATS oops::ModelAuxIncrement::print                      :         0.01       7            0.0009
OOPS_STATS oops::ModelAuxIncrement::serialSize                 :         0.01     186            0.0001
OOPS_STATS oops::ModelAuxIncrement::zero                       :         0.01      43            0.0002
OOPS_STATS oops::ModelAuxIncrement::~ModelAuxIncrement         :         0.03     186            0.0002
OOPS_STATS oops::ObsAuxControl::ObsAuxControl                  :         0.35       4            0.0873
OOPS_STATS oops::ObsAuxControl::print                          :         0.00       3            0.0008
OOPS_STATS oops::ObsAuxControl::requiredHdiagnostics           :         0.00       2            0.0001
OOPS_STATS oops::ObsAuxControl::requiredVars                   :         0.00       6            0.0002
OOPS_STATS oops::ObsAuxControl::write                          :         0.05       1            0.0459
OOPS_STATS oops::ObsAuxControl::~ObsAuxControl                 :         0.01       4            0.0031
OOPS_STATS oops::ObsAuxCovariance::ObsAuxCovariance            :         0.10       1            0.1031
OOPS_STATS oops::ObsAuxCovariance::inverseMultiply             :         0.05      43            0.0011
OOPS_STATS oops::ObsAuxCovariance::linearize                   :         0.01       1            0.0128
OOPS_STATS oops::ObsAuxCovariance::multiply                    :         0.24      43            0.0057
OOPS_STATS oops::ObsAuxCovariance::preconditioner              :         0.04       1            0.0357
OOPS_STATS oops::ObsAuxCovariance::write                       :         0.02       1            0.0228
OOPS_STATS oops::ObsAuxCovariance::~ObsAuxCovariance           :         0.00       1            0.0036
OOPS_STATS oops::ObsAuxIncrement::ObsAuxIncrement              :         0.84     186            0.0045
OOPS_STATS oops::ObsAuxIncrement::axpy                         :         1.19     987            0.0012
OOPS_STATS oops::ObsAuxIncrement::diff                         :         0.01       3            0.0038
OOPS_STATS oops::ObsAuxIncrement::dot_product_with             :         0.55    1075            0.0005
OOPS_STATS oops::ObsAuxIncrement::operator*=                   :         0.08      83            0.0010
OOPS_STATS oops::ObsAuxIncrement::operator+=                   :         0.16     126            0.0013
OOPS_STATS oops::ObsAuxIncrement::operator=                    :         0.04      46            0.0008
OOPS_STATS oops::ObsAuxIncrement::print                        :         0.01       7            0.0010
OOPS_STATS oops::ObsAuxIncrement::serialSize                   :         0.01     372            0.0000
OOPS_STATS oops::ObsAuxIncrement::zero                         :         0.06      43            0.0013
OOPS_STATS oops::ObsAuxIncrement::~ObsAuxIncrement             :         0.25     186            0.0014
OOPS_STATS oops::ObsAuxPreconditioner::multiply                :         0.03      43            0.0007
OOPS_STATS oops::ObsAuxPreconditioner::~ObsAuxPreconditioner   :         0.00       2            0.0010
OOPS_STATS oops::ObsDataVector::ObsDataVector                  :         0.12       4            0.0291
OOPS_STATS oops::ObsDataVector::mask                           :         0.01       2            0.0043
OOPS_STATS oops::ObsDataVector::operator=                      :         0.20       2            0.1020
OOPS_STATS oops::ObsDataVector::print                          :         8.06       2            4.0283
OOPS_STATS oops::ObsDataVector::save                           :         0.30       4            0.0754
OOPS_STATS oops::ObsDataVector::~ObsDataVector                 :         0.03       4            0.0070
OOPS_STATS oops::ObsDiagnostics::ObsDiagnostics                :         0.26       2            0.1304
OOPS_STATS oops::ObsDiagnostics::~ObsDiagnostics               :         0.02       2            0.0090
OOPS_STATS oops::ObsError::getRMSE                             :        15.60       4            3.9003
OOPS_STATS oops::ObsError::inverseMultiply                     :         0.42      44            0.0096
OOPS_STATS oops::ObsError::obserrors                           :         0.23       6            0.0386
OOPS_STATS oops::ObsError::update                              :        48.35       2           24.1739
OOPS_STATS oops::ObsError::~ObsError                           :         0.01       1            0.0085
OOPS_STATS oops::ObsOperator::refl10cm::ObsOperator            :        20.96       2           10.4776
OOPS_STATS oops::ObsOperator::refl10cm::computeReducedVars     :         0.08       3            0.0252
OOPS_STATS oops::ObsOperator::refl10cm::locations              :         1.42       3            0.4720
OOPS_STATS oops::ObsOperator::refl10cm::requiredVars           :         0.00       3            0.0008
OOPS_STATS oops::ObsOperator::refl10cm::simulateObs            :         2.31       2            1.1567
OOPS_STATS oops::ObsOperator::refl10cm::~ObsOperator           :         0.03       2            0.0157
OOPS_STATS oops::ObsSpace::ObsSpace                            :       780.73       1          780.7277
OOPS_STATS oops::ObsSpace::obsvariables                        :         0.00       3            0.0001
OOPS_STATS oops::ObsSpace::save                                :      2501.23       1         2501.2342
OOPS_STATS oops::ObsSpace::~ObsSpace                           :         0.68       1            0.6762
OOPS_STATS oops::ObsVector::ObsVector                          :         1.25     102            0.0122
OOPS_STATS oops::ObsVector::dot_product                        :         5.81       4            1.4519
OOPS_STATS oops::ObsVector::info                               :         2.86       6            0.4773
OOPS_STATS oops::ObsVector::operator*=                         :         0.01       2            0.0048
OOPS_STATS oops::ObsVector::operator-=                         :         0.02       2            0.0118
OOPS_STATS oops::ObsVector::operator=                          :         0.40       4            0.1011
OOPS_STATS oops::ObsVector::rms                                :         7.89       4            1.9737
OOPS_STATS oops::ObsVector::save                               :         0.32       6            0.0539
OOPS_STATS oops::ObsVector::zero                               :         0.04      44            0.0009
OOPS_STATS oops::ObsVector::~ObsVector                         :         0.21     102            0.0020
OOPS_STATS oops::Parameters::deserialize                       :        24.32      97            0.2507
OOPS_STATS oops::Parameters::serialize                         :         2.26      80            0.0283
OOPS_STATS oops::Run::execute                                  :    427403.95       1       427403.9534
OOPS_STATS oops::SampledLocations::SampledLocations            :         0.00       4            0.0002
OOPS_STATS oops::SampledLocations::latitudes                   :         0.00       3            0.0001
OOPS_STATS oops::SampledLocations::longitudes                  :         0.00       3            0.0000
OOPS_STATS oops::SampledLocations::times                       :         0.00       3            0.0000
OOPS_STATS oops::SampledLocations::~SampledLocations           :         0.40       8            0.0501
OOPS_STATS oops::State::State                                  :     70900.21      72          984.7252
OOPS_STATS oops::State::print                                  :        62.62       3           20.8737
OOPS_STATS oops::State::toFieldSet                             :        22.09       5            4.4177
OOPS_STATS oops::State::variables                              :         0.00      58            0.0000
OOPS_STATS oops::State::write                                  :     19101.92       1        19101.9220
OOPS_STATS oops::State::zero                                   :        71.50      30            2.3835
OOPS_STATS oops::State::~State                                 :         6.61      72            0.0917
OOPS_STATS oops::UnstructuredInterpolator::UnstructuredInterpo :        51.33    2400            0.0214
OOPS_STATS oops::UnstructuredInterpolator::apply               :       133.08   36000            0.0037
OOPS_STATS oops::UnstructuredInterpolator::applyAD             :        82.11   34400            0.0024
OOPS_STATS oops::VariableChange::VariableChange                :         0.30       3            0.0984
OOPS_STATS oops::VariableChange::changeVar                     :        19.09       3            6.3647
OOPS_STATS oops::VariableChange::~VariableChange               :         0.02       3            0.0074
OOPS_STATS oops::util::FieldSetHelpers::readFieldSet           :      7422.46       2         3711.2305
OOPS_STATS saber::Localization::Localization                   :      7473.96       1         7473.9581
OOPS_STATS saber::Localization::multiply                       :    190477.91    1290          147.6573
OOPS_STATS saber::Localization::~Localization                  :         0.00       1            0.0001
OOPS_STATS ufo::ObsFilter::ObsFilter                           :         0.39       5            0.0781
OOPS_STATS ufo::ObsFilter::checkFilterData                     :         0.01      15            0.0004
OOPS_STATS ufo::ObsFilter::postFilter                          :        31.98       5            6.3966
OOPS_STATS ufo::ObsFilter::preProcess                          :         0.01       5            0.0013
OOPS_STATS ufo::ObsFilter::priorFilter                         :         0.03       5            0.0052
OOPS_STATS ufo::ObsFilter::~ObsFilter                          :        16.79       9            1.8651
OOPS_STATS util::Timers::measured                              :    426845.30       1       426845.3012
OOPS_STATS ------------------------------------ Timing Statistics -------------------------------------

OOPS_STATS ------------------------------------------------------------------------------------------------------------------
OOPS_STATS ---------------------------------- Parallel Timing Statistics ( 800 MPI tasks) -----------------------------------
OOPS_STATS ------------------------------------------------------------------------------------------------------------------
OOPS_STATS Name                                                :     min (ms)    max (ms)    avg (ms)     % total   imbal (%)
OOPS_STATS oops::Covariance::EnsembleCovariance                :     76802.47    76804.95    76804.27       17.97        0.00
OOPS_STATS oops::Covariance::ensemble::multiply                :    244493.09   245870.12   245015.45       57.33        0.56
OOPS_STATS oops::Diffusion::multiplySqrtAD                     :     58117.20    60605.59    59343.77       13.89        4.19
OOPS_STATS oops::Diffusion::multiplySqrtTL                     :     46641.57    81672.57    51086.52       11.95       68.57
OOPS_STATS oops::Geometry::Geometry                            :     48785.81    50071.90    50001.18       11.70        2.57
OOPS_STATS oops::Geometry::~Geometry                           :       479.72      658.39      577.90        0.14       30.92
OOPS_STATS oops::GeometryData::setGlobalTree                   :      1800.31     1941.03     1883.16        0.44        7.47
OOPS_STATS oops::GetValues::GetValues                          :       148.67     4148.81      495.41        0.12      807.44
OOPS_STATS oops::GetValues::fillGeoVaLsTL                      :       327.11      887.18      680.69        0.16       82.28
OOPS_STATS oops::GetValues::finalizeAD                         :       564.50     1128.12      666.62        0.16       84.55
OOPS_STATS oops::Increment::Increment                          :     14595.99    32470.46    25329.26        5.93       70.57
OOPS_STATS oops::Increment::axpy                               :      5004.25     6537.31     5955.05        1.39       25.74
OOPS_STATS oops::Increment::dot_product_with                   :      8686.13    11134.89     9911.40        2.32       24.71
OOPS_STATS oops::Increment::fromFieldSet                       :      8877.62    22341.22    11104.71        2.60      121.24
OOPS_STATS oops::Increment::operator+=                         :      7950.02    14043.73    10336.76        2.42       58.95
OOPS_STATS oops::Increment::operator=                          :      3230.14     7608.14     5589.51        1.31       78.33
OOPS_STATS oops::Increment::print                              :     21561.34    62752.06    39814.29        9.32      103.46
OOPS_STATS oops::Increment::schur_product_with                 :      6469.95    14909.19    11584.67        2.71       72.85
OOPS_STATS oops::Increment::toFieldSet                         :      8470.46    17722.06    11336.31        2.65       81.61
OOPS_STATS oops::LinearVariableChange::changeVarAD             :      1456.17     2722.16     2017.48        0.47       62.75
OOPS_STATS oops::LinearVariableChange::changeVarTL             :       427.33     1134.78      877.96        0.21       80.58
OOPS_STATS oops::LocalInterpolator::preprocess                 :        89.66     1353.15     1298.89        0.30       97.27
OOPS_STATS oops::Localization::Localization                    :      7428.54     7671.96     7514.03        1.76        3.24
OOPS_STATS oops::Localization::multiply                        :    197988.03   222955.49   207232.17       48.49       12.05
OOPS_STATS oops::ObsSpace::ObsSpace                            :       724.20      785.18      753.22        0.18        8.10
OOPS_STATS oops::ObsSpace::save                                :      2335.70     2502.73     2413.18        0.56        6.92
OOPS_STATS oops::State::State                                  :     70782.17    71260.85    70906.60       16.59        0.68
OOPS_STATS oops::State::write                                  :     17892.70    19129.47    19104.38        4.47        6.47
OOPS_STATS oops::util::FieldSetHelpers::readFieldSet           :      7237.69     7427.15     7309.61        1.71        2.59
OOPS_STATS saber::Localization::Localization                   :      7428.53     7671.92     7514.01        1.76        3.24
OOPS_STATS saber::Localization::multiply                       :    185295.40   217170.00   196723.76       46.03       16.20
OOPS_STATS util::Timers::measured                              :    426845.30   427131.61   427045.37       99.93        0.07
OOPS_STATS oops::Run::execute                                  :    427301.35   427423.91   427365.37      100.00        0.03
OOPS_STATS ---------------------------------- Parallel Timing Statistics ( 800 MPI tasks) -----------------------------------

OOPS_STATS Run end                                  - Runtime:    428.34 sec,  Memory: total:  4129.92 GB, per task: min =     4.84 GB, max =     7.02 GB
Run: Finishing oops::Variational<MPAS, UFO and IODA observations> with status = 0
OOPS Ending   2026-06-04 02:29:13 (UTC+0000)
