Configuration input file is: jedivar.pass2.yaml
Full configuration is:YAMLConfiguration[path=jedivar.pass2.yaml, root={_member => {date => 2026-05-22T10:00:00Z , state variables => (water_vapor_mixing_ratio_wrt_moist_air,air_pressure_at_surface,air_temperature,northward_wind,eastward_wind,cloud_liquid_water,cloud_liquid_ice,rain_water,snow_water,graupel,equivalent_reflectivity_factor,upward_air_velocity) , stream name => ensemble} , output => {filename => mpasout.nc , stream name => analysis} , variational => {minimizer => {algorithm => DRPCG} , iterations => ({geometry => {nml_file => ./namelist.atmosphere , streams_file => ./streams.atmosphere , deallocate non-da fields => true , interpolation type => unstructured} , gradient norm reduction => 0.001 , ninner => 75})} , cost function => {cost type => 3D-Var , time window => {begin => 2026-05-22T08:00:00Z , length => PT4H} , jb evaluation => false , geometry => {nml_file => ./namelist.atmosphere , streams_file => ./streams.atmosphere , deallocate non-da fields => true , interpolation type => unstructured} , analysis variables => (water_vapor_mixing_ratio_wrt_moist_air,air_pressure_at_surface,air_temperature,northward_wind,eastward_wind,cloud_liquid_water,cloud_liquid_ice,rain_water,snow_water,graupel,equivalent_reflectivity_factor,upward_air_velocity) , background => {state variables => (water_vapor_mixing_ratio_wrt_moist_air,air_pressure_at_surface,air_temperature,northward_wind,eastward_wind,air_potential_temperature,dry_air_density,u,water_vapor_mixing_ratio_wrt_dry_air,air_pressure,landmask,seaice_fraction,snowc,skin_temperature_at_surface,ivgtyp,isltyp,snowh,vegetation_area_fraction,air_temperature_at_2m,water_vapor_mixing_ratio_wrt_moist_air_at_2m,eastward_wind_at_10m,northward_wind_at_10m,lai,smois,tslb,pressure_p,cloud_liquid_water,cloud_liquid_ice,graupel,rain_water,snow_water,cldfrac,equivalent_reflectivity_factor,w,upward_air_velocity) , filename => mpasout.nc , date => 2026-05-22T10:00:00Z} , background error => {covariance model => ensemble , localization => {localization method => SABER , saber central block => {saber block name => diffusion , active variables => (water_vapor_mixing_ratio_wrt_moist_air,air_pressure_at_surface,air_temperature,northward_wind,eastward_wind,cloud_liquid_water,cloud_liquid_ice,rain_water,snow_water,graupel,equivalent_reflectivity_factor,upward_air_velocity) , read => {groups => ({variables => (water_vapor_mixing_ratio_wrt_moist_air,air_pressure_at_surface,air_temperature,northward_wind,eastward_wind,cloud_liquid_water,cloud_liquid_ice,rain_water,snow_water,graupel,equivalent_reflectivity_factor,upward_air_velocity) , multivariate strategy => duplicated , horizontal => {filepath => data/diffusionloc/mpas_conus3km.diffusion_hz} , vertical => {levels => 59 , filepath => data/diffusionloc/mpas_conus3km.diffusion_vt}})}}} , members from template => {template => {date => 2026-05-22T10:00:00Z , state variables => (water_vapor_mixing_ratio_wrt_moist_air,air_pressure_at_surface,air_temperature,northward_wind,eastward_wind,cloud_liquid_water,cloud_liquid_ice,rain_water,snow_water,graupel,equivalent_reflectivity_factor,upward_air_velocity) , stream name => ensemble , filename => ./data/ens/mem%iMember%.nc} , pattern => %iMember% , start => 1 , zero padding => 3 , nmembers => 30}} , observations => {observers => ({obs space => {name => refl10cm , distribution => {name => RoundRobin , halo size => 500000} , obsdatain => {engine => {type => H5File , obsfile => data/obs/ioda_mrms_refl.nc , missing file action => warn}} , obsdataout => {engine => {type => H5File , allow overwrite => true , obsfile => jdiag_mrms_refl.nc}} , io pool => {write multiple files => false} , _source => mrms , simulated variables => (equivalentReflectivityFactor)} , obs operator => {name => VertInterp , vertical coordinate => height_above_mean_sea_level , observation vertical coordinate => height , interpolation method => linear , observation alias file => obsop_name_map.yaml} , obs localizations => ({localization method => Horizontal Gaspari-Cohn , lengthscale => 200000}) , _obsname => refl10cm , obs filters => ({filter => Background Check , filter variables => ({name => equivalentReflectivityFactor}) , threshold => 12 , action => {name => reject}})})}}}]
OOPS_STATS ObjectCountHelper started.
OOPS_STATS Run start                                - Runtime:      1.07 sec,  Memory: total:   104.26 GB, per task: min =   128.97 MB, max =   130.55 MB
Run: Starting oops::Variational<MPAS, UFO and IODA observations>
OOPS_STATS Variational start                        - Runtime:     1.07 sec,  Local Memory:   130.55 MB
==> create geom
atlas::mpi::push(world)
Increase halo 1
atlas::mpi::pop(world)
atlas::mpi::push(world)
atlas::mpi::pop(world)
atlas::mpi::push(world)
atlas::mpi::pop(world)
atlas::mpi::push(world)
atlas::mpi::pop(world)
refl10cm: read database from data/obs/ioda_mrms_refl.nc (io pool size: 800)
refl10cm processed vars: 1 Variables: equivalentReflectivityFactor
refl10cm assimilated vars: 1 Variables: equivalentReflectivityFactor
refl10cm: 0 observations are outside of time window out of 3902808
refl10cm: 0 observations were rejected by QC checks out of 3902808
No bias-correction is performed for this ObsSpace.
3DVar window: TimeWindow: start = 2026-05-22T08:00:00Z, end = 2026-05-22T12:00:00Z, inclusive upper bound.

OOPS_STATS IncrementalAssimilation start            - Runtime:    36.67 sec,  Local Memory:     2.49 GB
Running incremental assimilation with 1 outer iterations.
Minimizer algorithm=DRPCG
QNewtonLMP: maxouter : 1
IncrementalAssimilation: Configuration for outer iteration 0:
LocalConfiguration[root={geometry => {nml_file => ./namelist.atmosphere , streams_file => ./streams.atmosphere , deallocate non-da fields => true , interpolation type => unstructured} , gradient norm reduction => 0.001 , ninner => 75 , iteration => 0 , total iterations => 1}]
OOPS_STATS IncrementalAssimilation iteration 0      - Runtime:    36.67 sec,  Local Memory:     2.49 GB
==> create geom
atlas::mpi::push(world)
Increase halo 1
atlas::mpi::pop(world)
atlas::mpi::push(world)
atlas::mpi::pop(world)
atlas::mpi::push(world)
atlas::mpi::pop(world)
atlas::mpi::push(world)
atlas::mpi::pop(world)
Key "mesh[address=0x411a950],halo[size=1]" not found in cache "NodeColumnsHaloExchangeCache" , creating new, removable with key "mesh[address=0x411a950],halo[size=1]"
Key "mesh[address=0x74ba890],halo[size=1]" not found in cache "NodeColumnsHaloExchangeCache" , creating new, removable with key "mesh[address=0x74ba890],halo[size=1]"
processWhere: selected 0 obs.
BackgroundCheck obserr: 
refl10cm equivalentReflectivityFactor nlocs = 3902808, nobs = 3902808, min = 5, max = 5, avg = 5
processing a float: 12
ObsErrorDiagonal covariance updated 3770734
Observer::finalize QC = 
refl10cm equivalentReflectivityFactor nlocs = 3902808, nobs = 3902808, min = 0, max = 15, avg = 0
CostJo Observations: 
refl10cm nobs= 3902808 Min=0, Max=53.349, RMS=4.39051

Jo Observations:
Jo Obs :refl10cm:equivalentReflectivityFactor   : Nobs=  3770734, Min= 0.000000e+00, Max= 5.334898e+01, RMS= 4.448845e+00
Jo Observations Equivalent:
Jo H(x):refl10cm:equivalentReflectivityFactor   : Nobs=  3770734, Min= 0.000000e+00, Max= 6.027377e+01, RMS= 4.389465e+00
Jo Bias Corrected Departures:
Jo Dep :refl10cm:equivalentReflectivityFactor   : Nobs=  3770734, Min=-4.838731e+01, Max= 5.670717e+01, RMS= 3.772871e+00
Jo Observations Errors:
UFO Diagonal observation error covariance, inverse variances: refl10cm nobs= 3770734 Min=0.04, Max=0.04, RMS=0.04



CostJo   : Nonlinear Jo(refl10cm) = 1.07349e+06, nobs = 3770734, Jo/n = 0.284691, err = 5
CostJo   : Nonlinear Jo = 1.07349e+06
Increment:diff x1 4
Increment:diff x2 35
Increment:diff x1 5
Increment:diff x2 36
Increment:diff x1 6
Increment:diff x2 37
Increment:diff x1 7
Increment:diff x2 38
Increment:diff x1 8
Increment:diff x2 39
Increment:diff x1 9
Increment:diff x2 40
Increment:diff x1 10
Increment:diff x2 41
Increment:diff x1 11
Increment:diff x2 42
Increment:diff x1 12
Increment:diff x2 43
Increment:diff x1 13
Increment:diff x2 44
Increment:diff x1 14
Increment:diff x2 45
Increment:diff x1 15
Increment:diff x2 46
Increment:diff x1 16
Increment:diff x2 47
Increment:diff x1 17
Increment:diff x2 48
Increment:diff x1 18
Increment:diff x2 49
Increment:diff x1 19
Increment:diff x2 50
Increment:diff x1 20
Increment:diff x2 51
Increment:diff x1 21
Increment:diff x2 52
Increment:diff x1 22
Increment:diff x2 53
Increment:diff x1 23
Increment:diff x2 54
Increment:diff x1 24
Increment:diff x2 55
Increment:diff x1 25
Increment:diff x2 56
Increment:diff x1 26
Increment:diff x2 57
Increment:diff x1 27
Increment:diff x2 58
Increment:diff x1 28
Increment:diff x2 59
Increment:diff x1 29
Increment:diff x2 60
Increment:diff x1 30
Increment:diff x2 61
Increment:diff x1 31
Increment:diff x2 62
Increment:diff x1 32
Increment:diff x2 63
Increment:diff x1 33
Increment:diff x2 64
Info     : Prepare ensemble configuration
Info     : Read full ensemble
Info     : Creating central block: 
Info     : SaberCentralBlock using multivariate strategy: deprecated
Info     : Creating single central block.
Info     : Read data

==================================================================================
 saber::Diffusion read
----------------------------------------------------------------------------------

group 1 of 1
atlas::mpi::push(world)
atlas::mpi::pop(world)
variables: [water_vapor_mixing_ratio_wrt_moist_air,air_pressure_at_surface,air_temperature,northward_wind,eastward_wind,cloud_liquid_water,cloud_liquid_ice,rain_water,snow_water,graupel,equivalent_reflectivity_factor,upward_air_velocity]
multivariate strategy: duplicated
Reading horizontal parameters
  levels: 1
Key "mesh[address=0x74ba890]" not found in cache "NodeColumnsGatherScatterCache" , creating new, removable with key "mesh[address=0x74ba890]"
  Info     : Reading file: data/diffusionloc/mpas_conus3km.diffusion_hz.nc
atlas::mpi::push(world)
atlas::mpi::pop(world)
  hzScales:  min: 4087.19  mean: 4087.19  max: 4087.19
  hzNorm:    min: 2.4414  mean: 3.71484  max: 4.05626
Reading vertical parameters
  levels: 59
  vertical strategy: normal
  Info     : Reading file: data/diffusionloc/mpas_conus3km.diffusion_vt.nc
atlas::mpi::push(world)
atlas::mpi::pop(world)
  vtScales:  min: 11  mean: 11  max: 11
  vtNorm:    min: 3.7178  mean: 4.83632  max: 5.25235
Diffusion: horizontal iterations: 6
Diffusion: vertical iterations: 242
Increment:diff x1 2
Increment:diff x2 1
==================================================================================

CostJb: FG-BG
  Valid time: 2026-05-22T10:00:00Z
  Resolution: nCellsGlobal = 2341818, nFields = 12
Fld=1  Min=0, Max=0, RMS=0 : water_vapor_mixing_ratio_wrt_moist_air
Fld=2  Min=0, Max=0, RMS=0 : air_pressure_at_surface
Fld=3  Min=0, Max=0, RMS=0 : air_temperature
Fld=4  Min=0, Max=0, RMS=0 : northward_wind
Fld=5  Min=0, Max=0, RMS=0 : eastward_wind
Fld=6  Min=0, Max=0, RMS=0 : cloud_liquid_water
Fld=7  Min=0, Max=0, RMS=0 : cloud_liquid_ice
Fld=8  Min=0, Max=0, RMS=0 : rain_water
Fld=9  Min=0, Max=0, RMS=0 : snow_water
Fld=10  Min=0, Max=0, RMS=0 : graupel
Fld=11  Min=0, Max=0, RMS=0 : equivalent_reflectivity_factor
Fld=12  Min=0, Max=0, RMS=0 : upward_air_velocity
Increment:diff x1 2
Increment:diff x2 1
CostJb: FG-BG
  Valid time: 2026-05-22T10:00:00Z
  Resolution: nCellsGlobal = 2341818, nFields = 12
Fld=1  Min=0, Max=0, RMS=0 : water_vapor_mixing_ratio_wrt_moist_air
Fld=2  Min=0, Max=0, RMS=0 : air_pressure_at_surface
Fld=3  Min=0, Max=0, RMS=0 : air_temperature
Fld=4  Min=0, Max=0, RMS=0 : northward_wind
Fld=5  Min=0, Max=0, RMS=0 : eastward_wind
Fld=6  Min=0, Max=0, RMS=0 : cloud_liquid_water
Fld=7  Min=0, Max=0, RMS=0 : cloud_liquid_ice
Fld=8  Min=0, Max=0, RMS=0 : rain_water
Fld=9  Min=0, Max=0, RMS=0 : snow_water
Fld=10  Min=0, Max=0, RMS=0 : graupel
Fld=11  Min=0, Max=0, RMS=0 : equivalent_reflectivity_factor
Fld=12  Min=0, Max=0, RMS=0 : upward_air_velocity
CostFunction: Nonlinear J = 1.07349e+06
OOPS_STATS IncrementalAssimilation linearize 0      - Runtime:   145.13 sec,  Local Memory:     7.26 GB

DRPCGMinimizer: max iter = 75, requested norm reduction = 0.001
CostFunction::computeGradientFG: gradient:
  Valid time: 2026-05-22T10:00:00Z
  Resolution: nCellsGlobal = 2341818, nFields = 12
Fld=1  Min=0, Max=0, RMS=0 : water_vapor_mixing_ratio_wrt_moist_air
Fld=2  Min=0, Max=0, RMS=0 : air_pressure_at_surface
Fld=3  Min=0, Max=0, RMS=0 : air_temperature
Fld=4  Min=0, Max=0, RMS=0 : northward_wind
Fld=5  Min=0, Max=0, RMS=0 : eastward_wind
Fld=6  Min=0, Max=0, RMS=0 : cloud_liquid_water
Fld=7  Min=0, Max=0, RMS=0 : cloud_liquid_ice
Fld=8  Min=0, Max=0, RMS=0 : rain_water
Fld=9  Min=0, Max=0, RMS=0 : snow_water
Fld=10  Min=0, Max=0, RMS=0 : graupel
Fld=11  Min=-1.5858, Max=1.86544, RMS=0.0145282 : equivalent_reflectivity_factor
Fld=12  Min=0, Max=0, RMS=0 : upward_air_velocity
DRPCGMinimizer rhs
  Valid time: 2026-05-22T10:00:00Z
  Resolution: nCellsGlobal = 2341818, nFields = 12
Fld=1  Min=-0, Max=-0, RMS=0 : water_vapor_mixing_ratio_wrt_moist_air
Fld=2  Min=-0, Max=-0, RMS=0 : air_pressure_at_surface
Fld=3  Min=-0, Max=-0, RMS=0 : air_temperature
Fld=4  Min=-0, Max=-0, RMS=0 : northward_wind
Fld=5  Min=-0, Max=-0, RMS=0 : eastward_wind
Fld=6  Min=-0, Max=-0, RMS=0 : cloud_liquid_water
Fld=7  Min=-0, Max=-0, RMS=0 : cloud_liquid_ice
Fld=8  Min=-0, Max=-0, RMS=0 : rain_water
Fld=9  Min=-0, Max=-0, RMS=0 : snow_water
Fld=10  Min=-0, Max=-0, RMS=0 : graupel
Fld=11  Min=-1.86544, Max=1.5858, RMS=0.0145282 : equivalent_reflectivity_factor
Fld=12  Min=-0, Max=-0, RMS=0 : upward_air_velocity
Initial RHS squared norm = 29162.7
OOPS_STATS DRPCG start                              - Runtime:   145.27 sec,  Local Memory:     7.26 GB
normr0 29162.7
  Residual norm ( 0) = 6735.13535371483
  Norm reduction ( 0) = 1

  Quadratic cost function: J   ( 0) = 1073494.203317476
  Quadratic cost function: Jb  ( 0) = 0
  Quadratic cost function: JoJc( 0) = 1073494.203317476


 DRPCG Starting Iteration 1
OOPS_STATS DRPCG iteration 1                        - Runtime:   151.03 sec,  Local Memory:     7.26 GB
rdots 1.42077e+07      iteration    0
DRPCG end of iteration 1
  Residual norm ( 1) = 3769.316400369278
  Norm reduction ( 1) = 0.5596496881521876

  Quadratic cost function: J   ( 1) = 585910.2858201547
  Quadratic cost function: Jb  ( 1) = 10481.80520340004
  Quadratic cost function: JoJc( 1) = 575428.4806167546

 DRPCG Starting Iteration 2
OOPS_STATS DRPCG iteration 2                        - Runtime:   156.82 sec,  Local Memory:     7.26 GB
rdots 6.44662e+06      iteration    1
DRPCG end of iteration 2
  Residual norm ( 2) = 2539.018657673883
  Norm reduction ( 2) = 0.3769810886240709

  Quadratic cost function: J   ( 2) = 449674.6060104249
  Quadratic cost function: Jb  ( 2) = 19770.23561575553
  Quadratic cost function: JoJc( 2) = 429904.3703946694

 DRPCG Starting Iteration 3
OOPS_STATS DRPCG iteration 3                        - Runtime:   162.70 sec,  Local Memory:     7.26 GB
rdots 3.62858e+06      iteration    2
DRPCG end of iteration 3
  Residual norm ( 3) = 1904.884097136674
  Norm reduction ( 3) = 0.2828278864634869

  Quadratic cost function: J   ( 3) = 382151.6148312194
  Quadratic cost function: Jb  ( 3) = 28331.73939356418
  Quadratic cost function: JoJc( 3) = 353819.8754376553

 DRPCG Starting Iteration 4
OOPS_STATS DRPCG iteration 4                        - Runtime:   168.71 sec,  Local Memory:     7.26 GB
rdots 2.11728e+06      iteration    3
DRPCG end of iteration 4
  Residual norm ( 4) = 1455.088775953416
  Norm reduction ( 4) = 0.2160444741694534

  Quadratic cost function: J   ( 4) = 344220.9184859307
  Quadratic cost function: Jb  ( 4) = 35914.48239061314
  Quadratic cost function: JoJc( 4) = 308306.4360953175

 DRPCG Starting Iteration 5
OOPS_STATS DRPCG iteration 5                        - Runtime:   174.64 sec,  Local Memory:     7.26 GB
rdots 1.37251e+06      iteration    4
DRPCG end of iteration 5
  Residual norm ( 5) = 1171.541788860171
  Norm reduction ( 5) = 0.1739448024922017

  Quadratic cost function: J   ( 5) = 318217.5022457677
  Quadratic cost function: Jb  ( 5) = 43491.00132230993
  Quadratic cost function: JoJc( 5) = 274726.5009234578

 DRPCG Starting Iteration 6
rdots 958193      iteration    5
DRPCG end of iteration 6
  Residual norm ( 6) = 978.8735479800356
  Norm reduction ( 6) = 0.1453383631614958

  Quadratic cost function: J   ( 6) = 303012.7022324314
  Quadratic cost function: Jb  ( 6) = 49505.46177849894
  Quadratic cost function: JoJc( 6) = 253507.2404539324

 DRPCG Starting Iteration 7
rdots 647401      iteration    6
DRPCG end of iteration 7
  Residual norm ( 7) = 804.6120927660952
  Norm reduction ( 7) = 0.1194648734597893

  Quadratic cost function: J   ( 7) = 292265.278910049
  Quadratic cost function: Jb  ( 7) = 54959.57484468084
  Quadratic cost function: JoJc( 7) = 237305.7040653682

 DRPCG Starting Iteration 8
rdots 420811      iteration    7
DRPCG end of iteration 8
  Residual norm ( 8) = 648.6994347992995
  Norm reduction ( 8) = 0.096315723549862

  Quadratic cost function: J   ( 8) = 284490.8914198971
  Quadratic cost function: Jb  ( 8) = 59888.71190341936
  Quadratic cost function: JoJc( 8) = 224602.1795164777

 DRPCG Starting Iteration 9
rdots 293705      iteration    8
DRPCG end of iteration 9
  Residual norm ( 9) = 541.9454576694505
  Norm reduction ( 9) = 0.08046541445830561

  Quadratic cost function: J   ( 9) = 278845.4204997635
  Quadratic cost function: Jb  ( 9) = 64272.95611266593
  Quadratic cost function: JoJc( 9) = 214572.4643870975

 DRPCG Starting Iteration 10
OOPS_STATS DRPCG iteration 10                       - Runtime:   204.57 sec,  Local Memory:     7.26 GB
rdots 232085      iteration    9
DRPCG end of iteration 10
  Residual norm (10) = 481.7522798483973
  Norm reduction (10) = 0.07152822542499938

  Quadratic cost function: J   (10) = 275159.6917523446
  Quadratic cost function: Jb  (10) = 67687.8564473064
  Quadratic cost function: JoJc(10) = 207471.8353050382

 DRPCG Starting Iteration 11
rdots 161141      iteration    10
DRPCG end of iteration 11
  Residual norm (11) = 401.4237273578526
  Norm reduction (11) = 0.05960143431066213

  Quadratic cost function: J   (11) = 272568.2100278392
  Quadratic cost function: Jb  (11) = 70475.17445080659
  Quadratic cost function: JoJc(11) = 202093.0355770326

 DRPCG Starting Iteration 12
rdots 116772      iteration    11
DRPCG end of iteration 12
  Residual norm (12) = 341.7190432727483
  Norm reduction (12) = 0.05073677444125452

  Quadratic cost function: J   (12) = 270716.8199368711
  Quadratic cost function: Jb  (12) = 72745.94523807679
  Quadratic cost function: JoJc(12) = 197970.8746987943

 DRPCG Starting Iteration 13
rdots 83233.7      iteration    12
DRPCG end of iteration 13
  Residual norm (13) = 288.5025769941216
  Norm reduction (13) = 0.04283545346048542

  Quadratic cost function: J   (13) = 269412.8450412998
  Quadratic cost function: Jb  (13) = 74544.00533569706
  Quadratic cost function: JoJc(13) = 194868.8397056028

 DRPCG Starting Iteration 14
rdots 55917.9      iteration    13
DRPCG end of iteration 14
  Residual norm (14) = 236.4697160398489
  Norm reduction (14) = 0.03510986841703512

  Quadratic cost function: J   (14) = 268411.0361065078
  Quadratic cost function: Jb  (14) = 76084.29282269621
  Quadratic cost function: JoJc(14) = 192326.7432838115

 DRPCG Starting Iteration 15
OOPS_STATS DRPCG iteration 15                       - Runtime:   235.39 sec,  Local Memory:     7.26 GB
rdots 40947      iteration    14
DRPCG end of iteration 15
  Residual norm (15) = 202.3536965584317
  Norm reduction (15) = 0.0300444884818568

  Quadratic cost function: J   (15) = 267702.9925681052
  Quadratic cost function: Jb  (15) = 77290.56864430581
  Quadratic cost function: JoJc(15) = 190412.4239237994

 DRPCG Starting Iteration 16
rdots 27063.1      iteration    15
DRPCG end of iteration 16
  Residual norm (16) = 164.5086693696701
  Norm reduction (16) = 0.0244254436963815

  Quadratic cost function: J   (16) = 267193.184442509
  Quadratic cost function: Jb  (16) = 78245.15936023206
  Quadratic cost function: JoJc(16) = 188948.0250822769

 DRPCG Starting Iteration 17
rdots 19620.1      iteration    16
DRPCG end of iteration 17
  Residual norm (17) = 140.071873984083
  Norm reduction (17) = 0.02079718767742729

  Quadratic cost function: J   (17) = 266821.6286781955
  Quadratic cost function: Jb  (17) = 79005.76434491077
  Quadratic cost function: JoJc(17) = 187815.8643332848

 DRPCG Starting Iteration 18
rdots 13984.7      iteration    17
DRPCG end of iteration 18
  Residual norm (18) = 118.2570812134807
  Norm reduction (18) = 0.01755823379974909

  Quadratic cost function: J   (18) = 266566.5952396449
  Quadratic cost function: Jb  (18) = 79572.96225412666
  Quadratic cost function: JoJc(18) = 186993.6329855182

 DRPCG Starting Iteration 19
rdots 9804.42      iteration    18
DRPCG end of iteration 19
  Residual norm (19) = 99.01727310029905
  Norm reduction (19) = 0.01470160106666381

  Quadratic cost function: J   (19) = 266386.0584951483
  Quadratic cost function: Jb  (19) = 80006.09790396213
  Quadratic cost function: JoJc(19) = 186379.9605911862

 DRPCG Starting Iteration 20
OOPS_STATS DRPCG iteration 20                       - Runtime:   266.61 sec,  Local Memory:     7.26 GB
rdots 6934.75      iteration    19
DRPCG end of iteration 20
  Residual norm (20) = 83.27512737848731
  Norm reduction (20) = 0.01236428416135039

  Quadratic cost function: J   (20) = 266256.8751659527
  Quadratic cost function: Jb  (20) = 80338.87149166239
  Quadratic cost function: JoJc(20) = 185918.0036742903

 DRPCG Starting Iteration 21
rdots 4838.53      iteration    20
DRPCG end of iteration 21
  Residual norm (21) = 69.55953622579354
  Norm reduction (21) = 0.01032786017988893

  Quadratic cost function: J   (21) = 266168.8932093662
  Quadratic cost function: Jb  (21) = 80580.92385060535
  Quadratic cost function: JoJc(21) = 185587.9693587609

 DRPCG Starting Iteration 22
rdots 3348.39      iteration    21
DRPCG end of iteration 22
  Residual norm (22) = 57.86525700939226
  Norm reduction (22) = 0.008591550721764799

  Quadratic cost function: J   (22) = 266104.4112678138
  Quadratic cost function: Jb  (22) = 80769.65969799852
  Quadratic cost function: JoJc(22) = 185334.7515698152

 DRPCG Starting Iteration 23
rdots 2422.03      iteration    22
DRPCG end of iteration 23
  Residual norm (23) = 49.2141582287294
  Norm reduction (23) = 0.00730707783052717

  Quadratic cost function: J   (23) = 266059.8740210832
  Quadratic cost function: Jb  (23) = 80907.95974572407
  Quadratic cost function: JoJc(23) = 185151.9142753592

 DRPCG Starting Iteration 24
rdots 1617.66      iteration    23
DRPCG end of iteration 24
  Residual norm (24) = 40.22013649594818
  Norm reduction (24) = 0.005971689414343302

  Quadratic cost function: J   (24) = 266029.897234091
  Quadratic cost function: Jb  (24) = 81006.23024002422
  Quadratic cost function: JoJc(24) = 185023.6669940667

 DRPCG Starting Iteration 25
OOPS_STATS DRPCG iteration 25                       - Runtime:   298.23 sec,  Local Memory:     7.26 GB
rdots 1158.73      iteration    24
DRPCG end of iteration 25
  Residual norm (25) = 34.04013527251336
  Norm reduction (25) = 0.005054113018491631

  Quadratic cost function: J   (25) = 266006.9268175424
  Quadratic cost function: Jb  (25) = 81085.60786847641
  Quadratic cost function: JoJc(25) = 184921.318949066

 DRPCG Starting Iteration 26
rdots 796.162      iteration    25
DRPCG end of iteration 26
  Residual norm (26) = 28.21634321620986
  Norm reduction (26) = 0.004189424819895693

  Quadratic cost function: J   (26) = 265991.6115431718
  Quadratic cost function: Jb  (26) = 81141.31220565901
  Quadratic cost function: JoJc(26) = 184850.2993375128

 DRPCG Starting Iteration 27
rdots 576.967      iteration    26
DRPCG end of iteration 27
  Residual norm (27) = 24.02012791796093
  Norm reduction (27) = 0.003566391268545537

  Quadratic cost function: J   (27) = 265980.9333001908
  Quadratic cost function: Jb  (27) = 81182.04077947378
  Quadratic cost function: JoJc(27) = 184798.8925207171

 DRPCG Starting Iteration 28
rdots 387.047      iteration    27
DRPCG end of iteration 28
  Residual norm (28) = 19.67350360371359
  Norm reduction (28) = 0.002921025721162749

  Quadratic cost function: J   (28) = 265973.210702666
  Quadratic cost function: Jb  (28) = 81212.88066149548
  Quadratic cost function: JoJc(28) = 184760.3300411705

 DRPCG Starting Iteration 29
rdots 272.066      iteration    28
DRPCG end of iteration 29
  Residual norm (29) = 16.49442083531359
  Norm reduction (29) = 0.002449011039728538

  Quadratic cost function: J   (29) = 265967.9407651671
  Quadratic cost function: Jb  (29) = 81234.87434799335
  Quadratic cost function: JoJc(29) = 184733.0664171738

 DRPCG Starting Iteration 30
OOPS_STATS DRPCG iteration 30                       - Runtime:   330.11 sec,  Local Memory:     7.26 GB
rdots 201.687      iteration    29
DRPCG end of iteration 30
  Residual norm (30) = 14.20166989371323
  Norm reduction (30) = 0.002108594578708824

  Quadratic cost function: J   (30) = 265964.2184534152
  Quadratic cost function: Jb  (30) = 81251.0774292131
  Quadratic cost function: JoJc(30) = 184713.1410242021

 DRPCG Starting Iteration 31
rdots 150.918      iteration    30
DRPCG end of iteration 31
  Residual norm (31) = 12.28486775844601
  Norm reduction (31) = 0.001823997160156577

  Quadratic cost function: J   (31) = 265961.8420261762
  Quadratic cost function: Jb  (31) = 81261.82973559466
  Quadratic cost function: JoJc(31) = 184700.0122905815

 DRPCG Starting Iteration 32
rdots 99.0429      iteration    31
DRPCG end of iteration 32
  Residual norm (32) = 9.952028373447449
  Norm reduction (32) = 0.001477628562870427

  Quadratic cost function: J   (32) = 265959.9839075902
  Quadratic cost function: Jb  (32) = 81270.551693106
  Quadratic cost function: JoJc(32) = 184689.4322144841

 DRPCG Starting Iteration 33
rdots 67.6337      iteration    32
DRPCG end of iteration 33
  Residual norm (33) = 8.223971970929915
  Norm reduction (33) = 0.001221055188800906

  Quadratic cost function: J   (33) = 265958.6745830931
  Quadratic cost function: Jb  (33) = 81276.92899837829
  Quadratic cost function: JoJc(33) = 184681.7455847149

 DRPCG Starting Iteration 34
rdots 47.9729      iteration    33
DRPCG end of iteration 34
  Residual norm (34) = 6.926249924482518
  Norm reduction (34) = 0.001028375757981208

  Quadratic cost function: J   (34) = 265957.7475311912
  Quadratic cost function: Jb  (34) = 81281.61001397221
  Quadratic cost function: JoJc(34) = 184676.137517219

 DRPCG Starting Iteration 35
OOPS_STATS DRPCG iteration 35                       - Runtime:   362.79 sec,  Local Memory:     7.26 GB
rdots 33.5204      iteration    34
DRPCG end of iteration 35
  Residual norm (35) = 5.789683126004237
  Norm reduction (35) = 0.0008596238712279006

  Quadratic cost function: J   (35) = 265957.1007820514
  Quadratic cost function: Jb  (35) = 81284.99206175638
  Quadratic cost function: JoJc(35) = 184672.1087202951

DRPCG: Achieved required reduction in residual norm.
OOPS_STATS DRPCG end                                - Runtime:   369.44 sec,  Local Memory:     7.26 GB
DRPCGMinimizer: reduction in residual norm = 0.000859624
DRPCGMinimizer output increment:
  Valid time: 2026-05-22T10:00:00Z
  Resolution: nCellsGlobal = 2341818, nFields = 12
Fld=1  Min=-0.0100042, Max=0.00752685, RMS=7.50687e-05 : water_vapor_mixing_ratio_wrt_moist_air
Fld=2  Min=-120.892, Max=89.2955, RMS=2.8125 : air_pressure_at_surface
Fld=3  Min=-8.44514, Max=6.68306, RMS=0.090991 : air_temperature
Fld=4  Min=-41.3267, Max=31.6558, RMS=0.384821 : northward_wind
Fld=5  Min=-23.5506, Max=21.2307, RMS=0.327818 : eastward_wind
Fld=6  Min=-0.00341857, Max=0.00378751, RMS=1.61746e-05 : cloud_liquid_water
Fld=7  Min=-0.000863508, Max=0.000839105, RMS=2.09638e-06 : cloud_liquid_ice
Fld=8  Min=-0.00405046, Max=0.00507639, RMS=2.99378e-05 : rain_water
Fld=9  Min=-0.00448985, Max=0.00424682, RMS=5.7355e-05 : snow_water
Fld=10  Min=-0.00572115, Max=0.00489757, RMS=1.69097e-05 : graupel
Fld=11  Min=-92.5203, Max=59.7419, RMS=2.17941 : equivalent_reflectivity_factor
Fld=12  Min=0, Max=0, RMS=0 : upward_air_velocity
CostFunction::addIncrement: First guess:
  Valid time: 2026-05-22T10:00:00Z
  Resolution: nCellsGlobal = 2341818, nFields = 35
Fld=1  Min=0, Max=0.0209757, RMS=0.00563976 : water_vapor_mixing_ratio_wrt_moist_air
Fld=2  Min=62869.3, Max=103051, RMS=96660 : air_pressure_at_surface
Fld=3  Min=195.676, Max=308.784, RMS=257.909 : air_temperature
Fld=4  Min=-38.5877, Max=47.9036, RMS=6.833 : northward_wind
Fld=5  Min=-18.9105, Max=74.7051, RMS=12.6772 : eastward_wind
Fld=6  Min=263.658, Max=646.076, RMS=354.304 : air_potential_temperature
Fld=7  Min=0.0383514, Max=1.344, RMS=0.792078 : dry_air_density
Fld=8  Min=-74.1793, Max=74.1359, RMS=10.2563 : u
Fld=9  Min=0, Max=0.0214252, RMS=0.00570831 : water_vapor_mixing_ratio_wrt_dry_air
Fld=10  Min=2424.95, Max=102937, RMS=64277.5 : air_pressure
Fld=11  Min=0, Max=1, RMS=0.790008 : landmask
Fld=12  Min=0, Max=1, RMS=0.0644891 : seaice_fraction
Fld=13  Min=0, Max=1, RMS=0.0779133 : snowc
Fld=14  Min=244.983, Max=303.907, RMS=286.58 : skin_temperature_at_surface
Fld=15  Min=1, Max=19, RMS=12.7664 : ivgtyp
Fld=16  Min=1, Max=16, RMS=9.97061 : isltyp
Fld=17  Min=0, Max=7.5, RMS=0.175355 : snowh
Fld=18  Min=0, Max=0.910596, RMS=0.390433 : vegetation_area_fraction
Fld=19  Min=258.608, Max=304.076, RMS=286.65 : air_temperature_at_2m
Fld=20  Min=1.83114e-05, Max=0.021083, RMS=0.0105038 : water_vapor_mixing_ratio_wrt_moist_air_at_2m
Fld=21  Min=-14.5285, Max=18.0721, RMS=3.35963 : eastward_wind_at_10m
Fld=22  Min=-16.0442, Max=17.1711, RMS=3.50609 : northward_wind_at_10m
Fld=23  Min=0, Max=6.54311, RMS=1.52022 : lai
Fld=24  Min=0.00200001, Max=1, RMS=0.635009 : smois
Fld=25  Min=258.113, Max=308.576, RMS=288.103 : tslb
Fld=26  Min=-991.305, Max=5737.53, RMS=3036.26 : pressure_p
Fld=27  Min=0, Max=0.00619976, RMS=5.87096e-05 : cloud_liquid_water
Fld=28  Min=0, Max=0.00189859, RMS=3.12721e-06 : cloud_liquid_ice
Fld=29  Min=0, Max=0.00805853, RMS=2.25087e-05 : graupel
Fld=30  Min=0, Max=0.00774002, RMS=4.70611e-05 : rain_water
Fld=31  Min=0, Max=0.00661128, RMS=7.64738e-05 : snow_water
Fld=32  Min=0, Max=1, RMS=0.219084 : cldfrac
Fld=33  Min=0, Max=67.6454, RMS=4.14101 : equivalent_reflectivity_factor
Fld=34  Min=-7.82584, Max=27.9947, RMS=0.125422 : w
Fld=35  Min=0, Max=0, RMS=0 : upward_air_velocity
CostFunction::addIncrement: Increment:
  Valid time: 2026-05-22T10:00:00Z
  Resolution: nCellsGlobal = 2341818, nFields = 12
Fld=1  Min=-0.0100042, Max=0.00752685, RMS=7.50687e-05 : water_vapor_mixing_ratio_wrt_moist_air
Fld=2  Min=-120.892, Max=89.2955, RMS=2.8125 : air_pressure_at_surface
Fld=3  Min=-8.44514, Max=6.68306, RMS=0.090991 : air_temperature
Fld=4  Min=-41.3267, Max=31.6558, RMS=0.384821 : northward_wind
Fld=5  Min=-23.5506, Max=21.2307, RMS=0.327818 : eastward_wind
Fld=6  Min=-0.00341857, Max=0.00378751, RMS=1.61746e-05 : cloud_liquid_water
Fld=7  Min=-0.000863508, Max=0.000839105, RMS=2.09638e-06 : cloud_liquid_ice
Fld=8  Min=-0.00405046, Max=0.00507639, RMS=2.99378e-05 : rain_water
Fld=9  Min=-0.00448985, Max=0.00424682, RMS=5.7355e-05 : snow_water
Fld=10  Min=-0.00572115, Max=0.00489757, RMS=1.69097e-05 : graupel
Fld=11  Min=-92.5203, Max=59.7419, RMS=2.17941 : equivalent_reflectivity_factor
Fld=12  Min=0, Max=0, RMS=0 : upward_air_velocity
CostFunction::addIncrement: Analysis: 
  Valid time: 2026-05-22T10:00:00Z
  Resolution: nCellsGlobal = 2341818, nFields = 35
Fld=1  Min=0, Max=0.020982, RMS=0.00563857 : water_vapor_mixing_ratio_wrt_moist_air
Fld=2  Min=62869.3, Max=103051, RMS=96659.9 : air_pressure_at_surface
Fld=3  Min=195.676, Max=308.784, RMS=257.909 : air_temperature
Fld=4  Min=-38.5877, Max=47.9036, RMS=6.83511 : northward_wind
Fld=5  Min=-21.4338, Max=74.7051, RMS=12.6792 : eastward_wind
Fld=6  Min=263.658, Max=646.076, RMS=354.303 : air_potential_temperature
Fld=7  Min=0.0383514, Max=1.344, RMS=0.79208 : dry_air_density
Fld=8  Min=-74.1793, Max=74.1359, RMS=10.2581 : u
Fld=9  Min=0, Max=0.0214316, RMS=0.0057071 : water_vapor_mixing_ratio_wrt_dry_air
Fld=10  Min=2417.34, Max=102937, RMS=64277.4 : air_pressure
Fld=11  Min=0, Max=1, RMS=0.790008 : landmask
Fld=12  Min=0, Max=1, RMS=0.0644891 : seaice_fraction
Fld=13  Min=0, Max=1, RMS=0.0779133 : snowc
Fld=14  Min=244.983, Max=303.907, RMS=286.58 : skin_temperature_at_surface
Fld=15  Min=1, Max=19, RMS=12.7664 : ivgtyp
Fld=16  Min=1, Max=16, RMS=9.97061 : isltyp
Fld=17  Min=0, Max=7.5, RMS=0.175355 : snowh
Fld=18  Min=0, Max=0.910596, RMS=0.390433 : vegetation_area_fraction
Fld=19  Min=258.608, Max=304.076, RMS=286.65 : air_temperature_at_2m
Fld=20  Min=1.83114e-05, Max=0.021083, RMS=0.0105027 : water_vapor_mixing_ratio_wrt_moist_air_at_2m
Fld=21  Min=-14.5285, Max=18.0721, RMS=3.35963 : eastward_wind_at_10m
Fld=22  Min=-16.0442, Max=17.1711, RMS=3.50609 : northward_wind_at_10m
Fld=23  Min=0, Max=6.54311, RMS=1.52022 : lai
Fld=24  Min=0.00200001, Max=1, RMS=0.635009 : smois
Fld=25  Min=258.113, Max=308.576, RMS=288.103 : tslb
Fld=26  Min=-1019.68, Max=5736.9, RMS=3036.2 : pressure_p
Fld=27  Min=0, Max=0.00619976, RMS=5.80581e-05 : cloud_liquid_water
Fld=28  Min=0, Max=0.00175899, RMS=3.50454e-06 : cloud_liquid_ice
Fld=29  Min=0, Max=0.00802793, RMS=2.32844e-05 : graupel
Fld=30  Min=0, Max=0.00712616, RMS=4.17649e-05 : rain_water
Fld=31  Min=0, Max=0.00659584, RMS=8.77777e-05 : snow_water
Fld=32  Min=0, Max=1, RMS=0.219084 : cldfrac
Fld=33  Min=0, Max=69.592, RMS=3.76705 : equivalent_reflectivity_factor
Fld=34  Min=-7.82584, Max=27.9947, RMS=0.125422 : w
Fld=35  Min=0, Max=0, RMS=0 : upward_air_velocity
OOPS_STATS IncrementalAssimilation end              - Runtime:   369.80 sec,  Local Memory:     7.26 GB
Variational: incremental assimilation done 1 iterations.
QC refl10cm equivalentReflectivityFactor: 132074 H(x) failed.
QC refl10cm equivalentReflectivityFactor: 3770734 passed out of 3902808 observations.
ObsErrorDiagonal covariance updated 3770734
Observer::finalize QC = 
refl10cm equivalentReflectivityFactor nlocs = 3902808, nobs = 3902808, min = 0, max = 15, avg = 0
Jo Observations:
Jo Obs :refl10cm:equivalentReflectivityFactor   : Nobs=  3770734, Min= 0.000000e+00, Max= 5.334898e+01, RMS= 4.448845e+00
Jo Observations Equivalent:
Jo H(x):refl10cm:equivalentReflectivityFactor   : Nobs=  3770734, Min= 0.000000e+00, Max= 5.531651e+01, RMS= 4.130226e+00
Jo Bias Corrected Departures:
Jo Dep :refl10cm:equivalentReflectivityFactor   : Nobs=  3770734, Min=-4.838731e+01, Max= 5.531651e+01, RMS= 1.570293e+00
Jo Observations Errors:
UFO Diagonal observation error covariance, inverse variances: refl10cm nobs= 3770734 Min=0.04, Max=0.04, RMS=0.04



CostJo   : Nonlinear Jo(refl10cm) = 185959, nobs = 3770734, Jo/n = 0.0493164, err = 5
CostJo   : Nonlinear Jo = 185959
Increment:diff x1 2
Increment:diff x2 1
CostJb: FG-BG
  Valid time: 2026-05-22T10:00:00Z
  Resolution: nCellsGlobal = 2341818, nFields = 12
Fld=1  Min=-0.00947839, Max=0.00752685, RMS=7.49376e-05 : water_vapor_mixing_ratio_wrt_moist_air
Fld=2  Min=-120.892, Max=89.2955, RMS=2.8125 : air_pressure_at_surface
Fld=3  Min=-8.44514, Max=6.68306, RMS=0.090991 : air_temperature
Fld=4  Min=-41.3267, Max=31.6558, RMS=0.384821 : northward_wind
Fld=5  Min=-23.5506, Max=21.2307, RMS=0.327818 : eastward_wind
Fld=6  Min=-0.00204575, Max=0.00378751, RMS=1.31197e-05 : cloud_liquid_water
Fld=7  Min=-0.00050004, Max=0.000839105, RMS=1.87403e-06 : cloud_liquid_ice
Fld=8  Min=-0.00380315, Max=0.00507639, RMS=2.2484e-05 : rain_water
Fld=9  Min=-0.00378054, Max=0.00424682, RMS=5.52752e-05 : snow_water
Fld=10  Min=-0.0047025, Max=0.00489757, RMS=1.44068e-05 : graupel
Fld=11  Min=-56.9019, Max=59.7419, RMS=2.12584 : equivalent_reflectivity_factor
Fld=12  Min=0, Max=0, RMS=0 : upward_air_velocity
CostFunction: Nonlinear J = 185959
OOPS_STATS Variational end                          - Runtime:   389.94 sec,  Local Memory:     7.26 GB
==> destruct MPAS corelist and domain:  0
Tried to erase key "mesh[address=0x411a950],halo[size=0]" from cache "NodeColumnsHaloExchangeCache" but it was not found.
Erased key "mesh[address=0x411a950],halo[size=1]" from cache "NodeColumnsHaloExchangeCache".
==> destruct MPAS corelist and domain:  1
refl10cm: save database to jdiag_mrms_refl.nc (io pool size: 4)
QC refl10cm equivalentReflectivityFactor: 132074 H(x) failed.
QC refl10cm equivalentReflectivityFactor: 3770734 passed out of 3902808 observations.
Erased key "mesh[address=0x74ba890]" from cache "NodeColumnsGatherScatterCache".
Tried to erase key "mesh[address=0x74ba890],halo[size=0]" from cache "NodeColumnsHaloExchangeCache" but it was not found.
Erased key "mesh[address=0x74ba890],halo[size=1]" from cache "NodeColumnsHaloExchangeCache".

Run: Finishing oops::Variational<MPAS, UFO and IODA observations>
OOPS_STATS  
OOPS_STATS ----------------------------------------------------------------------------------
OOPS_STATS --------------------------- Object counts ----------------------------------------
OOPS_STATS ----------------------------------------------------------------------------------
OOPS_STATS                                      Total  Simult. Remain    Avg (Mb)    HWM (Mb)
OOPS_STATS ioda::ObsDataVector             :        8       5        
OOPS_STATS ioda::ObsVector                 :       90       8        
OOPS_STATS mpas::Geometry                  :        2       2        
OOPS_STATS mpas::Increment                 :     2564     117        
OOPS_STATS mpas::LinVarChaModel2GeoVars    :        1       1        
OOPS_STATS mpas::ModelBias                 :        4       3        
OOPS_STATS mpas::ModelBiasCovariance       :        1       1        
OOPS_STATS mpas::State                     :       75      34        
OOPS_STATS mpas::VarChaModel2GeoVars       :        3       1        
OOPS_STATS oops::ControlIncrement          :      158      84               15.22     1278.52
OOPS_STATS oops::ControlVariable           :        4       3        
OOPS_STATS oops::Diffusion                 :        1       1        
OOPS_STATS oops::EnsembleCovariance        :        1       1             3556.48     3556.48
OOPS_STATS oops::GeoVaLs                   :       74       1        
OOPS_STATS oops::Geometry                  :        2       2        
OOPS_STATS oops::GetValues                 :        3       2        
OOPS_STATS oops::Increment                 :     2492     117               15.02     1780.79
OOPS_STATS oops::LinearObsOperator         :        1       1        
OOPS_STATS oops::LocalInterpolator         :     2400    1600        
OOPS_STATS oops::Localization              :        1       1        
OOPS_STATS oops::ModelAuxControl           :        4       3        
OOPS_STATS oops::ModelAuxCovariance        :        1       1        
OOPS_STATS oops::ModelAuxIncrement         :      158      84        
OOPS_STATS oops::ObsAuxControl             :        4       3        
OOPS_STATS oops::ObsAuxCovariance          :        1       1        
OOPS_STATS oops::ObsAuxIncrement           :      158      84        
OOPS_STATS oops::ObsAuxIncrements          :      158      84        
OOPS_STATS oops::ObsAuxPreconditioner      :        2       2        
OOPS_STATS oops::ObsDataVector             :        4       4        
OOPS_STATS oops::ObsDiagnostics            :        2       1        
OOPS_STATS oops::ObsError                  :        1       1        
OOPS_STATS oops::ObsOperator               :        2       2        
OOPS_STATS oops::ObsSpace                  :        1       1        
OOPS_STATS oops::ObsSpaces                 :        1       1        
OOPS_STATS oops::ObsVector                 :       90       7                0.04        0.23
OOPS_STATS oops::SampledLocations          :        8       4        
OOPS_STATS oops::State                     :       72      34               21.39      702.08
OOPS_STATS oops::UnstructuredInterpolator  :     2400    1600        
OOPS_STATS oops::VariableChange            :        3       1        
OOPS_STATS ufo::BackgroundCheck            :        1       1        
OOPS_STATS ufo::FinalCheck                 :        2       2        
OOPS_STATS ufo::GeoVaLs                    :       77       2        
OOPS_STATS ufo::ObsBias                    :        4       3        
OOPS_STATS ufo::ObsBiasCovariance          :        1       1        
OOPS_STATS ufo::ObsBiasPreconditioner      :        1       1        
OOPS_STATS ufo::ObsFilter                  :        9       6        
OOPS_STATS ufo::ObsFilterData              :        3       3        
OOPS_STATS ufo::ObsVertInterp              :        2       2        
OOPS_STATS ufo::ObsVertInterpTLAD          :        1       1        
OOPS_STATS ufo::SampledLocations           :        4       3        
OOPS_STATS ----------------------------- Object counts --------------------------------------
OOPS_STATS  
OOPS_STATS --------------------------------------------------------------------------------------------
OOPS_STATS ------------------------------------ Timing Statistics -------------------------------------
OOPS_STATS --------------------------------------------------------------------------------------------
OOPS_STATS Name                                                :   total (ms)   count    time/call (ms)
OOPS_STATS ObsFilter::Background Check::ObsFilter              :         7.92       1            7.9200
OOPS_STATS ObsFilter::Background Check::postFilter             :        10.26       1           10.2617
OOPS_STATS ObsFilter::Background Check::preProcess             :         0.02       1            0.0157
OOPS_STATS ObsFilter::Background Check::priorFilter            :         0.02       1            0.0246
OOPS_STATS ObsFilter::Final Check::ObsFilter                   :         0.84       2            0.4210
OOPS_STATS ObsFilter::Final Check::postFilter                  :         0.05       2            0.0239
OOPS_STATS ObsFilter::Final Check::preProcess                  :         0.00       2            0.0003
OOPS_STATS ObsFilter::Final Check::priorFilter                 :         0.00       2            0.0020
OOPS_STATS ObsFilter::QCmanager::ObsFilter                     :         1.50       2            0.7515
OOPS_STATS ObsFilter::QCmanager::postFilter                    :         0.23       2            0.1174
OOPS_STATS ObsFilter::QCmanager::preProcess                    :         0.00       2            0.0001
OOPS_STATS ObsFilter::QCmanager::priorFilter                   :         0.00       2            0.0001
OOPS_STATS ioda::ObsSpace::get_db(DateTime)                    :         0.75       4            0.1880
OOPS_STATS ioda::ObsSpace::get_db(double)                      :         0.31       5            0.0611
OOPS_STATS ioda::ObsSpace::get_db(float)                       :         0.92      12            0.0763
OOPS_STATS ioda::ObsSpace::load                                :       747.07       1          747.0724
OOPS_STATS ioda::ObsSpace::put_db(double)                      :         0.33       6            0.0543
OOPS_STATS ioda::ObsSpace::put_db(float)                       :         0.08       2            0.0407
OOPS_STATS ioda::ObsSpace::put_db(int)                         :         0.16       2            0.0799
OOPS_STATS mpas::LinVarChaModel2GeoVars::LinVarChaModel2GeoVar :         4.45       1            4.4542
OOPS_STATS mpas::LinVarChaModel2GeoVars::changeVarAD           :       688.59      36           19.1275
OOPS_STATS mpas::LinVarChaModel2GeoVars::changeVarTL           :       125.69      35            3.5913
OOPS_STATS mpas::LinVarChaModel2GeoVars::~LinVarChaModel2GeoVa :         0.04       1            0.0359
OOPS_STATS mpas::VarChaModel2GeoVars::VarChaModel2GeoVars      :         0.79       3            0.2628
OOPS_STATS mpas::VarChaModel2GeoVars::changeVar                :        30.76       3           10.2522
OOPS_STATS mpas::VarChaModel2GeoVars::~VarChaModel2GeoVars     :         0.01       3            0.0018
OOPS_STATS oops::Covariance::EnsembleCovariance                :     82905.16       1        82905.1570
OOPS_STATS oops::Covariance::ensemble::Constructor             :         0.01       1            0.0103
OOPS_STATS oops::Covariance::ensemble::multiply                :    205390.78      36         5705.2993
OOPS_STATS oops::Diffusion::Diffusion                          :         0.00       1            0.0001
OOPS_STATS oops::Diffusion::calculateDerivedGeom               :         1.87       1            1.8652
OOPS_STATS oops::Diffusion::multiplySqrtAD                     :     49636.77    1080           45.9600
OOPS_STATS oops::Diffusion::multiplySqrtTL                     :     42098.35    1080           38.9800
OOPS_STATS oops::Diffusion::setParameters                      :         6.45       1            6.4537
OOPS_STATS oops::GeoVaLs::GeoVaLs                              :        15.87      74            0.2144
OOPS_STATS oops::GeoVaLs::fill                                 :        25.69   25584            0.0010
OOPS_STATS oops::GeoVaLs::fillAD                               :        20.12   22464            0.0009
OOPS_STATS oops::GeoVaLs::~GeoVaLs                             :         0.41      74            0.0056
OOPS_STATS oops::Geometry::Geometry                            :     54114.75       2        27057.3762
OOPS_STATS oops::Geometry::variableSizes                       :         4.82      11            0.4378
OOPS_STATS oops::Geometry::~Geometry                           :       617.79       2          308.8973
OOPS_STATS oops::GeometryData::containingTriangleAndBarycentri :        47.65   20565            0.0023
OOPS_STATS oops::GeometryData::setGlobalTree                   :      1823.60       2          911.7981
OOPS_STATS oops::GeometryData::setLocalTree                    :         8.07       2            4.0359
OOPS_STATS oops::GeometryData::setMeshAndTriangulation         :         0.30       2            0.1491
OOPS_STATS oops::GetValues::GetValues                          :       336.04       3          112.0149
OOPS_STATS oops::GetValues::fillGeoVaLs                        :        95.25       3           31.7505
OOPS_STATS oops::GetValues::fillGeoVaLsAD                      :       101.62      36            2.8228
OOPS_STATS oops::GetValues::fillGeoVaLsTL                      :       637.82      35           18.2234
OOPS_STATS oops::GetValues::finalize                           :        16.80       3            5.6005
OOPS_STATS oops::GetValues::finalizeAD                         :       536.48      36           14.9021
OOPS_STATS oops::GetValues::finalizeTL                         :        89.56      35            2.5590
OOPS_STATS oops::GetValues::initialize                         :         1.34       3            0.4475
OOPS_STATS oops::GetValues::initializeAD                       :         4.38      36            0.1215
OOPS_STATS oops::GetValues::initializeTL                       :        15.26      35            0.4360
OOPS_STATS oops::GetValues::process                            :        17.59       3            5.8627
OOPS_STATS oops::GetValues::processAD                          :       115.64      36            3.2123
OOPS_STATS oops::GetValues::processTL                          :       117.70      35            3.3629
OOPS_STATS oops::Increment::Increment                          :     27580.01    2492           11.0674
OOPS_STATS oops::Increment::axpy                               :      4253.75     700            6.0768
OOPS_STATS oops::Increment::diff                               :       295.67      33            8.9597
OOPS_STATS oops::Increment::dot_product_with                   :      6333.30     774            8.1826
OOPS_STATS oops::Increment::fromFieldSet                       :      9599.59    1116            8.6018
OOPS_STATS oops::Increment::operator*=                         :       204.97     106            1.9336
OOPS_STATS oops::Increment::operator+=                         :     10589.70    1251            8.4650
OOPS_STATS oops::Increment::operator+=(State, Increment)       :        45.90       1           45.9047
OOPS_STATS oops::Increment::operator-=                         :        97.33      30            3.2444
OOPS_STATS oops::Increment::operator=                          :      6380.51    1378            4.6303
OOPS_STATS oops::Increment::print                              :     23235.25    1087           21.3756
OOPS_STATS oops::Increment::schur_product_with                 :     11685.87    2160            5.4101
OOPS_STATS oops::Increment::serialSize                         :         4.52     158            0.0286
OOPS_STATS oops::Increment::toFieldSet                         :      9306.08    1151            8.0852
OOPS_STATS oops::Increment::zero                               :       118.71     109            1.0891
OOPS_STATS oops::Increment::~Increment                         :       146.80    2492            0.0589
OOPS_STATS oops::LinearObsOper::refl10cm::LinearObsOperator    :         4.34       1            4.3386
OOPS_STATS oops::LinearObsOper::refl10cm::requiredVars         :         0.07      73            0.0010
OOPS_STATS oops::LinearObsOper::refl10cm::setTrajectory        :         0.91       1            0.9129
OOPS_STATS oops::LinearObsOper::refl10cm::simulateObsAD        :         3.75      36            0.1041
OOPS_STATS oops::LinearObsOper::refl10cm::simulateObsTL        :         6.17      35            0.1763
OOPS_STATS oops::LinearObsOper::refl10cm::~LinearObsOperator   :         0.04       1            0.0422
OOPS_STATS oops::LinearVariableChange::LinearVariableChange    :        38.28       1           38.2759
OOPS_STATS oops::LinearVariableChange::changeVarAD             :      1380.36      36           38.3435
OOPS_STATS oops::LinearVariableChange::changeVarTL             :       663.82      35           18.9662
OOPS_STATS oops::LinearVariableChange::changeVarTraj           :         4.47       1            4.4702
OOPS_STATS oops::LinearVariableChange::~LinearVariableChange   :         0.05       1            0.0510
OOPS_STATS oops::LocalInterpolator::LocalInterpolator          :        54.96    2400            0.0229
OOPS_STATS oops::LocalInterpolator::apply                      :        16.26    2400            0.0068
OOPS_STATS oops::LocalInterpolator::applyAD                    :       100.95   28800            0.0035
OOPS_STATS oops::LocalInterpolator::applyTL                    :       103.35   28000            0.0037
OOPS_STATS oops::LocalInterpolator::preprocess                 :      1102.84      38           29.0220
OOPS_STATS oops::LocalInterpolator::preprocessAD               :        53.85      36            1.4958
OOPS_STATS oops::LocalInterpolator::~LocalInterpolator         :         1.50    2400            0.0006
OOPS_STATS oops::Localization::Localization                    :      7800.48       1         7800.4816
OOPS_STATS oops::Localization::multiply                        :    164080.70    1080          151.9266
OOPS_STATS oops::Localization::~Localization                   :         0.38       1            0.3758
OOPS_STATS oops::ModelAuxControl::ModelAuxControl              :         0.01       4            0.0024
OOPS_STATS oops::ModelAuxControl::print                        :         0.00       3            0.0005
OOPS_STATS oops::ModelAuxControl::~ModelAuxControl             :         0.00       4            0.0012
OOPS_STATS oops::ModelAuxCovariance::ModelAuxCovariance        :         0.00       1            0.0030
OOPS_STATS oops::ModelAuxCovariance::linearize                 :         0.00       1            0.0001
OOPS_STATS oops::ModelAuxCovariance::multiply                  :         0.01      36            0.0002
OOPS_STATS oops::ModelAuxCovariance::~ModelAuxCovariance       :         0.00       1            0.0005
OOPS_STATS oops::ModelAuxIncrement::ModelAuxIncrement          :         0.14     158            0.0009
OOPS_STATS oops::ModelAuxIncrement::axpy                       :         0.31     700            0.0004
OOPS_STATS oops::ModelAuxIncrement::diff                       :         0.00       3            0.0002
OOPS_STATS oops::ModelAuxIncrement::dot_product_with           :         0.23     774            0.0003
OOPS_STATS oops::ModelAuxIncrement::operator*=                 :         0.04      69            0.0005
OOPS_STATS oops::ModelAuxIncrement::operator+=                 :         0.05     105            0.0005
OOPS_STATS oops::ModelAuxIncrement::operator+=ModelAuxControl  :         0.00       1            0.0001
OOPS_STATS oops::ModelAuxIncrement::operator=                  :         0.02      39            0.0004
OOPS_STATS oops::ModelAuxIncrement::print                      :         0.00       7            0.0005
OOPS_STATS oops::ModelAuxIncrement::serialSize                 :         0.01     158            0.0001
OOPS_STATS oops::ModelAuxIncrement::zero                       :         0.01      36            0.0003
OOPS_STATS oops::ModelAuxIncrement::~ModelAuxIncrement         :         0.03     158            0.0002
OOPS_STATS oops::ObsAuxControl::ObsAuxControl                  :         0.15       4            0.0385
OOPS_STATS oops::ObsAuxControl::print                          :         0.00       3            0.0009
OOPS_STATS oops::ObsAuxControl::requiredHdiagnostics           :         0.00       2            0.0001
OOPS_STATS oops::ObsAuxControl::requiredVars                   :         0.00       6            0.0002
OOPS_STATS oops::ObsAuxControl::write                          :         0.03       1            0.0310
OOPS_STATS oops::ObsAuxControl::~ObsAuxControl                 :         0.01       4            0.0024
OOPS_STATS oops::ObsAuxCovariance::ObsAuxCovariance            :         0.11       1            0.1119
OOPS_STATS oops::ObsAuxCovariance::inverseMultiply             :         0.05      36            0.0013
OOPS_STATS oops::ObsAuxCovariance::linearize                   :         0.02       1            0.0191
OOPS_STATS oops::ObsAuxCovariance::multiply                    :         0.23      36            0.0063
OOPS_STATS oops::ObsAuxCovariance::preconditioner              :         0.02       1            0.0184
OOPS_STATS oops::ObsAuxCovariance::write                       :         0.04       1            0.0410
OOPS_STATS oops::ObsAuxCovariance::~ObsAuxCovariance           :         0.00       1            0.0015
OOPS_STATS oops::ObsAuxIncrement::ObsAuxIncrement              :         0.72     158            0.0046
OOPS_STATS oops::ObsAuxIncrement::axpy                         :         0.79     700            0.0011
OOPS_STATS oops::ObsAuxIncrement::diff                         :         0.02       3            0.0051
OOPS_STATS oops::ObsAuxIncrement::dot_product_with             :         0.44     774            0.0006
OOPS_STATS oops::ObsAuxIncrement::operator*=                   :         0.08      69            0.0011
OOPS_STATS oops::ObsAuxIncrement::operator+=                   :         0.15     105            0.0014
OOPS_STATS oops::ObsAuxIncrement::operator=                    :         0.03      39            0.0007
OOPS_STATS oops::ObsAuxIncrement::print                        :         0.00       7            0.0007
OOPS_STATS oops::ObsAuxIncrement::serialSize                   :         0.01     316            0.0000
OOPS_STATS oops::ObsAuxIncrement::zero                         :         0.05      36            0.0013
OOPS_STATS oops::ObsAuxIncrement::~ObsAuxIncrement             :         0.32     158            0.0020
OOPS_STATS oops::ObsAuxPreconditioner::multiply                :         0.04      36            0.0011
OOPS_STATS oops::ObsAuxPreconditioner::~ObsAuxPreconditioner   :         0.00       2            0.0009
OOPS_STATS oops::ObsDataVector::ObsDataVector                  :         0.32       4            0.0795
OOPS_STATS oops::ObsDataVector::mask                           :         0.01       2            0.0046
OOPS_STATS oops::ObsDataVector::operator=                      :         0.02       2            0.0090
OOPS_STATS oops::ObsDataVector::print                          :        30.80       2           15.4021
OOPS_STATS oops::ObsDataVector::save                           :         0.26       4            0.0652
OOPS_STATS oops::ObsDataVector::~ObsDataVector                 :         0.01       4            0.0023
OOPS_STATS oops::ObsDiagnostics::ObsDiagnostics                :         0.08       2            0.0395
OOPS_STATS oops::ObsDiagnostics::~ObsDiagnostics               :         0.02       2            0.0119
OOPS_STATS oops::ObsError::getRMSE                             :         4.24       4            1.0600
OOPS_STATS oops::ObsError::inverseMultiply                     :         0.34      37            0.0092
OOPS_STATS oops::ObsError::obserrors                           :         0.42       6            0.0698
OOPS_STATS oops::ObsError::update                              :        74.08       2           37.0415
OOPS_STATS oops::ObsError::~ObsError                           :         0.01       1            0.0093
OOPS_STATS oops::ObsOperator::refl10cm::ObsOperator            :        41.75       2           20.8746
OOPS_STATS oops::ObsOperator::refl10cm::computeReducedVars     :         0.10       3            0.0347
OOPS_STATS oops::ObsOperator::refl10cm::locations              :         4.20       3            1.3991
OOPS_STATS oops::ObsOperator::refl10cm::requiredVars           :         0.01       3            0.0027
OOPS_STATS oops::ObsOperator::refl10cm::simulateObs            :         1.26       2            0.6299
OOPS_STATS oops::ObsOperator::refl10cm::~ObsOperator           :         0.03       2            0.0170
OOPS_STATS oops::ObsSpace::ObsSpace                            :       759.66       1          759.6589
OOPS_STATS oops::ObsSpace::obsvariables                        :         0.00       3            0.0001
OOPS_STATS oops::ObsSpace::save                                :      2685.75       1         2685.7453
OOPS_STATS oops::ObsSpace::~ObsSpace                           :         0.67       1            0.6743
OOPS_STATS oops::ObsVector::ObsVector                          :         1.14      88            0.0129
OOPS_STATS oops::ObsVector::dot_product                        :         1.44       4            0.3602
OOPS_STATS oops::ObsVector::info                               :         2.49       6            0.4147
OOPS_STATS oops::ObsVector::operator*=                         :         0.01       2            0.0048
OOPS_STATS oops::ObsVector::operator-=                         :         0.02       2            0.0110
OOPS_STATS oops::ObsVector::operator=                          :         0.41       4            0.1035
OOPS_STATS oops::ObsVector::rms                                :         2.43       4            0.6077
OOPS_STATS oops::ObsVector::save                               :         0.35       6            0.0588
OOPS_STATS oops::ObsVector::zero                               :         0.04      37            0.0009
OOPS_STATS oops::ObsVector::~ObsVector                         :         0.18      88            0.0020
OOPS_STATS oops::Parameters::deserialize                       :        12.80      97            0.1320
OOPS_STATS oops::Parameters::serialize                         :         1.90      80            0.0238
OOPS_STATS oops::Run::execute                                  :    392464.74       1       392464.7437
OOPS_STATS oops::SampledLocations::SampledLocations            :         0.00       4            0.0004
OOPS_STATS oops::SampledLocations::latitudes                   :         0.00       3            0.0001
OOPS_STATS oops::SampledLocations::longitudes                  :         0.00       3            0.0000
OOPS_STATS oops::SampledLocations::times                       :         0.00       3            0.0000
OOPS_STATS oops::SampledLocations::~SampledLocations           :         0.19       8            0.0232
OOPS_STATS oops::State::State                                  :     76958.74      72         1068.8714
OOPS_STATS oops::State::print                                  :       210.56       3           70.1872
OOPS_STATS oops::State::toFieldSet                             :        19.60       5            3.9209
OOPS_STATS oops::State::variables                              :         0.00      58            0.0000
OOPS_STATS oops::State::write                                  :     19760.01       1        19760.0122
OOPS_STATS oops::State::zero                                   :        50.93      30            1.6975
OOPS_STATS oops::State::~State                                 :         9.56      72            0.1328
OOPS_STATS oops::UnstructuredInterpolator::UnstructuredInterpo :        54.06    2400            0.0225
OOPS_STATS oops::UnstructuredInterpolator::apply               :       111.17   30400            0.0037
OOPS_STATS oops::UnstructuredInterpolator::applyAD             :        72.47   28800            0.0025
OOPS_STATS oops::VariableChange::VariableChange                :        16.03       3            5.3433
OOPS_STATS oops::VariableChange::changeVar                     :        39.34       3           13.1143
OOPS_STATS oops::VariableChange::~VariableChange               :         0.02       3            0.0064
OOPS_STATS oops::util::FieldSetHelpers::readFieldSet           :      7744.07       2         3872.0326
OOPS_STATS saber::Localization::Localization                   :      7800.46       1         7800.4596
OOPS_STATS saber::Localization::multiply                       :    153594.82    1080          142.2174
OOPS_STATS saber::Localization::~Localization                  :         0.00       1            0.0001
OOPS_STATS ufo::ObsFilter::ObsFilter                           :        10.28       5            2.0560
OOPS_STATS ufo::ObsFilter::checkFilterData                     :         0.01      15            0.0006
OOPS_STATS ufo::ObsFilter::postFilter                          :        10.55       5            2.1100
OOPS_STATS ufo::ObsFilter::preProcess                          :         0.02       5            0.0039
OOPS_STATS ufo::ObsFilter::priorFilter                         :         0.04       5            0.0073
OOPS_STATS ufo::ObsFilter::~ObsFilter                          :        30.67       9            3.4076
OOPS_STATS util::Timers::measured                              :    392067.23       1       392067.2314
OOPS_STATS ------------------------------------ Timing Statistics -------------------------------------

OOPS_STATS ------------------------------------------------------------------------------------------------------------------
OOPS_STATS ---------------------------------- Parallel Timing Statistics ( 800 MPI tasks) -----------------------------------
OOPS_STATS ------------------------------------------------------------------------------------------------------------------
OOPS_STATS Name                                                :     min (ms)    max (ms)    avg (ms)     % total   imbal (%)
OOPS_STATS oops::Covariance::EnsembleCovariance                :     82904.55    82905.32    82904.86       21.12        0.00
OOPS_STATS oops::Covariance::ensemble::multiply                :    205045.07   205536.76   205340.22       52.32        0.24
OOPS_STATS oops::Diffusion::multiplySqrtAD                     :     48786.15    51220.65    49600.97       12.64        4.91
OOPS_STATS oops::Diffusion::multiplySqrtTL                     :     38838.26    45907.77    41577.66       10.59       17.00
OOPS_STATS oops::Geometry::Geometry                            :     52905.53    54302.35    54206.49       13.81        2.58
OOPS_STATS oops::Geometry::~Geometry                           :       603.50      788.91      705.73        0.18       26.27
OOPS_STATS oops::GeometryData::setGlobalTree                   :      1823.60     1990.49     1892.40        0.48        8.82
OOPS_STATS oops::GetValues::fillGeoVaLsTL                      :       255.59      724.89      558.12        0.14       84.09
OOPS_STATS oops::GetValues::finalizeAD                         :       449.44      897.01      551.48        0.14       81.16
OOPS_STATS oops::Increment::Increment                          :     19778.26    32054.60    22283.11        5.68       55.09
OOPS_STATS oops::Increment::axpy                               :      3651.02     4889.90     4183.33        1.07       29.61
OOPS_STATS oops::Increment::dot_product_with                   :      5574.70     7467.71     6662.70        1.70       28.41
OOPS_STATS oops::Increment::fromFieldSet                       :      8095.67    12315.43     9141.77        2.33       46.16
OOPS_STATS oops::Increment::operator+=                         :      7522.60    11189.73     8907.09        2.27       41.17
OOPS_STATS oops::Increment::operator=                          :      3499.50     8120.07     4965.11        1.26       93.06
OOPS_STATS oops::Increment::print                              :     13966.71    39979.87    33211.70        8.46       78.33
OOPS_STATS oops::Increment::schur_product_with                 :      7130.98    14607.85    10247.89        2.61       72.96
OOPS_STATS oops::Increment::toFieldSet                         :      7831.42    16157.78     9444.55        2.41       88.16
OOPS_STATS oops::LinearVariableChange::changeVarAD             :       940.30     1971.15     1402.18        0.36       73.52
OOPS_STATS oops::LinearVariableChange::changeVarTL             :       277.37     1237.99     1000.64        0.25       96.00
OOPS_STATS oops::LocalInterpolator::preprocess                 :        56.65     1364.97     1269.87        0.32      103.03
OOPS_STATS oops::Localization::Localization                    :      7615.74     7964.25     7836.02        2.00        4.45
OOPS_STATS oops::Localization::multiply                        :    158782.35   179488.15   172097.87       43.85       12.03
OOPS_STATS oops::ObsSpace::ObsSpace                            :       670.52      779.36      740.38        0.19       14.70
OOPS_STATS oops::ObsSpace::save                                :      2520.79     2698.61     2607.69        0.66        6.82
OOPS_STATS oops::State::State                                  :     76663.89    77014.94    76794.56       19.57        0.46
OOPS_STATS oops::State::write                                  :     18552.83    19801.92    19766.34        5.04        6.32
OOPS_STATS oops::util::FieldSetHelpers::readFieldSet           :      7409.08     7744.07     7614.19        1.94        4.40
OOPS_STATS saber::Localization::Localization                   :      7615.73     7964.22     7836.00        2.00        4.45
OOPS_STATS saber::Localization::multiply                       :    146222.37   167981.25   162870.40       41.50       13.36
OOPS_STATS util::Timers::measured                              :    392065.56   392300.52   392195.60       99.92        0.06
OOPS_STATS oops::Run::execute                                  :    392377.79   392582.96   392499.56      100.00        0.05
OOPS_STATS ---------------------------------- Parallel Timing Statistics ( 800 MPI tasks) -----------------------------------

OOPS_STATS Run end                                  - Runtime:    393.57 sec,  Memory: total:  3970.23 GB, per task: min =     4.66 GB, max =     7.26 GB
Run: Finishing oops::Variational<MPAS, UFO and IODA observations> with status = 0
OOPS Ending   2026-05-22 14:28:38 (UTC+0000)
