Configuration input file is: jedivar.pass2.yaml
Full configuration is:YAMLConfiguration[path=jedivar.pass2.yaml, root={_member => {date => 2026-05-24T23:00:00Z , state variables => (water_vapor_mixing_ratio_wrt_moist_air,air_pressure_at_surface,air_temperature,northward_wind,eastward_wind,cloud_liquid_water,cloud_liquid_ice,rain_water,snow_water,graupel,equivalent_reflectivity_factor,upward_air_velocity) , stream name => ensemble} , output => {filename => mpasout.nc , stream name => analysis} , variational => {minimizer => {algorithm => DRPCG} , iterations => ({geometry => {nml_file => ./namelist.atmosphere , streams_file => ./streams.atmosphere , deallocate non-da fields => true , interpolation type => unstructured} , gradient norm reduction => 0.001 , ninner => 75})} , cost function => {cost type => 3D-Var , time window => {begin => 2026-05-24T21:00:00Z , length => PT4H} , jb evaluation => false , geometry => {nml_file => ./namelist.atmosphere , streams_file => ./streams.atmosphere , deallocate non-da fields => true , interpolation type => unstructured} , analysis variables => (water_vapor_mixing_ratio_wrt_moist_air,air_pressure_at_surface,air_temperature,northward_wind,eastward_wind,cloud_liquid_water,cloud_liquid_ice,rain_water,snow_water,graupel,equivalent_reflectivity_factor,upward_air_velocity) , background => {state variables => (water_vapor_mixing_ratio_wrt_moist_air,air_pressure_at_surface,air_temperature,northward_wind,eastward_wind,air_potential_temperature,dry_air_density,u,water_vapor_mixing_ratio_wrt_dry_air,air_pressure,landmask,seaice_fraction,snowc,skin_temperature_at_surface,ivgtyp,isltyp,snowh,vegetation_area_fraction,air_temperature_at_2m,water_vapor_mixing_ratio_wrt_moist_air_at_2m,eastward_wind_at_10m,northward_wind_at_10m,lai,smois,tslb,pressure_p,cloud_liquid_water,cloud_liquid_ice,graupel,rain_water,snow_water,cldfrac,equivalent_reflectivity_factor,w,upward_air_velocity) , filename => mpasout.nc , date => 2026-05-24T23:00:00Z} , background error => {covariance model => ensemble , localization => {localization method => SABER , saber central block => {saber block name => diffusion , active variables => (water_vapor_mixing_ratio_wrt_moist_air,air_pressure_at_surface,air_temperature,northward_wind,eastward_wind,cloud_liquid_water,cloud_liquid_ice,rain_water,snow_water,graupel,equivalent_reflectivity_factor,upward_air_velocity) , read => {groups => ({variables => (water_vapor_mixing_ratio_wrt_moist_air,air_pressure_at_surface,air_temperature,northward_wind,eastward_wind,cloud_liquid_water,cloud_liquid_ice,rain_water,snow_water,graupel,equivalent_reflectivity_factor,upward_air_velocity) , multivariate strategy => duplicated , horizontal => {filepath => data/diffusionloc/mpas_conus3km.diffusion_hz} , vertical => {levels => 59 , filepath => data/diffusionloc/mpas_conus3km.diffusion_vt}})}}} , members from template => {template => {date => 2026-05-24T23:00:00Z , state variables => (water_vapor_mixing_ratio_wrt_moist_air,air_pressure_at_surface,air_temperature,northward_wind,eastward_wind,cloud_liquid_water,cloud_liquid_ice,rain_water,snow_water,graupel,equivalent_reflectivity_factor,upward_air_velocity) , stream name => ensemble , filename => ./data/ens/mem%iMember%.nc} , pattern => %iMember% , start => 1 , zero padding => 3 , nmembers => 30}} , observations => {observers => ({obs space => {name => refl10cm , distribution => {name => RoundRobin , halo size => 500000} , obsdatain => {engine => {type => H5File , obsfile => data/obs/ioda_mrms_refl.nc , missing file action => warn}} , obsdataout => {engine => {type => H5File , allow overwrite => true , obsfile => jdiag_mrms_refl.nc}} , io pool => {write multiple files => false} , _source => mrms , simulated variables => (equivalentReflectivityFactor)} , obs operator => {name => VertInterp , vertical coordinate => height_above_mean_sea_level , observation vertical coordinate => height , interpolation method => linear , observation alias file => obsop_name_map.yaml} , obs localizations => ({localization method => Horizontal Gaspari-Cohn , lengthscale => 200000}) , _obsname => refl10cm , obs filters => ({filter => Background Check , filter variables => ({name => equivalentReflectivityFactor}) , threshold => 12 , action => {name => reject}})})}}}]
OOPS_STATS ObjectCountHelper started.
OOPS_STATS Run start                                - Runtime:      1.11 sec,  Memory: total:   104.08 GB, per task: min =   128.97 MB, max =   130.55 MB
Run: Starting oops::Variational<MPAS, UFO and IODA observations>
OOPS_STATS Variational start                        - Runtime:     1.11 sec,  Local Memory:   130.55 MB
==> create geom
atlas::mpi::push(world)
Increase halo 1
atlas::mpi::pop(world)
atlas::mpi::push(world)
atlas::mpi::pop(world)
atlas::mpi::push(world)
atlas::mpi::pop(world)
atlas::mpi::push(world)
atlas::mpi::pop(world)
refl10cm: read database from data/obs/ioda_mrms_refl.nc (io pool size: 800)
refl10cm processed vars: 1 Variables: equivalentReflectivityFactor
refl10cm assimilated vars: 1 Variables: equivalentReflectivityFactor
refl10cm: 0 observations are outside of time window out of 3918726
refl10cm: 0 observations were rejected by QC checks out of 3918726
No bias-correction is performed for this ObsSpace.
3DVar window: TimeWindow: start = 2026-05-24T21:00:00Z, end = 2026-05-25T01:00:00Z, inclusive upper bound.

OOPS_STATS IncrementalAssimilation start            - Runtime:    30.21 sec,  Local Memory:     2.50 GB
Running incremental assimilation with 1 outer iterations.
Minimizer algorithm=DRPCG
QNewtonLMP: maxouter : 1
IncrementalAssimilation: Configuration for outer iteration 0:
LocalConfiguration[root={geometry => {nml_file => ./namelist.atmosphere , streams_file => ./streams.atmosphere , deallocate non-da fields => true , interpolation type => unstructured} , gradient norm reduction => 0.001 , ninner => 75 , iteration => 0 , total iterations => 1}]
OOPS_STATS IncrementalAssimilation iteration 0      - Runtime:    30.21 sec,  Local Memory:     2.50 GB
==> create geom
atlas::mpi::push(world)
Increase halo 1
atlas::mpi::pop(world)
atlas::mpi::push(world)
atlas::mpi::pop(world)
atlas::mpi::push(world)
atlas::mpi::pop(world)
atlas::mpi::push(world)
atlas::mpi::pop(world)
Key "mesh[address=0x4898ff0],halo[size=1]" not found in cache "NodeColumnsHaloExchangeCache" , creating new, removable with key "mesh[address=0x4898ff0],halo[size=1]"
Key "mesh[address=0x7e16a50],halo[size=1]" not found in cache "NodeColumnsHaloExchangeCache" , creating new, removable with key "mesh[address=0x7e16a50],halo[size=1]"
processWhere: selected 0 obs.
BackgroundCheck obserr: 
refl10cm equivalentReflectivityFactor nlocs = 3918726, nobs = 3918726, min = 5, max = 5, avg = 5
processing a float: 12
ObsErrorDiagonal covariance updated 3783486
Observer::finalize QC = 
refl10cm equivalentReflectivityFactor nlocs = 3918726, nobs = 3918726, min = 0, max = 19, avg = 0
CostJo Observations: 
refl10cm nobs= 3918726 Min=0, Max=62.5828, RMS=5.07149

Jo Observations:
Jo Obs :refl10cm:equivalentReflectivityFactor   : Nobs=  3783486, Min= 0.000000e+00, Max= 6.258283e+01, RMS= 5.119430e+00
Jo Observations Equivalent:
Jo H(x):refl10cm:equivalentReflectivityFactor   : Nobs=  3783486, Min= 0.000000e+00, Max= 7.166182e+01, RMS= 4.956686e+00
Jo Bias Corrected Departures:
Jo Dep :refl10cm:equivalentReflectivityFactor   : Nobs=  3783486, Min=-5.900158e+01, Max= 5.995700e+01, RMS= 4.844913e+00
Jo Observations Errors:
UFO Diagonal observation error covariance, inverse variances: refl10cm nobs= 3783486 Min=0.04, Max=0.04, RMS=0.04



CostJo   : Nonlinear Jo(refl10cm) = 1.77621e+06, nobs = 3783486, Jo/n = 0.469464, err = 5
CostJo   : Nonlinear Jo = 1.77621e+06
Increment:diff x1 4
Increment:diff x2 35
Increment:diff x1 5
Increment:diff x2 36
Increment:diff x1 6
Increment:diff x2 37
Increment:diff x1 7
Increment:diff x2 38
Increment:diff x1 8
Increment:diff x2 39
Increment:diff x1 9
Increment:diff x2 40
Increment:diff x1 10
Increment:diff x2 41
Increment:diff x1 11
Increment:diff x2 42
Increment:diff x1 12
Increment:diff x2 43
Increment:diff x1 13
Increment:diff x2 44
Increment:diff x1 14
Increment:diff x2 45
Increment:diff x1 15
Increment:diff x2 46
Increment:diff x1 16
Increment:diff x2 47
Increment:diff x1 17
Increment:diff x2 48
Increment:diff x1 18
Increment:diff x2 49
Increment:diff x1 19
Increment:diff x2 50
Increment:diff x1 20
Increment:diff x2 51
Increment:diff x1 21
Increment:diff x2 52
Increment:diff x1 22
Increment:diff x2 53
Increment:diff x1 23
Increment:diff x2 54
Increment:diff x1 24
Increment:diff x2 55
Increment:diff x1 25
Increment:diff x2 56
Increment:diff x1 26
Increment:diff x2 57
Increment:diff x1 27
Increment:diff x2 58
Increment:diff x1 28
Increment:diff x2 59
Increment:diff x1 29
Increment:diff x2 60
Increment:diff x1 30
Increment:diff x2 61
Increment:diff x1 31
Increment:diff x2 62
Increment:diff x1 32
Increment:diff x2 63
Increment:diff x1 33
Increment:diff x2 64
Info     : Prepare ensemble configuration
Info     : Read full ensemble
Info     : Creating central block: 
Info     : SaberCentralBlock using multivariate strategy: deprecated
Info     : Creating single central block.
Info     : Read data

==================================================================================
 saber::Diffusion read
----------------------------------------------------------------------------------

group 1 of 1
atlas::mpi::push(world)
atlas::mpi::pop(world)
variables: [water_vapor_mixing_ratio_wrt_moist_air,air_pressure_at_surface,air_temperature,northward_wind,eastward_wind,cloud_liquid_water,cloud_liquid_ice,rain_water,snow_water,graupel,equivalent_reflectivity_factor,upward_air_velocity]
multivariate strategy: duplicated
Reading horizontal parameters
  levels: 1
Key "mesh[address=0x7e16a50]" not found in cache "NodeColumnsGatherScatterCache" , creating new, removable with key "mesh[address=0x7e16a50]"
  Info     : Reading file: data/diffusionloc/mpas_conus3km.diffusion_hz.nc
atlas::mpi::push(world)
atlas::mpi::pop(world)
  hzScales:  min: 4087.19  mean: 4087.19  max: 4087.19
  hzNorm:    min: 2.4414  mean: 3.71484  max: 4.05626
Reading vertical parameters
  levels: 59
  vertical strategy: normal
  Info     : Reading file: data/diffusionloc/mpas_conus3km.diffusion_vt.nc
atlas::mpi::push(world)
atlas::mpi::pop(world)
  vtScales:  min: 11  mean: 11  max: 11
  vtNorm:    min: 3.7178  mean: 4.83632  max: 5.25235
Diffusion: horizontal iterations: 6
Diffusion: vertical iterations: 242
Increment:diff x1 2
Increment:diff x2 1
==================================================================================

CostJb: FG-BG
  Valid time: 2026-05-24T23:00:00Z
  Resolution: nCellsGlobal = 2341818, nFields = 12
Fld=1  Min=0, Max=0, RMS=0 : water_vapor_mixing_ratio_wrt_moist_air
Fld=2  Min=0, Max=0, RMS=0 : air_pressure_at_surface
Fld=3  Min=0, Max=0, RMS=0 : air_temperature
Fld=4  Min=0, Max=0, RMS=0 : northward_wind
Fld=5  Min=0, Max=0, RMS=0 : eastward_wind
Fld=6  Min=0, Max=0, RMS=0 : cloud_liquid_water
Fld=7  Min=0, Max=0, RMS=0 : cloud_liquid_ice
Fld=8  Min=0, Max=0, RMS=0 : rain_water
Fld=9  Min=0, Max=0, RMS=0 : snow_water
Fld=10  Min=0, Max=0, RMS=0 : graupel
Fld=11  Min=0, Max=0, RMS=0 : equivalent_reflectivity_factor
Fld=12  Min=0, Max=0, RMS=0 : upward_air_velocity
Increment:diff x1 2
Increment:diff x2 1
CostJb: FG-BG
  Valid time: 2026-05-24T23:00:00Z
  Resolution: nCellsGlobal = 2341818, nFields = 12
Fld=1  Min=0, Max=0, RMS=0 : water_vapor_mixing_ratio_wrt_moist_air
Fld=2  Min=0, Max=0, RMS=0 : air_pressure_at_surface
Fld=3  Min=0, Max=0, RMS=0 : air_temperature
Fld=4  Min=0, Max=0, RMS=0 : northward_wind
Fld=5  Min=0, Max=0, RMS=0 : eastward_wind
Fld=6  Min=0, Max=0, RMS=0 : cloud_liquid_water
Fld=7  Min=0, Max=0, RMS=0 : cloud_liquid_ice
Fld=8  Min=0, Max=0, RMS=0 : rain_water
Fld=9  Min=0, Max=0, RMS=0 : snow_water
Fld=10  Min=0, Max=0, RMS=0 : graupel
Fld=11  Min=0, Max=0, RMS=0 : equivalent_reflectivity_factor
Fld=12  Min=0, Max=0, RMS=0 : upward_air_velocity
CostFunction: Nonlinear J = 1.77621e+06
OOPS_STATS IncrementalAssimilation linearize 0      - Runtime:   124.14 sec,  Local Memory:     7.26 GB

DRPCGMinimizer: max iter = 75, requested norm reduction = 0.001
CostFunction::computeGradientFG: gradient:
  Valid time: 2026-05-24T23:00:00Z
  Resolution: nCellsGlobal = 2341818, nFields = 12
Fld=1  Min=0, Max=0, RMS=0 : water_vapor_mixing_ratio_wrt_moist_air
Fld=2  Min=0, Max=0, RMS=0 : air_pressure_at_surface
Fld=3  Min=0, Max=0, RMS=0 : air_temperature
Fld=4  Min=0, Max=0, RMS=0 : northward_wind
Fld=5  Min=0, Max=0, RMS=0 : eastward_wind
Fld=6  Min=0, Max=0, RMS=0 : cloud_liquid_water
Fld=7  Min=0, Max=0, RMS=0 : cloud_liquid_ice
Fld=8  Min=0, Max=0, RMS=0 : rain_water
Fld=9  Min=0, Max=0, RMS=0 : snow_water
Fld=10  Min=0, Max=0, RMS=0 : graupel
Fld=11  Min=-1.90197, Max=2.00327, RMS=0.0186705 : equivalent_reflectivity_factor
Fld=12  Min=0, Max=0, RMS=0 : upward_air_velocity
DRPCGMinimizer rhs
  Valid time: 2026-05-24T23:00:00Z
  Resolution: nCellsGlobal = 2341818, nFields = 12
Fld=1  Min=-0, Max=-0, RMS=0 : water_vapor_mixing_ratio_wrt_moist_air
Fld=2  Min=-0, Max=-0, RMS=0 : air_pressure_at_surface
Fld=3  Min=-0, Max=-0, RMS=0 : air_temperature
Fld=4  Min=-0, Max=-0, RMS=0 : northward_wind
Fld=5  Min=-0, Max=-0, RMS=0 : eastward_wind
Fld=6  Min=-0, Max=-0, RMS=0 : cloud_liquid_water
Fld=7  Min=-0, Max=-0, RMS=0 : cloud_liquid_ice
Fld=8  Min=-0, Max=-0, RMS=0 : rain_water
Fld=9  Min=-0, Max=-0, RMS=0 : snow_water
Fld=10  Min=-0, Max=-0, RMS=0 : graupel
Fld=11  Min=-2.00327, Max=1.90197, RMS=0.0186705 : equivalent_reflectivity_factor
Fld=12  Min=-0, Max=-0, RMS=0 : upward_air_velocity
Initial RHS squared norm = 48163.4
OOPS_STATS DRPCG start                              - Runtime:   124.30 sec,  Local Memory:     7.26 GB
normr0 48163.4
  Residual norm ( 0) = 8074.603097231299
  Norm reduction ( 0) = 1

  Quadratic cost function: J   ( 0) = 1776208.760468639
  Quadratic cost function: Jb  ( 0) = 0
  Quadratic cost function: JoJc( 0) = 1776208.760468639


 DRPCG Starting Iteration 1
OOPS_STATS DRPCG iteration 1                        - Runtime:   129.61 sec,  Local Memory:     7.26 GB
rdots 3.14202e+07      iteration    0
DRPCG end of iteration 1
  Residual norm ( 1) = 5605.373973140086
  Norm reduction ( 1) = 0.6941980807777552

  Quadratic cost function: J   ( 1) = 1185767.305458434
  Quadratic cost function: Jb  ( 1) = 10694.02786042061
  Quadratic cost function: JoJc( 1) = 1175073.277598014

 DRPCG Starting Iteration 2
OOPS_STATS DRPCG iteration 2                        - Runtime:   135.03 sec,  Local Memory:     7.26 GB
rdots 1.74254e+07      iteration    1
DRPCG end of iteration 2
  Residual norm ( 2) = 4174.38018406227
  Norm reduction ( 2) = 0.516976516838781

  Quadratic cost function: J   ( 2) = 956172.9998644653
  Quadratic cost function: Jb  ( 2) = 23983.20443718991
  Quadratic cost function: JoJc( 2) = 932189.7954272755

 DRPCG Starting Iteration 3
OOPS_STATS DRPCG iteration 3                        - Runtime:   140.64 sec,  Local Memory:     7.26 GB
rdots 1.05792e+07      iteration    2
DRPCG end of iteration 3
  Residual norm ( 3) = 3252.567639406931
  Norm reduction ( 3) = 0.402814553265436

  Quadratic cost function: J   ( 3) = 834130.5726107126
  Quadratic cost function: Jb  ( 3) = 36804.72155271743
  Quadratic cost function: JoJc( 3) = 797325.8510579952

 DRPCG Starting Iteration 4
OOPS_STATS DRPCG iteration 4                        - Runtime:   146.09 sec,  Local Memory:     7.26 GB
rdots 7.37835e+06      iteration    3
DRPCG end of iteration 4
  Residual norm ( 4) = 2716.312069601514
  Norm reduction ( 4) = 0.3364019304593325

  Quadratic cost function: J   ( 4) = 763594.3002613445
  Quadratic cost function: Jb  ( 4) = 47996.11815757127
  Quadratic cost function: JoJc( 4) = 715598.1821037732

 DRPCG Starting Iteration 5
OOPS_STATS DRPCG iteration 5                        - Runtime:   151.56 sec,  Local Memory:     7.26 GB
rdots 5.12887e+06      iteration    4
DRPCG end of iteration 5
  Residual norm ( 5) = 2264.70038427826
  Norm reduction ( 5) = 0.2804720376974075

  Quadratic cost function: J   ( 5) = 715433.0465676193
  Quadratic cost function: Jb  ( 5) = 58542.28440257797
  Quadratic cost function: JoJc( 5) = 656890.7621650413

 DRPCG Starting Iteration 6
rdots 3.63816e+06      iteration    5
DRPCG end of iteration 6
  Residual norm ( 6) = 1907.396279105778
  Norm reduction ( 6) = 0.2362216763025548

  Quadratic cost function: J   ( 6) = 678893.6512115996
  Quadratic cost function: Jb  ( 6) = 69135.33897799405
  Quadratic cost function: JoJc( 6) = 609758.3122336055

 DRPCG Starting Iteration 7
rdots 2.89995e+06      iteration    6
DRPCG end of iteration 7
  Residual norm ( 7) = 1702.92446550081
  Norm reduction ( 7) = 0.2108988448094403

  Quadratic cost function: J   ( 7) = 654982.2201507732
  Quadratic cost function: Jb  ( 7) = 77912.74801961367
  Quadratic cost function: JoJc( 7) = 577069.4721311595

 DRPCG Starting Iteration 8
rdots 1.91797e+06      iteration    7
DRPCG end of iteration 8
  Residual norm ( 8) = 1384.909546293974
  Norm reduction ( 8) = 0.1715142564430003

  Quadratic cost function: J   ( 8) = 635568.1876339871
  Quadratic cost function: Jb  ( 8) = 86652.46702775857
  Quadratic cost function: JoJc( 8) = 548915.7206062285

 DRPCG Starting Iteration 9
rdots 1.29056e+06      iteration    8
DRPCG end of iteration 9
  Residual norm ( 9) = 1136.029936852161
  Norm reduction ( 9) = 0.1406917371878867

  Quadratic cost function: J   ( 9) = 619653.6167044081
  Quadratic cost function: Jb  ( 9) = 95373.26203622669
  Quadratic cost function: JoJc( 9) = 524280.3546681814

 DRPCG Starting Iteration 10
OOPS_STATS DRPCG iteration 10                       - Runtime:   180.18 sec,  Local Memory:     7.26 GB
rdots 1.03664e+06      iteration    9
DRPCG end of iteration 10
  Residual norm (10) = 1018.155659504852
  Norm reduction (10) = 0.1260935859316686

  Quadratic cost function: J   (10) = 608089.4579696783
  Quadratic cost function: Jb  (10) = 102979.1485410875
  Quadratic cost function: JoJc(10) = 505110.3094285909

 DRPCG Starting Iteration 11
rdots 725778      iteration    10
DRPCG end of iteration 11
  Residual norm (11) = 851.9259333231118
  Norm reduction (11) = 0.105506849446907

  Quadratic cost function: J   (11) = 599719.602873645
  Quadratic cost function: Jb  (11) = 109435.3040511632
  Quadratic cost function: JoJc(11) = 490284.2988224818

 DRPCG Starting Iteration 12
rdots 507010      iteration    11
DRPCG end of iteration 12
  Residual norm (12) = 712.0462142082862
  Norm reduction (12) = 0.08818343213085481

  Quadratic cost function: J   (12) = 592794.8375248308
  Quadratic cost function: Jb  (12) = 115631.2727269125
  Quadratic cost function: JoJc(12) = 477163.5647979183

 DRPCG Starting Iteration 13
rdots 452169      iteration    12
DRPCG end of iteration 13
  Residual norm (13) = 672.4350785525858
  Norm reduction (13) = 0.0832777872120002

  Quadratic cost function: J   (13) = 588065.5015971495
  Quadratic cost function: Jb  (13) = 120478.8923384787
  Quadratic cost function: JoJc(13) = 467586.6092586708

 DRPCG Starting Iteration 14
rdots 328234      iteration    13
DRPCG end of iteration 14
  Residual norm (14) = 572.9168773348085
  Norm reduction (14) = 0.07095294597591503

  Quadratic cost function: J   (14) = 584691.9954162843
  Quadratic cost function: Jb  (14) = 124356.6979981131
  Quadratic cost function: JoJc(14) = 460335.2974181712

 DRPCG Starting Iteration 15
OOPS_STATS DRPCG iteration 15                       - Runtime:   210.28 sec,  Local Memory:     7.26 GB
rdots 245286      iteration    14
DRPCG end of iteration 15
  Residual norm (15) = 495.2634375313406
  Norm reduction (15) = 0.06133594822774156

  Quadratic cost function: J   (15) = 582003.009650033
  Quadratic cost function: Jb  (15) = 127784.2329471307
  Quadratic cost function: JoJc(15) = 454218.7767029022

 DRPCG Starting Iteration 16
rdots 182025      iteration    15
DRPCG end of iteration 16
  Residual norm (16) = 426.6444046785887
  Norm reduction (16) = 0.05283781748045063

  Quadratic cost function: J   (16) = 579939.0125037085
  Quadratic cost function: Jb  (16) = 130685.6642669136
  Quadratic cost function: JoJc(16) = 449253.3482367949

 DRPCG Starting Iteration 17
rdots 142327      iteration    16
DRPCG end of iteration 17
  Residual norm (17) = 377.2630809131756
  Norm reduction (17) = 0.04672218267205423

  Quadratic cost function: J   (17) = 578392.7873008286
  Quadratic cost function: Jb  (17) = 133065.2109046374
  Quadratic cost function: JoJc(17) = 445327.5763961913

 DRPCG Starting Iteration 18
rdots 108922      iteration    17
DRPCG end of iteration 18
  Residual norm (18) = 330.0336929883405
  Norm reduction (18) = 0.04087305456555577

  Quadratic cost function: J   (18) = 577192.2758950775
  Quadratic cost function: Jb  (18) = 135075.3571763168
  Quadratic cost function: JoJc(18) = 442116.9187187607

 DRPCG Starting Iteration 19
rdots 78042.1      iteration    18
DRPCG end of iteration 19
  Residual norm (19) = 279.3601185354754
  Norm reduction (19) = 0.03459738084603381

  Quadratic cost function: J   (19) = 576316.9126126391
  Quadratic cost function: Jb  (19) = 136659.1384731808
  Quadratic cost function: JoJc(19) = 439657.7741394584

 DRPCG Starting Iteration 20
OOPS_STATS DRPCG iteration 20                       - Runtime:   239.42 sec,  Local Memory:     7.26 GB
rdots 57721.9      iteration    19
DRPCG end of iteration 20
  Residual norm (20) = 240.2538781315848
  Norm reduction (20) = 0.02975426472837599

  Quadratic cost function: J   (20) = 575578.6450089808
  Quadratic cost function: Jb  (20) = 138098.8947231281
  Quadratic cost function: JoJc(20) = 437479.7502858527

 DRPCG Starting Iteration 21
rdots 45218      iteration    20
DRPCG end of iteration 21
  Residual norm (21) = 212.6452964916774
  Norm reduction (21) = 0.02633507727018699

  Quadratic cost function: J   (21) = 575046.852111395
  Quadratic cost function: Jb  (21) = 139214.1509789371
  Quadratic cost function: JoJc(21) = 435832.7011324579

 DRPCG Starting Iteration 22
rdots 32830.2      iteration    21
DRPCG end of iteration 22
  Residual norm (22) = 181.1910595584059
  Norm reduction (22) = 0.02243962426097879

  Quadratic cost function: J   (22) = 574658.0873041723
  Quadratic cost function: Jb  (22) = 140084.7634774052
  Quadratic cost function: JoJc(22) = 434573.3238267671

 DRPCG Starting Iteration 23
rdots 23349.1      iteration    22
DRPCG end of iteration 23
  Residual norm (23) = 152.8040940621651
  Norm reduction (23) = 0.01892403777896651

  Quadratic cost function: J   (23) = 574353.2651262379
  Quadratic cost function: Jb  (23) = 140811.1290816231
  Quadratic cost function: JoJc(23) = 433542.1360446148

 DRPCG Starting Iteration 24
rdots 17683      iteration    23
DRPCG end of iteration 24
  Residual norm (24) = 132.9775712417465
  Norm reduction (24) = 0.01646862014646184

  Quadratic cost function: J   (24) = 574120.5577955355
  Quadratic cost function: Jb  (24) = 141400.4378142342
  Quadratic cost function: JoJc(24) = 432720.1199813013

 DRPCG Starting Iteration 25
OOPS_STATS DRPCG iteration 25                       - Runtime:   270.16 sec,  Local Memory:     7.26 GB
rdots 13322.1      iteration    24
DRPCG end of iteration 25
  Residual norm (25) = 115.4214066899641
  Norm reduction (25) = 0.01429437525288902

  Quadratic cost function: J   (25) = 573952.4895520024
  Quadratic cost function: Jb  (25) = 141851.2531494054
  Quadratic cost function: JoJc(25) = 432101.236402597

 DRPCG Starting Iteration 26
rdots 9816.06      iteration    25
DRPCG end of iteration 26
  Residual norm (26) = 99.07601784231851
  Norm reduction (26) = 0.0122700789932685

  Quadratic cost function: J   (26) = 573827.2173905587
  Quadratic cost function: Jb  (26) = 142205.7916642599
  Quadratic cost function: JoJc(26) = 431621.4257262987

 DRPCG Starting Iteration 27
rdots 8003.74      iteration    26
DRPCG end of iteration 27
  Residual norm (27) = 89.46363373131091
  Norm reduction (27) = 0.01107963235517881

  Quadratic cost function: J   (27) = 573738.6433028916
  Quadratic cost function: Jb  (27) = 142469.2412487332
  Quadratic cost function: JoJc(27) = 431269.4020541584

 DRPCG Starting Iteration 28
rdots 5534.59      iteration    27
DRPCG end of iteration 28
  Residual norm (28) = 74.39483460597215
  Norm reduction (28) = 0.00921343547294373

  Quadratic cost function: J   (28) = 573669.6584167478
  Quadratic cost function: Jb  (28) = 142684.2413759205
  Quadratic cost function: JoJc(28) = 430985.4170408273

 DRPCG Starting Iteration 29
rdots 4165.64      iteration    28
DRPCG end of iteration 29
  Residual norm (29) = 64.54174193722912
  Norm reduction (29) = 0.007993178260286235

  Quadratic cost function: J   (29) = 573615.8486832797
  Quadratic cost function: Jb  (29) = 142859.8877448789
  Quadratic cost function: JoJc(29) = 430755.9609384008

 DRPCG Starting Iteration 30
OOPS_STATS DRPCG iteration 30                       - Runtime:   301.67 sec,  Local Memory:     7.26 GB
rdots 3198.96      iteration    29
DRPCG end of iteration 30
  Residual norm (30) = 56.55934238577436
  Norm reduction (30) = 0.007004597217313133

  Quadratic cost function: J   (30) = 573577.4218539812
  Quadratic cost function: Jb  (30) = 142991.0094720281
  Quadratic cost function: JoJc(30) = 430586.4123819531

 DRPCG Starting Iteration 31
rdots 2213.07      iteration    30
DRPCG end of iteration 31
  Residual norm (31) = 47.04333050147022
  Norm reduction (31) = 0.005826085806942129

  Quadratic cost function: J   (31) = 573547.5208977263
  Quadratic cost function: Jb  (31) = 143097.4490256588
  Quadratic cost function: JoJc(31) = 430450.0718720675

 DRPCG Starting Iteration 32
rdots 1730.27      iteration    31
DRPCG end of iteration 32
  Residual norm (32) = 41.59649850732401
  Norm reduction (32) = 0.005151522372856573

  Quadratic cost function: J   (32) = 573525.2685724546
  Quadratic cost function: Jb  (32) = 143180.022142786
  Quadratic cost function: JoJc(32) = 430345.2464296686

 DRPCG Starting Iteration 33
rdots 1269.26      iteration    32
DRPCG end of iteration 33
  Residual norm (33) = 35.62671496295682
  Norm reduction (33) = 0.004412193953554555

  Quadratic cost function: J   (33) = 573509.2521737516
  Quadratic cost function: Jb  (33) = 143241.8442222167
  Quadratic cost function: JoJc(33) = 430267.4079515349

 DRPCG Starting Iteration 34
rdots 890.593      iteration    33
DRPCG end of iteration 34
  Residual norm (34) = 29.8428121917957
  Norm reduction (34) = 0.0036958859565529

  Quadratic cost function: J   (34) = 573496.7380617701
  Quadratic cost function: Jb  (34) = 143292.0260883943
  Quadratic cost function: JoJc(34) = 430204.7119733758

 DRPCG Starting Iteration 35
OOPS_STATS DRPCG iteration 35                       - Runtime:   333.46 sec,  Local Memory:     7.26 GB
rdots 712.057      iteration    34
DRPCG end of iteration 35
  Residual norm (35) = 26.68439019046563
  Norm reduction (35) = 0.003304730878922761

  Quadratic cost function: J   (35) = 573487.5009984917
  Quadratic cost function: Jb  (35) = 143330.4932716741
  Quadratic cost function: JoJc(35) = 430157.0077268176

 DRPCG Starting Iteration 36
rdots 556.887      iteration    35
DRPCG end of iteration 36
  Residual norm (36) = 23.59845631178957
  Norm reduction (36) = 0.002922553099839823

  Quadratic cost function: J   (36) = 573481.1914164892
  Quadratic cost function: Jb  (36) = 143357.7040786919
  Quadratic cost function: JoJc(36) = 430123.4873377973

 DRPCG Starting Iteration 37
rdots 399.07      iteration    36
DRPCG end of iteration 37
  Residual norm (37) = 19.9767272104581
  Norm reduction (37) = 0.002474019709688013

  Quadratic cost function: J   (37) = 573476.3132130781
  Quadratic cost function: Jb  (37) = 143379.4386175979
  Quadratic cost function: JoJc(37) = 430096.8745954802

 DRPCG Starting Iteration 38
rdots 279.796      iteration    37
DRPCG end of iteration 38
  Residual norm (38) = 16.72710094207372
  Norm reduction (38) = 0.002071569430800788

  Quadratic cost function: J   (38) = 573472.4928580627
  Quadratic cost function: Jb  (38) = 143397.0246644993
  Quadratic cost function: JoJc(38) = 430075.4681935635

 DRPCG Starting Iteration 39
rdots 214.388      iteration    38
DRPCG end of iteration 39
  Residual norm (39) = 14.64198892966928
  Norm reduction (39) = 0.001813338532353357

  Quadratic cost function: J   (39) = 573469.6911220162
  Quadratic cost function: Jb  (39) = 143410.3452776557
  Quadratic cost function: JoJc(39) = 430059.3458443605

 DRPCG Starting Iteration 40
OOPS_STATS DRPCG iteration 40                       - Runtime:   365.62 sec,  Local Memory:     7.26 GB
rdots 149.293      iteration    39
DRPCG end of iteration 40
  Residual norm (40) = 12.21855107031111
  Norm reduction (40) = 0.001513207636732105

  Quadratic cost function: J   (40) = 573467.5461360579
  Quadratic cost function: Jb  (40) = 143420.8723197712
  Quadratic cost function: JoJc(40) = 430046.6738162868

 DRPCG Starting Iteration 41
rdots 113.848      iteration    40
DRPCG end of iteration 41
  Residual norm (41) = 10.66997613988165
  Norm reduction (41) = 0.001321424224992592

  Quadratic cost function: J   (41) = 573466.0195885126
  Quadratic cost function: Jb  (41) = 143428.5987840053
  Quadratic cost function: JoJc(41) = 430037.4208045073

 DRPCG Starting Iteration 42
rdots 85.2749      iteration    41
DRPCG end of iteration 42
  Residual norm (42) = 9.234440164008456
  Norm reduction (42) = 0.001143640133491497

  Quadratic cost function: J   (42) = 573464.8924300154
  Quadratic cost function: Jb  (42) = 143434.4746900322
  Quadratic cost function: JoJc(42) = 430030.4177399832

 DRPCG Starting Iteration 43
rdots 65.6076      iteration    42
DRPCG end of iteration 43
  Residual norm (43) = 8.099854704760565
  Norm reduction (43) = 0.001003127287771943

  Quadratic cost function: J   (43) = 573464.0732470369
  Quadratic cost function: Jb  (43) = 143438.8680646127
  Quadratic cost function: JoJc(43) = 430025.2051824242

 DRPCG Starting Iteration 44
rdots 47.8268      iteration    43
DRPCG end of iteration 44
  Residual norm (44) = 6.91568978153697
  Norm reduction (44) = 0.0008564742685505237

  Quadratic cost function: J   (44) = 573463.4595553512
  Quadratic cost function: Jb  (44) = 143442.2506001774
  Quadratic cost function: JoJc(44) = 430021.2089551738

DRPCG: Achieved required reduction in residual norm.
OOPS_STATS DRPCG end                                - Runtime:   398.11 sec,  Local Memory:     7.26 GB
DRPCGMinimizer: reduction in residual norm = 0.000856474
DRPCGMinimizer output increment:
  Valid time: 2026-05-24T23:00:00Z
  Resolution: nCellsGlobal = 2341818, nFields = 12
Fld=1  Min=-0.0122368, Max=0.0145362, RMS=0.000114255 : water_vapor_mixing_ratio_wrt_moist_air
Fld=2  Min=-98.8257, Max=143.109, RMS=2.47297 : air_pressure_at_surface
Fld=3  Min=-8.31204, Max=11.435, RMS=0.100477 : air_temperature
Fld=4  Min=-29.0942, Max=20.0354, RMS=0.349035 : northward_wind
Fld=5  Min=-24.986, Max=26.4584, RMS=0.363486 : eastward_wind
Fld=6  Min=-0.00757935, Max=0.00695653, RMS=2.42783e-05 : cloud_liquid_water
Fld=7  Min=-0.00263661, Max=0.001675, RMS=5.26084e-06 : cloud_liquid_ice
Fld=8  Min=-0.00723274, Max=0.00610555, RMS=4.63908e-05 : rain_water
Fld=9  Min=-0.00656188, Max=0.0075502, RMS=7.13222e-05 : snow_water
Fld=10  Min=-0.0100492, Max=0.00980552, RMS=4.13257e-05 : graupel
Fld=11  Min=-87.5463, Max=106.777, RMS=2.57706 : equivalent_reflectivity_factor
Fld=12  Min=0, Max=0, RMS=0 : upward_air_velocity
CostFunction::addIncrement: First guess:
  Valid time: 2026-05-24T23:00:00Z
  Resolution: nCellsGlobal = 2341818, nFields = 35
Fld=1  Min=0, Max=0.0229898, RMS=0.00599734 : water_vapor_mixing_ratio_wrt_moist_air
Fld=2  Min=63797.7, Max=103531, RMS=96565.1 : air_pressure_at_surface
Fld=3  Min=178.423, Max=312.571, RMS=260.881 : air_temperature
Fld=4  Min=-48.0549, Max=47.844, RMS=6.84897 : northward_wind
Fld=5  Min=-24.2579, Max=67.5221, RMS=11.3511 : eastward_wind
Fld=6  Min=272.349, Max=647.61, RMS=356.303 : air_potential_temperature
Fld=7  Min=0.0384635, Max=1.29805, RMS=0.780651 : dry_air_density
Fld=8  Min=-67.7788, Max=67.7799, RMS=9.46276 : u
Fld=9  Min=0, Max=0.0235308, RMS=0.0060708 : water_vapor_mixing_ratio_wrt_dry_air
Fld=10  Min=2441.67, Max=103420, RMS=64363.1 : air_pressure
Fld=11  Min=0, Max=1, RMS=0.790008 : landmask
Fld=12  Min=0, Max=1, RMS=0.0621682 : seaice_fraction
Fld=13  Min=0, Max=1, RMS=0.0616643 : snowc
Fld=14  Min=265.684, Max=319.252, RMS=296.38 : skin_temperature_at_surface
Fld=15  Min=1, Max=19, RMS=12.7664 : ivgtyp
Fld=16  Min=1, Max=16, RMS=9.97061 : isltyp
Fld=17  Min=0, Max=7.5, RMS=0.165232 : snowh
Fld=18  Min=0, Max=0.912084, RMS=0.394497 : vegetation_area_fraction
Fld=19  Min=269.37, Max=313.431, RMS=294.904 : air_temperature_at_2m
Fld=20  Min=0.000547345, Max=0.0225119, RMS=0.01122 : water_vapor_mixing_ratio_wrt_moist_air_at_2m
Fld=21  Min=-19.2209, Max=17.0537, RMS=3.91538 : eastward_wind_at_10m
Fld=22  Min=-20.7427, Max=20.6056, RMS=3.85078 : northward_wind_at_10m
Fld=23  Min=0, Max=6.53724, RMS=1.54659 : lai
Fld=24  Min=0.00200001, Max=1, RMS=0.634476 : smois
Fld=25  Min=262.602, Max=319.252, RMS=292.143 : tslb
Fld=26  Min=-907.513, Max=5976.65, RMS=3177.4 : pressure_p
Fld=27  Min=0, Max=0.00872627, RMS=6.52185e-05 : cloud_liquid_water
Fld=28  Min=0, Max=0.00341839, RMS=8.30616e-06 : cloud_liquid_ice
Fld=29  Min=0, Max=0.0163801, RMS=5.20409e-05 : graupel
Fld=30  Min=0, Max=0.0116895, RMS=7.24257e-05 : rain_water
Fld=31  Min=0, Max=0.00636223, RMS=9.80173e-05 : snow_water
Fld=32  Min=0, Max=1, RMS=0.23911 : cldfrac
Fld=33  Min=0, Max=73.0033, RMS=4.81041 : equivalent_reflectivity_factor
Fld=34  Min=-12.4735, Max=41.0834, RMS=0.255763 : w
Fld=35  Min=0, Max=0, RMS=0 : upward_air_velocity
CostFunction::addIncrement: Increment:
  Valid time: 2026-05-24T23:00:00Z
  Resolution: nCellsGlobal = 2341818, nFields = 12
Fld=1  Min=-0.0122368, Max=0.0145362, RMS=0.000114255 : water_vapor_mixing_ratio_wrt_moist_air
Fld=2  Min=-98.8257, Max=143.109, RMS=2.47297 : air_pressure_at_surface
Fld=3  Min=-8.31204, Max=11.435, RMS=0.100477 : air_temperature
Fld=4  Min=-29.0942, Max=20.0354, RMS=0.349035 : northward_wind
Fld=5  Min=-24.986, Max=26.4584, RMS=0.363486 : eastward_wind
Fld=6  Min=-0.00757935, Max=0.00695653, RMS=2.42783e-05 : cloud_liquid_water
Fld=7  Min=-0.00263661, Max=0.001675, RMS=5.26084e-06 : cloud_liquid_ice
Fld=8  Min=-0.00723274, Max=0.00610555, RMS=4.63908e-05 : rain_water
Fld=9  Min=-0.00656188, Max=0.0075502, RMS=7.13222e-05 : snow_water
Fld=10  Min=-0.0100492, Max=0.00980552, RMS=4.13257e-05 : graupel
Fld=11  Min=-87.5463, Max=106.777, RMS=2.57706 : equivalent_reflectivity_factor
Fld=12  Min=0, Max=0, RMS=0 : upward_air_velocity
CostFunction::addIncrement: Analysis: 
  Valid time: 2026-05-24T23:00:00Z
  Resolution: nCellsGlobal = 2341818, nFields = 35
Fld=1  Min=0, Max=0.023134, RMS=0.00599673 : water_vapor_mixing_ratio_wrt_moist_air
Fld=2  Min=63797.7, Max=103531, RMS=96565.1 : air_pressure_at_surface
Fld=3  Min=174.597, Max=312.571, RMS=260.882 : air_temperature
Fld=4  Min=-48.8159, Max=47.844, RMS=6.85301 : northward_wind
Fld=5  Min=-26.6692, Max=67.5221, RMS=11.3528 : eastward_wind
Fld=6  Min=272.349, Max=647.637, RMS=356.303 : air_potential_temperature
Fld=7  Min=0.0380558, Max=1.29805, RMS=0.780651 : dry_air_density
Fld=8  Min=-67.7788, Max=67.7799, RMS=9.46476 : u
Fld=9  Min=0, Max=0.0236818, RMS=0.0060702 : water_vapor_mixing_ratio_wrt_dry_air
Fld=10  Min=2419.55, Max=103420, RMS=64363.1 : air_pressure
Fld=11  Min=0, Max=1, RMS=0.790008 : landmask
Fld=12  Min=0, Max=1, RMS=0.0621682 : seaice_fraction
Fld=13  Min=0, Max=1, RMS=0.0616643 : snowc
Fld=14  Min=265.684, Max=319.252, RMS=296.38 : skin_temperature_at_surface
Fld=15  Min=1, Max=19, RMS=12.7664 : ivgtyp
Fld=16  Min=1, Max=16, RMS=9.97061 : isltyp
Fld=17  Min=0, Max=7.5, RMS=0.165232 : snowh
Fld=18  Min=0, Max=0.912084, RMS=0.394497 : vegetation_area_fraction
Fld=19  Min=269.37, Max=313.431, RMS=294.908 : air_temperature_at_2m
Fld=20  Min=0.000547345, Max=0.0225119, RMS=0.0112196 : water_vapor_mixing_ratio_wrt_moist_air_at_2m
Fld=21  Min=-19.2209, Max=17.0537, RMS=3.91538 : eastward_wind_at_10m
Fld=22  Min=-20.7427, Max=20.6056, RMS=3.85078 : northward_wind_at_10m
Fld=23  Min=0, Max=6.53724, RMS=1.54659 : lai
Fld=24  Min=0.00200001, Max=1, RMS=0.634476 : smois
Fld=25  Min=262.602, Max=319.252, RMS=292.143 : tslb
Fld=26  Min=-953.962, Max=5969.15, RMS=3177.4 : pressure_p
Fld=27  Min=0, Max=0.00872364, RMS=6.49339e-05 : cloud_liquid_water
Fld=28  Min=0, Max=0.00358941, RMS=8.78608e-06 : cloud_liquid_ice
Fld=29  Min=0, Max=0.0135833, RMS=5.02502e-05 : graupel
Fld=30  Min=0, Max=0.0107866, RMS=6.56814e-05 : rain_water
Fld=31  Min=0, Max=0.00760091, RMS=0.000107043 : snow_water
Fld=32  Min=0, Max=1, RMS=0.23911 : cldfrac
Fld=33  Min=0, Max=106.777, RMS=4.40143 : equivalent_reflectivity_factor
Fld=34  Min=-12.4735, Max=41.0834, RMS=0.255763 : w
Fld=35  Min=0, Max=0, RMS=0 : upward_air_velocity
OOPS_STATS IncrementalAssimilation end              - Runtime:   398.69 sec,  Local Memory:     7.26 GB
Variational: incremental assimilation done 1 iterations.
QC refl10cm equivalentReflectivityFactor: 135234 H(x) failed.
QC refl10cm equivalentReflectivityFactor: 6 rejected by first-guess check.
QC refl10cm equivalentReflectivityFactor: 3783486 passed out of 3918726 observations.
ObsErrorDiagonal covariance updated 3783486
Observer::finalize QC = 
refl10cm equivalentReflectivityFactor nlocs = 3918726, nobs = 3918726, min = 0, max = 19, avg = 0
Jo Observations:
Jo Obs :refl10cm:equivalentReflectivityFactor   : Nobs=  3783486, Min= 0.000000e+00, Max= 6.258283e+01, RMS= 5.119430e+00
Jo Observations Equivalent:
Jo H(x):refl10cm:equivalentReflectivityFactor   : Nobs=  3783486, Min= 0.000000e+00, Max= 6.405823e+01, RMS= 4.646945e+00
Jo Bias Corrected Departures:
Jo Dep :refl10cm:equivalentReflectivityFactor   : Nobs=  3783486, Min=-5.733338e+01, Max= 5.659418e+01, RMS= 2.395392e+00
Jo Observations Errors:
UFO Diagonal observation error covariance, inverse variances: refl10cm nobs= 3783486 Min=0.04, Max=0.04, RMS=0.04



CostJo   : Nonlinear Jo(refl10cm) = 434186, nobs = 3783486, Jo/n = 0.114758, err = 5
CostJo   : Nonlinear Jo = 434186
Increment:diff x1 2
Increment:diff x2 1
CostJb: FG-BG
  Valid time: 2026-05-24T23:00:00Z
  Resolution: nCellsGlobal = 2341818, nFields = 12
Fld=1  Min=-0.0109731, Max=0.0145362, RMS=0.00011375 : water_vapor_mixing_ratio_wrt_moist_air
Fld=2  Min=-98.8257, Max=143.109, RMS=2.47297 : air_pressure_at_surface
Fld=3  Min=-8.31204, Max=11.435, RMS=0.100477 : air_temperature
Fld=4  Min=-29.0942, Max=20.0354, RMS=0.349035 : northward_wind
Fld=5  Min=-24.986, Max=26.4584, RMS=0.363486 : eastward_wind
Fld=6  Min=-0.00300122, Max=0.00695653, RMS=1.92943e-05 : cloud_liquid_water
Fld=7  Min=-0.00118098, Max=0.001675, RMS=4.81684e-06 : cloud_liquid_ice
Fld=8  Min=-0.00609643, Max=0.00610555, RMS=3.50122e-05 : rain_water
Fld=9  Min=-0.00453918, Max=0.0075502, RMS=6.60232e-05 : snow_water
Fld=10  Min=-0.00918633, Max=0.00980552, RMS=3.38302e-05 : graupel
Fld=11  Min=-63.5035, Max=106.777, RMS=2.49132 : equivalent_reflectivity_factor
Fld=12  Min=0, Max=0, RMS=0 : upward_air_velocity
CostFunction: Nonlinear J = 434186
OOPS_STATS Variational end                          - Runtime:   403.69 sec,  Local Memory:     7.26 GB
==> destruct MPAS corelist and domain:  0
Tried to erase key "mesh[address=0x4898ff0],halo[size=0]" from cache "NodeColumnsHaloExchangeCache" but it was not found.
Erased key "mesh[address=0x4898ff0],halo[size=1]" from cache "NodeColumnsHaloExchangeCache".
==> destruct MPAS corelist and domain:  1
refl10cm: save database to jdiag_mrms_refl.nc (io pool size: 4)
QC refl10cm equivalentReflectivityFactor: 135234 H(x) failed.
QC refl10cm equivalentReflectivityFactor: 6 rejected by first-guess check.
QC refl10cm equivalentReflectivityFactor: 3783486 passed out of 3918726 observations.
Erased key "mesh[address=0x7e16a50]" from cache "NodeColumnsGatherScatterCache".
Tried to erase key "mesh[address=0x7e16a50],halo[size=0]" from cache "NodeColumnsHaloExchangeCache" but it was not found.
Erased key "mesh[address=0x7e16a50],halo[size=1]" from cache "NodeColumnsHaloExchangeCache".

Run: Finishing oops::Variational<MPAS, UFO and IODA observations>
OOPS_STATS  
OOPS_STATS ----------------------------------------------------------------------------------
OOPS_STATS --------------------------- Object counts ----------------------------------------
OOPS_STATS ----------------------------------------------------------------------------------
OOPS_STATS                                      Total  Simult. Remain    Avg (Mb)    HWM (Mb)
OOPS_STATS ioda::ObsDataVector             :        8       5        
OOPS_STATS ioda::ObsVector                 :      108       8        
OOPS_STATS mpas::Geometry                  :        2       2        
OOPS_STATS mpas::Increment                 :     3194     135        
OOPS_STATS mpas::LinVarChaModel2GeoVars    :        1       1        
OOPS_STATS mpas::ModelBias                 :        4       3        
OOPS_STATS mpas::ModelBiasCovariance       :        1       1        
OOPS_STATS mpas::State                     :       75      34        
OOPS_STATS mpas::VarChaModel2GeoVars       :        3       1        
OOPS_STATS oops::ControlIncrement          :      194     102               15.22     1552.48
OOPS_STATS oops::ControlVariable           :        4       3        
OOPS_STATS oops::Diffusion                 :        1       1        
OOPS_STATS oops::EnsembleCovariance        :        1       1             3546.59     3546.59
OOPS_STATS oops::GeoVaLs                   :       92       1        
OOPS_STATS oops::Geometry                  :        2       2        
OOPS_STATS oops::GetValues                 :        3       2        
OOPS_STATS oops::Increment                 :     3104     135               15.02     2054.76
OOPS_STATS oops::LinearObsOperator         :        1       1        
OOPS_STATS oops::LocalInterpolator         :     2400    1600        
OOPS_STATS oops::Localization              :        1       1        
OOPS_STATS oops::ModelAuxControl           :        4       3        
OOPS_STATS oops::ModelAuxCovariance        :        1       1        
OOPS_STATS oops::ModelAuxIncrement         :      194     102        
OOPS_STATS oops::ObsAuxControl             :        4       3        
OOPS_STATS oops::ObsAuxCovariance          :        1       1        
OOPS_STATS oops::ObsAuxIncrement           :      194     102        
OOPS_STATS oops::ObsAuxIncrements          :      194     102        
OOPS_STATS oops::ObsAuxPreconditioner      :        2       2        
OOPS_STATS oops::ObsDataVector             :        4       4        
OOPS_STATS oops::ObsDiagnostics            :        2       1        
OOPS_STATS oops::ObsError                  :        1       1        
OOPS_STATS oops::ObsOperator               :        2       2        
OOPS_STATS oops::ObsSpace                  :        1       1                1.33        1.33
OOPS_STATS oops::ObsSpaces                 :        1       1        
OOPS_STATS oops::ObsVector                 :      108       7                0.04        0.24
OOPS_STATS oops::SampledLocations          :        8       4        
OOPS_STATS oops::State                     :       72      34               21.39      702.08
OOPS_STATS oops::UnstructuredInterpolator  :     2400    1600        
OOPS_STATS oops::VariableChange            :        3       1        
OOPS_STATS ufo::BackgroundCheck            :        1       1        
OOPS_STATS ufo::FinalCheck                 :        2       2        
OOPS_STATS ufo::GeoVaLs                    :       95       2        
OOPS_STATS ufo::ObsBias                    :        4       3        
OOPS_STATS ufo::ObsBiasCovariance          :        1       1        
OOPS_STATS ufo::ObsBiasPreconditioner      :        1       1        
OOPS_STATS ufo::ObsFilter                  :        9       6        
OOPS_STATS ufo::ObsFilterData              :        3       3        
OOPS_STATS ufo::ObsVertInterp              :        2       2        
OOPS_STATS ufo::ObsVertInterpTLAD          :        1       1        
OOPS_STATS ufo::SampledLocations           :        4       3        
OOPS_STATS ----------------------------- Object counts --------------------------------------
OOPS_STATS  
OOPS_STATS --------------------------------------------------------------------------------------------
OOPS_STATS ------------------------------------ Timing Statistics -------------------------------------
OOPS_STATS --------------------------------------------------------------------------------------------
OOPS_STATS Name                                                :   total (ms)   count    time/call (ms)
OOPS_STATS ObsFilter::Background Check::ObsFilter              :         0.14       1            0.1444
OOPS_STATS ObsFilter::Background Check::postFilter             :        23.01       1           23.0136
OOPS_STATS ObsFilter::Background Check::preProcess             :         0.00       1            0.0045
OOPS_STATS ObsFilter::Background Check::priorFilter            :         0.02       1            0.0250
OOPS_STATS ObsFilter::Final Check::ObsFilter                   :         3.35       2            1.6750
OOPS_STATS ObsFilter::Final Check::postFilter                  :         0.05       2            0.0227
OOPS_STATS ObsFilter::Final Check::preProcess                  :         0.20       2            0.0999
OOPS_STATS ObsFilter::Final Check::priorFilter                 :         0.01       2            0.0029
OOPS_STATS ObsFilter::QCmanager::ObsFilter                     :         4.01       2            2.0068
OOPS_STATS ObsFilter::QCmanager::postFilter                    :         0.23       2            0.1160
OOPS_STATS ObsFilter::QCmanager::preProcess                    :         0.00       2            0.0001
OOPS_STATS ObsFilter::QCmanager::priorFilter                   :         0.00       2            0.0001
OOPS_STATS ioda::ObsSpace::get_db(DateTime)                    :         1.85       4            0.4616
OOPS_STATS ioda::ObsSpace::get_db(double)                      :         0.33       5            0.0661
OOPS_STATS ioda::ObsSpace::get_db(float)                       :        21.27      12            1.7721
OOPS_STATS ioda::ObsSpace::load                                :       618.17       1          618.1668
OOPS_STATS ioda::ObsSpace::put_db(double)                      :         0.61       6            0.1020
OOPS_STATS ioda::ObsSpace::put_db(float)                       :         0.08       2            0.0408
OOPS_STATS ioda::ObsSpace::put_db(int)                         :         1.08       2            0.5407
OOPS_STATS mpas::LinVarChaModel2GeoVars::LinVarChaModel2GeoVar :         2.81       1            2.8064
OOPS_STATS mpas::LinVarChaModel2GeoVars::changeVarAD           :       966.27      45           21.4726
OOPS_STATS mpas::LinVarChaModel2GeoVars::changeVarTL           :       159.14      44            3.6169
OOPS_STATS mpas::LinVarChaModel2GeoVars::~LinVarChaModel2GeoVa :         0.03       1            0.0334
OOPS_STATS mpas::VarChaModel2GeoVars::VarChaModel2GeoVars      :         0.10       3            0.0329
OOPS_STATS mpas::VarChaModel2GeoVars::changeVar                :        12.36       3            4.1195
OOPS_STATS mpas::VarChaModel2GeoVars::~VarChaModel2GeoVars     :         0.01       3            0.0020
OOPS_STATS oops::Covariance::EnsembleCovariance                :     69754.72       1        69754.7182
OOPS_STATS oops::Covariance::ensemble::Constructor             :         0.01       1            0.0060
OOPS_STATS oops::Covariance::ensemble::multiply                :    247431.99      45         5498.4886
OOPS_STATS oops::Diffusion::Diffusion                          :         0.00       1            0.0001
OOPS_STATS oops::Diffusion::calculateDerivedGeom               :         1.97       1            1.9706
OOPS_STATS oops::Diffusion::multiplySqrtAD                     :     61857.30    1350           45.8202
OOPS_STATS oops::Diffusion::multiplySqrtTL                     :     52433.51    1350           38.8396
OOPS_STATS oops::Diffusion::setParameters                      :         5.75       1            5.7518
OOPS_STATS oops::GeoVaLs::GeoVaLs                              :        25.35      92            0.2756
OOPS_STATS oops::GeoVaLs::fill                                 :        32.42   30800            0.0011
OOPS_STATS oops::GeoVaLs::fillAD                               :        24.75   27720            0.0009
OOPS_STATS oops::GeoVaLs::~GeoVaLs                             :         0.50      92            0.0054
OOPS_STATS oops::Geometry::Geometry                            :     46441.71       2        23220.8553
OOPS_STATS oops::Geometry::variableSizes                       :         4.71      11            0.4285
OOPS_STATS oops::Geometry::~Geometry                           :       408.00       2          204.0004
OOPS_STATS oops::GeometryData::containingTriangleAndBarycentri :        44.60   20544            0.0022
OOPS_STATS oops::GeometryData::setGlobalTree                   :      1817.09       2          908.5434
OOPS_STATS oops::GeometryData::setLocalTree                    :         3.20       2            1.5995
OOPS_STATS oops::GeometryData::setMeshAndTriangulation         :         0.30       2            0.1505
OOPS_STATS oops::GetValues::GetValues                          :       321.88       3          107.2930
OOPS_STATS oops::GetValues::fillGeoVaLs                        :        50.29       3           16.7632
OOPS_STATS oops::GetValues::fillGeoVaLsAD                      :       125.00      45            2.7777
OOPS_STATS oops::GetValues::fillGeoVaLsTL                      :       824.27      44           18.7335
OOPS_STATS oops::GetValues::finalize                           :        19.28       3            6.4256
OOPS_STATS oops::GetValues::finalizeAD                         :       665.49      45           14.7887
OOPS_STATS oops::GetValues::finalizeTL                         :       115.94      44            2.6351
OOPS_STATS oops::GetValues::initialize                         :         1.74       3            0.5797
OOPS_STATS oops::GetValues::initializeAD                       :         5.46      45            0.1214
OOPS_STATS oops::GetValues::initializeTL                       :        20.09      44            0.4565
OOPS_STATS oops::GetValues::process                            :        16.64       3            5.5476
OOPS_STATS oops::GetValues::processAD                          :       133.85      45            2.9744
OOPS_STATS oops::GetValues::processTL                          :       147.10      44            3.3432
OOPS_STATS oops::Increment::Increment                          :     28972.62    3104            9.3340
OOPS_STATS oops::Increment::axpy                               :      6522.00    1078            6.0501
OOPS_STATS oops::Increment::diff                               :       378.64      33           11.4739
OOPS_STATS oops::Increment::dot_product_with                   :     10148.26    1170            8.6737
OOPS_STATS oops::Increment::fromFieldSet                       :     11620.94    1395            8.3304
OOPS_STATS oops::Increment::operator*=                         :       274.90     133            2.0669
OOPS_STATS oops::Increment::operator+=                         :     11258.98    1557            7.2312
OOPS_STATS oops::Increment::operator+=(State, Increment)       :       197.88       1          197.8830
OOPS_STATS oops::Increment::operator-=                         :       154.27      30            5.1423
OOPS_STATS oops::Increment::operator=                          :      6491.62    1720            3.7742
OOPS_STATS oops::Increment::print                              :     30637.65    1357           22.5775
OOPS_STATS oops::Increment::schur_product_with                 :     13117.89    2700            4.8585
OOPS_STATS oops::Increment::serialSize                         :         5.66     194            0.0292
OOPS_STATS oops::Increment::toFieldSet                         :     10786.85    1439            7.4961
OOPS_STATS oops::Increment::zero                               :       144.52     136            1.0627
OOPS_STATS oops::Increment::~Increment                         :       145.05    3104            0.0467
OOPS_STATS oops::LinearObsOper::refl10cm::LinearObsOperator    :         0.55       1            0.5459
OOPS_STATS oops::LinearObsOper::refl10cm::requiredVars         :         0.10      91            0.0011
OOPS_STATS oops::LinearObsOper::refl10cm::setTrajectory        :        85.96       1           85.9562
OOPS_STATS oops::LinearObsOper::refl10cm::simulateObsAD        :        14.76      45            0.3280
OOPS_STATS oops::LinearObsOper::refl10cm::simulateObsTL        :        11.41      44            0.2593
OOPS_STATS oops::LinearObsOper::refl10cm::~LinearObsOperator   :        34.51       1           34.5140
OOPS_STATS oops::LinearVariableChange::LinearVariableChange    :         0.05       1            0.0518
OOPS_STATS oops::LinearVariableChange::changeVarAD             :      1614.83      45           35.8851
OOPS_STATS oops::LinearVariableChange::changeVarTL             :       853.79      44           19.4044
OOPS_STATS oops::LinearVariableChange::changeVarTraj           :         2.82       1            2.8220
OOPS_STATS oops::LinearVariableChange::~LinearVariableChange   :         0.40       1            0.4015
OOPS_STATS oops::LocalInterpolator::LocalInterpolator          :        52.40    2400            0.0218
OOPS_STATS oops::LocalInterpolator::apply                      :        15.34    2400            0.0064
OOPS_STATS oops::LocalInterpolator::applyAD                    :       115.61   36000            0.0032
OOPS_STATS oops::LocalInterpolator::applyTL                    :       128.85   35200            0.0037
OOPS_STATS oops::LocalInterpolator::preprocess                 :      1218.45      47           25.9244
OOPS_STATS oops::LocalInterpolator::preprocessAD               :        62.80      45            1.3956
OOPS_STATS oops::LocalInterpolator::~LocalInterpolator         :        14.63    2400            0.0061
OOPS_STATS oops::Localization::Localization                    :      7575.94       1         7575.9374
OOPS_STATS oops::Localization::multiply                        :    203435.37    1350          150.6929
OOPS_STATS oops::Localization::~Localization                   :         0.37       1            0.3747
OOPS_STATS oops::ModelAuxControl::ModelAuxControl              :         0.01       4            0.0025
OOPS_STATS oops::ModelAuxControl::print                        :         0.00       3            0.0009
OOPS_STATS oops::ModelAuxControl::~ModelAuxControl             :         0.00       4            0.0012
OOPS_STATS oops::ModelAuxCovariance::ModelAuxCovariance        :         0.00       1            0.0019
OOPS_STATS oops::ModelAuxCovariance::linearize                 :         0.00       1            0.0001
OOPS_STATS oops::ModelAuxCovariance::multiply                  :         0.01      45            0.0002
OOPS_STATS oops::ModelAuxCovariance::~ModelAuxCovariance       :         0.00       1            0.0008
OOPS_STATS oops::ModelAuxIncrement::ModelAuxIncrement          :         0.19     194            0.0010
OOPS_STATS oops::ModelAuxIncrement::axpy                       :         0.41    1078            0.0004
OOPS_STATS oops::ModelAuxIncrement::diff                       :         0.00       3            0.0002
OOPS_STATS oops::ModelAuxIncrement::dot_product_with           :         0.26    1170            0.0002
OOPS_STATS oops::ModelAuxIncrement::operator*=                 :         0.05      87            0.0005
OOPS_STATS oops::ModelAuxIncrement::operator+=                 :         0.06     132            0.0005
OOPS_STATS oops::ModelAuxIncrement::operator+=ModelAuxControl  :         0.00       1            0.0004
OOPS_STATS oops::ModelAuxIncrement::operator=                  :         0.01      48            0.0003
OOPS_STATS oops::ModelAuxIncrement::print                      :         0.00       7            0.0005
OOPS_STATS oops::ModelAuxIncrement::serialSize                 :         0.01     194            0.0001
OOPS_STATS oops::ModelAuxIncrement::zero                       :         0.01      45            0.0003
OOPS_STATS oops::ModelAuxIncrement::~ModelAuxIncrement         :         0.04     194            0.0002
OOPS_STATS oops::ObsAuxControl::ObsAuxControl                  :         0.28       4            0.0691
OOPS_STATS oops::ObsAuxControl::print                          :         0.25       3            0.0846
OOPS_STATS oops::ObsAuxControl::requiredHdiagnostics           :         0.00       2            0.0001
OOPS_STATS oops::ObsAuxControl::requiredVars                   :         0.00       6            0.0002
OOPS_STATS oops::ObsAuxControl::write                          :         0.03       1            0.0344
OOPS_STATS oops::ObsAuxControl::~ObsAuxControl                 :         1.59       4            0.3966
OOPS_STATS oops::ObsAuxCovariance::ObsAuxCovariance            :         0.05       1            0.0550
OOPS_STATS oops::ObsAuxCovariance::inverseMultiply             :         0.07      45            0.0016
OOPS_STATS oops::ObsAuxCovariance::linearize                   :         3.75       1            3.7534
OOPS_STATS oops::ObsAuxCovariance::multiply                    :         0.27      45            0.0060
OOPS_STATS oops::ObsAuxCovariance::preconditioner              :         0.60       1            0.5984
OOPS_STATS oops::ObsAuxCovariance::write                       :         0.03       1            0.0268
OOPS_STATS oops::ObsAuxCovariance::~ObsAuxCovariance           :         0.28       1            0.2813
OOPS_STATS oops::ObsAuxIncrement::ObsAuxIncrement              :         4.32     194            0.0223
OOPS_STATS oops::ObsAuxIncrement::axpy                         :         1.32    1078            0.0012
OOPS_STATS oops::ObsAuxIncrement::diff                         :         0.17       3            0.0560
OOPS_STATS oops::ObsAuxIncrement::dot_product_with             :         0.80    1170            0.0007
OOPS_STATS oops::ObsAuxIncrement::operator*=                   :         0.17      87            0.0020
OOPS_STATS oops::ObsAuxIncrement::operator+=                   :         0.38     132            0.0029
OOPS_STATS oops::ObsAuxIncrement::operator=                    :         0.03      48            0.0007
OOPS_STATS oops::ObsAuxIncrement::print                        :         0.00       7            0.0007
OOPS_STATS oops::ObsAuxIncrement::serialSize                   :         0.01     388            0.0000
OOPS_STATS oops::ObsAuxIncrement::zero                         :         0.06      45            0.0014
OOPS_STATS oops::ObsAuxIncrement::~ObsAuxIncrement             :         1.78     194            0.0092
OOPS_STATS oops::ObsAuxPreconditioner::multiply                :         0.12      45            0.0026
OOPS_STATS oops::ObsAuxPreconditioner::~ObsAuxPreconditioner   :         0.30       2            0.1478
OOPS_STATS oops::ObsDataVector::ObsDataVector                  :         0.12       4            0.0305
OOPS_STATS oops::ObsDataVector::mask                           :         0.01       2            0.0037
OOPS_STATS oops::ObsDataVector::operator=                      :         0.02       2            0.0095
OOPS_STATS oops::ObsDataVector::print                          :         9.67       2            4.8366
OOPS_STATS oops::ObsDataVector::save                           :         1.18       4            0.2953
OOPS_STATS oops::ObsDataVector::~ObsDataVector                 :         0.02       4            0.0049
OOPS_STATS oops::ObsDiagnostics::ObsDiagnostics                :         0.08       2            0.0376
OOPS_STATS oops::ObsDiagnostics::~ObsDiagnostics               :         0.02       2            0.0115
OOPS_STATS oops::ObsError::getRMSE                             :         5.97       4            1.4923
OOPS_STATS oops::ObsError::inverseMultiply                     :         0.96      46            0.0208
OOPS_STATS oops::ObsError::obserrors                           :         0.05       6            0.0076
OOPS_STATS oops::ObsError::update                              :        14.49       2            7.2431
OOPS_STATS oops::ObsError::~ObsError                           :         1.61       1            1.6094
OOPS_STATS oops::ObsOperator::refl10cm::ObsOperator            :        14.69       2            7.3426
OOPS_STATS oops::ObsOperator::refl10cm::computeReducedVars     :         0.79       3            0.2619
OOPS_STATS oops::ObsOperator::refl10cm::locations              :         2.75       3            0.9183
OOPS_STATS oops::ObsOperator::refl10cm::requiredVars           :         0.01       3            0.0017
OOPS_STATS oops::ObsOperator::refl10cm::simulateObs            :         3.92       2            1.9607
OOPS_STATS oops::ObsOperator::refl10cm::~ObsOperator           :         3.37       2            1.6839
OOPS_STATS oops::ObsSpace::ObsSpace                            :       621.33       1          621.3257
OOPS_STATS oops::ObsSpace::obsvariables                        :         0.00       3            0.0000
OOPS_STATS oops::ObsSpace::save                                :      2751.70       1         2751.7031
OOPS_STATS oops::ObsSpace::~ObsSpace                           :         2.27       1            2.2715
OOPS_STATS oops::ObsVector::ObsVector                          :         6.28     106            0.0592
OOPS_STATS oops::ObsVector::dot_product                        :         1.61       4            0.4020
OOPS_STATS oops::ObsVector::info                               :         2.50       6            0.4167
OOPS_STATS oops::ObsVector::operator*=                         :         0.01       2            0.0045
OOPS_STATS oops::ObsVector::operator-=                         :         0.02       2            0.0098
OOPS_STATS oops::ObsVector::operator=                          :         0.40       4            0.0997
OOPS_STATS oops::ObsVector::rms                                :         2.78       4            0.6953
OOPS_STATS oops::ObsVector::save                               :         0.64       6            0.1067
OOPS_STATS oops::ObsVector::zero                               :         0.05      46            0.0012
OOPS_STATS oops::ObsVector::~ObsVector                         :         0.24     106            0.0022
OOPS_STATS oops::Parameters::deserialize                       :        10.66      97            0.1099
OOPS_STATS oops::Parameters::serialize                         :         2.03      80            0.0254
OOPS_STATS oops::Run::execute                                  :    406070.53       1       406070.5274
OOPS_STATS oops::SampledLocations::SampledLocations            :         0.00       4            0.0003
OOPS_STATS oops::SampledLocations::latitudes                   :         0.00       3            0.0001
OOPS_STATS oops::SampledLocations::longitudes                  :         0.00       3            0.0000
OOPS_STATS oops::SampledLocations::times                       :         0.00       3            0.0000
OOPS_STATS oops::SampledLocations::~SampledLocations           :         1.51       8            0.1891
OOPS_STATS oops::State::State                                  :     63796.22      72          886.0585
OOPS_STATS oops::State::print                                  :       184.77       3           61.5885
OOPS_STATS oops::State::toFieldSet                             :        25.76       5            5.1528
OOPS_STATS oops::State::variables                              :         0.00      58            0.0000
OOPS_STATS oops::State::write                                  :      4595.34       1         4595.3358
OOPS_STATS oops::State::zero                                   :        70.41      30            2.3469
OOPS_STATS oops::State::~State                                 :         6.78      72            0.0942
OOPS_STATS oops::UnstructuredInterpolator::UnstructuredInterpo :        50.72    2400            0.0211
OOPS_STATS oops::UnstructuredInterpolator::apply               :       134.40   37600            0.0036
OOPS_STATS oops::UnstructuredInterpolator::applyAD             :        81.49   36000            0.0023
OOPS_STATS oops::VariableChange::VariableChange                :         0.32       3            0.1066
OOPS_STATS oops::VariableChange::changeVar                     :        17.42       3            5.8052
OOPS_STATS oops::VariableChange::~VariableChange               :         0.02       3            0.0070
OOPS_STATS oops::util::FieldSetHelpers::readFieldSet           :      7514.46       2         3757.2287
OOPS_STATS saber::Localization::Localization                   :      7575.92       1         7575.9236
OOPS_STATS saber::Localization::multiply                       :    192428.69    1350          142.5398
OOPS_STATS saber::Localization::~Localization                  :         0.00       1            0.0001
OOPS_STATS ufo::ObsFilter::ObsFilter                           :         7.51       5            1.5028
OOPS_STATS ufo::ObsFilter::checkFilterData                     :         0.01      15            0.0005
OOPS_STATS ufo::ObsFilter::postFilter                          :        23.30       5            4.6594
OOPS_STATS ufo::ObsFilter::preProcess                          :         0.21       5            0.0420
OOPS_STATS ufo::ObsFilter::priorFilter                         :         0.04       5            0.0076
OOPS_STATS ufo::ObsFilter::~ObsFilter                          :       119.89       9           13.3209
OOPS_STATS util::Timers::measured                              :    405520.52       1       405520.5206
OOPS_STATS ------------------------------------ Timing Statistics -------------------------------------

OOPS_STATS ------------------------------------------------------------------------------------------------------------------
OOPS_STATS ---------------------------------- Parallel Timing Statistics ( 800 MPI tasks) -----------------------------------
OOPS_STATS ------------------------------------------------------------------------------------------------------------------
OOPS_STATS Name                                                :     min (ms)    max (ms)    avg (ms)     % total   imbal (%)
OOPS_STATS oops::Covariance::EnsembleCovariance                :     69754.23    69755.24    69754.62       17.18        0.00
OOPS_STATS oops::Covariance::ensemble::multiply                :    246907.17   247571.40   247303.53       60.90        0.27
OOPS_STATS oops::Diffusion::multiplySqrtAD                     :     60413.24    63142.88    61918.93       15.25        4.41
OOPS_STATS oops::Diffusion::multiplySqrtTL                     :     48924.89    54522.06    51977.15       12.80       10.77
OOPS_STATS oops::Geometry::Geometry                            :     45319.48    46671.75    46565.63       11.47        2.90
OOPS_STATS oops::Geometry::~Geometry                           :       381.36      577.07      491.26        0.12       39.84
OOPS_STATS oops::GeometryData::setGlobalTree                   :      1817.09     1965.77     1892.15        0.47        7.86
OOPS_STATS oops::GetValues::fillGeoVaLsTL                      :       332.99      925.88      717.51        0.18       82.63
OOPS_STATS oops::GetValues::finalizeAD                         :       586.55     1122.79      693.46        0.17       77.33
OOPS_STATS oops::Increment::Increment                          :     24589.36    34483.69    27402.49        6.75       36.11
OOPS_STATS oops::Increment::axpy                               :      5470.68     7133.13     6467.71        1.59       25.70
OOPS_STATS oops::Increment::dot_product_with                   :      9544.63    11429.52    10320.61        2.54       18.26
OOPS_STATS oops::Increment::fromFieldSet                       :     10149.69    14339.75    11354.23        2.80       36.90
OOPS_STATS oops::Increment::operator+=                         :      9436.84    12952.91    11002.36        2.71       31.96
OOPS_STATS oops::Increment::operator=                          :      4356.43     8650.22     6106.27        1.50       70.32
OOPS_STATS oops::Increment::print                              :     18414.34    40224.71    32942.64        8.11       66.21
OOPS_STATS oops::Increment::schur_product_with                 :      8505.24    16369.02    12705.30        3.13       61.89
OOPS_STATS oops::Increment::toFieldSet                         :      9791.48    16580.23    11737.45        2.89       57.84
OOPS_STATS oops::LinearVariableChange::changeVarAD             :      1129.31     2397.74     1692.19        0.42       74.96
OOPS_STATS oops::LinearVariableChange::changeVarTL             :       356.96     1212.41      949.14        0.23       90.13
OOPS_STATS oops::LocalInterpolator::preprocess                 :        71.87     1255.79     1207.56        0.30       98.04
OOPS_STATS oops::Localization::Localization                    :      7552.09     7778.83     7617.85        1.88        2.98
OOPS_STATS oops::Localization::multiply                        :    195347.47   216251.18   206218.71       50.78       10.14
OOPS_STATS oops::ObsSpace::ObsSpace                            :       558.56      628.50      597.37        0.15       11.71
OOPS_STATS oops::ObsSpace::save                                :      2592.71     2764.81     2671.04        0.66        6.44
OOPS_STATS oops::State::State                                  :     63699.10    63957.64    63810.89       15.71        0.41
OOPS_STATS oops::State::write                                  :      3459.55     4622.67     4596.17        1.13       25.31
OOPS_STATS oops::util::FieldSetHelpers::readFieldSet           :      7357.42     7527.31     7410.98        1.83        2.29
OOPS_STATS saber::Localization::Localization                   :      7552.07     7778.82     7617.84        1.88        2.98
OOPS_STATS saber::Localization::multiply                       :    181986.50   200770.20   194836.39       47.98        9.64
OOPS_STATS util::Timers::measured                              :    405517.54   405796.25   405687.60       99.91        0.07
OOPS_STATS oops::Run::execute                                  :    405942.99   406159.81   406073.20      100.00        0.05
OOPS_STATS ---------------------------------- Parallel Timing Statistics ( 800 MPI tasks) -----------------------------------

OOPS_STATS Run end                                  - Runtime:    407.10 sec,  Memory: total:  4232.74 GB, per task: min =     4.98 GB, max =     7.26 GB
Run: Finishing oops::Variational<MPAS, UFO and IODA observations> with status = 0
OOPS Ending   2026-05-25 03:09:44 (UTC+0000)
